[0.007s][info][gc] Using Concurrent Mark Sweep
[0.007s][info][gc,heap,coops] Heap address: 0x0000000700000000, size: 4096 MB, Compressed Oops mode: Zero based, Oop shift amount: 3
[0.047s][info][safepoint    ] Entering safepoint region: EnableBiasedLocking
[0.047s][info][safepoint    ] Leaving safepoint region
[0.047s][info][safepoint    ] Total time for which application threads were stopped: 0.0001161 seconds, Stopping threads took: 0.0000363 seconds
[0.054s][info][safepoint    ] Application time: 0.0057507 seconds
[0.054s][info][safepoint    ] Entering safepoint region: RevokeBias
[0.054s][info][safepoint    ] Leaving safepoint region
[0.054s][info][safepoint    ] Total time for which application threads were stopped: 0.0001030 seconds, Stopping threads took: 0.0000531 seconds
[0.137s][info][safepoint    ] Application time: 0.0821216 seconds
[0.137s][info][safepoint    ] Entering safepoint region: Deoptimize
[0.137s][info][safepoint    ] Leaving safepoint region
[0.137s][info][safepoint    ] Total time for which application threads were stopped: 0.0000673 seconds, Stopping threads took: 0.0000077 seconds
[1.137s][info][safepoint    ] Application time: 1.0000952 seconds
[1.137s][info][safepoint    ] Entering safepoint region: Cleanup
[1.137s][info][safepoint    ] Leaving safepoint region
[1.137s][info][safepoint    ] Total time for which application threads were stopped: 0.0001530 seconds, Stopping threads took: 0.0000112 seconds
[1.341s][info][safepoint    ] Application time: 0.2040482 seconds
[1.341s][info][safepoint    ] Entering safepoint region: Deoptimize
[1.341s][info][safepoint    ] Leaving safepoint region
[1.341s][info][safepoint    ] Total time for which application threads were stopped: 0.0002483 seconds, Stopping threads took: 0.0000155 seconds
[1.380s][info][safepoint    ] Application time: 0.0387775 seconds
[1.380s][info][safepoint    ] Entering safepoint region: Deoptimize
[1.380s][info][safepoint    ] Leaving safepoint region
[1.380s][info][safepoint    ] Total time for which application threads were stopped: 0.0001210 seconds, Stopping threads took: 0.0000076 seconds
[1.424s][info][safepoint    ] Application time: 0.0441149 seconds
[1.424s][info][safepoint    ] Entering safepoint region: Deoptimize
[1.424s][info][safepoint    ] Leaving safepoint region
[1.424s][info][safepoint    ] Total time for which application threads were stopped: 0.0001476 seconds, Stopping threads took: 0.0000106 seconds
[2.316s][info][safepoint    ] Application time: 0.8918348 seconds
[2.316s][info][safepoint    ] Entering safepoint region: Deoptimize
[2.316s][info][safepoint    ] Leaving safepoint region
[2.316s][info][safepoint    ] Total time for which application threads were stopped: 0.0001583 seconds, Stopping threads took: 0.0000069 seconds
[2.464s][info][safepoint    ] Application time: 0.1473827 seconds
[2.464s][info][safepoint    ] Entering safepoint region: Deoptimize
[2.464s][info][safepoint    ] Leaving safepoint region
[2.464s][info][safepoint    ] Total time for which application threads were stopped: 0.0002338 seconds, Stopping threads took: 0.0000079 seconds
[2.723s][info][safepoint    ] Application time: 0.2592352 seconds
[2.723s][info][safepoint    ] Entering safepoint region: ICBufferFull
[2.724s][info][safepoint    ] Leaving safepoint region
[2.724s][info][safepoint    ] Total time for which application threads were stopped: 0.0001312 seconds, Stopping threads took: 0.0000197 seconds
[2.864s][info][safepoint    ] Application time: 0.1402975 seconds
[2.864s][info][safepoint    ] Entering safepoint region: Deoptimize
[2.864s][info][safepoint    ] Leaving safepoint region
[2.864s][info][safepoint    ] Total time for which application threads were stopped: 0.0003300 seconds, Stopping threads took: 0.0000075 seconds
[2.872s][info][safepoint    ] Application time: 0.0073153 seconds
[2.872s][info][safepoint    ] Entering safepoint region: Deoptimize
[2.872s][info][safepoint    ] Leaving safepoint region
[2.872s][info][safepoint    ] Total time for which application threads were stopped: 0.0003328 seconds, Stopping threads took: 0.0000381 seconds
[2.987s][info][safepoint    ] Application time: 0.1155034 seconds
[2.987s][info][safepoint    ] Entering safepoint region: Deoptimize
[2.988s][info][safepoint    ] Leaving safepoint region
[2.988s][info][safepoint    ] Total time for which application threads were stopped: 0.0003714 seconds, Stopping threads took: 0.0000079 seconds
[3.111s][info][safepoint    ] Application time: 0.1234423 seconds
[3.111s][info][safepoint    ] Entering safepoint region: ICBufferFull
[3.111s][info][safepoint    ] Leaving safepoint region
[3.111s][info][safepoint    ] Total time for which application threads were stopped: 0.0001232 seconds, Stopping threads took: 0.0000092 seconds
[3.333s][info][safepoint    ] Application time: 0.2211139 seconds
[3.333s][info][safepoint    ] Entering safepoint region: Deoptimize
[3.333s][info][safepoint    ] Leaving safepoint region
[3.333s][info][safepoint    ] Total time for which application threads were stopped: 0.0003039 seconds, Stopping threads took: 0.0000077 seconds
[3.425s][info][safepoint    ] Application time: 0.0922936 seconds
[3.425s][info][safepoint    ] Entering safepoint region: CollectForMetadataAllocation
[3.425s][info][safepoint    ] Leaving safepoint region
[3.425s][info][safepoint    ] Total time for which application threads were stopped: 0.0001740 seconds, Stopping threads took: 0.0000122 seconds
[3.498s][info][safepoint    ] Application time: 0.0727765 seconds
[3.498s][info][safepoint    ] Entering safepoint region: GenCollectForAllocation
[3.498s][info][gc,start     ] GC(0) Pause Young (Allocation Failure)
[3.499s][info][gc,task      ] GC(0) Using 4 workers of 4 for evacuation
[3.546s][debug][gc,ref       ] GC(0) Skipped phase1 of Reference Processing due to unavailable references
[3.547s][debug][gc,ref       ] GC(0) Skipped phase3 of Reference Processing due to unavailable references
[3.547s][debug][gc,age       ] GC(0) Desired survivor size 15368192 bytes, new threshold 1 (max threshold 6)
[3.547s][info ][gc,heap      ] GC(0) ParNew: 240320K->30014K(270336K)
[3.547s][info ][gc,heap      ] GC(0) CMS: 0K->2458K(600768K)
[3.547s][info ][gc,metaspace ] GC(0) Metaspace: 20581K->20581K(1069056K)
[3.547s][info ][gc           ] GC(0) Pause Young (Allocation Failure) 234M->31M(850M) 48.560ms
[3.547s][info ][gc,cpu       ] GC(0) User=0.12s Sys=0.05s Real=0.05s
[3.547s][info ][safepoint    ] Leaving safepoint region
[3.547s][info ][safepoint    ] Total time for which application threads were stopped: 0.0486845 seconds, Stopping threads took: 0.0000079 seconds
[3.548s][info ][safepoint    ] Application time: 0.0009705 seconds
[3.548s][info ][safepoint    ] Entering safepoint region: CMS_Initial_Mark
[3.548s][info ][gc,start     ] GC(1) Pause Initial Mark
[3.557s][info ][gc           ] GC(1) Pause Initial Mark 36M->36M(850M) 9.407ms
[3.557s][info ][gc,cpu       ] GC(1) User=0.03s Sys=0.00s Real=0.01s
[3.557s][info ][safepoint    ] Leaving safepoint region
[3.557s][info ][safepoint    ] Total time for which application threads were stopped: 0.0095977 seconds, Stopping threads took: 0.0001074 seconds
[3.557s][info ][gc           ] GC(1) Concurrent Mark
[3.558s][info ][safepoint    ] Application time: 0.0005631 seconds
[3.558s][info ][safepoint    ] Entering safepoint region: RevokeBias
[3.558s][info ][safepoint    ] Leaving safepoint region
[3.558s][info ][safepoint    ] Total time for which application threads were stopped: 0.0003385 seconds, Stopping threads took: 0.0000610 seconds
[3.558s][info ][safepoint    ] Application time: 0.0001101 seconds
[3.559s][info ][safepoint    ] Entering safepoint region: RevokeBias
[3.559s][info ][safepoint    ] Leaving safepoint region
[3.559s][info ][safepoint    ] Total time for which application threads were stopped: 0.0001373 seconds, Stopping threads took: 0.0000678 seconds
[3.559s][info ][safepoint    ] Application time: 0.0001213 seconds
[3.559s][info ][safepoint    ] Entering safepoint region: RevokeBias
[3.559s][info ][safepoint    ] Leaving safepoint region
[3.559s][info ][safepoint    ] Total time for which application threads were stopped: 0.0000911 seconds, Stopping threads took: 0.0000294 seconds
[3.584s][info ][gc           ] GC(1) Concurrent Mark 26.534ms
[3.584s][info ][gc,cpu       ] GC(1) User=0.08s Sys=0.01s Real=0.03s
[3.584s][info ][gc           ] GC(1) Concurrent Preclean
[3.584s][debug][gc,ref       ] GC(1) Preclean SoftReferences 0.001ms
[3.584s][debug][gc,ref       ] GC(1) Preclean WeakReferences 0.000ms
[3.584s][debug][gc,ref       ] GC(1) Preclean FinalReferences 0.000ms
[3.584s][debug][gc,ref       ] GC(1) Preclean PhantomReferences 0.000ms
[3.585s][info ][gc           ] GC(1) Concurrent Preclean 1.040ms
[3.585s][info ][gc,cpu       ] GC(1) User=0.00s Sys=0.00s Real=0.00s
[3.585s][info ][gc           ] GC(1) Concurrent Abortable Preclean
[3.607s][info ][safepoint    ] Application time: 0.0484336 seconds
[3.607s][info ][safepoint    ] Entering safepoint region: CollectForMetadataAllocation
[3.607s][info ][safepoint    ] Leaving safepoint region
[3.607s][info ][safepoint    ] Total time for which application threads were stopped: 0.0001031 seconds, Stopping threads took: 0.0000083 seconds
[3.630s][info ][safepoint    ] Application time: 0.0228903 seconds
[3.630s][info ][safepoint    ] Entering safepoint region: CollectForMetadataAllocation
[3.630s][info ][safepoint    ] Leaving safepoint region
[3.630s][info ][safepoint    ] Total time for which application threads were stopped: 0.0000849 seconds, Stopping threads took: 0.0000077 seconds
[3.652s][info ][safepoint    ] Application time: 0.0213133 seconds
[3.652s][info ][safepoint    ] Entering safepoint region: CollectForMetadataAllocation
[3.652s][info ][safepoint    ] Leaving safepoint region
[3.652s][info ][safepoint    ] Total time for which application threads were stopped: 0.0002204 seconds, Stopping threads took: 0.0000312 seconds
[3.671s][info ][safepoint    ] Application time: 0.0194204 seconds
[3.671s][info ][safepoint    ] Entering safepoint region: CollectForMetadataAllocation
[3.672s][info ][safepoint    ] Leaving safepoint region
[3.672s][info ][safepoint    ] Total time for which application threads were stopped: 0.0000983 seconds, Stopping threads took: 0.0000094 seconds
[3.693s][info ][safepoint    ] Application time: 0.0212863 seconds
[3.693s][info ][safepoint    ] Entering safepoint region: RevokeBias
[3.693s][info ][safepoint    ] Leaving safepoint region
[3.693s][info ][safepoint    ] Total time for which application threads were stopped: 0.0001664 seconds, Stopping threads took: 0.0000969 seconds
[3.702s][info ][safepoint    ] Application time: 0.0090373 seconds
[3.702s][info ][safepoint    ] Entering safepoint region: RevokeBias
[3.702s][info ][safepoint    ] Leaving safepoint region
[3.702s][info ][safepoint    ] Total time for which application threads were stopped: 0.0002326 seconds, Stopping threads took: 0.0000187 seconds
[3.703s][info ][safepoint    ] Application time: 0.0002068 seconds
[3.703s][info ][safepoint    ] Entering safepoint region: RevokeBias
[3.703s][info ][safepoint    ] Leaving safepoint region
[3.703s][info ][safepoint    ] Total time for which application threads were stopped: 0.0001579 seconds, Stopping threads took: 0.0000724 seconds
[3.703s][info ][safepoint    ] Application time: 0.0003055 seconds
[3.703s][info ][safepoint    ] Entering safepoint region: RevokeBias
[3.703s][info ][safepoint    ] Leaving safepoint region
[3.703s][info ][safepoint    ] Total time for which application threads were stopped: 0.0001487 seconds, Stopping threads took: 0.0000779 seconds
[3.703s][info ][safepoint    ] Application time: 0.0000885 seconds
[3.703s][info ][safepoint    ] Entering safepoint region: RevokeBias
[3.703s][info ][safepoint    ] Leaving safepoint region
[3.703s][info ][safepoint    ] Total time for which application threads were stopped: 0.0000666 seconds, Stopping threads took: 0.0000164 seconds
[3.704s][info ][safepoint    ] Application time: 0.0002108 seconds
[3.704s][info ][safepoint    ] Entering safepoint region: RevokeBias
[3.704s][info ][safepoint    ] Leaving safepoint region
[3.704s][info ][safepoint    ] Total time for which application threads were stopped: 0.0001343 seconds, Stopping threads took: 0.0000708 seconds
[3.704s][info ][safepoint    ] Application time: 0.0006919 seconds
[3.705s][info ][safepoint    ] Entering safepoint region: RevokeBias
[3.705s][info ][safepoint    ] Leaving safepoint region
[3.705s][info ][safepoint    ] Total time for which application threads were stopped: 0.0003994 seconds, Stopping threads took: 0.0003159 seconds
[3.705s][info ][safepoint    ] Application time: 0.0002767 seconds
[3.705s][info ][safepoint    ] Entering safepoint region: RevokeBias
[3.705s][info ][safepoint    ] Leaving safepoint region
[3.705s][info ][safepoint    ] Total time for which application threads were stopped: 0.0001973 seconds, Stopping threads took: 0.0001269 seconds
[3.706s][info ][safepoint    ] Application time: 0.0003414 seconds
[3.706s][info ][safepoint    ] Entering safepoint region: RevokeBias
[3.706s][info ][safepoint    ] Leaving safepoint region
[3.706s][info ][safepoint    ] Total time for which application threads were stopped: 0.0001655 seconds, Stopping threads took: 0.0001045 seconds
[3.706s][info ][safepoint    ] Application time: 0.0001896 seconds
[3.706s][info ][safepoint    ] Entering safepoint region: RevokeBias
[3.706s][info ][safepoint    ] Leaving safepoint region
[3.706s][info ][safepoint    ] Total time for which application threads were stopped: 0.0001246 seconds, Stopping threads took: 0.0000491 seconds
[3.706s][info ][safepoint    ] Application time: 0.0001452 seconds
[3.709s][info ][safepoint    ] Entering safepoint region: RevokeBias
[3.709s][info ][safepoint    ] Leaving safepoint region
[3.709s][info ][safepoint    ] Total time for which application threads were stopped: 0.0029913 seconds, Stopping threads took: 0.0029060 seconds
[3.710s][info ][safepoint    ] Application time: 0.0002426 seconds
[3.710s][info ][safepoint    ] Entering safepoint region: RevokeBias
[3.710s][info ][safepoint    ] Leaving safepoint region
[3.710s][info ][safepoint    ] Total time for which application threads were stopped: 0.0002617 seconds, Stopping threads took: 0.0001922 seconds
[3.710s][info ][safepoint    ] Application time: 0.0003933 seconds
[3.710s][info ][safepoint    ] Entering safepoint region: RevokeBias
[3.711s][info ][safepoint    ] Leaving safepoint region
[3.711s][info ][safepoint    ] Total time for which application threads were stopped: 0.0002059 seconds, Stopping threads took: 0.0001252 seconds
[3.713s][info ][safepoint    ] Application time: 0.0020601 seconds
[3.713s][info ][safepoint    ] Entering safepoint region: RevokeBias
[3.713s][info ][safepoint    ] Leaving safepoint region
[3.713s][info ][safepoint    ] Total time for which application threads were stopped: 0.0002078 seconds, Stopping threads took: 0.0000816 seconds
[3.713s][info ][safepoint    ] Application time: 0.0005331 seconds
[3.713s][info ][safepoint    ] Entering safepoint region: RevokeBias
[3.713s][info ][safepoint    ] Leaving safepoint region
[3.714s][info ][safepoint    ] Total time for which application threads were stopped: 0.0001371 seconds, Stopping threads took: 0.0000749 seconds
[3.714s][info ][safepoint    ] Application time: 0.0000695 seconds
[3.714s][info ][safepoint    ] Entering safepoint region: RevokeBias
[3.714s][info ][safepoint    ] Leaving safepoint region
[3.714s][info ][safepoint    ] Total time for which application threads were stopped: 0.0001252 seconds, Stopping threads took: 0.0000598 seconds
[3.718s][info ][safepoint    ] Application time: 0.0046016 seconds
[3.718s][info ][safepoint    ] Entering safepoint region: CollectForMetadataAllocation
[3.719s][info ][safepoint    ] Leaving safepoint region
[3.719s][info ][safepoint    ] Total time for which application threads were stopped: 0.0010829 seconds, Stopping threads took: 0.0000710 seconds
[3.720s][info ][safepoint    ] Application time: 0.0008599 seconds
[3.720s][info ][safepoint    ] Entering safepoint region: RevokeBias
[3.720s][info ][safepoint    ] Leaving safepoint region
[3.720s][info ][safepoint    ] Total time for which application threads were stopped: 0.0001154 seconds, Stopping threads took: 0.0000484 seconds
[3.722s][info ][safepoint    ] Application time: 0.0017262 seconds
[3.722s][info ][safepoint    ] Entering safepoint region: RevokeBias
[3.722s][info ][safepoint    ] Leaving safepoint region
[3.722s][info ][safepoint    ] Total time for which application threads were stopped: 0.0003156 seconds, Stopping threads took: 0.0002660 seconds
[3.723s][info ][safepoint    ] Application time: 0.0009429 seconds
[3.724s][info ][safepoint    ] Entering safepoint region: RevokeBias
[3.724s][info ][safepoint    ] Leaving safepoint region
[3.724s][info ][safepoint    ] Total time for which application threads were stopped: 0.0001467 seconds, Stopping threads took: 0.0000814 seconds
[3.724s][info ][safepoint    ] Application time: 0.0004879 seconds
[3.724s][info ][safepoint    ] Entering safepoint region: RevokeBias
[3.724s][info ][safepoint    ] Leaving safepoint region
[3.724s][info ][safepoint    ] Total time for which application threads were stopped: 0.0001402 seconds, Stopping threads took: 0.0000757 seconds
[3.724s][info ][safepoint    ] Application time: 0.0000757 seconds
[3.724s][info ][safepoint    ] Entering safepoint region: RevokeBias
[3.724s][info ][safepoint    ] Leaving safepoint region
[3.724s][info ][safepoint    ] Total time for which application threads were stopped: 0.0001256 seconds, Stopping threads took: 0.0000874 seconds
[3.725s][info ][safepoint    ] Application time: 0.0005858 seconds
[3.725s][info ][safepoint    ] Entering safepoint region: RevokeBias
[3.725s][info ][safepoint    ] Leaving safepoint region
[3.725s][info ][safepoint    ] Total time for which application threads were stopped: 0.0000716 seconds, Stopping threads took: 0.0000290 seconds
[3.725s][info ][safepoint    ] Application time: 0.0000743 seconds
[3.725s][info ][safepoint    ] Entering safepoint region: RevokeBias
[3.725s][info ][safepoint    ] Leaving safepoint region
[3.725s][info ][safepoint    ] Total time for which application threads were stopped: 0.0000878 seconds, Stopping threads took: 0.0000404 seconds
[3.726s][info ][safepoint    ] Application time: 0.0003700 seconds
[3.726s][info ][safepoint    ] Entering safepoint region: RevokeBias
[3.726s][info ][safepoint    ] Leaving safepoint region
[3.726s][info ][safepoint    ] Total time for which application threads were stopped: 0.0001084 seconds, Stopping threads took: 0.0000352 seconds
[3.726s][info ][safepoint    ] Application time: 0.0000893 seconds
[3.726s][info ][safepoint    ] Entering safepoint region: RevokeBias
[3.726s][info ][safepoint    ] Leaving safepoint region
[3.726s][info ][safepoint    ] Total time for which application threads were stopped: 0.0001337 seconds, Stopping threads took: 0.0000692 seconds
[3.726s][info ][safepoint    ] Application time: 0.0004355 seconds
[3.727s][info ][safepoint    ] Entering safepoint region: RevokeBias
[3.727s][info ][safepoint    ] Leaving safepoint region
[3.727s][info ][safepoint    ] Total time for which application threads were stopped: 0.0000924 seconds, Stopping threads took: 0.0000442 seconds
[3.727s][info ][safepoint    ] Application time: 0.0000993 seconds
[3.727s][info ][safepoint    ] Entering safepoint region: RevokeBias
[3.727s][info ][safepoint    ] Leaving safepoint region
[3.727s][info ][safepoint    ] Total time for which application threads were stopped: 0.0000627 seconds, Stopping threads took: 0.0000071 seconds
[3.727s][info ][safepoint    ] Application time: 0.0004772 seconds
[3.727s][info ][safepoint    ] Entering safepoint region: CollectForMetadataAllocation
[3.727s][info ][safepoint    ] Leaving safepoint region
[3.727s][info ][safepoint    ] Total time for which application threads were stopped: 0.0000748 seconds, Stopping threads took: 0.0000290 seconds
[3.730s][info ][safepoint    ] Application time: 0.0022811 seconds
[3.730s][info ][safepoint    ] Entering safepoint region: RevokeBias
[3.730s][info ][safepoint    ] Leaving safepoint region
[3.730s][info ][safepoint    ] Total time for which application threads were stopped: 0.0000847 seconds, Stopping threads took: 0.0000077 seconds
[3.731s][info ][safepoint    ] Application time: 0.0011581 seconds
[3.731s][info ][safepoint    ] Entering safepoint region: BulkRevokeBias
[3.731s][info ][safepoint    ] Leaving safepoint region
[3.731s][info ][safepoint    ] Total time for which application threads were stopped: 0.0002655 seconds, Stopping threads took: 0.0000973 seconds
[3.732s][info ][safepoint    ] Application time: 0.0010291 seconds
[3.732s][info ][safepoint    ] Entering safepoint region: RevokeBias
[3.732s][info ][safepoint    ] Leaving safepoint region
[3.732s][info ][safepoint    ] Total time for which application threads were stopped: 0.0001351 seconds, Stopping threads took: 0.0000868 seconds
[3.733s][info ][safepoint    ] Application time: 0.0001744 seconds
[3.733s][info ][safepoint    ] Entering safepoint region: RevokeBias
[3.733s][info ][safepoint    ] Leaving safepoint region
[3.733s][info ][safepoint    ] Total time for which application threads were stopped: 0.0000831 seconds, Stopping threads took: 0.0000263 seconds
[3.733s][info ][safepoint    ] Application time: 0.0002986 seconds
[3.733s][info ][safepoint    ] Entering safepoint region: RevokeBias
[3.733s][info ][safepoint    ] Leaving safepoint region
[3.733s][info ][safepoint    ] Total time for which application threads were stopped: 0.0002798 seconds, Stopping threads took: 0.0001941 seconds
[3.735s][info ][safepoint    ] Application time: 0.0018433 seconds
[3.735s][info ][safepoint    ] Entering safepoint region: RevokeBias
[3.735s][info ][safepoint    ] Leaving safepoint region
[3.735s][info ][safepoint    ] Total time for which application threads were stopped: 0.0003509 seconds, Stopping threads took: 0.0002977 seconds
[3.736s][info ][safepoint    ] Application time: 0.0007406 seconds
[3.736s][info ][safepoint    ] Entering safepoint region: RevokeBias
[3.736s][info ][safepoint    ] Leaving safepoint region
[3.736s][info ][safepoint    ] Total time for which application threads were stopped: 0.0001405 seconds, Stopping threads took: 0.0000891 seconds
[3.738s][info ][safepoint    ] Application time: 0.0014762 seconds
[3.738s][info ][safepoint    ] Entering safepoint region: RevokeBias
[3.738s][info ][safepoint    ] Leaving safepoint region
[3.738s][info ][safepoint    ] Total time for which application threads were stopped: 0.0001025 seconds, Stopping threads took: 0.0000474 seconds
[3.739s][info ][safepoint    ] Application time: 0.0010836 seconds
[3.739s][info ][safepoint    ] Entering safepoint region: RevokeBias
[3.739s][info ][safepoint    ] Leaving safepoint region
[3.739s][info ][safepoint    ] Total time for which application threads were stopped: 0.0001687 seconds, Stopping threads took: 0.0001248 seconds
[3.740s][info ][safepoint    ] Application time: 0.0006872 seconds
[3.740s][info ][safepoint    ] Entering safepoint region: CollectForMetadataAllocation
[3.740s][info ][safepoint    ] Leaving safepoint region
[3.740s][info ][safepoint    ] Total time for which application threads were stopped: 0.0001668 seconds, Stopping threads took: 0.0000656 seconds
[3.741s][info ][safepoint    ] Application time: 0.0013957 seconds
[3.741s][info ][safepoint    ] Entering safepoint region: RevokeBias
[3.742s][info ][safepoint    ] Leaving safepoint region
[3.742s][info ][safepoint    ] Total time for which application threads were stopped: 0.0000797 seconds, Stopping threads took: 0.0000102 seconds
[3.743s][info ][safepoint    ] Application time: 0.0012844 seconds
[3.743s][info ][safepoint    ] Entering safepoint region: RevokeBias
[3.743s][info ][safepoint    ] Leaving safepoint region
[3.743s][info ][safepoint    ] Total time for which application threads were stopped: 0.0001618 seconds, Stopping threads took: 0.0001185 seconds
[3.744s][info ][safepoint    ] Application time: 0.0010572 seconds
[3.744s][info ][safepoint    ] Entering safepoint region: RevokeBias
[3.744s][info ][safepoint    ] Leaving safepoint region
[3.744s][info ][safepoint    ] Total time for which application threads were stopped: 0.0001025 seconds, Stopping threads took: 0.0000333 seconds
[3.746s][info ][safepoint    ] Application time: 0.0013429 seconds
[3.746s][info ][safepoint    ] Entering safepoint region: RevokeBias
[3.746s][info ][safepoint    ] Leaving safepoint region
[3.746s][info ][safepoint    ] Total time for which application threads were stopped: 0.0003387 seconds, Stopping threads took: 0.0002531 seconds
[3.747s][info ][safepoint    ] Application time: 0.0008816 seconds
[3.747s][info ][safepoint    ] Entering safepoint region: RevokeBias
[3.747s][info ][safepoint    ] Leaving safepoint region
[3.747s][info ][safepoint    ] Total time for which application threads were stopped: 0.0001481 seconds, Stopping threads took: 0.0001010 seconds
[3.749s][info ][safepoint    ] Application time: 0.0023094 seconds
[3.749s][info ][safepoint    ] Entering safepoint region: RevokeBias
[3.749s][info ][safepoint    ] Leaving safepoint region
[3.749s][info ][safepoint    ] Total time for which application threads were stopped: 0.0001072 seconds, Stopping threads took: 0.0000322 seconds
[3.750s][info ][safepoint    ] Application time: 0.0001470 seconds
[3.750s][info ][safepoint    ] Entering safepoint region: CollectForMetadataAllocation
[3.750s][info ][safepoint    ] Leaving safepoint region
[3.750s][info ][safepoint    ] Total time for which application threads were stopped: 0.0001339 seconds, Stopping threads took: 0.0000761 seconds
[3.751s][info ][safepoint    ] Application time: 0.0009233 seconds
[3.751s][info ][safepoint    ] Entering safepoint region: RevokeBias
[3.751s][info ][safepoint    ] Leaving safepoint region
[3.751s][info ][safepoint    ] Total time for which application threads were stopped: 0.0000691 seconds, Stopping threads took: 0.0000077 seconds
[3.752s][info ][safepoint    ] Application time: 0.0007460 seconds
[3.752s][info ][safepoint    ] Entering safepoint region: RevokeBias
[3.752s][info ][safepoint    ] Leaving safepoint region
[3.752s][info ][safepoint    ] Total time for which application threads were stopped: 0.0001353 seconds, Stopping threads took: 0.0000650 seconds
[3.753s][info ][safepoint    ] Application time: 0.0012713 seconds
[3.753s][info ][safepoint    ] Entering safepoint region: RevokeBias
[3.753s][info ][safepoint    ] Leaving safepoint region
[3.753s][info ][safepoint    ] Total time for which application threads were stopped: 0.0001300 seconds, Stopping threads took: 0.0000555 seconds
[3.754s][info ][safepoint    ] Application time: 0.0010011 seconds
[3.754s][info ][safepoint    ] Entering safepoint region: RevokeBias
[3.754s][info ][safepoint    ] Leaving safepoint region
[3.754s][info ][safepoint    ] Total time for which application threads were stopped: 0.0001001 seconds, Stopping threads took: 0.0000448 seconds
[3.755s][info ][safepoint    ] Application time: 0.0004835 seconds
[3.755s][info ][safepoint    ] Entering safepoint region: BulkRevokeBias
[3.755s][info ][safepoint    ] Leaving safepoint region
[3.755s][info ][safepoint    ] Total time for which application threads were stopped: 0.0001337 seconds, Stopping threads took: 0.0000080 seconds
[3.762s][info ][safepoint    ] Application time: 0.0067475 seconds
[3.762s][info ][safepoint    ] Entering safepoint region: CollectForMetadataAllocation
[3.762s][info ][safepoint    ] Leaving safepoint region
[3.762s][info ][safepoint    ] Total time for which application threads were stopped: 0.0001269 seconds, Stopping threads took: 0.0000535 seconds
[3.771s][info ][safepoint    ] Application time: 0.0094545 seconds
[3.771s][info ][safepoint    ] Entering safepoint region: CollectForMetadataAllocation
[3.771s][info ][safepoint    ] Leaving safepoint region
[3.771s][info ][safepoint    ] Total time for which application threads were stopped: 0.0001316 seconds, Stopping threads took: 0.0000531 seconds
[3.782s][info ][safepoint    ] Application time: 0.0105596 seconds
[3.782s][info ][safepoint    ] Entering safepoint region: CollectForMetadataAllocation
[3.782s][info ][safepoint    ] Leaving safepoint region
[3.782s][info ][safepoint    ] Total time for which application threads were stopped: 0.0001583 seconds, Stopping threads took: 0.0000805 seconds
[3.783s][info ][safepoint    ] Application time: 0.0008205 seconds
[3.783s][info ][safepoint    ] Entering safepoint region: RevokeBias
[3.783s][info ][safepoint    ] Leaving safepoint region
[3.783s][info ][safepoint    ] Total time for which application threads were stopped: 0.0001465 seconds, Stopping threads took: 0.0000383 seconds
[3.785s][info ][safepoint    ] Application time: 0.0020634 seconds
[3.785s][info ][safepoint    ] Entering safepoint region: RevokeBias
[3.785s][info ][safepoint    ] Leaving safepoint region
[3.785s][info ][safepoint    ] Total time for which application threads were stopped: 0.0001535 seconds, Stopping threads took: 0.0000476 seconds
[3.786s][info ][safepoint    ] Application time: 0.0007684 seconds
[3.786s][info ][safepoint    ] Entering safepoint region: RevokeBias
[3.786s][info ][safepoint    ] Leaving safepoint region
[3.786s][info ][safepoint    ] Total time for which application threads were stopped: 0.0001387 seconds, Stopping threads took: 0.0000559 seconds
[3.789s][info ][safepoint    ] Application time: 0.0031730 seconds
[3.789s][info ][safepoint    ] Entering safepoint region: RevokeBias
[3.790s][info ][safepoint    ] Leaving safepoint region
[3.790s][info ][safepoint    ] Total time for which application threads were stopped: 0.0001464 seconds, Stopping threads took: 0.0000826 seconds
[3.793s][info ][safepoint    ] Application time: 0.0030332 seconds
[3.793s][info ][safepoint    ] Entering safepoint region: CollectForMetadataAllocation
[3.793s][info ][safepoint    ] Leaving safepoint region
[3.793s][info ][safepoint    ] Total time for which application threads were stopped: 0.0001891 seconds, Stopping threads took: 0.0000935 seconds
[3.805s][info ][safepoint    ] Application time: 0.0118316 seconds
[3.805s][info ][safepoint    ] Entering safepoint region: CollectForMetadataAllocation
[3.805s][info ][safepoint    ] Leaving safepoint region
[3.805s][info ][safepoint    ] Total time for which application threads were stopped: 0.0001659 seconds, Stopping threads took: 0.0000566 seconds
[3.821s][info ][safepoint    ] Application time: 0.0160698 seconds
[3.821s][info ][safepoint    ] Entering safepoint region: RevokeBias
[3.821s][info ][safepoint    ] Leaving safepoint region
[3.821s][info ][safepoint    ] Total time for which application threads were stopped: 0.0002155 seconds, Stopping threads took: 0.0000538 seconds
[3.823s][info ][safepoint    ] Application time: 0.0013527 seconds
[3.823s][info ][safepoint    ] Entering safepoint region: CollectForMetadataAllocation
[3.823s][info ][safepoint    ] Leaving safepoint region
[3.823s][info ][safepoint    ] Total time for which application threads were stopped: 0.0000897 seconds, Stopping threads took: 0.0000286 seconds
[3.827s][info ][safepoint    ] Application time: 0.0044697 seconds
[3.827s][info ][safepoint    ] Entering safepoint region: RevokeBias
[3.827s][info ][safepoint    ] Leaving safepoint region
[3.827s][info ][safepoint    ] Total time for which application threads were stopped: 0.0001768 seconds, Stopping threads took: 0.0000290 seconds
[3.832s][info ][safepoint    ] Application time: 0.0051184 seconds
[3.832s][info ][safepoint    ] Entering safepoint region: Deoptimize
[3.833s][info ][safepoint    ] Leaving safepoint region
[3.833s][info ][safepoint    ] Total time for which application threads were stopped: 0.0003533 seconds, Stopping threads took: 0.0000072 seconds
[3.855s][info ][safepoint    ] Application time: 0.0218443 seconds
[3.855s][info ][safepoint    ] Entering safepoint region: RevokeBias
[3.855s][info ][safepoint    ] Leaving safepoint region
[3.855s][info ][safepoint    ] Total time for which application threads were stopped: 0.0004436 seconds, Stopping threads took: 0.0001965 seconds
[3.855s][info ][safepoint    ] Application time: 0.0003421 seconds
[3.856s][info ][safepoint    ] Entering safepoint region: RevokeBias
[3.856s][info ][safepoint    ] Leaving safepoint region
[3.856s][info ][safepoint    ] Total time for which application threads were stopped: 0.0001243 seconds, Stopping threads took: 0.0000512 seconds
[3.856s][info ][safepoint    ] Application time: 0.0001226 seconds
[3.856s][info ][safepoint    ] Entering safepoint region: RevokeBias
[3.856s][info ][safepoint    ] Leaving safepoint region
[3.856s][info ][safepoint    ] Total time for which application threads were stopped: 0.0001666 seconds, Stopping threads took: 0.0001083 seconds
[3.856s][info ][safepoint    ] Application time: 0.0002547 seconds
[3.856s][info ][safepoint    ] Entering safepoint region: RevokeBias
[3.857s][info ][safepoint    ] Leaving safepoint region
[3.857s][info ][safepoint    ] Total time for which application threads were stopped: 0.0002924 seconds, Stopping threads took: 0.0002500 seconds
[3.857s][info ][safepoint    ] Application time: 0.0001984 seconds
[3.857s][info ][safepoint    ] Entering safepoint region: RevokeBias
[3.857s][info ][safepoint    ] Leaving safepoint region
[3.857s][info ][safepoint    ] Total time for which application threads were stopped: 0.0001251 seconds, Stopping threads took: 0.0000693 seconds
[3.857s][info ][safepoint    ] Application time: 0.0005111 seconds
[3.858s][info ][safepoint    ] Entering safepoint region: RevokeBias
[3.858s][info ][safepoint    ] Leaving safepoint region
[3.858s][info ][safepoint    ] Total time for which application threads were stopped: 0.0003078 seconds, Stopping threads took: 0.0001566 seconds
[3.858s][info ][safepoint    ] Application time: 0.0000885 seconds
[3.858s][info ][safepoint    ] Entering safepoint region: RevokeBias
[3.858s][info ][safepoint    ] Leaving safepoint region
[3.858s][info ][safepoint    ] Total time for which application threads were stopped: 0.0001734 seconds, Stopping threads took: 0.0000778 seconds
[3.858s][info ][safepoint    ] Application time: 0.0003024 seconds
[3.858s][info ][safepoint    ] Entering safepoint region: RevokeBias
[3.859s][info ][safepoint    ] Leaving safepoint region
[3.859s][info ][safepoint    ] Total time for which application threads were stopped: 0.0002656 seconds, Stopping threads took: 0.0001177 seconds
[3.859s][info ][safepoint    ] Application time: 0.0001404 seconds
[3.859s][info ][safepoint    ] Entering safepoint region: RevokeBias
[3.859s][info ][safepoint    ] Leaving safepoint region
[3.859s][info ][safepoint    ] Total time for which application threads were stopped: 0.0001634 seconds, Stopping threads took: 0.0000953 seconds
[3.859s][info ][safepoint    ] Application time: 0.0001639 seconds
[3.859s][info ][safepoint    ] Entering safepoint region: RevokeBias
[3.859s][info ][safepoint    ] Leaving safepoint region
[3.859s][info ][safepoint    ] Total time for which application threads were stopped: 0.0002268 seconds, Stopping threads took: 0.0001486 seconds
[3.859s][info ][safepoint    ] Application time: 0.0001824 seconds
[3.860s][info ][safepoint    ] Entering safepoint region: RevokeBias
[3.860s][info ][safepoint    ] Leaving safepoint region
[3.860s][info ][safepoint    ] Total time for which application threads were stopped: 0.0001082 seconds, Stopping threads took: 0.0000544 seconds
[3.860s][info ][safepoint    ] Application time: 0.0002745 seconds
[3.860s][info ][safepoint    ] Entering safepoint region: RevokeBias
[3.860s][info ][safepoint    ] Leaving safepoint region
[3.860s][info ][safepoint    ] Total time for which application threads were stopped: 0.0001716 seconds, Stopping threads took: 0.0000894 seconds
[3.860s][info ][safepoint    ] Application time: 0.0000793 seconds
[3.860s][info ][safepoint    ] Entering safepoint region: RevokeBias
[3.860s][info ][safepoint    ] Leaving safepoint region
[3.860s][info ][safepoint    ] Total time for which application threads were stopped: 0.0001454 seconds, Stopping threads took: 0.0000765 seconds
[3.861s][info ][safepoint    ] Application time: 0.0003463 seconds
[3.861s][info ][safepoint    ] Entering safepoint region: BulkRevokeBias
[3.861s][info ][safepoint    ] Leaving safepoint region
[3.861s][info ][safepoint    ] Total time for which application threads were stopped: 0.0006667 seconds, Stopping threads took: 0.0002291 seconds
[3.861s][info ][safepoint    ] Application time: 0.0000629 seconds
[3.862s][info ][safepoint    ] Entering safepoint region: RevokeBias
[3.862s][info ][safepoint    ] Leaving safepoint region
[3.862s][info ][safepoint    ] Total time for which application threads were stopped: 0.0001491 seconds, Stopping threads took: 0.0000849 seconds
[3.862s][info ][safepoint    ] Application time: 0.0002235 seconds
[3.862s][info ][safepoint    ] Entering safepoint region: RevokeBias
[3.862s][info ][safepoint    ] Leaving safepoint region
[3.862s][info ][safepoint    ] Total time for which application threads were stopped: 0.0002286 seconds, Stopping threads took: 0.0001433 seconds
[3.864s][info ][safepoint    ] Application time: 0.0023868 seconds
[3.865s][info ][safepoint    ] Entering safepoint region: CollectForMetadataAllocation
[3.865s][info ][safepoint    ] Leaving safepoint region
[3.865s][info ][safepoint    ] Total time for which application threads were stopped: 0.0002927 seconds, Stopping threads took: 0.0001326 seconds
[3.870s][info ][safepoint    ] Application time: 0.0052098 seconds
[3.871s][info ][safepoint    ] Entering safepoint region: RevokeBias
[3.871s][info ][safepoint    ] Leaving safepoint region
[3.871s][info ][safepoint    ] Total time for which application threads were stopped: 0.0009340 seconds, Stopping threads took: 0.0008308 seconds
[3.874s][info ][safepoint    ] Application time: 0.0027263 seconds
[3.874s][info ][safepoint    ] Entering safepoint region: RevokeBias
[3.874s][info ][safepoint    ] Leaving safepoint region
[3.874s][info ][safepoint    ] Total time for which application threads were stopped: 0.0002211 seconds, Stopping threads took: 0.0001285 seconds
[3.875s][info ][safepoint    ] Application time: 0.0006787 seconds
[3.875s][info ][safepoint    ] Entering safepoint region: RevokeBias
[3.875s][info ][safepoint    ] Leaving safepoint region
[3.875s][info ][safepoint    ] Total time for which application threads were stopped: 0.0002031 seconds, Stopping threads took: 0.0001305 seconds
[3.878s][info ][safepoint    ] Application time: 0.0035306 seconds
[3.879s][info ][safepoint    ] Entering safepoint region: BulkRevokeBias
[3.879s][info ][safepoint    ] Leaving safepoint region
[3.879s][info ][safepoint    ] Total time for which application threads were stopped: 0.0005594 seconds, Stopping threads took: 0.0001475 seconds
[3.882s][info ][safepoint    ] Application time: 0.0029318 seconds
[3.882s][info ][safepoint    ] Entering safepoint region: RevokeBias
[3.882s][info ][safepoint    ] Leaving safepoint region
[3.882s][info ][safepoint    ] Total time for which application threads were stopped: 0.0004552 seconds, Stopping threads took: 0.0003277 seconds
[3.882s][info ][safepoint    ] Application time: 0.0001129 seconds
[3.883s][info ][safepoint    ] Entering safepoint region: RevokeBias
[3.883s][info ][safepoint    ] Leaving safepoint region
[3.883s][info ][safepoint    ] Total time for which application threads were stopped: 0.0001485 seconds, Stopping threads took: 0.0000517 seconds
[3.888s][info ][safepoint    ] Application time: 0.0050108 seconds
[3.888s][info ][safepoint    ] Entering safepoint region: RevokeBias
[3.888s][info ][safepoint    ] Leaving safepoint region
[3.888s][info ][safepoint    ] Total time for which application threads were stopped: 0.0001797 seconds, Stopping threads took: 0.0000764 seconds
[3.889s][info ][safepoint    ] Application time: 0.0008811 seconds
[3.890s][info ][safepoint    ] Entering safepoint region: RevokeBias
[3.890s][info ][safepoint    ] Leaving safepoint region
[3.890s][info ][safepoint    ] Total time for which application threads were stopped: 0.0016616 seconds, Stopping threads took: 0.0014925 seconds
[3.892s][info ][safepoint    ] Application time: 0.0013423 seconds
[3.892s][info ][safepoint    ] Entering safepoint region: RevokeBias
[3.892s][info ][safepoint    ] Leaving safepoint region
[3.892s][info ][safepoint    ] Total time for which application threads were stopped: 0.0003031 seconds, Stopping threads took: 0.0001859 seconds
[3.894s][info ][safepoint    ] Application time: 0.0017881 seconds
[3.894s][info ][safepoint    ] Entering safepoint region: Deoptimize
[3.894s][info ][safepoint    ] Leaving safepoint region
[3.894s][info ][safepoint    ] Total time for which application threads were stopped: 0.0005484 seconds, Stopping threads took: 0.0001406 seconds
[3.896s][info ][safepoint    ] Application time: 0.0017647 seconds
[3.896s][info ][safepoint    ] Entering safepoint region: RevokeBias
[3.896s][info ][safepoint    ] Leaving safepoint region
[3.896s][info ][safepoint    ] Total time for which application threads were stopped: 0.0002846 seconds, Stopping threads took: 0.0001888 seconds
[3.897s][info ][safepoint    ] Application time: 0.0003193 seconds
[3.897s][info ][safepoint    ] Entering safepoint region: RevokeBias
[3.897s][info ][safepoint    ] Leaving safepoint region
[3.897s][info ][safepoint    ] Total time for which application threads were stopped: 0.0002406 seconds, Stopping threads took: 0.0001257 seconds
[3.900s][info ][safepoint    ] Application time: 0.0024797 seconds
[3.900s][info ][safepoint    ] Entering safepoint region: CollectForMetadataAllocation
[3.900s][info ][safepoint    ] Leaving safepoint region
[3.900s][info ][safepoint    ] Total time for which application threads were stopped: 0.0003227 seconds, Stopping threads took: 0.0002092 seconds
[3.900s][info ][safepoint    ] Application time: 0.0001351 seconds
[3.900s][info ][safepoint    ] Entering safepoint region: CollectForMetadataAllocation
[3.900s][info ][safepoint    ] Leaving safepoint region
[3.900s][info ][safepoint    ] Total time for which application threads were stopped: 0.0002091 seconds, Stopping threads took: 0.0001578 seconds
[3.901s][info ][safepoint    ] Application time: 0.0011799 seconds
[3.902s][info ][safepoint    ] Entering safepoint region: RevokeBias
[3.902s][info ][safepoint    ] Leaving safepoint region
[3.902s][info ][safepoint    ] Total time for which application threads were stopped: 0.0003143 seconds, Stopping threads took: 0.0001689 seconds
[3.915s][info ][safepoint    ] Application time: 0.0128308 seconds
[3.918s][info ][safepoint    ] Entering safepoint region: RevokeBias
[3.918s][info ][safepoint    ] Leaving safepoint region
[3.918s][info ][safepoint    ] Total time for which application threads were stopped: 0.0034907 seconds, Stopping threads took: 0.0030724 seconds
[3.924s][info ][safepoint    ] Application time: 0.0063256 seconds
[3.925s][info ][safepoint    ] Entering safepoint region: RevokeBias
[3.925s][info ][safepoint    ] Leaving safepoint region
[3.925s][info ][safepoint    ] Total time for which application threads were stopped: 0.0008372 seconds, Stopping threads took: 0.0006805 seconds
[3.929s][info ][safepoint    ] Application time: 0.0040587 seconds
[3.930s][info ][safepoint    ] Entering safepoint region: RevokeBias
[3.930s][info ][safepoint    ] Leaving safepoint region
[3.930s][info ][safepoint    ] Total time for which application threads were stopped: 0.0004150 seconds, Stopping threads took: 0.0002378 seconds
[3.944s][info ][safepoint    ] Application time: 0.0139956 seconds
[3.945s][info ][safepoint    ] Entering safepoint region: RevokeBias
[3.945s][info ][safepoint    ] Leaving safepoint region
[3.945s][info ][safepoint    ] Total time for which application threads were stopped: 0.0014989 seconds, Stopping threads took: 0.0011790 seconds
[3.952s][info ][safepoint    ] Application time: 0.0063887 seconds
[3.952s][info ][safepoint    ] Entering safepoint region: RevokeBias
[3.952s][info ][safepoint    ] Leaving safepoint region
[3.952s][info ][safepoint    ] Total time for which application threads were stopped: 0.0005896 seconds, Stopping threads took: 0.0003057 seconds
[3.961s][info ][safepoint    ] Application time: 0.0088251 seconds
[3.961s][info ][safepoint    ] Entering safepoint region: RevokeBias
[3.962s][info ][safepoint    ] Leaving safepoint region
[3.962s][info ][safepoint    ] Total time for which application threads were stopped: 0.0005051 seconds, Stopping threads took: 0.0001263 seconds
[3.963s][info ][safepoint    ] Application time: 0.0014957 seconds
[3.963s][info ][safepoint    ] Entering safepoint region: RevokeBias
[3.964s][info ][safepoint    ] Leaving safepoint region
[3.964s][info ][safepoint    ] Total time for which application threads were stopped: 0.0003822 seconds, Stopping threads took: 0.0001709 seconds
[3.965s][info ][safepoint    ] Application time: 0.0012204 seconds
[3.965s][info ][safepoint    ] Entering safepoint region: RevokeBias
[3.965s][info ][safepoint    ] Leaving safepoint region
[3.965s][info ][safepoint    ] Total time for which application threads were stopped: 0.0003927 seconds, Stopping threads took: 0.0001613 seconds
[3.968s][info ][safepoint    ] Application time: 0.0030561 seconds
[3.968s][info ][safepoint    ] Entering safepoint region: RevokeBias
[3.969s][info ][safepoint    ] Leaving safepoint region
[3.969s][info ][safepoint    ] Total time for which application threads were stopped: 0.0003545 seconds, Stopping threads took: 0.0001219 seconds
[3.977s][info ][safepoint    ] Application time: 0.0077841 seconds
[3.977s][info ][safepoint    ] Entering safepoint region: RevokeBias
[3.978s][info ][safepoint    ] Leaving safepoint region
[3.978s][info ][safepoint    ] Total time for which application threads were stopped: 0.0011244 seconds, Stopping threads took: 0.0003189 seconds
[3.984s][info ][safepoint    ] Application time: 0.0064201 seconds
[3.984s][info ][safepoint    ] Entering safepoint region: RevokeBias
[3.985s][info ][safepoint    ] Leaving safepoint region
[3.985s][info ][safepoint    ] Total time for which application threads were stopped: 0.0003911 seconds, Stopping threads took: 0.0001371 seconds
[3.985s][info ][safepoint    ] Application time: 0.0007850 seconds
[3.986s][info ][safepoint    ] Entering safepoint region: RevokeBias
[3.986s][info ][safepoint    ] Leaving safepoint region
[3.986s][info ][safepoint    ] Total time for which application threads were stopped: 0.0004245 seconds, Stopping threads took: 0.0002327 seconds
[3.986s][info ][safepoint    ] Application time: 0.0003071 seconds
[3.986s][info ][safepoint    ] Entering safepoint region: RevokeBias
[3.986s][info ][safepoint    ] Leaving safepoint region
[3.986s][info ][safepoint    ] Total time for which application threads were stopped: 0.0003555 seconds, Stopping threads took: 0.0001635 seconds
[3.990s][info ][safepoint    ] Application time: 0.0032729 seconds
[3.990s][info ][safepoint    ] Entering safepoint region: RevokeBias
[3.991s][info ][safepoint    ] Leaving safepoint region
[3.991s][info ][safepoint    ] Total time for which application threads were stopped: 0.0010234 seconds, Stopping threads took: 0.0003925 seconds
[3.994s][info ][safepoint    ] Application time: 0.0027965 seconds
[3.994s][info ][safepoint    ] Entering safepoint region: RevokeBias
[3.994s][info ][safepoint    ] Leaving safepoint region
[3.994s][info ][safepoint    ] Total time for which application threads were stopped: 0.0002805 seconds, Stopping threads took: 0.0001245 seconds
[4.044s][info ][safepoint    ] Application time: 0.0501906 seconds
[4.045s][info ][safepoint    ] Entering safepoint region: RevokeBias
[4.045s][info ][safepoint    ] Leaving safepoint region
[4.045s][info ][safepoint    ] Total time for which application threads were stopped: 0.0012904 seconds, Stopping threads took: 0.0009991 seconds
[4.046s][info ][safepoint    ] Application time: 0.0004931 seconds
[4.046s][info ][safepoint    ] Entering safepoint region: CollectForMetadataAllocation
[4.046s][info ][safepoint    ] Leaving safepoint region
[4.046s][info ][safepoint    ] Total time for which application threads were stopped: 0.0002151 seconds, Stopping threads took: 0.0000810 seconds
[4.051s][info ][safepoint    ] Application time: 0.0050857 seconds
[4.051s][info ][safepoint    ] Entering safepoint region: RevokeBias
[4.052s][info ][safepoint    ] Leaving safepoint region
[4.052s][info ][safepoint    ] Total time for which application threads were stopped: 0.0004146 seconds, Stopping threads took: 0.0001212 seconds
[4.052s][info ][safepoint    ] Application time: 0.0002788 seconds
[4.052s][info ][safepoint    ] Entering safepoint region: RevokeBias
[4.052s][info ][safepoint    ] Leaving safepoint region
[4.052s][info ][safepoint    ] Total time for which application threads were stopped: 0.0003646 seconds, Stopping threads took: 0.0001696 seconds
[4.054s][info ][safepoint    ] Application time: 0.0018277 seconds
[4.054s][info ][safepoint    ] Entering safepoint region: RevokeBias
[4.055s][info ][safepoint    ] Leaving safepoint region
[4.055s][info ][safepoint    ] Total time for which application threads were stopped: 0.0003732 seconds, Stopping threads took: 0.0001777 seconds
[4.056s][info ][safepoint    ] Application time: 0.0015581 seconds
[4.056s][info ][safepoint    ] Entering safepoint region: BulkRevokeBias
[4.057s][info ][safepoint    ] Leaving safepoint region
[4.057s][info ][safepoint    ] Total time for which application threads were stopped: 0.0010747 seconds, Stopping threads took: 0.0001552 seconds
[4.120s][info ][safepoint    ] Application time: 0.0626548 seconds
[4.120s][info ][safepoint    ] Entering safepoint region: RevokeBias
[4.120s][info ][safepoint    ] Leaving safepoint region
[4.120s][info ][safepoint    ] Total time for which application threads were stopped: 0.0005356 seconds, Stopping threads took: 0.0002933 seconds
[4.122s][info ][safepoint    ] Application time: 0.0011586 seconds
[4.122s][info ][safepoint    ] Entering safepoint region: RevokeBias
[4.122s][info ][safepoint    ] Leaving safepoint region
[4.122s][info ][safepoint    ] Total time for which application threads were stopped: 0.0006092 seconds, Stopping threads took: 0.0004505 seconds
[4.122s][info ][gc           ] GC(1) Concurrent Abortable Preclean 537.123ms
[4.122s][info ][gc,cpu       ] GC(1) User=2.85s Sys=0.15s Real=0.54s
[4.122s][info ][safepoint    ] Application time: 0.0001014 seconds
[4.123s][info ][safepoint    ] Entering safepoint region: CMS_Final_Remark
[4.123s][info ][gc,start     ] GC(1) Pause Remark
[4.155s][debug][gc,phases    ] GC(1) Rescan (parallel) 32.687ms
[4.155s][debug][gc,ref       ] GC(1) Skipped phase1 of Reference Processing due to unavailable references
[4.155s][debug][gc,ref       ] GC(1) Skipped phase2 of Reference Processing due to unavailable references
[4.155s][debug][gc,ref       ] GC(1) Skipped phase3 of Reference Processing due to unavailable references
[4.155s][debug][gc,ref       ] GC(1) Skipped phase4 of Reference Processing due to unavailable references
[4.155s][debug][gc,phases    ] GC(1) Reference Processing 0.030ms
[4.155s][debug][gc,phases    ] GC(1) Weak Processing 0.027ms
[4.156s][debug][gc,phases    ] GC(1) ClassLoaderData 0.296ms
[4.156s][debug][gc,phases    ] GC(1) ProtectionDomainCacheTable 0.011ms
[4.156s][debug][gc,phases    ] GC(1) ResolvedMethodTable 0.053ms
[4.157s][debug][gc,phases    ] GC(1) Class Unloading 1.755ms
[4.159s][debug][gc,phases    ] GC(1) Scrub Symbol Table 1.856ms
[4.159s][debug][gc,phases    ] GC(1) Scrub String Table 0.181ms
[4.160s][info ][gc           ] GC(1) Pause Remark 156M->156M(850M) 37.500ms
[4.160s][info ][gc,cpu       ] GC(1) User=0.17s Sys=0.00s Real=0.03s
[4.160s][info ][safepoint    ] Leaving safepoint region
[4.160s][info ][safepoint    ] Total time for which application threads were stopped: 0.0378412 seconds, Stopping threads took: 0.0002022 seconds
[4.160s][info ][gc           ] GC(1) Concurrent Sweep
[4.161s][info ][gc           ] GC(1) Concurrent Sweep 1.178ms
[4.161s][info ][gc,cpu       ] GC(1) User=0.00s Sys=0.00s Real=0.00s
[4.161s][info ][gc           ] GC(1) Concurrent Reset
[4.179s][info ][gc           ] GC(1) Concurrent Reset 17.588ms
[4.179s][info ][gc,cpu       ] GC(1) User=0.13s Sys=0.02s Real=0.02s
[4.179s][info ][gc,heap      ] GC(1) Old: 2458K->2458K(600768K)
[4.183s][info ][safepoint    ] Application time: 0.0225135 seconds
[4.183s][info ][safepoint    ] Entering safepoint region: RevokeBias
[4.183s][info ][safepoint    ] Leaving safepoint region
[4.183s][info ][safepoint    ] Total time for which application threads were stopped: 0.0003897 seconds, Stopping threads took: 0.0002016 seconds
[4.214s][info ][safepoint    ] Application time: 0.0308566 seconds
[4.214s][info ][safepoint    ] Entering safepoint region: RevokeBias
[4.215s][info ][safepoint    ] Leaving safepoint region
[4.215s][info ][safepoint    ] Total time for which application threads were stopped: 0.0005656 seconds, Stopping threads took: 0.0001256 seconds
[4.231s][info ][safepoint    ] Application time: 0.0160129 seconds
[4.231s][info ][safepoint    ] Entering safepoint region: RevokeBias
[4.231s][info ][safepoint    ] Leaving safepoint region
[4.231s][info ][safepoint    ] Total time for which application threads were stopped: 0.0003256 seconds, Stopping threads took: 0.0001144 seconds
[4.253s][info ][safepoint    ] Application time: 0.0214869 seconds
[4.253s][info ][safepoint    ] Entering safepoint region: RevokeBias
[4.253s][info ][safepoint    ] Leaving safepoint region
[4.253s][info ][safepoint    ] Total time for which application threads were stopped: 0.0005172 seconds, Stopping threads took: 0.0002749 seconds
[4.285s][info ][safepoint    ] Application time: 0.0323917 seconds
[4.286s][info ][safepoint    ] Entering safepoint region: RevokeBias
[4.286s][info ][safepoint    ] Leaving safepoint region
[4.286s][info ][safepoint    ] Total time for which application threads were stopped: 0.0004240 seconds, Stopping threads took: 0.0001806 seconds
[4.289s][info ][safepoint    ] Application time: 0.0031583 seconds
[4.295s][info ][safepoint    ] Entering safepoint region: RevokeBias
[4.296s][info ][safepoint    ] Leaving safepoint region
[4.296s][info ][safepoint    ] Total time for which application threads were stopped: 0.0064122 seconds, Stopping threads took: 0.0062062 seconds
[4.298s][info ][safepoint    ] Application time: 0.0021498 seconds
[4.298s][info ][safepoint    ] Entering safepoint region: RevokeBias
[4.298s][info ][safepoint    ] Leaving safepoint region
[4.298s][info ][safepoint    ] Total time for which application threads were stopped: 0.0003109 seconds, Stopping threads took: 0.0000874 seconds
[4.322s][info ][safepoint    ] Application time: 0.0236903 seconds
[4.322s][info ][safepoint    ] Entering safepoint region: RevokeBias
[4.322s][info ][safepoint    ] Leaving safepoint region
[4.322s][info ][safepoint    ] Total time for which application threads were stopped: 0.0004355 seconds, Stopping threads took: 0.0001998 seconds
[4.325s][info ][safepoint    ] Application time: 0.0032061 seconds
[4.326s][info ][safepoint    ] Entering safepoint region: RevokeBias
[4.326s][info ][safepoint    ] Leaving safepoint region
[4.326s][info ][safepoint    ] Total time for which application threads were stopped: 0.0006386 seconds, Stopping threads took: 0.0003808 seconds
[4.335s][info ][safepoint    ] Application time: 0.0093204 seconds
[4.336s][info ][safepoint    ] Entering safepoint region: RevokeBias
[4.336s][info ][safepoint    ] Leaving safepoint region
[4.336s][info ][safepoint    ] Total time for which application threads were stopped: 0.0003214 seconds, Stopping threads took: 0.0001278 seconds
[4.343s][info ][safepoint    ] Application time: 0.0074738 seconds
[4.343s][info ][safepoint    ] Entering safepoint region: RevokeBias
[4.344s][info ][safepoint    ] Leaving safepoint region
[4.344s][info ][safepoint    ] Total time for which application threads were stopped: 0.0004417 seconds, Stopping threads took: 0.0002347 seconds
[4.357s][info ][safepoint    ] Application time: 0.0130983 seconds
[4.357s][info ][safepoint    ] Entering safepoint region: RevokeBias
[4.357s][info ][safepoint    ] Leaving safepoint region
[4.357s][info ][safepoint    ] Total time for which application threads were stopped: 0.0004274 seconds, Stopping threads took: 0.0002250 seconds
[4.366s][info ][safepoint    ] Application time: 0.0088439 seconds
[4.367s][info ][safepoint    ] Entering safepoint region: RevokeBias
[4.367s][info ][safepoint    ] Leaving safepoint region
[4.367s][info ][safepoint    ] Total time for which application threads were stopped: 0.0007411 seconds, Stopping threads took: 0.0006111 seconds
[4.377s][info ][safepoint    ] Application time: 0.0096827 seconds
[4.377s][info ][safepoint    ] Entering safepoint region: RevokeBias
[4.377s][info ][safepoint    ] Leaving safepoint region
[4.377s][info ][safepoint    ] Total time for which application threads were stopped: 0.0002625 seconds, Stopping threads took: 0.0001173 seconds
[4.385s][info ][safepoint    ] Application time: 0.0082004 seconds
[4.385s][info ][safepoint    ] Entering safepoint region: RevokeBias
[4.385s][info ][safepoint    ] Leaving safepoint region
[4.385s][info ][safepoint    ] Total time for which application threads were stopped: 0.0003354 seconds, Stopping threads took: 0.0001536 seconds
[4.390s][info ][safepoint    ] Application time: 0.0047633 seconds
[4.396s][info ][safepoint    ] Entering safepoint region: RevokeBias
[4.396s][info ][safepoint    ] Leaving safepoint region
[4.396s][info ][safepoint    ] Total time for which application threads were stopped: 0.0058083 seconds, Stopping threads took: 0.0054468 seconds
[4.397s][info ][safepoint    ] Application time: 0.0008368 seconds
[4.398s][info ][safepoint    ] Entering safepoint region: RevokeBias
[4.399s][info ][safepoint    ] Leaving safepoint region
[4.399s][info ][safepoint    ] Total time for which application threads were stopped: 0.0018247 seconds, Stopping threads took: 0.0015479 seconds
[4.413s][info ][safepoint    ] Application time: 0.0142808 seconds
[4.413s][info ][safepoint    ] Entering safepoint region: BulkRevokeBias
[4.414s][info ][safepoint    ] Leaving safepoint region
[4.414s][info ][safepoint    ] Total time for which application threads were stopped: 0.0010048 seconds, Stopping threads took: 0.0001034 seconds
[4.474s][info ][safepoint    ] Application time: 0.0595025 seconds
[4.474s][info ][safepoint    ] Entering safepoint region: ICBufferFull
[4.474s][info ][safepoint    ] Leaving safepoint region
[4.474s][info ][safepoint    ] Total time for which application threads were stopped: 0.0003009 seconds, Stopping threads took: 0.0001262 seconds
[4.479s][info ][safepoint    ] Application time: 0.0046916 seconds
[4.479s][info ][safepoint    ] Entering safepoint region: GenCollectForAllocation
[4.479s][info ][gc,start     ] GC(2) Pause Young (Allocation Failure)
[4.479s][info ][gc,task      ] GC(2) Using 4 workers of 4 for evacuation
[4.562s][debug][gc,ref       ] GC(2) Skipped phase1 of Reference Processing due to unavailable references
[4.562s][debug][gc,ref       ] GC(2) Skipped phase3 of Reference Processing due to unavailable references
[4.562s][debug][gc,age       ] GC(2) Desired survivor size 15368192 bytes, new threshold 1 (max threshold 6)
[4.562s][info ][gc,heap      ] GC(2) ParNew: 270334K->30016K(270336K)
[4.562s][info ][gc,heap      ] GC(2) CMS: 2458K->42500K(600768K)
[4.562s][info ][gc,metaspace ] GC(2) Metaspace: 29748K->29748K(1075200K)
[4.562s][info ][gc           ] GC(2) Pause Young (Allocation Failure) 266M->70M(850M) 83.487ms
[4.562s][info ][gc,cpu       ] GC(2) User=0.30s Sys=0.01s Real=0.09s
[4.563s][info ][safepoint    ] Leaving safepoint region
[4.563s][info ][safepoint    ] Total time for which application threads were stopped: 0.0839045 seconds, Stopping threads took: 0.0002241 seconds
[4.610s][info ][safepoint    ] Application time: 0.0475090 seconds
[4.610s][info ][safepoint    ] Entering safepoint region: Deoptimize
[4.611s][info ][safepoint    ] Leaving safepoint region
[4.611s][info ][safepoint    ] Total time for which application threads were stopped: 0.0008787 seconds, Stopping threads took: 0.0002504 seconds
[4.621s][info ][safepoint    ] Application time: 0.0096414 seconds
[4.621s][info ][safepoint    ] Entering safepoint region: Deoptimize
[4.622s][info ][safepoint    ] Leaving safepoint region
[4.622s][info ][safepoint    ] Total time for which application threads were stopped: 0.0009751 seconds, Stopping threads took: 0.0004361 seconds
[4.788s][info ][safepoint    ] Application time: 0.1662863 seconds
[4.788s][info ][safepoint    ] Entering safepoint region: ICBufferFull
[4.788s][info ][safepoint    ] Leaving safepoint region
[4.788s][info ][safepoint    ] Total time for which application threads were stopped: 0.0003694 seconds, Stopping threads took: 0.0001710 seconds
[4.799s][info ][safepoint    ] Application time: 0.0108839 seconds
[4.799s][info ][safepoint    ] Entering safepoint region: Deoptimize
[4.800s][info ][safepoint    ] Leaving safepoint region
[4.800s][info ][safepoint    ] Total time for which application threads were stopped: 0.0007739 seconds, Stopping threads took: 0.0001488 seconds
[4.826s][info ][safepoint    ] Application time: 0.0255409 seconds
[4.826s][info ][safepoint    ] Entering safepoint region: GenCollectForAllocation
[4.826s][info ][gc,start     ] GC(3) Pause Young (Allocation Failure)
[4.826s][info ][gc,task      ] GC(3) Using 4 workers of 4 for evacuation
[4.897s][debug][gc,ref       ] GC(3) Skipped phase1 of Reference Processing due to unavailable references
[4.897s][debug][gc,ref       ] GC(3) Skipped phase3 of Reference Processing due to unavailable references
[4.897s][debug][gc,age       ] GC(3) Desired survivor size 15368192 bytes, new threshold 1 (max threshold 6)
[4.897s][info ][gc,heap      ] GC(3) ParNew: 270336K->27355K(270336K)
[4.897s][info ][gc,heap      ] GC(3) CMS: 42500K->72292K(600768K)
[4.898s][info ][gc,metaspace ] GC(3) Metaspace: 33536K->33536K(1079296K)
[4.898s][info ][gc           ] GC(3) Pause Young (Allocation Failure) 305M->97M(850M) 71.736ms
[4.898s][info ][gc,cpu       ] GC(3) User=0.26s Sys=0.01s Real=0.07s
[4.898s][info ][safepoint    ] Leaving safepoint region
[4.898s][info ][safepoint    ] Total time for which application threads were stopped: 0.0720775 seconds, Stopping threads took: 0.0001314 seconds
[4.898s][info ][safepoint    ] Application time: 0.0006483 seconds
[4.898s][info ][safepoint    ] Entering safepoint region: RevokeBias
[4.899s][info ][safepoint    ] Leaving safepoint region
[4.899s][info ][safepoint    ] Total time for which application threads were stopped: 0.0003182 seconds, Stopping threads took: 0.0001144 seconds
[4.899s][info ][safepoint    ] Application time: 0.0000779 seconds
[4.899s][info ][safepoint    ] Entering safepoint region: RevokeBias
[4.899s][info ][safepoint    ] Leaving safepoint region
[4.899s][info ][safepoint    ] Total time for which application threads were stopped: 0.0002029 seconds, Stopping threads took: 0.0000531 seconds
[4.903s][info ][safepoint    ] Application time: 0.0044296 seconds
[4.903s][info ][safepoint    ] Entering safepoint region: RevokeBias
[4.904s][info ][safepoint    ] Leaving safepoint region
[4.904s][info ][safepoint    ] Total time for which application threads were stopped: 0.0002583 seconds, Stopping threads took: 0.0001370 seconds
[4.904s][info ][safepoint    ] Application time: 0.0001641 seconds
[4.904s][info ][safepoint    ] Entering safepoint region: RevokeBias
[4.904s][info ][safepoint    ] Leaving safepoint region
[4.904s][info ][safepoint    ] Total time for which application threads were stopped: 0.0001824 seconds, Stopping threads took: 0.0001125 seconds
[4.906s][info ][safepoint    ] Application time: 0.0021207 seconds
[4.906s][info ][safepoint    ] Entering safepoint region: RevokeBias
[4.907s][info ][safepoint    ] Leaving safepoint region
[4.907s][info ][safepoint    ] Total time for which application threads were stopped: 0.0003825 seconds, Stopping threads took: 0.0003031 seconds
[4.907s][info ][safepoint    ] Application time: 0.0000811 seconds
[4.907s][info ][safepoint    ] Entering safepoint region: RevokeBias
[4.907s][info ][safepoint    ] Leaving safepoint region
[4.907s][info ][safepoint    ] Total time for which application threads were stopped: 0.0000921 seconds, Stopping threads took: 0.0000214 seconds
[4.907s][info ][safepoint    ] Application time: 0.0000711 seconds
[4.907s][info ][safepoint    ] Entering safepoint region: RevokeBias
[4.907s][info ][safepoint    ] Leaving safepoint region
[4.907s][info ][safepoint    ] Total time for which application threads were stopped: 0.0000912 seconds, Stopping threads took: 0.0000216 seconds
[4.908s][info ][safepoint    ] Application time: 0.0009263 seconds
[4.908s][info ][safepoint    ] Entering safepoint region: RevokeBias
[4.908s][info ][safepoint    ] Leaving safepoint region
[4.908s][info ][safepoint    ] Total time for which application threads were stopped: 0.0003160 seconds, Stopping threads took: 0.0002395 seconds
[4.908s][info ][safepoint    ] Application time: 0.0001835 seconds
[4.909s][info ][safepoint    ] Entering safepoint region: RevokeBias
[4.909s][info ][safepoint    ] Leaving safepoint region
[4.909s][info ][safepoint    ] Total time for which application threads were stopped: 0.0002691 seconds, Stopping threads took: 0.0001803 seconds
[5.093s][info ][safepoint    ] Application time: 0.1844568 seconds
[5.095s][info ][safepoint    ] Entering safepoint region: Deoptimize
[5.096s][info ][safepoint    ] Leaving safepoint region
[5.096s][info ][safepoint    ] Total time for which application threads were stopped: 0.0025449 seconds, Stopping threads took: 0.0018037 seconds
[5.102s][info ][safepoint    ] Application time: 0.0059146 seconds
[5.105s][info ][safepoint    ] Entering safepoint region: Deoptimize
[5.106s][info ][safepoint    ] Leaving safepoint region
[5.106s][info ][safepoint    ] Total time for which application threads were stopped: 0.0046171 seconds, Stopping threads took: 0.0038694 seconds
[5.109s][info ][safepoint    ] Application time: 0.0025059 seconds
[5.109s][info ][safepoint    ] Entering safepoint region: RevokeBias
[5.109s][info ][safepoint    ] Leaving safepoint region
[5.109s][info ][safepoint    ] Total time for which application threads were stopped: 0.0004407 seconds, Stopping threads took: 0.0003000 seconds
[5.116s][info ][safepoint    ] Application time: 0.0069019 seconds
[5.116s][info ][safepoint    ] Entering safepoint region: RevokeBias
[5.117s][info ][safepoint    ] Leaving safepoint region
[5.117s][info ][safepoint    ] Total time for which application threads were stopped: 0.0004731 seconds, Stopping threads took: 0.0003599 seconds
[5.120s][info ][safepoint    ] Application time: 0.0038553 seconds
[5.121s][info ][safepoint    ] Entering safepoint region: RevokeBias
[5.121s][info ][safepoint    ] Leaving safepoint region
[5.121s][info ][safepoint    ] Total time for which application threads were stopped: 0.0004060 seconds, Stopping threads took: 0.0003007 seconds
[5.121s][info ][safepoint    ] Application time: 0.0001332 seconds
[5.121s][info ][safepoint    ] Entering safepoint region: RevokeBias
[5.121s][info ][safepoint    ] Leaving safepoint region
[5.121s][info ][safepoint    ] Total time for which application threads were stopped: 0.0002365 seconds, Stopping threads took: 0.0001392 seconds
[5.121s][info ][safepoint    ] Application time: 0.0000503 seconds
[5.121s][info ][safepoint    ] Entering safepoint region: RevokeBias
[5.121s][info ][safepoint    ] Leaving safepoint region
[5.121s][info ][safepoint    ] Total time for which application threads were stopped: 0.0001063 seconds, Stopping threads took: 0.0000283 seconds
[5.122s][info ][safepoint    ] Application time: 0.0007563 seconds
[5.122s][info ][safepoint    ] Entering safepoint region: RevokeBias
[5.123s][info ][safepoint    ] Leaving safepoint region
[5.123s][info ][safepoint    ] Total time for which application threads were stopped: 0.0003128 seconds, Stopping threads took: 0.0002148 seconds
[5.123s][info ][safepoint    ] Application time: 0.0001969 seconds
[5.126s][info ][safepoint    ] Entering safepoint region: RevokeBias
[5.126s][info ][safepoint    ] Leaving safepoint region
[5.126s][info ][safepoint    ] Total time for which application threads were stopped: 0.0032276 seconds, Stopping threads took: 0.0031319 seconds
[5.171s][info ][safepoint    ] Application time: 0.0448217 seconds
[5.171s][info ][safepoint    ] Entering safepoint region: RevokeBias
[5.171s][info ][safepoint    ] Leaving safepoint region
[5.171s][info ][safepoint    ] Total time for which application threads were stopped: 0.0003907 seconds, Stopping threads took: 0.0002532 seconds
[5.194s][info ][safepoint    ] Application time: 0.0230970 seconds
[5.199s][info ][safepoint    ] Entering safepoint region: GenCollectForAllocation
[5.199s][info ][gc,start     ] GC(4) Pause Young (Allocation Failure)
[5.199s][info ][gc,task      ] GC(4) Using 4 workers of 4 for evacuation
[5.254s][debug][gc,ref       ] GC(4) Skipped phase1 of Reference Processing due to unavailable references
[5.254s][debug][gc,ref       ] GC(4) Skipped phase3 of Reference Processing due to unavailable references
[5.255s][debug][gc,age       ] GC(4) Desired survivor size 15368192 bytes, new threshold 6 (max threshold 6)
[5.255s][info ][gc,heap      ] GC(4) ParNew: 267675K->26033K(270336K)
[5.255s][info ][gc,heap      ] GC(4) CMS: 72292K->98257K(600768K)
[5.255s][info ][gc,metaspace ] GC(4) Metaspace: 35450K->35450K(1081344K)
[5.255s][info ][gc           ] GC(4) Pause Young (Allocation Failure) 331M->121M(850M) 55.462ms
[5.255s][info ][gc,cpu       ] GC(4) User=0.19s Sys=0.02s Real=0.06s
[5.255s][info ][safepoint    ] Leaving safepoint region
[5.255s][info ][safepoint    ] Total time for which application threads were stopped: 0.0603139 seconds, Stopping threads took: 0.0046125 seconds
[5.306s][info ][safepoint    ] Application time: 0.0509026 seconds
[5.306s][info ][safepoint    ] Entering safepoint region: RevokeBias
[5.306s][info ][safepoint    ] Leaving safepoint region
[5.306s][info ][safepoint    ] Total time for which application threads were stopped: 0.0004739 seconds, Stopping threads took: 0.0001637 seconds
[5.307s][info ][safepoint    ] Application time: 0.0005608 seconds
[5.307s][info ][safepoint    ] Entering safepoint region: RevokeBias
[5.307s][info ][safepoint    ] Leaving safepoint region
[5.307s][info ][safepoint    ] Total time for which application threads were stopped: 0.0002647 seconds, Stopping threads took: 0.0001685 seconds
[5.308s][info ][safepoint    ] Application time: 0.0014221 seconds
[5.309s][info ][safepoint    ] Entering safepoint region: GenCollectForAllocation
[5.309s][info ][gc,start     ] GC(5) Pause Young (Allocation Failure)
[5.309s][info ][gc,task      ] GC(5) Using 4 workers of 4 for evacuation
[5.321s][debug][gc,ref       ] GC(5) Skipped phase1 of Reference Processing due to unavailable references
[5.321s][debug][gc,ref       ] GC(5) Skipped phase3 of Reference Processing due to unavailable references
[5.321s][debug][gc,age       ] GC(5) Desired survivor size 15368192 bytes, new threshold 6 (max threshold 6)
[5.321s][info ][gc,heap      ] GC(5) ParNew: 266353K->17522K(270336K)
[5.321s][info ][gc,heap      ] GC(5) CMS: 98257K->98257K(600768K)
[5.321s][info ][gc,metaspace ] GC(5) Metaspace: 35670K->35670K(1081344K)
[5.321s][info ][gc           ] GC(5) Pause Young (Allocation Failure) 356M->113M(850M) 12.244ms
[5.321s][info ][gc,cpu       ] GC(5) User=0.05s Sys=0.00s Real=0.01s
[5.321s][info ][safepoint    ] Leaving safepoint region
[5.321s][info ][safepoint    ] Total time for which application threads were stopped: 0.0126977 seconds, Stopping threads took: 0.0003038 seconds
[5.328s][info ][safepoint    ] Application time: 0.0069075 seconds
[5.328s][info ][safepoint    ] Entering safepoint region: RevokeBias
[5.328s][info ][safepoint    ] Leaving safepoint region
[5.328s][info ][safepoint    ] Total time for which application threads were stopped: 0.0003936 seconds, Stopping threads took: 0.0002420 seconds
[5.339s][info ][safepoint    ] Application time: 0.0101514 seconds
[5.339s][info ][safepoint    ] Entering safepoint region: RevokeBias
[5.339s][info ][safepoint    ] Leaving safepoint region
[5.339s][info ][safepoint    ] Total time for which application threads were stopped: 0.0003974 seconds, Stopping threads took: 0.0002656 seconds
[5.365s][info ][safepoint    ] Application time: 0.0259684 seconds
[5.366s][info ][safepoint    ] Entering safepoint region: RevokeBias
[5.366s][info ][safepoint    ] Leaving safepoint region
[5.366s][info ][safepoint    ] Total time for which application threads were stopped: 0.0013450 seconds, Stopping threads took: 0.0012205 seconds
[5.368s][info ][safepoint    ] Application time: 0.0020935 seconds
[5.369s][info ][safepoint    ] Entering safepoint region: RevokeBias
[5.369s][info ][safepoint    ] Leaving safepoint region
[5.369s][info ][safepoint    ] Total time for which application threads were stopped: 0.0003083 seconds, Stopping threads took: 0.0002142 seconds
[5.391s][info ][safepoint    ] Application time: 0.0223927 seconds
[5.391s][info ][safepoint    ] Entering safepoint region: GenCollectForAllocation
[5.392s][info ][gc,start     ] GC(6) Pause Young (Allocation Failure)
[5.392s][info ][gc,task      ] GC(6) Using 4 workers of 4 for evacuation
[5.406s][debug][gc,ref       ] GC(6) Skipped phase1 of Reference Processing due to unavailable references
[5.407s][debug][gc,ref       ] GC(6) Skipped phase3 of Reference Processing due to unavailable references
[5.407s][debug][gc,age       ] GC(6) Desired survivor size 15368192 bytes, new threshold 3 (max threshold 6)
[5.407s][info ][gc,heap      ] GC(6) ParNew: 257842K->27017K(270336K)
[5.407s][info ][gc,heap      ] GC(6) CMS: 98257K->98257K(600768K)
[5.407s][info ][gc,metaspace ] GC(6) Metaspace: 36453K->36453K(1081344K)
[5.407s][info ][gc           ] GC(6) Pause Young (Allocation Failure) 347M->122M(850M) 15.020ms
[5.407s][info ][gc,cpu       ] GC(6) User=0.06s Sys=0.00s Real=0.01s
[5.407s][info ][safepoint    ] Leaving safepoint region
[5.407s][info ][safepoint    ] Total time for which application threads were stopped: 0.0154991 seconds, Stopping threads took: 0.0002130 seconds
[5.418s][info ][safepoint    ] Application time: 0.0114860 seconds
[5.418s][info ][safepoint    ] Entering safepoint region: Deoptimize
[5.419s][info ][safepoint    ] Leaving safepoint region
[5.419s][info ][safepoint    ] Total time for which application threads were stopped: 0.0008873 seconds, Stopping threads took: 0.0002569 seconds
[5.439s][info ][safepoint    ] Application time: 0.0201296 seconds
[5.439s][info ][safepoint    ] Entering safepoint region: RevokeBias
[5.440s][info ][safepoint    ] Leaving safepoint region
[5.440s][info ][safepoint    ] Total time for which application threads were stopped: 0.0003472 seconds, Stopping threads took: 0.0002229 seconds
[5.443s][info ][safepoint    ] Application time: 0.0038181 seconds
[5.447s][info ][safepoint    ] Entering safepoint region: RevokeBias
[5.447s][info ][safepoint    ] Leaving safepoint region
[5.447s][info ][safepoint    ] Total time for which application threads were stopped: 0.0032572 seconds, Stopping threads took: 0.0031397 seconds
[5.450s][info ][safepoint    ] Application time: 0.0031979 seconds
[5.453s][info ][safepoint    ] Entering safepoint region: Deoptimize
[5.454s][info ][safepoint    ] Leaving safepoint region
[5.454s][info ][safepoint    ] Total time for which application threads were stopped: 0.0038084 seconds, Stopping threads took: 0.0031866 seconds
[5.456s][info ][safepoint    ] Application time: 0.0018337 seconds
[5.456s][info ][safepoint    ] Entering safepoint region: RevokeBias
[5.456s][info ][safepoint    ] Leaving safepoint region
[5.456s][info ][safepoint    ] Total time for which application threads were stopped: 0.0002703 seconds, Stopping threads took: 0.0001762 seconds
[5.460s][info ][safepoint    ] Application time: 0.0039068 seconds
[5.460s][info ][safepoint    ] Entering safepoint region: RevokeBias
[5.460s][info ][safepoint    ] Leaving safepoint region
[5.460s][info ][safepoint    ] Total time for which application threads were stopped: 0.0002476 seconds, Stopping threads took: 0.0001735 seconds
[5.463s][info ][safepoint    ] Application time: 0.0026413 seconds
[5.463s][info ][safepoint    ] Entering safepoint region: RevokeBias
[5.463s][info ][safepoint    ] Leaving safepoint region
[5.463s][info ][safepoint    ] Total time for which application threads were stopped: 0.0002699 seconds, Stopping threads took: 0.0001934 seconds
[5.538s][info ][safepoint    ] Application time: 0.0753174 seconds
[5.538s][info ][safepoint    ] Entering safepoint region: GenCollectForAllocation
[5.539s][info ][gc,start     ] GC(7) Pause Young (Allocation Failure)
[5.539s][info ][gc,task      ] GC(7) Using 4 workers of 4 for evacuation
[5.561s][debug][gc,ref       ] GC(7) Skipped phase1 of Reference Processing due to unavailable references
[5.561s][debug][gc,ref       ] GC(7) Skipped phase3 of Reference Processing due to unavailable references
[5.561s][debug][gc,age       ] GC(7) Desired survivor size 15368192 bytes, new threshold 6 (max threshold 6)
[5.561s][info ][gc,heap      ] GC(7) ParNew: 267337K->19647K(270336K)
[5.561s][info ][gc,heap      ] GC(7) CMS: 98257K->110551K(600768K)
[5.561s][info ][gc,metaspace ] GC(7) Metaspace: 36654K->36654K(1083392K)
[5.561s][info ][gc           ] GC(7) Pause Young (Allocation Failure) 357M->127M(850M) 22.386ms
[5.561s][info ][gc,cpu       ] GC(7) User=0.09s Sys=0.01s Real=0.02s
[5.561s][info ][safepoint    ] Leaving safepoint region
[5.561s][info ][safepoint    ] Total time for which application threads were stopped: 0.0226971 seconds, Stopping threads took: 0.0001529 seconds
[5.674s][info ][safepoint    ] Application time: 0.1124853 seconds
[5.674s][info ][safepoint    ] Entering safepoint region: GenCollectForAllocation
[5.674s][info ][gc,start     ] GC(8) Pause Young (Allocation Failure)
[5.674s][info ][gc,task      ] GC(8) Using 4 workers of 4 for evacuation
[5.680s][debug][gc,ref       ] GC(8) Skipped phase1 of Reference Processing due to unavailable references
[5.680s][debug][gc,ref       ] GC(8) Skipped phase3 of Reference Processing due to unavailable references
[5.680s][debug][gc,age       ] GC(8) Desired survivor size 15368192 bytes, new threshold 6 (max threshold 6)
[5.680s][info ][gc,heap      ] GC(8) ParNew: 259967K->11189K(270336K)
[5.680s][info ][gc,heap      ] GC(8) CMS: 110551K->110551K(600768K)
[5.680s][info ][gc,metaspace ] GC(8) Metaspace: 36659K->36659K(1083392K)
[5.680s][info ][gc           ] GC(8) Pause Young (Allocation Failure) 361M->118M(850M) 6.472ms
[5.680s][info ][gc,cpu       ] GC(8) User=0.03s Sys=0.00s Real=0.00s
[5.680s][info ][safepoint    ] Leaving safepoint region
[5.680s][info ][safepoint    ] Total time for which application threads were stopped: 0.0068153 seconds, Stopping threads took: 0.0001918 seconds
[5.778s][info ][safepoint    ] Application time: 0.0979223 seconds
[5.779s][info ][safepoint    ] Entering safepoint region: GenCollectForAllocation
[5.779s][info ][gc,start     ] GC(9) Pause Young (Allocation Failure)
[5.779s][info ][gc,task      ] GC(9) Using 4 workers of 4 for evacuation
[5.785s][debug][gc,ref       ] GC(9) Skipped phase1 of Reference Processing due to unavailable references
[5.785s][debug][gc,ref       ] GC(9) Skipped phase3 of Reference Processing due to unavailable references
[5.785s][debug][gc,age       ] GC(9) Desired survivor size 15368192 bytes, new threshold 6 (max threshold 6)
[5.785s][info ][gc,heap      ] GC(9) ParNew: 251509K->10135K(270336K)
[5.785s][info ][gc,heap      ] GC(9) CMS: 110551K->110551K(600768K)
[5.785s][info ][gc,metaspace ] GC(9) Metaspace: 36660K->36660K(1083392K)
[5.785s][info ][gc           ] GC(9) Pause Young (Allocation Failure) 353M->117M(850M) 6.726ms
[5.785s][info ][gc,cpu       ] GC(9) User=0.03s Sys=0.00s Real=0.01s
[5.785s][info ][safepoint    ] Leaving safepoint region
[5.785s][info ][safepoint    ] Total time for which application threads were stopped: 0.0070579 seconds, Stopping threads took: 0.0001790 seconds
[5.849s][info ][safepoint    ] Application time: 0.0640424 seconds
[5.850s][info ][safepoint    ] Entering safepoint region: GenCollectForAllocation
[5.850s][info ][gc,start     ] GC(10) Pause Young (Allocation Failure)
[5.850s][info ][gc,task      ] GC(10) Using 4 workers of 4 for evacuation
[5.856s][debug][gc,ref       ] GC(10) Skipped phase1 of Reference Processing due to unavailable references
[5.856s][debug][gc,ref       ] GC(10) Skipped phase3 of Reference Processing due to unavailable references
[5.856s][debug][gc,age       ] GC(10) Desired survivor size 15368192 bytes, new threshold 6 (max threshold 6)
[5.856s][info ][gc,heap      ] GC(10) ParNew: 250455K->11430K(270336K)
[5.856s][info ][gc,heap      ] GC(10) CMS: 110551K->110551K(600768K)
[5.856s][info ][gc,metaspace ] GC(10) Metaspace: 36660K->36660K(1083392K)
[5.856s][info ][gc           ] GC(10) Pause Young (Allocation Failure) 352M->119M(850M) 6.397ms
[5.856s][info ][gc,cpu       ] GC(10) User=0.03s Sys=0.00s Real=0.01s
[5.856s][info ][safepoint    ] Leaving safepoint region
[5.856s][info ][safepoint    ] Total time for which application threads were stopped: 0.0067582 seconds, Stopping threads took: 0.0001825 seconds
[5.925s][info ][safepoint    ] Application time: 0.0687868 seconds
[5.925s][info ][safepoint    ] Entering safepoint region: GenCollectForAllocation
[5.925s][info ][gc,start     ] GC(11) Pause Young (Allocation Failure)
[5.925s][info ][gc,task      ] GC(11) Using 4 workers of 4 for evacuation
[5.932s][debug][gc,ref       ] GC(11) Skipped phase1 of Reference Processing due to unavailable references
[5.932s][debug][gc,ref       ] GC(11) Skipped phase3 of Reference Processing due to unavailable references
[5.932s][debug][gc,age       ] GC(11) Desired survivor size 15368192 bytes, new threshold 6 (max threshold 6)
[5.932s][info ][gc,heap      ] GC(11) ParNew: 251750K->11406K(270336K)
[5.932s][info ][gc,heap      ] GC(11) CMS: 110551K->111358K(600768K)
[5.933s][info ][gc,metaspace ] GC(11) Metaspace: 36660K->36660K(1083392K)
[5.933s][info ][gc           ] GC(11) Pause Young (Allocation Failure) 353M->119M(850M) 7.161ms
[5.933s][info ][gc,cpu       ] GC(11) User=0.03s Sys=0.00s Real=0.01s
[5.933s][info ][safepoint    ] Leaving safepoint region
[5.933s][info ][safepoint    ] Total time for which application threads were stopped: 0.0074526 seconds, Stopping threads took: 0.0000983 seconds
[5.978s][info ][safepoint    ] Application time: 0.0452243 seconds
[5.978s][info ][safepoint    ] Entering safepoint region: GenCollectForAllocation
[5.978s][info ][gc,start     ] GC(12) Pause Young (Allocation Failure)
[5.978s][info ][gc,task      ] GC(12) Using 4 workers of 4 for evacuation
[5.988s][debug][gc,ref       ] GC(12) Skipped phase1 of Reference Processing due to unavailable references
[5.988s][debug][gc,ref       ] GC(12) Skipped phase3 of Reference Processing due to unavailable references
[5.988s][debug][gc,ref       ] GC(12) Skipped phase4 of Reference Processing due to unavailable references
[5.988s][debug][gc,age       ] GC(12) Desired survivor size 15368192 bytes, new threshold 6 (max threshold 6)
[5.988s][info ][gc,heap      ] GC(12) ParNew: 251726K->4353K(270336K)
[5.988s][info ][gc,heap      ] GC(12) CMS: 111358K->116663K(600768K)
[5.988s][info ][gc,metaspace ] GC(12) Metaspace: 36660K->36660K(1083392K)
[5.988s][info ][gc           ] GC(12) Pause Young (Allocation Failure) 354M->118M(850M) 9.768ms
[5.988s][info ][gc,cpu       ] GC(12) User=0.03s Sys=0.00s Real=0.01s
[5.988s][info ][safepoint    ] Leaving safepoint region
[5.988s][info ][safepoint    ] Total time for which application threads were stopped: 0.0101341 seconds, Stopping threads took: 0.0001726 seconds
[6.046s][info ][safepoint    ] Application time: 0.0579952 seconds
[6.046s][info ][safepoint    ] Entering safepoint region: GenCollectForAllocation
[6.046s][info ][gc,start     ] GC(13) Pause Young (Allocation Failure)
[6.046s][info ][gc,task      ] GC(13) Using 4 workers of 4 for evacuation
[6.052s][debug][gc,ref       ] GC(13) Skipped phase1 of Reference Processing due to unavailable references
[6.052s][debug][gc,ref       ] GC(13) Skipped phase2 of Reference Processing due to unavailable references
[6.052s][debug][gc,ref       ] GC(13) Skipped phase3 of Reference Processing due to unavailable references
[6.052s][debug][gc,ref       ] GC(13) Skipped phase4 of Reference Processing due to unavailable references
[6.052s][debug][gc,age       ] GC(13) Desired survivor size 15368192 bytes, new threshold 6 (max threshold 6)
[6.052s][info ][gc,heap      ] GC(13) ParNew: 244673K->1783K(270336K)
[6.052s][info ][gc,heap      ] GC(13) CMS: 116663K->118802K(600768K)
[6.052s][info ][gc,metaspace ] GC(13) Metaspace: 36660K->36660K(1083392K)
[6.052s][info ][gc           ] GC(13) Pause Young (Allocation Failure) 352M->117M(850M) 5.943ms
[6.052s][info ][gc,cpu       ] GC(13) User=0.02s Sys=0.00s Real=0.01s
[6.052s][info ][safepoint    ] Leaving safepoint region
[6.052s][info ][safepoint    ] Total time for which application threads were stopped: 0.0064299 seconds, Stopping threads took: 0.0003214 seconds
[6.107s][info ][safepoint    ] Application time: 0.0545123 seconds
[6.107s][info ][safepoint    ] Entering safepoint region: GenCollectForAllocation
[6.107s][info ][gc,start     ] GC(14) Pause Young (Allocation Failure)
[6.107s][info ][gc,task      ] GC(14) Using 4 workers of 4 for evacuation
[6.110s][debug][gc,ref       ] GC(14) Skipped phase1 of Reference Processing due to unavailable references
[6.110s][debug][gc,ref       ] GC(14) Skipped phase2 of Reference Processing due to unavailable references
[6.110s][debug][gc,ref       ] GC(14) Skipped phase3 of Reference Processing due to unavailable references
[6.110s][debug][gc,ref       ] GC(14) Skipped phase4 of Reference Processing due to unavailable references
[6.110s][debug][gc,age       ] GC(14) Desired survivor size 15368192 bytes, new threshold 6 (max threshold 6)
[6.110s][info ][gc,heap      ] GC(14) ParNew: 242103K->670K(270336K)
[6.110s][info ][gc,heap      ] GC(14) CMS: 118802K->118845K(600768K)
[6.110s][info ][gc,metaspace ] GC(14) Metaspace: 36660K->36660K(1083392K)
[6.110s][info ][gc           ] GC(14) Pause Young (Allocation Failure) 352M->116M(850M) 2.463ms
[6.110s][info ][gc,cpu       ] GC(14) User=0.01s Sys=0.00s Real=0.00s
[6.110s][info ][safepoint    ] Leaving safepoint region
[6.110s][info ][safepoint    ] Total time for which application threads were stopped: 0.0027884 seconds, Stopping threads took: 0.0001564 seconds
[6.162s][info ][safepoint    ] Application time: 0.0522151 seconds
[6.162s][info ][safepoint    ] Entering safepoint region: GenCollectForAllocation
[6.162s][info ][gc,start     ] GC(15) Pause Young (Allocation Failure)
[6.162s][info ][gc,task      ] GC(15) Using 4 workers of 4 for evacuation
[6.165s][debug][gc,ref       ] GC(15) Skipped phase1 of Reference Processing due to unavailable references
[6.165s][debug][gc,ref       ] GC(15) Skipped phase2 of Reference Processing due to unavailable references
[6.165s][debug][gc,ref       ] GC(15) Skipped phase3 of Reference Processing due to unavailable references
[6.165s][debug][gc,ref       ] GC(15) Skipped phase4 of Reference Processing due to unavailable references
[6.165s][debug][gc,age       ] GC(15) Desired survivor size 15368192 bytes, new threshold 6 (max threshold 6)
[6.165s][info ][gc,heap      ] GC(15) ParNew: 240990K->466K(270336K)
[6.165s][info ][gc,heap      ] GC(15) CMS: 118845K->118898K(600768K)
[6.165s][info ][gc,metaspace ] GC(15) Metaspace: 36660K->36660K(1083392K)
[6.165s][info ][gc           ] GC(15) Pause Young (Allocation Failure) 351M->116M(850M) 2.999ms
[6.165s][info ][gc,cpu       ] GC(15) User=0.01s Sys=0.00s Real=0.00s
[6.165s][info ][safepoint    ] Leaving safepoint region
[6.165s][info ][safepoint    ] Total time for which application threads were stopped: 0.0032900 seconds, Stopping threads took: 0.0001315 seconds
[6.221s][info ][safepoint    ] Application time: 0.0551120 seconds
[6.222s][info ][safepoint    ] Entering safepoint region: GenCollectForAllocation
[6.222s][info ][gc,start     ] GC(16) Pause Young (Allocation Failure)
[6.222s][info ][gc,task      ] GC(16) Using 4 workers of 4 for evacuation
[6.224s][debug][gc,ref       ] GC(16) Skipped phase1 of Reference Processing due to unavailable references
[6.224s][debug][gc,ref       ] GC(16) Skipped phase2 of Reference Processing due to unavailable references
[6.224s][debug][gc,ref       ] GC(16) Skipped phase3 of Reference Processing due to unavailable references
[6.224s][debug][gc,ref       ] GC(16) Skipped phase4 of Reference Processing due to unavailable references
[6.224s][debug][gc,age       ] GC(16) Desired survivor size 15368192 bytes, new threshold 6 (max threshold 6)
[6.224s][info ][gc,heap      ] GC(16) ParNew: 240786K->580K(270336K)
[6.224s][info ][gc,heap      ] GC(16) CMS: 118898K->118934K(600768K)
[6.224s][info ][gc,metaspace ] GC(16) Metaspace: 36660K->36660K(1083392K)
[6.224s][info ][gc           ] GC(16) Pause Young (Allocation Failure) 351M->116M(850M) 2.070ms
[6.224s][info ][gc,cpu       ] GC(16) User=0.01s Sys=0.00s Real=0.01s
[6.224s][info ][safepoint    ] Leaving safepoint region
[6.224s][info ][safepoint    ] Total time for which application threads were stopped: 0.0034225 seconds, Stopping threads took: 0.0011693 seconds
[6.280s][info ][safepoint    ] Application time: 0.0562877 seconds
[6.282s][info ][safepoint    ] Entering safepoint region: GenCollectForAllocation
[6.282s][info ][gc,start     ] GC(17) Pause Young (Allocation Failure)
[6.282s][info ][gc,task      ] GC(17) Using 4 workers of 4 for evacuation
[6.284s][debug][gc,ref       ] GC(17) Skipped phase1 of Reference Processing due to unavailable references
[6.284s][debug][gc,ref       ] GC(17) Skipped phase2 of Reference Processing due to unavailable references
[6.284s][debug][gc,ref       ] GC(17) Skipped phase3 of Reference Processing due to unavailable references
[6.284s][debug][gc,ref       ] GC(17) Skipped phase4 of Reference Processing due to unavailable references
[6.284s][debug][gc,age       ] GC(17) Desired survivor size 15368192 bytes, new threshold 6 (max threshold 6)
[6.284s][info ][gc,heap      ] GC(17) ParNew: 240900K->526K(270336K)
[6.284s][info ][gc,heap      ] GC(17) CMS: 118934K->118989K(600768K)
[6.284s][info ][gc,metaspace ] GC(17) Metaspace: 36660K->36660K(1083392K)
[6.284s][info ][gc           ] GC(17) Pause Young (Allocation Failure) 351M->116M(850M) 1.918ms
[6.284s][info ][gc,cpu       ] GC(17) User=0.01s Sys=0.00s Real=0.00s
[6.284s][info ][safepoint    ] Leaving safepoint region
[6.284s][info ][safepoint    ] Total time for which application threads were stopped: 0.0040062 seconds, Stopping threads took: 0.0019404 seconds
[6.328s][info ][safepoint    ] Application time: 0.0436641 seconds
[6.328s][info ][safepoint    ] Entering safepoint region: GenCollectForAllocation
[6.328s][info ][gc,start     ] GC(18) Pause Young (Allocation Failure)
[6.328s][info ][gc,task      ] GC(18) Using 4 workers of 4 for evacuation
[6.330s][debug][gc,ref       ] GC(18) Skipped phase1 of Reference Processing due to unavailable references
[6.330s][debug][gc,ref       ] GC(18) Skipped phase2 of Reference Processing due to unavailable references
[6.330s][debug][gc,ref       ] GC(18) Skipped phase3 of Reference Processing due to unavailable references
[6.330s][debug][gc,ref       ] GC(18) Skipped phase4 of Reference Processing due to unavailable references
[6.330s][debug][gc,age       ] GC(18) Desired survivor size 15368192 bytes, new threshold 6 (max threshold 6)
[6.330s][info ][gc,heap      ] GC(18) ParNew: 240846K->598K(270336K)
[6.330s][info ][gc,heap      ] GC(18) CMS: 118989K->119016K(600768K)
[6.330s][info ][gc,metaspace ] GC(18) Metaspace: 36660K->36660K(1083392K)
[6.330s][info ][gc           ] GC(18) Pause Young (Allocation Failure) 351M->116M(850M) 1.679ms
[6.330s][info ][gc,cpu       ] GC(18) User=0.01s Sys=0.00s Real=0.00s
[6.330s][info ][safepoint    ] Leaving safepoint region
[6.330s][info ][safepoint    ] Total time for which application threads were stopped: 0.0018936 seconds, Stopping threads took: 0.0000683 seconds
[6.399s][info ][safepoint    ] Application time: 0.0694703 seconds
[6.400s][info ][safepoint    ] Entering safepoint region: GenCollectForAllocation
[6.400s][info ][gc,start     ] GC(19) Pause Young (Allocation Failure)
[6.400s][info ][gc,task      ] GC(19) Using 4 workers of 4 for evacuation
[6.402s][debug][gc,ref       ] GC(19) Skipped phase1 of Reference Processing due to unavailable references
[6.402s][debug][gc,ref       ] GC(19) Skipped phase2 of Reference Processing due to unavailable references
[6.402s][debug][gc,ref       ] GC(19) Skipped phase3 of Reference Processing due to unavailable references
[6.402s][debug][gc,ref       ] GC(19) Skipped phase4 of Reference Processing due to unavailable references
[6.402s][debug][gc,age       ] GC(19) Desired survivor size 15368192 bytes, new threshold 6 (max threshold 6)
[6.402s][info ][gc,heap      ] GC(19) ParNew: 240918K->435K(270336K)
[6.402s][info ][gc,heap      ] GC(19) CMS: 119016K->119080K(600768K)
[6.402s][info ][gc,metaspace ] GC(19) Metaspace: 36660K->36660K(1083392K)
[6.402s][info ][gc           ] GC(19) Pause Young (Allocation Failure) 351M->116M(850M) 2.310ms
[6.402s][info ][gc,cpu       ] GC(19) User=0.01s Sys=0.00s Real=0.01s
[6.402s][info ][safepoint    ] Leaving safepoint region
[6.402s][info ][safepoint    ] Total time for which application threads were stopped: 0.0027968 seconds, Stopping threads took: 0.0003129 seconds
[6.442s][info ][safepoint    ] Application time: 0.0398854 seconds
[6.442s][info ][safepoint    ] Entering safepoint region: GenCollectForAllocation
[6.442s][info ][gc,start     ] GC(20) Pause Young (Allocation Failure)
[6.442s][info ][gc,task      ] GC(20) Using 4 workers of 4 for evacuation
[6.445s][debug][gc,ref       ] GC(20) Skipped phase1 of Reference Processing due to unavailable references
[6.445s][debug][gc,ref       ] GC(20) Skipped phase2 of Reference Processing due to unavailable references
[6.445s][debug][gc,ref       ] GC(20) Skipped phase3 of Reference Processing due to unavailable references
[6.445s][debug][gc,ref       ] GC(20) Skipped phase4 of Reference Processing due to unavailable references
[6.445s][debug][gc,age       ] GC(20) Desired survivor size 15368192 bytes, new threshold 6 (max threshold 6)
[6.445s][info ][gc,heap      ] GC(20) ParNew: 240755K->583K(270336K)
[6.445s][info ][gc,heap      ] GC(20) CMS: 119080K->119106K(600768K)
[6.445s][info ][gc,metaspace ] GC(20) Metaspace: 36660K->36660K(1083392K)
[6.445s][info ][gc           ] GC(20) Pause Young (Allocation Failure) 351M->116M(850M) 2.270ms
[6.445s][info ][gc,cpu       ] GC(20) User=0.01s Sys=0.00s Real=0.00s
[6.445s][info ][safepoint    ] Leaving safepoint region
[6.445s][info ][safepoint    ] Total time for which application threads were stopped: 0.0025123 seconds, Stopping threads took: 0.0000739 seconds
[6.508s][info ][safepoint    ] Application time: 0.0628793 seconds
[6.508s][info ][safepoint    ] Entering safepoint region: GenCollectForAllocation
[6.508s][info ][gc,start     ] GC(21) Pause Young (Allocation Failure)
[6.508s][info ][gc,task      ] GC(21) Using 4 workers of 4 for evacuation
[6.510s][debug][gc,ref       ] GC(21) Skipped phase1 of Reference Processing due to unavailable references
[6.510s][debug][gc,ref       ] GC(21) Skipped phase2 of Reference Processing due to unavailable references
[6.510s][debug][gc,ref       ] GC(21) Skipped phase3 of Reference Processing due to unavailable references
[6.510s][debug][gc,ref       ] GC(21) Skipped phase4 of Reference Processing due to unavailable references
[6.510s][debug][gc,age       ] GC(21) Desired survivor size 15368192 bytes, new threshold 6 (max threshold 6)
[6.510s][info ][gc,heap      ] GC(21) ParNew: 240903K->530K(270336K)
[6.510s][info ][gc,heap      ] GC(21) CMS: 119106K->119156K(600768K)
[6.510s][info ][gc,metaspace ] GC(21) Metaspace: 36660K->36660K(1083392K)
[6.510s][info ][gc           ] GC(21) Pause Young (Allocation Failure) 351M->116M(850M) 1.911ms
[6.510s][info ][gc,cpu       ] GC(21) User=0.01s Sys=0.00s Real=0.00s
[6.510s][info ][safepoint    ] Leaving safepoint region
[6.510s][info ][safepoint    ] Total time for which application threads were stopped: 0.0021790 seconds, Stopping threads took: 0.0001146 seconds
[6.554s][info ][safepoint    ] Application time: 0.0445491 seconds
[6.558s][info ][safepoint    ] Entering safepoint region: GenCollectForAllocation
[6.559s][info ][gc,start     ] GC(22) Pause Young (Allocation Failure)
[6.559s][info ][gc,task      ] GC(22) Using 4 workers of 4 for evacuation
[6.560s][debug][gc,ref       ] GC(22) Skipped phase1 of Reference Processing due to unavailable references
[6.560s][debug][gc,ref       ] GC(22) Skipped phase2 of Reference Processing due to unavailable references
[6.560s][debug][gc,ref       ] GC(22) Skipped phase3 of Reference Processing due to unavailable references
[6.560s][debug][gc,ref       ] GC(22) Skipped phase4 of Reference Processing due to unavailable references
[6.560s][debug][gc,age       ] GC(22) Desired survivor size 15368192 bytes, new threshold 6 (max threshold 6)
[6.560s][info ][gc,heap      ] GC(22) ParNew: 240850K->632K(270336K)
[6.560s][info ][gc,heap      ] GC(22) CMS: 119156K->119205K(600768K)
[6.560s][info ][gc,metaspace ] GC(22) Metaspace: 36660K->36660K(1083392K)
[6.560s][info ][gc           ] GC(22) Pause Young (Allocation Failure) 351M->117M(850M) 1.893ms
[6.560s][info ][gc,cpu       ] GC(22) User=0.00s Sys=0.00s Real=0.00s
[6.560s][info ][safepoint    ] Leaving safepoint region
[6.560s][info ][safepoint    ] Total time for which application threads were stopped: 0.0060857 seconds, Stopping threads took: 0.0040297 seconds
[6.606s][info ][safepoint    ] Application time: 0.0455711 seconds
[6.607s][info ][safepoint    ] Entering safepoint region: GenCollectForAllocation
[6.607s][info ][gc,start     ] GC(23) Pause Young (Allocation Failure)
[6.607s][info ][gc,task      ] GC(23) Using 4 workers of 4 for evacuation
[6.608s][debug][gc,ref       ] GC(23) Skipped phase1 of Reference Processing due to unavailable references
[6.608s][debug][gc,ref       ] GC(23) Skipped phase2 of Reference Processing due to unavailable references
[6.608s][debug][gc,ref       ] GC(23) Skipped phase3 of Reference Processing due to unavailable references
[6.608s][debug][gc,ref       ] GC(23) Skipped phase4 of Reference Processing due to unavailable references
[6.609s][debug][gc,age       ] GC(23) Desired survivor size 15368192 bytes, new threshold 6 (max threshold 6)
[6.609s][info ][gc,heap      ] GC(23) ParNew: 240952K->458K(270336K)
[6.609s][info ][gc,heap      ] GC(23) CMS: 119205K->119244K(600768K)
[6.609s][info ][gc,metaspace ] GC(23) Metaspace: 36660K->36660K(1083392K)
[6.609s][info ][gc           ] GC(23) Pause Young (Allocation Failure) 351M->116M(850M) 1.898ms
[6.609s][info ][gc,cpu       ] GC(23) User=0.01s Sys=0.00s Real=0.00s
[6.609s][info ][safepoint    ] Leaving safepoint region
[6.609s][info ][safepoint    ] Total time for which application threads were stopped: 0.0024607 seconds, Stopping threads took: 0.0004160 seconds
[6.672s][info ][safepoint    ] Application time: 0.0631788 seconds
[6.672s][info ][safepoint    ] Entering safepoint region: GenCollectForAllocation
[6.672s][info ][gc,start     ] GC(24) Pause Young (Allocation Failure)
[6.672s][info ][gc,task      ] GC(24) Using 4 workers of 4 for evacuation
[6.674s][debug][gc,ref       ] GC(24) Skipped phase1 of Reference Processing due to unavailable references
[6.674s][debug][gc,ref       ] GC(24) Skipped phase2 of Reference Processing due to unavailable references
[6.674s][debug][gc,ref       ] GC(24) Skipped phase3 of Reference Processing due to unavailable references
[6.674s][debug][gc,ref       ] GC(24) Skipped phase4 of Reference Processing due to unavailable references
[6.674s][debug][gc,age       ] GC(24) Desired survivor size 15368192 bytes, new threshold 6 (max threshold 6)
[6.674s][info ][gc,heap      ] GC(24) ParNew: 240778K->473K(270336K)
[6.674s][info ][gc,heap      ] GC(24) CMS: 119244K->119278K(600768K)
[6.674s][info ][gc,metaspace ] GC(24) Metaspace: 36661K->36661K(1083392K)
[6.674s][info ][gc           ] GC(24) Pause Young (Allocation Failure) 351M->116M(850M) 1.911ms
[6.674s][info ][gc,cpu       ] GC(24) User=0.00s Sys=0.00s Real=0.00s
[6.674s][info ][safepoint    ] Leaving safepoint region
[6.674s][info ][safepoint    ] Total time for which application threads were stopped: 0.0021339 seconds, Stopping threads took: 0.0000689 seconds
[6.720s][info ][safepoint    ] Application time: 0.0459249 seconds
[6.720s][info ][safepoint    ] Entering safepoint region: GenCollectForAllocation
[6.720s][info ][gc,start     ] GC(25) Pause Young (Allocation Failure)
[6.720s][info ][gc,task      ] GC(25) Using 4 workers of 4 for evacuation
[6.722s][debug][gc,ref       ] GC(25) Skipped phase1 of Reference Processing due to unavailable references
[6.722s][debug][gc,ref       ] GC(25) Skipped phase2 of Reference Processing due to unavailable references
[6.722s][debug][gc,ref       ] GC(25) Skipped phase3 of Reference Processing due to unavailable references
[6.722s][debug][gc,ref       ] GC(25) Skipped phase4 of Reference Processing due to unavailable references
[6.722s][debug][gc,age       ] GC(25) Desired survivor size 15368192 bytes, new threshold 6 (max threshold 6)
[6.722s][info ][gc,heap      ] GC(25) ParNew: 240793K->548K(270336K)
[6.722s][info ][gc,heap      ] GC(25) CMS: 119278K->119346K(600768K)
[6.722s][info ][gc,metaspace ] GC(25) Metaspace: 36661K->36661K(1083392K)
[6.722s][info ][gc           ] GC(25) Pause Young (Allocation Failure) 351M->117M(850M) 2.235ms
[6.722s][info ][gc,cpu       ] GC(25) User=0.01s Sys=0.00s Real=0.01s
[6.722s][info ][safepoint    ] Leaving safepoint region
[6.722s][info ][safepoint    ] Total time for which application threads were stopped: 0.0025693 seconds, Stopping threads took: 0.0001652 seconds
[6.771s][info ][safepoint    ] Application time: 0.0482879 seconds
[6.771s][info ][safepoint    ] Entering safepoint region: GenCollectForAllocation
[6.771s][info ][gc,start     ] GC(26) Pause Young (Allocation Failure)
[6.771s][info ][gc,task      ] GC(26) Using 4 workers of 4 for evacuation
[6.773s][debug][gc,ref       ] GC(26) Skipped phase1 of Reference Processing due to unavailable references
[6.773s][debug][gc,ref       ] GC(26) Skipped phase2 of Reference Processing due to unavailable references
[6.773s][debug][gc,ref       ] GC(26) Skipped phase3 of Reference Processing due to unavailable references
[6.773s][debug][gc,ref       ] GC(26) Skipped phase4 of Reference Processing due to unavailable references
[6.773s][debug][gc,age       ] GC(26) Desired survivor size 15368192 bytes, new threshold 6 (max threshold 6)
[6.773s][info ][gc,heap      ] GC(26) ParNew: 240868K->538K(270336K)
[6.773s][info ][gc,heap      ] GC(26) CMS: 119346K->119363K(600768K)
[6.773s][info ][gc,metaspace ] GC(26) Metaspace: 36661K->36661K(1083392K)
[6.773s][info ][gc           ] GC(26) Pause Young (Allocation Failure) 351M->117M(850M) 2.143ms
[6.773s][info ][gc,cpu       ] GC(26) User=0.01s Sys=0.00s Real=0.00s
[6.773s][info ][safepoint    ] Leaving safepoint region
[6.773s][info ][safepoint    ] Total time for which application threads were stopped: 0.0025364 seconds, Stopping threads took: 0.0001699 seconds
[6.837s][info ][safepoint    ] Application time: 0.0632760 seconds
[6.837s][info ][safepoint    ] Entering safepoint region: GenCollectForAllocation
[6.837s][info ][gc,start     ] GC(27) Pause Young (Allocation Failure)
[6.837s][info ][gc,task      ] GC(27) Using 4 workers of 4 for evacuation
[6.839s][debug][gc,ref       ] GC(27) Skipped phase1 of Reference Processing due to unavailable references
[6.839s][debug][gc,ref       ] GC(27) Skipped phase2 of Reference Processing due to unavailable references
[6.839s][debug][gc,ref       ] GC(27) Skipped phase3 of Reference Processing due to unavailable references
[6.839s][debug][gc,ref       ] GC(27) Skipped phase4 of Reference Processing due to unavailable references
[6.839s][debug][gc,age       ] GC(27) Desired survivor size 15368192 bytes, new threshold 6 (max threshold 6)
[6.839s][info ][gc,heap      ] GC(27) ParNew: 240858K->561K(270336K)
[6.839s][info ][gc,heap      ] GC(27) CMS: 119363K->119442K(600768K)
[6.839s][info ][gc,metaspace ] GC(27) Metaspace: 36661K->36661K(1083392K)
[6.839s][info ][gc           ] GC(27) Pause Young (Allocation Failure) 351M->117M(850M) 1.969ms
[6.839s][info ][gc,cpu       ] GC(27) User=0.01s Sys=0.00s Real=0.00s
[6.839s][info ][safepoint    ] Leaving safepoint region
[6.839s][info ][safepoint    ] Total time for which application threads were stopped: 0.0023635 seconds, Stopping threads took: 0.0002183 seconds
[6.884s][info ][safepoint    ] Application time: 0.0449313 seconds
[6.884s][info ][safepoint    ] Entering safepoint region: GenCollectForAllocation
[6.884s][info ][gc,start     ] GC(28) Pause Young (Allocation Failure)
[6.884s][info ][gc,task      ] GC(28) Using 4 workers of 4 for evacuation
[6.886s][debug][gc,ref       ] GC(28) Skipped phase1 of Reference Processing due to unavailable references
[6.886s][debug][gc,ref       ] GC(28) Skipped phase2 of Reference Processing due to unavailable references
[6.886s][debug][gc,ref       ] GC(28) Skipped phase3 of Reference Processing due to unavailable references
[6.886s][debug][gc,ref       ] GC(28) Skipped phase4 of Reference Processing due to unavailable references
[6.886s][debug][gc,age       ] GC(28) Desired survivor size 15368192 bytes, new threshold 6 (max threshold 6)
[6.886s][info ][gc,heap      ] GC(28) ParNew: 240881K->553K(270336K)
[6.886s][info ][gc,heap      ] GC(28) CMS: 119442K->119468K(600768K)
[6.886s][info ][gc,metaspace ] GC(28) Metaspace: 36661K->36661K(1083392K)
[6.886s][info ][gc           ] GC(28) Pause Young (Allocation Failure) 351M->117M(850M) 2.129ms
[6.886s][info ][gc,cpu       ] GC(28) User=0.01s Sys=0.00s Real=0.00s
[6.886s][info ][safepoint    ] Leaving safepoint region
[6.886s][info ][safepoint    ] Total time for which application threads were stopped: 0.0024455 seconds, Stopping threads took: 0.0001605 seconds
[6.953s][info ][safepoint    ] Application time: 0.0669063 seconds
[6.954s][info ][safepoint    ] Entering safepoint region: GenCollectForAllocation
[6.954s][info ][gc,start     ] GC(29) Pause Young (Allocation Failure)
[6.954s][info ][gc,task      ] GC(29) Using 4 workers of 4 for evacuation
[6.956s][debug][gc,ref       ] GC(29) Skipped phase1 of Reference Processing due to unavailable references
[6.956s][debug][gc,ref       ] GC(29) Skipped phase2 of Reference Processing due to unavailable references
[6.956s][debug][gc,ref       ] GC(29) Skipped phase3 of Reference Processing due to unavailable references
[6.956s][debug][gc,ref       ] GC(29) Skipped phase4 of Reference Processing due to unavailable references
[6.957s][debug][gc,age       ] GC(29) Desired survivor size 15368192 bytes, new threshold 6 (max threshold 6)
[6.957s][info ][gc,heap      ] GC(29) ParNew: 240873K->647K(270336K)
[6.957s][info ][gc,heap      ] GC(29) CMS: 119468K->119518K(600768K)
[6.957s][info ][gc,metaspace ] GC(29) Metaspace: 36661K->36661K(1083392K)
[6.957s][info ][gc           ] GC(29) Pause Young (Allocation Failure) 351M->117M(850M) 2.574ms
[6.957s][info ][gc,cpu       ] GC(29) User=0.01s Sys=0.00s Real=0.00s
[6.957s][info ][safepoint    ] Leaving safepoint region
[6.957s][info ][safepoint    ] Total time for which application threads were stopped: 0.0031885 seconds, Stopping threads took: 0.0004273 seconds
[6.993s][info ][safepoint    ] Application time: 0.0368037 seconds
[6.994s][info ][safepoint    ] Entering safepoint region: GenCollectForAllocation
[6.994s][info ][gc,start     ] GC(30) Pause Young (Allocation Failure)
[6.994s][info ][gc,task      ] GC(30) Using 4 workers of 4 for evacuation
[6.996s][debug][gc,ref       ] GC(30) Skipped phase1 of Reference Processing due to unavailable references
[6.996s][debug][gc,ref       ] GC(30) Skipped phase2 of Reference Processing due to unavailable references
[6.996s][debug][gc,ref       ] GC(30) Skipped phase3 of Reference Processing due to unavailable references
[6.996s][debug][gc,ref       ] GC(30) Skipped phase4 of Reference Processing due to unavailable references
[6.996s][debug][gc,age       ] GC(30) Desired survivor size 15368192 bytes, new threshold 6 (max threshold 6)
[6.996s][info ][gc,heap      ] GC(30) ParNew: 240967K->590K(270336K)
[6.996s][info ][gc,heap      ] GC(30) CMS: 119518K->119572K(600768K)
[6.996s][info ][gc,metaspace ] GC(30) Metaspace: 36661K->36661K(1083392K)
[6.996s][info ][gc           ] GC(30) Pause Young (Allocation Failure) 352M->117M(850M) 2.082ms
[6.996s][info ][gc,cpu       ] GC(30) User=0.01s Sys=0.00s Real=0.00s
[6.996s][info ][safepoint    ] Leaving safepoint region
[6.996s][info ][safepoint    ] Total time for which application threads were stopped: 0.0024471 seconds, Stopping threads took: 0.0002148 seconds
[7.059s][info ][safepoint    ] Application time: 0.0631993 seconds
[7.059s][info ][safepoint    ] Entering safepoint region: GenCollectForAllocation
[7.059s][info ][gc,start     ] GC(31) Pause Young (Allocation Failure)
[7.060s][info ][gc,task      ] GC(31) Using 4 workers of 4 for evacuation
[7.061s][debug][gc,ref       ] GC(31) Skipped phase1 of Reference Processing due to unavailable references
[7.061s][debug][gc,ref       ] GC(31) Skipped phase2 of Reference Processing due to unavailable references
[7.061s][debug][gc,ref       ] GC(31) Skipped phase3 of Reference Processing due to unavailable references
[7.061s][debug][gc,ref       ] GC(31) Skipped phase4 of Reference Processing due to unavailable references
[7.061s][debug][gc,age       ] GC(31) Desired survivor size 15368192 bytes, new threshold 6 (max threshold 6)
[7.061s][info ][gc,heap      ] GC(31) ParNew: 240910K->640K(270336K)
[7.061s][info ][gc,heap      ] GC(31) CMS: 119572K->119608K(600768K)
[7.061s][info ][gc,metaspace ] GC(31) Metaspace: 36661K->36661K(1083392K)
[7.061s][info ][gc           ] GC(31) Pause Young (Allocation Failure) 352M->117M(850M) 1.772ms
[7.061s][info ][gc,cpu       ] GC(31) User=0.00s Sys=0.00s Real=0.00s
[7.061s][info ][safepoint    ] Leaving safepoint region
[7.061s][info ][safepoint    ] Total time for which application threads were stopped: 0.0021053 seconds, Stopping threads took: 0.0001888 seconds
[7.108s][info ][safepoint    ] Application time: 0.0468984 seconds
[7.108s][info ][safepoint    ] Entering safepoint region: GenCollectForAllocation
[7.109s][info ][gc,start     ] GC(32) Pause Young (Allocation Failure)
[7.109s][info ][gc,task      ] GC(32) Using 4 workers of 4 for evacuation
[7.111s][debug][gc,ref       ] GC(32) Skipped phase1 of Reference Processing due to unavailable references
[7.111s][debug][gc,ref       ] GC(32) Skipped phase2 of Reference Processing due to unavailable references
[7.111s][debug][gc,ref       ] GC(32) Skipped phase3 of Reference Processing due to unavailable references
[7.111s][debug][gc,ref       ] GC(32) Skipped phase4 of Reference Processing due to unavailable references
[7.111s][debug][gc,age       ] GC(32) Desired survivor size 15368192 bytes, new threshold 6 (max threshold 6)
[7.111s][info ][gc,heap      ] GC(32) ParNew: 240960K->576K(270336K)
[7.111s][info ][gc,heap      ] GC(32) CMS: 119608K->119662K(600768K)
[7.111s][info ][gc,metaspace ] GC(32) Metaspace: 36661K->36661K(1083392K)
[7.111s][info ][gc           ] GC(32) Pause Young (Allocation Failure) 352M->117M(850M) 2.390ms
[7.111s][info ][gc,cpu       ] GC(32) User=0.01s Sys=0.00s Real=0.01s
[7.111s][info ][safepoint    ] Leaving safepoint region
[7.111s][info ][safepoint    ] Total time for which application threads were stopped: 0.0027925 seconds, Stopping threads took: 0.0002032 seconds
[7.158s][info ][safepoint    ] Application time: 0.0473828 seconds
[7.159s][info ][safepoint    ] Entering safepoint region: GenCollectForAllocation
[7.159s][info ][gc,start     ] GC(33) Pause Young (Allocation Failure)
[7.159s][info ][gc,task      ] GC(33) Using 4 workers of 4 for evacuation
[7.161s][debug][gc,ref       ] GC(33) Skipped phase1 of Reference Processing due to unavailable references
[7.161s][debug][gc,ref       ] GC(33) Skipped phase2 of Reference Processing due to unavailable references
[7.161s][debug][gc,ref       ] GC(33) Skipped phase3 of Reference Processing due to unavailable references
[7.161s][debug][gc,ref       ] GC(33) Skipped phase4 of Reference Processing due to unavailable references
[7.161s][debug][gc,age       ] GC(33) Desired survivor size 15368192 bytes, new threshold 6 (max threshold 6)
[7.161s][info ][gc,heap      ] GC(33) ParNew: 240896K->563K(270336K)
[7.161s][info ][gc,heap      ] GC(33) CMS: 119662K->119721K(600768K)
[7.161s][info ][gc,metaspace ] GC(33) Metaspace: 36661K->36661K(1083392K)
[7.161s][info ][gc           ] GC(33) Pause Young (Allocation Failure) 352M->117M(850M) 1.994ms
[7.161s][info ][gc,cpu       ] GC(33) User=0.01s Sys=0.00s Real=0.00s
[7.161s][info ][safepoint    ] Leaving safepoint region
[7.161s][info ][safepoint    ] Total time for which application threads were stopped: 0.0022943 seconds, Stopping threads took: 0.0001509 seconds
[7.218s][info ][safepoint    ] Application time: 0.0574670 seconds
[7.218s][info ][safepoint    ] Entering safepoint region: GenCollectForAllocation
[7.219s][info ][gc,start     ] GC(34) Pause Young (Allocation Failure)
[7.219s][info ][gc,task      ] GC(34) Using 4 workers of 4 for evacuation
[7.220s][debug][gc,ref       ] GC(34) Skipped phase1 of Reference Processing due to unavailable references
[7.220s][debug][gc,ref       ] GC(34) Skipped phase2 of Reference Processing due to unavailable references
[7.220s][debug][gc,ref       ] GC(34) Skipped phase3 of Reference Processing due to unavailable references
[7.220s][debug][gc,ref       ] GC(34) Skipped phase4 of Reference Processing due to unavailable references
[7.220s][debug][gc,age       ] GC(34) Desired survivor size 15368192 bytes, new threshold 6 (max threshold 6)
[7.220s][info ][gc,heap      ] GC(34) ParNew: 240883K->554K(270336K)
[7.220s][info ][gc,heap      ] GC(34) CMS: 119721K->119755K(600768K)
[7.220s][info ][gc,metaspace ] GC(34) Metaspace: 36661K->36661K(1083392K)
[7.220s][info ][gc           ] GC(34) Pause Young (Allocation Failure) 352M->117M(850M) 1.771ms
[7.220s][info ][gc,cpu       ] GC(34) User=0.00s Sys=0.00s Real=0.00s
[7.220s][info ][safepoint    ] Leaving safepoint region
[7.220s][info ][safepoint    ] Total time for which application threads were stopped: 0.0021237 seconds, Stopping threads took: 0.0001945 seconds
[7.262s][info ][safepoint    ] Application time: 0.0416722 seconds
[7.262s][info ][safepoint    ] Entering safepoint region: GenCollectForAllocation
[7.263s][info ][gc,start     ] GC(35) Pause Young (Allocation Failure)
[7.263s][info ][gc,task      ] GC(35) Using 4 workers of 4 for evacuation
[7.265s][debug][gc,ref       ] GC(35) Skipped phase1 of Reference Processing due to unavailable references
[7.265s][debug][gc,ref       ] GC(35) Skipped phase2 of Reference Processing due to unavailable references
[7.265s][debug][gc,ref       ] GC(35) Skipped phase3 of Reference Processing due to unavailable references
[7.265s][debug][gc,ref       ] GC(35) Skipped phase4 of Reference Processing due to unavailable references
[7.265s][debug][gc,age       ] GC(35) Desired survivor size 15368192 bytes, new threshold 6 (max threshold 6)
[7.265s][info ][gc,heap      ] GC(35) ParNew: 240874K->468K(270336K)
[7.265s][info ][gc,heap      ] GC(35) CMS: 119755K->119824K(600768K)
[7.265s][info ][gc,metaspace ] GC(35) Metaspace: 36665K->36665K(1083392K)
[7.265s][info ][gc           ] GC(35) Pause Young (Allocation Failure) 352M->117M(850M) 2.253ms
[7.265s][info ][gc,cpu       ] GC(35) User=0.01s Sys=0.00s Real=0.00s
[7.265s][info ][safepoint    ] Leaving safepoint region
[7.265s][info ][safepoint    ] Total time for which application threads were stopped: 0.0027333 seconds, Stopping threads took: 0.0003232 seconds
[7.351s][info ][safepoint    ] Application time: 0.0865225 seconds
[7.352s][info ][safepoint    ] Entering safepoint region: GenCollectForAllocation
[7.352s][info ][gc,start     ] GC(36) Pause Young (Allocation Failure)
[7.352s][info ][gc,task      ] GC(36) Using 4 workers of 4 for evacuation
[7.353s][debug][gc,ref       ] GC(36) Skipped phase1 of Reference Processing due to unavailable references
[7.353s][debug][gc,ref       ] GC(36) Skipped phase2 of Reference Processing due to unavailable references
[7.353s][debug][gc,ref       ] GC(36) Skipped phase3 of Reference Processing due to unavailable references
[7.353s][debug][gc,ref       ] GC(36) Skipped phase4 of Reference Processing due to unavailable references
[7.354s][debug][gc,age       ] GC(36) Desired survivor size 15368192 bytes, new threshold 6 (max threshold 6)
[7.354s][info ][gc,heap      ] GC(36) ParNew: 240788K->705K(270336K)
[7.354s][info ][gc,heap      ] GC(36) CMS: 119824K->119843K(600768K)
[7.354s][info ][gc,metaspace ] GC(36) Metaspace: 36670K->36670K(1083392K)
[7.354s][info ][gc           ] GC(36) Pause Young (Allocation Failure) 352M->117M(850M) 1.890ms
[7.354s][info ][gc,cpu       ] GC(36) User=0.01s Sys=0.00s Real=0.00s
[7.354s][info ][safepoint    ] Leaving safepoint region
[7.354s][info ][safepoint    ] Total time for which application threads were stopped: 0.0022025 seconds, Stopping threads took: 0.0001566 seconds
[7.394s][info ][safepoint    ] Application time: 0.0403134 seconds
[7.394s][info ][safepoint    ] Entering safepoint region: GenCollectForAllocation
[7.394s][info ][gc,start     ] GC(37) Pause Young (Allocation Failure)
[7.394s][info ][gc,task      ] GC(37) Using 4 workers of 4 for evacuation
[7.396s][debug][gc,ref       ] GC(37) Skipped phase1 of Reference Processing due to unavailable references
[7.396s][debug][gc,ref       ] GC(37) Skipped phase2 of Reference Processing due to unavailable references
[7.396s][debug][gc,ref       ] GC(37) Skipped phase3 of Reference Processing due to unavailable references
[7.396s][debug][gc,ref       ] GC(37) Skipped phase4 of Reference Processing due to unavailable references
[7.396s][debug][gc,age       ] GC(37) Desired survivor size 15368192 bytes, new threshold 6 (max threshold 6)
[7.396s][info ][gc,heap      ] GC(37) ParNew: 241025K->523K(270336K)
[7.396s][info ][gc,heap      ] GC(37) CMS: 119843K->119911K(600768K)
[7.396s][info ][gc,metaspace ] GC(37) Metaspace: 36671K->36671K(1083392K)
[7.396s][info ][gc           ] GC(37) Pause Young (Allocation Failure) 352M->117M(850M) 2.103ms
[7.396s][info ][gc,cpu       ] GC(37) User=0.01s Sys=0.00s Real=0.00s
[7.396s][info ][safepoint    ] Leaving safepoint region
[7.396s][info ][safepoint    ] Total time for which application threads were stopped: 0.0023895 seconds, Stopping threads took: 0.0001332 seconds
[7.450s][info ][safepoint    ] Application time: 0.0539108 seconds
[7.451s][info ][safepoint    ] Entering safepoint region: GenCollectForAllocation
[7.451s][info ][gc,start     ] GC(38) Pause Young (Allocation Failure)
[7.451s][info ][gc,task      ] GC(38) Using 4 workers of 4 for evacuation
[7.453s][debug][gc,ref       ] GC(38) Skipped phase1 of Reference Processing due to unavailable references
[7.453s][debug][gc,ref       ] GC(38) Skipped phase2 of Reference Processing due to unavailable references
[7.453s][debug][gc,ref       ] GC(38) Skipped phase3 of Reference Processing due to unavailable references
[7.453s][debug][gc,ref       ] GC(38) Skipped phase4 of Reference Processing due to unavailable references
[7.453s][debug][gc,age       ] GC(38) Desired survivor size 15368192 bytes, new threshold 6 (max threshold 6)
[7.453s][info ][gc,heap      ] GC(38) ParNew: 240843K->590K(270336K)
[7.453s][info ][gc,heap      ] GC(38) CMS: 119911K->119948K(600768K)
[7.453s][info ][gc,metaspace ] GC(38) Metaspace: 36671K->36671K(1083392K)
[7.453s][info ][gc           ] GC(38) Pause Young (Allocation Failure) 352M->117M(850M) 1.892ms
[7.453s][info ][gc,cpu       ] GC(38) User=0.00s Sys=0.00s Real=0.00s
[7.453s][info ][safepoint    ] Leaving safepoint region
[7.453s][info ][safepoint    ] Total time for which application threads were stopped: 0.0025077 seconds, Stopping threads took: 0.0004524 seconds
[7.498s][info ][safepoint    ] Application time: 0.0453013 seconds
[7.500s][info ][safepoint    ] Entering safepoint region: GenCollectForAllocation
[7.500s][info ][gc,start     ] GC(39) Pause Young (Allocation Failure)
[7.500s][info ][gc,task      ] GC(39) Using 4 workers of 4 for evacuation
[7.502s][debug][gc,ref       ] GC(39) Skipped phase1 of Reference Processing due to unavailable references
[7.502s][debug][gc,ref       ] GC(39) Skipped phase2 of Reference Processing due to unavailable references
[7.502s][debug][gc,ref       ] GC(39) Skipped phase3 of Reference Processing due to unavailable references
[7.502s][debug][gc,ref       ] GC(39) Skipped phase4 of Reference Processing due to unavailable references
[7.502s][debug][gc,age       ] GC(39) Desired survivor size 15368192 bytes, new threshold 6 (max threshold 6)
[7.502s][info ][gc,heap      ] GC(39) ParNew: 240910K->550K(270336K)
[7.502s][info ][gc,heap      ] GC(39) CMS: 119948K->120004K(600768K)
[7.502s][info ][gc,metaspace ] GC(39) Metaspace: 36672K->36672K(1083392K)
[7.502s][info ][gc           ] GC(39) Pause Young (Allocation Failure) 352M->117M(850M) 2.335ms
[7.502s][info ][gc,cpu       ] GC(39) User=0.01s Sys=0.00s Real=0.01s
[7.502s][info ][safepoint    ] Leaving safepoint region
[7.502s][info ][safepoint    ] Total time for which application threads were stopped: 0.0038849 seconds, Stopping threads took: 0.0013735 seconds
[7.564s][info ][safepoint    ] Application time: 0.0620969 seconds
[7.565s][info ][safepoint    ] Entering safepoint region: GenCollectForAllocation
[7.565s][info ][gc,start     ] GC(40) Pause Young (Allocation Failure)
[7.565s][info ][gc,task      ] GC(40) Using 4 workers of 4 for evacuation
[7.566s][debug][gc,ref       ] GC(40) Skipped phase1 of Reference Processing due to unavailable references
[7.567s][debug][gc,ref       ] GC(40) Skipped phase2 of Reference Processing due to unavailable references
[7.567s][debug][gc,ref       ] GC(40) Skipped phase3 of Reference Processing due to unavailable references
[7.567s][debug][gc,ref       ] GC(40) Skipped phase4 of Reference Processing due to unavailable references
[7.567s][debug][gc,age       ] GC(40) Desired survivor size 15368192 bytes, new threshold 6 (max threshold 6)
[7.567s][info ][gc,heap      ] GC(40) ParNew: 240870K->561K(270336K)
[7.567s][info ][gc,heap      ] GC(40) CMS: 120004K->120051K(600768K)
[7.567s][info ][gc,metaspace ] GC(40) Metaspace: 36672K->36672K(1083392K)
[7.567s][info ][gc           ] GC(40) Pause Young (Allocation Failure) 352M->117M(850M) 1.950ms
[7.567s][info ][gc,cpu       ] GC(40) User=0.01s Sys=0.00s Real=0.00s
[7.567s][info ][safepoint    ] Leaving safepoint region
[7.567s][info ][safepoint    ] Total time for which application threads were stopped: 0.0023804 seconds, Stopping threads took: 0.0002844 seconds
[7.612s][info ][safepoint    ] Application time: 0.0449091 seconds
[7.612s][info ][safepoint    ] Entering safepoint region: GenCollectForAllocation
[7.612s][info ][gc,start     ] GC(41) Pause Young (Allocation Failure)
[7.612s][info ][gc,task      ] GC(41) Using 4 workers of 4 for evacuation
[7.614s][debug][gc,ref       ] GC(41) Skipped phase1 of Reference Processing due to unavailable references
[7.614s][debug][gc,ref       ] GC(41) Skipped phase2 of Reference Processing due to unavailable references
[7.614s][debug][gc,ref       ] GC(41) Skipped phase3 of Reference Processing due to unavailable references
[7.614s][debug][gc,ref       ] GC(41) Skipped phase4 of Reference Processing due to unavailable references
[7.614s][debug][gc,age       ] GC(41) Desired survivor size 15368192 bytes, new threshold 6 (max threshold 6)
[7.614s][info ][gc,heap      ] GC(41) ParNew: 240881K->563K(270336K)
[7.614s][info ][gc,heap      ] GC(41) CMS: 120051K->120087K(600768K)
[7.614s][info ][gc,metaspace ] GC(41) Metaspace: 36672K->36672K(1083392K)
[7.614s][info ][gc           ] GC(41) Pause Young (Allocation Failure) 352M->117M(850M) 2.253ms
[7.614s][info ][gc,cpu       ] GC(41) User=0.01s Sys=0.00s Real=0.00s
[7.614s][info ][safepoint    ] Leaving safepoint region
[7.614s][info ][safepoint    ] Total time for which application threads were stopped: 0.0026595 seconds, Stopping threads took: 0.0002590 seconds
[7.674s][info ][safepoint    ] Application time: 0.0595512 seconds
[7.674s][info ][safepoint    ] Entering safepoint region: GenCollectForAllocation
[7.674s][info ][gc,start     ] GC(42) Pause Young (Allocation Failure)
[7.674s][info ][gc,task      ] GC(42) Using 4 workers of 4 for evacuation
[7.676s][debug][gc,ref       ] GC(42) Skipped phase1 of Reference Processing due to unavailable references
[7.676s][debug][gc,ref       ] GC(42) Skipped phase2 of Reference Processing due to unavailable references
[7.676s][debug][gc,ref       ] GC(42) Skipped phase3 of Reference Processing due to unavailable references
[7.676s][debug][gc,ref       ] GC(42) Skipped phase4 of Reference Processing due to unavailable references
[7.676s][debug][gc,age       ] GC(42) Desired survivor size 15368192 bytes, new threshold 6 (max threshold 6)
[7.676s][info ][gc,heap      ] GC(42) ParNew: 240883K->471K(270336K)
[7.676s][info ][gc,heap      ] GC(42) CMS: 120087K->120146K(600768K)
[7.676s][info ][gc,metaspace ] GC(42) Metaspace: 36672K->36672K(1083392K)
[7.676s][info ][gc           ] GC(42) Pause Young (Allocation Failure) 352M->117M(850M) 1.911ms
[7.676s][info ][gc,cpu       ] GC(42) User=0.00s Sys=0.00s Real=0.00s
[7.676s][info ][safepoint    ] Leaving safepoint region
[7.676s][info ][safepoint    ] Total time for which application threads were stopped: 0.0021701 seconds, Stopping threads took: 0.0000849 seconds
[7.735s][info ][safepoint    ] Application time: 0.0588231 seconds
[7.735s][info ][safepoint    ] Entering safepoint region: GenCollectForAllocation
[7.735s][info ][gc,start     ] GC(43) Pause Young (Allocation Failure)
[7.736s][info ][gc,task      ] GC(43) Using 4 workers of 4 for evacuation
[7.737s][debug][gc,ref       ] GC(43) Skipped phase1 of Reference Processing due to unavailable references
[7.737s][debug][gc,ref       ] GC(43) Skipped phase2 of Reference Processing due to unavailable references
[7.737s][debug][gc,ref       ] GC(43) Skipped phase3 of Reference Processing due to unavailable references
[7.737s][debug][gc,ref       ] GC(43) Skipped phase4 of Reference Processing due to unavailable references
[7.737s][debug][gc,age       ] GC(43) Desired survivor size 15368192 bytes, new threshold 6 (max threshold 6)
[7.737s][info ][gc,heap      ] GC(43) ParNew: 240791K->662K(270336K)
[7.737s][info ][gc,heap      ] GC(43) CMS: 120146K->120183K(600768K)
[7.737s][info ][gc,metaspace ] GC(43) Metaspace: 36672K->36672K(1083392K)
[7.737s][info ][gc           ] GC(43) Pause Young (Allocation Failure) 352M->118M(850M) 1.950ms
[7.737s][info ][gc,cpu       ] GC(43) User=0.00s Sys=0.00s Real=0.00s
[7.737s][info ][safepoint    ] Leaving safepoint region
[7.737s][info ][safepoint    ] Total time for which application threads were stopped: 0.0025663 seconds, Stopping threads took: 0.0004496 seconds
[7.789s][info ][safepoint    ] Application time: 0.0515855 seconds
[7.789s][info ][safepoint    ] Entering safepoint region: GenCollectForAllocation
[7.790s][info ][gc,start     ] GC(44) Pause Young (Allocation Failure)
[7.790s][info ][gc,task      ] GC(44) Using 4 workers of 4 for evacuation
[7.792s][debug][gc,ref       ] GC(44) Skipped phase1 of Reference Processing due to unavailable references
[7.792s][debug][gc,ref       ] GC(44) Skipped phase2 of Reference Processing due to unavailable references
[7.792s][debug][gc,ref       ] GC(44) Skipped phase3 of Reference Processing due to unavailable references
[7.792s][debug][gc,ref       ] GC(44) Skipped phase4 of Reference Processing due to unavailable references
[7.792s][debug][gc,age       ] GC(44) Desired survivor size 15368192 bytes, new threshold 6 (max threshold 6)
[7.792s][info ][gc,heap      ] GC(44) ParNew: 240982K->504K(270336K)
[7.792s][info ][gc,heap      ] GC(44) CMS: 120183K->120244K(600768K)
[7.792s][info ][gc,metaspace ] GC(44) Metaspace: 36672K->36672K(1083392K)
[7.792s][info ][gc           ] GC(44) Pause Young (Allocation Failure) 352M->117M(850M) 2.393ms
[7.792s][info ][gc,cpu       ] GC(44) User=0.01s Sys=0.00s Real=0.01s
[7.792s][info ][safepoint    ] Leaving safepoint region
[7.792s][info ][safepoint    ] Total time for which application threads were stopped: 0.0028300 seconds, Stopping threads took: 0.0002753 seconds
[7.841s][info ][safepoint    ] Application time: 0.0488355 seconds
[7.841s][info ][safepoint    ] Entering safepoint region: GenCollectForAllocation
[7.841s][info ][gc,start     ] GC(45) Pause Young (Allocation Failure)
[7.841s][info ][gc,task      ] GC(45) Using 4 workers of 4 for evacuation
[7.843s][debug][gc,ref       ] GC(45) Skipped phase1 of Reference Processing due to unavailable references
[7.843s][debug][gc,ref       ] GC(45) Skipped phase2 of Reference Processing due to unavailable references
[7.843s][debug][gc,ref       ] GC(45) Skipped phase3 of Reference Processing due to unavailable references
[7.843s][debug][gc,ref       ] GC(45) Skipped phase4 of Reference Processing due to unavailable references
[7.843s][debug][gc,age       ] GC(45) Desired survivor size 15368192 bytes, new threshold 6 (max threshold 6)
[7.843s][info ][gc,heap      ] GC(45) ParNew: 240824K->685K(270336K)
[7.843s][info ][gc,heap      ] GC(45) CMS: 120244K->120289K(600768K)
[7.843s][info ][gc,metaspace ] GC(45) Metaspace: 36672K->36672K(1083392K)
[7.843s][info ][gc           ] GC(45) Pause Young (Allocation Failure) 352M->118M(850M) 2.001ms
[7.843s][info ][gc,cpu       ] GC(45) User=0.01s Sys=0.00s Real=0.01s
[7.843s][info ][safepoint    ] Leaving safepoint region
[7.843s][info ][safepoint    ] Total time for which application threads were stopped: 0.0024436 seconds, Stopping threads took: 0.0002694 seconds
[7.907s][info ][safepoint    ] Application time: 0.0632423 seconds
[7.907s][info ][safepoint    ] Entering safepoint region: GenCollectForAllocation
[7.907s][info ][gc,start     ] GC(46) Pause Young (Allocation Failure)
[7.907s][info ][gc,task      ] GC(46) Using 4 workers of 4 for evacuation
[7.909s][debug][gc,ref       ] GC(46) Skipped phase1 of Reference Processing due to unavailable references
[7.909s][debug][gc,ref       ] GC(46) Skipped phase2 of Reference Processing due to unavailable references
[7.909s][debug][gc,ref       ] GC(46) Skipped phase3 of Reference Processing due to unavailable references
[7.909s][debug][gc,ref       ] GC(46) Skipped phase4 of Reference Processing due to unavailable references
[7.909s][debug][gc,age       ] GC(46) Desired survivor size 15368192 bytes, new threshold 6 (max threshold 6)
[7.909s][info ][gc,heap      ] GC(46) ParNew: 241005K->711K(270336K)
[7.909s][info ][gc,heap      ] GC(46) CMS: 120289K->120354K(600768K)
[7.909s][info ][gc,metaspace ] GC(46) Metaspace: 36672K->36672K(1083392K)
[7.909s][info ][gc           ] GC(46) Pause Young (Allocation Failure) 352M->118M(850M) 1.955ms
[7.909s][info ][gc,cpu       ] GC(46) User=0.01s Sys=0.00s Real=0.00s
[7.909s][info ][safepoint    ] Leaving safepoint region
[7.909s][info ][safepoint    ] Total time for which application threads were stopped: 0.0022100 seconds, Stopping threads took: 0.0001148 seconds
[7.951s][info ][safepoint    ] Application time: 0.0419801 seconds
[7.951s][info ][safepoint    ] Entering safepoint region: GenCollectForAllocation
[7.951s][info ][gc,start     ] GC(47) Pause Young (Allocation Failure)
[7.951s][info ][gc,task      ] GC(47) Using 4 workers of 4 for evacuation
[7.953s][debug][gc,ref       ] GC(47) Skipped phase1 of Reference Processing due to unavailable references
[7.953s][debug][gc,ref       ] GC(47) Skipped phase2 of Reference Processing due to unavailable references
[7.954s][debug][gc,ref       ] GC(47) Skipped phase3 of Reference Processing due to unavailable references
[7.954s][debug][gc,ref       ] GC(47) Skipped phase4 of Reference Processing due to unavailable references
[7.954s][debug][gc,age       ] GC(47) Desired survivor size 15368192 bytes, new threshold 6 (max threshold 6)
[7.954s][info ][gc,heap      ] GC(47) ParNew: 241031K->505K(270336K)
[7.954s][info ][gc,heap      ] GC(47) CMS: 120354K->120389K(600768K)
[7.954s][info ][gc,metaspace ] GC(47) Metaspace: 36672K->36672K(1083392K)
[7.954s][info ][gc           ] GC(47) Pause Young (Allocation Failure) 352M->118M(850M) 2.457ms
[7.954s][info ][gc,cpu       ] GC(47) User=0.01s Sys=0.00s Real=0.00s
[7.954s][info ][safepoint    ] Leaving safepoint region
[7.954s][info ][safepoint    ] Total time for which application threads were stopped: 0.0028398 seconds, Stopping threads took: 0.0002290 seconds
[8.012s][info ][safepoint    ] Application time: 0.0586054 seconds
[8.013s][info ][safepoint    ] Entering safepoint region: GenCollectForAllocation
[8.013s][info ][gc,start     ] GC(48) Pause Young (Allocation Failure)
[8.013s][info ][gc,task      ] GC(48) Using 4 workers of 4 for evacuation
[8.019s][debug][gc,ref       ] GC(48) Skipped phase1 of Reference Processing due to unavailable references
[8.019s][debug][gc,ref       ] GC(48) Skipped phase2 of Reference Processing due to unavailable references
[8.019s][debug][gc,ref       ] GC(48) Skipped phase3 of Reference Processing due to unavailable references
[8.019s][debug][gc,ref       ] GC(48) Skipped phase4 of Reference Processing due to unavailable references
[8.020s][debug][gc,age       ] GC(48) Desired survivor size 15368192 bytes, new threshold 6 (max threshold 6)
[8.020s][info ][gc,heap      ] GC(48) ParNew: 240825K->550K(270336K)
[8.020s][info ][gc,heap      ] GC(48) CMS: 120389K->120454K(600768K)
[8.020s][info ][gc,metaspace ] GC(48) Metaspace: 36673K->36673K(1083392K)
[8.020s][info ][gc           ] GC(48) Pause Young (Allocation Failure) 352M->118M(850M) 6.870ms
[8.020s][info ][gc,cpu       ] GC(48) User=0.03s Sys=0.00s Real=0.00s
[8.020s][info ][safepoint    ] Leaving safepoint region
[8.020s][info ][safepoint    ] Total time for which application threads were stopped: 0.0073210 seconds, Stopping threads took: 0.0002747 seconds
[8.065s][info ][safepoint    ] Application time: 0.0452387 seconds
[8.066s][info ][safepoint    ] Entering safepoint region: GenCollectForAllocation
[8.066s][info ][gc,start     ] GC(49) Pause Young (Allocation Failure)
[8.066s][info ][gc,task      ] GC(49) Using 4 workers of 4 for evacuation
[8.069s][debug][gc,ref       ] GC(49) Skipped phase1 of Reference Processing due to unavailable references
[8.069s][debug][gc,ref       ] GC(49) Skipped phase2 of Reference Processing due to unavailable references
[8.069s][debug][gc,ref       ] GC(49) Skipped phase3 of Reference Processing due to unavailable references
[8.069s][debug][gc,ref       ] GC(49) Skipped phase4 of Reference Processing due to unavailable references
[8.069s][debug][gc,age       ] GC(49) Desired survivor size 15368192 bytes, new threshold 6 (max threshold 6)
[8.069s][info ][gc,heap      ] GC(49) ParNew: 240870K->586K(270336K)
[8.069s][info ][gc,heap      ] GC(49) CMS: 120454K->120502K(600768K)
[8.069s][info ][gc,metaspace ] GC(49) Metaspace: 36683K->36683K(1083392K)
[8.069s][info ][gc           ] GC(49) Pause Young (Allocation Failure) 352M->118M(850M) 2.737ms
[8.069s][info ][gc,cpu       ] GC(49) User=0.01s Sys=0.00s Real=0.00s
[8.069s][info ][safepoint    ] Leaving safepoint region
[8.069s][info ][safepoint    ] Total time for which application threads were stopped: 0.0040206 seconds, Stopping threads took: 0.0011239 seconds
[8.128s][info ][safepoint    ] Application time: 0.0591067 seconds
[8.128s][info ][safepoint    ] Entering safepoint region: GenCollectForAllocation
[8.128s][info ][gc,start     ] GC(50) Pause Young (Allocation Failure)
[8.128s][info ][gc,task      ] GC(50) Using 4 workers of 4 for evacuation
[8.130s][debug][gc,ref       ] GC(50) Skipped phase1 of Reference Processing due to unavailable references
[8.130s][debug][gc,ref       ] GC(50) Skipped phase2 of Reference Processing due to unavailable references
[8.130s][debug][gc,ref       ] GC(50) Skipped phase3 of Reference Processing due to unavailable references
[8.130s][debug][gc,ref       ] GC(50) Skipped phase4 of Reference Processing due to unavailable references
[8.130s][debug][gc,age       ] GC(50) Desired survivor size 15368192 bytes, new threshold 6 (max threshold 6)
[8.130s][info ][gc,heap      ] GC(50) ParNew: 240906K->608K(270336K)
[8.130s][info ][gc,heap      ] GC(50) CMS: 120502K->120564K(600768K)
[8.130s][info ][gc,metaspace ] GC(50) Metaspace: 36683K->36683K(1083392K)
[8.130s][info ][gc           ] GC(50) Pause Young (Allocation Failure) 352M->118M(850M) 2.035ms
[8.130s][info ][gc,cpu       ] GC(50) User=0.00s Sys=0.00s Real=0.01s
[8.130s][info ][safepoint    ] Leaving safepoint region
[8.130s][info ][safepoint    ] Total time for which application threads were stopped: 0.0023148 seconds, Stopping threads took: 0.0001334 seconds
[8.175s][info ][safepoint    ] Application time: 0.0448456 seconds
[8.175s][info ][safepoint    ] Entering safepoint region: GenCollectForAllocation
[8.176s][info ][gc,start     ] GC(51) Pause Young (Allocation Failure)
[8.176s][info ][gc,task      ] GC(51) Using 4 workers of 4 for evacuation
[8.178s][debug][gc,ref       ] GC(51) Skipped phase1 of Reference Processing due to unavailable references
[8.178s][debug][gc,ref       ] GC(51) Skipped phase2 of Reference Processing due to unavailable references
[8.178s][debug][gc,ref       ] GC(51) Skipped phase3 of Reference Processing due to unavailable references
[8.178s][debug][gc,ref       ] GC(51) Skipped phase4 of Reference Processing due to unavailable references
[8.178s][debug][gc,age       ] GC(51) Desired survivor size 15368192 bytes, new threshold 6 (max threshold 6)
[8.178s][info ][gc,heap      ] GC(51) ParNew: 240928K->698K(270336K)
[8.178s][info ][gc,heap      ] GC(51) CMS: 120564K->120608K(600768K)
[8.178s][info ][gc,metaspace ] GC(51) Metaspace: 36683K->36683K(1083392K)
[8.178s][info ][gc           ] GC(51) Pause Young (Allocation Failure) 353M->118M(850M) 2.396ms
[8.178s][info ][gc,cpu       ] GC(51) User=0.01s Sys=0.00s Real=0.00s
[8.178s][info ][safepoint    ] Leaving safepoint region
[8.178s][info ][safepoint    ] Total time for which application threads were stopped: 0.0027417 seconds, Stopping threads took: 0.0001702 seconds
[8.234s][info ][safepoint    ] Application time: 0.0557510 seconds
[8.234s][info ][safepoint    ] Entering safepoint region: GenCollectForAllocation
[8.234s][info ][gc,start     ] GC(52) Pause Young (Allocation Failure)
[8.234s][info ][gc,task      ] GC(52) Using 4 workers of 4 for evacuation
[8.236s][debug][gc,ref       ] GC(52) Skipped phase1 of Reference Processing due to unavailable references
[8.236s][debug][gc,ref       ] GC(52) Skipped phase2 of Reference Processing due to unavailable references
[8.236s][debug][gc,ref       ] GC(52) Skipped phase3 of Reference Processing due to unavailable references
[8.236s][debug][gc,ref       ] GC(52) Skipped phase4 of Reference Processing due to unavailable references
[8.236s][debug][gc,age       ] GC(52) Desired survivor size 15368192 bytes, new threshold 6 (max threshold 6)
[8.236s][info ][gc,heap      ] GC(52) ParNew: 241018K->509K(270336K)
[8.236s][info ][gc,heap      ] GC(52) CMS: 120608K->120685K(600768K)
[8.236s][info ][gc,metaspace ] GC(52) Metaspace: 36683K->36683K(1083392K)
[8.236s][info ][gc           ] GC(52) Pause Young (Allocation Failure) 353M->118M(850M) 2.099ms
[8.236s][info ][gc,cpu       ] GC(52) User=0.01s Sys=0.00s Real=0.00s
[8.236s][info ][safepoint    ] Leaving safepoint region
[8.236s][info ][safepoint    ] Total time for which application threads were stopped: 0.0024865 seconds, Stopping threads took: 0.0002381 seconds
[8.291s][info ][safepoint    ] Application time: 0.0541844 seconds
[8.291s][info ][safepoint    ] Entering safepoint region: GenCollectForAllocation
[8.291s][info ][gc,start     ] GC(53) Pause Young (Allocation Failure)
[8.291s][info ][gc,task      ] GC(53) Using 4 workers of 4 for evacuation
[8.292s][debug][gc,ref       ] GC(53) Skipped phase1 of Reference Processing due to unavailable references
[8.292s][debug][gc,ref       ] GC(53) Skipped phase2 of Reference Processing due to unavailable references
[8.292s][debug][gc,ref       ] GC(53) Skipped phase3 of Reference Processing due to unavailable references
[8.292s][debug][gc,ref       ] GC(53) Skipped phase4 of Reference Processing due to unavailable references
[8.292s][debug][gc,age       ] GC(53) Desired survivor size 15368192 bytes, new threshold 6 (max threshold 6)
[8.293s][info ][gc,heap      ] GC(53) ParNew: 240829K->619K(270336K)
[8.293s][info ][gc,heap      ] GC(53) CMS: 120685K->120713K(600768K)
[8.293s][info ][gc,metaspace ] GC(53) Metaspace: 36683K->36683K(1083392K)
[8.293s][info ][gc           ] GC(53) Pause Young (Allocation Failure) 353M->118M(850M) 1.881ms
[8.293s][info ][gc,cpu       ] GC(53) User=0.00s Sys=0.00s Real=0.00s
[8.293s][info ][safepoint    ] Leaving safepoint region
[8.293s][info ][safepoint    ] Total time for which application threads were stopped: 0.0020896 seconds, Stopping threads took: 0.0000701 seconds
[8.343s][info ][safepoint    ] Application time: 0.0501184 seconds
[8.344s][info ][safepoint    ] Entering safepoint region: GenCollectForAllocation
[8.344s][info ][gc,start     ] GC(54) Pause Young (Allocation Failure)
[8.345s][info ][gc,task      ] GC(54) Using 4 workers of 4 for evacuation
[8.347s][debug][gc,ref       ] GC(54) Skipped phase1 of Reference Processing due to unavailable references
[8.347s][debug][gc,ref       ] GC(54) Skipped phase2 of Reference Processing due to unavailable references
[8.347s][debug][gc,ref       ] GC(54) Skipped phase3 of Reference Processing due to unavailable references
[8.347s][debug][gc,ref       ] GC(54) Skipped phase4 of Reference Processing due to unavailable references
[8.347s][debug][gc,age       ] GC(54) Desired survivor size 15368192 bytes, new threshold 6 (max threshold 6)
[8.347s][info ][gc,heap      ] GC(54) ParNew: 240939K->504K(270336K)
[8.347s][info ][gc,heap      ] GC(54) CMS: 120713K->120786K(600768K)
[8.347s][info ][gc,metaspace ] GC(54) Metaspace: 36683K->36683K(1083392K)
[8.347s][info ][gc           ] GC(54) Pause Young (Allocation Failure) 353M->118M(850M) 2.374ms
[8.347s][info ][gc,cpu       ] GC(54) User=0.00s Sys=0.00s Real=0.00s
[8.347s][info ][safepoint    ] Leaving safepoint region
[8.347s][info ][safepoint    ] Total time for which application threads were stopped: 0.0040632 seconds, Stopping threads took: 0.0015115 seconds
[8.404s][info ][safepoint    ] Application time: 0.0567644 seconds
[8.404s][info ][safepoint    ] Entering safepoint region: GenCollectForAllocation
[8.404s][info ][gc,start     ] GC(55) Pause Young (Allocation Failure)
[8.404s][info ][gc,task      ] GC(55) Using 4 workers of 4 for evacuation
[8.407s][debug][gc,ref       ] GC(55) Skipped phase1 of Reference Processing due to unavailable references
[8.407s][debug][gc,ref       ] GC(55) Skipped phase2 of Reference Processing due to unavailable references
[8.407s][debug][gc,ref       ] GC(55) Skipped phase3 of Reference Processing due to unavailable references
[8.407s][debug][gc,ref       ] GC(55) Skipped phase4 of Reference Processing due to unavailable references
[8.407s][debug][gc,age       ] GC(55) Desired survivor size 15368192 bytes, new threshold 6 (max threshold 6)
[8.407s][info ][gc,heap      ] GC(55) ParNew: 240824K->601K(270336K)
[8.407s][info ][gc,heap      ] GC(55) CMS: 120786K->120824K(600768K)
[8.407s][info ][gc,metaspace ] GC(55) Metaspace: 36683K->36683K(1083392K)
[8.407s][info ][gc           ] GC(55) Pause Young (Allocation Failure) 353M->118M(850M) 2.770ms
[8.407s][info ][gc,cpu       ] GC(55) User=0.01s Sys=0.00s Real=0.00s
[8.407s][info ][safepoint    ] Leaving safepoint region
[8.407s][info ][safepoint    ] Total time for which application threads were stopped: 0.0031220 seconds, Stopping threads took: 0.0001980 seconds
[8.455s][info ][safepoint    ] Application time: 0.0477659 seconds
[8.455s][info ][safepoint    ] Entering safepoint region: GenCollectForAllocation
[8.455s][info ][gc,start     ] GC(56) Pause Young (Allocation Failure)
[8.455s][info ][gc,task      ] GC(56) Using 4 workers of 4 for evacuation
[8.457s][debug][gc,ref       ] GC(56) Skipped phase1 of Reference Processing due to unavailable references
[8.457s][debug][gc,ref       ] GC(56) Skipped phase2 of Reference Processing due to unavailable references
[8.457s][debug][gc,ref       ] GC(56) Skipped phase3 of Reference Processing due to unavailable references
[8.457s][debug][gc,ref       ] GC(56) Skipped phase4 of Reference Processing due to unavailable references
[8.457s][debug][gc,age       ] GC(56) Desired survivor size 15368192 bytes, new threshold 6 (max threshold 6)
[8.457s][info ][gc,heap      ] GC(56) ParNew: 240921K->626K(270336K)
[8.457s][info ][gc,heap      ] GC(56) CMS: 120824K->120901K(600768K)
[8.457s][info ][gc,metaspace ] GC(56) Metaspace: 36683K->36683K(1083392K)
[8.457s][info ][gc           ] GC(56) Pause Young (Allocation Failure) 353M->118M(850M) 1.898ms
[8.457s][info ][gc,cpu       ] GC(56) User=0.00s Sys=0.00s Real=0.00s
[8.457s][info ][safepoint    ] Leaving safepoint region
[8.457s][info ][safepoint    ] Total time for which application threads were stopped: 0.0022398 seconds, Stopping threads took: 0.0001612 seconds
[8.517s][info ][safepoint    ] Application time: 0.0599971 seconds
[8.518s][info ][safepoint    ] Entering safepoint region: GenCollectForAllocation
[8.518s][info ][gc,start     ] GC(57) Pause Young (Allocation Failure)
[8.518s][info ][gc,task      ] GC(57) Using 4 workers of 4 for evacuation
[8.520s][debug][gc,ref       ] GC(57) Skipped phase1 of Reference Processing due to unavailable references
[8.520s][debug][gc,ref       ] GC(57) Skipped phase2 of Reference Processing due to unavailable references
[8.520s][debug][gc,ref       ] GC(57) Skipped phase3 of Reference Processing due to unavailable references
[8.520s][debug][gc,ref       ] GC(57) Skipped phase4 of Reference Processing due to unavailable references
[8.520s][debug][gc,age       ] GC(57) Desired survivor size 15368192 bytes, new threshold 6 (max threshold 6)
[8.520s][info ][gc,heap      ] GC(57) ParNew: 240946K->715K(270336K)
[8.520s][info ][gc,heap      ] GC(57) CMS: 120901K->120943K(600768K)
[8.520s][info ][gc,metaspace ] GC(57) Metaspace: 36683K->36683K(1083392K)
[8.520s][info ][gc           ] GC(57) Pause Young (Allocation Failure) 353M->118M(850M) 2.527ms
[8.520s][info ][gc,cpu       ] GC(57) User=0.01s Sys=0.00s Real=0.00s
[8.520s][info ][safepoint    ] Leaving safepoint region
[8.520s][info ][safepoint    ] Total time for which application threads were stopped: 0.0034753 seconds, Stopping threads took: 0.0007921 seconds
[8.570s][info ][safepoint    ] Application time: 0.0496421 seconds
[8.570s][info ][safepoint    ] Entering safepoint region: GenCollectForAllocation
[8.570s][info ][gc,start     ] GC(58) Pause Young (Allocation Failure)
[8.570s][info ][gc,task      ] GC(58) Using 4 workers of 4 for evacuation
[8.575s][debug][gc,ref       ] GC(58) Skipped phase1 of Reference Processing due to unavailable references
[8.575s][debug][gc,ref       ] GC(58) Skipped phase2 of Reference Processing due to unavailable references
[8.575s][debug][gc,ref       ] GC(58) Skipped phase3 of Reference Processing due to unavailable references
[8.575s][debug][gc,ref       ] GC(58) Skipped phase4 of Reference Processing due to unavailable references
[8.575s][debug][gc,age       ] GC(58) Desired survivor size 15368192 bytes, new threshold 6 (max threshold 6)
[8.575s][info ][gc,heap      ] GC(58) ParNew: 241035K->747K(270336K)
[8.575s][info ][gc,heap      ] GC(58) CMS: 120943K->121003K(600768K)
[8.575s][info ][gc,metaspace ] GC(58) Metaspace: 36683K->36683K(1083392K)
[8.575s][info ][gc           ] GC(58) Pause Young (Allocation Failure) 353M->118M(850M) 4.682ms
[8.575s][info ][gc,cpu       ] GC(58) User=0.02s Sys=0.00s Real=0.00s
[8.575s][info ][safepoint    ] Leaving safepoint region
[8.575s][info ][safepoint    ] Total time for which application threads were stopped: 0.0050768 seconds, Stopping threads took: 0.0002304 seconds
[8.624s][info ][safepoint    ] Application time: 0.0487084 seconds
[8.624s][info ][safepoint    ] Entering safepoint region: GenCollectForAllocation
[8.624s][info ][gc,start     ] GC(59) Pause Young (Allocation Failure)
[8.624s][info ][gc,task      ] GC(59) Using 4 workers of 4 for evacuation
[8.626s][debug][gc,ref       ] GC(59) Skipped phase1 of Reference Processing due to unavailable references
[8.626s][debug][gc,ref       ] GC(59) Skipped phase2 of Reference Processing due to unavailable references
[8.626s][debug][gc,ref       ] GC(59) Skipped phase3 of Reference Processing due to unavailable references
[8.626s][debug][gc,ref       ] GC(59) Skipped phase4 of Reference Processing due to unavailable references
[8.626s][debug][gc,age       ] GC(59) Desired survivor size 15368192 bytes, new threshold 6 (max threshold 6)
[8.626s][info ][gc,heap      ] GC(59) ParNew: 241067K->540K(270336K)
[8.626s][info ][gc,heap      ] GC(59) CMS: 121003K->121065K(600768K)
[8.626s][info ][gc,metaspace ] GC(59) Metaspace: 36691K->36691K(1083392K)
[8.626s][info ][gc           ] GC(59) Pause Young (Allocation Failure) 353M->118M(850M) 2.041ms
[8.626s][info ][gc,cpu       ] GC(59) User=0.01s Sys=0.00s Real=0.00s
[8.626s][info ][safepoint    ] Leaving safepoint region
[8.626s][info ][safepoint    ] Total time for which application threads were stopped: 0.0023887 seconds, Stopping threads took: 0.0001983 seconds
[8.688s][info ][safepoint    ] Application time: 0.0621737 seconds
[8.690s][info ][safepoint    ] Entering safepoint region: GenCollectForAllocation
[8.690s][info ][gc,start     ] GC(60) Pause Young (Allocation Failure)
[8.690s][info ][gc,task      ] GC(60) Using 4 workers of 4 for evacuation
[8.692s][debug][gc,ref       ] GC(60) Skipped phase1 of Reference Processing due to unavailable references
[8.692s][debug][gc,ref       ] GC(60) Skipped phase2 of Reference Processing due to unavailable references
[8.692s][debug][gc,ref       ] GC(60) Skipped phase3 of Reference Processing due to unavailable references
[8.692s][debug][gc,ref       ] GC(60) Skipped phase4 of Reference Processing due to unavailable references
[8.692s][debug][gc,age       ] GC(60) Desired survivor size 15368192 bytes, new threshold 6 (max threshold 6)
[8.692s][info ][gc,heap      ] GC(60) ParNew: 240860K->589K(270336K)
[8.692s][info ][gc,heap      ] GC(60) CMS: 121065K->121106K(600768K)
[8.692s][info ][gc,metaspace ] GC(60) Metaspace: 36691K->36691K(1083392K)
[8.692s][info ][gc           ] GC(60) Pause Young (Allocation Failure) 353M->118M(850M) 2.235ms
[8.692s][info ][gc,cpu       ] GC(60) User=0.01s Sys=0.00s Real=0.01s
[8.692s][info ][safepoint    ] Leaving safepoint region
[8.692s][info ][safepoint    ] Total time for which application threads were stopped: 0.0035248 seconds, Stopping threads took: 0.0010824 seconds
[8.739s][info ][safepoint    ] Application time: 0.0472575 seconds
[8.742s][info ][safepoint    ] Entering safepoint region: GenCollectForAllocation
[8.742s][info ][gc,start     ] GC(61) Pause Young (Allocation Failure)
[8.742s][info ][gc,task      ] GC(61) Using 4 workers of 4 for evacuation
[8.744s][debug][gc,ref       ] GC(61) Skipped phase1 of Reference Processing due to unavailable references
[8.744s][debug][gc,ref       ] GC(61) Skipped phase2 of Reference Processing due to unavailable references
[8.744s][debug][gc,ref       ] GC(61) Skipped phase3 of Reference Processing due to unavailable references
[8.744s][debug][gc,ref       ] GC(61) Skipped phase4 of Reference Processing due to unavailable references
[8.744s][debug][gc,age       ] GC(61) Desired survivor size 15368192 bytes, new threshold 6 (max threshold 6)
[8.744s][info ][gc,heap      ] GC(61) ParNew: 240909K->772K(270336K)
[8.744s][info ][gc,heap      ] GC(61) CMS: 121106K->121175K(600768K)
[8.744s][info ][gc,metaspace ] GC(61) Metaspace: 36691K->36691K(1083392K)
[8.744s][info ][gc           ] GC(61) Pause Young (Allocation Failure) 353M->119M(850M) 2.065ms
[8.744s][info ][gc,cpu       ] GC(61) User=0.00s Sys=0.00s Real=0.01s
[8.744s][info ][safepoint    ] Leaving safepoint region
[8.744s][info ][safepoint    ] Total time for which application threads were stopped: 0.0046023 seconds, Stopping threads took: 0.0023849 seconds
[8.811s][info ][safepoint    ] Application time: 0.0672439 seconds
[8.812s][info ][safepoint    ] Entering safepoint region: GenCollectForAllocation
[8.812s][info ][gc,start     ] GC(62) Pause Young (Allocation Failure)
[8.812s][info ][gc,task      ] GC(62) Using 4 workers of 4 for evacuation
[8.813s][debug][gc,ref       ] GC(62) Skipped phase1 of Reference Processing due to unavailable references
[8.813s][debug][gc,ref       ] GC(62) Skipped phase2 of Reference Processing due to unavailable references
[8.813s][debug][gc,ref       ] GC(62) Skipped phase3 of Reference Processing due to unavailable references
[8.813s][debug][gc,ref       ] GC(62) Skipped phase4 of Reference Processing due to unavailable references
[8.814s][debug][gc,age       ] GC(62) Desired survivor size 15368192 bytes, new threshold 6 (max threshold 6)
[8.814s][info ][gc,heap      ] GC(62) ParNew: 241092K->637K(270336K)
[8.814s][info ][gc,heap      ] GC(62) CMS: 121175K->121225K(600768K)
[8.814s][info ][gc,metaspace ] GC(62) Metaspace: 36691K->36691K(1083392K)
[8.814s][info ][gc           ] GC(62) Pause Young (Allocation Failure) 353M->119M(850M) 1.926ms
[8.814s][info ][gc,cpu       ] GC(62) User=0.01s Sys=0.00s Real=0.00s
[8.814s][info ][safepoint    ] Leaving safepoint region
[8.814s][info ][safepoint    ] Total time for which application threads were stopped: 0.0023242 seconds, Stopping threads took: 0.0002604 seconds
[8.874s][info ][safepoint    ] Application time: 0.0601371 seconds
[8.874s][info ][safepoint    ] Entering safepoint region: GenCollectForAllocation
[8.874s][info ][gc,start     ] GC(63) Pause Young (Allocation Failure)
[8.874s][info ][gc,task      ] GC(63) Using 4 workers of 4 for evacuation
[8.876s][debug][gc,ref       ] GC(63) Skipped phase1 of Reference Processing due to unavailable references
[8.876s][debug][gc,ref       ] GC(63) Skipped phase2 of Reference Processing due to unavailable references
[8.876s][debug][gc,ref       ] GC(63) Skipped phase3 of Reference Processing due to unavailable references
[8.876s][debug][gc,ref       ] GC(63) Skipped phase4 of Reference Processing due to unavailable references
[8.876s][debug][gc,age       ] GC(63) Desired survivor size 15368192 bytes, new threshold 6 (max threshold 6)
[8.876s][info ][gc,heap      ] GC(63) ParNew: 240957K->739K(270336K)
[8.876s][info ][gc,heap      ] GC(63) CMS: 121225K->121300K(600768K)
[8.876s][info ][gc,metaspace ] GC(63) Metaspace: 36691K->36691K(1083392K)
[8.876s][info ][gc           ] GC(63) Pause Young (Allocation Failure) 353M->119M(850M) 1.938ms
[8.876s][info ][gc,cpu       ] GC(63) User=0.00s Sys=0.01s Real=0.00s
[8.876s][info ][safepoint    ] Leaving safepoint region
[8.876s][info ][safepoint    ] Total time for which application threads were stopped: 0.0022074 seconds, Stopping threads took: 0.0001106 seconds
[8.929s][info ][safepoint    ] Application time: 0.0531195 seconds
[8.929s][info ][safepoint    ] Entering safepoint region: GenCollectForAllocation
[8.930s][info ][gc,start     ] GC(64) Pause Young (Allocation Failure)
[8.930s][info ][gc,task      ] GC(64) Using 4 workers of 4 for evacuation
[8.931s][debug][gc,ref       ] GC(64) Skipped phase1 of Reference Processing due to unavailable references
[8.931s][debug][gc,ref       ] GC(64) Skipped phase2 of Reference Processing due to unavailable references
[8.931s][debug][gc,ref       ] GC(64) Skipped phase3 of Reference Processing due to unavailable references
[8.932s][debug][gc,ref       ] GC(64) Skipped phase4 of Reference Processing due to unavailable references
[8.932s][debug][gc,age       ] GC(64) Desired survivor size 15368192 bytes, new threshold 6 (max threshold 6)
[8.932s][info ][gc,heap      ] GC(64) ParNew: 241059K->693K(270336K)
[8.932s][info ][gc,heap      ] GC(64) CMS: 121300K->121374K(600768K)
[8.932s][info ][gc,metaspace ] GC(64) Metaspace: 36691K->36691K(1083392K)
[8.932s][info ][gc           ] GC(64) Pause Young (Allocation Failure) 353M->119M(850M) 2.032ms
[8.932s][info ][gc,cpu       ] GC(64) User=0.01s Sys=0.00s Real=0.01s
[8.932s][info ][safepoint    ] Leaving safepoint region
[8.932s][info ][safepoint    ] Total time for which application threads were stopped: 0.0024217 seconds, Stopping threads took: 0.0002238 seconds
[8.979s][info ][safepoint    ] Application time: 0.0471294 seconds
[8.983s][info ][safepoint    ] Entering safepoint region: GenCollectForAllocation
[8.984s][info ][gc,start     ] GC(65) Pause Young (Allocation Failure)
[8.984s][info ][gc,task      ] GC(65) Using 4 workers of 4 for evacuation
[8.986s][debug][gc,ref       ] GC(65) Skipped phase1 of Reference Processing due to unavailable references
[8.986s][debug][gc,ref       ] GC(65) Skipped phase2 of Reference Processing due to unavailable references
[8.986s][debug][gc,ref       ] GC(65) Skipped phase3 of Reference Processing due to unavailable references
[8.986s][debug][gc,ref       ] GC(65) Skipped phase4 of Reference Processing due to unavailable references
[8.986s][debug][gc,age       ] GC(65) Desired survivor size 15368192 bytes, new threshold 6 (max threshold 6)
[8.986s][info ][gc,heap      ] GC(65) ParNew: 241013K->720K(270336K)
[8.986s][info ][gc,heap      ] GC(65) CMS: 121374K->121421K(600768K)
[8.986s][info ][gc,metaspace ] GC(65) Metaspace: 36691K->36691K(1083392K)
[8.986s][info ][gc           ] GC(65) Pause Young (Allocation Failure) 353M->119M(850M) 2.661ms
[8.986s][info ][gc,cpu       ] GC(65) User=0.01s Sys=0.01s Real=0.00s
[8.986s][info ][safepoint    ] Leaving safepoint region
[8.986s][info ][safepoint    ] Total time for which application threads were stopped: 0.0074180 seconds, Stopping threads took: 0.0045002 seconds
[9.040s][info ][safepoint    ] Application time: 0.0539146 seconds
[9.040s][info ][safepoint    ] Entering safepoint region: GenCollectForAllocation
[9.041s][info ][gc,start     ] GC(66) Pause Young (Allocation Failure)
[9.041s][info ][gc,task      ] GC(66) Using 4 workers of 4 for evacuation
[9.043s][debug][gc,ref       ] GC(66) Skipped phase1 of Reference Processing due to unavailable references
[9.043s][debug][gc,ref       ] GC(66) Skipped phase2 of Reference Processing due to unavailable references
[9.043s][debug][gc,ref       ] GC(66) Skipped phase3 of Reference Processing due to unavailable references
[9.043s][debug][gc,ref       ] GC(66) Skipped phase4 of Reference Processing due to unavailable references
[9.043s][debug][gc,age       ] GC(66) Desired survivor size 15368192 bytes, new threshold 6 (max threshold 6)
[9.043s][info ][gc,heap      ] GC(66) ParNew: 241040K->1001K(270336K)
[9.043s][info ][gc,heap      ] GC(66) CMS: 121421K->121502K(600768K)
[9.043s][info ][gc,metaspace ] GC(66) Metaspace: 36695K->36695K(1083392K)
[9.043s][info ][gc           ] GC(66) Pause Young (Allocation Failure) 353M->119M(850M) 2.788ms
[9.043s][info ][gc,cpu       ] GC(66) User=0.01s Sys=0.00s Real=0.01s
[9.044s][info ][safepoint    ] Leaving safepoint region
[9.044s][info ][safepoint    ] Total time for which application threads were stopped: 0.0032797 seconds, Stopping threads took: 0.0001872 seconds
[9.095s][info ][safepoint    ] Application time: 0.0517357 seconds
[9.098s][info ][safepoint    ] Entering safepoint region: GenCollectForAllocation
[9.099s][info ][gc,start     ] GC(67) Pause Young (Allocation Failure)
[9.099s][info ][gc,task      ] GC(67) Using 4 workers of 4 for evacuation
[9.101s][debug][gc,ref       ] GC(67) Skipped phase1 of Reference Processing due to unavailable references
[9.101s][debug][gc,ref       ] GC(67) Skipped phase2 of Reference Processing due to unavailable references
[9.101s][debug][gc,ref       ] GC(67) Skipped phase3 of Reference Processing due to unavailable references
[9.101s][debug][gc,ref       ] GC(67) Skipped phase4 of Reference Processing due to unavailable references
[9.101s][debug][gc,age       ] GC(67) Desired survivor size 15368192 bytes, new threshold 6 (max threshold 6)
[9.101s][info ][gc,heap      ] GC(67) ParNew: 241321K->951K(270336K)
[9.101s][info ][gc,heap      ] GC(67) CMS: 121502K->121565K(600768K)
[9.101s][info ][gc,metaspace ] GC(67) Metaspace: 36695K->36695K(1083392K)
[9.101s][info ][gc           ] GC(67) Pause Young (Allocation Failure) 354M->119M(850M) 2.752ms
[9.101s][info ][gc,cpu       ] GC(67) User=0.01s Sys=0.00s Real=0.00s
[9.101s][info ][safepoint    ] Leaving safepoint region
[9.101s][info ][safepoint    ] Total time for which application threads were stopped: 0.0061057 seconds, Stopping threads took: 0.0031453 seconds
[9.166s][info ][safepoint    ] Application time: 0.0645361 seconds
[9.166s][info ][safepoint    ] Entering safepoint region: GenCollectForAllocation
[9.166s][info ][gc,start     ] GC(68) Pause Young (Allocation Failure)
[9.166s][info ][gc,task      ] GC(68) Using 4 workers of 4 for evacuation
[9.170s][debug][gc,ref       ] GC(68) Skipped phase1 of Reference Processing due to unavailable references
[9.170s][debug][gc,ref       ] GC(68) Skipped phase2 of Reference Processing due to unavailable references
[9.170s][debug][gc,ref       ] GC(68) Skipped phase3 of Reference Processing due to unavailable references
[9.170s][debug][gc,ref       ] GC(68) Skipped phase4 of Reference Processing due to unavailable references
[9.170s][debug][gc,age       ] GC(68) Desired survivor size 15368192 bytes, new threshold 6 (max threshold 6)
[9.170s][info ][gc,heap      ] GC(68) ParNew: 241271K->1985K(270336K)
[9.170s][info ][gc,heap      ] GC(68) CMS: 121565K->121639K(600768K)
[9.170s][info ][gc,metaspace ] GC(68) Metaspace: 36695K->36695K(1083392K)
[9.170s][info ][gc           ] GC(68) Pause Young (Allocation Failure) 354M->120M(850M) 4.002ms
[9.170s][info ][gc,cpu       ] GC(68) User=0.02s Sys=0.00s Real=0.01s
[9.170s][info ][safepoint    ] Leaving safepoint region
[9.170s][info ][safepoint    ] Total time for which application threads were stopped: 0.0043388 seconds, Stopping threads took: 0.0001804 seconds
[9.219s][info ][safepoint    ] Application time: 0.0483054 seconds
[9.221s][info ][safepoint    ] Entering safepoint region: GenCollectForAllocation
[9.221s][info ][gc,start     ] GC(69) Pause Young (Allocation Failure)
[9.221s][info ][gc,task      ] GC(69) Using 4 workers of 4 for evacuation
[9.224s][debug][gc,ref       ] GC(69) Skipped phase1 of Reference Processing due to unavailable references
[9.224s][debug][gc,ref       ] GC(69) Skipped phase2 of Reference Processing due to unavailable references
[9.224s][debug][gc,ref       ] GC(69) Skipped phase3 of Reference Processing due to unavailable references
[9.224s][debug][gc,ref       ] GC(69) Skipped phase4 of Reference Processing due to unavailable references
[9.224s][debug][gc,age       ] GC(69) Desired survivor size 15368192 bytes, new threshold 6 (max threshold 6)
[9.224s][info ][gc,heap      ] GC(69) ParNew: 242305K->2316K(270336K)
[9.224s][info ][gc,heap      ] GC(69) CMS: 121639K->121708K(600768K)
[9.224s][info ][gc,metaspace ] GC(69) Metaspace: 36695K->36695K(1083392K)
[9.224s][info ][gc           ] GC(69) Pause Young (Allocation Failure) 355M->121M(850M) 3.740ms
[9.224s][info ][gc,cpu       ] GC(69) User=0.02s Sys=0.00s Real=0.01s
[9.224s][info ][safepoint    ] Leaving safepoint region
[9.224s][info ][safepoint    ] Total time for which application threads were stopped: 0.0057729 seconds, Stopping threads took: 0.0018860 seconds
[9.272s][info ][safepoint    ] Application time: 0.0479610 seconds
[9.273s][info ][safepoint    ] Entering safepoint region: GenCollectForAllocation
[9.273s][info ][gc,start     ] GC(70) Pause Young (Allocation Failure)
[9.273s][info ][gc,task      ] GC(70) Using 4 workers of 4 for evacuation
[9.276s][debug][gc,ref       ] GC(70) Skipped phase1 of Reference Processing due to unavailable references
[9.276s][debug][gc,ref       ] GC(70) Skipped phase2 of Reference Processing due to unavailable references
[9.276s][debug][gc,ref       ] GC(70) Skipped phase3 of Reference Processing due to unavailable references
[9.276s][debug][gc,ref       ] GC(70) Skipped phase4 of Reference Processing due to unavailable references
[9.276s][debug][gc,age       ] GC(70) Desired survivor size 15368192 bytes, new threshold 6 (max threshold 6)
[9.277s][info ][gc,heap      ] GC(70) ParNew: 242636K->2628K(270336K)
[9.277s][info ][gc,heap      ] GC(70) CMS: 121708K->121782K(600768K)
[9.277s][info ][gc,metaspace ] GC(70) Metaspace: 36695K->36695K(1083392K)
[9.277s][info ][gc           ] GC(70) Pause Young (Allocation Failure) 355M->121M(850M) 3.240ms
[9.277s][info ][gc,cpu       ] GC(70) User=0.01s Sys=0.00s Real=0.00s
[9.277s][info ][safepoint    ] Leaving safepoint region
[9.277s][info ][safepoint    ] Total time for which application threads were stopped: 0.0040710 seconds, Stopping threads took: 0.0006900 seconds
[9.331s][info ][safepoint    ] Application time: 0.0545011 seconds
[9.331s][info ][safepoint    ] Entering safepoint region: GenCollectForAllocation
[9.331s][info ][gc,start     ] GC(71) Pause Young (Allocation Failure)
[9.331s][info ][gc,task      ] GC(71) Using 4 workers of 4 for evacuation
[9.335s][debug][gc,ref       ] GC(71) Skipped phase1 of Reference Processing due to unavailable references
[9.335s][debug][gc,ref       ] GC(71) Skipped phase2 of Reference Processing due to unavailable references
[9.335s][debug][gc,ref       ] GC(71) Skipped phase3 of Reference Processing due to unavailable references
[9.335s][debug][gc,ref       ] GC(71) Skipped phase4 of Reference Processing due to unavailable references
[9.335s][debug][gc,age       ] GC(71) Desired survivor size 15368192 bytes, new threshold 6 (max threshold 6)
[9.335s][info ][gc,heap      ] GC(71) ParNew: 242948K->1924K(270336K)
[9.335s][info ][gc,heap      ] GC(71) CMS: 121782K->121851K(600768K)
[9.335s][info ][gc,metaspace ] GC(71) Metaspace: 36695K->36695K(1083392K)
[9.335s][info ][gc           ] GC(71) Pause Young (Allocation Failure) 356M->120M(850M) 3.328ms
[9.335s][info ][gc,cpu       ] GC(71) User=0.02s Sys=0.00s Real=0.00s
[9.335s][info ][safepoint    ] Leaving safepoint region
[9.335s][info ][safepoint    ] Total time for which application threads were stopped: 0.0036535 seconds, Stopping threads took: 0.0001555 seconds
[9.383s][info ][safepoint    ] Application time: 0.0479699 seconds
[9.383s][info ][safepoint    ] Entering safepoint region: GenCollectForAllocation
[9.383s][info ][gc,start     ] GC(72) Pause Young (Allocation Failure)
[9.383s][info ][gc,task      ] GC(72) Using 4 workers of 4 for evacuation
[9.387s][debug][gc,ref       ] GC(72) Skipped phase1 of Reference Processing due to unavailable references
[9.387s][debug][gc,ref       ] GC(72) Skipped phase2 of Reference Processing due to unavailable references
[9.387s][debug][gc,ref       ] GC(72) Skipped phase3 of Reference Processing due to unavailable references
[9.387s][debug][gc,ref       ] GC(72) Skipped phase4 of Reference Processing due to unavailable references
[9.387s][debug][gc,age       ] GC(72) Desired survivor size 15368192 bytes, new threshold 6 (max threshold 6)
[9.387s][info ][gc,heap      ] GC(72) ParNew: 242244K->2143K(270336K)
[9.387s][info ][gc,heap      ] GC(72) CMS: 121851K->122118K(600768K)
[9.387s][info ][gc,metaspace ] GC(72) Metaspace: 36695K->36695K(1083392K)
[9.387s][info ][gc           ] GC(72) Pause Young (Allocation Failure) 355M->121M(850M) 3.833ms
[9.387s][info ][gc,cpu       ] GC(72) User=0.01s Sys=0.00s Real=0.00s
[9.387s][info ][safepoint    ] Leaving safepoint region
[9.387s][info ][safepoint    ] Total time for which application threads were stopped: 0.0040801 seconds, Stopping threads took: 0.0001026 seconds
[9.436s][info ][safepoint    ] Application time: 0.0495069 seconds
[9.438s][info ][safepoint    ] Entering safepoint region: GenCollectForAllocation
[9.438s][info ][gc,start     ] GC(73) Pause Young (Allocation Failure)
[9.438s][info ][gc,task      ] GC(73) Using 4 workers of 4 for evacuation
[9.443s][debug][gc,ref       ] GC(73) Skipped phase1 of Reference Processing due to unavailable references
[9.443s][debug][gc,ref       ] GC(73) Skipped phase2 of Reference Processing due to unavailable references
[9.443s][debug][gc,ref       ] GC(73) Skipped phase3 of Reference Processing due to unavailable references
[9.443s][debug][gc,ref       ] GC(73) Skipped phase4 of Reference Processing due to unavailable references
[9.443s][debug][gc,age       ] GC(73) Desired survivor size 15368192 bytes, new threshold 6 (max threshold 6)
[9.443s][info ][gc,heap      ] GC(73) ParNew: 242463K->2120K(270336K)
[9.443s][info ][gc,heap      ] GC(73) CMS: 122118K->122196K(600768K)
[9.443s][info ][gc,metaspace ] GC(73) Metaspace: 36695K->36695K(1083392K)
[9.443s][info ][gc           ] GC(73) Pause Young (Allocation Failure) 356M->121M(850M) 5.236ms
[9.443s][info ][gc,cpu       ] GC(73) User=0.01s Sys=0.00s Real=0.01s
[9.443s][info ][safepoint    ] Leaving safepoint region
[9.443s][info ][safepoint    ] Total time for which application threads were stopped: 0.0070939 seconds, Stopping threads took: 0.0016823 seconds
[9.504s][info ][safepoint    ] Application time: 0.0606827 seconds
[9.504s][info ][safepoint    ] Entering safepoint region: GenCollectForAllocation
[9.504s][info ][gc,start     ] GC(74) Pause Young (Allocation Failure)
[9.504s][info ][gc,task      ] GC(74) Using 4 workers of 4 for evacuation
[9.508s][debug][gc,ref       ] GC(74) Skipped phase1 of Reference Processing due to unavailable references
[9.508s][debug][gc,ref       ] GC(74) Skipped phase2 of Reference Processing due to unavailable references
[9.508s][debug][gc,ref       ] GC(74) Skipped phase3 of Reference Processing due to unavailable references
[9.508s][debug][gc,ref       ] GC(74) Skipped phase4 of Reference Processing due to unavailable references
[9.509s][debug][gc,age       ] GC(74) Desired survivor size 15368192 bytes, new threshold 6 (max threshold 6)
[9.509s][info ][gc,heap      ] GC(74) ParNew: 242440K->1399K(270336K)
[9.509s][info ][gc,heap      ] GC(74) CMS: 122196K->123183K(600768K)
[9.509s][info ][gc,metaspace ] GC(74) Metaspace: 36695K->36695K(1083392K)
[9.509s][info ][gc           ] GC(74) Pause Young (Allocation Failure) 356M->121M(850M) 4.206ms
[9.509s][info ][gc,cpu       ] GC(74) User=0.02s Sys=0.00s Real=0.00s
[9.509s][info ][safepoint    ] Leaving safepoint region
[9.509s][info ][safepoint    ] Total time for which application threads were stopped: 0.0044517 seconds, Stopping threads took: 0.0000854 seconds
[9.571s][info ][safepoint    ] Application time: 0.0623182 seconds
[9.571s][info ][safepoint    ] Entering safepoint region: GenCollectForAllocation
[9.571s][info ][gc,start     ] GC(75) Pause Young (Allocation Failure)
[9.571s][info ][gc,task      ] GC(75) Using 4 workers of 4 for evacuation
[9.574s][debug][gc,ref       ] GC(75) Skipped phase1 of Reference Processing due to unavailable references
[9.574s][debug][gc,ref       ] GC(75) Skipped phase2 of Reference Processing due to unavailable references
[9.574s][debug][gc,ref       ] GC(75) Skipped phase3 of Reference Processing due to unavailable references
[9.574s][debug][gc,ref       ] GC(75) Skipped phase4 of Reference Processing due to unavailable references
[9.574s][debug][gc,age       ] GC(75) Desired survivor size 15368192 bytes, new threshold 6 (max threshold 6)
[9.574s][info ][gc,heap      ] GC(75) ParNew: 241719K->1178K(270336K)
[9.574s][info ][gc,heap      ] GC(75) CMS: 123183K->123257K(600768K)
[9.574s][info ][gc,metaspace ] GC(75) Metaspace: 36695K->36695K(1083392K)
[9.574s][info ][gc           ] GC(75) Pause Young (Allocation Failure) 356M->121M(850M) 2.737ms
[9.574s][info ][gc,cpu       ] GC(75) User=0.01s Sys=0.00s Real=0.00s
[9.574s][info ][safepoint    ] Leaving safepoint region
[9.574s][info ][safepoint    ] Total time for which application threads were stopped: 0.0030701 seconds, Stopping threads took: 0.0001144 seconds
[9.620s][info ][safepoint    ] Application time: 0.0455125 seconds
[9.620s][info ][safepoint    ] Entering safepoint region: GenCollectForAllocation
[9.620s][info ][gc,start     ] GC(76) Pause Young (Allocation Failure)
[9.620s][info ][gc,task      ] GC(76) Using 4 workers of 4 for evacuation
[9.623s][debug][gc,ref       ] GC(76) Skipped phase1 of Reference Processing due to unavailable references
[9.623s][debug][gc,ref       ] GC(76) Skipped phase2 of Reference Processing due to unavailable references
[9.623s][debug][gc,ref       ] GC(76) Skipped phase3 of Reference Processing due to unavailable references
[9.623s][debug][gc,ref       ] GC(76) Skipped phase4 of Reference Processing due to unavailable references
[9.623s][debug][gc,age       ] GC(76) Desired survivor size 15368192 bytes, new threshold 6 (max threshold 6)
[9.623s][info ][gc,heap      ] GC(76) ParNew: 241498K->1632K(270336K)
[9.623s][info ][gc,heap      ] GC(76) CMS: 123257K->123336K(600768K)
[9.623s][info ][gc,metaspace ] GC(76) Metaspace: 36695K->36695K(1083392K)
[9.624s][info ][gc           ] GC(76) Pause Young (Allocation Failure) 356M->122M(850M) 3.509ms
[9.624s][info ][gc,cpu       ] GC(76) User=0.01s Sys=0.00s Real=0.01s
[9.624s][info ][safepoint    ] Leaving safepoint region
[9.624s][info ][safepoint    ] Total time for which application threads were stopped: 0.0038884 seconds, Stopping threads took: 0.0002320 seconds
[9.685s][info ][safepoint    ] Application time: 0.0616159 seconds
[9.685s][info ][safepoint    ] Entering safepoint region: GenCollectForAllocation
[9.685s][info ][gc,start     ] GC(77) Pause Young (Allocation Failure)
[9.685s][info ][gc,task      ] GC(77) Using 4 workers of 4 for evacuation
[9.690s][debug][gc,ref       ] GC(77) Skipped phase1 of Reference Processing due to unavailable references
[9.690s][debug][gc,ref       ] GC(77) Skipped phase2 of Reference Processing due to unavailable references
[9.690s][debug][gc,ref       ] GC(77) Skipped phase3 of Reference Processing due to unavailable references
[9.690s][debug][gc,ref       ] GC(77) Skipped phase4 of Reference Processing due to unavailable references
[9.690s][debug][gc,age       ] GC(77) Desired survivor size 15368192 bytes, new threshold 6 (max threshold 6)
[9.690s][info ][gc,heap      ] GC(77) ParNew: 241952K->2506K(270336K)
[9.690s][info ][gc,heap      ] GC(77) CMS: 123336K->123425K(600768K)
[9.690s][info ][gc,metaspace ] GC(77) Metaspace: 36695K->36695K(1083392K)
[9.690s][info ][gc           ] GC(77) Pause Young (Allocation Failure) 356M->122M(850M) 4.303ms
[9.690s][info ][gc,cpu       ] GC(77) User=0.02s Sys=0.00s Real=0.00s
[9.690s][info ][safepoint    ] Leaving safepoint region
[9.690s][info ][safepoint    ] Total time for which application threads were stopped: 0.0045893 seconds, Stopping threads took: 0.0001286 seconds
[9.741s][info ][safepoint    ] Application time: 0.0508743 seconds
[9.741s][info ][safepoint    ] Entering safepoint region: GenCollectForAllocation
[9.741s][info ][gc,start     ] GC(78) Pause Young (Allocation Failure)
[9.741s][info ][gc,task      ] GC(78) Using 4 workers of 4 for evacuation
[9.746s][debug][gc,ref       ] GC(78) Skipped phase1 of Reference Processing due to unavailable references
[9.746s][debug][gc,ref       ] GC(78) Skipped phase2 of Reference Processing due to unavailable references
[9.746s][debug][gc,ref       ] GC(78) Skipped phase3 of Reference Processing due to unavailable references
[9.746s][debug][gc,ref       ] GC(78) Skipped phase4 of Reference Processing due to unavailable references
[9.746s][debug][gc,age       ] GC(78) Desired survivor size 15368192 bytes, new threshold 6 (max threshold 6)
[9.746s][info ][gc,heap      ] GC(78) ParNew: 242826K->3859K(270336K)
[9.746s][info ][gc,heap      ] GC(78) CMS: 123425K->123500K(600768K)
[9.746s][info ][gc,metaspace ] GC(78) Metaspace: 36695K->36695K(1083392K)
[9.746s][info ][gc           ] GC(78) Pause Young (Allocation Failure) 357M->124M(850M) 4.949ms
[9.746s][info ][gc,cpu       ] GC(78) User=0.02s Sys=0.00s Real=0.01s
[9.746s][info ][safepoint    ] Leaving safepoint region
[9.746s][info ][safepoint    ] Total time for which application threads were stopped: 0.0052034 seconds, Stopping threads took: 0.0000992 seconds
[9.825s][info ][safepoint    ] Application time: 0.0790676 seconds
[9.825s][info ][safepoint    ] Entering safepoint region: GenCollectForAllocation
[9.825s][info ][gc,start     ] GC(79) Pause Young (Allocation Failure)
[9.825s][info ][gc,task      ] GC(79) Using 4 workers of 4 for evacuation
[9.830s][debug][gc,ref       ] GC(79) Skipped phase1 of Reference Processing due to unavailable references
[9.830s][debug][gc,ref       ] GC(79) Skipped phase2 of Reference Processing due to unavailable references
[9.830s][debug][gc,ref       ] GC(79) Skipped phase3 of Reference Processing due to unavailable references
[9.830s][debug][gc,ref       ] GC(79) Skipped phase4 of Reference Processing due to unavailable references
[9.830s][debug][gc,age       ] GC(79) Desired survivor size 15368192 bytes, new threshold 6 (max threshold 6)
[9.830s][info ][gc,heap      ] GC(79) ParNew: 244179K->4702K(270336K)
[9.830s][info ][gc,heap      ] GC(79) CMS: 123500K->123579K(600768K)
[9.830s][info ][gc,metaspace ] GC(79) Metaspace: 36695K->36695K(1083392K)
[9.830s][info ][gc           ] GC(79) Pause Young (Allocation Failure) 359M->125M(850M) 4.598ms
[9.830s][info ][gc,cpu       ] GC(79) User=0.02s Sys=0.00s Real=0.00s
[9.830s][info ][safepoint    ] Leaving safepoint region
[9.830s][info ][safepoint    ] Total time for which application threads were stopped: 0.0048311 seconds, Stopping threads took: 0.0000946 seconds
[9.884s][info ][safepoint    ] Application time: 0.0542046 seconds
[9.884s][info ][safepoint    ] Entering safepoint region: GenCollectForAllocation
[9.884s][info ][gc,start     ] GC(80) Pause Young (Allocation Failure)
[9.884s][info ][gc,task      ] GC(80) Using 4 workers of 4 for evacuation
[9.889s][debug][gc,ref       ] GC(80) Skipped phase1 of Reference Processing due to unavailable references
[9.889s][debug][gc,ref       ] GC(80) Skipped phase2 of Reference Processing due to unavailable references
[9.889s][debug][gc,ref       ] GC(80) Skipped phase3 of Reference Processing due to unavailable references
[9.889s][debug][gc,ref       ] GC(80) Skipped phase4 of Reference Processing due to unavailable references
[9.889s][debug][gc,age       ] GC(80) Desired survivor size 15368192 bytes, new threshold 6 (max threshold 6)
[9.889s][info ][gc,heap      ] GC(80) ParNew: 245022K->4741K(270336K)
[9.889s][info ][gc,heap      ] GC(80) CMS: 123579K->123768K(600768K)
[9.889s][info ][gc,metaspace ] GC(80) Metaspace: 36695K->36695K(1083392K)
[9.889s][info ][gc           ] GC(80) Pause Young (Allocation Failure) 359M->125M(850M) 4.815ms
[9.889s][info ][gc,cpu       ] GC(80) User=0.02s Sys=0.00s Real=0.00s
[9.889s][info ][safepoint    ] Leaving safepoint region
[9.889s][info ][safepoint    ] Total time for which application threads were stopped: 0.0051105 seconds, Stopping threads took: 0.0001423 seconds
[9.971s][info ][safepoint    ] Application time: 0.0816571 seconds
[9.973s][info ][safepoint    ] Entering safepoint region: GenCollectForAllocation
[9.973s][info ][gc,start     ] GC(81) Pause Young (Allocation Failure)
[9.973s][info ][gc,task      ] GC(81) Using 4 workers of 4 for evacuation
[9.987s][debug][gc,ref       ] GC(81) Skipped phase1 of Reference Processing due to unavailable references
[9.987s][debug][gc,ref       ] GC(81) Skipped phase2 of Reference Processing due to unavailable references
[9.987s][debug][gc,ref       ] GC(81) Skipped phase3 of Reference Processing due to unavailable references
[9.987s][debug][gc,ref       ] GC(81) Skipped phase4 of Reference Processing due to unavailable references
[9.987s][debug][gc,age       ] GC(81) Desired survivor size 15368192 bytes, new threshold 6 (max threshold 6)
[9.987s][info ][gc,heap      ] GC(81) ParNew: 245061K->7726K(270336K)
[9.987s][info ][gc,heap      ] GC(81) CMS: 123768K->124116K(600768K)
[9.987s][info ][gc,metaspace ] GC(81) Metaspace: 36695K->36695K(1083392K)
[9.987s][info ][gc           ] GC(81) Pause Young (Allocation Failure) 360M->128M(850M) 14.526ms
[9.987s][info ][gc,cpu       ] GC(81) User=0.04s Sys=0.00s Real=0.01s
[9.988s][info ][safepoint    ] Leaving safepoint region
[9.988s][info ][safepoint    ] Total time for which application threads were stopped: 0.0165405 seconds, Stopping threads took: 0.0018138 seconds
[10.050s][info ][safepoint    ] Application time: 0.0628445 seconds
[10.051s][info ][safepoint    ] Entering safepoint region: GenCollectForAllocation
[10.051s][info ][gc,start     ] GC(82) Pause Young (Allocation Failure)
[10.051s][info ][gc,task      ] GC(82) Using 4 workers of 4 for evacuation
[10.059s][debug][gc,ref       ] GC(82) Skipped phase1 of Reference Processing due to unavailable references
[10.059s][debug][gc,ref       ] GC(82) Skipped phase2 of Reference Processing due to unavailable references
[10.059s][debug][gc,ref       ] GC(82) Skipped phase3 of Reference Processing due to unavailable references
[10.059s][debug][gc,ref       ] GC(82) Skipped phase4 of Reference Processing due to unavailable references
[10.059s][debug][gc,age       ] GC(82) Desired survivor size 15368192 bytes, new threshold 6 (max threshold 6)
[10.059s][info ][gc,heap      ] GC(82) ParNew: 248046K->11453K(270336K)
[10.059s][info ][gc,heap      ] GC(82) CMS: 124116K->124718K(600768K)
[10.059s][info ][gc,metaspace ] GC(82) Metaspace: 36695K->36695K(1083392K)
[10.059s][info ][gc           ] GC(82) Pause Young (Allocation Failure) 363M->132M(850M) 8.784ms
[10.060s][info ][gc,cpu       ] GC(82) User=0.03s Sys=0.00s Real=0.00s
[10.060s][info ][safepoint    ] Leaving safepoint region
[10.060s][info ][safepoint    ] Total time for which application threads were stopped: 0.0091262 seconds, Stopping threads took: 0.0001667 seconds
[10.122s][info ][safepoint    ] Application time: 0.0628739 seconds
[10.129s][info ][safepoint    ] Entering safepoint region: GenCollectForAllocation
[10.129s][info ][gc,start     ] GC(83) Pause Young (Allocation Failure)
[10.129s][info ][gc,task      ] GC(83) Using 4 workers of 4 for evacuation
[10.139s][debug][gc,ref       ] GC(83) Skipped phase1 of Reference Processing due to unavailable references
[10.139s][debug][gc,ref       ] GC(83) Skipped phase3 of Reference Processing due to unavailable references
[10.139s][debug][gc,age       ] GC(83) Desired survivor size 15368192 bytes, new threshold 6 (max threshold 6)
[10.139s][info ][gc,heap      ] GC(83) ParNew: 251773K->8292K(270336K)
[10.139s][info ][gc,heap      ] GC(83) CMS: 124718K->125602K(600768K)
[10.139s][info ][gc,metaspace ] GC(83) Metaspace: 36887K->36887K(1083392K)
[10.139s][info ][gc           ] GC(83) Pause Young (Allocation Failure) 367M->130M(850M) 9.783ms
[10.139s][info ][gc,cpu       ] GC(83) User=0.03s Sys=0.00s Real=0.01s
[10.139s][info ][safepoint    ] Leaving safepoint region
[10.139s][info ][safepoint    ] Total time for which application threads were stopped: 0.0164742 seconds, Stopping threads took: 0.0065069 seconds
[10.222s][info ][safepoint    ] Application time: 0.0829723 seconds
[10.222s][info ][safepoint    ] Entering safepoint region: GenCollectForAllocation
[10.223s][info ][gc,start     ] GC(84) Pause Young (Allocation Failure)
[10.223s][info ][gc,task      ] GC(84) Using 4 workers of 4 for evacuation
[10.230s][debug][gc,ref       ] GC(84) Skipped phase1 of Reference Processing due to unavailable references
[10.230s][debug][gc,ref       ] GC(84) Skipped phase3 of Reference Processing due to unavailable references
[10.230s][debug][gc,age       ] GC(84) Desired survivor size 15368192 bytes, new threshold 6 (max threshold 6)
[10.230s][info ][gc,heap      ] GC(84) ParNew: 248612K->9601K(270336K)
[10.230s][info ][gc,heap      ] GC(84) CMS: 125602K->126047K(600768K)
[10.230s][info ][gc,metaspace ] GC(84) Metaspace: 37062K->37062K(1083392K)
[10.230s][info ][gc           ] GC(84) Pause Young (Allocation Failure) 365M->132M(850M) 7.948ms
[10.231s][info ][gc,cpu       ] GC(84) User=0.04s Sys=0.00s Real=0.01s
[10.231s][info ][safepoint    ] Leaving safepoint region
[10.231s][info ][safepoint    ] Total time for which application threads were stopped: 0.0085758 seconds, Stopping threads took: 0.0004159 seconds
[10.303s][info ][safepoint    ] Application time: 0.0725835 seconds
[10.303s][info ][safepoint    ] Entering safepoint region: GenCollectForAllocation
[10.303s][info ][gc,start     ] GC(85) Pause Young (Allocation Failure)
[10.303s][info ][gc,task      ] GC(85) Using 4 workers of 4 for evacuation
[10.318s][debug][gc,ref       ] GC(85) Skipped phase1 of Reference Processing due to unavailable references
[10.318s][debug][gc,ref       ] GC(85) Skipped phase3 of Reference Processing due to unavailable references
[10.318s][debug][gc,age       ] GC(85) Desired survivor size 15368192 bytes, new threshold 6 (max threshold 6)
[10.318s][info ][gc,heap      ] GC(85) ParNew: 249921K->11094K(270336K)
[10.318s][info ][gc,heap      ] GC(85) CMS: 126047K->126481K(600768K)
[10.318s][info ][gc,metaspace ] GC(85) Metaspace: 37112K->37112K(1083392K)
[10.318s][info ][gc           ] GC(85) Pause Young (Allocation Failure) 367M->134M(850M) 14.453ms
[10.318s][info ][gc,cpu       ] GC(85) User=0.05s Sys=0.00s Real=0.01s
[10.318s][info ][safepoint    ] Leaving safepoint region
[10.318s][info ][safepoint    ] Total time for which application threads were stopped: 0.0147184 seconds, Stopping threads took: 0.0001105 seconds
[10.388s][info ][safepoint    ] Application time: 0.0705514 seconds
[10.389s][info ][safepoint    ] Entering safepoint region: GenCollectForAllocation
[10.389s][info ][gc,start     ] GC(86) Pause Young (Allocation Failure)
[10.389s][info ][gc,task      ] GC(86) Using 4 workers of 4 for evacuation
[10.396s][debug][gc,ref       ] GC(86) Skipped phase1 of Reference Processing due to unavailable references
[10.396s][debug][gc,ref       ] GC(86) Skipped phase3 of Reference Processing due to unavailable references
[10.396s][debug][gc,ref       ] GC(86) Skipped phase4 of Reference Processing due to unavailable references
[10.397s][debug][gc,age       ] GC(86) Desired survivor size 15368192 bytes, new threshold 6 (max threshold 6)
[10.397s][info ][gc,heap      ] GC(86) ParNew: 251414K->8029K(270336K)
[10.397s][info ][gc,heap      ] GC(86) CMS: 126481K->126605K(600768K)
[10.397s][info ][gc,metaspace ] GC(86) Metaspace: 37158K->37158K(1083392K)
[10.397s][info ][gc           ] GC(86) Pause Young (Allocation Failure) 369M->131M(850M) 7.755ms
[10.397s][info ][gc,cpu       ] GC(86) User=0.03s Sys=0.00s Real=0.01s
[10.397s][info ][safepoint    ] Leaving safepoint region
[10.397s][info ][safepoint    ] Total time for which application threads were stopped: 0.0081507 seconds, Stopping threads took: 0.0002028 seconds
[10.483s][info ][safepoint    ] Application time: 0.0862689 seconds
[10.483s][info ][safepoint    ] Entering safepoint region: GenCollectForAllocation
[10.483s][info ][gc,start     ] GC(87) Pause Young (Allocation Failure)
[10.483s][info ][gc,task      ] GC(87) Using 4 workers of 4 for evacuation
[10.497s][debug][gc,ref       ] GC(87) Skipped phase1 of Reference Processing due to unavailable references
[10.497s][debug][gc,ref       ] GC(87) Skipped phase3 of Reference Processing due to unavailable references
[10.497s][debug][gc,ref       ] GC(87) Skipped phase4 of Reference Processing due to unavailable references
[10.497s][debug][gc,age       ] GC(87) Desired survivor size 15368192 bytes, new threshold 6 (max threshold 6)
[10.497s][info ][gc,heap      ] GC(87) ParNew: 248349K->6296K(270336K)
[10.497s][info ][gc,heap      ] GC(87) CMS: 126605K->131423K(600768K)
[10.497s][info ][gc,metaspace ] GC(87) Metaspace: 37205K->37205K(1083392K)
[10.497s][info ][gc           ] GC(87) Pause Young (Allocation Failure) 366M->134M(850M) 13.768ms
[10.497s][info ][gc,cpu       ] GC(87) User=0.04s Sys=0.00s Real=0.01s
[10.497s][info ][safepoint    ] Leaving safepoint region
[10.497s][info ][safepoint    ] Total time for which application threads were stopped: 0.0140260 seconds, Stopping threads took: 0.0000857 seconds
[10.579s][info ][safepoint    ] Application time: 0.0815603 seconds
[10.579s][info ][safepoint    ] Entering safepoint region: GenCollectForAllocation
[10.579s][info ][gc,start     ] GC(88) Pause Young (Allocation Failure)
[10.579s][info ][gc,task      ] GC(88) Using 4 workers of 4 for evacuation
[10.585s][debug][gc,ref       ] GC(88) Skipped phase1 of Reference Processing due to unavailable references
[10.585s][debug][gc,ref       ] GC(88) Skipped phase3 of Reference Processing due to unavailable references
[10.585s][debug][gc,ref       ] GC(88) Skipped phase4 of Reference Processing due to unavailable references
[10.585s][debug][gc,age       ] GC(88) Desired survivor size 15368192 bytes, new threshold 6 (max threshold 6)
[10.585s][info ][gc,heap      ] GC(88) ParNew: 246616K->7377K(270336K)
[10.585s][info ][gc,heap      ] GC(88) CMS: 131423K->131866K(600768K)
[10.585s][info ][gc,metaspace ] GC(88) Metaspace: 37205K->37205K(1083392K)
[10.585s][info ][gc           ] GC(88) Pause Young (Allocation Failure) 369M->135M(850M) 6.107ms
[10.585s][info ][gc,cpu       ] GC(88) User=0.02s Sys=0.00s Real=0.01s
[10.585s][info ][safepoint    ] Leaving safepoint region
[10.585s][info ][safepoint    ] Total time for which application threads were stopped: 0.0065236 seconds, Stopping threads took: 0.0002566 seconds
[10.678s][info ][safepoint    ] Application time: 0.0929096 seconds
[10.678s][info ][safepoint    ] Entering safepoint region: GenCollectForAllocation
[10.678s][info ][gc,start     ] GC(89) Pause Young (Allocation Failure)
[10.678s][info ][gc,task      ] GC(89) Using 4 workers of 4 for evacuation
[10.686s][debug][gc,ref       ] GC(89) Skipped phase1 of Reference Processing due to unavailable references
[10.686s][debug][gc,ref       ] GC(89) Skipped phase3 of Reference Processing due to unavailable references
[10.686s][debug][gc,ref       ] GC(89) Skipped phase4 of Reference Processing due to unavailable references
[10.686s][debug][gc,age       ] GC(89) Desired survivor size 15368192 bytes, new threshold 6 (max threshold 6)
[10.686s][info ][gc,heap      ] GC(89) ParNew: 247697K->9996K(270336K)
[10.686s][info ][gc,heap      ] GC(89) CMS: 131866K->132097K(600768K)
[10.686s][info ][gc,metaspace ] GC(89) Metaspace: 37212K->37212K(1083392K)
[10.686s][info ][gc           ] GC(89) Pause Young (Allocation Failure) 370M->138M(850M) 7.586ms
[10.686s][info ][gc,cpu       ] GC(89) User=0.03s Sys=0.00s Real=0.01s
[10.686s][info ][safepoint    ] Leaving safepoint region
[10.686s][info ][safepoint    ] Total time for which application threads were stopped: 0.0079311 seconds, Stopping threads took: 0.0001103 seconds
[10.820s][info ][safepoint    ] Application time: 0.1344634 seconds
[10.821s][info ][safepoint    ] Entering safepoint region: RevokeBias
[10.821s][info ][safepoint    ] Leaving safepoint region
[10.821s][info ][safepoint    ] Total time for which application threads were stopped: 0.0001178 seconds, Stopping threads took: 0.0000135 seconds
[11.051s][info ][safepoint    ] Application time: 0.2306258 seconds
[11.051s][info ][safepoint    ] Entering safepoint region: RevokeBias
[11.051s][info ][safepoint    ] Leaving safepoint region
[11.051s][info ][safepoint    ] Total time for which application threads were stopped: 0.0001484 seconds, Stopping threads took: 0.0000125 seconds
[11.064s][info ][safepoint    ] Application time: 0.0127852 seconds
[11.064s][info ][safepoint    ] Entering safepoint region: RevokeBias
[11.064s][info ][safepoint    ] Leaving safepoint region
[11.064s][info ][safepoint    ] Total time for which application threads were stopped: 0.0000589 seconds, Stopping threads took: 0.0000140 seconds
[11.080s][info ][safepoint    ] Application time: 0.0159030 seconds
[11.080s][info ][safepoint    ] Entering safepoint region: Deoptimize
[11.081s][info ][safepoint    ] Leaving safepoint region
[11.081s][info ][safepoint    ] Total time for which application threads were stopped: 0.0006274 seconds, Stopping threads took: 0.0000128 seconds
[11.091s][info ][safepoint    ] Application time: 0.0102907 seconds
[11.091s][info ][safepoint    ] Entering safepoint region: RevokeBias
[11.091s][info ][safepoint    ] Leaving safepoint region
[11.091s][info ][safepoint    ] Total time for which application threads were stopped: 0.0000657 seconds, Stopping threads took: 0.0000133 seconds
[11.092s][info ][safepoint    ] Application time: 0.0007511 seconds
[11.092s][info ][safepoint    ] Entering safepoint region: RevokeBias
[11.092s][info ][safepoint    ] Leaving safepoint region
[11.092s][info ][safepoint    ] Total time for which application threads were stopped: 0.0000384 seconds, Stopping threads took: 0.0000085 seconds
[11.092s][info ][safepoint    ] Application time: 0.0000571 seconds
[11.092s][info ][safepoint    ] Entering safepoint region: RevokeBias
[11.092s][info ][safepoint    ] Leaving safepoint region
[11.092s][info ][safepoint    ] Total time for which application threads were stopped: 0.0000363 seconds, Stopping threads took: 0.0000096 seconds
[11.093s][info ][safepoint    ] Application time: 0.0006023 seconds
[11.093s][info ][safepoint    ] Entering safepoint region: Deoptimize
[11.093s][info ][safepoint    ] Leaving safepoint region
[11.093s][info ][safepoint    ] Total time for which application threads were stopped: 0.0006574 seconds, Stopping threads took: 0.0000117 seconds
[11.095s][info ][safepoint    ] Application time: 0.0018735 seconds
[11.095s][info ][safepoint    ] Entering safepoint region: RevokeBias
[11.095s][info ][safepoint    ] Leaving safepoint region
[11.095s][info ][safepoint    ] Total time for which application threads were stopped: 0.0000405 seconds, Stopping threads took: 0.0000101 seconds
[11.122s][info ][safepoint    ] Application time: 0.0267244 seconds
[11.122s][info ][safepoint    ] Entering safepoint region: Deoptimize
[11.123s][info ][safepoint    ] Leaving safepoint region
[11.123s][info ][safepoint    ] Total time for which application threads were stopped: 0.0006572 seconds, Stopping threads took: 0.0000134 seconds
[11.136s][info ][safepoint    ] Application time: 0.0135563 seconds
[11.136s][info ][safepoint    ] Entering safepoint region: RevokeBias
[11.136s][info ][safepoint    ] Leaving safepoint region
[11.136s][info ][safepoint    ] Total time for which application threads were stopped: 0.0000771 seconds, Stopping threads took: 0.0000144 seconds
[11.191s][info ][safepoint    ] Application time: 0.0548608 seconds
[11.191s][info ][safepoint    ] Entering safepoint region: Deoptimize
[11.192s][info ][safepoint    ] Leaving safepoint region
[11.192s][info ][safepoint    ] Total time for which application threads were stopped: 0.0007216 seconds, Stopping threads took: 0.0000318 seconds
[11.204s][info ][safepoint    ] Application time: 0.0119470 seconds
[11.204s][info ][safepoint    ] Entering safepoint region: BulkRevokeBias
[11.204s][info ][safepoint    ] Leaving safepoint region
[11.204s][info ][safepoint    ] Total time for which application threads were stopped: 0.0003297 seconds, Stopping threads took: 0.0000370 seconds
[11.243s][info ][safepoint    ] Application time: 0.0390377 seconds
[11.244s][info ][safepoint    ] Entering safepoint region: RevokeBias
[11.244s][info ][safepoint    ] Leaving safepoint region
[11.244s][info ][safepoint    ] Total time for which application threads were stopped: 0.0003240 seconds, Stopping threads took: 0.0002258 seconds
[11.244s][info ][safepoint    ] Application time: 0.0001438 seconds
[11.244s][info ][safepoint    ] Entering safepoint region: RevokeBias
[11.244s][info ][safepoint    ] Leaving safepoint region
[11.244s][info ][safepoint    ] Total time for which application threads were stopped: 0.0001458 seconds, Stopping threads took: 0.0000816 seconds
[11.627s][info ][safepoint    ] Application time: 0.3829378 seconds
[11.627s][info ][safepoint    ] Entering safepoint region: ICBufferFull
[11.627s][info ][safepoint    ] Leaving safepoint region
[11.627s][info ][safepoint    ] Total time for which application threads were stopped: 0.0002350 seconds, Stopping threads took: 0.0000711 seconds
[11.943s][info ][safepoint    ] Application time: 0.3161204 seconds
[11.944s][info ][safepoint    ] Entering safepoint region: GenCollectForAllocation
[11.944s][info ][gc,start     ] GC(90) Pause Young (Allocation Failure)
[11.944s][info ][gc,task      ] GC(90) Using 4 workers of 4 for evacuation
[12.012s][debug][gc,ref       ] GC(90) Skipped phase1 of Reference Processing due to unavailable references
[12.012s][debug][gc,ref       ] GC(90) Skipped phase3 of Reference Processing due to unavailable references
[12.012s][debug][gc,age       ] GC(90) Desired survivor size 15368192 bytes, new threshold 1 (max threshold 6)
[12.012s][info ][gc,heap      ] GC(90) ParNew: 250316K->30016K(270336K)
[12.012s][info ][gc,heap      ] GC(90) CMS: 132097K->158782K(600768K)
[12.012s][info ][gc,metaspace ] GC(90) Metaspace: 42310K->42310K(1087488K)
[12.012s][info ][gc           ] GC(90) Pause Young (Allocation Failure) 373M->184M(850M) 68.517ms
[12.012s][info ][gc,cpu       ] GC(90) User=0.21s Sys=0.02s Real=0.07s
[12.012s][info ][safepoint    ] Leaving safepoint region
[12.012s][info ][safepoint    ] Total time for which application threads were stopped: 0.0687187 seconds, Stopping threads took: 0.0000137 seconds
[12.146s][info ][safepoint    ] Application time: 0.1339394 seconds
[12.146s][info ][safepoint    ] Entering safepoint region: ICBufferFull
[12.146s][info ][safepoint    ] Leaving safepoint region
[12.146s][info ][safepoint    ] Total time for which application threads were stopped: 0.0001621 seconds, Stopping threads took: 0.0000138 seconds
[12.252s][info ][safepoint    ] Application time: 0.1058513 seconds
[12.252s][info ][safepoint    ] Entering safepoint region: RevokeBias
[12.252s][info ][safepoint    ] Leaving safepoint region
[12.252s][info ][safepoint    ] Total time for which application threads were stopped: 0.0001531 seconds, Stopping threads took: 0.0000168 seconds
[12.270s][info ][safepoint    ] Application time: 0.0174895 seconds
[12.270s][info ][safepoint    ] Entering safepoint region: Deoptimize
[12.271s][info ][safepoint    ] Leaving safepoint region
[12.271s][info ][safepoint    ] Total time for which application threads were stopped: 0.0008803 seconds, Stopping threads took: 0.0000963 seconds
[12.281s][info ][safepoint    ] Application time: 0.0100852 seconds
[12.281s][info ][safepoint    ] Entering safepoint region: RevokeBias
[12.281s][info ][safepoint    ] Leaving safepoint region
[12.281s][info ][safepoint    ] Total time for which application threads were stopped: 0.0002385 seconds, Stopping threads took: 0.0001195 seconds
[12.421s][info ][safepoint    ] Application time: 0.1393801 seconds
[12.421s][info ][safepoint    ] Entering safepoint region: CollectForMetadataAllocation
[12.421s][info ][safepoint    ] Leaving safepoint region
[12.421s][info ][safepoint    ] Total time for which application threads were stopped: 0.0002276 seconds, Stopping threads took: 0.0000678 seconds
[12.433s][info ][safepoint    ] Application time: 0.0118395 seconds
[12.433s][info ][safepoint    ] Entering safepoint region: CollectForMetadataAllocation
[12.433s][info ][safepoint    ] Leaving safepoint region
[12.433s][info ][safepoint    ] Total time for which application threads were stopped: 0.0001920 seconds, Stopping threads took: 0.0001027 seconds
[12.449s][info ][safepoint    ] Application time: 0.0157475 seconds
[12.449s][info ][safepoint    ] Entering safepoint region: RevokeBias
[12.449s][info ][safepoint    ] Leaving safepoint region
[12.449s][info ][safepoint    ] Total time for which application threads were stopped: 0.0002840 seconds, Stopping threads took: 0.0001826 seconds
[12.467s][info ][safepoint    ] Application time: 0.0184409 seconds
[12.468s][info ][safepoint    ] Entering safepoint region: CollectForMetadataAllocation
[12.468s][info ][safepoint    ] Leaving safepoint region
[12.468s][info ][safepoint    ] Total time for which application threads were stopped: 0.0001871 seconds, Stopping threads took: 0.0000776 seconds
[12.468s][info ][safepoint    ] Application time: 0.0001491 seconds
[12.468s][info ][safepoint    ] Entering safepoint region: CollectForMetadataAllocation
[12.468s][info ][safepoint    ] Leaving safepoint region
[12.468s][info ][safepoint    ] Total time for which application threads were stopped: 0.0001632 seconds, Stopping threads took: 0.0001102 seconds
[12.550s][info ][safepoint    ] Application time: 0.0820579 seconds
[12.550s][info ][safepoint    ] Entering safepoint region: Deoptimize
[12.551s][info ][safepoint    ] Leaving safepoint region
[12.551s][info ][safepoint    ] Total time for which application threads were stopped: 0.0009069 seconds, Stopping threads took: 0.0000542 seconds
[12.560s][info ][safepoint    ] Application time: 0.0092994 seconds
[12.560s][info ][safepoint    ] Entering safepoint region: CollectForMetadataAllocation
[12.560s][info ][safepoint    ] Leaving safepoint region
[12.561s][info ][safepoint    ] Total time for which application threads were stopped: 0.0002048 seconds, Stopping threads took: 0.0000761 seconds
[12.713s][info ][safepoint    ] Application time: 0.1520506 seconds
[12.713s][info ][safepoint    ] Entering safepoint region: CollectForMetadataAllocation
[12.713s][info ][safepoint    ] Leaving safepoint region
[12.713s][info ][safepoint    ] Total time for which application threads were stopped: 0.0002074 seconds, Stopping threads took: 0.0000720 seconds
[12.741s][info ][safepoint    ] Application time: 0.0285228 seconds
[12.741s][info ][safepoint    ] Entering safepoint region: CollectForMetadataAllocation
[12.742s][info ][safepoint    ] Leaving safepoint region
[12.742s][info ][safepoint    ] Total time for which application threads were stopped: 0.0001926 seconds, Stopping threads took: 0.0000207 seconds
[12.818s][info ][safepoint    ] Application time: 0.0767775 seconds
[12.818s][info ][safepoint    ] Entering safepoint region: CollectForMetadataAllocation
[12.819s][info ][safepoint    ] Leaving safepoint region
[12.819s][info ][safepoint    ] Total time for which application threads were stopped: 0.0002001 seconds, Stopping threads took: 0.0000138 seconds
[12.901s][info ][safepoint    ] Application time: 0.0828384 seconds
[12.901s][info ][safepoint    ] Entering safepoint region: ICBufferFull
[12.902s][info ][safepoint    ] Leaving safepoint region
[12.902s][info ][safepoint    ] Total time for which application threads were stopped: 0.0001918 seconds, Stopping threads took: 0.0000160 seconds
[12.938s][info ][safepoint    ] Application time: 0.0363835 seconds
[12.938s][info ][safepoint    ] Entering safepoint region: CollectForMetadataAllocation
[12.938s][info ][safepoint    ] Leaving safepoint region
[12.938s][info ][safepoint    ] Total time for which application threads were stopped: 0.0002965 seconds, Stopping threads took: 0.0001023 seconds
[13.007s][info ][safepoint    ] Application time: 0.0689059 seconds
[13.007s][info ][safepoint    ] Entering safepoint region: Deoptimize
[13.008s][info ][safepoint    ] Leaving safepoint region
[13.008s][info ][safepoint    ] Total time for which application threads were stopped: 0.0010632 seconds, Stopping threads took: 0.0000155 seconds
[13.065s][info ][safepoint    ] Application time: 0.0562275 seconds
[13.065s][info ][safepoint    ] Entering safepoint region: ICBufferFull
[13.065s][info ][safepoint    ] Leaving safepoint region
[13.065s][info ][safepoint    ] Total time for which application threads were stopped: 0.0001637 seconds, Stopping threads took: 0.0000149 seconds
[13.206s][info ][safepoint    ] Application time: 0.1414999 seconds
[13.206s][info ][safepoint    ] Entering safepoint region: ICBufferFull
[13.207s][info ][safepoint    ] Leaving safepoint region
[13.207s][info ][safepoint    ] Total time for which application threads were stopped: 0.0001735 seconds, Stopping threads took: 0.0000139 seconds
[13.416s][info ][safepoint    ] Application time: 0.2091890 seconds
[13.416s][info ][safepoint    ] Entering safepoint region: ICBufferFull
[13.416s][info ][safepoint    ] Leaving safepoint region
[13.416s][info ][safepoint    ] Total time for which application threads were stopped: 0.0002250 seconds, Stopping threads took: 0.0000509 seconds
[13.706s][info ][safepoint    ] Application time: 0.2899076 seconds
[13.706s][info ][safepoint    ] Entering safepoint region: ICBufferFull
[13.706s][info ][safepoint    ] Leaving safepoint region
[13.706s][info ][safepoint    ] Total time for which application threads were stopped: 0.0001921 seconds, Stopping threads took: 0.0000169 seconds
[14.012s][info ][safepoint    ] Application time: 0.3061675 seconds
[14.012s][info ][safepoint    ] Entering safepoint region: CMS_Initial_Mark
[14.013s][info ][gc,start     ] GC(91) Pause Initial Mark
[14.042s][info ][gc           ] GC(91) Pause Initial Mark 343M->343M(850M) 29.308ms
[14.042s][info ][gc,cpu       ] GC(91) User=0.12s Sys=0.00s Real=0.02s
[14.042s][info ][safepoint    ] Leaving safepoint region
[14.042s][info ][safepoint    ] Total time for which application threads were stopped: 0.0296149 seconds, Stopping threads took: 0.0000573 seconds
[14.042s][info ][gc           ] GC(91) Concurrent Mark
[14.213s][info ][safepoint    ] Application time: 0.1709445 seconds
[14.213s][info ][safepoint    ] Entering safepoint region: ICBufferFull
[14.213s][info ][safepoint    ] Leaving safepoint region
[14.213s][info ][safepoint    ] Total time for which application threads were stopped: 0.0001790 seconds, Stopping threads took: 0.0000146 seconds
[14.263s][info ][gc           ] GC(91) Concurrent Mark 221.498ms
[14.264s][info ][gc,cpu       ] GC(91) User=0.45s Sys=0.02s Real=0.23s
[14.264s][info ][gc           ] GC(91) Concurrent Preclean
[14.264s][debug][gc,ref       ] GC(91) Preclean SoftReferences 0.001ms
[14.264s][debug][gc,ref       ] GC(91) Preclean WeakReferences 0.013ms
[14.264s][debug][gc,ref       ] GC(91) Preclean FinalReferences 0.001ms
[14.264s][debug][gc,ref       ] GC(91) Preclean PhantomReferences 0.002ms
[14.268s][info ][gc           ] GC(91) Concurrent Preclean 4.303ms
[14.268s][info ][gc,cpu       ] GC(91) User=0.01s Sys=0.00s Real=0.00s
[14.268s][info ][gc           ] GC(91) Concurrent Abortable Preclean
[14.358s][info ][safepoint    ] Application time: 0.1448663 seconds
[14.358s][info ][safepoint    ] Entering safepoint region: CollectForMetadataAllocation
[14.358s][info ][safepoint    ] Leaving safepoint region
[14.358s][info ][safepoint    ] Total time for which application threads were stopped: 0.0001711 seconds, Stopping threads took: 0.0000617 seconds
[14.817s][info ][safepoint    ] Application time: 0.4587023 seconds
[14.817s][info ][safepoint    ] Entering safepoint region: Deoptimize
[14.818s][info ][safepoint    ] Leaving safepoint region
[14.818s][info ][safepoint    ] Total time for which application threads were stopped: 0.0012351 seconds, Stopping threads took: 0.0000150 seconds
[14.898s][info ][safepoint    ] Application time: 0.0793796 seconds
[14.898s][info ][safepoint    ] Entering safepoint region: ICBufferFull
[14.898s][info ][safepoint    ] Leaving safepoint region
[14.898s][info ][safepoint    ] Total time for which application threads were stopped: 0.0002017 seconds, Stopping threads took: 0.0000272 seconds
[14.899s][info ][safepoint    ] Application time: 0.0016300 seconds
[14.899s][info ][safepoint    ] Entering safepoint region: ICBufferFull
[14.900s][info ][safepoint    ] Leaving safepoint region
[14.900s][info ][safepoint    ] Total time for which application threads were stopped: 0.0001637 seconds, Stopping threads took: 0.0000208 seconds
[15.258s][info ][safepoint    ] Application time: 0.3580885 seconds
[15.258s][info ][safepoint    ] Entering safepoint region: Deoptimize
[15.259s][info ][safepoint    ] Leaving safepoint region
[15.259s][info ][safepoint    ] Total time for which application threads were stopped: 0.0012261 seconds, Stopping threads took: 0.0000178 seconds
[15.305s][info ][safepoint    ] Application time: 0.0459218 seconds
[15.305s][info ][safepoint    ] Entering safepoint region: CollectForMetadataAllocation
[15.305s][info ][safepoint    ] Leaving safepoint region
[15.305s][info ][safepoint    ] Total time for which application threads were stopped: 0.0001798 seconds, Stopping threads took: 0.0000262 seconds
[15.415s][info ][safepoint    ] Application time: 0.1094909 seconds
[15.415s][info ][safepoint    ] Entering safepoint region: GenCollectForAllocation
[15.415s][info ][gc,start     ] GC(92) Pause Young (Allocation Failure)
[15.415s][info ][gc,task      ] GC(92) Using 4 workers of 4 for evacuation
[15.452s][debug][gc,ref       ] GC(92) Skipped phase1 of Reference Processing due to unavailable references
[15.452s][debug][gc,ref       ] GC(92) Skipped phase3 of Reference Processing due to unavailable references
[15.452s][debug][gc,age       ] GC(92) Desired survivor size 15368192 bytes, new threshold 1 (max threshold 6)
[15.452s][info ][gc,heap      ] GC(92) ParNew: 270336K->30016K(270336K)
[15.452s][info ][gc,heap      ] GC(92) CMS: 158782K->179555K(600768K)
[15.452s][info ][gc,metaspace ] GC(92) Metaspace: 45548K->45548K(1091584K)
[15.452s][info ][gc           ] GC(92) Pause Young (Allocation Failure) 419M->204M(850M) 37.638ms
[15.452s][info ][gc,cpu       ] GC(92) User=0.13s Sys=0.02s Real=0.04s
[15.452s][info ][safepoint    ] Leaving safepoint region
[15.452s][info ][safepoint    ] Total time for which application threads were stopped: 0.0378510 seconds, Stopping threads took: 0.0000149 seconds
[16.453s][info ][safepoint    ] Application time: 1.0001313 seconds
[16.453s][info ][safepoint    ] Entering safepoint region: Cleanup
[16.453s][info ][safepoint    ] Leaving safepoint region
[16.453s][info ][safepoint    ] Total time for which application threads were stopped: 0.0001590 seconds, Stopping threads took: 0.0000169 seconds
[17.453s][info ][safepoint    ] Application time: 1.0001294 seconds
[17.453s][info ][safepoint    ] Entering safepoint region: Cleanup
[17.453s][info ][safepoint    ] Leaving safepoint region
[17.453s][info ][safepoint    ] Total time for which application threads were stopped: 0.0002578 seconds, Stopping threads took: 0.0000163 seconds
[17.889s][info ][gc           ] GC(91) Concurrent Abortable Preclean 3621.495ms
[17.889s][info ][gc,cpu       ] GC(91) User=5.59s Sys=0.16s Real=3.62s
[17.889s][info ][safepoint    ] Application time: 0.4362707 seconds
[17.889s][info ][safepoint    ] Entering safepoint region: CMS_Final_Remark
[17.890s][info ][gc,start     ] GC(91) Pause Remark
[17.912s][debug][gc,phases    ] GC(91) Rescan (parallel) 21.984ms
[17.912s][debug][gc,ref       ] GC(91) Skipped phase1 of Reference Processing due to unavailable references
[17.912s][debug][gc,ref       ] GC(91) Skipped phase2 of Reference Processing due to unavailable references
[17.912s][debug][gc,ref       ] GC(91) Skipped phase3 of Reference Processing due to unavailable references
[17.912s][debug][gc,ref       ] GC(91) Skipped phase4 of Reference Processing due to unavailable references
[17.912s][debug][gc,phases    ] GC(91) Reference Processing 0.051ms
[17.912s][debug][gc,phases    ] GC(91) Weak Processing 0.111ms
[17.913s][debug][gc,phases    ] GC(91) ClassLoaderData 0.796ms
[17.913s][debug][gc,phases    ] GC(91) Dictionary 0.017ms
[17.913s][debug][gc,phases    ] GC(91) ProtectionDomainCacheTable 0.003ms
[17.913s][debug][gc,phases    ] GC(91) ResolvedMethodTable 0.112ms
[17.932s][debug][gc,phases    ] GC(91) Class Unloading 19.736ms
[17.935s][debug][gc,phases    ] GC(91) Scrub Symbol Table 3.526ms
[17.935s][debug][gc,phases    ] GC(91) Scrub String Table 0.310ms
[17.936s][info ][gc           ] GC(91) Pause Remark 327M->327M(850M) 46.395ms
[17.936s][info ][gc,cpu       ] GC(91) User=0.12s Sys=0.00s Real=0.05s
[17.936s][info ][safepoint    ] Leaving safepoint region
[17.936s][info ][safepoint    ] Total time for which application threads were stopped: 0.0465514 seconds, Stopping threads took: 0.0000172 seconds
[17.936s][info ][gc           ] GC(91) Concurrent Sweep
[17.939s][info ][safepoint    ] Application time: 0.0030055 seconds
[17.939s][info ][safepoint    ] Entering safepoint region: ICBufferFull
[17.939s][info ][safepoint    ] Leaving safepoint region
[17.939s][info ][safepoint    ] Total time for which application threads were stopped: 0.0002358 seconds, Stopping threads took: 0.0000679 seconds
[18.030s][info ][gc           ] GC(91) Concurrent Sweep 93.537ms
[18.030s][info ][gc,cpu       ] GC(91) User=0.14s Sys=0.02s Real=0.09s
[18.030s][info ][gc           ] GC(91) Concurrent Reset
[18.038s][info ][gc           ] GC(91) Concurrent Reset 8.518ms
[18.038s][info ][gc,cpu       ] GC(91) User=0.01s Sys=0.00s Real=0.01s
[18.038s][info ][gc,heap      ] GC(91) Old: 158782K->158714K(600768K)
[18.510s][info ][safepoint    ] Application time: 0.5703724 seconds
[18.510s][info ][safepoint    ] Entering safepoint region: ICBufferFull
[18.510s][info ][safepoint    ] Leaving safepoint region
[18.510s][info ][safepoint    ] Total time for which application threads were stopped: 0.0003524 seconds, Stopping threads took: 0.0000270 seconds
[18.714s][info ][safepoint    ] Application time: 0.2040192 seconds
[18.714s][info ][safepoint    ] Entering safepoint region: RevokeBias
[18.714s][info ][safepoint    ] Leaving safepoint region
[18.714s][info ][safepoint    ] Total time for which application threads were stopped: 0.0001120 seconds, Stopping threads took: 0.0000123 seconds
[18.716s][info ][safepoint    ] Application time: 0.0021612 seconds
[18.716s][info ][safepoint    ] Entering safepoint region: RevokeBias
[18.717s][info ][safepoint    ] Leaving safepoint region
[18.717s][info ][safepoint    ] Total time for which application threads were stopped: 0.0001181 seconds, Stopping threads took: 0.0000645 seconds
[18.723s][info ][safepoint    ] Application time: 0.0064149 seconds
[18.723s][info ][safepoint    ] Entering safepoint region: RevokeBias
[18.723s][info ][safepoint    ] Leaving safepoint region
[18.723s][info ][safepoint    ] Total time for which application threads were stopped: 0.0000728 seconds, Stopping threads took: 0.0000117 seconds
[18.724s][info ][safepoint    ] Application time: 0.0004592 seconds
[18.724s][info ][safepoint    ] Entering safepoint region: RevokeBias
[18.724s][info ][safepoint    ] Leaving safepoint region
[18.724s][info ][safepoint    ] Total time for which application threads were stopped: 0.0000827 seconds, Stopping threads took: 0.0000357 seconds
[18.765s][info ][safepoint    ] Application time: 0.0414882 seconds
[18.765s][info ][safepoint    ] Entering safepoint region: Deoptimize
[18.766s][info ][safepoint    ] Leaving safepoint region
[18.766s][info ][safepoint    ] Total time for which application threads were stopped: 0.0010100 seconds, Stopping threads took: 0.0000191 seconds
[18.769s][info ][safepoint    ] Application time: 0.0024408 seconds
[18.769s][info ][safepoint    ] Entering safepoint region: RevokeBias
[18.769s][info ][safepoint    ] Leaving safepoint region
[18.769s][info ][safepoint    ] Total time for which application threads were stopped: 0.0001303 seconds, Stopping threads took: 0.0000505 seconds
[18.786s][info ][safepoint    ] Application time: 0.0176797 seconds
[18.786s][info ][safepoint    ] Entering safepoint region: RevokeBias
[18.787s][info ][safepoint    ] Leaving safepoint region
[18.787s][info ][safepoint    ] Total time for which application threads were stopped: 0.0000900 seconds, Stopping threads took: 0.0000146 seconds
[18.789s][info ][safepoint    ] Application time: 0.0021915 seconds
[18.789s][info ][safepoint    ] Entering safepoint region: RevokeBias
[18.789s][info ][safepoint    ] Leaving safepoint region
[18.789s][info ][safepoint    ] Total time for which application threads were stopped: 0.0000762 seconds, Stopping threads took: 0.0000111 seconds
[19.092s][info ][safepoint    ] Application time: 0.3031056 seconds
[19.092s][info ][safepoint    ] Entering safepoint region: RevokeBias
[19.092s][info ][safepoint    ] Leaving safepoint region
[19.092s][info ][safepoint    ] Total time for which application threads were stopped: 0.0001435 seconds, Stopping threads took: 0.0000216 seconds
[19.117s][info ][safepoint    ] Application time: 0.0247112 seconds
[19.117s][info ][safepoint    ] Entering safepoint region: RevokeBias
[19.117s][info ][safepoint    ] Leaving safepoint region
[19.117s][info ][safepoint    ] Total time for which application threads were stopped: 0.0001429 seconds, Stopping threads took: 0.0000131 seconds
[19.118s][info ][safepoint    ] Application time: 0.0010661 seconds
[19.118s][info ][safepoint    ] Entering safepoint region: RevokeBias
[19.118s][info ][safepoint    ] Leaving safepoint region
[19.118s][info ][safepoint    ] Total time for which application threads were stopped: 0.0000730 seconds, Stopping threads took: 0.0000085 seconds
[19.137s][info ][safepoint    ] Application time: 0.0188226 seconds
[19.137s][info ][safepoint    ] Entering safepoint region: Deoptimize
[19.138s][info ][safepoint    ] Leaving safepoint region
[19.138s][info ][safepoint    ] Total time for which application threads were stopped: 0.0011610 seconds, Stopping threads took: 0.0000155 seconds
[19.139s][info ][safepoint    ] Application time: 0.0009314 seconds
[19.139s][info ][safepoint    ] Entering safepoint region: RevokeBias
[19.139s][info ][safepoint    ] Leaving safepoint region
[19.139s][info ][safepoint    ] Total time for which application threads were stopped: 0.0001133 seconds, Stopping threads took: 0.0000273 seconds
[19.139s][info ][safepoint    ] Application time: 0.0001718 seconds
[19.139s][info ][safepoint    ] Entering safepoint region: RevokeBias
[19.140s][info ][safepoint    ] Leaving safepoint region
[19.140s][info ][safepoint    ] Total time for which application threads were stopped: 0.0000686 seconds, Stopping threads took: 0.0000130 seconds
[19.140s][info ][safepoint    ] Application time: 0.0000726 seconds
[19.140s][info ][safepoint    ] Entering safepoint region: RevokeBias
[19.140s][info ][safepoint    ] Leaving safepoint region
[19.140s][info ][safepoint    ] Total time for which application threads were stopped: 0.0000417 seconds, Stopping threads took: 0.0000136 seconds
[19.145s][info ][safepoint    ] Application time: 0.0057057 seconds
[19.145s][info ][safepoint    ] Entering safepoint region: RevokeBias
[19.145s][info ][safepoint    ] Leaving safepoint region
[19.146s][info ][safepoint    ] Total time for which application threads were stopped: 0.0000917 seconds, Stopping threads took: 0.0000328 seconds
[19.146s][info ][safepoint    ] Application time: 0.0001016 seconds
[19.146s][info ][safepoint    ] Entering safepoint region: RevokeBias
[19.146s][info ][safepoint    ] Leaving safepoint region
[19.146s][info ][safepoint    ] Total time for which application threads were stopped: 0.0000330 seconds, Stopping threads took: 0.0000070 seconds
[19.151s][info ][safepoint    ] Application time: 0.0057807 seconds
[19.151s][info ][safepoint    ] Entering safepoint region: RevokeBias
[19.152s][info ][safepoint    ] Leaving safepoint region
[19.152s][info ][safepoint    ] Total time for which application threads were stopped: 0.0000943 seconds, Stopping threads took: 0.0000152 seconds
[19.174s][info ][safepoint    ] Application time: 0.0220303 seconds
[19.174s][info ][safepoint    ] Entering safepoint region: RevokeBias
[19.174s][info ][safepoint    ] Leaving safepoint region
[19.174s][info ][safepoint    ] Total time for which application threads were stopped: 0.0000899 seconds, Stopping threads took: 0.0000169 seconds
[19.174s][info ][safepoint    ] Application time: 0.0000923 seconds
[19.174s][info ][safepoint    ] Entering safepoint region: RevokeBias
[19.174s][info ][safepoint    ] Leaving safepoint region
[19.174s][info ][safepoint    ] Total time for which application threads were stopped: 0.0000340 seconds, Stopping threads took: 0.0000084 seconds
[19.215s][info ][safepoint    ] Application time: 0.0406858 seconds
[19.215s][info ][safepoint    ] Entering safepoint region: Deoptimize
[19.216s][info ][safepoint    ] Leaving safepoint region
[19.216s][info ][safepoint    ] Total time for which application threads were stopped: 0.0011383 seconds, Stopping threads took: 0.0000150 seconds
[19.252s][info ][safepoint    ] Application time: 0.0361719 seconds
[19.252s][info ][safepoint    ] Entering safepoint region: Deoptimize
[19.253s][info ][safepoint    ] Leaving safepoint region
[19.253s][info ][safepoint    ] Total time for which application threads were stopped: 0.0010846 seconds, Stopping threads took: 0.0000151 seconds
[19.272s][info ][safepoint    ] Application time: 0.0185686 seconds
[19.272s][info ][safepoint    ] Entering safepoint region: RevokeBias
[19.272s][info ][safepoint    ] Leaving safepoint region
[19.272s][info ][safepoint    ] Total time for which application threads were stopped: 0.0000861 seconds, Stopping threads took: 0.0000147 seconds
[19.275s][info ][safepoint    ] Application time: 0.0031838 seconds
[19.275s][info ][safepoint    ] Entering safepoint region: RevokeBias
[19.275s][info ][safepoint    ] Leaving safepoint region
[19.275s][info ][safepoint    ] Total time for which application threads were stopped: 0.0000511 seconds, Stopping threads took: 0.0000112 seconds
[19.275s][info ][safepoint    ] Application time: 0.0000627 seconds
[19.275s][info ][safepoint    ] Entering safepoint region: RevokeBias
[19.275s][info ][safepoint    ] Leaving safepoint region
[19.275s][info ][safepoint    ] Total time for which application threads were stopped: 0.0000321 seconds, Stopping threads took: 0.0000069 seconds
[19.359s][info ][safepoint    ] Application time: 0.0837515 seconds
[19.359s][info ][safepoint    ] Entering safepoint region: RevokeBias
[19.359s][info ][safepoint    ] Leaving safepoint region
[19.359s][info ][safepoint    ] Total time for which application threads were stopped: 0.0002585 seconds, Stopping threads took: 0.0001331 seconds
[19.390s][info ][safepoint    ] Application time: 0.0311419 seconds
[19.390s][info ][safepoint    ] Entering safepoint region: Deoptimize
[19.392s][info ][safepoint    ] Leaving safepoint region
[19.392s][info ][safepoint    ] Total time for which application threads were stopped: 0.0011662 seconds, Stopping threads took: 0.0000213 seconds
[19.392s][info ][safepoint    ] Application time: 0.0003442 seconds
[19.392s][info ][safepoint    ] Entering safepoint region: Deoptimize
[19.392s][info ][safepoint    ] Leaving safepoint region
[19.392s][info ][safepoint    ] Total time for which application threads were stopped: 0.0003893 seconds, Stopping threads took: 0.0000090 seconds
[19.393s][info ][safepoint    ] Application time: 0.0011235 seconds
[19.393s][info ][safepoint    ] Entering safepoint region: RevokeBias
[19.394s][info ][safepoint    ] Leaving safepoint region
[19.394s][info ][safepoint    ] Total time for which application threads were stopped: 0.0000929 seconds, Stopping threads took: 0.0000278 seconds
[19.394s][info ][safepoint    ] Application time: 0.0006772 seconds
[19.394s][info ][safepoint    ] Entering safepoint region: Deoptimize
[19.395s][info ][safepoint    ] Leaving safepoint region
[19.395s][info ][safepoint    ] Total time for which application threads were stopped: 0.0007424 seconds, Stopping threads took: 0.0000126 seconds
[19.399s][info ][safepoint    ] Application time: 0.0043807 seconds
[19.399s][info ][safepoint    ] Entering safepoint region: RevokeBias
[19.400s][info ][safepoint    ] Leaving safepoint region
[19.400s][info ][safepoint    ] Total time for which application threads were stopped: 0.0001103 seconds, Stopping threads took: 0.0000182 seconds
[19.412s][info ][safepoint    ] Application time: 0.0125250 seconds
[19.412s][info ][safepoint    ] Entering safepoint region: RevokeBias
[19.412s][info ][safepoint    ] Leaving safepoint region
[19.412s][info ][safepoint    ] Total time for which application threads were stopped: 0.0000743 seconds, Stopping threads took: 0.0000141 seconds
[19.604s][info ][safepoint    ] Application time: 0.1921634 seconds
[19.604s][info ][safepoint    ] Entering safepoint region: Deoptimize
[19.606s][info ][safepoint    ] Leaving safepoint region
[19.606s][info ][safepoint    ] Total time for which application threads were stopped: 0.0016806 seconds, Stopping threads took: 0.0000146 seconds
[19.610s][info ][safepoint    ] Application time: 0.0034558 seconds
[19.610s][info ][safepoint    ] Entering safepoint region: RevokeBias
[19.610s][info ][safepoint    ] Leaving safepoint region
[19.610s][info ][safepoint    ] Total time for which application threads were stopped: 0.0001515 seconds, Stopping threads took: 0.0000622 seconds
[19.610s][info ][safepoint    ] Application time: 0.0004122 seconds
[19.610s][info ][safepoint    ] Entering safepoint region: RevokeBias
[19.610s][info ][safepoint    ] Leaving safepoint region
[19.610s][info ][safepoint    ] Total time for which application threads were stopped: 0.0000934 seconds, Stopping threads took: 0.0000383 seconds
[19.623s][info ][safepoint    ] Application time: 0.0129890 seconds
[19.623s][info ][safepoint    ] Entering safepoint region: GenCollectForAllocation
[19.623s][info ][gc,start     ] GC(93) Pause Young (Allocation Failure)
[19.623s][info ][gc,task      ] GC(93) Using 4 workers of 4 for evacuation
[19.653s][debug][gc,ref       ] GC(93) Skipped phase1 of Reference Processing due to unavailable references
[19.654s][debug][gc,age       ] GC(93) Desired survivor size 15368192 bytes, new threshold 6 (max threshold 6)
[19.654s][info ][gc,heap      ] GC(93) ParNew: 270336K->20428K(270336K)
[19.654s][info ][gc,heap      ] GC(93) CMS: 158714K->178150K(600768K)
[19.654s][info ][gc,metaspace ] GC(93) Metaspace: 52951K->52951K(1097728K)
[19.654s][info ][gc           ] GC(93) Pause Young (Allocation Failure) 418M->193M(850M) 30.182ms
[19.654s][info ][gc,cpu       ] GC(93) User=0.11s Sys=0.01s Real=0.03s
[19.654s][info ][safepoint    ] Leaving safepoint region
[19.654s][info ][safepoint    ] Total time for which application threads were stopped: 0.0303856 seconds, Stopping threads took: 0.0000317 seconds
[19.757s][info ][safepoint    ] Application time: 0.1035433 seconds
[19.757s][info ][safepoint    ] Entering safepoint region: RevokeBias
[19.757s][info ][safepoint    ] Leaving safepoint region
[19.757s][info ][safepoint    ] Total time for which application threads were stopped: 0.0001933 seconds, Stopping threads took: 0.0000351 seconds
[20.085s][info ][safepoint    ] Application time: 0.3278583 seconds
[20.085s][info ][safepoint    ] Entering safepoint region: ICBufferFull
[20.086s][info ][safepoint    ] Leaving safepoint region
[20.086s][info ][safepoint    ] Total time for which application threads were stopped: 0.0002331 seconds, Stopping threads took: 0.0000470 seconds
[20.139s][info ][safepoint    ] Application time: 0.0539189 seconds
[20.140s][info ][safepoint    ] Entering safepoint region: Deoptimize
[20.141s][info ][safepoint    ] Leaving safepoint region
[20.141s][info ][safepoint    ] Total time for which application threads were stopped: 0.0011893 seconds, Stopping threads took: 0.0000398 seconds
[20.143s][info ][safepoint    ] Application time: 0.0026670 seconds
[20.143s][info ][safepoint    ] Entering safepoint region: Deoptimize
[20.145s][info ][safepoint    ] Leaving safepoint region
[20.145s][info ][safepoint    ] Total time for which application threads were stopped: 0.0013308 seconds, Stopping threads took: 0.0000237 seconds
[20.145s][info ][safepoint    ] Application time: 0.0004183 seconds
[20.145s][info ][safepoint    ] Entering safepoint region: Deoptimize
[20.146s][info ][safepoint    ] Leaving safepoint region
[20.146s][info ][safepoint    ] Total time for which application threads were stopped: 0.0008146 seconds, Stopping threads took: 0.0000193 seconds
[20.149s][info ][safepoint    ] Application time: 0.0028106 seconds
[20.149s][info ][safepoint    ] Entering safepoint region: Deoptimize
[20.150s][info ][safepoint    ] Leaving safepoint region
[20.150s][info ][safepoint    ] Total time for which application threads were stopped: 0.0008170 seconds, Stopping threads took: 0.0000106 seconds
[20.182s][info ][safepoint    ] Application time: 0.0323126 seconds
[20.182s][info ][safepoint    ] Entering safepoint region: Deoptimize
[20.183s][info ][safepoint    ] Leaving safepoint region
[20.183s][info ][safepoint    ] Total time for which application threads were stopped: 0.0013159 seconds, Stopping threads took: 0.0000985 seconds
[20.185s][info ][safepoint    ] Application time: 0.0018452 seconds
[20.185s][info ][safepoint    ] Entering safepoint region: Deoptimize
[20.186s][info ][safepoint    ] Leaving safepoint region
[20.186s][info ][safepoint    ] Total time for which application threads were stopped: 0.0010745 seconds, Stopping threads took: 0.0000114 seconds
[20.440s][info ][safepoint    ] Application time: 0.2535209 seconds
[20.440s][info ][safepoint    ] Entering safepoint region: ICBufferFull
[20.440s][info ][safepoint    ] Leaving safepoint region
[20.440s][info ][safepoint    ] Total time for which application threads were stopped: 0.0003712 seconds, Stopping threads took: 0.0000824 seconds
[20.806s][info ][safepoint    ] Application time: 0.3658938 seconds
[20.806s][info ][safepoint    ] Entering safepoint region: ICBufferFull
[20.806s][info ][safepoint    ] Leaving safepoint region
[20.806s][info ][safepoint    ] Total time for which application threads were stopped: 0.0002039 seconds, Stopping threads took: 0.0000146 seconds
[21.194s][info ][safepoint    ] Application time: 0.3876567 seconds
[21.194s][info ][safepoint    ] Entering safepoint region: GenCollectForAllocation
[21.194s][info ][gc,start     ] GC(94) Pause Young (Allocation Failure)
[21.194s][info ][gc,task      ] GC(94) Using 4 workers of 4 for evacuation
[21.215s][debug][gc,ref       ] GC(94) Skipped phase1 of Reference Processing due to unavailable references
[21.216s][debug][gc,ref       ] GC(94) Skipped phase3 of Reference Processing due to unavailable references
[21.216s][debug][gc,age       ] GC(94) Desired survivor size 15368192 bytes, new threshold 1 (max threshold 6)
[21.216s][info ][gc,heap      ] GC(94) ParNew: 260748K->30016K(270336K)
[21.216s][info ][gc,heap      ] GC(94) CMS: 178150K->187211K(600768K)
[21.216s][info ][gc,metaspace ] GC(94) Metaspace: 54265K->54265K(1097728K)
[21.216s][info ][gc           ] GC(94) Pause Young (Allocation Failure) 428M->212M(850M) 21.611ms
[21.216s][info ][gc,cpu       ] GC(94) User=0.05s Sys=0.00s Real=0.02s
[21.216s][info ][safepoint    ] Leaving safepoint region
[21.216s][info ][safepoint    ] Total time for which application threads were stopped: 0.0218252 seconds, Stopping threads took: 0.0000335 seconds
[21.851s][info ][safepoint    ] Application time: 0.6350160 seconds
[21.851s][info ][safepoint    ] Entering safepoint region: Deoptimize
[21.852s][info ][safepoint    ] Leaving safepoint region
[21.852s][info ][safepoint    ] Total time for which application threads were stopped: 0.0012799 seconds, Stopping threads took: 0.0000679 seconds
[22.723s][info ][safepoint    ] Application time: 0.8710937 seconds
[22.723s][info ][safepoint    ] Entering safepoint region: RevokeBias
[22.724s][info ][safepoint    ] Leaving safepoint region
[22.724s][info ][safepoint    ] Total time for which application threads were stopped: 0.0003664 seconds, Stopping threads took: 0.0001231 seconds
[22.772s][info ][safepoint    ] Application time: 0.0484099 seconds
[22.772s][info ][safepoint    ] Entering safepoint region: GenCollectForAllocation
[22.772s][info ][gc,start     ] GC(95) Pause Young (Allocation Failure)
[22.772s][info ][gc,task      ] GC(95) Using 4 workers of 4 for evacuation
[22.792s][debug][gc,ref       ] GC(95) Skipped phase1 of Reference Processing due to unavailable references
[22.792s][debug][gc,ref       ] GC(95) Skipped phase3 of Reference Processing due to unavailable references
[22.792s][debug][gc,age       ] GC(95) Desired survivor size 15368192 bytes, new threshold 6 (max threshold 6)
[22.792s][info ][gc,heap      ] GC(95) ParNew: 270336K->20646K(270336K)
[22.792s][info ][gc,heap      ] GC(95) CMS: 187211K->214301K(600768K)
[22.792s][info ][gc,metaspace ] GC(95) Metaspace: 54493K->54493K(1097728K)
[22.792s][info ][gc           ] GC(95) Pause Young (Allocation Failure) 446M->229M(850M) 19.559ms
[22.792s][info ][gc,cpu       ] GC(95) User=0.06s Sys=0.01s Real=0.02s
[22.792s][info ][safepoint    ] Leaving safepoint region
[22.792s][info ][safepoint    ] Total time for which application threads were stopped: 0.0197444 seconds, Stopping threads took: 0.0000359 seconds
[23.566s][info ][safepoint    ] Application time: 0.7742930 seconds
[23.566s][info ][safepoint    ] Entering safepoint region: ICBufferFull
[23.566s][info ][safepoint    ] Leaving safepoint region
[23.566s][info ][safepoint    ] Total time for which application threads were stopped: 0.0002539 seconds, Stopping threads took: 0.0000563 seconds
[23.982s][info ][safepoint    ] Application time: 0.4157772 seconds
[23.982s][info ][safepoint    ] Entering safepoint region: GenCollectForAllocation
[23.983s][info ][gc,start     ] GC(96) Pause Young (Allocation Failure)
[23.983s][info ][gc,task      ] GC(96) Using 4 workers of 4 for evacuation
[23.992s][debug][gc,ref       ] GC(96) Skipped phase1 of Reference Processing due to unavailable references
[23.992s][debug][gc,ref       ] GC(96) Skipped phase3 of Reference Processing due to unavailable references
[23.992s][debug][gc,age       ] GC(96) Desired survivor size 15368192 bytes, new threshold 2 (max threshold 6)
[23.992s][info ][gc,heap      ] GC(96) ParNew: 260966K->27106K(270336K)
[23.992s][info ][gc,heap      ] GC(96) CMS: 214301K->214301K(600768K)
[23.992s][info ][gc,metaspace ] GC(96) Metaspace: 54713K->54713K(1099776K)
[23.992s][info ][gc           ] GC(96) Pause Young (Allocation Failure) 464M->235M(850M) 9.333ms
[23.992s][info ][gc,cpu       ] GC(96) User=0.03s Sys=0.00s Real=0.01s
[23.992s][info ][safepoint    ] Leaving safepoint region
[23.992s][info ][safepoint    ] Total time for which application threads were stopped: 0.0096373 seconds, Stopping threads took: 0.0000948 seconds
[24.394s][info ][safepoint    ] Application time: 0.4022438 seconds
[24.394s][info ][safepoint    ] Entering safepoint region: RevokeBias
[24.395s][info ][safepoint    ] Leaving safepoint region
[24.395s][info ][safepoint    ] Total time for which application threads were stopped: 0.0003331 seconds, Stopping threads took: 0.0000618 seconds
[24.395s][info ][safepoint    ] Application time: 0.0002124 seconds
[24.395s][info ][safepoint    ] Entering safepoint region: RevokeBias
[24.395s][info ][safepoint    ] Leaving safepoint region
[24.395s][info ][safepoint    ] Total time for which application threads were stopped: 0.0001620 seconds, Stopping threads took: 0.0000940 seconds
[25.396s][info ][safepoint    ] Application time: 1.0006564 seconds
[25.396s][info ][safepoint    ] Entering safepoint region: Cleanup
[25.396s][info ][safepoint    ] Leaving safepoint region
[25.396s][info ][safepoint    ] Total time for which application threads were stopped: 0.0002075 seconds, Stopping threads took: 0.0000190 seconds
[25.660s][info ][safepoint    ] Application time: 0.2642547 seconds
[25.660s][info ][safepoint    ] Entering safepoint region: GenCollectForAllocation
[25.660s][info ][gc,start     ] GC(97) Pause Young (Allocation Failure)
[25.660s][info ][gc,task      ] GC(97) Using 4 workers of 4 for evacuation
[25.672s][debug][gc,ref       ] GC(97) Skipped phase1 of Reference Processing due to unavailable references
[25.672s][debug][gc,ref       ] GC(97) Skipped phase3 of Reference Processing due to unavailable references
[25.672s][debug][gc,age       ] GC(97) Desired survivor size 15368192 bytes, new threshold 6 (max threshold 6)
[25.672s][info ][gc,heap      ] GC(97) ParNew: 267426K->18183K(270336K)
[25.672s][info ][gc,heap      ] GC(97) CMS: 214301K->221209K(600768K)
[25.672s][info ][gc,metaspace ] GC(97) Metaspace: 54876K->54876K(1099776K)
[25.672s][info ][gc           ] GC(97) Pause Young (Allocation Failure) 470M->233M(850M) 11.684ms
[25.672s][info ][gc,cpu       ] GC(97) User=0.04s Sys=0.00s Real=0.02s
[25.672s][info ][safepoint    ] Leaving safepoint region
[25.672s][info ][safepoint    ] Total time for which application threads were stopped: 0.0118874 seconds, Stopping threads took: 0.0000150 seconds
[26.306s][info ][safepoint    ] Application time: 0.6344708 seconds
[26.307s][info ][safepoint    ] Entering safepoint region: ICBufferFull
[26.307s][info ][safepoint    ] Leaving safepoint region
[26.307s][info ][safepoint    ] Total time for which application threads were stopped: 0.0002040 seconds, Stopping threads took: 0.0000280 seconds
[26.771s][info ][safepoint    ] Application time: 0.4647541 seconds
[26.772s][info ][safepoint    ] Entering safepoint region: ICBufferFull
[26.772s][info ][safepoint    ] Leaving safepoint region
[26.772s][info ][safepoint    ] Total time for which application threads were stopped: 0.0003246 seconds, Stopping threads took: 0.0000168 seconds
[27.204s][info ][safepoint    ] Application time: 0.4317714 seconds
[27.204s][info ][safepoint    ] Entering safepoint region: ICBufferFull
[27.204s][info ][safepoint    ] Leaving safepoint region
[27.204s][info ][safepoint    ] Total time for which application threads were stopped: 0.0002298 seconds, Stopping threads took: 0.0000157 seconds
[27.561s][info ][safepoint    ] Application time: 0.3567608 seconds
[27.561s][info ][safepoint    ] Entering safepoint region: ICBufferFull
[27.561s][info ][safepoint    ] Leaving safepoint region
[27.561s][info ][safepoint    ] Total time for which application threads were stopped: 0.0002991 seconds, Stopping threads took: 0.0000408 seconds
[27.869s][info ][safepoint    ] Application time: 0.3084133 seconds
[27.869s][info ][safepoint    ] Entering safepoint region: GenCollectForAllocation
[27.870s][info ][gc,start     ] GC(98) Pause Young (Allocation Failure)
[27.870s][info ][gc,task      ] GC(98) Using 4 workers of 4 for evacuation
[27.876s][debug][gc,ref       ] GC(98) Skipped phase1 of Reference Processing due to unavailable references
[27.876s][debug][gc,ref       ] GC(98) Skipped phase3 of Reference Processing due to unavailable references
[27.876s][debug][gc,age       ] GC(98) Desired survivor size 15368192 bytes, new threshold 6 (max threshold 6)
[27.877s][info ][gc,heap      ] GC(98) ParNew: 258503K->16586K(270336K)
[27.877s][info ][gc,heap      ] GC(98) CMS: 221209K->221209K(600768K)
[27.877s][info ][gc,metaspace ] GC(98) Metaspace: 54977K->54977K(1099776K)
[27.877s][info ][gc           ] GC(98) Pause Young (Allocation Failure) 468M->232M(850M) 6.892ms
[27.877s][info ][gc,cpu       ] GC(98) User=0.03s Sys=0.00s Real=0.01s
[27.877s][info ][safepoint    ] Leaving safepoint region
[27.877s][info ][safepoint    ] Total time for which application threads were stopped: 0.0071146 seconds, Stopping threads took: 0.0000175 seconds
[28.555s][info ][safepoint    ] Application time: 0.6782380 seconds
[28.555s][info ][safepoint    ] Entering safepoint region: ICBufferFull
[28.555s][info ][safepoint    ] Leaving safepoint region
[28.555s][info ][safepoint    ] Total time for which application threads were stopped: 0.0003016 seconds, Stopping threads took: 0.0000879 seconds
[29.395s][info ][safepoint    ] Application time: 0.8400710 seconds
[29.395s][info ][safepoint    ] Entering safepoint region: RevokeBias
[29.395s][info ][safepoint    ] Leaving safepoint region
[29.395s][info ][safepoint    ] Total time for which application threads were stopped: 0.0001961 seconds, Stopping threads took: 0.0000338 seconds
[29.396s][info ][safepoint    ] Application time: 0.0009878 seconds
[29.396s][info ][safepoint    ] Entering safepoint region: RevokeBias
[29.397s][info ][safepoint    ] Leaving safepoint region
[29.397s][info ][safepoint    ] Total time for which application threads were stopped: 0.0000733 seconds, Stopping threads took: 0.0000142 seconds
[29.397s][info ][safepoint    ] Application time: 0.0002864 seconds
[29.397s][info ][safepoint    ] Entering safepoint region: RevokeBias
[29.397s][info ][safepoint    ] Leaving safepoint region
[29.397s][info ][safepoint    ] Total time for which application threads were stopped: 0.0000431 seconds, Stopping threads took: 0.0000104 seconds
[29.397s][info ][safepoint    ] Application time: 0.0001247 seconds
[29.397s][info ][safepoint    ] Entering safepoint region: RevokeBias
[29.397s][info ][safepoint    ] Leaving safepoint region
[29.397s][info ][safepoint    ] Total time for which application threads were stopped: 0.0000339 seconds, Stopping threads took: 0.0000087 seconds
[29.397s][info ][safepoint    ] Application time: 0.0001274 seconds
[29.397s][info ][safepoint    ] Entering safepoint region: RevokeBias
[29.397s][info ][safepoint    ] Leaving safepoint region
[29.397s][info ][safepoint    ] Total time for which application threads were stopped: 0.0000392 seconds, Stopping threads took: 0.0000104 seconds
[29.397s][info ][safepoint    ] Application time: 0.0001936 seconds
[29.398s][info ][safepoint    ] Entering safepoint region: RevokeBias
[29.398s][info ][safepoint    ] Leaving safepoint region
[29.398s][info ][safepoint    ] Total time for which application threads were stopped: 0.0001394 seconds, Stopping threads took: 0.0001123 seconds
[30.313s][info ][safepoint    ] Application time: 0.9157804 seconds
[30.314s][info ][safepoint    ] Entering safepoint region: GenCollectForAllocation
[30.314s][info ][gc,start     ] GC(99) Pause Young (Allocation Failure)
[30.314s][info ][gc,task      ] GC(99) Using 4 workers of 4 for evacuation
[30.320s][debug][gc,ref       ] GC(99) Skipped phase1 of Reference Processing due to unavailable references
[30.320s][debug][gc,ref       ] GC(99) Skipped phase3 of Reference Processing due to unavailable references
[30.320s][debug][gc,age       ] GC(99) Desired survivor size 15368192 bytes, new threshold 6 (max threshold 6)
[30.495s][info ][gc,heap      ] GC(99) ParNew: 256906K->15211K(270336K)
[30.495s][info ][gc,heap      ] GC(99) CMS: 221209K->221209K(600768K)
[30.495s][info ][gc,metaspace ] GC(99) Metaspace: 55070K->55070K(1099776K)
[30.495s][info ][gc           ] GC(99) Pause Young (Allocation Failure) 466M->230M(850M) 180.914ms
[30.495s][info ][gc,cpu       ] GC(99) User=0.03s Sys=0.00s Real=0.18s
[30.495s][info ][safepoint    ] Leaving safepoint region
[30.495s][info ][safepoint    ] Total time for which application threads were stopped: 0.1812639 seconds, Stopping threads took: 0.0001242 seconds
[31.495s][info ][safepoint    ] Application time: 1.0004912 seconds
[31.495s][info ][safepoint    ] Entering safepoint region: Cleanup
[31.495s][info ][safepoint    ] Leaving safepoint region
[31.495s][info ][safepoint    ] Total time for which application threads were stopped: 0.0001890 seconds, Stopping threads took: 0.0000163 seconds
[31.729s][info ][safepoint    ] Application time: 0.2333437 seconds
[31.729s][info ][safepoint    ] Entering safepoint region: ICBufferFull
[31.729s][info ][safepoint    ] Leaving safepoint region
[31.729s][info ][safepoint    ] Total time for which application threads were stopped: 0.0002105 seconds, Stopping threads took: 0.0000156 seconds
[32.263s][info ][safepoint    ] Application time: 0.5335977 seconds
[32.263s][info ][safepoint    ] Entering safepoint region: ICBufferFull
[32.263s][info ][safepoint    ] Leaving safepoint region
[32.263s][info ][safepoint    ] Total time for which application threads were stopped: 0.0002792 seconds, Stopping threads took: 0.0000427 seconds
[32.820s][info ][safepoint    ] Application time: 0.5569104 seconds
[32.820s][info ][safepoint    ] Entering safepoint region: GenCollectForAllocation
[32.820s][info ][gc,start     ] GC(100) Pause Young (Allocation Failure)
[32.820s][info ][gc,task      ] GC(100) Using 4 workers of 4 for evacuation
[32.826s][debug][gc,ref       ] GC(100) Skipped phase1 of Reference Processing due to unavailable references
[32.826s][debug][gc,ref       ] GC(100) Skipped phase3 of Reference Processing due to unavailable references
[32.826s][debug][gc,age       ] GC(100) Desired survivor size 15368192 bytes, new threshold 6 (max threshold 6)
[32.826s][info ][gc,heap      ] GC(100) ParNew: 255531K->17905K(270336K)
[32.826s][info ][gc,heap      ] GC(100) CMS: 221209K->221209K(600768K)
[32.826s][info ][gc,metaspace ] GC(100) Metaspace: 55180K->55180K(1099776K)
[32.826s][info ][gc           ] GC(100) Pause Young (Allocation Failure) 465M->233M(850M) 6.390ms
[32.826s][info ][gc,cpu       ] GC(100) User=0.03s Sys=0.00s Real=0.01s
[32.826s][info ][safepoint    ] Leaving safepoint region
[32.826s][info ][safepoint    ] Total time for which application threads were stopped: 0.0065667 seconds, Stopping threads took: 0.0000160 seconds
[33.827s][info ][safepoint    ] Application time: 1.0001125 seconds
[33.827s][info ][safepoint    ] Entering safepoint region: Cleanup
[33.827s][info ][safepoint    ] Leaving safepoint region
[33.827s][info ][safepoint    ] Total time for which application threads were stopped: 0.0001008 seconds, Stopping threads took: 0.0000156 seconds
[34.827s][info ][safepoint    ] Application time: 1.0001242 seconds
[34.827s][info ][safepoint    ] Entering safepoint region: Cleanup
[34.827s][info ][safepoint    ] Leaving safepoint region
[34.827s][info ][safepoint    ] Total time for which application threads were stopped: 0.0001014 seconds, Stopping threads took: 0.0000159 seconds
[35.409s][info ][safepoint    ] Application time: 0.5820889 seconds
[35.409s][info ][safepoint    ] Entering safepoint region: GenCollectForAllocation
[35.409s][info ][gc,start     ] GC(101) Pause Young (Allocation Failure)
[35.409s][info ][gc,task      ] GC(101) Using 4 workers of 4 for evacuation
[35.415s][debug][gc,ref       ] GC(101) Skipped phase1 of Reference Processing due to unavailable references
[35.415s][debug][gc,ref       ] GC(101) Skipped phase3 of Reference Processing due to unavailable references
[35.415s][debug][gc,age       ] GC(101) Desired survivor size 15368192 bytes, new threshold 6 (max threshold 6)
[35.415s][info ][gc,heap      ] GC(101) ParNew: 258225K->17887K(270336K)
[35.415s][info ][gc,heap      ] GC(101) CMS: 221209K->221209K(600768K)
[35.415s][info ][gc,metaspace ] GC(101) Metaspace: 55227K->55227K(1099776K)
[35.415s][info ][gc           ] GC(101) Pause Young (Allocation Failure) 468M->233M(850M) 5.901ms
[35.415s][info ][gc,cpu       ] GC(101) User=0.02s Sys=0.00s Real=0.01s
[35.415s][info ][safepoint    ] Leaving safepoint region
[35.415s][info ][safepoint    ] Total time for which application threads were stopped: 0.0060652 seconds, Stopping threads took: 0.0000143 seconds
[36.415s][info ][safepoint    ] Application time: 1.0000981 seconds
[36.415s][info ][safepoint    ] Entering safepoint region: Cleanup
[36.415s][info ][safepoint    ] Leaving safepoint region
[36.415s][info ][safepoint    ] Total time for which application threads were stopped: 0.0001298 seconds, Stopping threads took: 0.0000382 seconds
[37.416s][info ][safepoint    ] Application time: 1.0001245 seconds
[37.416s][info ][safepoint    ] Entering safepoint region: Cleanup
[37.416s][info ][safepoint    ] Leaving safepoint region
[37.416s][info ][safepoint    ] Total time for which application threads were stopped: 0.0001383 seconds, Stopping threads took: 0.0000379 seconds
[38.012s][info ][safepoint    ] Application time: 0.5961396 seconds
[38.012s][info ][safepoint    ] Entering safepoint region: GenCollectForAllocation
[38.012s][info ][gc,start     ] GC(102) Pause Young (Allocation Failure)
[38.012s][info ][gc,task      ] GC(102) Using 4 workers of 4 for evacuation
[38.025s][debug][gc,ref       ] GC(102) Skipped phase1 of Reference Processing due to unavailable references
[38.025s][debug][gc,ref       ] GC(102) Skipped phase3 of Reference Processing due to unavailable references
[38.025s][debug][gc,ref       ] GC(102) Skipped phase4 of Reference Processing due to unavailable references
[38.025s][debug][gc,age       ] GC(102) Desired survivor size 15368192 bytes, new threshold 6 (max threshold 6)
[38.025s][info ][gc,heap      ] GC(102) ParNew: 258207K->11926K(270336K)
[38.025s][info ][gc,heap      ] GC(102) CMS: 221209K->230153K(600768K)
[38.025s][info ][gc,metaspace ] GC(102) Metaspace: 55258K->55258K(1099776K)
[38.025s][info ][gc           ] GC(102) Pause Young (Allocation Failure) 468M->236M(850M) 13.033ms
[38.025s][info ][gc,cpu       ] GC(102) User=0.03s Sys=0.00s Real=0.01s
[38.025s][info ][safepoint    ] Leaving safepoint region
[38.025s][info ][safepoint    ] Total time for which application threads were stopped: 0.0132248 seconds, Stopping threads took: 0.0000183 seconds
[39.025s][info ][safepoint    ] Application time: 1.0000967 seconds
[39.025s][info ][safepoint    ] Entering safepoint region: Cleanup
[39.025s][info ][safepoint    ] Leaving safepoint region
[39.025s][info ][safepoint    ] Total time for which application threads were stopped: 0.0001053 seconds, Stopping threads took: 0.0000254 seconds
[40.025s][info ][safepoint    ] Application time: 1.0000932 seconds
[40.026s][info ][safepoint    ] Entering safepoint region: Cleanup
[40.026s][info ][safepoint    ] Leaving safepoint region
[40.026s][info ][safepoint    ] Total time for which application threads were stopped: 0.0001635 seconds, Stopping threads took: 0.0000153 seconds
[40.568s][info ][safepoint    ] Application time: 0.5421759 seconds
[40.568s][info ][safepoint    ] Entering safepoint region: GenCollectForAllocation
[40.568s][info ][gc,start     ] GC(103) Pause Young (Allocation Failure)
[40.568s][info ][gc,task      ] GC(103) Using 4 workers of 4 for evacuation
[40.572s][debug][gc,ref       ] GC(103) Skipped phase1 of Reference Processing due to unavailable references
[40.572s][debug][gc,ref       ] GC(103) Skipped phase3 of Reference Processing due to unavailable references
[40.572s][debug][gc,ref       ] GC(103) Skipped phase4 of Reference Processing due to unavailable references
[40.572s][debug][gc,age       ] GC(103) Desired survivor size 15368192 bytes, new threshold 6 (max threshold 6)
[40.572s][info ][gc,heap      ] GC(103) ParNew: 252246K->3769K(270336K)
[40.572s][info ][gc,heap      ] GC(103) CMS: 230153K->232385K(600768K)
[40.572s][info ][gc,metaspace ] GC(103) Metaspace: 55297K->55297K(1099776K)
[40.572s][info ][gc           ] GC(103) Pause Young (Allocation Failure) 471M->230M(850M) 4.422ms
[40.573s][info ][gc,cpu       ] GC(103) User=0.02s Sys=0.00s Real=0.01s
[40.573s][info ][safepoint    ] Leaving safepoint region
[40.573s][info ][safepoint    ] Total time for which application threads were stopped: 0.0046588 seconds, Stopping threads took: 0.0001037 seconds
[41.573s][info ][safepoint    ] Application time: 1.0000938 seconds
[41.573s][info ][safepoint    ] Entering safepoint region: Cleanup
[41.573s][info ][safepoint    ] Leaving safepoint region
[41.573s][info ][safepoint    ] Total time for which application threads were stopped: 0.0000882 seconds, Stopping threads took: 0.0000157 seconds
[42.573s][info ][safepoint    ] Application time: 1.0000726 seconds
[42.573s][info ][safepoint    ] Entering safepoint region: Cleanup
[42.573s][info ][safepoint    ] Leaving safepoint region
[42.573s][info ][safepoint    ] Total time for which application threads were stopped: 0.0001633 seconds, Stopping threads took: 0.0000685 seconds
[43.166s][info ][safepoint    ] Application time: 0.5931993 seconds
[43.166s][info ][safepoint    ] Entering safepoint region: GenCollectForAllocation
[43.166s][info ][gc,start     ] GC(104) Pause Young (Allocation Failure)
[43.166s][info ][gc,task      ] GC(104) Using 4 workers of 4 for evacuation
[43.169s][debug][gc,ref       ] GC(104) Skipped phase1 of Reference Processing due to unavailable references
[43.169s][debug][gc,ref       ] GC(104) Skipped phase2 of Reference Processing due to unavailable references
[43.170s][debug][gc,ref       ] GC(104) Skipped phase3 of Reference Processing due to unavailable references
[43.170s][debug][gc,ref       ] GC(104) Skipped phase4 of Reference Processing due to unavailable references
[43.170s][debug][gc,age       ] GC(104) Desired survivor size 15368192 bytes, new threshold 6 (max threshold 6)
[43.170s][info ][gc,heap      ] GC(104) ParNew: 244089K->1675K(270336K)
[43.170s][info ][gc,heap      ] GC(104) CMS: 232385K->232557K(600768K)
[43.170s][info ][gc,metaspace ] GC(104) Metaspace: 55308K->55308K(1099776K)
[43.170s][info ][gc           ] GC(104) Pause Young (Allocation Failure) 465M->228M(850M) 3.304ms
[43.170s][info ][gc,cpu       ] GC(104) User=0.01s Sys=0.00s Real=0.00s
[43.170s][info ][safepoint    ] Leaving safepoint region
[43.170s][info ][safepoint    ] Total time for which application threads were stopped: 0.0034783 seconds, Stopping threads took: 0.0000168 seconds
[44.170s][info ][safepoint    ] Application time: 1.0001271 seconds
[44.170s][info ][safepoint    ] Entering safepoint region: Cleanup
[44.170s][info ][safepoint    ] Leaving safepoint region
[44.170s][info ][safepoint    ] Total time for which application threads were stopped: 0.0001328 seconds, Stopping threads took: 0.0000155 seconds
[45.170s][info ][safepoint    ] Application time: 1.0000806 seconds
[45.170s][info ][safepoint    ] Entering safepoint region: Cleanup
[45.170s][info ][safepoint    ] Leaving safepoint region
[45.170s][info ][safepoint    ] Total time for which application threads were stopped: 0.0001234 seconds, Stopping threads took: 0.0000165 seconds
[45.721s][info ][safepoint    ] Application time: 0.5502210 seconds
[45.721s][info ][safepoint    ] Entering safepoint region: GenCollectForAllocation
[45.721s][info ][gc,start     ] GC(105) Pause Young (Allocation Failure)
[45.721s][info ][gc,task      ] GC(105) Using 4 workers of 4 for evacuation
[45.723s][debug][gc,ref       ] GC(105) Skipped phase1 of Reference Processing due to unavailable references
[45.723s][debug][gc,ref       ] GC(105) Skipped phase2 of Reference Processing due to unavailable references
[45.723s][debug][gc,ref       ] GC(105) Skipped phase3 of Reference Processing due to unavailable references
[45.723s][debug][gc,ref       ] GC(105) Skipped phase4 of Reference Processing due to unavailable references
[45.723s][debug][gc,age       ] GC(105) Desired survivor size 15368192 bytes, new threshold 6 (max threshold 6)
[45.723s][info ][gc,heap      ] GC(105) ParNew: 241978K->1186K(270336K)
[45.723s][info ][gc,heap      ] GC(105) CMS: 232557K->232606K(600768K)
[45.723s][info ][gc,metaspace ] GC(105) Metaspace: 55382K->55382K(1099776K)
[45.723s][info ][gc           ] GC(105) Pause Young (Allocation Failure) 463M->228M(850M) 2.478ms
[45.723s][info ][gc,cpu       ] GC(105) User=0.01s Sys=0.00s Real=0.01s
[45.723s][info ][safepoint    ] Leaving safepoint region
[45.723s][info ][safepoint    ] Total time for which application threads were stopped: 0.0026685 seconds, Stopping threads took: 0.0000156 seconds
[46.723s][info ][safepoint    ] Application time: 1.0001103 seconds
[46.723s][info ][safepoint    ] Entering safepoint region: Cleanup
[46.724s][info ][safepoint    ] Leaving safepoint region
[46.724s][info ][safepoint    ] Total time for which application threads were stopped: 0.0003644 seconds, Stopping threads took: 0.0001293 seconds
[47.524s][info ][safepoint    ] Application time: 0.8003767 seconds
[47.524s][info ][safepoint    ] Entering safepoint region: GenCollectForAllocation
[47.524s][info ][safepoint    ] Leaving safepoint region
[47.524s][info ][safepoint    ] Total time for which application threads were stopped: 0.0001835 seconds, Stopping threads took: 0.0000162 seconds
[47.524s][info ][safepoint    ] Application time: 0.0001274 seconds
[47.524s][info ][safepoint    ] Entering safepoint region: GenCollectFull
[47.525s][info ][gc,start     ] GC(106) Pause Young (GCLocker Initiated GC)
[47.525s][info ][gc,task      ] GC(106) Using 4 workers of 4 for evacuation
[47.541s][debug][gc,ref       ] GC(106) Skipped phase1 of Reference Processing due to unavailable references
[47.541s][debug][gc,ref       ] GC(106) Skipped phase3 of Reference Processing due to unavailable references
[47.541s][debug][gc,age       ] GC(106) Desired survivor size 15368192 bytes, new threshold 1 (max threshold 6)
[47.541s][info ][gc,heap      ] GC(106) ParNew: 241507K->30016K(270336K)
[47.541s][info ][gc,heap      ] GC(106) CMS: 232606K->235948K(600768K)
[47.541s][info ][gc,metaspace ] GC(106) Metaspace: 55467K->55467K(1099776K)
[47.541s][info ][gc           ] GC(106) Pause Young (GCLocker Initiated GC) 463M->259M(850M) 16.550ms
[47.541s][info ][gc,cpu       ] GC(106) User=0.06s Sys=0.00s Real=0.01s
[47.541s][info ][safepoint    ] Leaving safepoint region
[47.541s][info ][safepoint    ] Total time for which application threads were stopped: 0.0167109 seconds, Stopping threads took: 0.0000304 seconds
[47.570s][info ][safepoint    ] Application time: 0.0292087 seconds
[47.570s][info ][safepoint    ] Entering safepoint region: Deoptimize
[47.572s][info ][safepoint    ] Leaving safepoint region
[47.572s][info ][safepoint    ] Total time for which application threads were stopped: 0.0015580 seconds, Stopping threads took: 0.0000675 seconds
[47.598s][info ][safepoint    ] Application time: 0.0262625 seconds
[47.598s][info ][safepoint    ] Entering safepoint region: RevokeBias
[47.598s][info ][safepoint    ] Leaving safepoint region
[47.598s][info ][safepoint    ] Total time for which application threads were stopped: 0.0001494 seconds, Stopping threads took: 0.0000388 seconds
[47.656s][info ][safepoint    ] Application time: 0.0578952 seconds
[47.656s][info ][safepoint    ] Entering safepoint region: Deoptimize
[47.658s][info ][safepoint    ] Leaving safepoint region
[47.658s][info ][safepoint    ] Total time for which application threads were stopped: 0.0017370 seconds, Stopping threads took: 0.0000885 seconds
[47.723s][info ][safepoint    ] Application time: 0.0649065 seconds
[47.723s][info ][safepoint    ] Entering safepoint region: RevokeBias
[47.723s][info ][safepoint    ] Leaving safepoint region
[47.723s][info ][safepoint    ] Total time for which application threads were stopped: 0.0002935 seconds, Stopping threads took: 0.0000821 seconds
[47.723s][info ][safepoint    ] Application time: 0.0001012 seconds
[47.724s][info ][safepoint    ] Entering safepoint region: RevokeBias
[47.724s][info ][safepoint    ] Leaving safepoint region
[47.724s][info ][safepoint    ] Total time for which application threads were stopped: 0.0001046 seconds, Stopping threads took: 0.0000577 seconds
[47.724s][info ][safepoint    ] Application time: 0.0000663 seconds
[47.724s][info ][safepoint    ] Entering safepoint region: RevokeBias
[47.724s][info ][safepoint    ] Leaving safepoint region
[47.724s][info ][safepoint    ] Total time for which application threads were stopped: 0.0001397 seconds, Stopping threads took: 0.0000829 seconds
[47.724s][info ][safepoint    ] Application time: 0.0000683 seconds
[47.724s][info ][safepoint    ] Entering safepoint region: RevokeBias
[47.724s][info ][safepoint    ] Leaving safepoint region
[47.724s][info ][safepoint    ] Total time for which application threads were stopped: 0.0001048 seconds, Stopping threads took: 0.0000587 seconds
[47.724s][info ][safepoint    ] Application time: 0.0000410 seconds
[47.724s][info ][safepoint    ] Entering safepoint region: RevokeBias
[47.724s][info ][safepoint    ] Leaving safepoint region
[47.724s][info ][safepoint    ] Total time for which application threads were stopped: 0.0000850 seconds, Stopping threads took: 0.0000504 seconds
[47.724s][info ][safepoint    ] Application time: 0.0000533 seconds
[47.724s][info ][safepoint    ] Entering safepoint region: RevokeBias
[47.724s][info ][safepoint    ] Leaving safepoint region
[47.724s][info ][safepoint    ] Total time for which application threads were stopped: 0.0001038 seconds, Stopping threads took: 0.0000561 seconds
[47.724s][info ][safepoint    ] Application time: 0.0000558 seconds
[47.724s][info ][safepoint    ] Entering safepoint region: RevokeBias
[47.724s][info ][safepoint    ] Leaving safepoint region
[47.724s][info ][safepoint    ] Total time for which application threads were stopped: 0.0000994 seconds, Stopping threads took: 0.0000632 seconds
[47.725s][info ][safepoint    ] Application time: 0.0000543 seconds
[47.725s][info ][safepoint    ] Entering safepoint region: RevokeBias
[47.725s][info ][safepoint    ] Leaving safepoint region
[47.725s][info ][safepoint    ] Total time for which application threads were stopped: 0.0000899 seconds, Stopping threads took: 0.0000556 seconds
[47.725s][info ][safepoint    ] Application time: 0.0000578 seconds
[47.725s][info ][safepoint    ] Entering safepoint region: RevokeBias
[47.725s][info ][safepoint    ] Leaving safepoint region
[47.725s][info ][safepoint    ] Total time for which application threads were stopped: 0.0001308 seconds, Stopping threads took: 0.0000945 seconds
[47.725s][info ][safepoint    ] Application time: 0.0000473 seconds
[47.725s][info ][safepoint    ] Entering safepoint region: RevokeBias
[47.725s][info ][safepoint    ] Leaving safepoint region
[47.725s][info ][safepoint    ] Total time for which application threads were stopped: 0.0001104 seconds, Stopping threads took: 0.0000755 seconds
[47.725s][info ][safepoint    ] Application time: 0.0000493 seconds
[47.725s][info ][safepoint    ] Entering safepoint region: RevokeBias
[47.725s][info ][safepoint    ] Leaving safepoint region
[47.725s][info ][safepoint    ] Total time for which application threads were stopped: 0.0000910 seconds, Stopping threads took: 0.0000583 seconds
[47.725s][info ][safepoint    ] Application time: 0.0000425 seconds
[47.725s][info ][safepoint    ] Entering safepoint region: RevokeBias
[47.725s][info ][safepoint    ] Leaving safepoint region
[47.725s][info ][safepoint    ] Total time for which application threads were stopped: 0.0000986 seconds, Stopping threads took: 0.0000649 seconds
[47.725s][info ][safepoint    ] Application time: 0.0000500 seconds
[47.725s][info ][safepoint    ] Entering safepoint region: RevokeBias
[47.725s][info ][safepoint    ] Leaving safepoint region
[47.725s][info ][safepoint    ] Total time for which application threads were stopped: 0.0000379 seconds, Stopping threads took: 0.0000059 seconds
[47.725s][info ][safepoint    ] Application time: 0.0000495 seconds
[47.726s][info ][safepoint    ] Entering safepoint region: RevokeBias
[47.726s][info ][safepoint    ] Leaving safepoint region
[47.726s][info ][safepoint    ] Total time for which application threads were stopped: 0.0000938 seconds, Stopping threads took: 0.0000615 seconds
[47.726s][info ][safepoint    ] Application time: 0.0000481 seconds
[47.726s][info ][safepoint    ] Entering safepoint region: RevokeBias
[47.726s][info ][safepoint    ] Leaving safepoint region
[47.726s][info ][safepoint    ] Total time for which application threads were stopped: 0.0000926 seconds, Stopping threads took: 0.0000593 seconds
[47.726s][info ][safepoint    ] Application time: 0.0000528 seconds
[47.726s][info ][safepoint    ] Entering safepoint region: RevokeBias
[47.726s][info ][safepoint    ] Leaving safepoint region
[47.726s][info ][safepoint    ] Total time for which application threads were stopped: 0.0000955 seconds, Stopping threads took: 0.0000623 seconds
[47.726s][info ][safepoint    ] Application time: 0.0002952 seconds
[47.726s][info ][safepoint    ] Entering safepoint region: RevokeBias
[47.726s][info ][safepoint    ] Leaving safepoint region
[47.726s][info ][safepoint    ] Total time for which application threads were stopped: 0.0001629 seconds, Stopping threads took: 0.0001041 seconds
[47.727s][info ][safepoint    ] Application time: 0.0001050 seconds
[47.727s][info ][safepoint    ] Entering safepoint region: RevokeBias
[47.727s][info ][safepoint    ] Leaving safepoint region
[47.727s][info ][safepoint    ] Total time for which application threads were stopped: 0.0001133 seconds, Stopping threads took: 0.0000645 seconds
[47.727s][info ][safepoint    ] Application time: 0.0000494 seconds
[47.727s][info ][safepoint    ] Entering safepoint region: RevokeBias
[47.727s][info ][safepoint    ] Leaving safepoint region
[47.727s][info ][safepoint    ] Total time for which application threads were stopped: 0.0001046 seconds, Stopping threads took: 0.0000693 seconds
[47.727s][info ][safepoint    ] Application time: 0.0000481 seconds
[47.727s][info ][safepoint    ] Entering safepoint region: BulkRevokeBias
[47.727s][info ][safepoint    ] Leaving safepoint region
[47.727s][info ][safepoint    ] Total time for which application threads were stopped: 0.0002590 seconds, Stopping threads took: 0.0000554 seconds
[47.728s][info ][safepoint    ] Application time: 0.0009690 seconds
[47.728s][info ][safepoint    ] Entering safepoint region: RevokeBias
[47.728s][info ][safepoint    ] Leaving safepoint region
[47.728s][info ][safepoint    ] Total time for which application threads were stopped: 0.0001668 seconds, Stopping threads took: 0.0001127 seconds
[47.729s][info ][safepoint    ] Application time: 0.0004143 seconds
[47.729s][info ][safepoint    ] Entering safepoint region: RevokeBias
[47.729s][info ][safepoint    ] Leaving safepoint region
[47.729s][info ][safepoint    ] Total time for which application threads were stopped: 0.0001453 seconds, Stopping threads took: 0.0000924 seconds
[47.729s][info ][safepoint    ] Application time: 0.0000623 seconds
[47.729s][info ][safepoint    ] Entering safepoint region: RevokeBias
[47.729s][info ][safepoint    ] Leaving safepoint region
[47.729s][info ][safepoint    ] Total time for which application threads were stopped: 0.0000411 seconds, Stopping threads took: 0.0000068 seconds
[47.729s][info ][safepoint    ] Application time: 0.0000418 seconds
[47.729s][info ][safepoint    ] Entering safepoint region: RevokeBias
[47.729s][info ][safepoint    ] Leaving safepoint region
[47.729s][info ][safepoint    ] Total time for which application threads were stopped: 0.0000833 seconds, Stopping threads took: 0.0000359 seconds
[47.729s][info ][safepoint    ] Application time: 0.0000589 seconds
[47.729s][info ][safepoint    ] Entering safepoint region: RevokeBias
[47.729s][info ][safepoint    ] Leaving safepoint region
[47.729s][info ][safepoint    ] Total time for which application threads were stopped: 0.0000946 seconds, Stopping threads took: 0.0000585 seconds
[47.729s][info ][safepoint    ] Application time: 0.0000447 seconds
[47.729s][info ][safepoint    ] Entering safepoint region: RevokeBias
[47.729s][info ][safepoint    ] Leaving safepoint region
[47.729s][info ][safepoint    ] Total time for which application threads were stopped: 0.0000911 seconds, Stopping threads took: 0.0000573 seconds
[47.729s][info ][safepoint    ] Application time: 0.0000511 seconds
[47.730s][info ][safepoint    ] Entering safepoint region: RevokeBias
[47.730s][info ][safepoint    ] Leaving safepoint region
[47.730s][info ][safepoint    ] Total time for which application threads were stopped: 0.0000979 seconds, Stopping threads took: 0.0000471 seconds
[47.730s][info ][safepoint    ] Application time: 0.0000538 seconds
[47.730s][info ][safepoint    ] Entering safepoint region: RevokeBias
[47.730s][info ][safepoint    ] Leaving safepoint region
[47.730s][info ][safepoint    ] Total time for which application threads were stopped: 0.0001781 seconds, Stopping threads took: 0.0001244 seconds
[47.730s][info ][safepoint    ] Application time: 0.0001441 seconds
[47.730s][info ][safepoint    ] Entering safepoint region: RevokeBias
[47.730s][info ][safepoint    ] Leaving safepoint region
[47.730s][info ][safepoint    ] Total time for which application threads were stopped: 0.0001538 seconds, Stopping threads took: 0.0001028 seconds
[47.754s][info ][safepoint    ] Application time: 0.0240997 seconds
[47.754s][info ][safepoint    ] Entering safepoint region: ICBufferFull
[47.755s][info ][safepoint    ] Leaving safepoint region
[47.755s][info ][safepoint    ] Total time for which application threads were stopped: 0.0003165 seconds, Stopping threads took: 0.0000974 seconds
[47.794s][info ][safepoint    ] Application time: 0.0390999 seconds
[47.794s][info ][safepoint    ] Entering safepoint region: RevokeBias
[47.794s][info ][safepoint    ] Leaving safepoint region
[47.794s][info ][safepoint    ] Total time for which application threads were stopped: 0.0001247 seconds, Stopping threads took: 0.0000154 seconds
[47.869s][info ][safepoint    ] Application time: 0.0751743 seconds
[47.869s][info ][safepoint    ] Entering safepoint region: RevokeBias
[47.869s][info ][safepoint    ] Leaving safepoint region
[47.869s][info ][safepoint    ] Total time for which application threads were stopped: 0.0001501 seconds, Stopping threads took: 0.0000359 seconds
[47.911s][info ][safepoint    ] Application time: 0.0415994 seconds
[47.911s][info ][safepoint    ] Entering safepoint region: RevokeBias
[47.911s][info ][safepoint    ] Leaving safepoint region
[47.911s][info ][safepoint    ] Total time for which application threads were stopped: 0.0001465 seconds, Stopping threads took: 0.0000363 seconds
[47.911s][info ][safepoint    ] Application time: 0.0000643 seconds
[47.911s][info ][safepoint    ] Entering safepoint region: RevokeBias
[47.911s][info ][safepoint    ] Leaving safepoint region
[47.911s][info ][safepoint    ] Total time for which application threads were stopped: 0.0000852 seconds, Stopping threads took: 0.0000441 seconds
[47.911s][info ][safepoint    ] Application time: 0.0000685 seconds
[47.911s][info ][safepoint    ] Entering safepoint region: RevokeBias
[47.911s][info ][safepoint    ] Leaving safepoint region
[47.911s][info ][safepoint    ] Total time for which application threads were stopped: 0.0000694 seconds, Stopping threads took: 0.0000354 seconds
[47.911s][info ][safepoint    ] Application time: 0.0000601 seconds
[47.911s][info ][safepoint    ] Entering safepoint region: RevokeBias
[47.911s][info ][safepoint    ] Leaving safepoint region
[47.911s][info ][safepoint    ] Total time for which application threads were stopped: 0.0000793 seconds, Stopping threads took: 0.0000438 seconds
[47.912s][info ][safepoint    ] Application time: 0.0000483 seconds
[47.912s][info ][safepoint    ] Entering safepoint region: RevokeBias
[47.912s][info ][safepoint    ] Leaving safepoint region
[47.912s][info ][safepoint    ] Total time for which application threads were stopped: 0.0000935 seconds, Stopping threads took: 0.0000511 seconds
[47.912s][info ][safepoint    ] Application time: 0.0000495 seconds
[47.912s][info ][safepoint    ] Entering safepoint region: RevokeBias
[47.912s][info ][safepoint    ] Leaving safepoint region
[47.912s][info ][safepoint    ] Total time for which application threads were stopped: 0.0000589 seconds, Stopping threads took: 0.0000256 seconds
[47.912s][info ][safepoint    ] Application time: 0.0000532 seconds
[47.912s][info ][safepoint    ] Entering safepoint region: RevokeBias
[47.912s][info ][safepoint    ] Leaving safepoint region
[47.912s][info ][safepoint    ] Total time for which application threads were stopped: 0.0000366 seconds, Stopping threads took: 0.0000063 seconds
[47.912s][info ][safepoint    ] Application time: 0.0001471 seconds
[47.912s][info ][safepoint    ] Entering safepoint region: RevokeBias
[47.912s][info ][safepoint    ] Leaving safepoint region
[47.912s][info ][safepoint    ] Total time for which application threads were stopped: 0.0001131 seconds, Stopping threads took: 0.0000587 seconds
[47.988s][info ][safepoint    ] Application time: 0.0761523 seconds
[47.988s][info ][safepoint    ] Entering safepoint region: Deoptimize
[47.990s][info ][safepoint    ] Leaving safepoint region
[47.990s][info ][safepoint    ] Total time for which application threads were stopped: 0.0019702 seconds, Stopping threads took: 0.0000147 seconds
[48.109s][info ][safepoint    ] Application time: 0.1190274 seconds
[48.109s][info ][safepoint    ] Entering safepoint region: RevokeBias
[48.110s][info ][safepoint    ] Leaving safepoint region
[48.110s][info ][safepoint    ] Total time for which application threads were stopped: 0.0002043 seconds, Stopping threads took: 0.0000456 seconds
[48.546s][info ][safepoint    ] Application time: 0.4363545 seconds
[48.546s][info ][safepoint    ] Entering safepoint region: BulkRevokeBias
[48.547s][info ][safepoint    ] Leaving safepoint region
[48.547s][info ][safepoint    ] Total time for which application threads were stopped: 0.0005420 seconds, Stopping threads took: 0.0000767 seconds
[48.715s][info ][safepoint    ] Application time: 0.1683523 seconds
[48.715s][info ][safepoint    ] Entering safepoint region: GenCollectForAllocation
[48.715s][info ][gc,start     ] GC(107) Pause Young (Allocation Failure)
[48.715s][info ][gc,task      ] GC(107) Using 4 workers of 4 for evacuation
[48.748s][debug][gc,ref       ] GC(107) Skipped phase1 of Reference Processing due to unavailable references
[48.748s][debug][gc,ref       ] GC(107) Skipped phase3 of Reference Processing due to unavailable references
[48.749s][debug][gc,age       ] GC(107) Desired survivor size 15368192 bytes, new threshold 6 (max threshold 6)
[48.749s][info ][gc,heap      ] GC(107) ParNew: 270336K->22413K(270336K)
[48.749s][info ][gc,heap      ] GC(107) CMS: 235948K->265706K(600768K)
[48.749s][info ][gc,metaspace ] GC(107) Metaspace: 55915K->55915K(1099776K)
[48.749s][info ][gc           ] GC(107) Pause Young (Allocation Failure) 494M->281M(850M) 33.358ms
[48.749s][info ][gc,cpu       ] GC(107) User=0.10s Sys=0.00s Real=0.03s
[48.749s][info ][safepoint    ] Leaving safepoint region
[48.749s][info ][safepoint    ] Total time for which application threads were stopped: 0.0337015 seconds, Stopping threads took: 0.0000639 seconds
[49.672s][info ][safepoint    ] Application time: 0.9235393 seconds
[49.672s][info ][safepoint    ] Entering safepoint region: ICBufferFull
[49.672s][info ][safepoint    ] Leaving safepoint region
[49.673s][info ][safepoint    ] Total time for which application threads were stopped: 0.0002561 seconds, Stopping threads took: 0.0000144 seconds
[49.766s][info ][safepoint    ] Application time: 0.0937395 seconds
[49.766s][info ][safepoint    ] Entering safepoint region: RevokeBias
[49.766s][info ][safepoint    ] Leaving safepoint region
[49.766s][info ][safepoint    ] Total time for which application threads were stopped: 0.0002151 seconds, Stopping threads took: 0.0000569 seconds
[50.004s][info ][safepoint    ] Application time: 0.2371043 seconds
[50.004s][info ][safepoint    ] Entering safepoint region: RevokeBias
[50.004s][info ][safepoint    ] Leaving safepoint region
[50.004s][info ][safepoint    ] Total time for which application threads were stopped: 0.0004236 seconds, Stopping threads took: 0.0002503 seconds
[50.167s][info ][safepoint    ] Application time: 0.1632501 seconds
[50.167s][info ][safepoint    ] Entering safepoint region: GenCollectForAllocation
[50.168s][info ][gc,start     ] GC(108) Pause Young (Allocation Failure)
[50.168s][info ][gc,task      ] GC(108) Using 4 workers of 4 for evacuation
[50.175s][debug][gc,ref       ] GC(108) Skipped phase1 of Reference Processing due to unavailable references
[50.175s][debug][gc,ref       ] GC(108) Skipped phase3 of Reference Processing due to unavailable references
[50.175s][debug][gc,age       ] GC(108) Desired survivor size 15368192 bytes, new threshold 2 (max threshold 6)
[50.175s][info ][gc,heap      ] GC(108) ParNew: 262733K->23251K(270336K)
[50.175s][info ][gc,heap      ] GC(108) CMS: 265706K->265706K(600768K)
[50.175s][info ][gc,metaspace ] GC(108) Metaspace: 56006K->56006K(1099776K)
[50.175s][info ][gc           ] GC(108) Pause Young (Allocation Failure) 516M->282M(850M) 7.604ms
[50.175s][info ][gc,cpu       ] GC(108) User=0.03s Sys=0.00s Real=0.01s
[50.175s][info ][safepoint    ] Leaving safepoint region
[50.175s][info ][safepoint    ] Total time for which application threads were stopped: 0.0078225 seconds, Stopping threads took: 0.0000674 seconds
[51.175s][info ][safepoint    ] Application time: 1.0001141 seconds
[51.175s][info ][safepoint    ] Entering safepoint region: Cleanup
[51.176s][info ][safepoint    ] Leaving safepoint region
[51.176s][info ][safepoint    ] Total time for which application threads were stopped: 0.0002378 seconds, Stopping threads took: 0.0000495 seconds
[51.214s][info ][safepoint    ] Application time: 0.0387695 seconds
[51.215s][info ][safepoint    ] Entering safepoint region: GenCollectForAllocation
[51.215s][info ][gc,start     ] GC(109) Pause Young (Allocation Failure)
[51.215s][info ][gc,task      ] GC(109) Using 4 workers of 4 for evacuation
[51.228s][debug][gc,ref       ] GC(109) Skipped phase1 of Reference Processing due to unavailable references
[51.228s][debug][gc,ref       ] GC(109) Skipped phase3 of Reference Processing due to unavailable references
[51.228s][debug][gc,ref       ] GC(109) Skipped phase4 of Reference Processing due to unavailable references
[51.228s][debug][gc,age       ] GC(109) Desired survivor size 15368192 bytes, new threshold 2 (max threshold 6)
[51.228s][info ][gc,heap      ] GC(109) ParNew: 263571K->28823K(270336K)
[51.228s][info ][gc,heap      ] GC(109) CMS: 265706K->273912K(600768K)
[51.228s][info ][gc,metaspace ] GC(109) Metaspace: 56042K->56042K(1099776K)
[51.228s][info ][gc           ] GC(109) Pause Young (Allocation Failure) 516M->295M(850M) 13.757ms
[51.228s][info ][gc,cpu       ] GC(109) User=0.06s Sys=0.01s Real=0.01s
[51.228s][info ][safepoint    ] Leaving safepoint region
[51.228s][info ][safepoint    ] Total time for which application threads were stopped: 0.0140217 seconds, Stopping threads took: 0.0001024 seconds
[52.229s][info ][safepoint    ] Application time: 1.0001206 seconds
[52.229s][info ][safepoint    ] Entering safepoint region: Cleanup
[52.229s][info ][safepoint    ] Leaving safepoint region
[52.229s][info ][safepoint    ] Total time for which application threads were stopped: 0.0001310 seconds, Stopping threads took: 0.0000157 seconds
[53.229s][info ][safepoint    ] Application time: 1.0000957 seconds
[53.229s][info ][safepoint    ] Entering safepoint region: Cleanup
[53.229s][info ][safepoint    ] Leaving safepoint region
[53.229s][info ][safepoint    ] Total time for which application threads were stopped: 0.0001823 seconds, Stopping threads took: 0.0000602 seconds
[53.291s][info ][safepoint    ] Application time: 0.0615381 seconds
[53.291s][info ][safepoint    ] Entering safepoint region: GenCollectForAllocation
[53.291s][info ][gc,start     ] GC(110) Pause Young (Allocation Failure)
[53.291s][info ][gc,task      ] GC(110) Using 4 workers of 4 for evacuation
[53.302s][debug][gc,ref       ] GC(110) Skipped phase1 of Reference Processing due to unavailable references
[53.302s][debug][gc,ref       ] GC(110) Skipped phase3 of Reference Processing due to unavailable references
[53.302s][debug][gc,ref       ] GC(110) Skipped phase4 of Reference Processing due to unavailable references
[53.302s][debug][gc,age       ] GC(110) Desired survivor size 15368192 bytes, new threshold 6 (max threshold 6)
[53.303s][info ][gc,heap      ] GC(110) ParNew: 269143K->12232K(270336K)
[53.303s][info ][gc,heap      ] GC(110) CMS: 273912K->283467K(600768K)
[53.303s][info ][gc,metaspace ] GC(110) Metaspace: 56098K->56098K(1099776K)
[53.303s][info ][gc           ] GC(110) Pause Young (Allocation Failure) 530M->288M(850M) 11.671ms
[53.303s][info ][gc,cpu       ] GC(110) User=0.04s Sys=0.01s Real=0.01s
[53.303s][info ][safepoint    ] Leaving safepoint region
[53.303s][info ][safepoint    ] Total time for which application threads were stopped: 0.0120320 seconds, Stopping threads took: 0.0001793 seconds
[54.303s][info ][safepoint    ] Application time: 1.0001285 seconds
[54.303s][info ][safepoint    ] Entering safepoint region: Cleanup
[54.303s][info ][safepoint    ] Leaving safepoint region
[54.303s][info ][safepoint    ] Total time for which application threads were stopped: 0.0001620 seconds, Stopping threads took: 0.0000169 seconds
[55.166s][info ][safepoint    ] Application time: 0.8632100 seconds
[55.166s][info ][safepoint    ] Entering safepoint region: GenCollectForAllocation
[55.166s][info ][gc,start     ] GC(111) Pause Young (Allocation Failure)
[55.166s][info ][gc,task      ] GC(111) Using 4 workers of 4 for evacuation
[55.171s][debug][gc,ref       ] GC(111) Skipped phase1 of Reference Processing due to unavailable references
[55.171s][debug][gc,ref       ] GC(111) Skipped phase3 of Reference Processing due to unavailable references
[55.171s][debug][gc,ref       ] GC(111) Skipped phase4 of Reference Processing due to unavailable references
[55.171s][debug][gc,age       ] GC(111) Desired survivor size 15368192 bytes, new threshold 6 (max threshold 6)
[55.171s][info ][gc,heap      ] GC(111) ParNew: 252552K->10209K(270336K)
[55.171s][info ][gc,heap      ] GC(111) CMS: 283467K->283467K(600768K)
[55.171s][info ][gc,metaspace ] GC(111) Metaspace: 56125K->56125K(1099776K)
[55.171s][info ][gc           ] GC(111) Pause Young (Allocation Failure) 523M->286M(850M) 4.846ms
[55.171s][info ][gc,cpu       ] GC(111) User=0.01s Sys=0.00s Real=0.01s
[55.171s][info ][safepoint    ] Leaving safepoint region
[55.171s][info ][safepoint    ] Total time for which application threads were stopped: 0.0050288 seconds, Stopping threads took: 0.0000149 seconds
[55.873s][info ][safepoint    ] Application time: 0.7018304 seconds
[55.873s][info ][safepoint    ] Entering safepoint region: ICBufferFull
[55.873s][info ][safepoint    ] Leaving safepoint region
[55.873s][info ][safepoint    ] Total time for which application threads were stopped: 0.0002742 seconds, Stopping threads took: 0.0000819 seconds
[56.874s][info ][safepoint    ] Application time: 1.0001049 seconds
[56.874s][info ][safepoint    ] Entering safepoint region: Cleanup
[56.874s][info ][safepoint    ] Leaving safepoint region
[56.874s][info ][safepoint    ] Total time for which application threads were stopped: 0.0001967 seconds, Stopping threads took: 0.0000523 seconds
[57.020s][info ][safepoint    ] Application time: 0.1458865 seconds
[57.020s][info ][safepoint    ] Entering safepoint region: GenCollectForAllocation
[57.020s][info ][gc,start     ] GC(112) Pause Young (Allocation Failure)
[57.020s][info ][gc,task      ] GC(112) Using 4 workers of 4 for evacuation
[57.026s][debug][gc,ref       ] GC(112) Skipped phase1 of Reference Processing due to unavailable references
[57.026s][debug][gc,ref       ] GC(112) Skipped phase3 of Reference Processing due to unavailable references
[57.026s][debug][gc,age       ] GC(112) Desired survivor size 15368192 bytes, new threshold 6 (max threshold 6)
[57.026s][info ][gc,heap      ] GC(112) ParNew: 250529K->14257K(270336K)
[57.026s][info ][gc,heap      ] GC(112) CMS: 283467K->283467K(600768K)
[57.026s][info ][gc,metaspace ] GC(112) Metaspace: 56172K->56172K(1099776K)
[57.026s][info ][gc           ] GC(112) Pause Young (Allocation Failure) 521M->290M(850M) 6.209ms
[57.026s][info ][gc,cpu       ] GC(112) User=0.02s Sys=0.00s Real=0.01s
[57.026s][info ][safepoint    ] Leaving safepoint region
[57.026s][info ][safepoint    ] Total time for which application threads were stopped: 0.0063940 seconds, Stopping threads took: 0.0000146 seconds
[57.610s][info ][safepoint    ] Application time: 0.5836646 seconds
[57.610s][info ][safepoint    ] Entering safepoint region: ICBufferFull
[57.610s][info ][safepoint    ] Leaving safepoint region
[57.610s][info ][safepoint    ] Total time for which application threads were stopped: 0.0002390 seconds, Stopping threads took: 0.0000362 seconds
[57.852s][info ][safepoint    ] Application time: 0.2421643 seconds
[57.853s][info ][safepoint    ] Entering safepoint region: ICBufferFull
[57.853s][info ][safepoint    ] Leaving safepoint region
[57.853s][info ][safepoint    ] Total time for which application threads were stopped: 0.0010618 seconds, Stopping threads took: 0.0007831 seconds
[58.576s][info ][safepoint    ] Application time: 0.7223792 seconds
[58.579s][info ][safepoint    ] Entering safepoint region: GenCollectForAllocation
[58.580s][info ][gc,start     ] GC(113) Pause Young (Allocation Failure)
[58.580s][info ][gc,task      ] GC(113) Using 4 workers of 4 for evacuation
[58.593s][debug][gc,ref       ] GC(113) Skipped phase1 of Reference Processing due to unavailable references
[58.593s][debug][gc,ref       ] GC(113) Skipped phase3 of Reference Processing due to unavailable references
[58.593s][debug][gc,age       ] GC(113) Desired survivor size 15368192 bytes, new threshold 6 (max threshold 6)
[58.593s][info ][gc,heap      ] GC(113) ParNew: 254577K->19841K(270336K)
[58.593s][info ][gc,heap      ] GC(113) CMS: 283467K->283467K(600768K)
[58.593s][info ][gc,metaspace ] GC(113) Metaspace: 56239K->56239K(1099776K)
[58.593s][info ][gc           ] GC(113) Pause Young (Allocation Failure) 525M->296M(850M) 13.145ms
[58.593s][info ][gc,cpu       ] GC(113) User=0.04s Sys=0.01s Real=0.02s
[58.593s][info ][safepoint    ] Leaving safepoint region
[58.593s][info ][safepoint    ] Total time for which application threads were stopped: 0.0175365 seconds, Stopping threads took: 0.0032660 seconds
[59.593s][info ][safepoint    ] Application time: 1.0001233 seconds
[59.594s][info ][safepoint    ] Entering safepoint region: Cleanup
[59.594s][info ][safepoint    ] Leaving safepoint region
[59.594s][info ][safepoint    ] Total time for which application threads were stopped: 0.0002749 seconds, Stopping threads took: 0.0001578 seconds
[60.594s][info ][safepoint    ] Application time: 1.0001027 seconds
[60.594s][info ][safepoint    ] Entering safepoint region: Cleanup
[60.594s][info ][safepoint    ] Leaving safepoint region
[60.594s][info ][safepoint    ] Total time for which application threads were stopped: 0.0001195 seconds, Stopping threads took: 0.0000178 seconds
[60.690s][info ][safepoint    ] Application time: 0.0961283 seconds
[60.690s][info ][safepoint    ] Entering safepoint region: RevokeBias
[60.690s][info ][safepoint    ] Leaving safepoint region
[60.690s][info ][safepoint    ] Total time for which application threads were stopped: 0.0001900 seconds, Stopping threads took: 0.0000377 seconds
[60.723s][info ][safepoint    ] Application time: 0.0327260 seconds
[60.723s][info ][safepoint    ] Entering safepoint region: GenCollectForAllocation
[60.723s][info ][gc,start     ] GC(114) Pause Young (Allocation Failure)
[60.723s][info ][gc,task      ] GC(114) Using 4 workers of 4 for evacuation
[60.739s][debug][gc,ref       ] GC(114) Skipped phase1 of Reference Processing due to unavailable references
[60.739s][debug][gc,ref       ] GC(114) Skipped phase3 of Reference Processing due to unavailable references
[60.739s][debug][gc,age       ] GC(114) Desired survivor size 15368192 bytes, new threshold 6 (max threshold 6)
[60.739s][info ][gc,heap      ] GC(114) ParNew: 260161K->27244K(270336K)
[60.739s][info ][gc,heap      ] GC(114) CMS: 283467K->283467K(600768K)
[60.739s][info ][gc,metaspace ] GC(114) Metaspace: 56281K->56281K(1099776K)
[60.739s][info ][gc           ] GC(114) Pause Young (Allocation Failure) 530M->303M(850M) 16.102ms
[60.739s][info ][gc,cpu       ] GC(114) User=0.07s Sys=0.00s Real=0.01s
[60.739s][info ][safepoint    ] Leaving safepoint region
[60.739s][info ][safepoint    ] Total time for which application threads were stopped: 0.0163514 seconds, Stopping threads took: 0.0000957 seconds
[61.740s][info ][safepoint    ] Application time: 1.0001817 seconds
[61.740s][info ][safepoint    ] Entering safepoint region: Cleanup
[61.740s][info ][safepoint    ] Leaving safepoint region
[61.740s][info ][safepoint    ] Total time for which application threads were stopped: 0.0002861 seconds, Stopping threads took: 0.0001123 seconds
[62.112s][info ][safepoint    ] Application time: 0.3723146 seconds
[62.112s][info ][safepoint    ] Entering safepoint region: GenCollectForAllocation
[62.112s][info ][gc,start     ] GC(115) Pause Young (Allocation Failure)
[62.112s][info ][gc,task      ] GC(115) Using 4 workers of 4 for evacuation
[62.122s][debug][gc,ref       ] GC(115) Skipped phase1 of Reference Processing due to unavailable references
[62.122s][debug][gc,ref       ] GC(115) Skipped phase3 of Reference Processing due to unavailable references
[62.123s][debug][gc,age       ] GC(115) Desired survivor size 15368192 bytes, new threshold 6 (max threshold 6)
[62.123s][info ][gc,heap      ] GC(115) ParNew: 267564K->20098K(270336K)
[62.123s][info ][gc,heap      ] GC(115) CMS: 283467K->287918K(600768K)
[62.123s][info ][gc,metaspace ] GC(115) Metaspace: 56340K->56340K(1099776K)
[62.123s][info ][gc           ] GC(115) Pause Young (Allocation Failure) 538M->300M(850M) 10.286ms
[62.123s][info ][gc,cpu       ] GC(115) User=0.04s Sys=0.00s Real=0.01s
[62.123s][info ][safepoint    ] Leaving safepoint region
[62.123s][info ][safepoint    ] Total time for which application threads were stopped: 0.0104332 seconds, Stopping threads took: 0.0000181 seconds
[63.123s][info ][safepoint    ] Application time: 1.0001022 seconds
[63.123s][info ][safepoint    ] Entering safepoint region: Cleanup
[63.123s][info ][safepoint    ] Leaving safepoint region
[63.123s][info ][safepoint    ] Total time for which application threads were stopped: 0.0001526 seconds, Stopping threads took: 0.0000584 seconds
[63.869s][info ][safepoint    ] Application time: 0.7455757 seconds
[63.869s][info ][safepoint    ] Entering safepoint region: GenCollectForAllocation
[63.869s][info ][gc,start     ] GC(116) Pause Young (Allocation Failure)
[63.869s][info ][gc,task      ] GC(116) Using 4 workers of 4 for evacuation
[63.878s][debug][gc,ref       ] GC(116) Skipped phase1 of Reference Processing due to unavailable references
[63.878s][debug][gc,ref       ] GC(116) Skipped phase3 of Reference Processing due to unavailable references
[63.878s][debug][gc,age       ] GC(116) Desired survivor size 15368192 bytes, new threshold 6 (max threshold 6)
[63.878s][info ][gc,heap      ] GC(116) ParNew: 260418K->25223K(270336K)
[63.878s][info ][gc,heap      ] GC(116) CMS: 287918K->289317K(600768K)
[63.878s][info ][gc,metaspace ] GC(116) Metaspace: 56378K->56378K(1099776K)
[63.878s][info ][gc           ] GC(116) Pause Young (Allocation Failure) 535M->307M(850M) 9.094ms
[63.878s][info ][gc,cpu       ] GC(116) User=0.04s Sys=0.00s Real=0.01s
[63.878s][info ][safepoint    ] Leaving safepoint region
[63.878s][info ][safepoint    ] Total time for which application threads were stopped: 0.0093539 seconds, Stopping threads took: 0.0000486 seconds
[64.556s][info ][safepoint    ] Application time: 0.6778895 seconds
[64.556s][info ][safepoint    ] Entering safepoint region: ICBufferFull
[64.556s][info ][safepoint    ] Leaving safepoint region
[64.556s][info ][safepoint    ] Total time for which application threads were stopped: 0.0002300 seconds, Stopping threads took: 0.0000579 seconds
[65.211s][info ][safepoint    ] Application time: 0.6545796 seconds
[65.211s][info ][safepoint    ] Entering safepoint region: GenCollectForAllocation
[65.211s][info ][gc,start     ] GC(117) Pause Young (Allocation Failure)
[65.211s][info ][gc,task      ] GC(117) Using 4 workers of 4 for evacuation
[65.219s][debug][gc,ref       ] GC(117) Skipped phase1 of Reference Processing due to unavailable references
[65.219s][debug][gc,ref       ] GC(117) Skipped phase3 of Reference Processing due to unavailable references
[65.220s][debug][gc,age       ] GC(117) Desired survivor size 15368192 bytes, new threshold 6 (max threshold 6)
[65.220s][info ][gc,heap      ] GC(117) ParNew: 265543K->20636K(270336K)
[65.220s][info ][gc,heap      ] GC(117) CMS: 289317K->289983K(600768K)
[65.220s][info ][gc,metaspace ] GC(117) Metaspace: 56442K->56442K(1099776K)
[65.220s][info ][gc           ] GC(117) Pause Young (Allocation Failure) 541M->303M(850M) 8.851ms
[65.220s][info ][gc,cpu       ] GC(117) User=0.03s Sys=0.00s Real=0.00s
[65.220s][info ][safepoint    ] Leaving safepoint region
[65.220s][info ][safepoint    ] Total time for which application threads were stopped: 0.0090386 seconds, Stopping threads took: 0.0000153 seconds
[66.220s][info ][safepoint    ] Application time: 1.0001289 seconds
[66.220s][info ][safepoint    ] Entering safepoint region: Cleanup
[66.220s][info ][safepoint    ] Leaving safepoint region
[66.220s][info ][safepoint    ] Total time for which application threads were stopped: 0.0001546 seconds, Stopping threads took: 0.0000584 seconds
[67.081s][info ][safepoint    ] Application time: 0.8610838 seconds
[67.081s][info ][safepoint    ] Entering safepoint region: GenCollectForAllocation
[67.081s][info ][gc,start     ] GC(118) Pause Young (Allocation Failure)
[67.081s][info ][gc,task      ] GC(118) Using 4 workers of 4 for evacuation
[67.094s][debug][gc,ref       ] GC(118) Skipped phase1 of Reference Processing due to unavailable references
[67.094s][debug][gc,ref       ] GC(118) Skipped phase3 of Reference Processing due to unavailable references
[67.094s][debug][gc,age       ] GC(118) Desired survivor size 15368192 bytes, new threshold 6 (max threshold 6)
[67.094s][info ][gc,heap      ] GC(118) ParNew: 260956K->24938K(270336K)
[67.094s][info ][gc,heap      ] GC(118) CMS: 289983K->293178K(600768K)
[67.094s][info ][gc,metaspace ] GC(118) Metaspace: 56471K->56471K(1099776K)
[67.094s][info ][gc           ] GC(118) Pause Young (Allocation Failure) 538M->310M(850M) 12.719ms
[67.094s][info ][gc,cpu       ] GC(118) User=0.04s Sys=0.00s Real=0.02s
[67.094s][info ][safepoint    ] Leaving safepoint region
[67.094s][info ][safepoint    ] Total time for which application threads were stopped: 0.0129837 seconds, Stopping threads took: 0.0000222 seconds
[68.094s][info ][safepoint    ] Application time: 1.0001033 seconds
[68.094s][info ][safepoint    ] Entering safepoint region: Cleanup
[68.094s][info ][safepoint    ] Leaving safepoint region
[68.094s][info ][safepoint    ] Total time for which application threads were stopped: 0.0001909 seconds, Stopping threads took: 0.0000300 seconds
[68.773s][info ][safepoint    ] Application time: 0.6787819 seconds
[68.773s][info ][safepoint    ] Entering safepoint region: GenCollectForAllocation
[68.773s][info ][gc,start     ] GC(119) Pause Young (Allocation Failure)
[68.773s][info ][gc,task      ] GC(119) Using 4 workers of 4 for evacuation
[68.783s][debug][gc,ref       ] GC(119) Skipped phase1 of Reference Processing due to unavailable references
[68.783s][debug][gc,ref       ] GC(119) Skipped phase3 of Reference Processing due to unavailable references
[68.783s][debug][gc,ref       ] GC(119) Skipped phase4 of Reference Processing due to unavailable references
[68.783s][debug][gc,age       ] GC(119) Desired survivor size 15368192 bytes, new threshold 6 (max threshold 6)
[68.783s][info ][gc,heap      ] GC(119) ParNew: 265258K->15186K(270336K)
[68.783s][info ][gc,heap      ] GC(119) CMS: 293178K->296817K(600768K)
[68.783s][info ][gc,metaspace ] GC(119) Metaspace: 56477K->56477K(1099776K)
[68.783s][info ][gc           ] GC(119) Pause Young (Allocation Failure) 545M->304M(850M) 9.897ms
[68.783s][info ][gc,cpu       ] GC(119) User=0.04s Sys=0.00s Real=0.01s
[68.783s][info ][safepoint    ] Leaving safepoint region
[68.783s][info ][safepoint    ] Total time for which application threads were stopped: 0.0100813 seconds, Stopping threads took: 0.0000150 seconds
[69.783s][info ][safepoint    ] Application time: 1.0001087 seconds
[69.784s][info ][safepoint    ] Entering safepoint region: Cleanup
[69.784s][info ][safepoint    ] Leaving safepoint region
[69.784s][info ][safepoint    ] Total time for which application threads were stopped: 0.0001590 seconds, Stopping threads took: 0.0000483 seconds
[70.216s][info ][safepoint    ] Application time: 0.4320949 seconds
[70.216s][info ][safepoint    ] Entering safepoint region: GenCollectForAllocation
[70.216s][info ][gc,start     ] GC(120) Pause Young (Allocation Failure)
[70.216s][info ][gc,task      ] GC(120) Using 4 workers of 4 for evacuation
[70.224s][debug][gc,ref       ] GC(120) Skipped phase1 of Reference Processing due to unavailable references
[70.224s][debug][gc,ref       ] GC(120) Skipped phase3 of Reference Processing due to unavailable references
[70.224s][debug][gc,age       ] GC(120) Desired survivor size 15368192 bytes, new threshold 6 (max threshold 6)
[70.225s][info ][gc,heap      ] GC(120) ParNew: 255506K->23271K(270336K)
[70.225s][info ][gc,heap      ] GC(120) CMS: 296817K->298730K(600768K)
[70.225s][info ][gc,metaspace ] GC(120) Metaspace: 56515K->56515K(1099776K)
[70.225s][info ][gc           ] GC(120) Pause Young (Allocation Failure) 539M->314M(850M) 8.614ms
[70.225s][info ][gc,cpu       ] GC(120) User=0.04s Sys=0.00s Real=0.01s
[70.225s][info ][safepoint    ] Leaving safepoint region
[70.225s][info ][safepoint    ] Total time for which application threads were stopped: 0.0087862 seconds, Stopping threads took: 0.0000175 seconds
[71.225s][info ][safepoint    ] Application time: 1.0001462 seconds
[71.225s][info ][safepoint    ] Entering safepoint region: Cleanup
[71.225s][info ][safepoint    ] Leaving safepoint region
[71.225s][info ][safepoint    ] Total time for which application threads were stopped: 0.0002016 seconds, Stopping threads took: 0.0000653 seconds
[72.225s][info ][safepoint    ] Application time: 1.0001171 seconds
[72.225s][info ][safepoint    ] Entering safepoint region: Cleanup
[72.225s][info ][safepoint    ] Leaving safepoint region
[72.225s][info ][safepoint    ] Total time for which application threads were stopped: 0.0001126 seconds, Stopping threads took: 0.0000153 seconds
[72.468s][info ][safepoint    ] Application time: 0.2424550 seconds
[72.468s][info ][safepoint    ] Entering safepoint region: GenCollectForAllocation
[72.468s][info ][gc,start     ] GC(121) Pause Young (Allocation Failure)
[72.468s][info ][gc,task      ] GC(121) Using 4 workers of 4 for evacuation
[72.475s][debug][gc,ref       ] GC(121) Skipped phase1 of Reference Processing due to unavailable references
[72.475s][debug][gc,ref       ] GC(121) Skipped phase3 of Reference Processing due to unavailable references
[72.475s][debug][gc,ref       ] GC(121) Skipped phase4 of Reference Processing due to unavailable references
[72.475s][debug][gc,age       ] GC(121) Desired survivor size 15368192 bytes, new threshold 6 (max threshold 6)
[72.475s][info ][gc,heap      ] GC(121) ParNew: 263591K->17325K(270336K)
[72.475s][info ][gc,heap      ] GC(121) CMS: 298730K->300314K(600768K)
[72.475s][info ][gc,metaspace ] GC(121) Metaspace: 56527K->56527K(1099776K)
[72.475s][info ][gc           ] GC(121) Pause Young (Allocation Failure) 549M->310M(850M) 6.875ms
[72.475s][info ][gc,cpu       ] GC(121) User=0.03s Sys=0.00s Real=0.01s
[72.475s][info ][safepoint    ] Leaving safepoint region
[72.475s][info ][safepoint    ] Total time for which application threads were stopped: 0.0070294 seconds, Stopping threads took: 0.0000198 seconds
[72.862s][info ][safepoint    ] Application time: 0.3875933 seconds
[72.862s][info ][safepoint    ] Entering safepoint region: Deoptimize
[72.864s][info ][safepoint    ] Leaving safepoint region
[72.864s][info ][safepoint    ] Total time for which application threads were stopped: 0.0016871 seconds, Stopping threads took: 0.0000140 seconds
[72.878s][info ][safepoint    ] Application time: 0.0139862 seconds
[72.878s][info ][safepoint    ] Entering safepoint region: RevokeBias
[72.878s][info ][safepoint    ] Leaving safepoint region
[72.878s][info ][safepoint    ] Total time for which application threads were stopped: 0.0001786 seconds, Stopping threads took: 0.0000704 seconds
[72.935s][info ][safepoint    ] Application time: 0.0569624 seconds
[72.935s][info ][safepoint    ] Entering safepoint region: ICBufferFull
[72.935s][info ][safepoint    ] Leaving safepoint region
[72.935s][info ][safepoint    ] Total time for which application threads were stopped: 0.0002246 seconds, Stopping threads took: 0.0000383 seconds
[73.151s][info ][safepoint    ] Application time: 0.2158081 seconds
[73.151s][info ][safepoint    ] Entering safepoint region: ICBufferFull
[73.152s][info ][safepoint    ] Leaving safepoint region
[73.152s][info ][safepoint    ] Total time for which application threads were stopped: 0.0002823 seconds, Stopping threads took: 0.0000734 seconds
[73.559s][info ][safepoint    ] Application time: 0.4078490 seconds
[73.560s][info ][safepoint    ] Entering safepoint region: GenCollectForAllocation
[73.560s][info ][gc,start     ] GC(122) Pause Young (Allocation Failure)
[73.560s][info ][gc,task      ] GC(122) Using 4 workers of 4 for evacuation
[73.579s][debug][gc,ref       ] GC(122) Skipped phase1 of Reference Processing due to unavailable references
[73.579s][debug][gc,ref       ] GC(122) Skipped phase3 of Reference Processing due to unavailable references
[73.580s][debug][gc,age       ] GC(122) Desired survivor size 15368192 bytes, new threshold 1 (max threshold 6)
[73.580s][info ][gc,heap      ] GC(122) ParNew: 257645K->30016K(270336K)
[73.580s][info ][gc,heap      ] GC(122) CMS: 300314K->305945K(600768K)
[73.580s][info ][gc,metaspace ] GC(122) Metaspace: 56885K->56885K(1101824K)
[73.580s][info ][gc           ] GC(122) Pause Young (Allocation Failure) 544M->328M(850M) 19.877ms
[73.580s][info ][gc,cpu       ] GC(122) User=0.07s Sys=0.00s Real=0.02s
[73.580s][info ][safepoint    ] Leaving safepoint region
[73.580s][info ][safepoint    ] Total time for which application threads were stopped: 0.0202262 seconds, Stopping threads took: 0.0001143 seconds
[74.580s][info ][safepoint    ] Application time: 1.0001964 seconds
[74.580s][info ][safepoint    ] Entering safepoint region: Cleanup
[74.580s][info ][safepoint    ] Leaving safepoint region
[74.580s][info ][safepoint    ] Total time for which application threads were stopped: 0.0003766 seconds, Stopping threads took: 0.0002206 seconds
[74.799s][info ][safepoint    ] Application time: 0.2184943 seconds
[74.816s][info ][safepoint    ] Entering safepoint region: RevokeBias
[74.816s][info ][safepoint    ] Leaving safepoint region
[74.816s][info ][safepoint    ] Total time for which application threads were stopped: 0.0174017 seconds, Stopping threads took: 0.0172726 seconds
[74.868s][info ][safepoint    ] Application time: 0.0515784 seconds
[74.868s][info ][safepoint    ] Entering safepoint region: GenCollectForAllocation
[74.868s][info ][gc,start     ] GC(123) Pause Young (Allocation Failure)
[74.868s][info ][gc,task      ] GC(123) Using 4 workers of 4 for evacuation
[74.898s][debug][gc,ref       ] GC(123) Skipped phase1 of Reference Processing due to unavailable references
[74.898s][debug][gc,ref       ] GC(123) Skipped phase3 of Reference Processing due to unavailable references
[74.898s][debug][gc,age       ] GC(123) Desired survivor size 15368192 bytes, new threshold 6 (max threshold 6)
[74.898s][info ][gc,heap      ] GC(123) ParNew: 270309K->25649K(270336K)
[74.898s][info ][gc,heap      ] GC(123) CMS: 305945K->315348K(600768K)
[74.898s][info ][gc,metaspace ] GC(123) Metaspace: 56930K->56930K(1101824K)
[74.898s][info ][gc           ] GC(123) Pause Young (Allocation Failure) 562M->333M(850M) 29.993ms
[74.898s][info ][gc,cpu       ] GC(123) User=0.05s Sys=0.01s Real=0.03s
[74.898s][info ][safepoint    ] Leaving safepoint region
[74.898s][info ][safepoint    ] Total time for which application threads were stopped: 0.0302359 seconds, Stopping threads took: 0.0000421 seconds
[75.279s][info ][safepoint    ] Application time: 0.3808427 seconds
[75.279s][info ][safepoint    ] Entering safepoint region: RevokeBias
[75.279s][info ][safepoint    ] Leaving safepoint region
[75.279s][info ][safepoint    ] Total time for which application threads were stopped: 0.0002532 seconds, Stopping threads took: 0.0000754 seconds
[76.279s][info ][safepoint    ] Application time: 1.0001002 seconds
[76.286s][info ][safepoint    ] Entering safepoint region: Cleanup
[76.286s][info ][safepoint    ] Leaving safepoint region
[76.286s][info ][safepoint    ] Total time for which application threads were stopped: 0.0069547 seconds, Stopping threads took: 0.0068504 seconds
[76.469s][info ][safepoint    ] Application time: 0.1830990 seconds
[76.470s][info ][safepoint    ] Entering safepoint region: GenCollectForAllocation
[76.470s][info ][gc,start     ] GC(124) Pause Young (Allocation Failure)
[76.470s][info ][gc,task      ] GC(124) Using 4 workers of 4 for evacuation
[76.474s][debug][gc,ref       ] GC(124) Skipped phase1 of Reference Processing due to unavailable references
[76.474s][debug][gc,ref       ] GC(124) Skipped phase3 of Reference Processing due to unavailable references
[76.474s][debug][gc,ref       ] GC(124) Skipped phase4 of Reference Processing due to unavailable references
[76.475s][debug][gc,age       ] GC(124) Desired survivor size 15368192 bytes, new threshold 6 (max threshold 6)
[76.475s][info ][gc,heap      ] GC(124) ParNew: 265969K->7032K(270336K)
[76.475s][info ][gc,heap      ] GC(124) CMS: 315348K->315348K(600768K)
[76.475s][info ][gc,metaspace ] GC(124) Metaspace: 56935K->56935K(1101824K)
[76.475s][info ][gc           ] GC(124) Pause Young (Allocation Failure) 567M->314M(850M) 4.919ms
[76.475s][info ][gc,cpu       ] GC(124) User=0.01s Sys=0.00s Real=0.01s
[76.475s][info ][safepoint    ] Leaving safepoint region
[76.475s][info ][safepoint    ] Total time for which application threads were stopped: 0.0051496 seconds, Stopping threads took: 0.0001000 seconds
[77.475s][info ][safepoint    ] Application time: 1.0001056 seconds
[77.475s][info ][safepoint    ] Entering safepoint region: Cleanup
[77.475s][info ][safepoint    ] Leaving safepoint region
[77.475s][info ][safepoint    ] Total time for which application threads were stopped: 0.0001711 seconds, Stopping threads took: 0.0000366 seconds
[78.352s][info ][safepoint    ] Application time: 0.8771179 seconds
[78.352s][info ][safepoint    ] Entering safepoint region: GenCollectForAllocation
[78.352s][info ][gc,start     ] GC(125) Pause Young (Allocation Failure)
[78.352s][info ][gc,task      ] GC(125) Using 4 workers of 4 for evacuation
[78.381s][debug][gc,ref       ] GC(125) Skipped phase1 of Reference Processing due to unavailable references
[78.381s][debug][gc,ref       ] GC(125) Skipped phase3 of Reference Processing due to unavailable references
[78.381s][debug][gc,age       ] GC(125) Desired survivor size 15368192 bytes, new threshold 6 (max threshold 6)
[78.381s][info ][gc,heap      ] GC(125) ParNew: 247352K->10165K(270336K)
[78.381s][info ][gc,heap      ] GC(125) CMS: 315348K->315348K(600768K)
[78.381s][info ][gc,metaspace ] GC(125) Metaspace: 56993K->56993K(1101824K)
[78.381s][info ][gc           ] GC(125) Pause Young (Allocation Failure) 549M->317M(850M) 29.100ms
[78.381s][info ][gc,cpu       ] GC(125) User=0.06s Sys=0.00s Real=0.02s
[78.382s][info ][safepoint    ] Leaving safepoint region
[78.382s][info ][safepoint    ] Total time for which application threads were stopped: 0.0294323 seconds, Stopping threads took: 0.0000282 seconds
[79.382s][info ][safepoint    ] Application time: 1.0001675 seconds
[79.382s][info ][safepoint    ] Entering safepoint region: Cleanup
[79.382s][info ][safepoint    ] Leaving safepoint region
[79.382s][info ][safepoint    ] Total time for which application threads were stopped: 0.0001168 seconds, Stopping threads took: 0.0000382 seconds
[80.116s][info ][safepoint    ] Application time: 0.7337167 seconds
[80.116s][info ][safepoint    ] Entering safepoint region: GenCollectForAllocation
[80.116s][info ][gc,start     ] GC(126) Pause Young (Allocation Failure)
[80.116s][info ][gc,task      ] GC(126) Using 4 workers of 4 for evacuation
[80.129s][debug][gc,ref       ] GC(126) Skipped phase1 of Reference Processing due to unavailable references
[80.129s][debug][gc,ref       ] GC(126) Skipped phase3 of Reference Processing due to unavailable references
[80.129s][debug][gc,ref       ] GC(126) Skipped phase4 of Reference Processing due to unavailable references
[80.129s][debug][gc,age       ] GC(126) Desired survivor size 15368192 bytes, new threshold 6 (max threshold 6)
[80.129s][info ][gc,heap      ] GC(126) ParNew: 250485K->10583K(270336K)
[80.129s][info ][gc,heap      ] GC(126) CMS: 315348K->315348K(600768K)
[80.129s][info ][gc,metaspace ] GC(126) Metaspace: 57002K->57002K(1101824K)
[80.129s][info ][gc           ] GC(126) Pause Young (Allocation Failure) 552M->318M(850M) 13.201ms
[80.129s][info ][gc,cpu       ] GC(126) User=0.03s Sys=0.00s Real=0.01s
[80.129s][info ][safepoint    ] Leaving safepoint region
[80.129s][info ][safepoint    ] Total time for which application threads were stopped: 0.0133904 seconds, Stopping threads took: 0.0000207 seconds
[81.129s][info ][safepoint    ] Application time: 1.0001113 seconds
[81.129s][info ][safepoint    ] Entering safepoint region: Cleanup
[81.129s][info ][safepoint    ] Leaving safepoint region
[81.129s][info ][safepoint    ] Total time for which application threads were stopped: 0.0001017 seconds, Stopping threads took: 0.0000180 seconds
[82.129s][info ][safepoint    ] Application time: 1.0000967 seconds
[82.129s][info ][safepoint    ] Entering safepoint region: Cleanup
[82.129s][info ][safepoint    ] Leaving safepoint region
[82.129s][info ][safepoint    ] Total time for which application threads were stopped: 0.0000916 seconds, Stopping threads took: 0.0000203 seconds
[82.506s][info ][safepoint    ] Application time: 0.3766383 seconds
[82.506s][info ][safepoint    ] Entering safepoint region: GenCollectForAllocation
[82.506s][info ][gc,start     ] GC(127) Pause Young (Allocation Failure)
[82.506s][info ][gc,task      ] GC(127) Using 4 workers of 4 for evacuation
[82.512s][debug][gc,ref       ] GC(127) Skipped phase1 of Reference Processing due to unavailable references
[82.512s][debug][gc,ref       ] GC(127) Skipped phase3 of Reference Processing due to unavailable references
[82.512s][debug][gc,age       ] GC(127) Desired survivor size 15368192 bytes, new threshold 6 (max threshold 6)
[82.512s][info ][gc,heap      ] GC(127) ParNew: 250903K->11944K(270336K)
[82.512s][info ][gc,heap      ] GC(127) CMS: 315348K->315348K(600768K)
[82.512s][info ][gc,metaspace ] GC(127) Metaspace: 57006K->57006K(1101824K)
[82.512s][info ][gc           ] GC(127) Pause Young (Allocation Failure) 552M->319M(850M) 5.436ms
[82.512s][info ][gc,cpu       ] GC(127) User=0.02s Sys=0.00s Real=0.01s
[82.512s][info ][safepoint    ] Leaving safepoint region
[82.512s][info ][safepoint    ] Total time for which application threads were stopped: 0.0056112 seconds, Stopping threads took: 0.0000375 seconds
[83.512s][info ][safepoint    ] Application time: 1.0001085 seconds
[83.512s][info ][safepoint    ] Entering safepoint region: Cleanup
[83.512s][info ][safepoint    ] Leaving safepoint region
[83.512s][info ][safepoint    ] Total time for which application threads were stopped: 0.0002341 seconds, Stopping threads took: 0.0000439 seconds
[84.512s][info ][safepoint    ] Application time: 1.0001045 seconds
[84.512s][info ][safepoint    ] Entering safepoint region: Cleanup
[84.513s][info ][safepoint    ] Leaving safepoint region
[84.513s][info ][safepoint    ] Total time for which application threads were stopped: 0.0002556 seconds, Stopping threads took: 0.0000388 seconds
[84.960s][info ][safepoint    ] Application time: 0.4476719 seconds
[84.960s][info ][safepoint    ] Entering safepoint region: GenCollectForAllocation
[84.960s][info ][gc,start     ] GC(128) Pause Young (Allocation Failure)
[84.960s][info ][gc,task      ] GC(128) Using 4 workers of 4 for evacuation
[84.966s][debug][gc,ref       ] GC(128) Skipped phase1 of Reference Processing due to unavailable references
[84.966s][debug][gc,ref       ] GC(128) Skipped phase3 of Reference Processing due to unavailable references
[84.966s][debug][gc,age       ] GC(128) Desired survivor size 15368192 bytes, new threshold 6 (max threshold 6)
[84.966s][info ][gc,heap      ] GC(128) ParNew: 252264K->12498K(270336K)
[84.966s][info ][gc,heap      ] GC(128) CMS: 315348K->315348K(600768K)
[84.966s][info ][gc,metaspace ] GC(128) Metaspace: 57027K->57027K(1101824K)
[84.966s][info ][gc           ] GC(128) Pause Young (Allocation Failure) 554M->320M(850M) 5.920ms
[84.966s][info ][gc,cpu       ] GC(128) User=0.02s Sys=0.00s Real=0.01s
[84.966s][info ][safepoint    ] Leaving safepoint region
[84.966s][info ][safepoint    ] Total time for which application threads were stopped: 0.0060716 seconds, Stopping threads took: 0.0000160 seconds
[85.969s][info ][safepoint    ] Application time: 1.0026026 seconds
[85.969s][info ][safepoint    ] Entering safepoint region: Cleanup
[85.969s][info ][safepoint    ] Leaving safepoint region
[85.969s][info ][safepoint    ] Total time for which application threads were stopped: 0.0000789 seconds, Stopping threads took: 0.0000162 seconds
[86.709s][info ][safepoint    ] Application time: 0.7394517 seconds
[86.709s][info ][safepoint    ] Entering safepoint region: GenCollectForAllocation
[86.709s][info ][gc,start     ] GC(129) Pause Young (Allocation Failure)
[86.709s][info ][gc,task      ] GC(129) Using 4 workers of 4 for evacuation
[86.716s][debug][gc,ref       ] GC(129) Skipped phase1 of Reference Processing due to unavailable references
[86.716s][debug][gc,ref       ] GC(129) Skipped phase3 of Reference Processing due to unavailable references
[86.716s][debug][gc,ref       ] GC(129) Skipped phase4 of Reference Processing due to unavailable references
[86.716s][debug][gc,age       ] GC(129) Desired survivor size 15368192 bytes, new threshold 6 (max threshold 6)
[86.716s][info ][gc,heap      ] GC(129) ParNew: 252818K->14777K(270336K)
[86.716s][info ][gc,heap      ] GC(129) CMS: 315348K->317623K(600768K)
[86.716s][info ][gc,metaspace ] GC(129) Metaspace: 57055K->57055K(1101824K)
[86.716s][info ][gc           ] GC(129) Pause Young (Allocation Failure) 554M->324M(850M) 7.259ms
[86.716s][info ][gc,cpu       ] GC(129) User=0.03s Sys=0.00s Real=0.01s
[86.716s][info ][safepoint    ] Leaving safepoint region
[86.716s][info ][safepoint    ] Total time for which application threads were stopped: 0.0074852 seconds, Stopping threads took: 0.0000418 seconds
[87.716s][info ][safepoint    ] Application time: 1.0001076 seconds
[87.716s][info ][safepoint    ] Entering safepoint region: Cleanup
[87.716s][info ][safepoint    ] Leaving safepoint region
[87.716s][info ][safepoint    ] Total time for which application threads were stopped: 0.0001276 seconds, Stopping threads took: 0.0000501 seconds
[88.716s][info ][safepoint    ] Application time: 1.0001039 seconds
[88.716s][info ][safepoint    ] Entering safepoint region: Cleanup
[88.717s][info ][safepoint    ] Leaving safepoint region
[88.717s][info ][safepoint    ] Total time for which application threads were stopped: 0.0001408 seconds, Stopping threads took: 0.0000432 seconds
[88.868s][info ][safepoint    ] Application time: 0.1517465 seconds
[88.868s][info ][safepoint    ] Entering safepoint region: GenCollectForAllocation
[88.869s][info ][gc,start     ] GC(130) Pause Young (Allocation Failure)
[88.869s][info ][gc,task      ] GC(130) Using 4 workers of 4 for evacuation
[88.874s][debug][gc,ref       ] GC(130) Skipped phase1 of Reference Processing due to unavailable references
[88.874s][debug][gc,ref       ] GC(130) Skipped phase3 of Reference Processing due to unavailable references
[88.874s][debug][gc,ref       ] GC(130) Skipped phase4 of Reference Processing due to unavailable references
[88.874s][debug][gc,age       ] GC(130) Desired survivor size 15368192 bytes, new threshold 6 (max threshold 6)
[88.874s][info ][gc,heap      ] GC(130) ParNew: 255066K->14298K(270336K)
[88.874s][info ][gc,heap      ] GC(130) CMS: 317623K->318492K(600768K)
[88.874s][info ][gc,metaspace ] GC(130) Metaspace: 57069K->57069K(1101824K)
[88.874s][info ][gc           ] GC(130) Pause Young (Allocation Failure) 559M->324M(850M) 5.847ms
[88.874s][info ][gc,cpu       ] GC(130) User=0.02s Sys=0.00s Real=0.01s
[88.874s][info ][safepoint    ] Leaving safepoint region
[88.874s][info ][safepoint    ] Total time for which application threads were stopped: 0.0060237 seconds, Stopping threads took: 0.0000143 seconds
[89.875s][info ][safepoint    ] Application time: 1.0001024 seconds
[89.875s][info ][safepoint    ] Entering safepoint region: Cleanup
[89.875s][info ][safepoint    ] Leaving safepoint region
[89.875s][info ][safepoint    ] Total time for which application threads were stopped: 0.0001467 seconds, Stopping threads took: 0.0000330 seconds
[90.876s][info ][safepoint    ] Application time: 1.0014891 seconds
[90.876s][info ][safepoint    ] Entering safepoint region: Cleanup
[90.876s][info ][safepoint    ] Leaving safepoint region
[90.876s][info ][safepoint    ] Total time for which application threads were stopped: 0.0001135 seconds, Stopping threads took: 0.0000167 seconds
[91.071s][info ][safepoint    ] Application time: 0.1942926 seconds
[91.071s][info ][safepoint    ] Entering safepoint region: GenCollectForAllocation
[91.071s][info ][gc,start     ] GC(131) Pause Young (Allocation Failure)
[91.071s][info ][gc,task      ] GC(131) Using 4 workers of 4 for evacuation
[91.080s][debug][gc,ref       ] GC(131) Skipped phase1 of Reference Processing due to unavailable references
[91.080s][debug][gc,ref       ] GC(131) Skipped phase3 of Reference Processing due to unavailable references
[91.080s][debug][gc,ref       ] GC(131) Skipped phase4 of Reference Processing due to unavailable references
[91.080s][debug][gc,age       ] GC(131) Desired survivor size 15368192 bytes, new threshold 6 (max threshold 6)
[91.080s][info ][gc,heap      ] GC(131) ParNew: 254618K->14123K(270336K)
[91.080s][info ][gc,heap      ] GC(131) CMS: 318492K->321520K(600768K)
[91.080s][info ][gc,metaspace ] GC(131) Metaspace: 57086K->57086K(1101824K)
[91.080s][info ][gc           ] GC(131) Pause Young (Allocation Failure) 559M->327M(850M) 8.922ms
[91.080s][info ][gc,cpu       ] GC(131) User=0.02s Sys=0.01s Real=0.00s
[91.080s][info ][safepoint    ] Leaving safepoint region
[91.080s][info ][safepoint    ] Total time for which application threads were stopped: 0.0091467 seconds, Stopping threads took: 0.0000522 seconds
[91.204s][info ][safepoint    ] Application time: 0.1241915 seconds
[91.204s][info ][safepoint    ] Entering safepoint region: RevokeBias
[91.204s][info ][safepoint    ] Leaving safepoint region
[91.204s][info ][safepoint    ] Total time for which application threads were stopped: 0.0003101 seconds, Stopping threads took: 0.0001809 seconds
[92.204s][info ][safepoint    ] Application time: 1.0001075 seconds
[92.205s][info ][safepoint    ] Entering safepoint region: Cleanup
[92.205s][info ][safepoint    ] Leaving safepoint region
[92.205s][info ][safepoint    ] Total time for which application threads were stopped: 0.0002173 seconds, Stopping threads took: 0.0001248 seconds
[92.963s][info ][safepoint    ] Application time: 0.7586970 seconds
[92.963s][info ][safepoint    ] Entering safepoint region: GenCollectForAllocation
[92.964s][info ][gc,start     ] GC(132) Pause Young (Allocation Failure)
[92.964s][info ][gc,task      ] GC(132) Using 4 workers of 4 for evacuation
[92.970s][debug][gc,ref       ] GC(132) Skipped phase1 of Reference Processing due to unavailable references
[92.970s][debug][gc,ref       ] GC(132) Skipped phase3 of Reference Processing due to unavailable references
[92.970s][debug][gc,ref       ] GC(132) Skipped phase4 of Reference Processing due to unavailable references
[92.970s][debug][gc,age       ] GC(132) Desired survivor size 15368192 bytes, new threshold 6 (max threshold 6)
[92.970s][info ][gc,heap      ] GC(132) ParNew: 254443K->13880K(270336K)
[92.970s][info ][gc,heap      ] GC(132) CMS: 321520K->322383K(600768K)
[92.970s][info ][gc,metaspace ] GC(132) Metaspace: 57089K->57089K(1101824K)
[92.970s][info ][gc           ] GC(132) Pause Young (Allocation Failure) 562M->328M(850M) 6.595ms
[92.971s][info ][gc,cpu       ] GC(132) User=0.02s Sys=0.00s Real=0.01s
[92.971s][info ][safepoint    ] Leaving safepoint region
[92.971s][info ][safepoint    ] Total time for which application threads were stopped: 0.0079535 seconds, Stopping threads took: 0.0000289 seconds
[93.972s][info ][safepoint    ] Application time: 1.0001553 seconds
[93.972s][info ][safepoint    ] Entering safepoint region: Cleanup
[93.972s][info ][safepoint    ] Leaving safepoint region
[93.972s][info ][safepoint    ] Total time for which application threads were stopped: 0.0000972 seconds, Stopping threads took: 0.0000157 seconds
[94.972s][info ][safepoint    ] Application time: 1.0000879 seconds
[94.972s][info ][safepoint    ] Entering safepoint region: Cleanup
[94.972s][info ][safepoint    ] Leaving safepoint region
[94.972s][info ][safepoint    ] Total time for which application threads were stopped: 0.0001080 seconds, Stopping threads took: 0.0000170 seconds
[95.411s][info ][safepoint    ] Application time: 0.4392156 seconds
[95.411s][info ][safepoint    ] Entering safepoint region: GenCollectForAllocation
[95.411s][info ][gc,start     ] GC(133) Pause Young (Allocation Failure)
[95.411s][info ][gc,task      ] GC(133) Using 4 workers of 4 for evacuation
[95.417s][debug][gc,ref       ] GC(133) Skipped phase1 of Reference Processing due to unavailable references
[95.417s][debug][gc,ref       ] GC(133) Skipped phase3 of Reference Processing due to unavailable references
[95.417s][debug][gc,ref       ] GC(133) Skipped phase4 of Reference Processing due to unavailable references
[95.417s][debug][gc,age       ] GC(133) Desired survivor size 15368192 bytes, new threshold 6 (max threshold 6)
[95.417s][info ][gc,heap      ] GC(133) ParNew: 254200K->12263K(270336K)
[95.417s][info ][gc,heap      ] GC(133) CMS: 322383K->322549K(600768K)
[95.417s][info ][gc,metaspace ] GC(133) Metaspace: 57095K->57095K(1101824K)
[95.417s][info ][gc           ] GC(133) Pause Young (Allocation Failure) 563M->326M(850M) 5.747ms
[95.417s][info ][gc,cpu       ] GC(133) User=0.02s Sys=0.00s Real=0.00s
[95.417s][info ][safepoint    ] Leaving safepoint region
[95.417s][info ][safepoint    ] Total time for which application threads were stopped: 0.0058988 seconds, Stopping threads took: 0.0000156 seconds
[96.417s][info ][safepoint    ] Application time: 1.0003294 seconds
[96.418s][info ][safepoint    ] Entering safepoint region: Cleanup
[96.418s][info ][safepoint    ] Leaving safepoint region
[96.418s][info ][safepoint    ] Total time for which application threads were stopped: 0.0001792 seconds, Stopping threads took: 0.0000685 seconds
[97.069s][info ][safepoint    ] Application time: 0.6514056 seconds
[97.069s][info ][safepoint    ] Entering safepoint region: GenCollectForAllocation
[97.069s][info ][gc,start     ] GC(134) Pause Young (Allocation Failure)
[97.069s][info ][gc,task      ] GC(134) Using 4 workers of 4 for evacuation
[97.077s][debug][gc,ref       ] GC(134) Skipped phase1 of Reference Processing due to unavailable references
[97.077s][debug][gc,ref       ] GC(134) Skipped phase3 of Reference Processing due to unavailable references
[97.077s][debug][gc,ref       ] GC(134) Skipped phase4 of Reference Processing due to unavailable references
[97.077s][debug][gc,age       ] GC(134) Desired survivor size 15368192 bytes, new threshold 6 (max threshold 6)
[97.077s][info ][gc,heap      ] GC(134) ParNew: 252583K->22771K(270336K)
[97.077s][info ][gc,heap      ] GC(134) CMS: 322549K->322626K(600768K)
[97.077s][info ][gc,metaspace ] GC(134) Metaspace: 57113K->57113K(1101824K)
[97.077s][info ][gc           ] GC(134) Pause Young (Allocation Failure) 561M->337M(850M) 7.721ms
[97.077s][info ][gc,cpu       ] GC(134) User=0.03s Sys=0.00s Real=0.01s
[97.077s][info ][safepoint    ] Leaving safepoint region
[97.077s][info ][safepoint    ] Total time for which application threads were stopped: 0.0079339 seconds, Stopping threads took: 0.0000157 seconds
[98.078s][info ][safepoint    ] Application time: 1.0005337 seconds
[98.078s][info ][safepoint    ] Entering safepoint region: Cleanup
[98.078s][info ][safepoint    ] Leaving safepoint region
[98.078s][info ][safepoint    ] Total time for which application threads were stopped: 0.0000832 seconds, Stopping threads took: 0.0000175 seconds
[99.078s][info ][safepoint    ] Application time: 1.0000896 seconds
[99.078s][info ][safepoint    ] Entering safepoint region: Cleanup
[99.078s][info ][safepoint    ] Leaving safepoint region
[99.078s][info ][safepoint    ] Total time for which application threads were stopped: 0.0001234 seconds, Stopping threads took: 0.0000204 seconds
[99.319s][info ][safepoint    ] Application time: 0.2406441 seconds
[99.319s][info ][safepoint    ] Entering safepoint region: GenCollectForAllocation
[99.319s][info ][gc,start     ] GC(135) Pause Young (Allocation Failure)
[99.319s][info ][gc,task      ] GC(135) Using 4 workers of 4 for evacuation
[99.328s][debug][gc,ref       ] GC(135) Skipped phase1 of Reference Processing due to unavailable references
[99.328s][debug][gc,ref       ] GC(135) Skipped phase3 of Reference Processing due to unavailable references
[99.328s][debug][gc,age       ] GC(135) Desired survivor size 15368192 bytes, new threshold 6 (max threshold 6)
[99.328s][info ][gc,heap      ] GC(135) ParNew: 263091K->17871K(270336K)
[99.328s][info ][gc,heap      ] GC(135) CMS: 322626K->326116K(600768K)
[99.328s][info ][gc,metaspace ] GC(135) Metaspace: 57119K->57119K(1101824K)
[99.328s][info ][gc           ] GC(135) Pause Young (Allocation Failure) 571M->335M(850M) 9.536ms
[99.328s][info ][gc,cpu       ] GC(135) User=0.03s Sys=0.01s Real=0.01s
[99.328s][info ][safepoint    ] Leaving safepoint region
[99.328s][info ][safepoint    ] Total time for which application threads were stopped: 0.0096764 seconds, Stopping threads took: 0.0000153 seconds
[100.328s][info ][safepoint    ] Application time: 1.0001073 seconds
[100.328s][info ][safepoint    ] Entering safepoint region: Cleanup
[100.329s][info ][safepoint    ] Leaving safepoint region
[100.329s][info ][safepoint    ] Total time for which application threads were stopped: 0.0000958 seconds, Stopping threads took: 0.0000174 seconds
[101.329s][info ][safepoint    ] Application time: 1.0001047 seconds
[101.329s][info ][safepoint    ] Entering safepoint region: Cleanup
[101.329s][info ][safepoint    ] Leaving safepoint region
[101.329s][info ][safepoint    ] Total time for which application threads were stopped: 0.0000743 seconds, Stopping threads took: 0.0000167 seconds
[101.668s][info ][safepoint    ] Application time: 0.3390318 seconds
[101.668s][info ][safepoint    ] Entering safepoint region: GenCollectForAllocation
[101.668s][info ][gc,start     ] GC(136) Pause Young (Allocation Failure)
[101.668s][info ][gc,task      ] GC(136) Using 4 workers of 4 for evacuation
[101.674s][debug][gc,ref       ] GC(136) Skipped phase1 of Reference Processing due to unavailable references
[101.674s][debug][gc,ref       ] GC(136) Skipped phase3 of Reference Processing due to unavailable references
[101.674s][debug][gc,ref       ] GC(136) Skipped phase4 of Reference Processing due to unavailable references
[101.675s][debug][gc,age       ] GC(136) Desired survivor size 15368192 bytes, new threshold 6 (max threshold 6)
[101.675s][info ][gc,heap      ] GC(136) ParNew: 258191K->16466K(270336K)
[101.675s][info ][gc,heap      ] GC(136) CMS: 326116K->326423K(600768K)
[101.675s][info ][gc,metaspace ] GC(136) Metaspace: 57126K->57126K(1101824K)
[101.675s][info ][gc           ] GC(136) Pause Young (Allocation Failure) 570M->334M(850M) 6.784ms
[101.675s][info ][gc,cpu       ] GC(136) User=0.02s Sys=0.00s Real=0.01s
[101.675s][info ][safepoint    ] Leaving safepoint region
[101.675s][info ][safepoint    ] Total time for which application threads were stopped: 0.0069340 seconds, Stopping threads took: 0.0000160 seconds
[102.675s][info ][safepoint    ] Application time: 1.0000889 seconds
[102.891s][info ][safepoint    ] Entering safepoint region: Cleanup
[102.891s][info ][safepoint    ] Leaving safepoint region
[102.891s][info ][safepoint    ] Total time for which application threads were stopped: 0.0002651 seconds, Stopping threads took: 0.0000560 seconds
[103.369s][info ][safepoint    ] Application time: 0.4779542 seconds
[103.369s][info ][safepoint    ] Entering safepoint region: GenCollectForAllocation
[103.369s][info ][gc,start     ] GC(137) Pause Young (Allocation Failure)
[103.369s][info ][gc,task      ] GC(137) Using 4 workers of 4 for evacuation
[103.379s][debug][gc,ref       ] GC(137) Skipped phase1 of Reference Processing due to unavailable references
[103.379s][debug][gc,ref       ] GC(137) Skipped phase3 of Reference Processing due to unavailable references
[103.379s][debug][gc,ref       ] GC(137) Skipped phase4 of Reference Processing due to unavailable references
[103.379s][debug][gc,age       ] GC(137) Desired survivor size 15368192 bytes, new threshold 6 (max threshold 6)
[103.379s][info ][gc,heap      ] GC(137) ParNew: 256786K->19326K(270336K)
[103.379s][info ][gc,heap      ] GC(137) CMS: 326423K->329238K(600768K)
[103.379s][info ][gc,metaspace ] GC(137) Metaspace: 57131K->57131K(1101824K)
[103.379s][info ][gc           ] GC(137) Pause Young (Allocation Failure) 569M->340M(850M) 9.377ms
[103.379s][info ][gc,cpu       ] GC(137) User=0.04s Sys=0.00s Real=0.01s
[103.379s][info ][safepoint    ] Leaving safepoint region
[103.379s][info ][safepoint    ] Total time for which application threads were stopped: 0.0095146 seconds, Stopping threads took: 0.0000153 seconds
[104.379s][info ][safepoint    ] Application time: 1.0000955 seconds
[104.379s][info ][safepoint    ] Entering safepoint region: Cleanup
[104.379s][info ][safepoint    ] Leaving safepoint region
[104.379s][info ][safepoint    ] Total time for which application threads were stopped: 0.0000854 seconds, Stopping threads took: 0.0000177 seconds
[105.379s][info ][safepoint    ] Application time: 1.0001323 seconds
[105.379s][info ][safepoint    ] Entering safepoint region: Cleanup
[105.379s][info ][safepoint    ] Leaving safepoint region
[105.379s][info ][safepoint    ] Total time for which application threads were stopped: 0.0001722 seconds, Stopping threads took: 0.0000770 seconds
[105.612s][info ][safepoint    ] Application time: 0.2324042 seconds
[105.612s][info ][safepoint    ] Entering safepoint region: GenCollectForAllocation
[105.612s][info ][gc,start     ] GC(138) Pause Young (Allocation Failure)
[105.612s][info ][gc,task      ] GC(138) Using 4 workers of 4 for evacuation
[105.624s][debug][gc,ref       ] GC(138) Skipped phase1 of Reference Processing due to unavailable references
[105.624s][debug][gc,ref       ] GC(138) Skipped phase2 of Reference Processing due to unavailable references
[105.624s][debug][gc,ref       ] GC(138) Skipped phase3 of Reference Processing due to unavailable references
[105.624s][debug][gc,ref       ] GC(138) Skipped phase4 of Reference Processing due to unavailable references
[105.624s][debug][gc,age       ] GC(138) Desired survivor size 15368192 bytes, new threshold 5 (max threshold 6)
[105.624s][info ][gc,heap      ] GC(138) ParNew: 259646K->25404K(270336K)
[105.624s][info ][gc,heap      ] GC(138) CMS: 329238K->331011K(600768K)
[105.624s][info ][gc,metaspace ] GC(138) Metaspace: 57148K->57148K(1101824K)
[105.624s][info ][gc           ] GC(138) Pause Young (Allocation Failure) 575M->348M(850M) 12.111ms
[105.624s][info ][gc,cpu       ] GC(138) User=0.04s Sys=0.00s Real=0.01s
[105.624s][info ][safepoint    ] Leaving safepoint region
[105.624s][info ][safepoint    ] Total time for which application threads were stopped: 0.0123552 seconds, Stopping threads took: 0.0000697 seconds
[106.624s][info ][safepoint    ] Application time: 1.0001175 seconds
[106.624s][info ][safepoint    ] Entering safepoint region: Cleanup
[106.624s][info ][safepoint    ] Leaving safepoint region
[106.624s][info ][safepoint    ] Total time for which application threads were stopped: 0.0001322 seconds, Stopping threads took: 0.0000437 seconds
[107.625s][info ][safepoint    ] Application time: 1.0000985 seconds
[107.625s][info ][safepoint    ] Entering safepoint region: Cleanup
[107.625s][info ][safepoint    ] Leaving safepoint region
[107.625s][info ][safepoint    ] Total time for which application threads were stopped: 0.0001351 seconds, Stopping threads took: 0.0000659 seconds
[107.639s][info ][safepoint    ] Application time: 0.0135521 seconds
[107.639s][info ][safepoint    ] Entering safepoint region: GenCollectForAllocation
[107.639s][info ][gc,start     ] GC(139) Pause Young (Allocation Failure)
[107.639s][info ][gc,task      ] GC(139) Using 4 workers of 4 for evacuation
[107.651s][debug][gc,ref       ] GC(139) Skipped phase1 of Reference Processing due to unavailable references
[107.651s][debug][gc,ref       ] GC(139) Skipped phase2 of Reference Processing due to unavailable references
[107.651s][debug][gc,ref       ] GC(139) Skipped phase3 of Reference Processing due to unavailable references
[107.651s][debug][gc,ref       ] GC(139) Skipped phase4 of Reference Processing due to unavailable references
[107.652s][debug][gc,age       ] GC(139) Desired survivor size 15368192 bytes, new threshold 6 (max threshold 6)
[107.652s][info ][gc,heap      ] GC(139) ParNew: 265544K->21485K(270336K)
[107.652s][info ][gc,heap      ] GC(139) CMS: 331011K->337248K(600768K)
[107.652s][info ][gc,metaspace ] GC(139) Metaspace: 57155K->57155K(1101824K)
[107.652s][info ][gc           ] GC(139) Pause Young (Allocation Failure) 582M->350M(850M) 12.794ms
[107.652s][info ][gc,cpu       ] GC(139) User=0.04s Sys=0.00s Real=0.02s
[107.652s][info ][safepoint    ] Leaving safepoint region
[107.652s][info ][safepoint    ] Total time for which application threads were stopped: 0.0131967 seconds, Stopping threads took: 0.0002548 seconds
[108.652s][info ][safepoint    ] Application time: 1.0001224 seconds
[108.652s][info ][safepoint    ] Entering safepoint region: Cleanup
[108.652s][info ][safepoint    ] Leaving safepoint region
[108.652s][info ][safepoint    ] Total time for which application threads were stopped: 0.0003010 seconds, Stopping threads took: 0.0000419 seconds
[109.652s][info ][safepoint    ] Application time: 1.0000885 seconds
[109.652s][info ][safepoint    ] Entering safepoint region: Cleanup
[109.652s][info ][safepoint    ] Leaving safepoint region
[109.652s][info ][safepoint    ] Total time for which application threads were stopped: 0.0001020 seconds, Stopping threads took: 0.0000189 seconds
[110.039s][info ][safepoint    ] Application time: 0.3866885 seconds
[110.039s][info ][safepoint    ] Entering safepoint region: GenCollectForAllocation
[110.039s][info ][gc,start     ] GC(140) Pause Young (Allocation Failure)
[110.039s][info ][gc,task      ] GC(140) Using 4 workers of 4 for evacuation
[110.047s][debug][gc,ref       ] GC(140) Skipped phase1 of Reference Processing due to unavailable references
[110.047s][debug][gc,ref       ] GC(140) Skipped phase2 of Reference Processing due to unavailable references
[110.047s][debug][gc,ref       ] GC(140) Skipped phase3 of Reference Processing due to unavailable references
[110.047s][debug][gc,ref       ] GC(140) Skipped phase4 of Reference Processing due to unavailable references
[110.048s][debug][gc,age       ] GC(140) Desired survivor size 15368192 bytes, new threshold 6 (max threshold 6)
[110.048s][info ][gc,heap      ] GC(140) ParNew: 261805K->18379K(270336K)
[110.048s][info ][gc,heap      ] GC(140) CMS: 337248K->337248K(600768K)
[110.048s][info ][gc,metaspace ] GC(140) Metaspace: 57165K->57165K(1101824K)
[110.048s][info ][gc           ] GC(140) Pause Young (Allocation Failure) 585M->347M(850M) 8.386ms
[110.048s][info ][gc,cpu       ] GC(140) User=0.03s Sys=0.00s Real=0.01s
[110.048s][info ][safepoint    ] Leaving safepoint region
[110.048s][info ][safepoint    ] Total time for which application threads were stopped: 0.0085398 seconds, Stopping threads took: 0.0000150 seconds
[111.048s][info ][safepoint    ] Application time: 1.0001571 seconds
[111.048s][info ][safepoint    ] Entering safepoint region: Cleanup
[111.048s][info ][safepoint    ] Leaving safepoint region
[111.048s][info ][safepoint    ] Total time for which application threads were stopped: 0.0001289 seconds, Stopping threads took: 0.0000175 seconds
[111.915s][info ][safepoint    ] Application time: 0.8666004 seconds
[111.915s][info ][safepoint    ] Entering safepoint region: GenCollectForAllocation
[111.915s][info ][gc,start     ] GC(141) Pause Young (Allocation Failure)
[111.915s][info ][gc,task      ] GC(141) Using 4 workers of 4 for evacuation
[111.923s][debug][gc,ref       ] GC(141) Skipped phase1 of Reference Processing due to unavailable references
[111.923s][debug][gc,ref       ] GC(141) Skipped phase2 of Reference Processing due to unavailable references
[111.923s][debug][gc,ref       ] GC(141) Skipped phase3 of Reference Processing due to unavailable references
[111.923s][debug][gc,ref       ] GC(141) Skipped phase4 of Reference Processing due to unavailable references
[111.923s][debug][gc,age       ] GC(141) Desired survivor size 15368192 bytes, new threshold 5 (max threshold 6)
[111.923s][info ][gc,heap      ] GC(141) ParNew: 258699K->24390K(270336K)
[111.923s][info ][gc,heap      ] GC(141) CMS: 337248K->337662K(600768K)
[111.923s][info ][gc,metaspace ] GC(141) Metaspace: 57173K->57173K(1101824K)
[111.923s][info ][gc           ] GC(141) Pause Young (Allocation Failure) 581M->353M(850M) 8.632ms
[111.923s][info ][gc,cpu       ] GC(141) User=0.04s Sys=0.00s Real=0.01s
[111.923s][info ][safepoint    ] Leaving safepoint region
[111.923s][info ][safepoint    ] Total time for which application threads were stopped: 0.0088010 seconds, Stopping threads took: 0.0000163 seconds
[112.924s][info ][safepoint    ] Application time: 1.0001155 seconds
[112.924s][info ][safepoint    ] Entering safepoint region: Cleanup
[112.924s][info ][safepoint    ] Leaving safepoint region
[112.924s][info ][safepoint    ] Total time for which application threads were stopped: 0.0000884 seconds, Stopping threads took: 0.0000175 seconds
[113.924s][info ][safepoint    ] Application time: 1.0000886 seconds
[113.924s][info ][safepoint    ] Entering safepoint region: Cleanup
[113.924s][info ][safepoint    ] Leaving safepoint region
[113.924s][info ][safepoint    ] Total time for which application threads were stopped: 0.0000929 seconds, Stopping threads took: 0.0000166 seconds
[114.316s][info ][safepoint    ] Application time: 0.3920423 seconds
[114.316s][info ][safepoint    ] Entering safepoint region: GenCollectForAllocation
[114.316s][info ][gc,start     ] GC(142) Pause Young (Allocation Failure)
[114.316s][info ][gc,task      ] GC(142) Using 4 workers of 4 for evacuation
[114.331s][debug][gc,ref       ] GC(142) Skipped phase1 of Reference Processing due to unavailable references
[114.331s][debug][gc,ref       ] GC(142) Skipped phase2 of Reference Processing due to unavailable references
[114.331s][debug][gc,ref       ] GC(142) Skipped phase3 of Reference Processing due to unavailable references
[114.331s][debug][gc,ref       ] GC(142) Skipped phase4 of Reference Processing due to unavailable references
[114.332s][debug][gc,age       ] GC(142) Desired survivor size 15368192 bytes, new threshold 5 (max threshold 6)
[114.332s][info ][gc,heap      ] GC(142) ParNew: 264710K->23448K(270336K)
[114.332s][info ][gc,heap      ] GC(142) CMS: 337662K->342801K(600768K)
[114.332s][info ][gc,metaspace ] GC(142) Metaspace: 57183K->57183K(1101824K)
[114.332s][info ][gc           ] GC(142) Pause Young (Allocation Failure) 588M->357M(850M) 15.403ms
[114.332s][info ][gc,cpu       ] GC(142) User=0.05s Sys=0.00s Real=0.02s
[114.332s][info ][safepoint    ] Leaving safepoint region
[114.332s][info ][safepoint    ] Total time for which application threads were stopped: 0.0155995 seconds, Stopping threads took: 0.0000401 seconds
[115.332s][info ][safepoint    ] Application time: 1.0001284 seconds
[115.332s][info ][safepoint    ] Entering safepoint region: Cleanup
[115.332s][info ][safepoint    ] Leaving safepoint region
[115.332s][info ][safepoint    ] Total time for which application threads were stopped: 0.0000968 seconds, Stopping threads took: 0.0000196 seconds
[116.334s][info ][safepoint    ] Application time: 1.0021984 seconds
[116.334s][info ][safepoint    ] Entering safepoint region: Cleanup
[116.334s][info ][safepoint    ] Leaving safepoint region
[116.334s][info ][safepoint    ] Total time for which application threads were stopped: 0.0000991 seconds, Stopping threads took: 0.0000183 seconds
[116.505s][info ][safepoint    ] Application time: 0.1712025 seconds
[116.505s][info ][safepoint    ] Entering safepoint region: GenCollectForAllocation
[116.506s][info ][gc,start     ] GC(143) Pause Young (Allocation Failure)
[116.506s][info ][gc,task      ] GC(143) Using 4 workers of 4 for evacuation
[116.516s][debug][gc,ref       ] GC(143) Skipped phase1 of Reference Processing due to unavailable references
[116.516s][debug][gc,ref       ] GC(143) Skipped phase2 of Reference Processing due to unavailable references
[116.516s][debug][gc,ref       ] GC(143) Skipped phase3 of Reference Processing due to unavailable references
[116.516s][debug][gc,ref       ] GC(143) Skipped phase4 of Reference Processing due to unavailable references
[116.516s][debug][gc,age       ] GC(143) Desired survivor size 15368192 bytes, new threshold 6 (max threshold 6)
[116.516s][info ][gc,heap      ] GC(143) ParNew: 263768K->19840K(270336K)
[116.516s][info ][gc,heap      ] GC(143) CMS: 342801K->347532K(600768K)
[116.516s][info ][gc,metaspace ] GC(143) Metaspace: 57186K->57186K(1101824K)
[116.516s][info ][gc           ] GC(143) Pause Young (Allocation Failure) 592M->358M(850M) 10.713ms
[116.516s][info ][gc,cpu       ] GC(143) User=0.04s Sys=0.00s Real=0.01s
[116.516s][info ][safepoint    ] Leaving safepoint region
[116.516s][info ][safepoint    ] Total time for which application threads were stopped: 0.0109070 seconds, Stopping threads took: 0.0000413 seconds
[117.516s][info ][safepoint    ] Application time: 1.0000957 seconds
[117.517s][info ][safepoint    ] Entering safepoint region: Cleanup
[117.517s][info ][safepoint    ] Leaving safepoint region
[117.517s][info ][safepoint    ] Total time for which application threads were stopped: 0.0003696 seconds, Stopping threads took: 0.0002795 seconds
[118.463s][info ][safepoint    ] Application time: 0.9459851 seconds
[118.463s][info ][safepoint    ] Entering safepoint region: GenCollectForAllocation
[118.463s][info ][gc,start     ] GC(144) Pause Young (Allocation Failure)
[118.463s][info ][gc,task      ] GC(144) Using 4 workers of 4 for evacuation
[118.471s][debug][gc,ref       ] GC(144) Skipped phase1 of Reference Processing due to unavailable references
[118.471s][debug][gc,ref       ] GC(144) Skipped phase3 of Reference Processing due to unavailable references
[118.471s][debug][gc,ref       ] GC(144) Skipped phase4 of Reference Processing due to unavailable references
[118.471s][debug][gc,age       ] GC(144) Desired survivor size 15368192 bytes, new threshold 5 (max threshold 6)
[118.471s][info ][gc,heap      ] GC(144) ParNew: 260160K->22694K(270336K)
[118.471s][info ][gc,heap      ] GC(144) CMS: 347532K->347532K(600768K)
[118.471s][info ][gc,metaspace ] GC(144) Metaspace: 57193K->57193K(1101824K)
[118.471s][info ][gc           ] GC(144) Pause Young (Allocation Failure) 593M->361M(850M) 8.015ms
[118.471s][info ][gc,cpu       ] GC(144) User=0.03s Sys=0.00s Real=0.01s
[118.471s][info ][safepoint    ] Leaving safepoint region
[118.471s][info ][safepoint    ] Total time for which application threads were stopped: 0.0081782 seconds, Stopping threads took: 0.0000294 seconds
[119.471s][info ][safepoint    ] Application time: 1.0001076 seconds
[119.471s][info ][safepoint    ] Entering safepoint region: Cleanup
[119.471s][info ][safepoint    ] Leaving safepoint region
[119.471s][info ][safepoint    ] Total time for which application threads were stopped: 0.0000910 seconds, Stopping threads took: 0.0000169 seconds
[120.471s][info ][safepoint    ] Application time: 1.0000890 seconds
[120.471s][info ][safepoint    ] Entering safepoint region: Cleanup
[120.472s][info ][safepoint    ] Leaving safepoint region
[120.472s][info ][safepoint    ] Total time for which application threads were stopped: 0.0000748 seconds, Stopping threads took: 0.0000160 seconds
[120.879s][info ][safepoint    ] Application time: 0.4071462 seconds
[120.879s][info ][safepoint    ] Entering safepoint region: GenCollectForAllocation
[120.879s][info ][gc,start     ] GC(145) Pause Young (Allocation Failure)
[120.879s][info ][gc,task      ] GC(145) Using 4 workers of 4 for evacuation
[120.888s][debug][gc,ref       ] GC(145) Skipped phase1 of Reference Processing due to unavailable references
[120.888s][debug][gc,ref       ] GC(145) Skipped phase3 of Reference Processing due to unavailable references
[120.888s][debug][gc,age       ] GC(145) Desired survivor size 15368192 bytes, new threshold 5 (max threshold 6)
[120.888s][info ][gc,heap      ] GC(145) ParNew: 263014K->23177K(270336K)
[120.888s][info ][gc,heap      ] GC(145) CMS: 347532K->349320K(600768K)
[120.888s][info ][gc,metaspace ] GC(145) Metaspace: 57207K->57207K(1101824K)
[120.888s][info ][gc           ] GC(145) Pause Young (Allocation Failure) 596M->363M(850M) 9.087ms
[120.888s][info ][gc,cpu       ] GC(145) User=0.03s Sys=0.00s Real=0.01s
[120.888s][info ][safepoint    ] Leaving safepoint region
[120.888s][info ][safepoint    ] Total time for which application threads were stopped: 0.0092445 seconds, Stopping threads took: 0.0000139 seconds
[121.888s][info ][safepoint    ] Application time: 1.0000886 seconds
[121.888s][info ][safepoint    ] Entering safepoint region: Cleanup
[121.888s][info ][safepoint    ] Leaving safepoint region
[121.888s][info ][safepoint    ] Total time for which application threads were stopped: 0.0001088 seconds, Stopping threads took: 0.0000295 seconds
[122.888s][info ][safepoint    ] Application time: 1.0000809 seconds
[122.888s][info ][safepoint    ] Entering safepoint region: Cleanup
[122.888s][info ][safepoint    ] Leaving safepoint region
[122.888s][info ][safepoint    ] Total time for which application threads were stopped: 0.0000997 seconds, Stopping threads took: 0.0000295 seconds
[122.929s][info ][safepoint    ] Application time: 0.0405936 seconds
[122.929s][info ][safepoint    ] Entering safepoint region: GenCollectForAllocation
[122.929s][info ][gc,start     ] GC(146) Pause Young (Allocation Failure)
[122.929s][info ][gc,task      ] GC(146) Using 4 workers of 4 for evacuation
[122.939s][debug][gc,ref       ] GC(146) Skipped phase1 of Reference Processing due to unavailable references
[122.939s][debug][gc,ref       ] GC(146) Skipped phase3 of Reference Processing due to unavailable references
[122.939s][debug][gc,ref       ] GC(146) Skipped phase4 of Reference Processing due to unavailable references
[122.939s][debug][gc,age       ] GC(146) Desired survivor size 15368192 bytes, new threshold 6 (max threshold 6)
[122.939s][info ][gc,heap      ] GC(146) ParNew: 263497K->23347K(270336K)
[122.939s][info ][gc,heap      ] GC(146) CMS: 349320K->353200K(600768K)
[122.939s][info ][gc,metaspace ] GC(146) Metaspace: 57211K->57211K(1101824K)
[122.939s][info ][gc           ] GC(146) Pause Young (Allocation Failure) 598M->367M(850M) 9.981ms
[122.939s][info ][gc,cpu       ] GC(146) User=0.04s Sys=0.00s Real=0.01s
[122.939s][info ][safepoint    ] Leaving safepoint region
[122.939s][info ][safepoint    ] Total time for which application threads were stopped: 0.0101408 seconds, Stopping threads took: 0.0000176 seconds
[123.939s][info ][safepoint    ] Application time: 1.0001042 seconds
[123.939s][info ][safepoint    ] Entering safepoint region: Cleanup
[123.939s][info ][safepoint    ] Leaving safepoint region
[123.939s][info ][safepoint    ] Total time for which application threads were stopped: 0.0000948 seconds, Stopping threads took: 0.0000178 seconds
[124.940s][info ][safepoint    ] Application time: 1.0001034 seconds
[124.940s][info ][safepoint    ] Entering safepoint region: Cleanup
[124.940s][info ][safepoint    ] Leaving safepoint region
[124.940s][info ][safepoint    ] Total time for which application threads were stopped: 0.0001734 seconds, Stopping threads took: 0.0000658 seconds
[124.994s][info ][safepoint    ] Application time: 0.0540261 seconds
[124.994s][info ][safepoint    ] Entering safepoint region: GenCollectForAllocation
[124.994s][info ][gc,start     ] GC(147) Pause Young (Allocation Failure)
[124.994s][info ][gc,task      ] GC(147) Using 4 workers of 4 for evacuation
[125.003s][debug][gc,ref       ] GC(147) Skipped phase1 of Reference Processing due to unavailable references
[125.003s][debug][gc,ref       ] GC(147) Skipped phase3 of Reference Processing due to unavailable references
[125.003s][debug][gc,ref       ] GC(147) Skipped phase4 of Reference Processing due to unavailable references
[125.004s][debug][gc,age       ] GC(147) Desired survivor size 15368192 bytes, new threshold 6 (max threshold 6)
[125.004s][info ][gc,heap      ] GC(147) ParNew: 263667K->22334K(270336K)
[125.004s][info ][gc,heap      ] GC(147) CMS: 353200K->353200K(600768K)
[125.004s][info ][gc,metaspace ] GC(147) Metaspace: 57217K->57217K(1101824K)
[125.004s][info ][gc           ] GC(147) Pause Young (Allocation Failure) 602M->366M(850M) 9.673ms
[125.004s][info ][gc,cpu       ] GC(147) User=0.03s Sys=0.00s Real=0.01s
[125.004s][info ][safepoint    ] Leaving safepoint region
[125.004s][info ][safepoint    ] Total time for which application threads were stopped: 0.0098426 seconds, Stopping threads took: 0.0000192 seconds
[126.004s][info ][safepoint    ] Application time: 1.0000851 seconds
[126.004s][info ][safepoint    ] Entering safepoint region: Cleanup
[126.004s][info ][safepoint    ] Leaving safepoint region
[126.004s][info ][safepoint    ] Total time for which application threads were stopped: 0.0001332 seconds, Stopping threads took: 0.0000398 seconds
[127.004s][info ][safepoint    ] Application time: 1.0000780 seconds
[127.004s][info ][safepoint    ] Entering safepoint region: Cleanup
[127.004s][info ][safepoint    ] Leaving safepoint region
[127.004s][info ][safepoint    ] Total time for which application threads were stopped: 0.0001307 seconds, Stopping threads took: 0.0000592 seconds
[127.456s][info ][safepoint    ] Application time: 0.4520573 seconds
[127.456s][info ][safepoint    ] Entering safepoint region: GenCollectForAllocation
[127.456s][info ][gc,start     ] GC(148) Pause Young (Allocation Failure)
[127.456s][info ][gc,task      ] GC(148) Using 4 workers of 4 for evacuation
[127.466s][debug][gc,ref       ] GC(148) Skipped phase1 of Reference Processing due to unavailable references
[127.466s][debug][gc,ref       ] GC(148) Skipped phase3 of Reference Processing due to unavailable references
[127.466s][debug][gc,ref       ] GC(148) Skipped phase4 of Reference Processing due to unavailable references
[127.466s][debug][gc,age       ] GC(148) Desired survivor size 15368192 bytes, new threshold 6 (max threshold 6)
[127.467s][info ][gc,heap      ] GC(148) ParNew: 262654K->21157K(270336K)
[127.467s][info ][gc,heap      ] GC(148) CMS: 353200K->357305K(600768K)
[127.467s][info ][gc,metaspace ] GC(148) Metaspace: 57217K->57217K(1101824K)
[127.467s][info ][gc           ] GC(148) Pause Young (Allocation Failure) 601M->369M(850M) 10.211ms
[127.467s][info ][gc,cpu       ] GC(148) User=0.03s Sys=0.01s Real=0.01s
[127.467s][info ][safepoint    ] Leaving safepoint region
[127.467s][info ][safepoint    ] Total time for which application threads were stopped: 0.0103639 seconds, Stopping threads took: 0.0000166 seconds
[128.467s][info ][safepoint    ] Application time: 1.0000987 seconds
[128.467s][info ][safepoint    ] Entering safepoint region: Cleanup
[128.467s][info ][safepoint    ] Leaving safepoint region
[128.467s][info ][safepoint    ] Total time for which application threads were stopped: 0.0001722 seconds, Stopping threads took: 0.0000881 seconds
[129.467s][info ][safepoint    ] Application time: 1.0000721 seconds
[129.467s][info ][safepoint    ] Entering safepoint region: Cleanup
[129.467s][info ][safepoint    ] Leaving safepoint region
[129.467s][info ][safepoint    ] Total time for which application threads were stopped: 0.0001174 seconds, Stopping threads took: 0.0000412 seconds
[130.120s][info ][safepoint    ] Application time: 0.6524822 seconds
[130.120s][info ][safepoint    ] Entering safepoint region: GenCollectForAllocation
[130.120s][info ][gc,start     ] GC(149) Pause Young (Allocation Failure)
[130.120s][info ][gc,task      ] GC(149) Using 4 workers of 4 for evacuation
[130.127s][debug][gc,ref       ] GC(149) Skipped phase1 of Reference Processing due to unavailable references
[130.127s][debug][gc,ref       ] GC(149) Skipped phase3 of Reference Processing due to unavailable references
[130.127s][debug][gc,ref       ] GC(149) Skipped phase4 of Reference Processing due to unavailable references
[130.127s][debug][gc,age       ] GC(149) Desired survivor size 15368192 bytes, new threshold 6 (max threshold 6)
[130.127s][info ][gc,heap      ] GC(149) ParNew: 261477K->18481K(270336K)
[130.127s][info ][gc,heap      ] GC(149) CMS: 357305K->358078K(600768K)
[130.127s][info ][gc,metaspace ] GC(149) Metaspace: 57220K->57220K(1101824K)
[130.127s][info ][gc           ] GC(149) Pause Young (Allocation Failure) 604M->367M(850M) 7.095ms
[130.127s][info ][gc,cpu       ] GC(149) User=0.02s Sys=0.00s Real=0.01s
[130.127s][info ][safepoint    ] Leaving safepoint region
[130.127s][info ][safepoint    ] Total time for which application threads were stopped: 0.0072497 seconds, Stopping threads took: 0.0000173 seconds
[131.127s][info ][safepoint    ] Application time: 1.0001991 seconds
[131.127s][info ][safepoint    ] Entering safepoint region: Cleanup
[131.127s][info ][safepoint    ] Leaving safepoint region
[131.127s][info ][safepoint    ] Total time for which application threads were stopped: 0.0001066 seconds, Stopping threads took: 0.0000178 seconds
[132.127s][info ][safepoint    ] Application time: 1.0001007 seconds
[132.127s][info ][safepoint    ] Entering safepoint region: Cleanup
[132.128s][info ][safepoint    ] Leaving safepoint region
[132.128s][info ][safepoint    ] Total time for which application threads were stopped: 0.0000770 seconds, Stopping threads took: 0.0000167 seconds
[132.319s][info ][safepoint    ] Application time: 0.1916842 seconds
[132.319s][info ][safepoint    ] Entering safepoint region: GenCollectForAllocation
[132.319s][info ][gc,start     ] GC(150) Pause Young (Allocation Failure)
[132.319s][info ][gc,task      ] GC(150) Using 4 workers of 4 for evacuation
[132.329s][debug][gc,ref       ] GC(150) Skipped phase1 of Reference Processing due to unavailable references
[132.329s][debug][gc,ref       ] GC(150) Skipped phase2 of Reference Processing due to unavailable references
[132.329s][debug][gc,ref       ] GC(150) Skipped phase3 of Reference Processing due to unavailable references
[132.329s][debug][gc,ref       ] GC(150) Skipped phase4 of Reference Processing due to unavailable references
[132.330s][debug][gc,age       ] GC(150) Desired survivor size 15368192 bytes, new threshold 6 (max threshold 6)
[132.330s][info ][gc,heap      ] GC(150) ParNew: 258801K->17288K(270336K)
[132.330s][info ][gc,heap      ] GC(150) CMS: 358078K->362504K(600768K)
[132.330s][info ][gc,metaspace ] GC(150) Metaspace: 57223K->57223K(1101824K)
[132.330s][info ][gc           ] GC(150) Pause Young (Allocation Failure) 602M->370M(850M) 10.498ms
[132.330s][info ][gc,cpu       ] GC(150) User=0.04s Sys=0.00s Real=0.01s
[132.330s][info ][safepoint    ] Leaving safepoint region
[132.330s][info ][safepoint    ] Total time for which application threads were stopped: 0.0106496 seconds, Stopping threads took: 0.0000155 seconds
[133.330s][info ][safepoint    ] Application time: 1.0001030 seconds
[133.330s][info ][safepoint    ] Entering safepoint region: Cleanup
[133.330s][info ][safepoint    ] Leaving safepoint region
[133.330s][info ][safepoint    ] Total time for which application threads were stopped: 0.0001041 seconds, Stopping threads took: 0.0000171 seconds
[134.330s][info ][safepoint    ] Application time: 1.0000926 seconds
[134.330s][info ][safepoint    ] Entering safepoint region: Cleanup
[134.330s][info ][safepoint    ] Leaving safepoint region
[134.330s][info ][safepoint    ] Total time for which application threads were stopped: 0.0000811 seconds, Stopping threads took: 0.0000169 seconds
[134.469s][info ][safepoint    ] Application time: 0.1386573 seconds
[134.469s][info ][safepoint    ] Entering safepoint region: GenCollectForAllocation
[134.469s][info ][gc,start     ] GC(151) Pause Young (Allocation Failure)
[134.469s][info ][gc,task      ] GC(151) Using 4 workers of 4 for evacuation
[134.476s][debug][gc,ref       ] GC(151) Skipped phase1 of Reference Processing due to unavailable references
[134.476s][debug][gc,ref       ] GC(151) Skipped phase2 of Reference Processing due to unavailable references
[134.476s][debug][gc,ref       ] GC(151) Skipped phase3 of Reference Processing due to unavailable references
[134.476s][debug][gc,ref       ] GC(151) Skipped phase4 of Reference Processing due to unavailable references
[134.476s][debug][gc,age       ] GC(151) Desired survivor size 15368192 bytes, new threshold 6 (max threshold 6)
[134.476s][info ][gc,heap      ] GC(151) ParNew: 257608K->14411K(270336K)
[134.476s][info ][gc,heap      ] GC(151) CMS: 362504K->363477K(600768K)
[134.476s][info ][gc,metaspace ] GC(151) Metaspace: 57223K->57223K(1101824K)
[134.476s][info ][gc           ] GC(151) Pause Young (Allocation Failure) 605M->369M(850M) 6.819ms
[134.476s][info ][gc,cpu       ] GC(151) User=0.02s Sys=0.00s Real=0.01s
[134.476s][info ][safepoint    ] Leaving safepoint region
[134.476s][info ][safepoint    ] Total time for which application threads were stopped: 0.0070210 seconds, Stopping threads took: 0.0000507 seconds
[135.476s][info ][safepoint    ] Application time: 1.0001161 seconds
[135.476s][info ][safepoint    ] Entering safepoint region: Cleanup
[135.476s][info ][safepoint    ] Leaving safepoint region
[135.476s][info ][safepoint    ] Total time for which application threads were stopped: 0.0000842 seconds, Stopping threads took: 0.0000183 seconds
[136.476s][info ][safepoint    ] Application time: 1.0001488 seconds
[136.477s][info ][safepoint    ] Entering safepoint region: Cleanup
[136.477s][info ][safepoint    ] Leaving safepoint region
[136.477s][info ][safepoint    ] Total time for which application threads were stopped: 0.0000801 seconds, Stopping threads took: 0.0000209 seconds
[136.820s][info ][safepoint    ] Application time: 0.3429727 seconds
[136.820s][info ][safepoint    ] Entering safepoint region: GenCollectForAllocation
[136.820s][info ][gc,start     ] GC(152) Pause Young (Allocation Failure)
[136.820s][info ][gc,task      ] GC(152) Using 4 workers of 4 for evacuation
[136.828s][debug][gc,ref       ] GC(152) Skipped phase1 of Reference Processing due to unavailable references
[136.828s][debug][gc,ref       ] GC(152) Skipped phase2 of Reference Processing due to unavailable references
[136.828s][debug][gc,ref       ] GC(152) Skipped phase3 of Reference Processing due to unavailable references
[136.828s][debug][gc,ref       ] GC(152) Skipped phase4 of Reference Processing due to unavailable references
[136.828s][debug][gc,age       ] GC(152) Desired survivor size 15368192 bytes, new threshold 6 (max threshold 6)
[136.828s][info ][gc,heap      ] GC(152) ParNew: 254731K->15596K(270336K)
[136.828s][info ][gc,heap      ] GC(152) CMS: 363477K->366551K(600768K)
[136.828s][info ][gc,metaspace ] GC(152) Metaspace: 57227K->57227K(1101824K)
[136.828s][info ][gc           ] GC(152) Pause Young (Allocation Failure) 603M->373M(850M) 8.738ms
[136.828s][info ][gc,cpu       ] GC(152) User=0.03s Sys=0.00s Real=0.01s
[136.829s][info ][safepoint    ] Leaving safepoint region
[136.829s][info ][safepoint    ] Total time for which application threads were stopped: 0.0088898 seconds, Stopping threads took: 0.0000156 seconds
[137.829s][info ][safepoint    ] Application time: 1.0001001 seconds
[137.829s][info ][safepoint    ] Entering safepoint region: Cleanup
[137.829s][info ][safepoint    ] Leaving safepoint region
[137.829s][info ][safepoint    ] Total time for which application threads were stopped: 0.0001215 seconds, Stopping threads took: 0.0000323 seconds
[138.829s][info ][safepoint    ] Application time: 1.0000843 seconds
[138.829s][info ][safepoint    ] Entering safepoint region: Cleanup
[138.829s][info ][safepoint    ] Leaving safepoint region
[138.829s][info ][safepoint    ] Total time for which application threads were stopped: 0.0000852 seconds, Stopping threads took: 0.0000165 seconds
[139.566s][info ][safepoint    ] Application time: 0.7369569 seconds
[139.566s][info ][safepoint    ] Entering safepoint region: GenCollectForAllocation
[139.566s][info ][gc,start     ] GC(153) Pause Young (Allocation Failure)
[139.566s][info ][gc,task      ] GC(153) Using 4 workers of 4 for evacuation
[139.573s][debug][gc,ref       ] GC(153) Skipped phase1 of Reference Processing due to unavailable references
[139.573s][debug][gc,ref       ] GC(153) Skipped phase2 of Reference Processing due to unavailable references
[139.573s][debug][gc,ref       ] GC(153) Skipped phase3 of Reference Processing due to unavailable references
[139.573s][debug][gc,ref       ] GC(153) Skipped phase4 of Reference Processing due to unavailable references
[139.573s][debug][gc,age       ] GC(153) Desired survivor size 15368192 bytes, new threshold 6 (max threshold 6)
[139.573s][info ][gc,heap      ] GC(153) ParNew: 255916K->12926K(270336K)
[139.573s][info ][gc,heap      ] GC(153) CMS: 366551K->369448K(600768K)
[139.573s][info ][gc,metaspace ] GC(153) Metaspace: 57228K->57228K(1101824K)
[139.573s][info ][gc           ] GC(153) Pause Young (Allocation Failure) 607M->373M(850M) 6.764ms
[139.573s][info ][gc,cpu       ] GC(153) User=0.02s Sys=0.00s Real=0.01s
[139.573s][info ][safepoint    ] Leaving safepoint region
[139.573s][info ][safepoint    ] Total time for which application threads were stopped: 0.0069396 seconds, Stopping threads took: 0.0000161 seconds
[140.573s][info ][safepoint    ] Application time: 1.0000997 seconds
[140.573s][info ][safepoint    ] Entering safepoint region: Cleanup
[140.573s][info ][safepoint    ] Leaving safepoint region
[140.573s][info ][safepoint    ] Total time for which application threads were stopped: 0.0001211 seconds, Stopping threads took: 0.0000166 seconds
[141.574s][info ][safepoint    ] Application time: 1.0003276 seconds
[141.574s][info ][safepoint    ] Entering safepoint region: Cleanup
[141.574s][info ][safepoint    ] Leaving safepoint region
[141.574s][info ][safepoint    ] Total time for which application threads were stopped: 0.0000879 seconds, Stopping threads took: 0.0000168 seconds
[141.960s][info ][safepoint    ] Application time: 0.3860093 seconds
[141.960s][info ][safepoint    ] Entering safepoint region: GenCollectForAllocation
[141.960s][info ][gc,start     ] GC(154) Pause Young (Allocation Failure)
[141.960s][info ][gc,task      ] GC(154) Using 4 workers of 4 for evacuation
[141.965s][debug][gc,ref       ] GC(154) Skipped phase1 of Reference Processing due to unavailable references
[141.965s][debug][gc,ref       ] GC(154) Skipped phase3 of Reference Processing due to unavailable references
[141.965s][debug][gc,ref       ] GC(154) Skipped phase4 of Reference Processing due to unavailable references
[141.965s][debug][gc,age       ] GC(154) Desired survivor size 15368192 bytes, new threshold 6 (max threshold 6)
[141.965s][info ][gc,heap      ] GC(154) ParNew: 253246K->10911K(270336K)
[141.965s][info ][gc,heap      ] GC(154) CMS: 369448K->370045K(600768K)
[141.965s][info ][gc,metaspace ] GC(154) Metaspace: 57235K->57235K(1101824K)
[141.965s][info ][gc           ] GC(154) Pause Young (Allocation Failure) 608M->372M(850M) 5.142ms
[141.965s][info ][gc,cpu       ] GC(154) User=0.02s Sys=0.00s Real=0.01s
[141.965s][info ][safepoint    ] Leaving safepoint region
[141.965s][info ][safepoint    ] Total time for which application threads were stopped: 0.0053081 seconds, Stopping threads took: 0.0000164 seconds
[142.965s][info ][safepoint    ] Application time: 1.0001012 seconds
[142.965s][info ][safepoint    ] Entering safepoint region: Cleanup
[142.965s][info ][safepoint    ] Leaving safepoint region
[142.965s][info ][safepoint    ] Total time for which application threads were stopped: 0.0001584 seconds, Stopping threads took: 0.0000851 seconds
[143.965s][info ][safepoint    ] Application time: 1.0001556 seconds
[143.966s][info ][safepoint    ] Entering safepoint region: Cleanup
[143.966s][info ][safepoint    ] Leaving safepoint region
[143.966s][info ][safepoint    ] Total time for which application threads were stopped: 0.0001143 seconds, Stopping threads took: 0.0000448 seconds
[144.618s][info ][safepoint    ] Application time: 0.6524708 seconds
[144.618s][info ][safepoint    ] Entering safepoint region: GenCollectForAllocation
[144.618s][info ][gc,start     ] GC(155) Pause Young (Allocation Failure)
[144.618s][info ][gc,task      ] GC(155) Using 4 workers of 4 for evacuation
[144.623s][debug][gc,ref       ] GC(155) Skipped phase1 of Reference Processing due to unavailable references
[144.623s][debug][gc,ref       ] GC(155) Skipped phase3 of Reference Processing due to unavailable references
[144.623s][debug][gc,ref       ] GC(155) Skipped phase4 of Reference Processing due to unavailable references
[144.623s][debug][gc,age       ] GC(155) Desired survivor size 15368192 bytes, new threshold 6 (max threshold 6)
[144.623s][info ][gc,heap      ] GC(155) ParNew: 251231K->12219K(270336K)
[144.623s][info ][gc,heap      ] GC(155) CMS: 370045K->370251K(600768K)
[144.623s][info ][gc,metaspace ] GC(155) Metaspace: 57235K->57235K(1101824K)
[144.623s][info ][gc           ] GC(155) Pause Young (Allocation Failure) 606M->373M(850M) 4.871ms
[144.623s][info ][gc,cpu       ] GC(155) User=0.01s Sys=0.00s Real=0.01s
[144.623s][info ][safepoint    ] Leaving safepoint region
[144.623s][info ][safepoint    ] Total time for which application threads were stopped: 0.0050384 seconds, Stopping threads took: 0.0000149 seconds
[145.623s][info ][safepoint    ] Application time: 1.0001003 seconds
[145.623s][info ][safepoint    ] Entering safepoint region: Cleanup
[145.623s][info ][safepoint    ] Leaving safepoint region
[145.623s][info ][safepoint    ] Total time for which application threads were stopped: 0.0000962 seconds, Stopping threads took: 0.0000381 seconds
[146.624s][info ][safepoint    ] Application time: 1.0000909 seconds
[146.624s][info ][safepoint    ] Entering safepoint region: Cleanup
[146.624s][info ][safepoint    ] Leaving safepoint region
[146.624s][info ][safepoint    ] Total time for which application threads were stopped: 0.0000771 seconds, Stopping threads took: 0.0000155 seconds
[146.969s][info ][safepoint    ] Application time: 0.3450995 seconds
[146.969s][info ][safepoint    ] Entering safepoint region: GenCollectForAllocation
[146.969s][info ][gc,start     ] GC(156) Pause Young (Allocation Failure)
[146.969s][info ][gc,task      ] GC(156) Using 4 workers of 4 for evacuation
[146.979s][debug][gc,ref       ] GC(156) Skipped phase1 of Reference Processing due to unavailable references
[146.979s][debug][gc,ref       ] GC(156) Skipped phase3 of Reference Processing due to unavailable references
[146.979s][debug][gc,ref       ] GC(156) Skipped phase4 of Reference Processing due to unavailable references
[146.979s][debug][gc,age       ] GC(156) Desired survivor size 15368192 bytes, new threshold 6 (max threshold 6)
[146.979s][info ][gc,heap      ] GC(156) ParNew: 252335K->9262K(270336K)
[146.979s][info ][gc,heap      ] GC(156) CMS: 370251K->371110K(600768K)
[146.979s][info ][gc,metaspace ] GC(156) Metaspace: 57235K->57235K(1101824K)
[146.979s][info ][gc           ] GC(156) Pause Young (Allocation Failure) 607M->371M(850M) 10.321ms
[146.979s][info ][gc,cpu       ] GC(156) User=0.04s Sys=0.00s Real=0.01s
[146.979s][info ][safepoint    ] Leaving safepoint region
[146.979s][info ][safepoint    ] Total time for which application threads were stopped: 0.0105045 seconds, Stopping threads took: 0.0000156 seconds
[147.980s][info ][safepoint    ] Application time: 1.0001493 seconds
[147.980s][info ][safepoint    ] Entering safepoint region: Cleanup
[147.980s][info ][safepoint    ] Leaving safepoint region
[147.980s][info ][safepoint    ] Total time for which application threads were stopped: 0.0002387 seconds, Stopping threads took: 0.0000224 seconds
[148.980s][info ][safepoint    ] Application time: 1.0001068 seconds
[148.980s][info ][safepoint    ] Entering safepoint region: Cleanup
[148.980s][info ][safepoint    ] Leaving safepoint region
[148.980s][info ][safepoint    ] Total time for which application threads were stopped: 0.0000878 seconds, Stopping threads took: 0.0000229 seconds
[149.282s][info ][safepoint    ] Application time: 0.3021829 seconds
[149.282s][info ][safepoint    ] Entering safepoint region: GenCollectForAllocation
[149.283s][info ][gc,start     ] GC(157) Pause Young (Allocation Failure)
[149.283s][info ][gc,task      ] GC(157) Using 4 workers of 4 for evacuation
[149.291s][debug][gc,ref       ] GC(157) Skipped phase1 of Reference Processing due to unavailable references
[149.291s][debug][gc,ref       ] GC(157) Skipped phase3 of Reference Processing due to unavailable references
[149.291s][debug][gc,ref       ] GC(157) Skipped phase4 of Reference Processing due to unavailable references
[149.291s][debug][gc,age       ] GC(157) Desired survivor size 15368192 bytes, new threshold 6 (max threshold 6)
[149.291s][info ][gc,heap      ] GC(157) ParNew: 249582K->10690K(270336K)
[149.291s][info ][gc,heap      ] GC(157) CMS: 371110K->373032K(600768K)
[149.291s][info ][gc,metaspace ] GC(157) Metaspace: 57239K->57239K(1101824K)
[149.291s][info ][gc           ] GC(157) Pause Young (Allocation Failure) 606M->374M(850M) 8.243ms
[149.291s][info ][gc,cpu       ] GC(157) User=0.03s Sys=0.00s Real=0.01s
[149.291s][info ][safepoint    ] Leaving safepoint region
[149.291s][info ][safepoint    ] Total time for which application threads were stopped: 0.0084691 seconds, Stopping threads took: 0.0000661 seconds
[150.291s][info ][safepoint    ] Application time: 1.0001174 seconds
[150.294s][info ][safepoint    ] Entering safepoint region: Cleanup
[150.294s][info ][safepoint    ] Leaving safepoint region
[150.294s][info ][safepoint    ] Total time for which application threads were stopped: 0.0033002 seconds, Stopping threads took: 0.0031913 seconds
[151.294s][info ][safepoint    ] Application time: 1.0000962 seconds
[151.294s][info ][safepoint    ] Entering safepoint region: Cleanup
[151.295s][info ][safepoint    ] Leaving safepoint region
[151.295s][info ][safepoint    ] Total time for which application threads were stopped: 0.0001016 seconds, Stopping threads took: 0.0000193 seconds
[151.616s][info ][safepoint    ] Application time: 0.3212500 seconds
[151.616s][info ][safepoint    ] Entering safepoint region: GenCollectForAllocation
[151.616s][info ][gc,start     ] GC(158) Pause Young (Allocation Failure)
[151.616s][info ][gc,task      ] GC(158) Using 4 workers of 4 for evacuation
[151.632s][debug][gc,ref       ] GC(158) Skipped phase1 of Reference Processing due to unavailable references
[151.632s][debug][gc,ref       ] GC(158) Skipped phase3 of Reference Processing due to unavailable references
[151.632s][debug][gc,ref       ] GC(158) Skipped phase4 of Reference Processing due to unavailable references
[151.632s][debug][gc,age       ] GC(158) Desired survivor size 15368192 bytes, new threshold 6 (max threshold 6)
[151.632s][info ][gc,heap      ] GC(158) ParNew: 251010K->8815K(270336K)
[151.632s][info ][gc,heap      ] GC(158) CMS: 373032K->375547K(600768K)
[151.632s][info ][gc,metaspace ] GC(158) Metaspace: 57240K->57240K(1101824K)
[151.632s][info ][gc           ] GC(158) Pause Young (Allocation Failure) 609M->375M(850M) 15.950ms
[151.632s][info ][gc,cpu       ] GC(158) User=0.03s Sys=0.00s Real=0.02s
[151.632s][info ][safepoint    ] Leaving safepoint region
[151.632s][info ][safepoint    ] Total time for which application threads were stopped: 0.0161208 seconds, Stopping threads took: 0.0000174 seconds
[152.632s][info ][safepoint    ] Application time: 1.0001051 seconds
[152.632s][info ][safepoint    ] Entering safepoint region: Cleanup
[152.632s][info ][safepoint    ] Leaving safepoint region
[152.632s][info ][safepoint    ] Total time for which application threads were stopped: 0.0000771 seconds, Stopping threads took: 0.0000182 seconds
[153.632s][info ][safepoint    ] Application time: 1.0000827 seconds
[153.632s][info ][safepoint    ] Entering safepoint region: Cleanup
[153.632s][info ][safepoint    ] Leaving safepoint region
[153.632s][info ][safepoint    ] Total time for which application threads were stopped: 0.0000931 seconds, Stopping threads took: 0.0000256 seconds
[154.070s][info ][safepoint    ] Application time: 0.4378927 seconds
[154.070s][info ][safepoint    ] Entering safepoint region: GenCollectForAllocation
[154.070s][info ][gc,start     ] GC(159) Pause Young (Allocation Failure)
[154.070s][info ][gc,task      ] GC(159) Using 4 workers of 4 for evacuation
[154.075s][debug][gc,ref       ] GC(159) Skipped phase1 of Reference Processing due to unavailable references
[154.075s][debug][gc,ref       ] GC(159) Skipped phase3 of Reference Processing due to unavailable references
[154.075s][debug][gc,ref       ] GC(159) Skipped phase4 of Reference Processing due to unavailable references
[154.075s][debug][gc,age       ] GC(159) Desired survivor size 15368192 bytes, new threshold 6 (max threshold 6)
[154.075s][info ][gc,heap      ] GC(159) ParNew: 249135K->6210K(270336K)
[154.075s][info ][gc,heap      ] GC(159) CMS: 375547K->375734K(600768K)
[154.075s][info ][gc,metaspace ] GC(159) Metaspace: 57240K->57240K(1101824K)
[154.075s][info ][gc           ] GC(159) Pause Young (Allocation Failure) 610M->372M(850M) 4.845ms
[154.075s][info ][gc,cpu       ] GC(159) User=0.01s Sys=0.00s Real=0.00s
[154.075s][info ][safepoint    ] Leaving safepoint region
[154.075s][info ][safepoint    ] Total time for which application threads were stopped: 0.0050069 seconds, Stopping threads took: 0.0000151 seconds
[155.076s][info ][safepoint    ] Application time: 1.0011124 seconds
[155.077s][info ][safepoint    ] Entering safepoint region: Cleanup
[155.077s][info ][safepoint    ] Leaving safepoint region
[155.077s][info ][safepoint    ] Total time for which application threads were stopped: 0.0001504 seconds, Stopping threads took: 0.0000161 seconds
[156.077s][info ][safepoint    ] Application time: 1.0000878 seconds
[156.077s][info ][safepoint    ] Entering safepoint region: Cleanup
[156.077s][info ][safepoint    ] Leaving safepoint region
[156.077s][info ][safepoint    ] Total time for which application threads were stopped: 0.0000897 seconds, Stopping threads took: 0.0000166 seconds
[156.467s][info ][safepoint    ] Application time: 0.3904431 seconds
[156.467s][info ][safepoint    ] Entering safepoint region: GenCollectForAllocation
[156.467s][info ][gc,start     ] GC(160) Pause Young (Allocation Failure)
[156.467s][info ][gc,task      ] GC(160) Using 4 workers of 4 for evacuation
[156.472s][debug][gc,ref       ] GC(160) Skipped phase1 of Reference Processing due to unavailable references
[156.472s][debug][gc,ref       ] GC(160) Skipped phase3 of Reference Processing due to unavailable references
[156.473s][debug][gc,age       ] GC(160) Desired survivor size 15368192 bytes, new threshold 6 (max threshold 6)
[156.473s][info ][gc,heap      ] GC(160) ParNew: 246530K->6656K(270336K)
[156.473s][info ][gc,heap      ] GC(160) CMS: 375734K->376177K(600768K)
[156.473s][info ][gc,metaspace ] GC(160) Metaspace: 57329K->57329K(1101824K)
[156.473s][info ][gc           ] GC(160) Pause Young (Allocation Failure) 607M->373M(850M) 5.151ms
[156.473s][info ][gc,cpu       ] GC(160) User=0.02s Sys=0.00s Real=0.01s
[156.473s][info ][safepoint    ] Leaving safepoint region
[156.473s][info ][safepoint    ] Total time for which application threads were stopped: 0.0053060 seconds, Stopping threads took: 0.0000166 seconds
[157.473s][info ][safepoint    ] Application time: 1.0001087 seconds
[157.473s][info ][safepoint    ] Entering safepoint region: Cleanup
[157.473s][info ][safepoint    ] Leaving safepoint region
[157.473s][info ][safepoint    ] Total time for which application threads were stopped: 0.0002045 seconds, Stopping threads took: 0.0001198 seconds
[158.475s][info ][safepoint    ] Application time: 1.0016210 seconds
[158.475s][info ][safepoint    ] Entering safepoint region: Cleanup
[158.475s][info ][safepoint    ] Leaving safepoint region
[158.475s][info ][safepoint    ] Total time for which application threads were stopped: 0.0001926 seconds, Stopping threads took: 0.0000864 seconds
[158.581s][info ][safepoint    ] Application time: 0.1065593 seconds
[158.581s][info ][safepoint    ] Entering safepoint region: GenCollectForAllocation
[158.582s][info ][gc,start     ] GC(161) Pause Young (Allocation Failure)
[158.582s][info ][gc,task      ] GC(161) Using 4 workers of 4 for evacuation
[158.595s][debug][gc,ref       ] GC(161) Skipped phase1 of Reference Processing due to unavailable references
[158.595s][debug][gc,ref       ] GC(161) Skipped phase3 of Reference Processing due to unavailable references
[158.595s][debug][gc,ref       ] GC(161) Skipped phase4 of Reference Processing due to unavailable references
[158.595s][debug][gc,age       ] GC(161) Desired survivor size 15368192 bytes, new threshold 6 (max threshold 6)
[158.595s][info ][gc,heap      ] GC(161) ParNew: 246976K->8839K(270336K)
[158.595s][info ][gc,heap      ] GC(161) CMS: 376177K->376338K(600768K)
[158.595s][info ][gc,metaspace ] GC(161) Metaspace: 57334K->57334K(1101824K)
[158.595s][info ][gc           ] GC(161) Pause Young (Allocation Failure) 608M->376M(850M) 13.412ms
[158.595s][info ][gc,cpu       ] GC(161) User=0.02s Sys=0.00s Real=0.02s
[158.595s][info ][safepoint    ] Leaving safepoint region
[158.595s][info ][safepoint    ] Total time for which application threads were stopped: 0.0135675 seconds, Stopping threads took: 0.0000160 seconds
[159.595s][info ][safepoint    ] Application time: 1.0001403 seconds
[159.595s][info ][safepoint    ] Entering safepoint region: Cleanup
[159.595s][info ][safepoint    ] Leaving safepoint region
[159.595s][info ][safepoint    ] Total time for which application threads were stopped: 0.0000813 seconds, Stopping threads took: 0.0000184 seconds
[160.595s][info ][safepoint    ] Application time: 1.0001306 seconds
[160.595s][info ][safepoint    ] Entering safepoint region: Cleanup
[160.596s][info ][safepoint    ] Leaving safepoint region
[160.596s][info ][safepoint    ] Total time for which application threads were stopped: 0.0001059 seconds, Stopping threads took: 0.0000227 seconds
[161.167s][info ][safepoint    ] Application time: 0.5710162 seconds
[161.167s][info ][safepoint    ] Entering safepoint region: GenCollectForAllocation
[161.167s][info ][gc,start     ] GC(162) Pause Young (Allocation Failure)
[161.167s][info ][gc,task      ] GC(162) Using 4 workers of 4 for evacuation
[161.172s][debug][gc,ref       ] GC(162) Skipped phase1 of Reference Processing due to unavailable references
[161.172s][debug][gc,ref       ] GC(162) Skipped phase3 of Reference Processing due to unavailable references
[161.172s][debug][gc,age       ] GC(162) Desired survivor size 15368192 bytes, new threshold 6 (max threshold 6)
[161.172s][info ][gc,heap      ] GC(162) ParNew: 249159K->9636K(270336K)
[161.172s][info ][gc,heap      ] GC(162) CMS: 376338K->376631K(600768K)
[161.172s][info ][gc,metaspace ] GC(162) Metaspace: 57368K->57368K(1101824K)
[161.172s][info ][gc           ] GC(162) Pause Young (Allocation Failure) 610M->377M(850M) 5.162ms
[161.172s][info ][gc,cpu       ] GC(162) User=0.02s Sys=0.00s Real=0.01s
[161.172s][info ][safepoint    ] Leaving safepoint region
[161.172s][info ][safepoint    ] Total time for which application threads were stopped: 0.0053229 seconds, Stopping threads took: 0.0000153 seconds
[162.172s][info ][safepoint    ] Application time: 1.0001000 seconds
[162.172s][info ][safepoint    ] Entering safepoint region: Cleanup
[162.172s][info ][safepoint    ] Leaving safepoint region
[162.172s][info ][safepoint    ] Total time for which application threads were stopped: 0.0000766 seconds, Stopping threads took: 0.0000156 seconds
[163.172s][info ][safepoint    ] Application time: 1.0000845 seconds
[163.172s][info ][safepoint    ] Entering safepoint region: Cleanup
[163.172s][info ][safepoint    ] Leaving safepoint region
[163.172s][info ][safepoint    ] Total time for which application threads were stopped: 0.0000836 seconds, Stopping threads took: 0.0000158 seconds
[163.377s][info ][safepoint    ] Application time: 0.2044878 seconds
[163.377s][info ][safepoint    ] Entering safepoint region: GenCollectForAllocation
[163.377s][info ][gc,start     ] GC(163) Pause Young (Allocation Failure)
[163.377s][info ][gc,task      ] GC(163) Using 4 workers of 4 for evacuation
[163.383s][debug][gc,ref       ] GC(163) Skipped phase1 of Reference Processing due to unavailable references
[163.383s][debug][gc,ref       ] GC(163) Skipped phase3 of Reference Processing due to unavailable references
[163.383s][debug][gc,ref       ] GC(163) Skipped phase4 of Reference Processing due to unavailable references
[163.384s][debug][gc,age       ] GC(163) Desired survivor size 15368192 bytes, new threshold 6 (max threshold 6)
[163.384s][info ][gc,heap      ] GC(163) ParNew: 249956K->8293K(270336K)
[163.384s][info ][gc,heap      ] GC(163) CMS: 376631K->378412K(600768K)
[163.384s][info ][gc,metaspace ] GC(163) Metaspace: 57381K->57381K(1101824K)
[163.384s][info ][gc           ] GC(163) Pause Young (Allocation Failure) 611M->377M(850M) 6.495ms
[163.384s][info ][gc,cpu       ] GC(163) User=0.03s Sys=0.00s Real=0.01s
[163.384s][info ][safepoint    ] Leaving safepoint region
[163.384s][info ][safepoint    ] Total time for which application threads were stopped: 0.0066402 seconds, Stopping threads took: 0.0000160 seconds
[164.384s][info ][safepoint    ] Application time: 1.0000943 seconds
[164.384s][info ][safepoint    ] Entering safepoint region: Cleanup
[164.384s][info ][safepoint    ] Leaving safepoint region
[164.384s][info ][safepoint    ] Total time for which application threads were stopped: 0.0001111 seconds, Stopping threads took: 0.0000166 seconds
[165.384s][info ][safepoint    ] Application time: 1.0000894 seconds
[165.384s][info ][safepoint    ] Entering safepoint region: Cleanup
[165.384s][info ][safepoint    ] Leaving safepoint region
[165.384s][info ][safepoint    ] Total time for which application threads were stopped: 0.0000821 seconds, Stopping threads took: 0.0000187 seconds
[165.911s][info ][safepoint    ] Application time: 0.5273385 seconds
[165.911s][info ][safepoint    ] Entering safepoint region: GenCollectForAllocation
[165.912s][info ][gc,start     ] GC(164) Pause Young (Allocation Failure)
[165.912s][info ][gc,task      ] GC(164) Using 4 workers of 4 for evacuation
[165.916s][debug][gc,ref       ] GC(164) Skipped phase1 of Reference Processing due to unavailable references
[165.916s][debug][gc,ref       ] GC(164) Skipped phase3 of Reference Processing due to unavailable references
[165.917s][debug][gc,ref       ] GC(164) Skipped phase4 of Reference Processing due to unavailable references
[165.917s][debug][gc,age       ] GC(164) Desired survivor size 15368192 bytes, new threshold 6 (max threshold 6)
[165.917s][info ][gc,heap      ] GC(164) ParNew: 248613K->8158K(270336K)
[165.917s][info ][gc,heap      ] GC(164) CMS: 378412K->378748K(600768K)
[165.917s][info ][gc,metaspace ] GC(164) Metaspace: 57391K->57391K(1101824K)
[165.917s][info ][gc           ] GC(164) Pause Young (Allocation Failure) 612M->377M(850M) 5.081ms
[165.917s][info ][gc,cpu       ] GC(164) User=0.02s Sys=0.00s Real=0.00s
[165.917s][info ][safepoint    ] Leaving safepoint region
[165.917s][info ][safepoint    ] Total time for which application threads were stopped: 0.0052399 seconds, Stopping threads took: 0.0000209 seconds
[166.917s][info ][safepoint    ] Application time: 1.0002998 seconds
[166.917s][info ][safepoint    ] Entering safepoint region: Cleanup
[166.917s][info ][safepoint    ] Leaving safepoint region
[166.917s][info ][safepoint    ] Total time for which application threads were stopped: 0.0001543 seconds, Stopping threads took: 0.0000925 seconds
[167.914s][info ][safepoint    ] Application time: 0.9968088 seconds
[167.914s][info ][safepoint    ] Entering safepoint region: GenCollectForAllocation
[167.914s][info ][gc,start     ] GC(165) Pause Young (Allocation Failure)
[167.914s][info ][gc,task      ] GC(165) Using 4 workers of 4 for evacuation
[167.921s][debug][gc,ref       ] GC(165) Skipped phase1 of Reference Processing due to unavailable references
[167.921s][debug][gc,ref       ] GC(165) Skipped phase3 of Reference Processing due to unavailable references
[167.921s][debug][gc,ref       ] GC(165) Skipped phase4 of Reference Processing due to unavailable references
[167.921s][debug][gc,age       ] GC(165) Desired survivor size 15368192 bytes, new threshold 6 (max threshold 6)
[167.921s][info ][gc,heap      ] GC(165) ParNew: 248478K->12932K(270336K)
[167.921s][info ][gc,heap      ] GC(165) CMS: 378748K->378939K(600768K)
[167.921s][info ][gc,metaspace ] GC(165) Metaspace: 57395K->57395K(1101824K)
[167.921s][info ][gc           ] GC(165) Pause Young (Allocation Failure) 612M->382M(850M) 7.039ms
[167.921s][info ][gc,cpu       ] GC(165) User=0.03s Sys=0.00s Real=0.00s
[167.921s][info ][safepoint    ] Leaving safepoint region
[167.921s][info ][safepoint    ] Total time for which application threads were stopped: 0.0072128 seconds, Stopping threads took: 0.0000174 seconds
[168.921s][info ][safepoint    ] Application time: 1.0000970 seconds
[168.921s][info ][safepoint    ] Entering safepoint region: Cleanup
[168.921s][info ][safepoint    ] Leaving safepoint region
[168.921s][info ][safepoint    ] Total time for which application threads were stopped: 0.0000722 seconds, Stopping threads took: 0.0000158 seconds
[169.922s][info ][safepoint    ] Application time: 1.0000954 seconds
[169.922s][info ][safepoint    ] Entering safepoint region: Cleanup
[169.922s][info ][safepoint    ] Leaving safepoint region
[169.922s][info ][safepoint    ] Total time for which application threads were stopped: 0.0000700 seconds, Stopping threads took: 0.0000168 seconds
[170.402s][info ][safepoint    ] Application time: 0.4805918 seconds
[170.402s][info ][safepoint    ] Entering safepoint region: GenCollectForAllocation
[170.402s][info ][gc,start     ] GC(166) Pause Young (Allocation Failure)
[170.403s][info ][gc,task      ] GC(166) Using 4 workers of 4 for evacuation
[170.411s][debug][gc,ref       ] GC(166) Skipped phase1 of Reference Processing due to unavailable references
[170.411s][debug][gc,ref       ] GC(166) Skipped phase3 of Reference Processing due to unavailable references
[170.411s][debug][gc,ref       ] GC(166) Skipped phase4 of Reference Processing due to unavailable references
[170.411s][debug][gc,age       ] GC(166) Desired survivor size 15368192 bytes, new threshold 6 (max threshold 6)
[170.411s][info ][gc,heap      ] GC(166) ParNew: 253252K->16803K(270336K)
[170.411s][info ][gc,heap      ] GC(166) CMS: 378939K->379531K(600768K)
[170.411s][info ][gc,metaspace ] GC(166) Metaspace: 57399K->57399K(1101824K)
[170.411s][info ][gc           ] GC(166) Pause Young (Allocation Failure) 617M->387M(850M) 8.618ms
[170.411s][info ][gc,cpu       ] GC(166) User=0.02s Sys=0.00s Real=0.01s
[170.411s][info ][safepoint    ] Leaving safepoint region
[170.411s][info ][safepoint    ] Total time for which application threads were stopped: 0.0088176 seconds, Stopping threads took: 0.0000358 seconds
[171.411s][info ][safepoint    ] Application time: 1.0001063 seconds
[171.411s][info ][safepoint    ] Entering safepoint region: Cleanup
[171.411s][info ][safepoint    ] Leaving safepoint region
[171.411s][info ][safepoint    ] Total time for which application threads were stopped: 0.0001701 seconds, Stopping threads took: 0.0001016 seconds
[172.412s][info ][safepoint    ] Application time: 1.0000915 seconds
[172.412s][info ][safepoint    ] Entering safepoint region: Cleanup
[172.412s][info ][safepoint    ] Leaving safepoint region
[172.412s][info ][safepoint    ] Total time for which application threads were stopped: 0.0001570 seconds, Stopping threads took: 0.0000944 seconds
[172.769s][info ][safepoint    ] Application time: 0.3576063 seconds
[172.769s][info ][safepoint    ] Entering safepoint region: GenCollectForAllocation
[172.770s][info ][gc,start     ] GC(167) Pause Young (Allocation Failure)
[172.770s][info ][gc,task      ] GC(167) Using 4 workers of 4 for evacuation
[172.776s][debug][gc,ref       ] GC(167) Skipped phase1 of Reference Processing due to unavailable references
[172.776s][debug][gc,ref       ] GC(167) Skipped phase3 of Reference Processing due to unavailable references
[172.776s][debug][gc,age       ] GC(167) Desired survivor size 15368192 bytes, new threshold 6 (max threshold 6)
[172.776s][info ][gc,heap      ] GC(167) ParNew: 257123K->15161K(270336K)
[172.776s][info ][gc,heap      ] GC(167) CMS: 379531K->380572K(600768K)
[172.776s][info ][gc,metaspace ] GC(167) Metaspace: 57408K->57408K(1101824K)
[172.776s][info ][gc           ] GC(167) Pause Young (Allocation Failure) 621M->386M(850M) 6.575ms
[172.776s][info ][gc,cpu       ] GC(167) User=0.02s Sys=0.00s Real=0.01s
[172.776s][info ][safepoint    ] Leaving safepoint region
[172.776s][info ][safepoint    ] Total time for which application threads were stopped: 0.0068881 seconds, Stopping threads took: 0.0000150 seconds
[173.776s][info ][safepoint    ] Application time: 1.0001015 seconds
[173.776s][info ][safepoint    ] Entering safepoint region: Cleanup
[173.777s][info ][safepoint    ] Leaving safepoint region
[173.777s][info ][safepoint    ] Total time for which application threads were stopped: 0.0000994 seconds, Stopping threads took: 0.0000357 seconds
[174.777s][info ][safepoint    ] Application time: 1.0000854 seconds
[174.777s][info ][safepoint    ] Entering safepoint region: Cleanup
[174.777s][info ][safepoint    ] Leaving safepoint region
[174.777s][info ][safepoint    ] Total time for which application threads were stopped: 0.0001011 seconds, Stopping threads took: 0.0000170 seconds
[175.017s][info ][safepoint    ] Application time: 0.2401520 seconds
[175.017s][info ][safepoint    ] Entering safepoint region: GenCollectForAllocation
[175.017s][info ][gc,start     ] GC(168) Pause Young (Allocation Failure)
[175.017s][info ][gc,task      ] GC(168) Using 4 workers of 4 for evacuation
[175.023s][debug][gc,ref       ] GC(168) Skipped phase1 of Reference Processing due to unavailable references
[175.023s][debug][gc,ref       ] GC(168) Skipped phase2 of Reference Processing due to unavailable references
[175.023s][debug][gc,ref       ] GC(168) Skipped phase3 of Reference Processing due to unavailable references
[175.023s][debug][gc,ref       ] GC(168) Skipped phase4 of Reference Processing due to unavailable references
[175.023s][debug][gc,age       ] GC(168) Desired survivor size 15368192 bytes, new threshold 6 (max threshold 6)
[175.023s][info ][gc,heap      ] GC(168) ParNew: 255481K->12797K(270336K)
[175.023s][info ][gc,heap      ] GC(168) CMS: 380572K->380764K(600768K)
[175.023s][info ][gc,metaspace ] GC(168) Metaspace: 57408K->57408K(1101824K)
[175.023s][info ][gc           ] GC(168) Pause Young (Allocation Failure) 621M->384M(850M) 6.296ms
[175.023s][info ][gc,cpu       ] GC(168) User=0.03s Sys=0.00s Real=0.01s
[175.023s][info ][safepoint    ] Leaving safepoint region
[175.023s][info ][safepoint    ] Total time for which application threads were stopped: 0.0064361 seconds, Stopping threads took: 0.0000163 seconds
[176.024s][info ][safepoint    ] Application time: 1.0001012 seconds
[176.024s][info ][safepoint    ] Entering safepoint region: Cleanup
[176.024s][info ][safepoint    ] Leaving safepoint region
[176.024s][info ][safepoint    ] Total time for which application threads were stopped: 0.0001016 seconds, Stopping threads took: 0.0000166 seconds
[177.024s][info ][safepoint    ] Application time: 1.0001021 seconds
[177.024s][info ][safepoint    ] Entering safepoint region: Cleanup
[177.024s][info ][safepoint    ] Leaving safepoint region
[177.024s][info ][safepoint    ] Total time for which application threads were stopped: 0.0001295 seconds, Stopping threads took: 0.0000366 seconds
[177.317s][info ][safepoint    ] Application time: 0.2930730 seconds
[177.320s][info ][safepoint    ] Entering safepoint region: GenCollectForAllocation
[177.320s][info ][gc,start     ] GC(169) Pause Young (Allocation Failure)
[177.320s][info ][gc,task      ] GC(169) Using 4 workers of 4 for evacuation
[177.331s][debug][gc,ref       ] GC(169) Skipped phase1 of Reference Processing due to unavailable references
[177.331s][debug][gc,ref       ] GC(169) Skipped phase2 of Reference Processing due to unavailable references
[177.331s][debug][gc,ref       ] GC(169) Skipped phase3 of Reference Processing due to unavailable references
[177.331s][debug][gc,ref       ] GC(169) Skipped phase4 of Reference Processing due to unavailable references
[177.332s][debug][gc,age       ] GC(169) Desired survivor size 15368192 bytes, new threshold 6 (max threshold 6)
[177.332s][info ][gc,heap      ] GC(169) ParNew: 253117K->16003K(270336K)
[177.332s][info ][gc,heap      ] GC(169) CMS: 380764K->381994K(600768K)
[177.332s][info ][gc,metaspace ] GC(169) Metaspace: 57409K->57409K(1101824K)
[177.332s][info ][gc           ] GC(169) Pause Young (Allocation Failure) 619M->388M(850M) 11.308ms
[177.332s][info ][gc,cpu       ] GC(169) User=0.03s Sys=0.00s Real=0.02s
[177.332s][info ][safepoint    ] Leaving safepoint region
[177.332s][info ][safepoint    ] Total time for which application threads were stopped: 0.0146920 seconds, Stopping threads took: 0.0031720 seconds
[178.332s][info ][safepoint    ] Application time: 1.0001517 seconds
[178.332s][info ][safepoint    ] Entering safepoint region: Cleanup
[178.332s][info ][safepoint    ] Leaving safepoint region
[178.332s][info ][safepoint    ] Total time for which application threads were stopped: 0.0000951 seconds, Stopping threads took: 0.0000167 seconds
[179.332s][info ][safepoint    ] Application time: 1.0001020 seconds
[179.332s][info ][safepoint    ] Entering safepoint region: Cleanup
[179.332s][info ][safepoint    ] Leaving safepoint region
[179.332s][info ][safepoint    ] Total time for which application threads were stopped: 0.0000850 seconds, Stopping threads took: 0.0000164 seconds
[179.571s][info ][safepoint    ] Application time: 0.2383510 seconds
[179.571s][info ][safepoint    ] Entering safepoint region: GenCollectForAllocation
[179.571s][info ][gc,start     ] GC(170) Pause Young (Allocation Failure)
[179.571s][info ][gc,task      ] GC(170) Using 4 workers of 4 for evacuation
[179.577s][debug][gc,ref       ] GC(170) Skipped phase1 of Reference Processing due to unavailable references
[179.577s][debug][gc,ref       ] GC(170) Skipped phase2 of Reference Processing due to unavailable references
[179.577s][debug][gc,ref       ] GC(170) Skipped phase3 of Reference Processing due to unavailable references
[179.577s][debug][gc,age       ] GC(170) Desired survivor size 15368192 bytes, new threshold 6 (max threshold 6)
[179.577s][info ][gc,heap      ] GC(170) ParNew: 256323K->17524K(270336K)
[179.577s][info ][gc,heap      ] GC(170) CMS: 381994K->382079K(600768K)
[179.577s][info ][gc,metaspace ] GC(170) Metaspace: 57414K->57414K(1101824K)
[179.577s][info ][gc           ] GC(170) Pause Young (Allocation Failure) 623M->390M(850M) 6.800ms
[179.577s][info ][gc,cpu       ] GC(170) User=0.02s Sys=0.00s Real=0.00s
[179.578s][info ][safepoint    ] Leaving safepoint region
[179.578s][info ][safepoint    ] Total time for which application threads were stopped: 0.0069394 seconds, Stopping threads took: 0.0000154 seconds
[180.578s][info ][safepoint    ] Application time: 1.0000636 seconds
[180.578s][info ][safepoint    ] Entering safepoint region: Cleanup
[180.578s][info ][safepoint    ] Leaving safepoint region
[180.578s][info ][safepoint    ] Total time for which application threads were stopped: 0.0001355 seconds, Stopping threads took: 0.0000525 seconds
[181.578s][info ][safepoint    ] Application time: 1.0000959 seconds
[181.578s][info ][safepoint    ] Entering safepoint region: Cleanup
[181.578s][info ][safepoint    ] Leaving safepoint region
[181.578s][info ][safepoint    ] Total time for which application threads were stopped: 0.0000739 seconds, Stopping threads took: 0.0000161 seconds
[181.908s][info ][safepoint    ] Application time: 0.3301580 seconds
[181.908s][info ][safepoint    ] Entering safepoint region: GenCollectForAllocation
[181.908s][info ][gc,start     ] GC(171) Pause Young (Allocation Failure)
[181.908s][info ][gc,task      ] GC(171) Using 4 workers of 4 for evacuation
[181.916s][debug][gc,ref       ] GC(171) Skipped phase1 of Reference Processing due to unavailable references
[181.916s][debug][gc,ref       ] GC(171) Skipped phase2 of Reference Processing due to unavailable references
[181.916s][debug][gc,ref       ] GC(171) Skipped phase3 of Reference Processing due to unavailable references
[181.916s][debug][gc,age       ] GC(171) Desired survivor size 15368192 bytes, new threshold 6 (max threshold 6)
[181.916s][info ][gc,heap      ] GC(171) ParNew: 257844K->13688K(270336K)
[181.916s][info ][gc,heap      ] GC(171) CMS: 382079K->384335K(600768K)
[181.916s][info ][gc,metaspace ] GC(171) Metaspace: 57415K->57415K(1101824K)
[181.916s][info ][gc           ] GC(171) Pause Young (Allocation Failure) 624M->388M(850M) 7.961ms
[181.916s][info ][gc,cpu       ] GC(171) User=0.03s Sys=0.00s Real=0.01s
[181.916s][info ][safepoint    ] Leaving safepoint region
[181.916s][info ][safepoint    ] Total time for which application threads were stopped: 0.0081180 seconds, Stopping threads took: 0.0000336 seconds
[182.916s][info ][safepoint    ] Application time: 1.0001069 seconds
[182.916s][info ][safepoint    ] Entering safepoint region: Cleanup
[182.917s][info ][safepoint    ] Leaving safepoint region
[182.917s][info ][safepoint    ] Total time for which application threads were stopped: 0.0001457 seconds, Stopping threads took: 0.0000340 seconds
[183.917s][info ][safepoint    ] Application time: 1.0000935 seconds
[183.917s][info ][safepoint    ] Entering safepoint region: Cleanup
[183.917s][info ][safepoint    ] Leaving safepoint region
[183.917s][info ][safepoint    ] Total time for which application threads were stopped: 0.0001370 seconds, Stopping threads took: 0.0000473 seconds
[184.261s][info ][safepoint    ] Application time: 0.3435982 seconds
[184.261s][info ][safepoint    ] Entering safepoint region: GenCollectForAllocation
[184.261s][info ][gc,start     ] GC(172) Pause Young (Allocation Failure)
[184.261s][info ][gc,task      ] GC(172) Using 4 workers of 4 for evacuation
[184.283s][debug][gc,ref       ] GC(172) Skipped phase1 of Reference Processing due to unavailable references
[184.283s][debug][gc,ref       ] GC(172) Skipped phase2 of Reference Processing due to unavailable references
[184.283s][debug][gc,ref       ] GC(172) Skipped phase3 of Reference Processing due to unavailable references
[184.283s][debug][gc,age       ] GC(172) Desired survivor size 15368192 bytes, new threshold 6 (max threshold 6)
[184.283s][info ][gc,heap      ] GC(172) ParNew: 254000K->18154K(270336K)
[184.283s][info ][gc,heap      ] GC(172) CMS: 384335K->384996K(600768K)
[184.283s][info ][gc,metaspace ] GC(172) Metaspace: 57417K->57417K(1101824K)
[184.283s][info ][gc           ] GC(172) Pause Young (Allocation Failure) 623M->393M(850M) 22.397ms
[184.283s][info ][gc,cpu       ] GC(172) User=0.02s Sys=0.01s Real=0.03s
[184.283s][info ][safepoint    ] Leaving safepoint region
[184.283s][info ][safepoint    ] Total time for which application threads were stopped: 0.0225858 seconds, Stopping threads took: 0.0000346 seconds
[185.284s][info ][safepoint    ] Application time: 1.0001287 seconds
[185.284s][info ][safepoint    ] Entering safepoint region: Cleanup
[185.284s][info ][safepoint    ] Leaving safepoint region
[185.284s][info ][safepoint    ] Total time for which application threads were stopped: 0.0001088 seconds, Stopping threads took: 0.0000341 seconds
[186.284s][info ][safepoint    ] Application time: 1.0001016 seconds
[186.284s][info ][safepoint    ] Entering safepoint region: Cleanup
[186.284s][info ][safepoint    ] Leaving safepoint region
[186.284s][info ][safepoint    ] Total time for which application threads were stopped: 0.0001637 seconds, Stopping threads took: 0.0000761 seconds
[186.563s][info ][safepoint    ] Application time: 0.2785959 seconds
[186.563s][info ][safepoint    ] Entering safepoint region: GenCollectForAllocation
[186.563s][info ][gc,start     ] GC(173) Pause Young (Allocation Failure)
[186.563s][info ][gc,task      ] GC(173) Using 4 workers of 4 for evacuation
[186.598s][debug][gc,ref       ] GC(173) Skipped phase1 of Reference Processing due to unavailable references
[186.598s][debug][gc,ref       ] GC(173) Skipped phase2 of Reference Processing due to unavailable references
[186.598s][debug][gc,ref       ] GC(173) Skipped phase3 of Reference Processing due to unavailable references
[186.598s][debug][gc,age       ] GC(173) Desired survivor size 15368192 bytes, new threshold 6 (max threshold 6)
[186.598s][info ][gc,heap      ] GC(173) ParNew: 258474K->15858K(270336K)
[186.598s][info ][gc,heap      ] GC(173) CMS: 384996K->385288K(600768K)
[186.598s][info ][gc,metaspace ] GC(173) Metaspace: 57417K->57417K(1101824K)
[186.598s][info ][gc           ] GC(173) Pause Young (Allocation Failure) 628M->391M(850M) 35.587ms
[186.598s][info ][gc,cpu       ] GC(173) User=0.03s Sys=0.00s Real=0.03s
[186.598s][info ][safepoint    ] Leaving safepoint region
[186.598s][info ][safepoint    ] Total time for which application threads were stopped: 0.0358227 seconds, Stopping threads took: 0.0000256 seconds
[187.599s][info ][safepoint    ] Application time: 1.0001142 seconds
[187.599s][info ][safepoint    ] Entering safepoint region: Cleanup
[187.599s][info ][safepoint    ] Leaving safepoint region
[187.599s][info ][safepoint    ] Total time for which application threads were stopped: 0.0001210 seconds, Stopping threads took: 0.0000421 seconds
[188.599s][info ][safepoint    ] Application time: 1.0000856 seconds
[188.599s][info ][safepoint    ] Entering safepoint region: Cleanup
[188.599s][info ][safepoint    ] Leaving safepoint region
[188.599s][info ][safepoint    ] Total time for which application threads were stopped: 0.0000868 seconds, Stopping threads took: 0.0000276 seconds
[189.306s][info ][safepoint    ] Application time: 0.7069189 seconds
[189.306s][info ][safepoint    ] Entering safepoint region: GenCollectForAllocation
[189.306s][info ][gc,start     ] GC(174) Pause Young (Allocation Failure)
[189.306s][info ][gc,task      ] GC(174) Using 4 workers of 4 for evacuation
[189.319s][debug][gc,ref       ] GC(174) Skipped phase1 of Reference Processing due to unavailable references
[189.319s][debug][gc,ref       ] GC(174) Skipped phase2 of Reference Processing due to unavailable references
[189.319s][debug][gc,ref       ] GC(174) Skipped phase3 of Reference Processing due to unavailable references
[189.319s][debug][gc,age       ] GC(174) Desired survivor size 15368192 bytes, new threshold 6 (max threshold 6)
[189.319s][info ][gc,heap      ] GC(174) ParNew: 256178K->16099K(270336K)
[189.319s][info ][gc,heap      ] GC(174) CMS: 385288K->386653K(600768K)
[189.319s][info ][gc,metaspace ] GC(174) Metaspace: 57418K->57418K(1101824K)
[189.319s][info ][gc           ] GC(174) Pause Young (Allocation Failure) 626M->393M(850M) 12.715ms
[189.319s][info ][gc,cpu       ] GC(174) User=0.04s Sys=0.00s Real=0.01s
[189.319s][info ][safepoint    ] Leaving safepoint region
[189.319s][info ][safepoint    ] Total time for which application threads were stopped: 0.0129469 seconds, Stopping threads took: 0.0000369 seconds
[190.319s][info ][safepoint    ] Application time: 1.0001143 seconds
[190.319s][info ][safepoint    ] Entering safepoint region: Cleanup
[190.319s][info ][safepoint    ] Leaving safepoint region
[190.319s][info ][safepoint    ] Total time for which application threads were stopped: 0.0002560 seconds, Stopping threads took: 0.0000531 seconds
[191.319s][info ][safepoint    ] Application time: 1.0000974 seconds
[191.320s][info ][safepoint    ] Entering safepoint region: Cleanup
[191.320s][info ][safepoint    ] Leaving safepoint region
[191.320s][info ][safepoint    ] Total time for which application threads were stopped: 0.0002925 seconds, Stopping threads took: 0.0001144 seconds
[191.768s][info ][safepoint    ] Application time: 0.4478671 seconds
[191.768s][info ][safepoint    ] Entering safepoint region: GenCollectForAllocation
[191.768s][info ][gc,start     ] GC(175) Pause Young (Allocation Failure)
[191.768s][info ][gc,task      ] GC(175) Using 4 workers of 4 for evacuation
[191.778s][debug][gc,ref       ] GC(175) Skipped phase1 of Reference Processing due to unavailable references
[191.778s][debug][gc,ref       ] GC(175) Skipped phase2 of Reference Processing due to unavailable references
[191.778s][debug][gc,ref       ] GC(175) Skipped phase3 of Reference Processing due to unavailable references
[191.778s][debug][gc,age       ] GC(175) Desired survivor size 15368192 bytes, new threshold 6 (max threshold 6)
[191.778s][info ][gc,heap      ] GC(175) ParNew: 256419K->18052K(270336K)
[191.778s][info ][gc,heap      ] GC(175) CMS: 386653K->387957K(600768K)
[191.778s][info ][gc,metaspace ] GC(175) Metaspace: 57433K->57433K(1101824K)
[191.778s][info ][gc           ] GC(175) Pause Young (Allocation Failure) 628M->396M(850M) 10.150ms
[191.778s][info ][gc,cpu       ] GC(175) User=0.03s Sys=0.00s Real=0.01s
[191.778s][info ][safepoint    ] Leaving safepoint region
[191.778s][info ][safepoint    ] Total time for which application threads were stopped: 0.0103093 seconds, Stopping threads took: 0.0000165 seconds
[192.780s][info ][safepoint    ] Application time: 1.0023689 seconds
[192.781s][info ][safepoint    ] Entering safepoint region: Cleanup
[192.781s][info ][safepoint    ] Leaving safepoint region
[192.781s][info ][safepoint    ] Total time for which application threads were stopped: 0.0001517 seconds, Stopping threads took: 0.0000236 seconds
[193.781s][info ][safepoint    ] Application time: 1.0003161 seconds
[193.781s][info ][safepoint    ] Entering safepoint region: Cleanup
[193.781s][info ][safepoint    ] Leaving safepoint region
[193.781s][info ][safepoint    ] Total time for which application threads were stopped: 0.0000770 seconds, Stopping threads took: 0.0000175 seconds
[194.215s][info ][safepoint    ] Application time: 0.4334410 seconds
[194.215s][info ][safepoint    ] Entering safepoint region: GenCollectForAllocation
[194.215s][info ][gc,start     ] GC(176) Pause Young (Allocation Failure)
[194.215s][info ][gc,task      ] GC(176) Using 4 workers of 4 for evacuation
[194.222s][debug][gc,ref       ] GC(176) Skipped phase1 of Reference Processing due to unavailable references
[194.222s][debug][gc,ref       ] GC(176) Skipped phase3 of Reference Processing due to unavailable references
[194.222s][debug][gc,age       ] GC(176) Desired survivor size 15368192 bytes, new threshold 6 (max threshold 6)
[194.222s][info ][gc,heap      ] GC(176) ParNew: 258372K->17446K(270336K)
[194.222s][info ][gc,heap      ] GC(176) CMS: 387957K->389159K(600768K)
[194.222s][info ][gc,metaspace ] GC(176) Metaspace: 57462K->57462K(1101824K)
[194.222s][info ][gc           ] GC(176) Pause Young (Allocation Failure) 631M->397M(850M) 7.603ms
[194.222s][info ][gc,cpu       ] GC(176) User=0.03s Sys=0.00s Real=0.01s
[194.222s][info ][safepoint    ] Leaving safepoint region
[194.222s][info ][safepoint    ] Total time for which application threads were stopped: 0.0078127 seconds, Stopping threads took: 0.0000165 seconds
[195.223s][info ][safepoint    ] Application time: 1.0001199 seconds
[195.223s][info ][safepoint    ] Entering safepoint region: Cleanup
[195.223s][info ][safepoint    ] Leaving safepoint region
[195.223s][info ][safepoint    ] Total time for which application threads were stopped: 0.0000901 seconds, Stopping threads took: 0.0000192 seconds
[196.223s][info ][safepoint    ] Application time: 1.0000979 seconds
[196.223s][info ][safepoint    ] Entering safepoint region: Cleanup
[196.223s][info ][safepoint    ] Leaving safepoint region
[196.223s][info ][safepoint    ] Total time for which application threads were stopped: 0.0000880 seconds, Stopping threads took: 0.0000165 seconds
[197.113s][info ][safepoint    ] Application time: 0.8897334 seconds
[197.113s][info ][safepoint    ] Entering safepoint region: GenCollectForAllocation
[197.113s][info ][gc,start     ] GC(177) Pause Young (Allocation Failure)
[197.113s][info ][gc,task      ] GC(177) Using 4 workers of 4 for evacuation
[197.119s][debug][gc,ref       ] GC(177) Skipped phase1 of Reference Processing due to unavailable references
[197.119s][debug][gc,ref       ] GC(177) Skipped phase3 of Reference Processing due to unavailable references
[197.119s][debug][gc,ref       ] GC(177) Skipped phase4 of Reference Processing due to unavailable references
[197.119s][debug][gc,age       ] GC(177) Desired survivor size 15368192 bytes, new threshold 6 (max threshold 6)
[197.119s][info ][gc,heap      ] GC(177) ParNew: 257766K->14422K(270336K)
[197.119s][info ][gc,heap      ] GC(177) CMS: 389159K->390580K(600768K)
[197.119s][info ][gc,metaspace ] GC(177) Metaspace: 57464K->57464K(1101824K)
[197.119s][info ][gc           ] GC(177) Pause Young (Allocation Failure) 631M->395M(850M) 6.393ms
[197.119s][info ][gc,cpu       ] GC(177) User=0.02s Sys=0.01s Real=0.00s
[197.119s][info ][safepoint    ] Leaving safepoint region
[197.119s][info ][safepoint    ] Total time for which application threads were stopped: 0.0065369 seconds, Stopping threads took: 0.0000163 seconds
[198.119s][info ][safepoint    ] Application time: 1.0000993 seconds
[198.119s][info ][safepoint    ] Entering safepoint region: Cleanup
[198.119s][info ][safepoint    ] Leaving safepoint region
[198.119s][info ][safepoint    ] Total time for which application threads were stopped: 0.0000801 seconds, Stopping threads took: 0.0000167 seconds
[199.120s][info ][safepoint    ] Application time: 1.0000882 seconds
[199.120s][info ][safepoint    ] Entering safepoint region: Cleanup
[199.120s][info ][safepoint    ] Leaving safepoint region
[199.120s][info ][safepoint    ] Total time for which application threads were stopped: 0.0000918 seconds, Stopping threads took: 0.0000184 seconds
[200.012s][info ][safepoint    ] Application time: 0.8926223 seconds
[200.012s][info ][safepoint    ] Entering safepoint region: GenCollectForAllocation
[200.012s][info ][gc,start     ] GC(178) Pause Young (Allocation Failure)
[200.012s][info ][gc,task      ] GC(178) Using 4 workers of 4 for evacuation
[200.020s][debug][gc,ref       ] GC(178) Skipped phase1 of Reference Processing due to unavailable references
[200.020s][debug][gc,ref       ] GC(178) Skipped phase3 of Reference Processing due to unavailable references
[200.020s][debug][gc,age       ] GC(178) Desired survivor size 15368192 bytes, new threshold 6 (max threshold 6)
[200.020s][info ][gc,heap      ] GC(178) ParNew: 254742K->10553K(270336K)
[200.020s][info ][gc,heap      ] GC(178) CMS: 390580K->393895K(600768K)
[200.020s][info ][gc,metaspace ] GC(178) Metaspace: 57475K->57475K(1101824K)
[200.020s][info ][gc           ] GC(178) Pause Young (Allocation Failure) 630M->394M(850M) 7.714ms
[200.020s][info ][gc,cpu       ] GC(178) User=0.03s Sys=0.00s Real=0.00s
[200.020s][info ][safepoint    ] Leaving safepoint region
[200.020s][info ][safepoint    ] Total time for which application threads were stopped: 0.0078638 seconds, Stopping threads took: 0.0000164 seconds
[200.221s][info ][safepoint    ] Application time: 0.2007889 seconds
[200.221s][info ][safepoint    ] Entering safepoint region: RevokeBias
[200.221s][info ][safepoint    ] Leaving safepoint region
[200.221s][info ][safepoint    ] Total time for which application threads were stopped: 0.0001022 seconds, Stopping threads took: 0.0000285 seconds
[201.221s][info ][safepoint    ] Application time: 1.0000957 seconds
[201.221s][info ][safepoint    ] Entering safepoint region: Cleanup
[201.221s][info ][safepoint    ] Leaving safepoint region
[201.221s][info ][safepoint    ] Total time for which application threads were stopped: 0.0000848 seconds, Stopping threads took: 0.0000154 seconds
[202.221s][info ][safepoint    ] Application time: 1.0000982 seconds
[202.221s][info ][safepoint    ] Entering safepoint region: Cleanup
[202.222s][info ][safepoint    ] Leaving safepoint region
[202.222s][info ][safepoint    ] Total time for which application threads were stopped: 0.0000759 seconds, Stopping threads took: 0.0000175 seconds
[202.797s][info ][safepoint    ] Application time: 0.5751825 seconds
[202.797s][info ][safepoint    ] Entering safepoint region: GenCollectForAllocation
[202.797s][info ][gc,start     ] GC(179) Pause Young (Allocation Failure)
[202.797s][info ][gc,task      ] GC(179) Using 4 workers of 4 for evacuation
[202.803s][debug][gc,ref       ] GC(179) Skipped phase1 of Reference Processing due to unavailable references
[202.803s][debug][gc,ref       ] GC(179) Skipped phase3 of Reference Processing due to unavailable references
[202.803s][debug][gc,age       ] GC(179) Desired survivor size 15368192 bytes, new threshold 6 (max threshold 6)
[202.803s][info ][gc,heap      ] GC(179) ParNew: 250873K->9861K(270336K)
[202.803s][info ][gc,heap      ] GC(179) CMS: 393895K->395408K(600768K)
[202.803s][info ][gc,metaspace ] GC(179) Metaspace: 57488K->57488K(1101824K)
[202.803s][info ][gc           ] GC(179) Pause Young (Allocation Failure) 629M->395M(850M) 6.563ms
[202.803s][info ][gc,cpu       ] GC(179) User=0.03s Sys=0.00s Real=0.01s
[202.803s][info ][safepoint    ] Leaving safepoint region
[202.804s][info ][safepoint    ] Total time for which application threads were stopped: 0.0067285 seconds, Stopping threads took: 0.0000143 seconds
[203.804s][info ][safepoint    ] Application time: 1.0001028 seconds
[203.804s][info ][safepoint    ] Entering safepoint region: Cleanup
[203.804s][info ][safepoint    ] Leaving safepoint region
[203.804s][info ][safepoint    ] Total time for which application threads were stopped: 0.0001046 seconds, Stopping threads took: 0.0000396 seconds
[204.804s][info ][safepoint    ] Application time: 1.0000951 seconds
[204.804s][info ][safepoint    ] Entering safepoint region: Cleanup
[204.804s][info ][safepoint    ] Leaving safepoint region
[204.804s][info ][safepoint    ] Total time for which application threads were stopped: 0.0001664 seconds, Stopping threads took: 0.0001044 seconds
[205.167s][info ][safepoint    ] Application time: 0.3630143 seconds
[205.167s][info ][safepoint    ] Entering safepoint region: GenCollectForAllocation
[205.167s][info ][gc,start     ] GC(180) Pause Young (Allocation Failure)
[205.167s][info ][gc,task      ] GC(180) Using 4 workers of 4 for evacuation
[205.172s][debug][gc,ref       ] GC(180) Skipped phase1 of Reference Processing due to unavailable references
[205.172s][debug][gc,ref       ] GC(180) Skipped phase3 of Reference Processing due to unavailable references
[205.172s][debug][gc,ref       ] GC(180) Skipped phase4 of Reference Processing due to unavailable references
[205.173s][debug][gc,age       ] GC(180) Desired survivor size 15368192 bytes, new threshold 6 (max threshold 6)
[205.173s][info ][gc,heap      ] GC(180) ParNew: 250181K->8788K(270336K)
[205.173s][info ][gc,heap      ] GC(180) CMS: 395408K->395538K(600768K)
[205.173s][info ][gc,metaspace ] GC(180) Metaspace: 57492K->57492K(1101824K)
[205.173s][info ][gc           ] GC(180) Pause Young (Allocation Failure) 630M->394M(850M) 5.341ms
[205.173s][info ][gc,cpu       ] GC(180) User=0.02s Sys=0.00s Real=0.01s
[205.173s][info ][safepoint    ] Leaving safepoint region
[205.173s][info ][safepoint    ] Total time for which application threads were stopped: 0.0055031 seconds, Stopping threads took: 0.0000169 seconds
[206.173s][info ][safepoint    ] Application time: 1.0001007 seconds
[206.173s][info ][safepoint    ] Entering safepoint region: Cleanup
[206.173s][info ][safepoint    ] Leaving safepoint region
[206.173s][info ][safepoint    ] Total time for which application threads were stopped: 0.0000735 seconds, Stopping threads took: 0.0000165 seconds
[207.173s][info ][safepoint    ] Application time: 1.0001216 seconds
[207.173s][info ][safepoint    ] Entering safepoint region: Cleanup
[207.173s][info ][safepoint    ] Leaving safepoint region
[207.173s][info ][safepoint    ] Total time for which application threads were stopped: 0.0000839 seconds, Stopping threads took: 0.0000181 seconds
[207.566s][info ][safepoint    ] Application time: 0.3931908 seconds
[207.566s][info ][safepoint    ] Entering safepoint region: GenCollectForAllocation
[207.566s][info ][gc,start     ] GC(181) Pause Young (Allocation Failure)
[207.566s][info ][gc,task      ] GC(181) Using 4 workers of 4 for evacuation
[207.572s][debug][gc,ref       ] GC(181) Skipped phase1 of Reference Processing due to unavailable references
[207.572s][debug][gc,ref       ] GC(181) Skipped phase3 of Reference Processing due to unavailable references
[207.572s][debug][gc,ref       ] GC(181) Skipped phase4 of Reference Processing due to unavailable references
[207.573s][debug][gc,age       ] GC(181) Desired survivor size 15368192 bytes, new threshold 6 (max threshold 6)
[207.573s][info ][gc,heap      ] GC(181) ParNew: 249108K->8535K(270336K)
[207.573s][info ][gc,heap      ] GC(181) CMS: 395538K->396839K(600768K)
[207.573s][info ][gc,metaspace ] GC(181) Metaspace: 57492K->57492K(1101824K)
[207.573s][info ][gc           ] GC(181) Pause Young (Allocation Failure) 629M->395M(850M) 6.188ms
[207.573s][info ][gc,cpu       ] GC(181) User=0.02s Sys=0.00s Real=0.01s
[207.573s][info ][safepoint    ] Leaving safepoint region
[207.573s][info ][safepoint    ] Total time for which application threads were stopped: 0.0063413 seconds, Stopping threads took: 0.0000169 seconds
[208.573s][info ][safepoint    ] Application time: 1.0002354 seconds
[208.573s][info ][safepoint    ] Entering safepoint region: Cleanup
[208.573s][info ][safepoint    ] Leaving safepoint region
[208.573s][info ][safepoint    ] Total time for which application threads were stopped: 0.0002527 seconds, Stopping threads took: 0.0001376 seconds
[209.573s][info ][safepoint    ] Application time: 1.0000921 seconds
[209.573s][info ][safepoint    ] Entering safepoint region: Cleanup
[209.573s][info ][safepoint    ] Leaving safepoint region
[209.573s][info ][safepoint    ] Total time for which application threads were stopped: 0.0000695 seconds, Stopping threads took: 0.0000167 seconds
[210.310s][info ][safepoint    ] Application time: 0.7366394 seconds
[210.310s][info ][safepoint    ] Entering safepoint region: GenCollectForAllocation
[210.310s][info ][gc,start     ] GC(182) Pause Young (Allocation Failure)
[210.310s][info ][gc,task      ] GC(182) Using 4 workers of 4 for evacuation
[210.316s][debug][gc,ref       ] GC(182) Skipped phase1 of Reference Processing due to unavailable references
[210.316s][debug][gc,ref       ] GC(182) Skipped phase3 of Reference Processing due to unavailable references
[210.316s][debug][gc,ref       ] GC(182) Skipped phase4 of Reference Processing due to unavailable references
[210.317s][debug][gc,age       ] GC(182) Desired survivor size 15368192 bytes, new threshold 6 (max threshold 6)
[210.317s][info ][gc,heap      ] GC(182) ParNew: 248855K->8656K(270336K)
[210.317s][info ][gc,heap      ] GC(182) CMS: 396839K->398159K(600768K)
[210.317s][info ][gc,metaspace ] GC(182) Metaspace: 57496K->57496K(1101824K)
[210.317s][info ][gc           ] GC(182) Pause Young (Allocation Failure) 630M->397M(850M) 6.445ms
[210.317s][info ][gc,cpu       ] GC(182) User=0.02s Sys=0.00s Real=0.00s
[210.317s][info ][safepoint    ] Leaving safepoint region
[210.317s][info ][safepoint    ] Total time for which application threads were stopped: 0.0066040 seconds, Stopping threads took: 0.0000172 seconds
[211.317s][info ][safepoint    ] Application time: 1.0001135 seconds
[211.317s][info ][safepoint    ] Entering safepoint region: Cleanup
[211.317s][info ][safepoint    ] Leaving safepoint region
[211.317s][info ][safepoint    ] Total time for which application threads were stopped: 0.0001194 seconds, Stopping threads took: 0.0000431 seconds
[212.317s][info ][safepoint    ] Application time: 1.0000829 seconds
[212.317s][info ][safepoint    ] Entering safepoint region: Cleanup
[212.317s][info ][safepoint    ] Leaving safepoint region
[212.317s][info ][safepoint    ] Total time for which application threads were stopped: 0.0001722 seconds, Stopping threads took: 0.0000921 seconds
[212.715s][info ][safepoint    ] Application time: 0.3977429 seconds
[212.715s][info ][safepoint    ] Entering safepoint region: GenCollectForAllocation
[212.715s][info ][gc,start     ] GC(183) Pause Young (Allocation Failure)
[212.715s][info ][gc,task      ] GC(183) Using 4 workers of 4 for evacuation
[212.721s][debug][gc,ref       ] GC(183) Skipped phase1 of Reference Processing due to unavailable references
[212.721s][debug][gc,ref       ] GC(183) Skipped phase3 of Reference Processing due to unavailable references
[212.721s][debug][gc,ref       ] GC(183) Skipped phase4 of Reference Processing due to unavailable references
[212.721s][debug][gc,age       ] GC(183) Desired survivor size 15368192 bytes, new threshold 6 (max threshold 6)
[212.721s][info ][gc,heap      ] GC(183) ParNew: 248976K->10987K(270336K)
[212.721s][info ][gc,heap      ] GC(183) CMS: 398159K->398230K(600768K)
[212.721s][info ][gc,metaspace ] GC(183) Metaspace: 57496K->57496K(1101824K)
[212.721s][info ][gc           ] GC(183) Pause Young (Allocation Failure) 631M->399M(850M) 5.626ms
[212.721s][info ][gc,cpu       ] GC(183) User=0.02s Sys=0.00s Real=0.00s
[212.721s][info ][safepoint    ] Leaving safepoint region
[212.721s][info ][safepoint    ] Total time for which application threads were stopped: 0.0058027 seconds, Stopping threads took: 0.0000305 seconds
[213.721s][info ][safepoint    ] Application time: 1.0000944 seconds
[213.721s][info ][safepoint    ] Entering safepoint region: Cleanup
[213.721s][info ][safepoint    ] Leaving safepoint region
[213.721s][info ][safepoint    ] Total time for which application threads were stopped: 0.0000907 seconds, Stopping threads took: 0.0000168 seconds
[214.721s][info ][safepoint    ] Application time: 1.0000898 seconds
[214.721s][info ][safepoint    ] Entering safepoint region: Cleanup
[214.721s][info ][safepoint    ] Leaving safepoint region
[214.721s][info ][safepoint    ] Total time for which application threads were stopped: 0.0000792 seconds, Stopping threads took: 0.0000161 seconds
[215.208s][info ][safepoint    ] Application time: 0.4864930 seconds
[215.208s][info ][safepoint    ] Entering safepoint region: GenCollectForAllocation
[215.208s][info ][gc,start     ] GC(184) Pause Young (Allocation Failure)
[215.208s][info ][gc,task      ] GC(184) Using 4 workers of 4 for evacuation
[215.215s][debug][gc,ref       ] GC(184) Skipped phase1 of Reference Processing due to unavailable references
[215.215s][debug][gc,ref       ] GC(184) Skipped phase3 of Reference Processing due to unavailable references
[215.215s][debug][gc,ref       ] GC(184) Skipped phase4 of Reference Processing due to unavailable references
[215.215s][debug][gc,age       ] GC(184) Desired survivor size 15368192 bytes, new threshold 6 (max threshold 6)
[215.215s][info ][gc,heap      ] GC(184) ParNew: 251307K->11653K(270336K)
[215.215s][info ][gc,heap      ] GC(184) CMS: 398230K->398269K(600768K)
[215.215s][info ][gc,metaspace ] GC(184) Metaspace: 57496K->57496K(1101824K)
[215.215s][info ][gc           ] GC(184) Pause Young (Allocation Failure) 634M->400M(850M) 7.562ms
[215.215s][info ][gc,cpu       ] GC(184) User=0.02s Sys=0.01s Real=0.01s
[215.216s][info ][safepoint    ] Leaving safepoint region
[215.216s][info ][safepoint    ] Total time for which application threads were stopped: 0.0077135 seconds, Stopping threads took: 0.0000185 seconds
[216.216s][info ][safepoint    ] Application time: 1.0001026 seconds
[216.216s][info ][safepoint    ] Entering safepoint region: Cleanup
[216.216s][info ][safepoint    ] Leaving safepoint region
[216.216s][info ][safepoint    ] Total time for which application threads were stopped: 0.0001733 seconds, Stopping threads took: 0.0000925 seconds
[217.216s][info ][safepoint    ] Application time: 1.0001012 seconds
[217.216s][info ][safepoint    ] Entering safepoint region: Cleanup
[217.216s][info ][safepoint    ] Leaving safepoint region
[217.216s][info ][safepoint    ] Total time for which application threads were stopped: 0.0001561 seconds, Stopping threads took: 0.0000612 seconds
[217.865s][info ][safepoint    ] Application time: 0.6492341 seconds
[217.865s][info ][safepoint    ] Entering safepoint region: GenCollectForAllocation
[217.866s][info ][gc,start     ] GC(185) Pause Young (Allocation Failure)
[217.866s][info ][gc,task      ] GC(185) Using 4 workers of 4 for evacuation
[217.871s][debug][gc,ref       ] GC(185) Skipped phase1 of Reference Processing due to unavailable references
[217.871s][debug][gc,ref       ] GC(185) Skipped phase3 of Reference Processing due to unavailable references
[217.871s][debug][gc,ref       ] GC(185) Skipped phase4 of Reference Processing due to unavailable references
[217.871s][debug][gc,age       ] GC(185) Desired survivor size 15368192 bytes, new threshold 6 (max threshold 6)
[217.871s][info ][gc,heap      ] GC(185) ParNew: 251973K->12241K(270336K)
[217.871s][info ][gc,heap      ] GC(185) CMS: 398269K->398716K(600768K)
[217.871s][info ][gc,metaspace ] GC(185) Metaspace: 57509K->57509K(1101824K)
[217.871s][info ][gc           ] GC(185) Pause Young (Allocation Failure) 635M->401M(850M) 5.356ms
[217.871s][info ][gc,cpu       ] GC(185) User=0.03s Sys=0.00s Real=0.01s
[217.871s][info ][safepoint    ] Leaving safepoint region
[217.871s][info ][safepoint    ] Total time for which application threads were stopped: 0.0055140 seconds, Stopping threads took: 0.0000172 seconds
[218.871s][info ][safepoint    ] Application time: 1.0000997 seconds
[218.871s][info ][safepoint    ] Entering safepoint region: Cleanup
[218.871s][info ][safepoint    ] Leaving safepoint region
[218.871s][info ][safepoint    ] Total time for which application threads were stopped: 0.0000756 seconds, Stopping threads took: 0.0000163 seconds
[219.871s][info ][safepoint    ] Application time: 1.0001025 seconds
[219.871s][info ][safepoint    ] Entering safepoint region: Cleanup
[219.871s][info ][safepoint    ] Leaving safepoint region
[219.871s][info ][safepoint    ] Total time for which application threads were stopped: 0.0000776 seconds, Stopping threads took: 0.0000178 seconds
[220.214s][info ][safepoint    ] Application time: 0.3423996 seconds
[220.214s][info ][safepoint    ] Entering safepoint region: GenCollectForAllocation
[220.214s][info ][gc,start     ] GC(186) Pause Young (Allocation Failure)
[220.214s][info ][gc,task      ] GC(186) Using 4 workers of 4 for evacuation
[220.220s][debug][gc,ref       ] GC(186) Skipped phase1 of Reference Processing due to unavailable references
[220.221s][debug][gc,ref       ] GC(186) Skipped phase2 of Reference Processing due to unavailable references
[220.221s][debug][gc,ref       ] GC(186) Skipped phase3 of Reference Processing due to unavailable references
[220.221s][debug][gc,ref       ] GC(186) Skipped phase4 of Reference Processing due to unavailable references
[220.221s][debug][gc,age       ] GC(186) Desired survivor size 15368192 bytes, new threshold 6 (max threshold 6)
[220.221s][info ][gc,heap      ] GC(186) ParNew: 252561K->15450K(270336K)
[220.221s][info ][gc,heap      ] GC(186) CMS: 398716K->399537K(600768K)
[220.221s][info ][gc,metaspace ] GC(186) Metaspace: 57510K->57510K(1101824K)
[220.221s][info ][gc           ] GC(186) Pause Young (Allocation Failure) 636M->405M(850M) 6.758ms
[220.221s][info ][gc,cpu       ] GC(186) User=0.03s Sys=0.00s Real=0.00s
[220.221s][info ][safepoint    ] Leaving safepoint region
[220.221s][info ][safepoint    ] Total time for which application threads were stopped: 0.0069303 seconds, Stopping threads took: 0.0000178 seconds
[221.222s][info ][safepoint    ] Application time: 1.0012751 seconds
[221.222s][info ][safepoint    ] Entering safepoint region: Cleanup
[221.222s][info ][safepoint    ] Leaving safepoint region
[221.222s][info ][safepoint    ] Total time for which application threads were stopped: 0.0000799 seconds, Stopping threads took: 0.0000173 seconds
[222.222s][info ][safepoint    ] Application time: 1.0000630 seconds
[222.222s][info ][safepoint    ] Entering safepoint region: Cleanup
[222.222s][info ][safepoint    ] Leaving safepoint region
[222.222s][info ][safepoint    ] Total time for which application threads were stopped: 0.0000910 seconds, Stopping threads took: 0.0000153 seconds
[222.717s][info ][safepoint    ] Application time: 0.4947051 seconds
[222.717s][info ][safepoint    ] Entering safepoint region: GenCollectForAllocation
[222.717s][info ][gc,start     ] GC(187) Pause Young (Allocation Failure)
[222.717s][info ][gc,task      ] GC(187) Using 4 workers of 4 for evacuation
[222.724s][debug][gc,ref       ] GC(187) Skipped phase1 of Reference Processing due to unavailable references
[222.724s][debug][gc,ref       ] GC(187) Skipped phase2 of Reference Processing due to unavailable references
[222.724s][debug][gc,ref       ] GC(187) Skipped phase3 of Reference Processing due to unavailable references
[222.724s][debug][gc,ref       ] GC(187) Skipped phase4 of Reference Processing due to unavailable references
[222.724s][debug][gc,age       ] GC(187) Desired survivor size 15368192 bytes, new threshold 6 (max threshold 6)
[222.724s][info ][gc,heap      ] GC(187) ParNew: 255770K->10330K(270336K)
[222.724s][info ][gc,heap      ] GC(187) CMS: 399537K->401256K(600768K)
[222.724s][info ][gc,metaspace ] GC(187) Metaspace: 57511K->57511K(1101824K)
[222.724s][info ][gc           ] GC(187) Pause Young (Allocation Failure) 639M->401M(850M) 6.582ms
[222.724s][info ][gc,cpu       ] GC(187) User=0.02s Sys=0.00s Real=0.01s
[222.724s][info ][safepoint    ] Leaving safepoint region
[222.724s][info ][safepoint    ] Total time for which application threads were stopped: 0.0067426 seconds, Stopping threads took: 0.0000177 seconds
[223.724s][info ][safepoint    ] Application time: 1.0000637 seconds
[223.724s][info ][safepoint    ] Entering safepoint region: Cleanup
[223.724s][info ][safepoint    ] Leaving safepoint region
[223.724s][info ][safepoint    ] Total time for which application threads were stopped: 0.0000697 seconds, Stopping threads took: 0.0000164 seconds
[224.724s][info ][safepoint    ] Application time: 1.0000976 seconds
[224.724s][info ][safepoint    ] Entering safepoint region: Cleanup
[224.724s][info ][safepoint    ] Leaving safepoint region
[224.724s][info ][safepoint    ] Total time for which application threads were stopped: 0.0001496 seconds, Stopping threads took: 0.0000472 seconds
[225.463s][info ][safepoint    ] Application time: 0.7381736 seconds
[225.463s][info ][safepoint    ] Entering safepoint region: GenCollectForAllocation
[225.463s][info ][gc,start     ] GC(188) Pause Young (Allocation Failure)
[225.463s][info ][gc,task      ] GC(188) Using 4 workers of 4 for evacuation
[225.469s][debug][gc,ref       ] GC(188) Skipped phase1 of Reference Processing due to unavailable references
[225.469s][debug][gc,ref       ] GC(188) Skipped phase2 of Reference Processing due to unavailable references
[225.469s][debug][gc,ref       ] GC(188) Skipped phase3 of Reference Processing due to unavailable references
[225.469s][debug][gc,ref       ] GC(188) Skipped phase4 of Reference Processing due to unavailable references
[225.469s][debug][gc,age       ] GC(188) Desired survivor size 15368192 bytes, new threshold 6 (max threshold 6)
[225.469s][info ][gc,heap      ] GC(188) ParNew: 250453K->13601K(270336K)
[225.469s][info ][gc,heap      ] GC(188) CMS: 401256K->401422K(600768K)
[225.469s][info ][gc,metaspace ] GC(188) Metaspace: 57511K->57511K(1101824K)
[225.469s][info ][gc           ] GC(188) Pause Young (Allocation Failure) 636M->405M(850M) 6.012ms
[225.469s][info ][gc,cpu       ] GC(188) User=0.02s Sys=0.00s Real=0.00s
[225.469s][info ][safepoint    ] Leaving safepoint region
[225.469s][info ][safepoint    ] Total time for which application threads were stopped: 0.0062224 seconds, Stopping threads took: 0.0000428 seconds
[226.469s][info ][safepoint    ] Application time: 1.0001092 seconds
[226.469s][info ][safepoint    ] Entering safepoint region: Cleanup
[226.469s][info ][safepoint    ] Leaving safepoint region
[226.469s][info ][safepoint    ] Total time for which application threads were stopped: 0.0000851 seconds, Stopping threads took: 0.0000167 seconds
[227.469s][info ][safepoint    ] Application time: 1.0001307 seconds
[227.469s][info ][safepoint    ] Entering safepoint region: Cleanup
[227.469s][info ][safepoint    ] Leaving safepoint region
[227.469s][info ][safepoint    ] Total time for which application threads were stopped: 0.0001104 seconds, Stopping threads took: 0.0000434 seconds
[228.064s][info ][safepoint    ] Application time: 0.5942055 seconds
[228.064s][info ][safepoint    ] Entering safepoint region: GenCollectForAllocation
[228.064s][info ][gc,start     ] GC(189) Pause Young (Allocation Failure)
[228.064s][info ][gc,task      ] GC(189) Using 4 workers of 4 for evacuation
[228.070s][debug][gc,ref       ] GC(189) Skipped phase1 of Reference Processing due to unavailable references
[228.070s][debug][gc,ref       ] GC(189) Skipped phase2 of Reference Processing due to unavailable references
[228.070s][debug][gc,ref       ] GC(189) Skipped phase3 of Reference Processing due to unavailable references
[228.070s][debug][gc,ref       ] GC(189) Skipped phase4 of Reference Processing due to unavailable references
[228.070s][debug][gc,age       ] GC(189) Desired survivor size 15368192 bytes, new threshold 6 (max threshold 6)
[228.070s][info ][gc,heap      ] GC(189) ParNew: 253921K->10799K(270336K)
[228.070s][info ][gc,heap      ] GC(189) CMS: 401422K->402657K(600768K)
[228.070s][info ][gc,metaspace ] GC(189) Metaspace: 57514K->57514K(1101824K)
[228.070s][info ][gc           ] GC(189) Pause Young (Allocation Failure) 639M->403M(850M) 6.039ms
[228.070s][info ][gc,cpu       ] GC(189) User=0.02s Sys=0.00s Real=0.00s
[228.070s][info ][safepoint    ] Leaving safepoint region
[228.070s][info ][safepoint    ] Total time for which application threads were stopped: 0.0061908 seconds, Stopping threads took: 0.0000182 seconds
[229.070s][info ][safepoint    ] Application time: 1.0001050 seconds
[229.070s][info ][safepoint    ] Entering safepoint region: Cleanup
[229.070s][info ][safepoint    ] Leaving safepoint region
[229.070s][info ][safepoint    ] Total time for which application threads were stopped: 0.0000988 seconds, Stopping threads took: 0.0000180 seconds
[230.070s][info ][safepoint    ] Application time: 1.0000884 seconds
[230.070s][info ][safepoint    ] Entering safepoint region: Cleanup
[230.070s][info ][safepoint    ] Leaving safepoint region
[230.070s][info ][safepoint    ] Total time for which application threads were stopped: 0.0000907 seconds, Stopping threads took: 0.0000174 seconds
[230.915s][info ][safepoint    ] Application time: 0.8450616 seconds
[230.915s][info ][safepoint    ] Entering safepoint region: GenCollectForAllocation
[230.916s][info ][gc,start     ] GC(190) Pause Young (Allocation Failure)
[230.916s][info ][gc,task      ] GC(190) Using 4 workers of 4 for evacuation
[230.921s][debug][gc,ref       ] GC(190) Skipped phase1 of Reference Processing due to unavailable references
[230.921s][debug][gc,ref       ] GC(190) Skipped phase2 of Reference Processing due to unavailable references
[230.921s][debug][gc,ref       ] GC(190) Skipped phase3 of Reference Processing due to unavailable references
[230.921s][debug][gc,ref       ] GC(190) Skipped phase4 of Reference Processing due to unavailable references
[230.921s][debug][gc,age       ] GC(190) Desired survivor size 15368192 bytes, new threshold 6 (max threshold 6)
[230.922s][info ][gc,heap      ] GC(190) ParNew: 251119K->9647K(270336K)
[230.922s][info ][gc,heap      ] GC(190) CMS: 402657K->403843K(600768K)
[230.922s][info ][gc,metaspace ] GC(190) Metaspace: 57515K->57515K(1101824K)
[230.922s][info ][gc           ] GC(190) Pause Young (Allocation Failure) 638M->403M(850M) 6.146ms
[230.922s][info ][gc,cpu       ] GC(190) User=0.02s Sys=0.00s Real=0.00s
[230.922s][info ][safepoint    ] Leaving safepoint region
[230.922s][info ][safepoint    ] Total time for which application threads were stopped: 0.0063165 seconds, Stopping threads took: 0.0000165 seconds
[231.922s][info ][safepoint    ] Application time: 1.0001127 seconds
[231.922s][info ][safepoint    ] Entering safepoint region: Cleanup
[231.922s][info ][safepoint    ] Leaving safepoint region
[231.922s][info ][safepoint    ] Total time for which application threads were stopped: 0.0000687 seconds, Stopping threads took: 0.0000149 seconds
[232.922s][info ][safepoint    ] Application time: 1.0001189 seconds
[232.922s][info ][safepoint    ] Entering safepoint region: Cleanup
[232.922s][info ][safepoint    ] Leaving safepoint region
[232.922s][info ][safepoint    ] Total time for which application threads were stopped: 0.0001296 seconds, Stopping threads took: 0.0000338 seconds
[233.555s][info ][safepoint    ] Application time: 0.6330621 seconds
[233.555s][info ][safepoint    ] Entering safepoint region: GenCollectForAllocation
[233.555s][info ][gc,start     ] GC(191) Pause Young (Allocation Failure)
[233.555s][info ][gc,task      ] GC(191) Using 4 workers of 4 for evacuation
[233.561s][debug][gc,ref       ] GC(191) Skipped phase1 of Reference Processing due to unavailable references
[233.561s][debug][gc,ref       ] GC(191) Skipped phase2 of Reference Processing due to unavailable references
[233.561s][debug][gc,ref       ] GC(191) Skipped phase3 of Reference Processing due to unavailable references
[233.561s][debug][gc,ref       ] GC(191) Skipped phase4 of Reference Processing due to unavailable references
[233.561s][debug][gc,age       ] GC(191) Desired survivor size 15368192 bytes, new threshold 6 (max threshold 6)
[233.561s][info ][gc,heap      ] GC(191) ParNew: 249967K->12024K(270336K)
[233.561s][info ][gc,heap      ] GC(191) CMS: 403843K->404156K(600768K)
[233.561s][info ][gc,metaspace ] GC(191) Metaspace: 57540K->57540K(1101824K)
[233.561s][info ][gc           ] GC(191) Pause Young (Allocation Failure) 638M->406M(850M) 5.600ms
[233.561s][info ][gc,cpu       ] GC(191) User=0.02s Sys=0.00s Real=0.00s
[233.561s][info ][safepoint    ] Leaving safepoint region
[233.561s][info ][safepoint    ] Total time for which application threads were stopped: 0.0057930 seconds, Stopping threads took: 0.0000445 seconds
[234.562s][info ][safepoint    ] Application time: 1.0012483 seconds
[234.562s][info ][safepoint    ] Entering safepoint region: Cleanup
[234.563s][info ][safepoint    ] Leaving safepoint region
[234.563s][info ][safepoint    ] Total time for which application threads were stopped: 0.0001530 seconds, Stopping threads took: 0.0000901 seconds
[235.563s][info ][safepoint    ] Application time: 1.0000977 seconds
[235.563s][info ][safepoint    ] Entering safepoint region: Cleanup
[235.563s][info ][safepoint    ] Leaving safepoint region
[235.563s][info ][safepoint    ] Total time for which application threads were stopped: 0.0001149 seconds, Stopping threads took: 0.0000423 seconds
[236.157s][info ][safepoint    ] Application time: 0.5945200 seconds
[236.157s][info ][safepoint    ] Entering safepoint region: GenCollectForAllocation
[236.157s][info ][gc,start     ] GC(192) Pause Young (Allocation Failure)
[236.158s][info ][gc,task      ] GC(192) Using 4 workers of 4 for evacuation
[236.164s][debug][gc,ref       ] GC(192) Skipped phase1 of Reference Processing due to unavailable references
[236.164s][debug][gc,ref       ] GC(192) Skipped phase2 of Reference Processing due to unavailable references
[236.164s][debug][gc,ref       ] GC(192) Skipped phase3 of Reference Processing due to unavailable references
[236.164s][debug][gc,ref       ] GC(192) Skipped phase4 of Reference Processing due to unavailable references
[236.164s][debug][gc,age       ] GC(192) Desired survivor size 15368192 bytes, new threshold 6 (max threshold 6)
[236.164s][info ][gc,heap      ] GC(192) ParNew: 252344K->8512K(270336K)
[236.164s][info ][gc,heap      ] GC(192) CMS: 404156K->405647K(600768K)
[236.164s][info ][gc,metaspace ] GC(192) Metaspace: 57543K->57543K(1101824K)
[236.164s][info ][gc           ] GC(192) Pause Young (Allocation Failure) 641M->404M(850M) 6.574ms
[236.164s][info ][gc,cpu       ] GC(192) User=0.03s Sys=0.00s Real=0.01s
[236.164s][info ][safepoint    ] Leaving safepoint region
[236.164s][info ][safepoint    ] Total time for which application threads were stopped: 0.0067467 seconds, Stopping threads took: 0.0000299 seconds
[237.164s][info ][safepoint    ] Application time: 1.0000963 seconds
[237.164s][info ][safepoint    ] Entering safepoint region: Cleanup
[237.164s][info ][safepoint    ] Leaving safepoint region
[237.164s][info ][safepoint    ] Total time for which application threads were stopped: 0.0001154 seconds, Stopping threads took: 0.0000419 seconds
[238.164s][info ][safepoint    ] Application time: 1.0001219 seconds
[238.165s][info ][safepoint    ] Entering safepoint region: Cleanup
[238.165s][info ][safepoint    ] Leaving safepoint region
[238.165s][info ][safepoint    ] Total time for which application threads were stopped: 0.0001912 seconds, Stopping threads took: 0.0001130 seconds
[239.062s][info ][safepoint    ] Application time: 0.8968865 seconds
[239.062s][info ][safepoint    ] Entering safepoint region: GenCollectForAllocation
[239.062s][info ][gc,start     ] GC(193) Pause Young (Allocation Failure)
[239.062s][info ][gc,task      ] GC(193) Using 4 workers of 4 for evacuation
[239.067s][debug][gc,ref       ] GC(193) Skipped phase1 of Reference Processing due to unavailable references
[239.067s][debug][gc,ref       ] GC(193) Skipped phase2 of Reference Processing due to unavailable references
[239.067s][debug][gc,ref       ] GC(193) Skipped phase3 of Reference Processing due to unavailable references
[239.067s][debug][gc,ref       ] GC(193) Skipped phase4 of Reference Processing due to unavailable references
[239.067s][debug][gc,age       ] GC(193) Desired survivor size 15368192 bytes, new threshold 6 (max threshold 6)
[239.067s][info ][gc,heap      ] GC(193) ParNew: 248832K->10883K(270336K)
[239.067s][info ][gc,heap      ] GC(193) CMS: 405647K->406642K(600768K)
[239.067s][info ][gc,metaspace ] GC(193) Metaspace: 57545K->57545K(1101824K)
[239.067s][info ][gc           ] GC(193) Pause Young (Allocation Failure) 639M->407M(850M) 5.106ms
[239.067s][info ][gc,cpu       ] GC(193) User=0.02s Sys=0.00s Real=0.01s
[239.067s][info ][safepoint    ] Leaving safepoint region
[239.067s][info ][safepoint    ] Total time for which application threads were stopped: 0.0052660 seconds, Stopping threads took: 0.0000193 seconds
[240.067s][info ][safepoint    ] Application time: 1.0000939 seconds
[240.067s][info ][safepoint    ] Entering safepoint region: Cleanup
[240.067s][info ][safepoint    ] Leaving safepoint region
[240.067s][info ][safepoint    ] Total time for which application threads were stopped: 0.0001558 seconds, Stopping threads took: 0.0000907 seconds
[241.067s][info ][safepoint    ] Application time: 1.0000898 seconds
[241.067s][info ][safepoint    ] Entering safepoint region: Cleanup
[241.067s][info ][safepoint    ] Leaving safepoint region
[241.067s][info ][safepoint    ] Total time for which application threads were stopped: 0.0001053 seconds, Stopping threads took: 0.0000197 seconds
[241.657s][info ][safepoint    ] Application time: 0.5899359 seconds
[241.657s][info ][safepoint    ] Entering safepoint region: GenCollectForAllocation
[241.658s][info ][gc,start     ] GC(194) Pause Young (Allocation Failure)
[241.658s][info ][gc,task      ] GC(194) Using 4 workers of 4 for evacuation
[241.663s][debug][gc,ref       ] GC(194) Skipped phase1 of Reference Processing due to unavailable references
[241.663s][debug][gc,ref       ] GC(194) Skipped phase3 of Reference Processing due to unavailable references
[241.663s][debug][gc,ref       ] GC(194) Skipped phase4 of Reference Processing due to unavailable references
[241.663s][debug][gc,age       ] GC(194) Desired survivor size 15368192 bytes, new threshold 6 (max threshold 6)
[241.663s][info ][gc,heap      ] GC(194) ParNew: 251203K->7895K(270336K)
[241.663s][info ][gc,heap      ] GC(194) CMS: 406642K->407396K(600768K)
[241.663s][info ][gc,metaspace ] GC(194) Metaspace: 57546K->57546K(1101824K)
[241.663s][info ][gc           ] GC(194) Pause Young (Allocation Failure) 642M->405M(850M) 5.829ms
[241.663s][info ][gc,cpu       ] GC(194) User=0.02s Sys=0.00s Real=0.01s
[241.663s][info ][safepoint    ] Leaving safepoint region
[241.663s][info ][safepoint    ] Total time for which application threads were stopped: 0.0059823 seconds, Stopping threads took: 0.0000171 seconds
[242.664s][info ][safepoint    ] Application time: 1.0001086 seconds
[242.664s][info ][safepoint    ] Entering safepoint region: Cleanup
[242.664s][info ][safepoint    ] Leaving safepoint region
[242.664s][info ][safepoint    ] Total time for which application threads were stopped: 0.0001317 seconds, Stopping threads took: 0.0000668 seconds
[243.664s][info ][safepoint    ] Application time: 1.0001009 seconds
[243.664s][info ][safepoint    ] Entering safepoint region: Cleanup
[243.664s][info ][safepoint    ] Leaving safepoint region
[243.664s][info ][safepoint    ] Total time for which application threads were stopped: 0.0001202 seconds, Stopping threads took: 0.0000580 seconds
[244.664s][info ][safepoint    ] Application time: 1.0000936 seconds
[244.664s][info ][safepoint    ] Entering safepoint region: Cleanup
[244.664s][info ][safepoint    ] Leaving safepoint region
[244.664s][info ][safepoint    ] Total time for which application threads were stopped: 0.0001076 seconds, Stopping threads took: 0.0000418 seconds
[244.708s][info ][safepoint    ] Application time: 0.0436777 seconds
[244.708s][info ][safepoint    ] Entering safepoint region: GenCollectForAllocation
[244.708s][info ][gc,start     ] GC(195) Pause Young (Allocation Failure)
[244.708s][info ][gc,task      ] GC(195) Using 4 workers of 4 for evacuation
[244.714s][debug][gc,ref       ] GC(195) Skipped phase1 of Reference Processing due to unavailable references
[244.714s][debug][gc,ref       ] GC(195) Skipped phase3 of Reference Processing due to unavailable references
[244.714s][debug][gc,ref       ] GC(195) Skipped phase4 of Reference Processing due to unavailable references
[244.714s][debug][gc,age       ] GC(195) Desired survivor size 15368192 bytes, new threshold 6 (max threshold 6)
[244.714s][info ][gc,heap      ] GC(195) ParNew: 248215K->9258K(270336K)
[244.714s][info ][gc,heap      ] GC(195) CMS: 407396K->407669K(600768K)
[244.714s][info ][gc,metaspace ] GC(195) Metaspace: 57546K->57546K(1101824K)
[244.714s][info ][gc           ] GC(195) Pause Young (Allocation Failure) 640M->407M(850M) 5.834ms
[244.714s][info ][gc,cpu       ] GC(195) User=0.02s Sys=0.00s Real=0.01s
[244.714s][info ][safepoint    ] Leaving safepoint region
[244.714s][info ][safepoint    ] Total time for which application threads were stopped: 0.0059877 seconds, Stopping threads took: 0.0000182 seconds
[245.714s][info ][safepoint    ] Application time: 1.0001246 seconds
[245.714s][info ][safepoint    ] Entering safepoint region: Cleanup
[245.714s][info ][safepoint    ] Leaving safepoint region
[245.714s][info ][safepoint    ] Total time for which application threads were stopped: 0.0001481 seconds, Stopping threads took: 0.0000624 seconds
[246.714s][info ][safepoint    ] Application time: 1.0000908 seconds
[246.714s][info ][safepoint    ] Entering safepoint region: Cleanup
[246.715s][info ][safepoint    ] Leaving safepoint region
[246.715s][info ][safepoint    ] Total time for which application threads were stopped: 0.0001453 seconds, Stopping threads took: 0.0000758 seconds
[247.323s][info ][safepoint    ] Application time: 0.6082620 seconds
[247.323s][info ][safepoint    ] Entering safepoint region: GenCollectForAllocation
[247.323s][info ][gc,start     ] GC(196) Pause Young (Allocation Failure)
[247.323s][info ][gc,task      ] GC(196) Using 4 workers of 4 for evacuation
[247.329s][debug][gc,ref       ] GC(196) Skipped phase1 of Reference Processing due to unavailable references
[247.329s][debug][gc,ref       ] GC(196) Skipped phase3 of Reference Processing due to unavailable references
[247.329s][debug][gc,ref       ] GC(196) Skipped phase4 of Reference Processing due to unavailable references
[247.330s][debug][gc,age       ] GC(196) Desired survivor size 15368192 bytes, new threshold 6 (max threshold 6)
[247.330s][info ][gc,heap      ] GC(196) ParNew: 249578K->11572K(270336K)
[247.330s][info ][gc,heap      ] GC(196) CMS: 407669K->407928K(600768K)
[247.330s][info ][gc,metaspace ] GC(196) Metaspace: 57547K->57547K(1101824K)
[247.330s][info ][gc           ] GC(196) Pause Young (Allocation Failure) 641M->409M(850M) 6.418ms
[247.330s][info ][gc,cpu       ] GC(196) User=0.02s Sys=0.01s Real=0.00s
[247.330s][info ][safepoint    ] Leaving safepoint region
[247.330s][info ][safepoint    ] Total time for which application threads were stopped: 0.0067959 seconds, Stopping threads took: 0.0002295 seconds
[248.330s][info ][safepoint    ] Application time: 1.0001388 seconds
[248.330s][info ][safepoint    ] Entering safepoint region: Cleanup
[248.330s][info ][safepoint    ] Leaving safepoint region
[248.330s][info ][safepoint    ] Total time for which application threads were stopped: 0.0000780 seconds, Stopping threads took: 0.0000168 seconds
[249.330s][info ][safepoint    ] Application time: 1.0000950 seconds
[249.330s][info ][safepoint    ] Entering safepoint region: Cleanup
[249.330s][info ][safepoint    ] Leaving safepoint region
[249.330s][info ][safepoint    ] Total time for which application threads were stopped: 0.0000857 seconds, Stopping threads took: 0.0000189 seconds
[249.914s][info ][safepoint    ] Application time: 0.5833560 seconds
[249.914s][info ][safepoint    ] Entering safepoint region: GenCollectForAllocation
[249.914s][info ][gc,start     ] GC(197) Pause Young (Allocation Failure)
[249.914s][info ][gc,task      ] GC(197) Using 4 workers of 4 for evacuation
[249.920s][debug][gc,ref       ] GC(197) Skipped phase1 of Reference Processing due to unavailable references
[249.920s][debug][gc,ref       ] GC(197) Skipped phase3 of Reference Processing due to unavailable references
[249.920s][debug][gc,ref       ] GC(197) Skipped phase4 of Reference Processing due to unavailable references
[249.920s][debug][gc,age       ] GC(197) Desired survivor size 15368192 bytes, new threshold 6 (max threshold 6)
[249.920s][info ][gc,heap      ] GC(197) ParNew: 251892K->12773K(270336K)
[249.920s][info ][gc,heap      ] GC(197) CMS: 407928K->408911K(600768K)
[249.920s][info ][gc,metaspace ] GC(197) Metaspace: 57548K->57548K(1101824K)
[249.920s][info ][gc           ] GC(197) Pause Young (Allocation Failure) 644M->411M(850M) 6.820ms
[249.921s][info ][gc,cpu       ] GC(197) User=0.02s Sys=0.00s Real=0.00s
[249.921s][info ][safepoint    ] Leaving safepoint region
[249.921s][info ][safepoint    ] Total time for which application threads were stopped: 0.0069983 seconds, Stopping threads took: 0.0000178 seconds
[250.921s][info ][safepoint    ] Application time: 1.0000839 seconds
[250.921s][info ][safepoint    ] Entering safepoint region: Cleanup
[250.921s][info ][safepoint    ] Leaving safepoint region
[250.921s][info ][safepoint    ] Total time for which application threads were stopped: 0.0000695 seconds, Stopping threads took: 0.0000163 seconds
[251.921s][info ][safepoint    ] Application time: 1.0000853 seconds
[251.921s][info ][safepoint    ] Entering safepoint region: Cleanup
[251.921s][info ][safepoint    ] Leaving safepoint region
[251.921s][info ][safepoint    ] Total time for which application threads were stopped: 0.0000791 seconds, Stopping threads took: 0.0000159 seconds
[252.917s][info ][safepoint    ] Application time: 0.9956891 seconds
[252.917s][info ][safepoint    ] Entering safepoint region: GenCollectForAllocation
[252.917s][info ][gc,start     ] GC(198) Pause Young (Allocation Failure)
[252.917s][info ][gc,task      ] GC(198) Using 4 workers of 4 for evacuation
[252.922s][debug][gc,ref       ] GC(198) Skipped phase1 of Reference Processing due to unavailable references
[252.922s][debug][gc,ref       ] GC(198) Skipped phase3 of Reference Processing due to unavailable references
[252.922s][debug][gc,ref       ] GC(198) Skipped phase4 of Reference Processing due to unavailable references
[252.922s][debug][gc,age       ] GC(198) Desired survivor size 15368192 bytes, new threshold 6 (max threshold 6)
[252.922s][info ][gc,heap      ] GC(198) ParNew: 253093K->7929K(270336K)
[252.922s][info ][gc,heap      ] GC(198) CMS: 408911K->410055K(600768K)
[252.922s][info ][gc,metaspace ] GC(198) Metaspace: 57548K->57548K(1101824K)
[252.922s][info ][gc           ] GC(198) Pause Young (Allocation Failure) 646M->408M(850M) 5.460ms
[252.922s][info ][gc,cpu       ] GC(198) User=0.02s Sys=0.01s Real=0.01s
[252.922s][info ][safepoint    ] Leaving safepoint region
[252.922s][info ][safepoint    ] Total time for which application threads were stopped: 0.0056934 seconds, Stopping threads took: 0.0000205 seconds
[253.922s][info ][safepoint    ] Application time: 1.0001013 seconds
[253.923s][info ][safepoint    ] Entering safepoint region: Cleanup
[253.923s][info ][safepoint    ] Leaving safepoint region
[253.923s][info ][safepoint    ] Total time for which application threads were stopped: 0.0000822 seconds, Stopping threads took: 0.0000159 seconds
[254.923s][info ][safepoint    ] Application time: 1.0001465 seconds
[254.923s][info ][safepoint    ] Entering safepoint region: Cleanup
[254.923s][info ][safepoint    ] Leaving safepoint region
[254.923s][info ][safepoint    ] Total time for which application threads were stopped: 0.0001613 seconds, Stopping threads took: 0.0000720 seconds
[255.413s][info ][safepoint    ] Application time: 0.4905165 seconds
[255.413s][info ][safepoint    ] Entering safepoint region: GenCollectForAllocation
[255.414s][info ][gc,start     ] GC(199) Pause Young (Allocation Failure)
[255.414s][info ][gc,task      ] GC(199) Using 4 workers of 4 for evacuation
[255.421s][debug][gc,ref       ] GC(199) Skipped phase1 of Reference Processing due to unavailable references
[255.421s][debug][gc,ref       ] GC(199) Skipped phase3 of Reference Processing due to unavailable references
[255.421s][debug][gc,ref       ] GC(199) Skipped phase4 of Reference Processing due to unavailable references
[255.421s][debug][gc,age       ] GC(199) Desired survivor size 15368192 bytes, new threshold 6 (max threshold 6)
[255.421s][info ][gc,heap      ] GC(199) ParNew: 248249K->12195K(270336K)
[255.421s][info ][gc,heap      ] GC(199) CMS: 410055K->410444K(600768K)
[255.421s][info ][gc,metaspace ] GC(199) Metaspace: 57550K->57550K(1101824K)
[255.421s][info ][gc           ] GC(199) Pause Young (Allocation Failure) 642M->412M(850M) 7.724ms
[255.421s][info ][gc,cpu       ] GC(199) User=0.03s Sys=0.00s Real=0.00s
[255.421s][info ][safepoint    ] Leaving safepoint region
[255.421s][info ][safepoint    ] Total time for which application threads were stopped: 0.0079005 seconds, Stopping threads took: 0.0000205 seconds
[256.425s][info ][safepoint    ] Application time: 1.0040293 seconds
[256.425s][info ][safepoint    ] Entering safepoint region: Cleanup
[256.426s][info ][safepoint    ] Leaving safepoint region
[256.426s][info ][safepoint    ] Total time for which application threads were stopped: 0.0000723 seconds, Stopping threads took: 0.0000206 seconds
[257.426s][info ][safepoint    ] Application time: 1.0001043 seconds
[257.426s][info ][safepoint    ] Entering safepoint region: Cleanup
[257.426s][info ][safepoint    ] Leaving safepoint region
[257.426s][info ][safepoint    ] Total time for which application threads were stopped: 0.0001337 seconds, Stopping threads took: 0.0000726 seconds
[258.110s][info ][safepoint    ] Application time: 0.6837557 seconds
[258.110s][info ][safepoint    ] Entering safepoint region: GenCollectForAllocation
[258.110s][info ][gc,start     ] GC(200) Pause Young (Allocation Failure)
[258.110s][info ][gc,task      ] GC(200) Using 4 workers of 4 for evacuation
[258.116s][debug][gc,ref       ] GC(200) Skipped phase1 of Reference Processing due to unavailable references
[258.116s][debug][gc,ref       ] GC(200) Skipped phase3 of Reference Processing due to unavailable references
[258.116s][debug][gc,ref       ] GC(200) Skipped phase4 of Reference Processing due to unavailable references
[258.116s][debug][gc,age       ] GC(200) Desired survivor size 15368192 bytes, new threshold 6 (max threshold 6)
[258.116s][info ][gc,heap      ] GC(200) ParNew: 252515K->11809K(270336K)
[258.116s][info ][gc,heap      ] GC(200) CMS: 410444K->411684K(600768K)
[258.116s][info ][gc,metaspace ] GC(200) Metaspace: 57551K->57551K(1101824K)
[258.116s][info ][gc           ] GC(200) Pause Young (Allocation Failure) 647M->413M(850M) 6.647ms
[258.116s][info ][gc,cpu       ] GC(200) User=0.02s Sys=0.00s Real=0.01s
[258.116s][info ][safepoint    ] Leaving safepoint region
[258.116s][info ][safepoint    ] Total time for which application threads were stopped: 0.0067948 seconds, Stopping threads took: 0.0000158 seconds
[259.117s][info ][safepoint    ] Application time: 1.0001150 seconds
[259.117s][info ][safepoint    ] Entering safepoint region: Cleanup
[259.117s][info ][safepoint    ] Leaving safepoint region
[259.117s][info ][safepoint    ] Total time for which application threads were stopped: 0.0001303 seconds, Stopping threads took: 0.0000377 seconds
[260.117s][info ][safepoint    ] Application time: 1.0000947 seconds
[260.117s][info ][safepoint    ] Entering safepoint region: Cleanup
[260.117s][info ][safepoint    ] Leaving safepoint region
[260.117s][info ][safepoint    ] Total time for which application threads were stopped: 0.0001094 seconds, Stopping threads took: 0.0000398 seconds
[260.713s][info ][safepoint    ] Application time: 0.5965417 seconds
[260.713s][info ][safepoint    ] Entering safepoint region: GenCollectForAllocation
[260.714s][info ][gc,start     ] GC(201) Pause Young (Allocation Failure)
[260.714s][info ][gc,task      ] GC(201) Using 4 workers of 4 for evacuation
[260.719s][debug][gc,ref       ] GC(201) Skipped phase1 of Reference Processing due to unavailable references
[260.719s][debug][gc,ref       ] GC(201) Skipped phase2 of Reference Processing due to unavailable references
[260.719s][debug][gc,ref       ] GC(201) Skipped phase3 of Reference Processing due to unavailable references
[260.719s][debug][gc,age       ] GC(201) Desired survivor size 15368192 bytes, new threshold 6 (max threshold 6)
[260.719s][info ][gc,heap      ] GC(201) ParNew: 252129K->14909K(270336K)
[260.719s][info ][gc,heap      ] GC(201) CMS: 411684K->411954K(600768K)
[260.719s][info ][gc,metaspace ] GC(201) Metaspace: 57603K->57603K(1101824K)
[260.720s][info ][gc           ] GC(201) Pause Young (Allocation Failure) 648M->416M(850M) 5.896ms
[260.720s][info ][gc,cpu       ] GC(201) User=0.02s Sys=0.01s Real=0.00s
[260.720s][info ][safepoint    ] Leaving safepoint region
[260.720s][info ][safepoint    ] Total time for which application threads were stopped: 0.0060763 seconds, Stopping threads took: 0.0000161 seconds
[261.720s][info ][safepoint    ] Application time: 1.0000978 seconds
[261.720s][info ][safepoint    ] Entering safepoint region: Cleanup
[261.720s][info ][safepoint    ] Leaving safepoint region
[261.720s][info ][safepoint    ] Total time for which application threads were stopped: 0.0000869 seconds, Stopping threads took: 0.0000166 seconds
[262.720s][info ][safepoint    ] Application time: 1.0000734 seconds
[262.720s][info ][safepoint    ] Entering safepoint region: Cleanup
[262.720s][info ][safepoint    ] Leaving safepoint region
[262.720s][info ][safepoint    ] Total time for which application threads were stopped: 0.0000767 seconds, Stopping threads took: 0.0000158 seconds
[263.317s][info ][safepoint    ] Application time: 0.5965252 seconds
[263.317s][info ][safepoint    ] Entering safepoint region: GenCollectForAllocation
[263.317s][info ][gc,start     ] GC(202) Pause Young (Allocation Failure)
[263.317s][info ][gc,task      ] GC(202) Using 4 workers of 4 for evacuation
[263.323s][debug][gc,ref       ] GC(202) Skipped phase1 of Reference Processing due to unavailable references
[263.323s][debug][gc,ref       ] GC(202) Skipped phase2 of Reference Processing due to unavailable references
[263.323s][debug][gc,ref       ] GC(202) Skipped phase3 of Reference Processing due to unavailable references
[263.323s][debug][gc,ref       ] GC(202) Skipped phase4 of Reference Processing due to unavailable references
[263.323s][debug][gc,age       ] GC(202) Desired survivor size 15368192 bytes, new threshold 6 (max threshold 6)
[263.323s][info ][gc,heap      ] GC(202) ParNew: 255229K->15902K(270336K)
[263.323s][info ][gc,heap      ] GC(202) CMS: 411954K->412966K(600768K)
[263.323s][info ][gc,metaspace ] GC(202) Metaspace: 57603K->57603K(1101824K)
[263.323s][info ][gc           ] GC(202) Pause Young (Allocation Failure) 651M->418M(850M) 6.703ms
[263.323s][info ][gc,cpu       ] GC(202) User=0.03s Sys=0.00s Real=0.01s
[263.323s][info ][safepoint    ] Leaving safepoint region
[263.323s][info ][safepoint    ] Total time for which application threads were stopped: 0.0068682 seconds, Stopping threads took: 0.0000161 seconds
[264.324s][info ][safepoint    ] Application time: 1.0001007 seconds
[264.324s][info ][safepoint    ] Entering safepoint region: Cleanup
[264.324s][info ][safepoint    ] Leaving safepoint region
[264.324s][info ][safepoint    ] Total time for which application threads were stopped: 0.0000705 seconds, Stopping threads took: 0.0000170 seconds
[265.324s][info ][safepoint    ] Application time: 1.0000857 seconds
[265.324s][info ][safepoint    ] Entering safepoint region: Cleanup
[265.324s][info ][safepoint    ] Leaving safepoint region
[265.324s][info ][safepoint    ] Total time for which application threads were stopped: 0.0000857 seconds, Stopping threads took: 0.0000303 seconds
[266.310s][info ][safepoint    ] Application time: 0.9859265 seconds
[266.310s][info ][safepoint    ] Entering safepoint region: GenCollectForAllocation
[266.310s][info ][gc,start     ] GC(203) Pause Young (Allocation Failure)
[266.310s][info ][gc,task      ] GC(203) Using 4 workers of 4 for evacuation
[266.316s][debug][gc,ref       ] GC(203) Skipped phase1 of Reference Processing due to unavailable references
[266.316s][debug][gc,ref       ] GC(203) Skipped phase3 of Reference Processing due to unavailable references
[266.316s][debug][gc,ref       ] GC(203) Skipped phase4 of Reference Processing due to unavailable references
[266.316s][debug][gc,age       ] GC(203) Desired survivor size 15368192 bytes, new threshold 6 (max threshold 6)
[266.316s][info ][gc,heap      ] GC(203) ParNew: 256222K->14693K(270336K)
[266.316s][info ][gc,heap      ] GC(203) CMS: 412966K->414153K(600768K)
[266.316s][info ][gc,metaspace ] GC(203) Metaspace: 57608K->57608K(1101824K)
[266.316s][info ][gc           ] GC(203) Pause Young (Allocation Failure) 653M->418M(850M) 6.385ms
[266.316s][info ][gc,cpu       ] GC(203) User=0.02s Sys=0.00s Real=0.01s
[266.316s][info ][safepoint    ] Leaving safepoint region
[266.316s][info ][safepoint    ] Total time for which application threads were stopped: 0.0065480 seconds, Stopping threads took: 0.0000157 seconds
[267.316s][info ][safepoint    ] Application time: 1.0001152 seconds
[267.317s][info ][safepoint    ] Entering safepoint region: Cleanup
[267.317s][info ][safepoint    ] Leaving safepoint region
[267.317s][info ][safepoint    ] Total time for which application threads were stopped: 0.0001094 seconds, Stopping threads took: 0.0000423 seconds
[268.317s][info ][safepoint    ] Application time: 1.0000941 seconds
[268.317s][info ][safepoint    ] Entering safepoint region: Cleanup
[268.317s][info ][safepoint    ] Leaving safepoint region
[268.317s][info ][safepoint    ] Total time for which application threads were stopped: 0.0001394 seconds, Stopping threads took: 0.0000669 seconds
[268.865s][info ][safepoint    ] Application time: 0.5480692 seconds
[268.865s][info ][safepoint    ] Entering safepoint region: GenCollectForAllocation
[268.865s][info ][gc,start     ] GC(204) Pause Young (Allocation Failure)
[268.865s][info ][gc,task      ] GC(204) Using 4 workers of 4 for evacuation
[268.872s][debug][gc,ref       ] GC(204) Skipped phase1 of Reference Processing due to unavailable references
[268.872s][debug][gc,ref       ] GC(204) Skipped phase3 of Reference Processing due to unavailable references
[268.872s][debug][gc,ref       ] GC(204) Skipped phase4 of Reference Processing due to unavailable references
[268.872s][debug][gc,age       ] GC(204) Desired survivor size 15368192 bytes, new threshold 6 (max threshold 6)
[268.872s][info ][gc,heap      ] GC(204) ParNew: 255013K->18259K(270336K)
[268.872s][info ][gc,heap      ] GC(204) CMS: 414153K->414280K(600768K)
[268.872s][info ][gc,metaspace ] GC(204) Metaspace: 57610K->57610K(1101824K)
[268.872s][info ][gc           ] GC(204) Pause Young (Allocation Failure) 653M->422M(850M) 6.785ms
[268.872s][info ][gc,cpu       ] GC(204) User=0.02s Sys=0.00s Real=0.01s
[268.872s][info ][safepoint    ] Leaving safepoint region
[268.872s][info ][safepoint    ] Total time for which application threads were stopped: 0.0069340 seconds, Stopping threads took: 0.0000169 seconds
[269.872s][info ][safepoint    ] Application time: 1.0000982 seconds
[269.872s][info ][safepoint    ] Entering safepoint region: Cleanup
[269.872s][info ][safepoint    ] Leaving safepoint region
[269.872s][info ][safepoint    ] Total time for which application threads were stopped: 0.0000873 seconds, Stopping threads took: 0.0000162 seconds
[270.872s][info ][safepoint    ] Application time: 1.0000878 seconds
[270.872s][info ][safepoint    ] Entering safepoint region: Cleanup
[270.872s][info ][safepoint    ] Leaving safepoint region
[270.872s][info ][safepoint    ] Total time for which application threads were stopped: 0.0000725 seconds, Stopping threads took: 0.0000166 seconds
[271.609s][info ][safepoint    ] Application time: 0.7364428 seconds
[271.609s][info ][safepoint    ] Entering safepoint region: GenCollectForAllocation
[271.609s][info ][gc,start     ] GC(205) Pause Young (Allocation Failure)
[271.609s][info ][gc,task      ] GC(205) Using 4 workers of 4 for evacuation
[271.617s][debug][gc,ref       ] GC(205) Skipped phase1 of Reference Processing due to unavailable references
[271.617s][debug][gc,ref       ] GC(205) Skipped phase3 of Reference Processing due to unavailable references
[271.617s][debug][gc,ref       ] GC(205) Skipped phase4 of Reference Processing due to unavailable references
[271.617s][debug][gc,age       ] GC(205) Desired survivor size 15368192 bytes, new threshold 6 (max threshold 6)
[271.617s][info ][gc,heap      ] GC(205) ParNew: 258579K->10687K(270336K)
[271.617s][info ][gc,heap      ] GC(205) CMS: 414280K->416597K(600768K)
[271.617s][info ][gc,metaspace ] GC(205) Metaspace: 57615K->57615K(1101824K)
[271.617s][info ][gc           ] GC(205) Pause Young (Allocation Failure) 657M->417M(850M) 7.817ms
[271.617s][info ][gc,cpu       ] GC(205) User=0.03s Sys=0.01s Real=0.01s
[271.617s][info ][safepoint    ] Leaving safepoint region
[271.617s][info ][safepoint    ] Total time for which application threads were stopped: 0.0079921 seconds, Stopping threads took: 0.0000154 seconds
[272.294s][info ][safepoint    ] Application time: 0.6772278 seconds
[272.294s][info ][safepoint    ] Entering safepoint region: Deoptimize
[272.296s][info ][safepoint    ] Leaving safepoint region
[272.296s][info ][safepoint    ] Total time for which application threads were stopped: 0.0023253 seconds, Stopping threads took: 0.0000176 seconds
[272.297s][info ][safepoint    ] Application time: 0.0006198 seconds
[272.297s][info ][safepoint    ] Entering safepoint region: Deoptimize
[272.299s][info ][safepoint    ] Leaving safepoint region
[272.299s][info ][safepoint    ] Total time for which application threads were stopped: 0.0014623 seconds, Stopping threads took: 0.0000197 seconds
[272.299s][info ][safepoint    ] Application time: 0.0007829 seconds
[272.299s][info ][safepoint    ] Entering safepoint region: Deoptimize
[272.300s][info ][safepoint    ] Leaving safepoint region
[272.300s][info ][safepoint    ] Total time for which application threads were stopped: 0.0009565 seconds, Stopping threads took: 0.0000114 seconds
[273.300s][info ][safepoint    ] Application time: 1.0001097 seconds
[273.301s][info ][safepoint    ] Entering safepoint region: Cleanup
[273.301s][info ][safepoint    ] Leaving safepoint region
[273.301s][info ][safepoint    ] Total time for which application threads were stopped: 0.0001125 seconds, Stopping threads took: 0.0000353 seconds
[274.112s][info ][safepoint    ] Application time: 0.8115295 seconds
[274.112s][info ][safepoint    ] Entering safepoint region: GenCollectForAllocation
[274.112s][info ][gc,start     ] GC(206) Pause Young (Allocation Failure)
[274.112s][info ][gc,task      ] GC(206) Using 4 workers of 4 for evacuation
[274.119s][debug][gc,ref       ] GC(206) Skipped phase1 of Reference Processing due to unavailable references
[274.119s][debug][gc,ref       ] GC(206) Skipped phase3 of Reference Processing due to unavailable references
[274.119s][debug][gc,ref       ] GC(206) Skipped phase4 of Reference Processing due to unavailable references
[274.119s][debug][gc,age       ] GC(206) Desired survivor size 15368192 bytes, new threshold 6 (max threshold 6)
[274.119s][info ][gc,heap      ] GC(206) ParNew: 251007K->12792K(270336K)
[274.119s][info ][gc,heap      ] GC(206) CMS: 416597K->417830K(600768K)
[274.119s][info ][gc,metaspace ] GC(206) Metaspace: 57669K->57669K(1101824K)
[274.119s][info ][gc           ] GC(206) Pause Young (Allocation Failure) 651M->420M(850M) 6.968ms
[274.119s][info ][gc,cpu       ] GC(206) User=0.03s Sys=0.00s Real=0.00s
[274.119s][info ][safepoint    ] Leaving safepoint region
[274.119s][info ][safepoint    ] Total time for which application threads were stopped: 0.0071126 seconds, Stopping threads took: 0.0000153 seconds
[275.119s][info ][safepoint    ] Application time: 1.0002028 seconds
[275.120s][info ][safepoint    ] Entering safepoint region: Cleanup
[275.120s][info ][safepoint    ] Leaving safepoint region
[275.120s][info ][safepoint    ] Total time for which application threads were stopped: 0.0001039 seconds, Stopping threads took: 0.0000161 seconds
[276.120s][info ][safepoint    ] Application time: 1.0000804 seconds
[276.120s][info ][safepoint    ] Entering safepoint region: Cleanup
[276.120s][info ][safepoint    ] Leaving safepoint region
[276.120s][info ][safepoint    ] Total time for which application threads were stopped: 0.0000820 seconds, Stopping threads took: 0.0000156 seconds
[276.912s][info ][safepoint    ] Application time: 0.7921484 seconds
[276.912s][info ][safepoint    ] Entering safepoint region: GenCollectForAllocation
[276.912s][info ][gc,start     ] GC(207) Pause Young (Allocation Failure)
[276.912s][info ][gc,task      ] GC(207) Using 4 workers of 4 for evacuation
[276.919s][debug][gc,ref       ] GC(207) Skipped phase1 of Reference Processing due to unavailable references
[276.919s][debug][gc,ref       ] GC(207) Skipped phase3 of Reference Processing due to unavailable references
[276.919s][debug][gc,ref       ] GC(207) Skipped phase4 of Reference Processing due to unavailable references
[276.919s][debug][gc,age       ] GC(207) Desired survivor size 15368192 bytes, new threshold 6 (max threshold 6)
[276.919s][info ][gc,heap      ] GC(207) ParNew: 253112K->13972K(270336K)
[276.919s][info ][gc,heap      ] GC(207) CMS: 417830K->419027K(600768K)
[276.919s][info ][gc,metaspace ] GC(207) Metaspace: 57670K->57670K(1101824K)
[276.919s][info ][gc           ] GC(207) Pause Young (Allocation Failure) 655M->422M(850M) 6.867ms
[276.919s][info ][gc,cpu       ] GC(207) User=0.02s Sys=0.00s Real=0.00s
[276.919s][info ][safepoint    ] Leaving safepoint region
[276.919s][info ][safepoint    ] Total time for which application threads were stopped: 0.0070181 seconds, Stopping threads took: 0.0000170 seconds
[277.919s][info ][safepoint    ] Application time: 1.0001448 seconds
[277.919s][info ][safepoint    ] Entering safepoint region: Cleanup
[277.919s][info ][safepoint    ] Leaving safepoint region
[277.919s][info ][safepoint    ] Total time for which application threads were stopped: 0.0000698 seconds, Stopping threads took: 0.0000167 seconds
[278.919s][info ][safepoint    ] Application time: 1.0001011 seconds
[278.919s][info ][safepoint    ] Entering safepoint region: Cleanup
[278.920s][info ][safepoint    ] Leaving safepoint region
[278.920s][info ][safepoint    ] Total time for which application threads were stopped: 0.0000832 seconds, Stopping threads took: 0.0000182 seconds
[279.920s][info ][safepoint    ] Application time: 1.0000902 seconds
[279.920s][info ][safepoint    ] Entering safepoint region: Cleanup
[279.920s][info ][safepoint    ] Leaving safepoint region
[279.920s][info ][safepoint    ] Total time for which application threads were stopped: 0.0000869 seconds, Stopping threads took: 0.0000318 seconds
[280.059s][info ][safepoint    ] Application time: 0.1395318 seconds
[280.059s][info ][safepoint    ] Entering safepoint region: GenCollectForAllocation
[280.059s][info ][gc,start     ] GC(208) Pause Young (Allocation Failure)
[280.060s][info ][gc,task      ] GC(208) Using 4 workers of 4 for evacuation
[280.066s][debug][gc,ref       ] GC(208) Skipped phase1 of Reference Processing due to unavailable references
[280.066s][debug][gc,ref       ] GC(208) Skipped phase3 of Reference Processing due to unavailable references
[280.066s][debug][gc,ref       ] GC(208) Skipped phase4 of Reference Processing due to unavailable references
[280.066s][debug][gc,age       ] GC(208) Desired survivor size 15368192 bytes, new threshold 6 (max threshold 6)
[280.066s][info ][gc,heap      ] GC(208) ParNew: 254292K->14370K(270336K)
[280.066s][info ][gc,heap      ] GC(208) CMS: 419027K->420156K(600768K)
[280.066s][info ][gc,metaspace ] GC(208) Metaspace: 57677K->57677K(1101824K)
[280.066s][info ][gc           ] GC(208) Pause Young (Allocation Failure) 657M->424M(850M) 6.661ms
[280.066s][info ][gc,cpu       ] GC(208) User=0.02s Sys=0.00s Real=0.01s
[280.066s][info ][safepoint    ] Leaving safepoint region
[280.066s][info ][safepoint    ] Total time for which application threads were stopped: 0.0068653 seconds, Stopping threads took: 0.0000358 seconds
[281.066s][info ][safepoint    ] Application time: 1.0001135 seconds
[281.066s][info ][safepoint    ] Entering safepoint region: Cleanup
[281.066s][info ][safepoint    ] Leaving safepoint region
[281.066s][info ][safepoint    ] Total time for which application threads were stopped: 0.0000777 seconds, Stopping threads took: 0.0000163 seconds
[282.067s][info ][safepoint    ] Application time: 1.0000909 seconds
[282.067s][info ][safepoint    ] Entering safepoint region: Cleanup
[282.067s][info ][safepoint    ] Leaving safepoint region
[282.067s][info ][safepoint    ] Total time for which application threads were stopped: 0.0000731 seconds, Stopping threads took: 0.0000168 seconds
[282.862s][info ][safepoint    ] Application time: 0.7949475 seconds
[282.862s][info ][safepoint    ] Entering safepoint region: GenCollectForAllocation
[282.862s][info ][gc,start     ] GC(209) Pause Young (Allocation Failure)
[282.862s][info ][gc,task      ] GC(209) Using 4 workers of 4 for evacuation
[282.867s][debug][gc,ref       ] GC(209) Skipped phase1 of Reference Processing due to unavailable references
[282.867s][debug][gc,ref       ] GC(209) Skipped phase2 of Reference Processing due to unavailable references
[282.867s][debug][gc,ref       ] GC(209) Skipped phase3 of Reference Processing due to unavailable references
[282.867s][debug][gc,ref       ] GC(209) Skipped phase4 of Reference Processing due to unavailable references
[282.867s][debug][gc,age       ] GC(209) Desired survivor size 15368192 bytes, new threshold 6 (max threshold 6)
[282.868s][info ][gc,heap      ] GC(209) ParNew: 254690K->14024K(270336K)
[282.868s][info ][gc,heap      ] GC(209) CMS: 420156K->420470K(600768K)
[282.868s][info ][gc,metaspace ] GC(209) Metaspace: 57682K->57682K(1101824K)
[282.868s][info ][gc           ] GC(209) Pause Young (Allocation Failure) 659M->424M(850M) 5.826ms
[282.868s][info ][gc,cpu       ] GC(209) User=0.02s Sys=0.00s Real=0.01s
[282.868s][info ][safepoint    ] Leaving safepoint region
[282.868s][info ][safepoint    ] Total time for which application threads were stopped: 0.0059744 seconds, Stopping threads took: 0.0000195 seconds
[283.868s][info ][safepoint    ] Application time: 1.0000949 seconds
[283.868s][info ][safepoint    ] Entering safepoint region: Cleanup
[283.868s][info ][safepoint    ] Leaving safepoint region
[283.868s][info ][safepoint    ] Total time for which application threads were stopped: 0.0000921 seconds, Stopping threads took: 0.0000163 seconds
[284.868s][info ][safepoint    ] Application time: 1.0000889 seconds
[284.868s][info ][safepoint    ] Entering safepoint region: Cleanup
[284.868s][info ][safepoint    ] Leaving safepoint region
[284.868s][info ][safepoint    ] Total time for which application threads were stopped: 0.0000719 seconds, Stopping threads took: 0.0000182 seconds
[285.868s][info ][safepoint    ] Application time: 1.0000842 seconds
[285.868s][info ][safepoint    ] Entering safepoint region: Cleanup
[285.868s][info ][safepoint    ] Leaving safepoint region
[285.868s][info ][safepoint    ] Total time for which application threads were stopped: 0.0000663 seconds, Stopping threads took: 0.0000153 seconds
[286.159s][info ][safepoint    ] Application time: 0.2906150 seconds
[286.159s][info ][safepoint    ] Entering safepoint region: GenCollectForAllocation
[286.159s][info ][gc,start     ] GC(210) Pause Young (Allocation Failure)
[286.159s][info ][gc,task      ] GC(210) Using 4 workers of 4 for evacuation
[286.165s][debug][gc,ref       ] GC(210) Skipped phase1 of Reference Processing due to unavailable references
[286.165s][debug][gc,ref       ] GC(210) Skipped phase2 of Reference Processing due to unavailable references
[286.165s][debug][gc,ref       ] GC(210) Skipped phase3 of Reference Processing due to unavailable references
[286.165s][debug][gc,ref       ] GC(210) Skipped phase4 of Reference Processing due to unavailable references
[286.166s][debug][gc,age       ] GC(210) Desired survivor size 15368192 bytes, new threshold 6 (max threshold 6)
[286.166s][info ][gc,heap      ] GC(210) ParNew: 254344K->10537K(270336K)
[286.166s][info ][gc,heap      ] GC(210) CMS: 420470K->421966K(600768K)
[286.166s][info ][gc,metaspace ] GC(210) Metaspace: 57687K->57687K(1101824K)
[286.166s][info ][gc           ] GC(210) Pause Young (Allocation Failure) 658M->422M(850M) 6.595ms
[286.166s][info ][gc,cpu       ] GC(210) User=0.03s Sys=0.00s Real=0.01s
[286.166s][info ][safepoint    ] Leaving safepoint region
[286.166s][info ][safepoint    ] Total time for which application threads were stopped: 0.0067460 seconds, Stopping threads took: 0.0000178 seconds
[287.166s][info ][safepoint    ] Application time: 1.0000954 seconds
[287.166s][info ][safepoint    ] Entering safepoint region: Cleanup
[287.166s][info ][safepoint    ] Leaving safepoint region
[287.166s][info ][safepoint    ] Total time for which application threads were stopped: 0.0001548 seconds, Stopping threads took: 0.0000721 seconds
[288.166s][info ][safepoint    ] Application time: 1.0001023 seconds
[288.166s][info ][safepoint    ] Entering safepoint region: Cleanup
[288.166s][info ][safepoint    ] Leaving safepoint region
[288.166s][info ][safepoint    ] Total time for which application threads were stopped: 0.0001508 seconds, Stopping threads took: 0.0000883 seconds
[289.068s][info ][safepoint    ] Application time: 0.9021636 seconds
[289.068s][info ][safepoint    ] Entering safepoint region: GenCollectForAllocation
[289.069s][info ][gc,start     ] GC(211) Pause Young (Allocation Failure)
[289.069s][info ][gc,task      ] GC(211) Using 4 workers of 4 for evacuation
[289.075s][debug][gc,ref       ] GC(211) Skipped phase1 of Reference Processing due to unavailable references
[289.075s][debug][gc,ref       ] GC(211) Skipped phase2 of Reference Processing due to unavailable references
[289.075s][debug][gc,ref       ] GC(211) Skipped phase3 of Reference Processing due to unavailable references
[289.075s][debug][gc,ref       ] GC(211) Skipped phase4 of Reference Processing due to unavailable references
[289.075s][debug][gc,age       ] GC(211) Desired survivor size 15368192 bytes, new threshold 6 (max threshold 6)
[289.075s][info ][gc,heap      ] GC(211) ParNew: 250857K->14429K(270336K)
[289.075s][info ][gc,heap      ] GC(211) CMS: 421966K->423089K(600768K)
[289.075s][info ][gc,metaspace ] GC(211) Metaspace: 57687K->57687K(1101824K)
[289.075s][info ][gc           ] GC(211) Pause Young (Allocation Failure) 657M->427M(850M) 6.694ms
[289.075s][info ][gc,cpu       ] GC(211) User=0.02s Sys=0.00s Real=0.01s
[289.075s][info ][safepoint    ] Leaving safepoint region
[289.075s][info ][safepoint    ] Total time for which application threads were stopped: 0.0069060 seconds, Stopping threads took: 0.0000560 seconds
[290.075s][info ][safepoint    ] Application time: 1.0001059 seconds
[290.075s][info ][safepoint    ] Entering safepoint region: Cleanup
[290.076s][info ][safepoint    ] Leaving safepoint region
[290.076s][info ][safepoint    ] Total time for which application threads were stopped: 0.0000853 seconds, Stopping threads took: 0.0000170 seconds
[291.076s][info ][safepoint    ] Application time: 1.0000788 seconds
[291.076s][info ][safepoint    ] Entering safepoint region: Cleanup
[291.076s][info ][safepoint    ] Leaving safepoint region
[291.076s][info ][safepoint    ] Total time for which application threads were stopped: 0.0000697 seconds, Stopping threads took: 0.0000191 seconds
[291.964s][info ][safepoint    ] Application time: 0.8885701 seconds
[291.964s][info ][safepoint    ] Entering safepoint region: GenCollectForAllocation
[291.964s][info ][gc,start     ] GC(212) Pause Young (Allocation Failure)
[291.964s][info ][gc,task      ] GC(212) Using 4 workers of 4 for evacuation
[291.970s][debug][gc,ref       ] GC(212) Skipped phase1 of Reference Processing due to unavailable references
[291.970s][debug][gc,ref       ] GC(212) Skipped phase2 of Reference Processing due to unavailable references
[291.970s][debug][gc,ref       ] GC(212) Skipped phase3 of Reference Processing due to unavailable references
[291.970s][debug][gc,ref       ] GC(212) Skipped phase4 of Reference Processing due to unavailable references
[291.971s][debug][gc,age       ] GC(212) Desired survivor size 15368192 bytes, new threshold 6 (max threshold 6)
[291.971s][info ][gc,heap      ] GC(212) ParNew: 254749K->9043K(270336K)
[291.971s][info ][gc,heap      ] GC(212) CMS: 423089K->424814K(600768K)
[291.971s][info ][gc,metaspace ] GC(212) Metaspace: 57690K->57690K(1101824K)
[291.971s][info ][gc           ] GC(212) Pause Young (Allocation Failure) 661M->423M(850M) 6.209ms
[291.971s][info ][gc,cpu       ] GC(212) User=0.02s Sys=0.00s Real=0.01s
[291.971s][info ][safepoint    ] Leaving safepoint region
[291.971s][info ][safepoint    ] Total time for which application threads were stopped: 0.0063688 seconds, Stopping threads took: 0.0000160 seconds
[292.971s][info ][safepoint    ] Application time: 1.0001272 seconds
[292.971s][info ][safepoint    ] Entering safepoint region: Cleanup
[292.971s][info ][safepoint    ] Leaving safepoint region
[292.971s][info ][safepoint    ] Total time for which application threads were stopped: 0.0000910 seconds, Stopping threads took: 0.0000361 seconds
[293.971s][info ][safepoint    ] Application time: 1.0000849 seconds
[293.971s][info ][safepoint    ] Entering safepoint region: Cleanup
[293.971s][info ][safepoint    ] Leaving safepoint region
[293.971s][info ][safepoint    ] Total time for which application threads were stopped: 0.0000842 seconds, Stopping threads took: 0.0000147 seconds
[294.554s][info ][safepoint    ] Application time: 0.5829174 seconds
[294.554s][info ][safepoint    ] Entering safepoint region: GenCollectForAllocation
[294.555s][info ][gc,start     ] GC(213) Pause Young (Allocation Failure)
[294.555s][info ][gc,task      ] GC(213) Using 4 workers of 4 for evacuation
[294.564s][debug][gc,ref       ] GC(213) Skipped phase1 of Reference Processing due to unavailable references
[294.564s][debug][gc,ref       ] GC(213) Skipped phase2 of Reference Processing due to unavailable references
[294.564s][debug][gc,ref       ] GC(213) Skipped phase3 of Reference Processing due to unavailable references
[294.564s][debug][gc,ref       ] GC(213) Skipped phase4 of Reference Processing due to unavailable references
[294.564s][debug][gc,age       ] GC(213) Desired survivor size 15368192 bytes, new threshold 6 (max threshold 6)
[294.564s][info ][gc,heap      ] GC(213) ParNew: 249363K->10212K(270336K)
[294.564s][info ][gc,heap      ] GC(213) CMS: 424814K->426062K(600768K)
[294.564s][info ][gc,metaspace ] GC(213) Metaspace: 57715K->57715K(1101824K)
[294.564s][info ][gc           ] GC(213) Pause Young (Allocation Failure) 658M->426M(850M) 9.402ms
[294.564s][info ][gc,cpu       ] GC(213) User=0.02s Sys=0.00s Real=0.01s
[294.564s][info ][safepoint    ] Leaving safepoint region
[294.564s][info ][safepoint    ] Total time for which application threads were stopped: 0.0101924 seconds, Stopping threads took: 0.0000164 seconds
[295.564s][info ][safepoint    ] Application time: 1.0001025 seconds
[295.565s][info ][safepoint    ] Entering safepoint region: Cleanup
[295.565s][info ][safepoint    ] Leaving safepoint region
[295.565s][info ][safepoint    ] Total time for which application threads were stopped: 0.0001522 seconds, Stopping threads took: 0.0000914 seconds
[296.565s][info ][safepoint    ] Application time: 1.0000884 seconds
[296.565s][info ][safepoint    ] Entering safepoint region: Cleanup
[296.565s][info ][safepoint    ] Leaving safepoint region
[296.565s][info ][safepoint    ] Total time for which application threads were stopped: 0.0001465 seconds, Stopping threads took: 0.0000841 seconds
[297.413s][info ][safepoint    ] Application time: 0.8477752 seconds
[297.413s][info ][safepoint    ] Entering safepoint region: GenCollectForAllocation
[297.413s][info ][gc,start     ] GC(214) Pause Young (Allocation Failure)
[297.413s][info ][gc,task      ] GC(214) Using 4 workers of 4 for evacuation
[297.418s][debug][gc,ref       ] GC(214) Skipped phase1 of Reference Processing due to unavailable references
[297.418s][debug][gc,ref       ] GC(214) Skipped phase2 of Reference Processing due to unavailable references
[297.418s][debug][gc,ref       ] GC(214) Skipped phase3 of Reference Processing due to unavailable references
[297.418s][debug][gc,ref       ] GC(214) Skipped phase4 of Reference Processing due to unavailable references
[297.418s][debug][gc,age       ] GC(214) Desired survivor size 15368192 bytes, new threshold 6 (max threshold 6)
[297.418s][info ][gc,heap      ] GC(214) ParNew: 250532K->12659K(270336K)
[297.418s][info ][gc,heap      ] GC(214) CMS: 426062K->426193K(600768K)
[297.418s][info ][gc,metaspace ] GC(214) Metaspace: 57717K->57717K(1101824K)
[297.418s][info ][gc           ] GC(214) Pause Young (Allocation Failure) 660M->428M(850M) 5.326ms
[297.418s][info ][gc,cpu       ] GC(214) User=0.02s Sys=0.00s Real=0.00s
[297.418s][info ][safepoint    ] Leaving safepoint region
[297.418s][info ][safepoint    ] Total time for which application threads were stopped: 0.0054955 seconds, Stopping threads took: 0.0000171 seconds
[298.418s][info ][safepoint    ] Application time: 1.0000887 seconds
[298.418s][info ][safepoint    ] Entering safepoint region: Cleanup
[298.418s][info ][safepoint    ] Leaving safepoint region
[298.418s][info ][safepoint    ] Total time for which application threads were stopped: 0.0000912 seconds, Stopping threads took: 0.0000168 seconds
[299.419s][info ][safepoint    ] Application time: 1.0000638 seconds
[299.419s][info ][safepoint    ] Entering safepoint region: Cleanup
[299.419s][info ][safepoint    ] Leaving safepoint region
[299.419s][info ][safepoint    ] Total time for which application threads were stopped: 0.0000767 seconds, Stopping threads took: 0.0000170 seconds
[300.419s][info ][safepoint    ] Application time: 1.0001031 seconds
[300.419s][info ][safepoint    ] Entering safepoint region: Cleanup
[300.419s][info ][safepoint    ] Leaving safepoint region
[300.419s][info ][safepoint    ] Total time for which application threads were stopped: 0.0000826 seconds, Stopping threads took: 0.0000169 seconds
[300.555s][info ][safepoint    ] Application time: 0.1363714 seconds
[300.555s][info ][safepoint    ] Entering safepoint region: GenCollectForAllocation
[300.555s][info ][gc,start     ] GC(215) Pause Young (Allocation Failure)
[300.555s][info ][gc,task      ] GC(215) Using 4 workers of 4 for evacuation
[300.561s][debug][gc,ref       ] GC(215) Skipped phase1 of Reference Processing due to unavailable references
[300.561s][debug][gc,ref       ] GC(215) Skipped phase2 of Reference Processing due to unavailable references
[300.561s][debug][gc,ref       ] GC(215) Skipped phase3 of Reference Processing due to unavailable references
[300.561s][debug][gc,ref       ] GC(215) Skipped phase4 of Reference Processing due to unavailable references
[300.561s][debug][gc,age       ] GC(215) Desired survivor size 15368192 bytes, new threshold 6 (max threshold 6)
[300.561s][info ][gc,heap      ] GC(215) ParNew: 252979K->7555K(270336K)
[300.561s][info ][gc,heap      ] GC(215) CMS: 426193K->427295K(600768K)
[300.561s][info ][gc,metaspace ] GC(215) Metaspace: 57717K->57717K(1101824K)
[300.561s][info ][gc           ] GC(215) Pause Young (Allocation Failure) 663M->424M(850M) 5.882ms
[300.561s][info ][gc,cpu       ] GC(215) User=0.02s Sys=0.00s Real=0.00s
[300.561s][info ][safepoint    ] Leaving safepoint region
[300.561s][info ][safepoint    ] Total time for which application threads were stopped: 0.0060422 seconds, Stopping threads took: 0.0000161 seconds
[301.561s][info ][safepoint    ] Application time: 1.0001143 seconds
[301.562s][info ][safepoint    ] Entering safepoint region: Cleanup
[301.562s][info ][safepoint    ] Leaving safepoint region
[301.562s][info ][safepoint    ] Total time for which application threads were stopped: 0.0001592 seconds, Stopping threads took: 0.0000903 seconds
[302.562s][info ][safepoint    ] Application time: 1.0000958 seconds
[302.562s][info ][safepoint    ] Entering safepoint region: Cleanup
[302.562s][info ][safepoint    ] Leaving safepoint region
[302.562s][info ][safepoint    ] Total time for which application threads were stopped: 0.0001812 seconds, Stopping threads took: 0.0001097 seconds
[303.362s][info ][safepoint    ] Application time: 0.8005442 seconds
[303.363s][info ][safepoint    ] Entering safepoint region: GenCollectForAllocation
[303.363s][info ][gc,start     ] GC(216) Pause Young (Allocation Failure)
[303.363s][info ][gc,task      ] GC(216) Using 4 workers of 4 for evacuation
[303.367s][debug][gc,ref       ] GC(216) Skipped phase1 of Reference Processing due to unavailable references
[303.368s][debug][gc,ref       ] GC(216) Skipped phase2 of Reference Processing due to unavailable references
[303.368s][debug][gc,ref       ] GC(216) Skipped phase3 of Reference Processing due to unavailable references
[303.368s][debug][gc,ref       ] GC(216) Skipped phase4 of Reference Processing due to unavailable references
[303.368s][debug][gc,age       ] GC(216) Desired survivor size 15368192 bytes, new threshold 6 (max threshold 6)
[303.368s][info ][gc,heap      ] GC(216) ParNew: 247875K->13771K(270336K)
[303.368s][info ][gc,heap      ] GC(216) CMS: 427295K->427401K(600768K)
[303.368s][info ][gc,metaspace ] GC(216) Metaspace: 57718K->57718K(1101824K)
[303.368s][info ][gc           ] GC(216) Pause Young (Allocation Failure) 659M->430M(850M) 5.095ms
[303.368s][info ][gc,cpu       ] GC(216) User=0.01s Sys=0.00s Real=0.00s
[303.368s][info ][safepoint    ] Leaving safepoint region
[303.368s][info ][safepoint    ] Total time for which application threads were stopped: 0.0052573 seconds, Stopping threads took: 0.0000169 seconds
[304.368s][info ][safepoint    ] Application time: 1.0000960 seconds
[304.368s][info ][safepoint    ] Entering safepoint region: Cleanup
[304.368s][info ][safepoint    ] Leaving safepoint region
[304.368s][info ][safepoint    ] Total time for which application threads were stopped: 0.0000917 seconds, Stopping threads took: 0.0000170 seconds
[305.368s][info ][safepoint    ] Application time: 1.0000967 seconds
[305.368s][info ][safepoint    ] Entering safepoint region: Cleanup
[305.368s][info ][safepoint    ] Leaving safepoint region
[305.368s][info ][safepoint    ] Total time for which application threads were stopped: 0.0000741 seconds, Stopping threads took: 0.0000171 seconds
[306.368s][info ][safepoint    ] Application time: 1.0001042 seconds
[306.368s][info ][safepoint    ] Entering safepoint region: Cleanup
[306.368s][info ][safepoint    ] Leaving safepoint region
[306.368s][info ][safepoint    ] Total time for which application threads were stopped: 0.0000810 seconds, Stopping threads took: 0.0000182 seconds
[306.564s][info ][safepoint    ] Application time: 0.1953266 seconds
[306.564s][info ][safepoint    ] Entering safepoint region: GenCollectForAllocation
[306.564s][info ][gc,start     ] GC(217) Pause Young (Allocation Failure)
[306.564s][info ][gc,task      ] GC(217) Using 4 workers of 4 for evacuation
[306.569s][debug][gc,ref       ] GC(217) Skipped phase1 of Reference Processing due to unavailable references
[306.569s][debug][gc,ref       ] GC(217) Skipped phase2 of Reference Processing due to unavailable references
[306.569s][debug][gc,ref       ] GC(217) Skipped phase3 of Reference Processing due to unavailable references
[306.569s][debug][gc,ref       ] GC(217) Skipped phase4 of Reference Processing due to unavailable references
[306.570s][debug][gc,age       ] GC(217) Desired survivor size 15368192 bytes, new threshold 6 (max threshold 6)
[306.570s][info ][gc,heap      ] GC(217) ParNew: 254091K->8196K(270336K)
[306.570s][info ][gc,heap      ] GC(217) CMS: 427401K->428653K(600768K)
[306.570s][info ][gc,metaspace ] GC(217) Metaspace: 57719K->57719K(1101824K)
[306.570s][info ][gc           ] GC(217) Pause Young (Allocation Failure) 665M->426M(850M) 5.656ms
[306.570s][info ][gc,cpu       ] GC(217) User=0.01s Sys=0.01s Real=0.00s
[306.570s][info ][safepoint    ] Leaving safepoint region
[306.570s][info ][safepoint    ] Total time for which application threads were stopped: 0.0058081 seconds, Stopping threads took: 0.0000165 seconds
[307.570s][info ][safepoint    ] Application time: 1.0000880 seconds
[307.570s][info ][safepoint    ] Entering safepoint region: Cleanup
[307.570s][info ][safepoint    ] Leaving safepoint region
[307.570s][info ][safepoint    ] Total time for which application threads were stopped: 0.0000911 seconds, Stopping threads took: 0.0000170 seconds
[308.570s][info ][safepoint    ] Application time: 1.0000954 seconds
[308.570s][info ][safepoint    ] Entering safepoint region: Cleanup
[308.570s][info ][safepoint    ] Leaving safepoint region
[308.570s][info ][safepoint    ] Total time for which application threads were stopped: 0.0000962 seconds, Stopping threads took: 0.0000170 seconds
[309.461s][info ][safepoint    ] Application time: 0.8913187 seconds
[309.461s][info ][safepoint    ] Entering safepoint region: GenCollectForAllocation
[309.462s][info ][gc,start     ] GC(218) Pause Young (Allocation Failure)
[309.462s][info ][gc,task      ] GC(218) Using 4 workers of 4 for evacuation
[309.467s][debug][gc,ref       ] GC(218) Skipped phase1 of Reference Processing due to unavailable references
[309.467s][debug][gc,ref       ] GC(218) Skipped phase2 of Reference Processing due to unavailable references
[309.467s][debug][gc,ref       ] GC(218) Skipped phase3 of Reference Processing due to unavailable references
[309.467s][debug][gc,ref       ] GC(218) Skipped phase4 of Reference Processing due to unavailable references
[309.467s][debug][gc,age       ] GC(218) Desired survivor size 15368192 bytes, new threshold 6 (max threshold 6)
[309.467s][info ][gc,heap      ] GC(218) ParNew: 248516K->12415K(270336K)
[309.467s][info ][gc,heap      ] GC(218) CMS: 428653K->428817K(600768K)
[309.467s][info ][gc,metaspace ] GC(218) Metaspace: 57719K->57719K(1101824K)
[309.467s][info ][gc           ] GC(218) Pause Young (Allocation Failure) 661M->430M(850M) 5.390ms
[309.467s][info ][gc,cpu       ] GC(218) User=0.02s Sys=0.00s Real=0.01s
[309.467s][info ][safepoint    ] Leaving safepoint region
[309.467s][info ][safepoint    ] Total time for which application threads were stopped: 0.0055639 seconds, Stopping threads took: 0.0000168 seconds
[310.467s][info ][safepoint    ] Application time: 1.0001057 seconds
[310.467s][info ][safepoint    ] Entering safepoint region: Cleanup
[310.467s][info ][safepoint    ] Leaving safepoint region
[310.467s][info ][safepoint    ] Total time for which application threads were stopped: 0.0001331 seconds, Stopping threads took: 0.0000667 seconds
[311.467s][info ][safepoint    ] Application time: 1.0000999 seconds
[311.467s][info ][safepoint    ] Entering safepoint region: Cleanup
[311.467s][info ][safepoint    ] Leaving safepoint region
[311.467s][info ][safepoint    ] Total time for which application threads were stopped: 0.0000924 seconds, Stopping threads took: 0.0000151 seconds
[312.366s][info ][safepoint    ] Application time: 0.8980270 seconds
[312.366s][info ][safepoint    ] Entering safepoint region: GenCollectForAllocation
[312.366s][info ][gc,start     ] GC(219) Pause Young (Allocation Failure)
[312.366s][info ][gc,task      ] GC(219) Using 4 workers of 4 for evacuation
[312.373s][debug][gc,ref       ] GC(219) Skipped phase1 of Reference Processing due to unavailable references
[312.373s][debug][gc,ref       ] GC(219) Skipped phase2 of Reference Processing due to unavailable references
[312.373s][debug][gc,ref       ] GC(219) Skipped phase3 of Reference Processing due to unavailable references
[312.373s][debug][gc,ref       ] GC(219) Skipped phase4 of Reference Processing due to unavailable references
[312.373s][debug][gc,age       ] GC(219) Desired survivor size 15368192 bytes, new threshold 6 (max threshold 6)
[312.373s][info ][gc,heap      ] GC(219) ParNew: 252735K->12904K(270336K)
[312.373s][info ][gc,heap      ] GC(219) CMS: 428817K->430358K(600768K)
[312.373s][info ][gc,metaspace ] GC(219) Metaspace: 57722K->57722K(1101824K)
[312.373s][info ][gc           ] GC(219) Pause Young (Allocation Failure) 665M->432M(850M) 7.272ms
[312.373s][info ][gc,cpu       ] GC(219) User=0.03s Sys=0.00s Real=0.01s
[312.373s][info ][safepoint    ] Leaving safepoint region
[312.373s][info ][safepoint    ] Total time for which application threads were stopped: 0.0074206 seconds, Stopping threads took: 0.0000164 seconds
[313.373s][info ][safepoint    ] Application time: 1.0000959 seconds
[313.373s][info ][safepoint    ] Entering safepoint region: Cleanup
[313.373s][info ][safepoint    ] Leaving safepoint region
[313.373s][info ][safepoint    ] Total time for which application threads were stopped: 0.0001073 seconds, Stopping threads took: 0.0000156 seconds
[313.708s][info ][safepoint    ] Application time: 0.3342845 seconds
[313.708s][info ][safepoint    ] Entering safepoint region: GenCollectForAllocation
[313.708s][info ][gc,start     ] GC(220) Pause Young (Allocation Failure)
[313.708s][info ][gc,task      ] GC(220) Using 4 workers of 4 for evacuation
[313.714s][debug][gc,ref       ] GC(220) Skipped phase1 of Reference Processing due to unavailable references
[313.714s][debug][gc,ref       ] GC(220) Skipped phase2 of Reference Processing due to unavailable references
[313.714s][debug][gc,ref       ] GC(220) Skipped phase3 of Reference Processing due to unavailable references
[313.714s][debug][gc,age       ] GC(220) Desired survivor size 15368192 bytes, new threshold 6 (max threshold 6)
[313.714s][info ][gc,heap      ] GC(220) ParNew: 253224K->12609K(270336K)
[313.714s][info ][gc,heap      ] GC(220) CMS: 430358K->430704K(600768K)
[313.714s][info ][gc,metaspace ] GC(220) Metaspace: 57762K->57762K(1101824K)
[313.714s][info ][gc           ] GC(220) Pause Young (Allocation Failure) 667M->432M(850M) 6.535ms
[313.714s][info ][gc,cpu       ] GC(220) User=0.02s Sys=0.01s Real=0.01s
[313.714s][info ][safepoint    ] Leaving safepoint region
[313.714s][info ][safepoint    ] Total time for which application threads were stopped: 0.0066984 seconds, Stopping threads took: 0.0000160 seconds
[314.714s][info ][safepoint    ] Application time: 1.0000986 seconds
[314.714s][info ][safepoint    ] Entering safepoint region: Cleanup
[314.715s][info ][safepoint    ] Leaving safepoint region
[314.715s][info ][safepoint    ] Total time for which application threads were stopped: 0.0001749 seconds, Stopping threads took: 0.0000416 seconds
[315.715s][info ][safepoint    ] Application time: 1.0000921 seconds
[315.715s][info ][safepoint    ] Entering safepoint region: Cleanup
[315.715s][info ][safepoint    ] Leaving safepoint region
[315.715s][info ][safepoint    ] Total time for which application threads were stopped: 0.0001221 seconds, Stopping threads took: 0.0000453 seconds
[316.715s][info ][safepoint    ] Application time: 1.0001025 seconds
[316.715s][info ][safepoint    ] Entering safepoint region: Cleanup
[316.715s][info ][safepoint    ] Leaving safepoint region
[316.715s][info ][safepoint    ] Total time for which application threads were stopped: 0.0001113 seconds, Stopping threads took: 0.0000415 seconds
[316.858s][info ][safepoint    ] Application time: 0.1430370 seconds
[316.858s][info ][safepoint    ] Entering safepoint region: GenCollectForAllocation
[316.858s][info ][gc,start     ] GC(221) Pause Young (Allocation Failure)
[316.858s][info ][gc,task      ] GC(221) Using 4 workers of 4 for evacuation
[316.863s][debug][gc,ref       ] GC(221) Skipped phase1 of Reference Processing due to unavailable references
[316.864s][debug][gc,ref       ] GC(221) Skipped phase2 of Reference Processing due to unavailable references
[316.864s][debug][gc,ref       ] GC(221) Skipped phase3 of Reference Processing due to unavailable references
[316.864s][debug][gc,ref       ] GC(221) Skipped phase4 of Reference Processing due to unavailable references
[316.864s][debug][gc,age       ] GC(221) Desired survivor size 15368192 bytes, new threshold 6 (max threshold 6)
[316.864s][info ][gc,heap      ] GC(221) ParNew: 252929K->14260K(270336K)
[316.864s][info ][gc,heap      ] GC(221) CMS: 430704K->430764K(600768K)
[316.864s][info ][gc,metaspace ] GC(221) Metaspace: 57767K->57767K(1101824K)
[316.864s][info ][gc           ] GC(221) Pause Young (Allocation Failure) 667M->434M(850M) 5.471ms
[316.864s][info ][gc,cpu       ] GC(221) User=0.02s Sys=0.00s Real=0.01s
[316.864s][info ][safepoint    ] Leaving safepoint region
[316.864s][info ][safepoint    ] Total time for which application threads were stopped: 0.0056193 seconds, Stopping threads took: 0.0000172 seconds
[317.864s][info ][safepoint    ] Application time: 1.0001297 seconds
[317.864s][info ][safepoint    ] Entering safepoint region: Cleanup
[317.864s][info ][safepoint    ] Leaving safepoint region
[317.864s][info ][safepoint    ] Total time for which application threads were stopped: 0.0001063 seconds, Stopping threads took: 0.0000424 seconds
[318.864s][info ][safepoint    ] Application time: 1.0000938 seconds
[318.864s][info ][safepoint    ] Entering safepoint region: Cleanup
[318.864s][info ][safepoint    ] Leaving safepoint region
[318.864s][info ][safepoint    ] Total time for which application threads were stopped: 0.0001085 seconds, Stopping threads took: 0.0000440 seconds
[319.762s][info ][safepoint    ] Application time: 0.8973412 seconds
[319.762s][info ][safepoint    ] Entering safepoint region: GenCollectForAllocation
[319.762s][info ][gc,start     ] GC(222) Pause Young (Allocation Failure)
[319.762s][info ][gc,task      ] GC(222) Using 4 workers of 4 for evacuation
[319.769s][debug][gc,ref       ] GC(222) Skipped phase1 of Reference Processing due to unavailable references
[319.769s][debug][gc,ref       ] GC(222) Skipped phase2 of Reference Processing due to unavailable references
[319.769s][debug][gc,ref       ] GC(222) Skipped phase3 of Reference Processing due to unavailable references
[319.769s][debug][gc,ref       ] GC(222) Skipped phase4 of Reference Processing due to unavailable references
[319.769s][debug][gc,age       ] GC(222) Desired survivor size 15368192 bytes, new threshold 6 (max threshold 6)
[319.769s][info ][gc,heap      ] GC(222) ParNew: 254580K->11600K(270336K)
[319.769s][info ][gc,heap      ] GC(222) CMS: 430764K->432077K(600768K)
[319.769s][info ][gc,metaspace ] GC(222) Metaspace: 57767K->57767K(1101824K)
[319.769s][info ][gc           ] GC(222) Pause Young (Allocation Failure) 669M->433M(850M) 7.036ms
[319.769s][info ][gc,cpu       ] GC(222) User=0.03s Sys=0.00s Real=0.01s
[319.769s][info ][safepoint    ] Leaving safepoint region
[319.769s][info ][safepoint    ] Total time for which application threads were stopped: 0.0072368 seconds, Stopping threads took: 0.0000610 seconds
[320.769s][info ][safepoint    ] Application time: 1.0000997 seconds
[320.769s][info ][safepoint    ] Entering safepoint region: Cleanup
[320.769s][info ][safepoint    ] Leaving safepoint region
[320.769s][info ][safepoint    ] Total time for which application threads were stopped: 0.0001160 seconds, Stopping threads took: 0.0000182 seconds
[321.769s][info ][safepoint    ] Application time: 1.0000866 seconds
[321.769s][info ][safepoint    ] Entering safepoint region: Cleanup
[321.769s][info ][safepoint    ] Leaving safepoint region
[321.769s][info ][safepoint    ] Total time for which application threads were stopped: 0.0000746 seconds, Stopping threads took: 0.0000165 seconds
[322.513s][info ][safepoint    ] Application time: 0.7433314 seconds
[322.513s][info ][safepoint    ] Entering safepoint region: GenCollectForAllocation
[322.513s][info ][gc,start     ] GC(223) Pause Young (Allocation Failure)
[322.513s][info ][gc,task      ] GC(223) Using 4 workers of 4 for evacuation
[322.520s][debug][gc,ref       ] GC(223) Skipped phase1 of Reference Processing due to unavailable references
[322.520s][debug][gc,ref       ] GC(223) Skipped phase3 of Reference Processing due to unavailable references
[322.520s][debug][gc,age       ] GC(223) Desired survivor size 15368192 bytes, new threshold 6 (max threshold 6)
[322.520s][info ][gc,heap      ] GC(223) ParNew: 251920K->15936K(270336K)
[322.520s][info ][gc,heap      ] GC(223) CMS: 432077K->432191K(600768K)
[322.520s][info ][gc,metaspace ] GC(223) Metaspace: 57770K->57770K(1101824K)
[322.520s][info ][gc           ] GC(223) Pause Young (Allocation Failure) 667M->437M(850M) 7.445ms
[322.520s][info ][gc,cpu       ] GC(223) User=0.03s Sys=0.00s Real=0.00s
[322.520s][info ][safepoint    ] Leaving safepoint region
[322.520s][info ][safepoint    ] Total time for which application threads were stopped: 0.0076497 seconds, Stopping threads took: 0.0000156 seconds
[323.521s][info ][safepoint    ] Application time: 1.0002010 seconds
[323.521s][info ][safepoint    ] Entering safepoint region: Cleanup
[323.521s][info ][safepoint    ] Leaving safepoint region
[323.521s][info ][safepoint    ] Total time for which application threads were stopped: 0.0000818 seconds, Stopping threads took: 0.0000281 seconds
[324.521s][info ][safepoint    ] Application time: 1.0000776 seconds
[324.521s][info ][safepoint    ] Entering safepoint region: Cleanup
[324.521s][info ][safepoint    ] Leaving safepoint region
[324.521s][info ][safepoint    ] Total time for which application threads were stopped: 0.0000982 seconds, Stopping threads took: 0.0000324 seconds
[325.521s][info ][safepoint    ] Application time: 1.0001047 seconds
[325.521s][info ][safepoint    ] Entering safepoint region: Cleanup
[325.521s][info ][safepoint    ] Leaving safepoint region
[325.521s][info ][safepoint    ] Total time for which application threads were stopped: 0.0000763 seconds, Stopping threads took: 0.0000171 seconds
[325.656s][info ][safepoint    ] Application time: 0.1344754 seconds
[325.656s][info ][safepoint    ] Entering safepoint region: GenCollectForAllocation
[325.656s][info ][gc,start     ] GC(224) Pause Young (Allocation Failure)
[325.656s][info ][gc,task      ] GC(224) Using 4 workers of 4 for evacuation
[325.663s][debug][gc,ref       ] GC(224) Skipped phase1 of Reference Processing due to unavailable references
[325.663s][debug][gc,ref       ] GC(224) Skipped phase3 of Reference Processing due to unavailable references
[325.663s][debug][gc,ref       ] GC(224) Skipped phase4 of Reference Processing due to unavailable references
[325.663s][debug][gc,age       ] GC(224) Desired survivor size 15368192 bytes, new threshold 6 (max threshold 6)
[325.663s][info ][gc,heap      ] GC(224) ParNew: 256256K->13009K(270336K)
[325.663s][info ][gc,heap      ] GC(224) CMS: 432191K->433526K(600768K)
[325.663s][info ][gc,metaspace ] GC(224) Metaspace: 57772K->57772K(1101824K)
[325.663s][info ][gc           ] GC(224) Pause Young (Allocation Failure) 672M->436M(850M) 7.050ms
[325.663s][info ][gc,cpu       ] GC(224) User=0.03s Sys=0.00s Real=0.01s
[325.663s][info ][safepoint    ] Leaving safepoint region
[325.663s][info ][safepoint    ] Total time for which application threads were stopped: 0.0071902 seconds, Stopping threads took: 0.0000157 seconds
[326.663s][info ][safepoint    ] Application time: 1.0002107 seconds
[326.663s][info ][safepoint    ] Entering safepoint region: Cleanup
[326.663s][info ][safepoint    ] Leaving safepoint region
[326.663s][info ][safepoint    ] Total time for which application threads were stopped: 0.0001975 seconds, Stopping threads took: 0.0000773 seconds
[327.663s][info ][safepoint    ] Application time: 1.0000922 seconds
[327.664s][info ][safepoint    ] Entering safepoint region: Cleanup
[327.664s][info ][safepoint    ] Leaving safepoint region
[327.664s][info ][safepoint    ] Total time for which application threads were stopped: 0.0001553 seconds, Stopping threads took: 0.0000847 seconds
[328.409s][info ][safepoint    ] Application time: 0.7458352 seconds
[328.409s][info ][safepoint    ] Entering safepoint region: GenCollectForAllocation
[328.410s][info ][gc,start     ] GC(225) Pause Young (Allocation Failure)
[328.410s][info ][gc,task      ] GC(225) Using 4 workers of 4 for evacuation
[328.417s][debug][gc,ref       ] GC(225) Skipped phase1 of Reference Processing due to unavailable references
[328.417s][debug][gc,ref       ] GC(225) Skipped phase3 of Reference Processing due to unavailable references
[328.417s][debug][gc,ref       ] GC(225) Skipped phase4 of Reference Processing due to unavailable references
[328.418s][debug][gc,age       ] GC(225) Desired survivor size 15368192 bytes, new threshold 6 (max threshold 6)
[328.418s][info ][gc,heap      ] GC(225) ParNew: 253329K->17693K(270336K)
[328.418s][info ][gc,heap      ] GC(225) CMS: 433526K->434966K(600768K)
[328.418s][info ][gc,metaspace ] GC(225) Metaspace: 57772K->57772K(1101824K)
[328.418s][info ][gc           ] GC(225) Pause Young (Allocation Failure) 670M->442M(850M) 7.992ms
[328.418s][info ][gc,cpu       ] GC(225) User=0.03s Sys=0.00s Real=0.01s
[328.418s][info ][safepoint    ] Leaving safepoint region
[328.418s][info ][safepoint    ] Total time for which application threads were stopped: 0.0081522 seconds, Stopping threads took: 0.0000186 seconds
[329.418s][info ][safepoint    ] Application time: 1.0001158 seconds
[329.418s][info ][safepoint    ] Entering safepoint region: Cleanup
[329.418s][info ][safepoint    ] Leaving safepoint region
[329.418s][info ][safepoint    ] Total time for which application threads were stopped: 0.0000668 seconds, Stopping threads took: 0.0000170 seconds
[330.418s][info ][safepoint    ] Application time: 1.0000889 seconds
[330.418s][info ][safepoint    ] Entering safepoint region: Cleanup
[330.418s][info ][safepoint    ] Leaving safepoint region
[330.418s][info ][safepoint    ] Total time for which application threads were stopped: 0.0000817 seconds, Stopping threads took: 0.0000311 seconds
[331.418s][info ][safepoint    ] Application time: 1.0000902 seconds
[331.418s][info ][safepoint    ] Entering safepoint region: Cleanup
[331.418s][info ][safepoint    ] Leaving safepoint region
[331.418s][info ][safepoint    ] Total time for which application threads were stopped: 0.0000782 seconds, Stopping threads took: 0.0000154 seconds
[331.516s][info ][safepoint    ] Application time: 0.0978202 seconds
[331.516s][info ][safepoint    ] Entering safepoint region: GenCollectForAllocation
[331.516s][info ][gc,start     ] GC(226) Pause Young (Allocation Failure)
[331.516s][info ][gc,task      ] GC(226) Using 4 workers of 4 for evacuation
[331.522s][debug][gc,ref       ] GC(226) Skipped phase1 of Reference Processing due to unavailable references
[331.522s][debug][gc,ref       ] GC(226) Skipped phase3 of Reference Processing due to unavailable references
[331.522s][debug][gc,ref       ] GC(226) Skipped phase4 of Reference Processing due to unavailable references
[331.522s][debug][gc,age       ] GC(226) Desired survivor size 15368192 bytes, new threshold 6 (max threshold 6)
[331.522s][info ][gc,heap      ] GC(226) ParNew: 258013K->12581K(270336K)
[331.522s][info ][gc,heap      ] GC(226) CMS: 434966K->435213K(600768K)
[331.522s][info ][gc,metaspace ] GC(226) Metaspace: 57773K->57773K(1101824K)
[331.522s][info ][gc           ] GC(226) Pause Young (Allocation Failure) 676M->437M(850M) 6.219ms
[331.522s][info ][gc,cpu       ] GC(226) User=0.02s Sys=0.00s Real=0.01s
[331.523s][info ][safepoint    ] Leaving safepoint region
[331.523s][info ][safepoint    ] Total time for which application threads were stopped: 0.0063715 seconds, Stopping threads took: 0.0000162 seconds
[332.523s][info ][safepoint    ] Application time: 1.0001040 seconds
[332.523s][info ][safepoint    ] Entering safepoint region: Cleanup
[332.523s][info ][safepoint    ] Leaving safepoint region
[332.523s][info ][safepoint    ] Total time for which application threads were stopped: 0.0000734 seconds, Stopping threads took: 0.0000158 seconds
[333.523s][info ][safepoint    ] Application time: 1.0000880 seconds
[333.523s][info ][safepoint    ] Entering safepoint region: Cleanup
[333.523s][info ][safepoint    ] Leaving safepoint region
[333.523s][info ][safepoint    ] Total time for which application threads were stopped: 0.0000872 seconds, Stopping threads took: 0.0000161 seconds
[334.013s][info ][safepoint    ] Application time: 0.4899016 seconds
[334.013s][info ][safepoint    ] Entering safepoint region: GenCollectForAllocation
[334.013s][info ][gc,start     ] GC(227) Pause Young (Allocation Failure)
[334.013s][info ][gc,task      ] GC(227) Using 4 workers of 4 for evacuation
[334.020s][debug][gc,ref       ] GC(227) Skipped phase1 of Reference Processing due to unavailable references
[334.020s][debug][gc,ref       ] GC(227) Skipped phase3 of Reference Processing due to unavailable references
[334.020s][debug][gc,age       ] GC(227) Desired survivor size 15368192 bytes, new threshold 6 (max threshold 6)
[334.020s][info ][gc,heap      ] GC(227) ParNew: 252901K->18253K(270336K)
[334.020s][info ][gc,heap      ] GC(227) CMS: 435213K->435311K(600768K)
[334.020s][info ][gc,metaspace ] GC(227) Metaspace: 57783K->57783K(1101824K)
[334.020s][info ][gc           ] GC(227) Pause Young (Allocation Failure) 671M->442M(850M) 7.228ms
[334.020s][info ][gc,cpu       ] GC(227) User=0.03s Sys=0.00s Real=0.00s
[334.020s][info ][safepoint    ] Leaving safepoint region
[334.020s][info ][safepoint    ] Total time for which application threads were stopped: 0.0073858 seconds, Stopping threads took: 0.0000153 seconds
[335.020s][info ][safepoint    ] Application time: 1.0001029 seconds
[335.020s][info ][safepoint    ] Entering safepoint region: Cleanup
[335.020s][info ][safepoint    ] Leaving safepoint region
[335.020s][info ][safepoint    ] Total time for which application threads were stopped: 0.0000865 seconds, Stopping threads took: 0.0000336 seconds
[336.021s][info ][safepoint    ] Application time: 1.0000848 seconds
[336.021s][info ][safepoint    ] Entering safepoint region: Cleanup
[336.021s][info ][safepoint    ] Leaving safepoint region
[336.021s][info ][safepoint    ] Total time for which application threads were stopped: 0.0001491 seconds, Stopping threads took: 0.0000911 seconds
[336.717s][info ][safepoint    ] Application time: 0.6958672 seconds
[336.717s][info ][safepoint    ] Entering safepoint region: GenCollectForAllocation
[336.717s][info ][gc,start     ] GC(228) Pause Young (Allocation Failure)
[336.717s][info ][gc,task      ] GC(228) Using 4 workers of 4 for evacuation
[336.724s][debug][gc,ref       ] GC(228) Skipped phase1 of Reference Processing due to unavailable references
[336.724s][debug][gc,ref       ] GC(228) Skipped phase3 of Reference Processing due to unavailable references
[336.724s][debug][gc,age       ] GC(228) Desired survivor size 15368192 bytes, new threshold 6 (max threshold 6)
[336.724s][info ][gc,heap      ] GC(228) ParNew: 258573K->19757K(270336K)
[336.724s][info ][gc,heap      ] GC(228) CMS: 435311K->436394K(600768K)
[336.724s][info ][gc,metaspace ] GC(228) Metaspace: 57787K->57787K(1101824K)
[336.724s][info ][gc           ] GC(228) Pause Young (Allocation Failure) 677M->445M(850M) 7.353ms
[336.724s][info ][gc,cpu       ] GC(228) User=0.02s Sys=0.01s Real=0.01s
[336.724s][info ][safepoint    ] Leaving safepoint region
[336.724s][info ][safepoint    ] Total time for which application threads were stopped: 0.0075130 seconds, Stopping threads took: 0.0000169 seconds
[337.724s][info ][safepoint    ] Application time: 1.0001212 seconds
[337.724s][info ][safepoint    ] Entering safepoint region: Cleanup
[337.724s][info ][safepoint    ] Leaving safepoint region
[337.724s][info ][safepoint    ] Total time for which application threads were stopped: 0.0000877 seconds, Stopping threads took: 0.0000164 seconds
[338.725s][info ][safepoint    ] Application time: 1.0000731 seconds
[338.725s][info ][safepoint    ] Entering safepoint region: Cleanup
[338.725s][info ][safepoint    ] Leaving safepoint region
[338.725s][info ][safepoint    ] Total time for which application threads were stopped: 0.0000779 seconds, Stopping threads took: 0.0000160 seconds
[339.725s][info ][safepoint    ] Application time: 1.0008640 seconds
[339.726s][info ][safepoint    ] Entering safepoint region: Cleanup
[339.726s][info ][safepoint    ] Leaving safepoint region
[339.726s][info ][safepoint    ] Total time for which application threads were stopped: 0.0000742 seconds, Stopping threads took: 0.0000169 seconds
[339.806s][info ][safepoint    ] Application time: 0.0801823 seconds
[339.806s][info ][safepoint    ] Entering safepoint region: GenCollectForAllocation
[339.806s][info ][gc,start     ] GC(229) Pause Young (Allocation Failure)
[339.806s][info ][gc,task      ] GC(229) Using 4 workers of 4 for evacuation
[339.813s][debug][gc,ref       ] GC(229) Skipped phase1 of Reference Processing due to unavailable references
[339.813s][debug][gc,ref       ] GC(229) Skipped phase3 of Reference Processing due to unavailable references
[339.813s][debug][gc,age       ] GC(229) Desired survivor size 15368192 bytes, new threshold 6 (max threshold 6)
[339.813s][info ][gc,heap      ] GC(229) ParNew: 260077K->12136K(270336K)
[339.813s][info ][gc,heap      ] GC(229) CMS: 436394K->439234K(600768K)
[339.813s][info ][gc,metaspace ] GC(229) Metaspace: 57798K->57798K(1101824K)
[339.813s][info ][gc           ] GC(229) Pause Young (Allocation Failure) 680M->440M(850M) 7.526ms
[339.813s][info ][gc,cpu       ] GC(229) User=0.02s Sys=0.00s Real=0.01s
[339.813s][info ][safepoint    ] Leaving safepoint region
[339.813s][info ][safepoint    ] Total time for which application threads were stopped: 0.0076757 seconds, Stopping threads took: 0.0000164 seconds
[340.814s][info ][safepoint    ] Application time: 1.0001153 seconds
[340.814s][info ][safepoint    ] Entering safepoint region: Cleanup
[340.814s][info ][safepoint    ] Leaving safepoint region
[340.814s][info ][safepoint    ] Total time for which application threads were stopped: 0.0001364 seconds, Stopping threads took: 0.0000699 seconds
[341.814s][info ][safepoint    ] Application time: 1.0000777 seconds
[341.814s][info ][safepoint    ] Entering safepoint region: Cleanup
[341.814s][info ][safepoint    ] Leaving safepoint region
[341.814s][info ][safepoint    ] Total time for which application threads were stopped: 0.0002509 seconds, Stopping threads took: 0.0000883 seconds
[342.262s][info ][safepoint    ] Application time: 0.4474551 seconds
[342.262s][info ][safepoint    ] Entering safepoint region: GenCollectForAllocation
[342.262s][info ][gc,start     ] GC(230) Pause Young (Allocation Failure)
[342.262s][info ][gc,task      ] GC(230) Using 4 workers of 4 for evacuation
[342.268s][debug][gc,ref       ] GC(230) Skipped phase1 of Reference Processing due to unavailable references
[342.268s][debug][gc,ref       ] GC(230) Skipped phase3 of Reference Processing due to unavailable references
[342.268s][debug][gc,age       ] GC(230) Desired survivor size 15368192 bytes, new threshold 6 (max threshold 6)
[342.268s][info ][gc,heap      ] GC(230) ParNew: 252456K->18134K(270336K)
[342.268s][info ][gc,heap      ] GC(230) CMS: 439234K->439431K(600768K)
[342.268s][info ][gc,metaspace ] GC(230) Metaspace: 57798K->57798K(1101824K)
[342.268s][info ][gc           ] GC(230) Pause Young (Allocation Failure) 675M->446M(850M) 6.529ms
[342.268s][info ][gc,cpu       ] GC(230) User=0.02s Sys=0.00s Real=0.01s
[342.268s][info ][safepoint    ] Leaving safepoint region
[342.268s][info ][safepoint    ] Total time for which application threads were stopped: 0.0066843 seconds, Stopping threads took: 0.0000177 seconds
[343.268s][info ][safepoint    ] Application time: 1.0001256 seconds
[343.269s][info ][safepoint    ] Entering safepoint region: Cleanup
[343.269s][info ][safepoint    ] Leaving safepoint region
[343.269s][info ][safepoint    ] Total time for which application threads were stopped: 0.0000834 seconds, Stopping threads took: 0.0000146 seconds
[344.269s][info ][safepoint    ] Application time: 1.0000936 seconds
[344.269s][info ][safepoint    ] Entering safepoint region: Cleanup
[344.269s][info ][safepoint    ] Leaving safepoint region
[344.269s][info ][safepoint    ] Total time for which application threads were stopped: 0.0000857 seconds, Stopping threads took: 0.0000170 seconds
[344.856s][info ][safepoint    ] Application time: 0.5874512 seconds
[344.856s][info ][safepoint    ] Entering safepoint region: GenCollectForAllocation
[344.856s][info ][gc,start     ] GC(231) Pause Young (Allocation Failure)
[344.856s][info ][gc,task      ] GC(231) Using 4 workers of 4 for evacuation
[344.874s][debug][gc,ref       ] GC(231) Skipped phase1 of Reference Processing due to unavailable references
[344.874s][debug][gc,ref       ] GC(231) Skipped phase3 of Reference Processing due to unavailable references
[344.874s][debug][gc,age       ] GC(231) Desired survivor size 15368192 bytes, new threshold 6 (max threshold 6)
[344.874s][info ][gc,heap      ] GC(231) ParNew: 258454K->16714K(270336K)
[344.874s][info ][gc,heap      ] GC(231) CMS: 439431K->440546K(600768K)
[344.874s][info ][gc,metaspace ] GC(231) Metaspace: 57801K->57801K(1101824K)
[344.874s][info ][gc           ] GC(231) Pause Young (Allocation Failure) 681M->446M(850M) 17.906ms
[344.874s][info ][gc,cpu       ] GC(231) User=0.02s Sys=0.00s Real=0.02s
[344.874s][info ][safepoint    ] Leaving safepoint region
[344.874s][info ][safepoint    ] Total time for which application threads were stopped: 0.0180566 seconds, Stopping threads took: 0.0000162 seconds
[345.874s][info ][safepoint    ] Application time: 1.0001014 seconds
[345.875s][info ][safepoint    ] Entering safepoint region: Cleanup
[345.875s][info ][safepoint    ] Leaving safepoint region
[345.875s][info ][safepoint    ] Total time for which application threads were stopped: 0.0000999 seconds, Stopping threads took: 0.0000203 seconds
[347.035s][info ][safepoint    ] Application time: 1.1599962 seconds
[347.035s][info ][safepoint    ] Entering safepoint region: RevokeBias
[347.035s][info ][safepoint    ] Leaving safepoint region
[347.035s][info ][safepoint    ] Total time for which application threads were stopped: 0.0000809 seconds, Stopping threads took: 0.0000141 seconds
[347.461s][info ][safepoint    ] Application time: 0.4267195 seconds
[347.462s][info ][safepoint    ] Entering safepoint region: GenCollectForAllocation
[347.462s][info ][gc,start     ] GC(232) Pause Young (Allocation Failure)
[347.462s][info ][gc,task      ] GC(232) Using 4 workers of 4 for evacuation
[347.468s][debug][gc,ref       ] GC(232) Skipped phase1 of Reference Processing due to unavailable references
[347.468s][debug][gc,ref       ] GC(232) Skipped phase3 of Reference Processing due to unavailable references
[347.469s][debug][gc,age       ] GC(232) Desired survivor size 15368192 bytes, new threshold 6 (max threshold 6)
[347.469s][info ][gc,heap      ] GC(232) ParNew: 257034K->19955K(270336K)
[347.469s][info ][gc,heap      ] GC(232) CMS: 440546K->440582K(600768K)
[347.469s][info ][gc,metaspace ] GC(232) Metaspace: 57811K->57811K(1101824K)
[347.469s][info ][gc           ] GC(232) Pause Young (Allocation Failure) 681M->449M(850M) 6.979ms
[347.469s][info ][gc,cpu       ] GC(232) User=0.03s Sys=0.00s Real=0.01s
[347.469s][info ][safepoint    ] Leaving safepoint region
[347.469s][info ][safepoint    ] Total time for which application threads were stopped: 0.0071419 seconds, Stopping threads took: 0.0000157 seconds
[348.469s][info ][safepoint    ] Application time: 1.0002653 seconds
[348.469s][info ][safepoint    ] Entering safepoint region: Cleanup
[348.469s][info ][safepoint    ] Leaving safepoint region
[348.469s][info ][safepoint    ] Total time for which application threads were stopped: 0.0000855 seconds, Stopping threads took: 0.0000162 seconds
[349.469s][info ][safepoint    ] Application time: 1.0000957 seconds
[349.469s][info ][safepoint    ] Entering safepoint region: Cleanup
[349.469s][info ][safepoint    ] Leaving safepoint region
[349.469s][info ][safepoint    ] Total time for which application threads were stopped: 0.0001280 seconds, Stopping threads took: 0.0000503 seconds
[350.113s][info ][safepoint    ] Application time: 0.6440551 seconds
[350.113s][info ][safepoint    ] Entering safepoint region: GenCollectForAllocation
[350.114s][info ][gc,start     ] GC(233) Pause Young (Allocation Failure)
[350.114s][info ][gc,task      ] GC(233) Using 4 workers of 4 for evacuation
[350.124s][debug][gc,ref       ] GC(233) Skipped phase1 of Reference Processing due to unavailable references
[350.124s][debug][gc,ref       ] GC(233) Skipped phase3 of Reference Processing due to unavailable references
[350.124s][debug][gc,ref       ] GC(233) Skipped phase4 of Reference Processing due to unavailable references
[350.124s][debug][gc,age       ] GC(233) Desired survivor size 15368192 bytes, new threshold 6 (max threshold 6)
[350.124s][info ][gc,heap      ] GC(233) ParNew: 260275K->18677K(270336K)
[350.124s][info ][gc,heap      ] GC(233) CMS: 440582K->442895K(600768K)
[350.124s][info ][gc,metaspace ] GC(233) Metaspace: 57811K->57811K(1101824K)
[350.125s][info ][gc           ] GC(233) Pause Young (Allocation Failure) 684M->450M(850M) 10.971ms
[350.125s][info ][gc,cpu       ] GC(233) User=0.04s Sys=0.00s Real=0.01s
[350.125s][info ][safepoint    ] Leaving safepoint region
[350.125s][info ][safepoint    ] Total time for which application threads were stopped: 0.0112700 seconds, Stopping threads took: 0.0000177 seconds
[351.128s][info ][safepoint    ] Application time: 1.0034268 seconds
[351.128s][info ][safepoint    ] Entering safepoint region: Cleanup
[351.128s][info ][safepoint    ] Leaving safepoint region
[351.128s][info ][safepoint    ] Total time for which application threads were stopped: 0.0000776 seconds, Stopping threads took: 0.0000174 seconds
[352.132s][info ][safepoint    ] Application time: 1.0035057 seconds
[352.132s][info ][safepoint    ] Entering safepoint region: Cleanup
[352.132s][info ][safepoint    ] Leaving safepoint region
[352.132s][info ][safepoint    ] Total time for which application threads were stopped: 0.0002089 seconds, Stopping threads took: 0.0001067 seconds
[352.468s][info ][safepoint    ] Application time: 0.3356633 seconds
[352.468s][info ][safepoint    ] Entering safepoint region: GenCollectForAllocation
[352.468s][info ][gc,start     ] GC(234) Pause Young (Allocation Failure)
[352.468s][info ][gc,task      ] GC(234) Using 4 workers of 4 for evacuation
[352.476s][debug][gc,ref       ] GC(234) Skipped phase1 of Reference Processing due to unavailable references
[352.476s][debug][gc,ref       ] GC(234) Skipped phase3 of Reference Processing due to unavailable references
[352.476s][debug][gc,ref       ] GC(234) Skipped phase4 of Reference Processing due to unavailable references
[352.476s][debug][gc,age       ] GC(234) Desired survivor size 15368192 bytes, new threshold 6 (max threshold 6)
[352.476s][info ][gc,heap      ] GC(234) ParNew: 258997K->20689K(270336K)
[352.476s][info ][gc,heap      ] GC(234) CMS: 442895K->444128K(600768K)
[352.476s][info ][gc,metaspace ] GC(234) Metaspace: 57812K->57812K(1101824K)
[352.476s][info ][gc           ] GC(234) Pause Young (Allocation Failure) 685M->453M(850M) 8.155ms
[352.476s][info ][gc,cpu       ] GC(234) User=0.03s Sys=0.00s Real=0.01s
[352.476s][info ][safepoint    ] Leaving safepoint region
[352.476s][info ][safepoint    ] Total time for which application threads were stopped: 0.0083156 seconds, Stopping threads took: 0.0000168 seconds
[353.476s][info ][safepoint    ] Application time: 1.0001029 seconds
[353.476s][info ][safepoint    ] Entering safepoint region: Cleanup
[353.476s][info ][safepoint    ] Leaving safepoint region
[353.476s][info ][safepoint    ] Total time for which application threads were stopped: 0.0000787 seconds, Stopping threads took: 0.0000176 seconds
[354.476s][info ][safepoint    ] Application time: 1.0000879 seconds
[354.476s][info ][safepoint    ] Entering safepoint region: Cleanup
[354.477s][info ][safepoint    ] Leaving safepoint region
[354.477s][info ][safepoint    ] Total time for which application threads were stopped: 0.0000836 seconds, Stopping threads took: 0.0000189 seconds
[355.057s][info ][safepoint    ] Application time: 0.5801308 seconds
[355.057s][info ][safepoint    ] Entering safepoint region: GenCollectForAllocation
[355.057s][info ][gc,start     ] GC(235) Pause Young (Allocation Failure)
[355.057s][info ][gc,task      ] GC(235) Using 4 workers of 4 for evacuation
[355.064s][debug][gc,ref       ] GC(235) Skipped phase1 of Reference Processing due to unavailable references
[355.064s][debug][gc,ref       ] GC(235) Skipped phase3 of Reference Processing due to unavailable references
[355.064s][debug][gc,ref       ] GC(235) Skipped phase4 of Reference Processing due to unavailable references
[355.064s][debug][gc,age       ] GC(235) Desired survivor size 15368192 bytes, new threshold 6 (max threshold 6)
[355.064s][info ][gc,heap      ] GC(235) ParNew: 261009K->21811K(270336K)
[355.064s][info ][gc,heap      ] GC(235) CMS: 444128K->444223K(600768K)
[355.064s][info ][gc,metaspace ] GC(235) Metaspace: 57812K->57812K(1101824K)
[355.064s][info ][gc           ] GC(235) Pause Young (Allocation Failure) 688M->455M(850M) 7.474ms
[355.064s][info ][gc,cpu       ] GC(235) User=0.03s Sys=0.00s Real=0.01s
[355.064s][info ][safepoint    ] Leaving safepoint region
[355.064s][info ][safepoint    ] Total time for which application threads were stopped: 0.0076989 seconds, Stopping threads took: 0.0000155 seconds
[356.064s][info ][safepoint    ] Application time: 1.0000997 seconds
[356.065s][info ][safepoint    ] Entering safepoint region: Cleanup
[356.065s][info ][safepoint    ] Leaving safepoint region
[356.065s][info ][safepoint    ] Total time for which application threads were stopped: 0.0001076 seconds, Stopping threads took: 0.0000401 seconds
[357.065s][info ][safepoint    ] Application time: 1.0008415 seconds
[357.066s][info ][safepoint    ] Entering safepoint region: Cleanup
[357.066s][info ][safepoint    ] Leaving safepoint region
[357.066s][info ][safepoint    ] Total time for which application threads were stopped: 0.0001199 seconds, Stopping threads took: 0.0000440 seconds
[357.665s][info ][safepoint    ] Application time: 0.5988762 seconds
[357.665s][info ][safepoint    ] Entering safepoint region: GenCollectForAllocation
[357.665s][info ][gc,start     ] GC(236) Pause Young (Allocation Failure)
[357.665s][info ][gc,task      ] GC(236) Using 4 workers of 4 for evacuation
[357.675s][debug][gc,ref       ] GC(236) Skipped phase1 of Reference Processing due to unavailable references
[357.675s][debug][gc,ref       ] GC(236) Skipped phase2 of Reference Processing due to unavailable references
[357.675s][debug][gc,ref       ] GC(236) Skipped phase3 of Reference Processing due to unavailable references
[357.675s][debug][gc,ref       ] GC(236) Skipped phase4 of Reference Processing due to unavailable references
[357.675s][debug][gc,age       ] GC(236) Desired survivor size 15368192 bytes, new threshold 6 (max threshold 6)
[357.675s][info ][gc,heap      ] GC(236) ParNew: 262131K->19974K(270336K)
[357.675s][info ][gc,heap      ] GC(236) CMS: 444223K->446784K(600768K)
[357.675s][info ][gc,metaspace ] GC(236) Metaspace: 57813K->57813K(1101824K)
[357.675s][info ][gc           ] GC(236) Pause Young (Allocation Failure) 689M->455M(850M) 10.201ms
[357.675s][info ][gc,cpu       ] GC(236) User=0.03s Sys=0.00s Real=0.01s
[357.675s][info ][safepoint    ] Leaving safepoint region
[357.675s][info ][safepoint    ] Total time for which application threads were stopped: 0.0103763 seconds, Stopping threads took: 0.0000171 seconds
[358.675s][info ][safepoint    ] Application time: 1.0000975 seconds
[358.675s][info ][safepoint    ] Entering safepoint region: Cleanup
[358.675s][info ][safepoint    ] Leaving safepoint region
[358.675s][info ][safepoint    ] Total time for which application threads were stopped: 0.0000728 seconds, Stopping threads took: 0.0000190 seconds
[359.675s][info ][safepoint    ] Application time: 1.0001248 seconds
[359.675s][info ][safepoint    ] Entering safepoint region: Cleanup
[359.675s][info ][safepoint    ] Leaving safepoint region
[359.675s][info ][safepoint    ] Total time for which application threads were stopped: 0.0000783 seconds, Stopping threads took: 0.0000162 seconds
[360.169s][info ][safepoint    ] Application time: 0.4932405 seconds
[360.169s][info ][safepoint    ] Entering safepoint region: GenCollectForAllocation
[360.169s][info ][gc,start     ] GC(237) Pause Young (Allocation Failure)
[360.169s][info ][gc,task      ] GC(237) Using 4 workers of 4 for evacuation
[360.178s][debug][gc,ref       ] GC(237) Skipped phase1 of Reference Processing due to unavailable references
[360.178s][debug][gc,ref       ] GC(237) Skipped phase2 of Reference Processing due to unavailable references
[360.178s][debug][gc,ref       ] GC(237) Skipped phase3 of Reference Processing due to unavailable references
[360.178s][debug][gc,ref       ] GC(237) Skipped phase4 of Reference Processing due to unavailable references
[360.178s][debug][gc,age       ] GC(237) Desired survivor size 15368192 bytes, new threshold 6 (max threshold 6)
[360.178s][info ][gc,heap      ] GC(237) ParNew: 260294K->18820K(270336K)
[360.178s][info ][gc,heap      ] GC(237) CMS: 446784K->447912K(600768K)
[360.178s][info ][gc,metaspace ] GC(237) Metaspace: 57813K->57813K(1101824K)
[360.178s][info ][gc           ] GC(237) Pause Young (Allocation Failure) 690M->455M(850M) 9.110ms
[360.178s][info ][gc,cpu       ] GC(237) User=0.03s Sys=0.00s Real=0.01s
[360.178s][info ][safepoint    ] Leaving safepoint region
[360.178s][info ][safepoint    ] Total time for which application threads were stopped: 0.0092573 seconds, Stopping threads took: 0.0000148 seconds
[361.178s][info ][safepoint    ] Application time: 1.0001040 seconds
[361.178s][info ][safepoint    ] Entering safepoint region: Cleanup
[361.178s][info ][safepoint    ] Leaving safepoint region
[361.178s][info ][safepoint    ] Total time for which application threads were stopped: 0.0000737 seconds, Stopping threads took: 0.0000205 seconds
[362.178s][info ][safepoint    ] Application time: 1.0000694 seconds
[362.178s][info ][safepoint    ] Entering safepoint region: Cleanup
[362.178s][info ][safepoint    ] Leaving safepoint region
[362.178s][info ][safepoint    ] Total time for which application threads were stopped: 0.0000773 seconds, Stopping threads took: 0.0000171 seconds
[362.964s][info ][safepoint    ] Application time: 0.7857703 seconds
[362.969s][info ][safepoint    ] Entering safepoint region: GenCollectForAllocation
[362.969s][info ][gc,start     ] GC(238) Pause Young (Allocation Failure)
[362.969s][info ][gc,task      ] GC(238) Using 4 workers of 4 for evacuation
[362.976s][debug][gc,ref       ] GC(238) Skipped phase1 of Reference Processing due to unavailable references
[362.976s][debug][gc,ref       ] GC(238) Skipped phase2 of Reference Processing due to unavailable references
[362.976s][debug][gc,ref       ] GC(238) Skipped phase3 of Reference Processing due to unavailable references
[362.976s][debug][gc,ref       ] GC(238) Skipped phase4 of Reference Processing due to unavailable references
[362.976s][debug][gc,age       ] GC(238) Desired survivor size 15368192 bytes, new threshold 6 (max threshold 6)
[362.976s][info ][gc,heap      ] GC(238) ParNew: 259140K->15470K(270336K)
[362.976s][info ][gc,heap      ] GC(238) CMS: 447912K->449142K(600768K)
[362.976s][info ][gc,metaspace ] GC(238) Metaspace: 57817K->57817K(1101824K)
[362.976s][info ][gc           ] GC(238) Pause Young (Allocation Failure) 690M->453M(850M) 7.607ms
[362.976s][info ][gc,cpu       ] GC(238) User=0.02s Sys=0.01s Real=0.01s
[362.976s][info ][safepoint    ] Leaving safepoint region
[362.976s][info ][safepoint    ] Total time for which application threads were stopped: 0.0077661 seconds, Stopping threads took: 0.0000184 seconds
[363.976s][info ][safepoint    ] Application time: 1.0000988 seconds
[363.976s][info ][safepoint    ] Entering safepoint region: Cleanup
[363.976s][info ][safepoint    ] Leaving safepoint region
[363.976s][info ][safepoint    ] Total time for which application threads were stopped: 0.0000781 seconds, Stopping threads took: 0.0000179 seconds
[364.977s][info ][safepoint    ] Application time: 1.0000840 seconds
[364.977s][info ][safepoint    ] Entering safepoint region: Cleanup
[364.977s][info ][safepoint    ] Leaving safepoint region
[364.977s][info ][safepoint    ] Total time for which application threads were stopped: 0.0000869 seconds, Stopping threads took: 0.0000189 seconds
[365.564s][info ][safepoint    ] Application time: 0.5871615 seconds
[365.564s][info ][safepoint    ] Entering safepoint region: GenCollectForAllocation
[365.564s][info ][gc,start     ] GC(239) Pause Young (Allocation Failure)
[365.564s][info ][gc,task      ] GC(239) Using 4 workers of 4 for evacuation
[365.571s][debug][gc,ref       ] GC(239) Skipped phase1 of Reference Processing due to unavailable references
[365.571s][debug][gc,ref       ] GC(239) Skipped phase2 of Reference Processing due to unavailable references
[365.571s][debug][gc,ref       ] GC(239) Skipped phase3 of Reference Processing due to unavailable references
[365.571s][debug][gc,ref       ] GC(239) Skipped phase4 of Reference Processing due to unavailable references
[365.571s][debug][gc,age       ] GC(239) Desired survivor size 15368192 bytes, new threshold 6 (max threshold 6)
[365.571s][info ][gc,heap      ] GC(239) ParNew: 255790K->17436K(270336K)
[365.571s][info ][gc,heap      ] GC(239) CMS: 449142K->450280K(600768K)
[365.571s][info ][gc,metaspace ] GC(239) Metaspace: 57817K->57817K(1101824K)
[365.571s][info ][gc           ] GC(239) Pause Young (Allocation Failure) 688M->456M(850M) 6.935ms
[365.571s][info ][gc,cpu       ] GC(239) User=0.02s Sys=0.00s Real=0.01s
[365.571s][info ][safepoint    ] Leaving safepoint region
[365.571s][info ][safepoint    ] Total time for which application threads were stopped: 0.0070938 seconds, Stopping threads took: 0.0000164 seconds
[366.571s][info ][safepoint    ] Application time: 1.0000936 seconds
[366.571s][info ][safepoint    ] Entering safepoint region: Cleanup
[366.571s][info ][safepoint    ] Leaving safepoint region
[366.571s][info ][safepoint    ] Total time for which application threads were stopped: 0.0000871 seconds, Stopping threads took: 0.0000294 seconds
[367.571s][info ][safepoint    ] Application time: 1.0000823 seconds
[367.571s][info ][safepoint    ] Entering safepoint region: Cleanup
[367.571s][info ][safepoint    ] Leaving safepoint region
[367.571s][info ][safepoint    ] Total time for which application threads were stopped: 0.0000761 seconds, Stopping threads took: 0.0000152 seconds
[368.261s][info ][safepoint    ] Application time: 0.6894741 seconds
[368.261s][info ][safepoint    ] Entering safepoint region: GenCollectForAllocation
[368.261s][info ][gc,start     ] GC(240) Pause Young (Allocation Failure)
[368.261s][info ][gc,task      ] GC(240) Using 4 workers of 4 for evacuation
[368.269s][debug][gc,ref       ] GC(240) Skipped phase1 of Reference Processing due to unavailable references
[368.269s][debug][gc,ref       ] GC(240) Skipped phase3 of Reference Processing due to unavailable references
[368.270s][debug][gc,age       ] GC(240) Desired survivor size 15368192 bytes, new threshold 6 (max threshold 6)
[368.270s][info ][gc,heap      ] GC(240) ParNew: 257756K->14296K(270336K)
[368.270s][info ][gc,heap      ] GC(240) CMS: 450280K->453854K(600768K)
[368.270s][info ][gc,metaspace ] GC(240) Metaspace: 57823K->57823K(1101824K)
[368.270s][info ][gc           ] GC(240) Pause Young (Allocation Failure) 691M->457M(850M) 8.514ms
[368.270s][info ][gc,cpu       ] GC(240) User=0.03s Sys=0.00s Real=0.01s
[368.270s][info ][safepoint    ] Leaving safepoint region
[368.270s][info ][safepoint    ] Total time for which application threads were stopped: 0.0086654 seconds, Stopping threads took: 0.0000174 seconds
[369.272s][info ][safepoint    ] Application time: 1.0019433 seconds
[369.272s][info ][safepoint    ] Entering safepoint region: Cleanup
[369.272s][info ][safepoint    ] Leaving safepoint region
[369.272s][info ][safepoint    ] Total time for which application threads were stopped: 0.0000727 seconds, Stopping threads took: 0.0000175 seconds
[370.272s][info ][safepoint    ] Application time: 1.0000906 seconds
[370.272s][info ][safepoint    ] Entering safepoint region: Cleanup
[370.272s][info ][safepoint    ] Leaving safepoint region
[370.272s][info ][safepoint    ] Total time for which application threads were stopped: 0.0000943 seconds, Stopping threads took: 0.0000306 seconds
[370.921s][info ][safepoint    ] Application time: 0.6491948 seconds
[370.921s][info ][safepoint    ] Entering safepoint region: GenCollectForAllocation
[370.921s][info ][gc,start     ] GC(241) Pause Young (Allocation Failure)
[370.921s][info ][gc,task      ] GC(241) Using 4 workers of 4 for evacuation
[370.928s][debug][gc,ref       ] GC(241) Skipped phase1 of Reference Processing due to unavailable references
[370.928s][debug][gc,ref       ] GC(241) Skipped phase2 of Reference Processing due to unavailable references
[370.928s][debug][gc,ref       ] GC(241) Skipped phase3 of Reference Processing due to unavailable references
[370.928s][debug][gc,ref       ] GC(241) Skipped phase4 of Reference Processing due to unavailable references
[370.928s][debug][gc,age       ] GC(241) Desired survivor size 15368192 bytes, new threshold 6 (max threshold 6)
[370.928s][info ][gc,heap      ] GC(241) ParNew: 254616K->11931K(270336K)
[370.928s][info ][gc,heap      ] GC(241) CMS: 453854K->454917K(600768K)
[370.928s][info ][gc,metaspace ] GC(241) Metaspace: 57828K->57828K(1101824K)
[370.928s][info ][gc           ] GC(241) Pause Young (Allocation Failure) 691M->455M(850M) 6.504ms
[370.928s][info ][gc,cpu       ] GC(241) User=0.03s Sys=0.00s Real=0.01s
[370.928s][info ][safepoint    ] Leaving safepoint region
[370.928s][info ][safepoint    ] Total time for which application threads were stopped: 0.0066986 seconds, Stopping threads took: 0.0000619 seconds
[371.928s][info ][safepoint    ] Application time: 1.0001118 seconds
[371.928s][info ][safepoint    ] Entering safepoint region: Cleanup
[371.928s][info ][safepoint    ] Leaving safepoint region
[371.928s][info ][safepoint    ] Total time for which application threads were stopped: 0.0000748 seconds, Stopping threads took: 0.0000171 seconds
[372.929s][info ][safepoint    ] Application time: 1.0004282 seconds
[372.929s][info ][safepoint    ] Entering safepoint region: Cleanup
[372.929s][info ][safepoint    ] Leaving safepoint region
[372.929s][info ][safepoint    ] Total time for which application threads were stopped: 0.0001582 seconds, Stopping threads took: 0.0000173 seconds
[373.670s][info ][safepoint    ] Application time: 0.7414206 seconds
[373.670s][info ][safepoint    ] Entering safepoint region: GenCollectForAllocation
[373.670s][info ][gc,start     ] GC(242) Pause Young (Allocation Failure)
[373.670s][info ][gc,task      ] GC(242) Using 4 workers of 4 for evacuation
[373.676s][debug][gc,ref       ] GC(242) Skipped phase1 of Reference Processing due to unavailable references
[373.676s][debug][gc,ref       ] GC(242) Skipped phase3 of Reference Processing due to unavailable references
[373.676s][debug][gc,ref       ] GC(242) Skipped phase4 of Reference Processing due to unavailable references
[373.677s][debug][gc,age       ] GC(242) Desired survivor size 15368192 bytes, new threshold 6 (max threshold 6)
[373.677s][info ][gc,heap      ] GC(242) ParNew: 252251K->14045K(270336K)
[373.677s][info ][gc,heap      ] GC(242) CMS: 454917K->456117K(600768K)
[373.677s][info ][gc,metaspace ] GC(242) Metaspace: 57829K->57829K(1101824K)
[373.677s][info ][gc           ] GC(242) Pause Young (Allocation Failure) 690M->459M(850M) 6.336ms
[373.677s][info ][gc,cpu       ] GC(242) User=0.02s Sys=0.01s Real=0.00s
[373.677s][info ][safepoint    ] Leaving safepoint region
[373.677s][info ][safepoint    ] Total time for which application threads were stopped: 0.0064952 seconds, Stopping threads took: 0.0000292 seconds
[374.677s][info ][safepoint    ] Application time: 1.0001266 seconds
[374.677s][info ][safepoint    ] Entering safepoint region: Cleanup
[374.677s][info ][safepoint    ] Leaving safepoint region
[374.677s][info ][safepoint    ] Total time for which application threads were stopped: 0.0000873 seconds, Stopping threads took: 0.0000182 seconds
[375.677s][info ][safepoint    ] Application time: 1.0000802 seconds
[375.677s][info ][safepoint    ] Entering safepoint region: Cleanup
[375.677s][info ][safepoint    ] Leaving safepoint region
[375.677s][info ][safepoint    ] Total time for which application threads were stopped: 0.0000885 seconds, Stopping threads took: 0.0000181 seconds
[376.097s][info ][safepoint    ] Application time: 0.4197845 seconds
[376.097s][info ][safepoint    ] Entering safepoint region: GenCollectForAllocation
[376.097s][info ][gc,start     ] GC(243) Pause Young (Allocation Failure)
[376.097s][info ][gc,task      ] GC(243) Using 4 workers of 4 for evacuation
[376.106s][debug][gc,ref       ] GC(243) Skipped phase1 of Reference Processing due to unavailable references
[376.106s][debug][gc,ref       ] GC(243) Skipped phase3 of Reference Processing due to unavailable references
[376.106s][debug][gc,ref       ] GC(243) Skipped phase4 of Reference Processing due to unavailable references
[376.106s][debug][gc,age       ] GC(243) Desired survivor size 15368192 bytes, new threshold 6 (max threshold 6)
[376.106s][info ][gc,heap      ] GC(243) ParNew: 254283K->19059K(270336K)
[376.106s][info ][gc,heap      ] GC(243) CMS: 456117K->457225K(600768K)
[376.106s][info ][gc,metaspace ] GC(243) Metaspace: 57830K->57830K(1101824K)
[376.106s][info ][gc           ] GC(243) Pause Young (Allocation Failure) 693M->465M(850M) 8.917ms
[376.106s][info ][gc,cpu       ] GC(243) User=0.03s Sys=0.00s Real=0.01s
[376.106s][info ][safepoint    ] Leaving safepoint region
[376.106s][info ][safepoint    ] Total time for which application threads were stopped: 0.0090637 seconds, Stopping threads took: 0.0000205 seconds
[377.106s][info ][safepoint    ] Application time: 1.0001177 seconds
[377.106s][info ][safepoint    ] Entering safepoint region: Cleanup
[377.106s][info ][safepoint    ] Leaving safepoint region
[377.106s][info ][safepoint    ] Total time for which application threads were stopped: 0.0001195 seconds, Stopping threads took: 0.0000539 seconds
[378.106s][info ][safepoint    ] Application time: 1.0001018 seconds
[378.106s][info ][safepoint    ] Entering safepoint region: Cleanup
[378.107s][info ][safepoint    ] Leaving safepoint region
[378.107s][info ][safepoint    ] Total time for which application threads were stopped: 0.0001126 seconds, Stopping threads took: 0.0000408 seconds
[378.664s][info ][safepoint    ] Application time: 0.5571991 seconds
[378.664s][info ][safepoint    ] Entering safepoint region: GenCollectForAllocation
[378.664s][info ][gc,start     ] GC(244) Pause Young (Allocation Failure)
[378.664s][info ][gc,task      ] GC(244) Using 4 workers of 4 for evacuation
[378.671s][debug][gc,ref       ] GC(244) Skipped phase1 of Reference Processing due to unavailable references
[378.671s][debug][gc,ref       ] GC(244) Skipped phase3 of Reference Processing due to unavailable references
[378.671s][debug][gc,ref       ] GC(244) Skipped phase4 of Reference Processing due to unavailable references
[378.671s][debug][gc,age       ] GC(244) Desired survivor size 15368192 bytes, new threshold 6 (max threshold 6)
[378.671s][info ][gc,heap      ] GC(244) ParNew: 259379K->16575K(270336K)
[378.671s][info ][gc,heap      ] GC(244) CMS: 457225K->458015K(600768K)
[378.671s][info ][gc,metaspace ] GC(244) Metaspace: 57830K->57830K(1101824K)
[378.671s][info ][gc           ] GC(244) Pause Young (Allocation Failure) 699M->463M(850M) 6.987ms
[378.671s][info ][gc,cpu       ] GC(244) User=0.02s Sys=0.00s Real=0.01s
[378.671s][info ][safepoint    ] Leaving safepoint region
[378.671s][info ][safepoint    ] Total time for which application threads were stopped: 0.0071366 seconds, Stopping threads took: 0.0000160 seconds
[379.671s][info ][safepoint    ] Application time: 1.0001061 seconds
[379.671s][info ][safepoint    ] Entering safepoint region: Cleanup
[379.671s][info ][safepoint    ] Leaving safepoint region
[379.671s][info ][safepoint    ] Total time for which application threads were stopped: 0.0000715 seconds, Stopping threads took: 0.0000157 seconds
[380.671s][info ][safepoint    ] Application time: 1.0000853 seconds
[380.671s][info ][safepoint    ] Entering safepoint region: Cleanup
[380.671s][info ][safepoint    ] Leaving safepoint region
[380.671s][info ][safepoint    ] Total time for which application threads were stopped: 0.0000891 seconds, Stopping threads took: 0.0000159 seconds
[381.209s][info ][safepoint    ] Application time: 0.5378469 seconds
[381.209s][info ][safepoint    ] Entering safepoint region: GenCollectForAllocation
[381.209s][info ][gc,start     ] GC(245) Pause Young (Allocation Failure)
[381.209s][info ][gc,task      ] GC(245) Using 4 workers of 4 for evacuation
[381.216s][debug][gc,ref       ] GC(245) Skipped phase1 of Reference Processing due to unavailable references
[381.216s][debug][gc,ref       ] GC(245) Skipped phase3 of Reference Processing due to unavailable references
[381.216s][debug][gc,age       ] GC(245) Desired survivor size 15368192 bytes, new threshold 6 (max threshold 6)
[381.216s][info ][gc,heap      ] GC(245) ParNew: 256895K->18521K(270336K)
[381.216s][info ][gc,heap      ] GC(245) CMS: 458015K->459199K(600768K)
[381.216s][info ][gc,metaspace ] GC(245) Metaspace: 57845K->57845K(1101824K)
[381.216s][info ][gc           ] GC(245) Pause Young (Allocation Failure) 698M->466M(850M) 7.056ms
[381.216s][info ][gc,cpu       ] GC(245) User=0.02s Sys=0.00s Real=0.01s
[381.216s][info ][safepoint    ] Leaving safepoint region
[381.216s][info ][safepoint    ] Total time for which application threads were stopped: 0.0072076 seconds, Stopping threads took: 0.0000194 seconds
[382.217s][info ][safepoint    ] Application time: 1.0001046 seconds
[382.217s][info ][safepoint    ] Entering safepoint region: Cleanup
[382.217s][info ][safepoint    ] Leaving safepoint region
[382.217s][info ][safepoint    ] Total time for which application threads were stopped: 0.0001190 seconds, Stopping threads took: 0.0000405 seconds
[383.217s][info ][safepoint    ] Application time: 1.0000897 seconds
[383.219s][info ][safepoint    ] Entering safepoint region: Cleanup
[383.220s][info ][safepoint    ] Leaving safepoint region
[383.220s][info ][safepoint    ] Total time for which application threads were stopped: 0.0027394 seconds, Stopping threads took: 0.0026622 seconds
[383.755s][info ][safepoint    ] Application time: 0.5352683 seconds
[383.755s][info ][safepoint    ] Entering safepoint region: GenCollectForAllocation
[383.755s][info ][gc,start     ] GC(246) Pause Young (Allocation Failure)
[383.755s][info ][gc,task      ] GC(246) Using 4 workers of 4 for evacuation
[383.762s][debug][gc,ref       ] GC(246) Skipped phase1 of Reference Processing due to unavailable references
[383.762s][debug][gc,ref       ] GC(246) Skipped phase3 of Reference Processing due to unavailable references
[383.762s][debug][gc,ref       ] GC(246) Skipped phase4 of Reference Processing due to unavailable references
[383.762s][debug][gc,age       ] GC(246) Desired survivor size 15368192 bytes, new threshold 6 (max threshold 6)
[383.762s][info ][gc,heap      ] GC(246) ParNew: 258841K->13224K(270336K)
[383.762s][info ][gc,heap      ] GC(246) CMS: 459199K->460378K(600768K)
[383.762s][info ][gc,metaspace ] GC(246) Metaspace: 57852K->57852K(1101824K)
[383.762s][info ][gc           ] GC(246) Pause Young (Allocation Failure) 701M->462M(850M) 6.814ms
[383.762s][info ][gc,cpu       ] GC(246) User=0.03s Sys=0.01s Real=0.00s
[383.762s][info ][safepoint    ] Leaving safepoint region
[383.762s][info ][safepoint    ] Total time for which application threads were stopped: 0.0070109 seconds, Stopping threads took: 0.0000389 seconds
[384.762s][info ][safepoint    ] Application time: 1.0001025 seconds
[384.762s][info ][safepoint    ] Entering safepoint region: Cleanup
[384.762s][info ][safepoint    ] Leaving safepoint region
[384.762s][info ][safepoint    ] Total time for which application threads were stopped: 0.0001208 seconds, Stopping threads took: 0.0000445 seconds
[385.762s][info ][safepoint    ] Application time: 1.0000924 seconds
[385.762s][info ][safepoint    ] Entering safepoint region: Cleanup
[385.762s][info ][safepoint    ] Leaving safepoint region
[385.762s][info ][safepoint    ] Total time for which application threads were stopped: 0.0001270 seconds, Stopping threads took: 0.0000656 seconds
[386.662s][info ][safepoint    ] Application time: 0.8999990 seconds
[386.663s][info ][safepoint    ] Entering safepoint region: GenCollectForAllocation
[386.663s][info ][gc,start     ] GC(247) Pause Young (Allocation Failure)
[386.663s][info ][gc,task      ] GC(247) Using 4 workers of 4 for evacuation
[386.669s][debug][gc,ref       ] GC(247) Skipped phase1 of Reference Processing due to unavailable references
[386.669s][debug][gc,ref       ] GC(247) Skipped phase3 of Reference Processing due to unavailable references
[386.669s][debug][gc,ref       ] GC(247) Skipped phase4 of Reference Processing due to unavailable references
[386.669s][debug][gc,age       ] GC(247) Desired survivor size 15368192 bytes, new threshold 6 (max threshold 6)
[386.669s][info ][gc,heap      ] GC(247) ParNew: 253544K->14409K(270336K)
[386.669s][info ][gc,heap      ] GC(247) CMS: 460378K->461559K(600768K)
[386.669s][info ][gc,metaspace ] GC(247) Metaspace: 57854K->57854K(1101824K)
[386.669s][info ][gc           ] GC(247) Pause Young (Allocation Failure) 697M->464M(850M) 6.234ms
[386.669s][info ][gc,cpu       ] GC(247) User=0.03s Sys=0.00s Real=0.00s
[386.669s][info ][safepoint    ] Leaving safepoint region
[386.669s][info ][safepoint    ] Total time for which application threads were stopped: 0.0063833 seconds, Stopping threads took: 0.0000182 seconds
[387.669s][info ][safepoint    ] Application time: 1.0000955 seconds
[387.669s][info ][safepoint    ] Entering safepoint region: Cleanup
[387.669s][info ][safepoint    ] Leaving safepoint region
[387.669s][info ][safepoint    ] Total time for which application threads were stopped: 0.0001326 seconds, Stopping threads took: 0.0000648 seconds
[388.669s][info ][safepoint    ] Application time: 1.0000650 seconds
[388.669s][info ][safepoint    ] Entering safepoint region: Cleanup
[388.669s][info ][safepoint    ] Leaving safepoint region
[388.669s][info ][safepoint    ] Total time for which application threads were stopped: 0.0000845 seconds, Stopping threads took: 0.0000332 seconds
[389.160s][info ][safepoint    ] Application time: 0.4905149 seconds
[389.160s][info ][safepoint    ] Entering safepoint region: GenCollectForAllocation
[389.160s][info ][gc,start     ] GC(248) Pause Young (Allocation Failure)
[389.160s][info ][gc,task      ] GC(248) Using 4 workers of 4 for evacuation
[389.170s][debug][gc,ref       ] GC(248) Skipped phase1 of Reference Processing due to unavailable references
[389.170s][debug][gc,ref       ] GC(248) Skipped phase3 of Reference Processing due to unavailable references
[389.170s][debug][gc,ref       ] GC(248) Skipped phase4 of Reference Processing due to unavailable references
[389.170s][debug][gc,age       ] GC(248) Desired survivor size 15368192 bytes, new threshold 6 (max threshold 6)
[389.170s][info ][gc,heap      ] GC(248) ParNew: 254729K->16722K(270336K)
[389.170s][info ][gc,heap      ] GC(248) CMS: 461559K->463178K(600768K)
[389.170s][info ][gc,metaspace ] GC(248) Metaspace: 57861K->57861K(1101824K)
[389.170s][info ][gc           ] GC(248) Pause Young (Allocation Failure) 699M->468M(850M) 9.841ms
[389.170s][info ][gc,cpu       ] GC(248) User=0.02s Sys=0.00s Real=0.01s
[389.170s][info ][safepoint    ] Leaving safepoint region
[389.170s][info ][safepoint    ] Total time for which application threads were stopped: 0.0100024 seconds, Stopping threads took: 0.0000167 seconds
[390.170s][info ][safepoint    ] Application time: 1.0000842 seconds
[390.170s][info ][safepoint    ] Entering safepoint region: Cleanup
[390.170s][info ][safepoint    ] Leaving safepoint region
[390.170s][info ][safepoint    ] Total time for which application threads were stopped: 0.0001360 seconds, Stopping threads took: 0.0000507 seconds
[391.170s][info ][safepoint    ] Application time: 1.0000863 seconds
[391.170s][info ][safepoint    ] Entering safepoint region: Cleanup
[391.170s][info ][safepoint    ] Leaving safepoint region
[391.170s][info ][safepoint    ] Total time for which application threads were stopped: 0.0000847 seconds, Stopping threads took: 0.0000178 seconds
[391.769s][info ][safepoint    ] Application time: 0.5983443 seconds
[391.769s][info ][safepoint    ] Entering safepoint region: GenCollectForAllocation
[391.769s][info ][gc,start     ] GC(249) Pause Young (Allocation Failure)
[391.769s][info ][gc,task      ] GC(249) Using 4 workers of 4 for evacuation
[391.776s][debug][gc,ref       ] GC(249) Skipped phase1 of Reference Processing due to unavailable references
[391.776s][debug][gc,ref       ] GC(249) Skipped phase3 of Reference Processing due to unavailable references
[391.776s][debug][gc,ref       ] GC(249) Skipped phase4 of Reference Processing due to unavailable references
[391.776s][debug][gc,age       ] GC(249) Desired survivor size 15368192 bytes, new threshold 6 (max threshold 6)
[391.776s][info ][gc,heap      ] GC(249) ParNew: 257042K->11908K(270336K)
[391.776s][info ][gc,heap      ] GC(249) CMS: 463178K->464993K(600768K)
[391.776s][info ][gc,metaspace ] GC(249) Metaspace: 57864K->57864K(1101824K)
[391.776s][info ][gc           ] GC(249) Pause Young (Allocation Failure) 703M->465M(850M) 7.341ms
[391.776s][info ][gc,cpu       ] GC(249) User=0.03s Sys=0.00s Real=0.01s
[391.776s][info ][safepoint    ] Leaving safepoint region
[391.776s][info ][safepoint    ] Total time for which application threads were stopped: 0.0075032 seconds, Stopping threads took: 0.0000149 seconds
[392.776s][info ][safepoint    ] Application time: 1.0001215 seconds
[392.776s][info ][safepoint    ] Entering safepoint region: Cleanup
[392.777s][info ][safepoint    ] Leaving safepoint region
[392.777s][info ][safepoint    ] Total time for which application threads were stopped: 0.0000718 seconds, Stopping threads took: 0.0000172 seconds
[392.946s][info ][safepoint    ] Application time: 0.1691161 seconds
[392.946s][info ][safepoint    ] Entering safepoint region: Deoptimize
[392.947s][info ][safepoint    ] Leaving safepoint region
[392.947s][info ][safepoint    ] Total time for which application threads were stopped: 0.0017136 seconds, Stopping threads took: 0.0000159 seconds
[393.948s][info ][safepoint    ] Application time: 1.0000911 seconds
[393.948s][info ][safepoint    ] Entering safepoint region: Cleanup
[393.948s][info ][safepoint    ] Leaving safepoint region
[393.948s][info ][safepoint    ] Total time for which application threads were stopped: 0.0001037 seconds, Stopping threads took: 0.0000172 seconds
[394.413s][info ][safepoint    ] Application time: 0.4648081 seconds
[394.413s][info ][safepoint    ] Entering safepoint region: GenCollectForAllocation
[394.413s][info ][gc,start     ] GC(250) Pause Young (Allocation Failure)
[394.413s][info ][gc,task      ] GC(250) Using 4 workers of 4 for evacuation
[394.419s][debug][gc,ref       ] GC(250) Skipped phase1 of Reference Processing due to unavailable references
[394.419s][debug][gc,ref       ] GC(250) Skipped phase3 of Reference Processing due to unavailable references
[394.419s][debug][gc,age       ] GC(250) Desired survivor size 15368192 bytes, new threshold 6 (max threshold 6)
[394.419s][info ][gc,heap      ] GC(250) ParNew: 252228K->16360K(270336K)
[394.419s][info ][gc,heap      ] GC(250) CMS: 464993K->465718K(600768K)
[394.419s][info ][gc,metaspace ] GC(250) Metaspace: 57887K->57887K(1101824K)
[394.419s][info ][gc           ] GC(250) Pause Young (Allocation Failure) 700M->470M(850M) 6.495ms
[394.419s][info ][gc,cpu       ] GC(250) User=0.03s Sys=0.00s Real=0.00s
[394.419s][info ][safepoint    ] Leaving safepoint region
[394.419s][info ][safepoint    ] Total time for which application threads were stopped: 0.0066398 seconds, Stopping threads took: 0.0000166 seconds
[395.419s][info ][safepoint    ] Application time: 1.0000836 seconds
[395.419s][info ][safepoint    ] Entering safepoint region: Cleanup
[395.419s][info ][safepoint    ] Leaving safepoint region
[395.419s][info ][safepoint    ] Total time for which application threads were stopped: 0.0000844 seconds, Stopping threads took: 0.0000169 seconds
[396.420s][info ][safepoint    ] Application time: 1.0000939 seconds
[396.420s][info ][safepoint    ] Entering safepoint region: Cleanup
[396.420s][info ][safepoint    ] Leaving safepoint region
[396.420s][info ][safepoint    ] Total time for which application threads were stopped: 0.0000658 seconds, Stopping threads took: 0.0000163 seconds
[397.057s][info ][safepoint    ] Application time: 0.6371058 seconds
[397.057s][info ][safepoint    ] Entering safepoint region: GenCollectForAllocation
[397.057s][info ][gc,start     ] GC(251) Pause Young (Allocation Failure)
[397.057s][info ][gc,task      ] GC(251) Using 4 workers of 4 for evacuation
[397.079s][debug][gc,ref       ] GC(251) Skipped phase1 of Reference Processing due to unavailable references
[397.079s][debug][gc,ref       ] GC(251) Skipped phase3 of Reference Processing due to unavailable references
[397.079s][debug][gc,age       ] GC(251) Desired survivor size 15368192 bytes, new threshold 6 (max threshold 6)
[397.079s][info ][gc,heap      ] GC(251) ParNew: 256680K->12527K(270336K)
[397.079s][info ][gc,heap      ] GC(251) CMS: 465718K->466984K(600768K)
[397.079s][info ][gc,metaspace ] GC(251) Metaspace: 57892K->57892K(1101824K)
[397.079s][info ][gc           ] GC(251) Pause Young (Allocation Failure) 705M->468M(850M) 21.990ms
[397.079s][info ][gc,cpu       ] GC(251) User=0.07s Sys=0.00s Real=0.02s
[397.079s][info ][safepoint    ] Leaving safepoint region
[397.079s][info ][safepoint    ] Total time for which application threads were stopped: 0.0221593 seconds, Stopping threads took: 0.0000166 seconds
[398.079s][info ][safepoint    ] Application time: 1.0001096 seconds
[398.079s][info ][safepoint    ] Entering safepoint region: Cleanup
[398.079s][info ][safepoint    ] Leaving safepoint region
[398.079s][info ][safepoint    ] Total time for which application threads were stopped: 0.0000906 seconds, Stopping threads took: 0.0000172 seconds
[399.079s][info ][safepoint    ] Application time: 1.0000862 seconds
[399.079s][info ][safepoint    ] Entering safepoint region: Cleanup
[399.079s][info ][safepoint    ] Leaving safepoint region
[399.079s][info ][safepoint    ] Total time for which application threads were stopped: 0.0000986 seconds, Stopping threads took: 0.0000173 seconds
[399.705s][info ][safepoint    ] Application time: 0.6259717 seconds
[399.705s][info ][safepoint    ] Entering safepoint region: GenCollectForAllocation
[399.706s][info ][gc,start     ] GC(252) Pause Young (Allocation Failure)
[399.706s][info ][gc,task      ] GC(252) Using 4 workers of 4 for evacuation
[399.712s][debug][gc,ref       ] GC(252) Skipped phase1 of Reference Processing due to unavailable references
[399.712s][debug][gc,ref       ] GC(252) Skipped phase3 of Reference Processing due to unavailable references
[399.712s][debug][gc,ref       ] GC(252) Skipped phase4 of Reference Processing due to unavailable references
[399.712s][debug][gc,age       ] GC(252) Desired survivor size 15368192 bytes, new threshold 6 (max threshold 6)
[399.712s][info ][gc,heap      ] GC(252) ParNew: 252847K->12586K(270336K)
[399.712s][info ][gc,heap      ] GC(252) CMS: 466984K->468021K(600768K)
[399.712s][info ][gc,metaspace ] GC(252) Metaspace: 57895K->57895K(1101824K)
[399.712s][info ][gc           ] GC(252) Pause Young (Allocation Failure) 702M->469M(850M) 6.778ms
[399.712s][info ][gc,cpu       ] GC(252) User=0.02s Sys=0.01s Real=0.01s
[399.712s][info ][safepoint    ] Leaving safepoint region
[399.712s][info ][safepoint    ] Total time for which application threads were stopped: 0.0069840 seconds, Stopping threads took: 0.0000631 seconds
[400.713s][info ][safepoint    ] Application time: 1.0001044 seconds
[400.713s][info ][safepoint    ] Entering safepoint region: Cleanup
[400.713s][info ][safepoint    ] Leaving safepoint region
[400.713s][info ][safepoint    ] Total time for which application threads were stopped: 0.0001150 seconds, Stopping threads took: 0.0000421 seconds
[401.713s][info ][safepoint    ] Application time: 1.0001107 seconds
[401.713s][info ][safepoint    ] Entering safepoint region: Cleanup
[401.713s][info ][safepoint    ] Leaving safepoint region
[401.713s][info ][safepoint    ] Total time for which application threads were stopped: 0.0001325 seconds, Stopping threads took: 0.0000592 seconds
[402.401s][info ][safepoint    ] Application time: 0.6880172 seconds
[402.401s][info ][safepoint    ] Entering safepoint region: GenCollectForAllocation
[402.401s][info ][gc,start     ] GC(253) Pause Young (Allocation Failure)
[402.401s][info ][gc,task      ] GC(253) Using 4 workers of 4 for evacuation
[402.407s][debug][gc,ref       ] GC(253) Skipped phase1 of Reference Processing due to unavailable references
[402.407s][debug][gc,ref       ] GC(253) Skipped phase3 of Reference Processing due to unavailable references
[402.407s][debug][gc,ref       ] GC(253) Skipped phase4 of Reference Processing due to unavailable references
[402.407s][debug][gc,age       ] GC(253) Desired survivor size 15368192 bytes, new threshold 6 (max threshold 6)
[402.407s][info ][gc,heap      ] GC(253) ParNew: 252906K->18259K(270336K)
[402.407s][info ][gc,heap      ] GC(253) CMS: 468021K->468097K(600768K)
[402.407s][info ][gc,metaspace ] GC(253) Metaspace: 57899K->57899K(1101824K)
[402.408s][info ][gc           ] GC(253) Pause Young (Allocation Failure) 704M->474M(850M) 6.303ms
[402.408s][info ][gc,cpu       ] GC(253) User=0.02s Sys=0.00s Real=0.01s
[402.408s][info ][safepoint    ] Leaving safepoint region
[402.408s][info ][safepoint    ] Total time for which application threads were stopped: 0.0065269 seconds, Stopping threads took: 0.0000728 seconds
[403.408s][info ][safepoint    ] Application time: 1.0001042 seconds
[403.408s][info ][safepoint    ] Entering safepoint region: Cleanup
[403.408s][info ][safepoint    ] Leaving safepoint region
[403.408s][info ][safepoint    ] Total time for which application threads were stopped: 0.0001752 seconds, Stopping threads took: 0.0000666 seconds
[404.408s][info ][safepoint    ] Application time: 1.0001113 seconds
[404.408s][info ][safepoint    ] Entering safepoint region: Cleanup
[404.408s][info ][safepoint    ] Leaving safepoint region
[404.408s][info ][safepoint    ] Total time for which application threads were stopped: 0.0001075 seconds, Stopping threads took: 0.0000402 seconds
[404.911s][info ][safepoint    ] Application time: 0.5029093 seconds
[404.911s][info ][safepoint    ] Entering safepoint region: GenCollectForAllocation
[404.911s][info ][gc,start     ] GC(254) Pause Young (Allocation Failure)
[404.911s][info ][gc,task      ] GC(254) Using 4 workers of 4 for evacuation
[404.919s][debug][gc,ref       ] GC(254) Skipped phase1 of Reference Processing due to unavailable references
[404.920s][debug][gc,ref       ] GC(254) Skipped phase2 of Reference Processing due to unavailable references
[404.920s][debug][gc,ref       ] GC(254) Skipped phase3 of Reference Processing due to unavailable references
[404.920s][debug][gc,age       ] GC(254) Desired survivor size 15368192 bytes, new threshold 6 (max threshold 6)
[404.920s][info ][gc,heap      ] GC(254) ParNew: 258579K->19304K(270336K)
[404.920s][info ][gc,heap      ] GC(254) CMS: 468097K->470093K(600768K)
[404.920s][info ][gc,metaspace ] GC(254) Metaspace: 57915K->57915K(1101824K)
[404.920s][info ][gc           ] GC(254) Pause Young (Allocation Failure) 709M->477M(850M) 8.476ms
[404.920s][info ][gc,cpu       ] GC(254) User=0.03s Sys=0.00s Real=0.00s
[404.920s][info ][safepoint    ] Leaving safepoint region
[404.920s][info ][safepoint    ] Total time for which application threads were stopped: 0.0086642 seconds, Stopping threads took: 0.0000156 seconds
[405.920s][info ][safepoint    ] Application time: 1.0000955 seconds
[405.920s][info ][safepoint    ] Entering safepoint region: Cleanup
[405.920s][info ][safepoint    ] Leaving safepoint region
[405.920s][info ][safepoint    ] Total time for which application threads were stopped: 0.0000892 seconds, Stopping threads took: 0.0000156 seconds
[406.920s][info ][safepoint    ] Application time: 1.0000947 seconds
[406.920s][info ][safepoint    ] Entering safepoint region: Cleanup
[406.920s][info ][safepoint    ] Leaving safepoint region
[406.920s][info ][safepoint    ] Total time for which application threads were stopped: 0.0000693 seconds, Stopping threads took: 0.0000168 seconds
[407.418s][info ][safepoint    ] Application time: 0.4977547 seconds
[407.418s][info ][safepoint    ] Entering safepoint region: GenCollectForAllocation
[407.418s][info ][gc,start     ] GC(255) Pause Young (Allocation Failure)
[407.418s][info ][gc,task      ] GC(255) Using 4 workers of 4 for evacuation
[407.426s][debug][gc,ref       ] GC(255) Skipped phase1 of Reference Processing due to unavailable references
[407.426s][debug][gc,ref       ] GC(255) Skipped phase2 of Reference Processing due to unavailable references
[407.426s][debug][gc,ref       ] GC(255) Skipped phase3 of Reference Processing due to unavailable references
[407.426s][debug][gc,ref       ] GC(255) Skipped phase4 of Reference Processing due to unavailable references
[407.426s][debug][gc,age       ] GC(255) Desired survivor size 15368192 bytes, new threshold 6 (max threshold 6)
[407.426s][info ][gc,heap      ] GC(255) ParNew: 259624K->14619K(270336K)
[407.426s][info ][gc,heap      ] GC(255) CMS: 470093K->471158K(600768K)
[407.426s][info ][gc,metaspace ] GC(255) Metaspace: 57919K->57919K(1101824K)
[407.426s][info ][gc           ] GC(255) Pause Young (Allocation Failure) 712M->474M(850M) 7.750ms
[407.426s][info ][gc,cpu       ] GC(255) User=0.03s Sys=0.00s Real=0.01s
[407.426s][info ][safepoint    ] Leaving safepoint region
[407.426s][info ][safepoint    ] Total time for which application threads were stopped: 0.0079109 seconds, Stopping threads took: 0.0000187 seconds
[408.426s][info ][safepoint    ] Application time: 1.0000909 seconds
[408.426s][info ][safepoint    ] Entering safepoint region: Cleanup
[408.426s][info ][safepoint    ] Leaving safepoint region
[408.426s][info ][safepoint    ] Total time for which application threads were stopped: 0.0001118 seconds, Stopping threads took: 0.0000302 seconds
[409.426s][info ][safepoint    ] Application time: 1.0000956 seconds
[409.426s][info ][safepoint    ] Entering safepoint region: Cleanup
[409.426s][info ][safepoint    ] Leaving safepoint region
[409.426s][info ][safepoint    ] Total time for which application threads were stopped: 0.0000859 seconds, Stopping threads took: 0.0000199 seconds
[409.515s][info ][safepoint    ] Application time: 0.0886778 seconds
[409.515s][info ][safepoint    ] Entering safepoint region: GenCollectForAllocation
[409.515s][info ][gc,start     ] GC(256) Pause Young (Allocation Failure)
[409.515s][info ][gc,task      ] GC(256) Using 4 workers of 4 for evacuation
[409.523s][debug][gc,ref       ] GC(256) Skipped phase1 of Reference Processing due to unavailable references
[409.523s][debug][gc,ref       ] GC(256) Skipped phase3 of Reference Processing due to unavailable references
[409.523s][debug][gc,ref       ] GC(256) Skipped phase4 of Reference Processing due to unavailable references
[409.523s][debug][gc,age       ] GC(256) Desired survivor size 15368192 bytes, new threshold 6 (max threshold 6)
[409.523s][info ][gc,heap      ] GC(256) ParNew: 254939K->19906K(270336K)
[409.523s][info ][gc,heap      ] GC(256) CMS: 471158K->472216K(600768K)
[409.523s][info ][gc,metaspace ] GC(256) Metaspace: 57926K->57926K(1101824K)
[409.523s][info ][gc           ] GC(256) Pause Young (Allocation Failure) 709M->480M(850M) 7.915ms
[409.523s][info ][gc,cpu       ] GC(256) User=0.03s Sys=0.00s Real=0.01s
[409.523s][info ][safepoint    ] Leaving safepoint region
[409.523s][info ][safepoint    ] Total time for which application threads were stopped: 0.0080768 seconds, Stopping threads took: 0.0000299 seconds
[410.523s][info ][safepoint    ] Application time: 1.0001247 seconds
[410.523s][info ][safepoint    ] Entering safepoint region: Cleanup
[410.523s][info ][safepoint    ] Leaving safepoint region
[410.523s][info ][safepoint    ] Total time for which application threads were stopped: 0.0001134 seconds, Stopping threads took: 0.0000389 seconds
[411.524s][info ][safepoint    ] Application time: 1.0001066 seconds
[411.524s][info ][safepoint    ] Entering safepoint region: Cleanup
[411.524s][info ][safepoint    ] Leaving safepoint region
[411.524s][info ][safepoint    ] Total time for which application threads were stopped: 0.0000983 seconds, Stopping threads took: 0.0000401 seconds
[412.106s][info ][safepoint    ] Application time: 0.5823418 seconds
[412.106s][info ][safepoint    ] Entering safepoint region: GenCollectForAllocation
[412.106s][info ][gc,start     ] GC(257) Pause Young (Allocation Failure)
[412.106s][info ][gc,task      ] GC(257) Using 4 workers of 4 for evacuation
[412.113s][debug][gc,ref       ] GC(257) Skipped phase1 of Reference Processing due to unavailable references
[412.113s][debug][gc,ref       ] GC(257) Skipped phase3 of Reference Processing due to unavailable references
[412.113s][debug][gc,ref       ] GC(257) Skipped phase4 of Reference Processing due to unavailable references
[412.114s][debug][gc,age       ] GC(257) Desired survivor size 15368192 bytes, new threshold 6 (max threshold 6)
[412.114s][info ][gc,heap      ] GC(257) ParNew: 260226K->18567K(270336K)
[412.114s][info ][gc,heap      ] GC(257) CMS: 472216K->473398K(600768K)
[412.114s][info ][gc,metaspace ] GC(257) Metaspace: 57935K->57935K(1101824K)
[412.114s][info ][gc           ] GC(257) Pause Young (Allocation Failure) 715M->480M(850M) 7.410ms
[412.114s][info ][gc,cpu       ] GC(257) User=0.03s Sys=0.00s Real=0.01s
[412.114s][info ][safepoint    ] Leaving safepoint region
[412.114s][info ][safepoint    ] Total time for which application threads were stopped: 0.0075583 seconds, Stopping threads took: 0.0000159 seconds
[413.114s][info ][safepoint    ] Application time: 1.0001417 seconds
[413.114s][info ][safepoint    ] Entering safepoint region: Cleanup
[413.114s][info ][safepoint    ] Leaving safepoint region
[413.114s][info ][safepoint    ] Total time for which application threads were stopped: 0.0001492 seconds, Stopping threads took: 0.0000603 seconds
[414.114s][info ][safepoint    ] Application time: 1.0000572 seconds
[414.114s][info ][safepoint    ] Entering safepoint region: Cleanup
[414.114s][info ][safepoint    ] Leaving safepoint region
[414.114s][info ][safepoint    ] Total time for which application threads were stopped: 0.0001339 seconds, Stopping threads took: 0.0000653 seconds
[414.469s][info ][safepoint    ] Application time: 0.3543117 seconds
[414.469s][info ][safepoint    ] Entering safepoint region: GenCollectForAllocation
[414.469s][info ][gc,start     ] GC(258) Pause Young (Allocation Failure)
[414.469s][info ][gc,task      ] GC(258) Using 4 workers of 4 for evacuation
[414.477s][debug][gc,ref       ] GC(258) Skipped phase1 of Reference Processing due to unavailable references
[414.477s][debug][gc,ref       ] GC(258) Skipped phase3 of Reference Processing due to unavailable references
[414.477s][debug][gc,ref       ] GC(258) Skipped phase4 of Reference Processing due to unavailable references
[414.477s][debug][gc,age       ] GC(258) Desired survivor size 15368192 bytes, new threshold 6 (max threshold 6)
[414.477s][info ][gc,heap      ] GC(258) ParNew: 258887K->20970K(270336K)
[414.477s][info ][gc,heap      ] GC(258) CMS: 473398K->474549K(600768K)
[414.477s][info ][gc,metaspace ] GC(258) Metaspace: 57936K->57936K(1101824K)
[414.477s][info ][gc           ] GC(258) Pause Young (Allocation Failure) 715M->483M(850M) 8.330ms
[414.477s][info ][gc,cpu       ] GC(258) User=0.03s Sys=0.00s Real=0.01s
[414.477s][info ][safepoint    ] Leaving safepoint region
[414.477s][info ][safepoint    ] Total time for which application threads were stopped: 0.0084825 seconds, Stopping threads took: 0.0000166 seconds
[415.477s][info ][safepoint    ] Application time: 1.0001162 seconds
[415.477s][info ][safepoint    ] Entering safepoint region: Cleanup
[415.477s][info ][safepoint    ] Leaving safepoint region
[415.477s][info ][safepoint    ] Total time for which application threads were stopped: 0.0000741 seconds, Stopping threads took: 0.0000188 seconds
[416.477s][info ][safepoint    ] Application time: 1.0000848 seconds
[416.477s][info ][safepoint    ] Entering safepoint region: Cleanup
[416.477s][info ][safepoint    ] Leaving safepoint region
[416.478s][info ][safepoint    ] Total time for which application threads were stopped: 0.0000770 seconds, Stopping threads took: 0.0000169 seconds
[416.996s][info ][safepoint    ] Application time: 0.5189827 seconds
[416.997s][info ][safepoint    ] Entering safepoint region: GenCollectForAllocation
[416.997s][info ][gc,start     ] GC(259) Pause Young (Allocation Failure)
[416.997s][info ][gc,task      ] GC(259) Using 4 workers of 4 for evacuation
[417.005s][debug][gc,ref       ] GC(259) Skipped phase1 of Reference Processing due to unavailable references
[417.005s][debug][gc,ref       ] GC(259) Skipped phase3 of Reference Processing due to unavailable references
[417.005s][debug][gc,ref       ] GC(259) Skipped phase4 of Reference Processing due to unavailable references
[417.005s][debug][gc,age       ] GC(259) Desired survivor size 15368192 bytes, new threshold 6 (max threshold 6)
[417.005s][info ][gc,heap      ] GC(259) ParNew: 261290K->14907K(270336K)
[417.005s][info ][gc,heap      ] GC(259) CMS: 474549K->476497K(600768K)
[417.005s][info ][gc,metaspace ] GC(259) Metaspace: 57942K->57942K(1101824K)
[417.005s][info ][gc           ] GC(259) Pause Young (Allocation Failure) 718M->479M(850M) 8.280ms
[417.005s][info ][gc,cpu       ] GC(259) User=0.03s Sys=0.00s Real=0.01s
[417.005s][info ][safepoint    ] Leaving safepoint region
[417.005s][info ][safepoint    ] Total time for which application threads were stopped: 0.0084809 seconds, Stopping threads took: 0.0000457 seconds
[418.005s][info ][safepoint    ] Application time: 1.0000997 seconds
[418.005s][info ][safepoint    ] Entering safepoint region: Cleanup
[418.005s][info ][safepoint    ] Leaving safepoint region
[418.005s][info ][safepoint    ] Total time for which application threads were stopped: 0.0001873 seconds, Stopping threads took: 0.0000899 seconds
[419.006s][info ][safepoint    ] Application time: 1.0002839 seconds
[419.006s][info ][safepoint    ] Entering safepoint region: Cleanup
[419.006s][info ][safepoint    ] Leaving safepoint region
[419.006s][info ][safepoint    ] Total time for which application threads were stopped: 0.0001530 seconds, Stopping threads took: 0.0000756 seconds
[419.309s][info ][safepoint    ] Application time: 0.3036433 seconds
[419.310s][info ][safepoint    ] Entering safepoint region: GenCollectForAllocation
[419.310s][info ][gc,start     ] GC(260) Pause Young (Allocation Failure)
[419.310s][info ][gc,task      ] GC(260) Using 4 workers of 4 for evacuation
[419.318s][debug][gc,ref       ] GC(260) Skipped phase1 of Reference Processing due to unavailable references
[419.318s][debug][gc,ref       ] GC(260) Skipped phase3 of Reference Processing due to unavailable references
[419.318s][debug][gc,ref       ] GC(260) Skipped phase4 of Reference Processing due to unavailable references
[419.318s][debug][gc,age       ] GC(260) Desired survivor size 15368192 bytes, new threshold 6 (max threshold 6)
[419.318s][info ][gc,heap      ] GC(260) ParNew: 255227K->10233K(270336K)
[419.318s][info ][gc,heap      ] GC(260) CMS: 476497K->478936K(600768K)
[419.318s][info ][gc,metaspace ] GC(260) Metaspace: 57942K->57942K(1101824K)
[419.318s][info ][gc           ] GC(260) Pause Young (Allocation Failure) 714M->477M(850M) 8.171ms
[419.318s][info ][gc,cpu       ] GC(260) User=0.03s Sys=0.00s Real=0.01s
[419.318s][info ][safepoint    ] Leaving safepoint region
[419.318s][info ][safepoint    ] Total time for which application threads were stopped: 0.0083144 seconds, Stopping threads took: 0.0000159 seconds
[420.318s][info ][safepoint    ] Application time: 1.0001013 seconds
[420.318s][info ][safepoint    ] Entering safepoint region: Cleanup
[420.318s][info ][safepoint    ] Leaving safepoint region
[420.318s][info ][safepoint    ] Total time for which application threads were stopped: 0.0001213 seconds, Stopping threads took: 0.0000580 seconds
[421.318s][info ][safepoint    ] Application time: 1.0000818 seconds
[421.318s][info ][safepoint    ] Entering safepoint region: Cleanup
[421.318s][info ][safepoint    ] Leaving safepoint region
[421.318s][info ][safepoint    ] Total time for which application threads were stopped: 0.0001279 seconds, Stopping threads took: 0.0000606 seconds
[421.810s][info ][safepoint    ] Application time: 0.4920393 seconds
[421.810s][info ][safepoint    ] Entering safepoint region: GenCollectForAllocation
[421.811s][info ][gc,start     ] GC(261) Pause Young (Allocation Failure)
[421.811s][info ][gc,task      ] GC(261) Using 4 workers of 4 for evacuation
[421.817s][debug][gc,ref       ] GC(261) Skipped phase1 of Reference Processing due to unavailable references
[421.817s][debug][gc,ref       ] GC(261) Skipped phase3 of Reference Processing due to unavailable references
[421.817s][debug][gc,ref       ] GC(261) Skipped phase4 of Reference Processing due to unavailable references
[421.817s][debug][gc,age       ] GC(261) Desired survivor size 15368192 bytes, new threshold 6 (max threshold 6)
[421.817s][info ][gc,heap      ] GC(261) ParNew: 250553K->14377K(270336K)
[421.817s][info ][gc,heap      ] GC(261) CMS: 478936K->479541K(600768K)
[421.817s][info ][gc,metaspace ] GC(261) Metaspace: 57942K->57942K(1101824K)
[421.817s][info ][gc           ] GC(261) Pause Young (Allocation Failure) 712M->482M(850M) 6.256ms
[421.817s][info ][gc,cpu       ] GC(261) User=0.02s Sys=0.01s Real=0.00s
[421.817s][info ][safepoint    ] Leaving safepoint region
[421.817s][info ][safepoint    ] Total time for which application threads were stopped: 0.0063999 seconds, Stopping threads took: 0.0000172 seconds
[422.818s][info ][safepoint    ] Application time: 1.0016494 seconds
[422.819s][info ][safepoint    ] Entering safepoint region: Cleanup
[422.819s][info ][safepoint    ] Leaving safepoint region
[422.819s][info ][safepoint    ] Total time for which application threads were stopped: 0.0001372 seconds, Stopping threads took: 0.0000689 seconds
[423.819s][info ][safepoint    ] Application time: 1.0000939 seconds
[423.819s][info ][safepoint    ] Entering safepoint region: Cleanup
[423.819s][info ][safepoint    ] Leaving safepoint region
[423.819s][info ][safepoint    ] Total time for which application threads were stopped: 0.0000767 seconds, Stopping threads took: 0.0000160 seconds
[424.315s][info ][safepoint    ] Application time: 0.4957110 seconds
[424.315s][info ][safepoint    ] Entering safepoint region: GenCollectForAllocation
[424.315s][info ][gc,start     ] GC(262) Pause Young (Allocation Failure)
[424.315s][info ][gc,task      ] GC(262) Using 4 workers of 4 for evacuation
[424.322s][debug][gc,ref       ] GC(262) Skipped phase1 of Reference Processing due to unavailable references
[424.322s][debug][gc,ref       ] GC(262) Skipped phase3 of Reference Processing due to unavailable references
[424.322s][debug][gc,ref       ] GC(262) Skipped phase4 of Reference Processing due to unavailable references
[424.322s][debug][gc,age       ] GC(262) Desired survivor size 15368192 bytes, new threshold 6 (max threshold 6)
[424.322s][info ][gc,heap      ] GC(262) ParNew: 254697K->12205K(270336K)
[424.322s][info ][gc,heap      ] GC(262) CMS: 479541K->481414K(600768K)
[424.322s][info ][gc,metaspace ] GC(262) Metaspace: 57944K->57944K(1101824K)
[424.322s][info ][gc           ] GC(262) Pause Young (Allocation Failure) 717M->482M(850M) 7.263ms
[424.322s][info ][gc,cpu       ] GC(262) User=0.03s Sys=0.00s Real=0.01s
[424.322s][info ][safepoint    ] Leaving safepoint region
[424.322s][info ][safepoint    ] Total time for which application threads were stopped: 0.0074034 seconds, Stopping threads took: 0.0000161 seconds
[425.322s][info ][safepoint    ] Application time: 1.0000990 seconds
[425.322s][info ][safepoint    ] Entering safepoint region: Cleanup
[425.322s][info ][safepoint    ] Leaving safepoint region
[425.322s][info ][safepoint    ] Total time for which application threads were stopped: 0.0000911 seconds, Stopping threads took: 0.0000174 seconds
[426.322s][info ][safepoint    ] Application time: 1.0000701 seconds
[426.322s][info ][safepoint    ] Entering safepoint region: Cleanup
[426.322s][info ][safepoint    ] Leaving safepoint region
[426.323s][info ][safepoint    ] Total time for which application threads were stopped: 0.0000854 seconds, Stopping threads took: 0.0000181 seconds
[426.919s][info ][safepoint    ] Application time: 0.5962282 seconds
[426.919s][info ][safepoint    ] Entering safepoint region: GenCollectForAllocation
[426.919s][info ][gc,start     ] GC(263) Pause Young (Allocation Failure)
[426.919s][info ][gc,task      ] GC(263) Using 4 workers of 4 for evacuation
[426.926s][debug][gc,ref       ] GC(263) Skipped phase1 of Reference Processing due to unavailable references
[426.926s][debug][gc,ref       ] GC(263) Skipped phase2 of Reference Processing due to unavailable references
[426.926s][debug][gc,ref       ] GC(263) Skipped phase3 of Reference Processing due to unavailable references
[426.926s][debug][gc,ref       ] GC(263) Skipped phase4 of Reference Processing due to unavailable references
[426.926s][debug][gc,age       ] GC(263) Desired survivor size 15368192 bytes, new threshold 6 (max threshold 6)
[426.926s][info ][gc,heap      ] GC(263) ParNew: 252525K->13964K(270336K)
[426.926s][info ][gc,heap      ] GC(263) CMS: 481414K->481810K(600768K)
[426.926s][info ][gc,metaspace ] GC(263) Metaspace: 57944K->57944K(1101824K)
[426.926s][info ][gc           ] GC(263) Pause Young (Allocation Failure) 716M->484M(850M) 7.003ms
[426.926s][info ][gc,cpu       ] GC(263) User=0.02s Sys=0.00s Real=0.01s
[426.926s][info ][safepoint    ] Leaving safepoint region
[426.926s][info ][safepoint    ] Total time for which application threads were stopped: 0.0071625 seconds, Stopping threads took: 0.0000162 seconds
[427.926s][info ][safepoint    ] Application time: 1.0000877 seconds
[427.926s][info ][safepoint    ] Entering safepoint region: Cleanup
[427.926s][info ][safepoint    ] Leaving safepoint region
[427.926s][info ][safepoint    ] Total time for which application threads were stopped: 0.0001053 seconds, Stopping threads took: 0.0000334 seconds
[428.926s][info ][safepoint    ] Application time: 1.0000993 seconds
[428.926s][info ][safepoint    ] Entering safepoint region: Cleanup
[428.926s][info ][safepoint    ] Leaving safepoint region
[428.926s][info ][safepoint    ] Total time for which application threads were stopped: 0.0000702 seconds, Stopping threads took: 0.0000180 seconds
[429.511s][info ][safepoint    ] Application time: 0.5849727 seconds
[429.511s][info ][safepoint    ] Entering safepoint region: GenCollectForAllocation
[429.512s][info ][gc,start     ] GC(264) Pause Young (Allocation Failure)
[429.512s][info ][gc,task      ] GC(264) Using 4 workers of 4 for evacuation
[429.517s][debug][gc,ref       ] GC(264) Skipped phase1 of Reference Processing due to unavailable references
[429.518s][debug][gc,ref       ] GC(264) Skipped phase2 of Reference Processing due to unavailable references
[429.518s][debug][gc,ref       ] GC(264) Skipped phase3 of Reference Processing due to unavailable references
[429.518s][debug][gc,ref       ] GC(264) Skipped phase4 of Reference Processing due to unavailable references
[429.518s][debug][gc,age       ] GC(264) Desired survivor size 15368192 bytes, new threshold 6 (max threshold 6)
[429.518s][info ][gc,heap      ] GC(264) ParNew: 254284K->14479K(270336K)
[429.518s][info ][gc,heap      ] GC(264) CMS: 481810K->482795K(600768K)
[429.518s][info ][gc,metaspace ] GC(264) Metaspace: 57944K->57944K(1101824K)
[429.518s][info ][gc           ] GC(264) Pause Young (Allocation Failure) 718M->485M(850M) 6.197ms
[429.518s][info ][gc,cpu       ] GC(264) User=0.02s Sys=0.00s Real=0.00s
[429.518s][info ][safepoint    ] Leaving safepoint region
[429.518s][info ][safepoint    ] Total time for which application threads were stopped: 0.0063455 seconds, Stopping threads took: 0.0000174 seconds
[430.518s][info ][safepoint    ] Application time: 1.0002301 seconds
[430.518s][info ][safepoint    ] Entering safepoint region: Cleanup
[430.518s][info ][safepoint    ] Leaving safepoint region
[430.518s][info ][safepoint    ] Total time for which application threads were stopped: 0.0000800 seconds, Stopping threads took: 0.0000178 seconds
[431.518s][info ][safepoint    ] Application time: 1.0000829 seconds
[431.518s][info ][safepoint    ] Entering safepoint region: Cleanup
[431.518s][info ][safepoint    ] Leaving safepoint region
[431.518s][info ][safepoint    ] Total time for which application threads were stopped: 0.0000826 seconds, Stopping threads took: 0.0000295 seconds
[431.858s][info ][safepoint    ] Application time: 0.3392501 seconds
[431.858s][info ][safepoint    ] Entering safepoint region: GenCollectForAllocation
[431.858s][info ][gc,start     ] GC(265) Pause Young (Allocation Failure)
[431.858s][info ][gc,task      ] GC(265) Using 4 workers of 4 for evacuation
[431.865s][debug][gc,ref       ] GC(265) Skipped phase1 of Reference Processing due to unavailable references
[431.865s][debug][gc,ref       ] GC(265) Skipped phase2 of Reference Processing due to unavailable references
[431.865s][debug][gc,ref       ] GC(265) Skipped phase3 of Reference Processing due to unavailable references
[431.865s][debug][gc,ref       ] GC(265) Skipped phase4 of Reference Processing due to unavailable references
[431.865s][debug][gc,age       ] GC(265) Desired survivor size 15368192 bytes, new threshold 6 (max threshold 6)
[431.865s][info ][gc,heap      ] GC(265) ParNew: 254799K->17115K(270336K)
[431.865s][info ][gc,heap      ] GC(265) CMS: 482795K->483611K(600768K)
[431.865s][info ][gc,metaspace ] GC(265) Metaspace: 57944K->57944K(1101824K)
[431.865s][info ][gc           ] GC(265) Pause Young (Allocation Failure) 720M->488M(850M) 7.504ms
[431.865s][info ][gc,cpu       ] GC(265) User=0.02s Sys=0.00s Real=0.01s
[431.865s][info ][safepoint    ] Leaving safepoint region
[431.865s][info ][safepoint    ] Total time for which application threads were stopped: 0.0076821 seconds, Stopping threads took: 0.0000480 seconds
[432.865s][info ][safepoint    ] Application time: 1.0000634 seconds
[432.865s][info ][safepoint    ] Entering safepoint region: Cleanup
[432.866s][info ][safepoint    ] Leaving safepoint region
[432.866s][info ][safepoint    ] Total time for which application threads were stopped: 0.0001472 seconds, Stopping threads took: 0.0000626 seconds
[433.866s][info ][safepoint    ] Application time: 1.0000990 seconds
[433.866s][info ][safepoint    ] Entering safepoint region: Cleanup
[433.866s][info ][safepoint    ] Leaving safepoint region
[433.866s][info ][safepoint    ] Total time for which application threads were stopped: 0.0003656 seconds, Stopping threads took: 0.0001956 seconds
[434.467s][info ][safepoint    ] Application time: 0.6005330 seconds
[434.467s][info ][safepoint    ] Entering safepoint region: GenCollectForAllocation
[434.467s][info ][gc,start     ] GC(266) Pause Young (Allocation Failure)
[434.467s][info ][gc,task      ] GC(266) Using 4 workers of 4 for evacuation
[434.474s][debug][gc,ref       ] GC(266) Skipped phase1 of Reference Processing due to unavailable references
[434.474s][debug][gc,ref       ] GC(266) Skipped phase3 of Reference Processing due to unavailable references
[434.474s][debug][gc,ref       ] GC(266) Skipped phase4 of Reference Processing due to unavailable references
[434.474s][debug][gc,age       ] GC(266) Desired survivor size 15368192 bytes, new threshold 6 (max threshold 6)
[434.474s][info ][gc,heap      ] GC(266) ParNew: 257435K->16221K(270336K)
[434.474s][info ][gc,heap      ] GC(266) CMS: 483611K->485163K(600768K)
[434.474s][info ][gc,metaspace ] GC(266) Metaspace: 57945K->57945K(1101824K)
[434.474s][info ][gc           ] GC(266) Pause Young (Allocation Failure) 723M->489M(850M) 7.396ms
[434.474s][info ][gc,cpu       ] GC(266) User=0.03s Sys=0.00s Real=0.01s
[434.474s][info ][safepoint    ] Leaving safepoint region
[434.474s][info ][safepoint    ] Total time for which application threads were stopped: 0.0075370 seconds, Stopping threads took: 0.0000158 seconds
[435.474s][info ][safepoint    ] Application time: 1.0001085 seconds
[435.474s][info ][safepoint    ] Entering safepoint region: Cleanup
[435.474s][info ][safepoint    ] Leaving safepoint region
[435.474s][info ][safepoint    ] Total time for which application threads were stopped: 0.0000819 seconds, Stopping threads took: 0.0000173 seconds
[436.475s][info ][safepoint    ] Application time: 1.0000938 seconds
[436.475s][info ][safepoint    ] Entering safepoint region: Cleanup
[436.475s][info ][safepoint    ] Leaving safepoint region
[436.475s][info ][safepoint    ] Total time for which application threads were stopped: 0.0000789 seconds, Stopping threads took: 0.0000194 seconds
[437.207s][info ][safepoint    ] Application time: 0.7320748 seconds
[437.207s][info ][safepoint    ] Entering safepoint region: GenCollectForAllocation
[437.207s][info ][gc,start     ] GC(267) Pause Young (Allocation Failure)
[437.207s][info ][gc,task      ] GC(267) Using 4 workers of 4 for evacuation
[437.215s][debug][gc,ref       ] GC(267) Skipped phase1 of Reference Processing due to unavailable references
[437.215s][debug][gc,ref       ] GC(267) Skipped phase3 of Reference Processing due to unavailable references
[437.215s][debug][gc,ref       ] GC(267) Skipped phase4 of Reference Processing due to unavailable references
[437.215s][debug][gc,age       ] GC(267) Desired survivor size 15368192 bytes, new threshold 6 (max threshold 6)
[437.215s][info ][gc,heap      ] GC(267) ParNew: 256541K->13681K(270336K)
[437.215s][info ][gc,heap      ] GC(267) CMS: 485163K->486283K(600768K)
[437.215s][info ][gc,metaspace ] GC(267) Metaspace: 57950K->57950K(1101824K)
[437.215s][info ][gc           ] GC(267) Pause Young (Allocation Failure) 724M->488M(850M) 7.930ms
[437.215s][info ][gc,cpu       ] GC(267) User=0.03s Sys=0.00s Real=0.01s
[437.215s][info ][safepoint    ] Leaving safepoint region
[437.215s][info ][safepoint    ] Total time for which application threads were stopped: 0.0080855 seconds, Stopping threads took: 0.0000166 seconds
[438.215s][info ][safepoint    ] Application time: 1.0000991 seconds
[438.215s][info ][safepoint    ] Entering safepoint region: Cleanup
[438.215s][info ][safepoint    ] Leaving safepoint region
[438.215s][info ][safepoint    ] Total time for which application threads were stopped: 0.0001508 seconds, Stopping threads took: 0.0000763 seconds
[439.215s][info ][safepoint    ] Application time: 1.0000906 seconds
[439.215s][info ][safepoint    ] Entering safepoint region: Cleanup
[439.215s][info ][safepoint    ] Leaving safepoint region
[439.215s][info ][safepoint    ] Total time for which application threads were stopped: 0.0001347 seconds, Stopping threads took: 0.0000742 seconds
[439.666s][info ][safepoint    ] Application time: 0.4504352 seconds
[439.666s][info ][safepoint    ] Entering safepoint region: GenCollectForAllocation
[439.666s][info ][gc,start     ] GC(268) Pause Young (Allocation Failure)
[439.666s][info ][gc,task      ] GC(268) Using 4 workers of 4 for evacuation
[439.673s][debug][gc,ref       ] GC(268) Skipped phase1 of Reference Processing due to unavailable references
[439.673s][debug][gc,ref       ] GC(268) Skipped phase3 of Reference Processing due to unavailable references
[439.673s][debug][gc,ref       ] GC(268) Skipped phase4 of Reference Processing due to unavailable references
[439.673s][debug][gc,age       ] GC(268) Desired survivor size 15368192 bytes, new threshold 6 (max threshold 6)
[439.673s][info ][gc,heap      ] GC(268) ParNew: 254001K->16653K(270336K)
[439.673s][info ][gc,heap      ] GC(268) CMS: 486283K->487253K(600768K)
[439.673s][info ][gc,metaspace ] GC(268) Metaspace: 57950K->57950K(1101824K)
[439.673s][info ][gc           ] GC(268) Pause Young (Allocation Failure) 722M->492M(850M) 6.817ms
[439.673s][info ][gc,cpu       ] GC(268) User=0.03s Sys=0.00s Real=0.01s
[439.673s][info ][safepoint    ] Leaving safepoint region
[439.673s][info ][safepoint    ] Total time for which application threads were stopped: 0.0069819 seconds, Stopping threads took: 0.0000167 seconds
[440.673s][info ][safepoint    ] Application time: 1.0001310 seconds
[440.673s][info ][safepoint    ] Entering safepoint region: Cleanup
[440.673s][info ][safepoint    ] Leaving safepoint region
[440.673s][info ][safepoint    ] Total time for which application threads were stopped: 0.0000749 seconds, Stopping threads took: 0.0000161 seconds
[441.673s][info ][safepoint    ] Application time: 1.0000914 seconds
[441.673s][info ][safepoint    ] Entering safepoint region: Cleanup
[441.673s][info ][safepoint    ] Leaving safepoint region
[441.673s][info ][safepoint    ] Total time for which application threads were stopped: 0.0000774 seconds, Stopping threads took: 0.0000172 seconds
[442.259s][info ][safepoint    ] Application time: 0.5857047 seconds
[442.259s][info ][safepoint    ] Entering safepoint region: GenCollectForAllocation
[442.259s][info ][gc,start     ] GC(269) Pause Young (Allocation Failure)
[442.259s][info ][gc,task      ] GC(269) Using 4 workers of 4 for evacuation
[442.266s][debug][gc,ref       ] GC(269) Skipped phase1 of Reference Processing due to unavailable references
[442.266s][debug][gc,ref       ] GC(269) Skipped phase3 of Reference Processing due to unavailable references
[442.266s][debug][gc,ref       ] GC(269) Skipped phase4 of Reference Processing due to unavailable references
[442.266s][debug][gc,age       ] GC(269) Desired survivor size 15368192 bytes, new threshold 6 (max threshold 6)
[442.266s][info ][gc,heap      ] GC(269) ParNew: 256973K->19679K(270336K)
[442.266s][info ][gc,heap      ] GC(269) CMS: 487253K->488191K(600768K)
[442.266s][info ][gc,metaspace ] GC(269) Metaspace: 57950K->57950K(1101824K)
[442.266s][info ][gc           ] GC(269) Pause Young (Allocation Failure) 726M->495M(850M) 7.078ms
[442.266s][info ][gc,cpu       ] GC(269) User=0.03s Sys=0.00s Real=0.01s
[442.266s][info ][safepoint    ] Leaving safepoint region
[442.266s][info ][safepoint    ] Total time for which application threads were stopped: 0.0072465 seconds, Stopping threads took: 0.0000158 seconds
[443.266s][info ][safepoint    ] Application time: 1.0000954 seconds
[443.267s][info ][safepoint    ] Entering safepoint region: Cleanup
[443.267s][info ][safepoint    ] Leaving safepoint region
[443.267s][info ][safepoint    ] Total time for which application threads were stopped: 0.0001552 seconds, Stopping threads took: 0.0000956 seconds
[444.267s][info ][safepoint    ] Application time: 1.0000967 seconds
[444.267s][info ][safepoint    ] Entering safepoint region: Cleanup
[444.267s][info ][safepoint    ] Leaving safepoint region
[444.267s][info ][safepoint    ] Total time for which application threads were stopped: 0.0001359 seconds, Stopping threads took: 0.0000653 seconds
[445.045s][info ][safepoint    ] Application time: 0.7778770 seconds
[445.045s][info ][safepoint    ] Entering safepoint region: GenCollectForAllocation
[445.045s][info ][gc,start     ] GC(270) Pause Young (Allocation Failure)
[445.045s][info ][gc,task      ] GC(270) Using 4 workers of 4 for evacuation
[445.052s][debug][gc,ref       ] GC(270) Skipped phase1 of Reference Processing due to unavailable references
[445.052s][debug][gc,ref       ] GC(270) Skipped phase3 of Reference Processing due to unavailable references
[445.052s][debug][gc,age       ] GC(270) Desired survivor size 15368192 bytes, new threshold 6 (max threshold 6)
[445.052s][info ][gc,heap      ] GC(270) ParNew: 259999K->14193K(270336K)
[445.052s][info ][gc,heap      ] GC(270) CMS: 488191K->489269K(600768K)
[445.052s][info ][gc,metaspace ] GC(270) Metaspace: 57950K->57950K(1101824K)
[445.052s][info ][gc           ] GC(270) Pause Young (Allocation Failure) 730M->491M(850M) 6.792ms
[445.052s][info ][gc,cpu       ] GC(270) User=0.03s Sys=0.00s Real=0.01s
[445.052s][info ][safepoint    ] Leaving safepoint region
[445.052s][info ][safepoint    ] Total time for which application threads were stopped: 0.0069367 seconds, Stopping threads took: 0.0000140 seconds
[446.052s][info ][safepoint    ] Application time: 1.0001014 seconds
[446.052s][info ][safepoint    ] Entering safepoint region: Cleanup
[446.052s][info ][safepoint    ] Leaving safepoint region
[446.052s][info ][safepoint    ] Total time for which application threads were stopped: 0.0000952 seconds, Stopping threads took: 0.0000178 seconds
[447.052s][info ][safepoint    ] Application time: 1.0001020 seconds
[447.052s][info ][safepoint    ] Entering safepoint region: Cleanup
[447.052s][info ][safepoint    ] Leaving safepoint region
[447.052s][info ][safepoint    ] Total time for which application threads were stopped: 0.0000778 seconds, Stopping threads took: 0.0000179 seconds
[447.707s][info ][safepoint    ] Application time: 0.6545353 seconds
[447.707s][info ][safepoint    ] Entering safepoint region: GenCollectForAllocation
[447.707s][info ][gc,start     ] GC(271) Pause Young (Allocation Failure)
[447.707s][info ][gc,task      ] GC(271) Using 4 workers of 4 for evacuation
[447.735s][debug][gc,ref       ] GC(271) Skipped phase1 of Reference Processing due to unavailable references
[447.735s][debug][gc,ref       ] GC(271) Skipped phase3 of Reference Processing due to unavailable references
[447.735s][debug][gc,age       ] GC(271) Desired survivor size 15368192 bytes, new threshold 6 (max threshold 6)
[447.735s][info ][gc,heap      ] GC(271) ParNew: 254513K->15069K(270336K)
[447.735s][info ][gc,heap      ] GC(271) CMS: 489269K->492440K(600768K)
[447.735s][info ][gc,metaspace ] GC(271) Metaspace: 57956K->57956K(1101824K)
[447.735s][info ][gc           ] GC(271) Pause Young (Allocation Failure) 726M->495M(850M) 28.017ms
[447.735s][info ][gc,cpu       ] GC(271) User=0.04s Sys=0.00s Real=0.03s
[447.735s][info ][safepoint    ] Leaving safepoint region
[447.735s][info ][safepoint    ] Total time for which application threads were stopped: 0.0281751 seconds, Stopping threads took: 0.0000168 seconds
[448.735s][info ][safepoint    ] Application time: 1.0001054 seconds
[448.735s][info ][safepoint    ] Entering safepoint region: Cleanup
[448.735s][info ][safepoint    ] Leaving safepoint region
[448.735s][info ][safepoint    ] Total time for which application threads were stopped: 0.0000724 seconds, Stopping threads took: 0.0000202 seconds
[449.735s][info ][safepoint    ] Application time: 1.0000903 seconds
[449.735s][info ][safepoint    ] Entering safepoint region: Cleanup
[449.735s][info ][safepoint    ] Leaving safepoint region
[449.735s][info ][safepoint    ] Total time for which application threads were stopped: 0.0000858 seconds, Stopping threads took: 0.0000286 seconds
[450.455s][info ][safepoint    ] Application time: 0.7194713 seconds
[450.455s][info ][safepoint    ] Entering safepoint region: GenCollectForAllocation
[450.455s][info ][gc,start     ] GC(272) Pause Young (Allocation Failure)
[450.455s][info ][gc,task      ] GC(272) Using 4 workers of 4 for evacuation
[450.461s][debug][gc,ref       ] GC(272) Skipped phase1 of Reference Processing due to unavailable references
[450.461s][debug][gc,ref       ] GC(272) Skipped phase2 of Reference Processing due to unavailable references
[450.461s][debug][gc,ref       ] GC(272) Skipped phase3 of Reference Processing due to unavailable references
[450.461s][debug][gc,ref       ] GC(272) Skipped phase4 of Reference Processing due to unavailable references
[450.461s][debug][gc,age       ] GC(272) Desired survivor size 15368192 bytes, new threshold 6 (max threshold 6)
[450.461s][info ][gc,heap      ] GC(272) ParNew: 255389K->7072K(270336K)
[450.461s][info ][gc,heap      ] GC(272) CMS: 492440K->493990K(600768K)
[450.461s][info ][gc,metaspace ] GC(272) Metaspace: 57957K->57957K(1101824K)
[450.461s][info ][gc           ] GC(272) Pause Young (Allocation Failure) 730M->489M(850M) 6.000ms
[450.461s][info ][gc,cpu       ] GC(272) User=0.03s Sys=0.00s Real=0.00s
[450.461s][info ][safepoint    ] Leaving safepoint region
[450.461s][info ][safepoint    ] Total time for which application threads were stopped: 0.0062100 seconds, Stopping threads took: 0.0000782 seconds
[451.461s][info ][safepoint    ] Application time: 1.0001082 seconds
[451.461s][info ][safepoint    ] Entering safepoint region: Cleanup
[451.461s][info ][safepoint    ] Leaving safepoint region
[451.461s][info ][safepoint    ] Total time for which application threads were stopped: 0.0001287 seconds, Stopping threads took: 0.0000537 seconds
[452.462s][info ][safepoint    ] Application time: 1.0000957 seconds
[452.462s][info ][safepoint    ] Entering safepoint region: Cleanup
[452.462s][info ][safepoint    ] Leaving safepoint region
[452.462s][info ][safepoint    ] Total time for which application threads were stopped: 0.0001047 seconds, Stopping threads took: 0.0000458 seconds
[453.355s][info ][safepoint    ] Application time: 0.8930367 seconds
[453.355s][info ][safepoint    ] Entering safepoint region: GenCollectForAllocation
[453.355s][info ][gc,start     ] GC(273) Pause Young (Allocation Failure)
[453.355s][info ][gc,task      ] GC(273) Using 4 workers of 4 for evacuation
[453.360s][debug][gc,ref       ] GC(273) Skipped phase1 of Reference Processing due to unavailable references
[453.360s][debug][gc,ref       ] GC(273) Skipped phase2 of Reference Processing due to unavailable references
[453.360s][debug][gc,ref       ] GC(273) Skipped phase3 of Reference Processing due to unavailable references
[453.360s][debug][gc,ref       ] GC(273) Skipped phase4 of Reference Processing due to unavailable references
[453.360s][debug][gc,age       ] GC(273) Desired survivor size 15368192 bytes, new threshold 6 (max threshold 6)
[453.360s][info ][gc,heap      ] GC(273) ParNew: 247392K->8949K(270336K)
[453.360s][info ][gc,heap      ] GC(273) CMS: 493990K->494890K(600768K)
[453.360s][info ][gc,metaspace ] GC(273) Metaspace: 57957K->57957K(1101824K)
[453.360s][info ][gc           ] GC(273) Pause Young (Allocation Failure) 724M->492M(850M) 5.387ms
[453.360s][info ][gc,cpu       ] GC(273) User=0.02s Sys=0.00s Real=0.00s
[453.360s][info ][safepoint    ] Leaving safepoint region
[453.360s][info ][safepoint    ] Total time for which application threads were stopped: 0.0055689 seconds, Stopping threads took: 0.0000165 seconds
[454.360s][info ][safepoint    ] Application time: 1.0000996 seconds
[454.360s][info ][safepoint    ] Entering safepoint region: Cleanup
[454.361s][info ][safepoint    ] Leaving safepoint region
[454.361s][info ][safepoint    ] Total time for which application threads were stopped: 0.0001106 seconds, Stopping threads took: 0.0000400 seconds
[455.361s][info ][safepoint    ] Application time: 1.0001262 seconds
[455.361s][info ][safepoint    ] Entering safepoint region: Cleanup
[455.361s][info ][safepoint    ] Leaving safepoint region
[455.361s][info ][safepoint    ] Total time for which application threads were stopped: 0.0001205 seconds, Stopping threads took: 0.0000535 seconds
[456.263s][info ][safepoint    ] Application time: 0.9020944 seconds
[456.263s][info ][safepoint    ] Entering safepoint region: GenCollectForAllocation
[456.263s][info ][gc,start     ] GC(274) Pause Young (Allocation Failure)
[456.263s][info ][gc,task      ] GC(274) Using 4 workers of 4 for evacuation
[456.268s][debug][gc,ref       ] GC(274) Skipped phase1 of Reference Processing due to unavailable references
[456.268s][debug][gc,ref       ] GC(274) Skipped phase2 of Reference Processing due to unavailable references
[456.268s][debug][gc,ref       ] GC(274) Skipped phase3 of Reference Processing due to unavailable references
[456.268s][debug][gc,ref       ] GC(274) Skipped phase4 of Reference Processing due to unavailable references
[456.268s][debug][gc,age       ] GC(274) Desired survivor size 15368192 bytes, new threshold 6 (max threshold 6)
[456.268s][info ][gc,heap      ] GC(274) ParNew: 249269K->6123K(270336K)
[456.268s][info ][gc,heap      ] GC(274) CMS: 494890K->495895K(600768K)
[456.268s][info ][gc,metaspace ] GC(274) Metaspace: 57957K->57957K(1101824K)
[456.268s][info ][gc           ] GC(274) Pause Young (Allocation Failure) 726M->490M(850M) 5.321ms
[456.268s][info ][gc,cpu       ] GC(274) User=0.02s Sys=0.01s Real=0.00s
[456.268s][info ][safepoint    ] Leaving safepoint region
[456.268s][info ][safepoint    ] Total time for which application threads were stopped: 0.0054664 seconds, Stopping threads took: 0.0000167 seconds
[457.269s][info ][safepoint    ] Application time: 1.0001028 seconds
[457.269s][info ][safepoint    ] Entering safepoint region: Cleanup
[457.269s][info ][safepoint    ] Leaving safepoint region
[457.269s][info ][safepoint    ] Total time for which application threads were stopped: 0.0000786 seconds, Stopping threads took: 0.0000172 seconds
[458.269s][info ][safepoint    ] Application time: 1.0000976 seconds
[458.269s][info ][safepoint    ] Entering safepoint region: Cleanup
[458.269s][info ][safepoint    ] Leaving safepoint region
[458.269s][info ][safepoint    ] Total time for which application threads were stopped: 0.0000658 seconds, Stopping threads took: 0.0000170 seconds
[459.218s][info ][safepoint    ] Application time: 0.9493163 seconds
[459.218s][info ][safepoint    ] Entering safepoint region: GenCollectForAllocation
[459.218s][info ][gc,start     ] GC(275) Pause Young (Allocation Failure)
[459.218s][info ][gc,task      ] GC(275) Using 4 workers of 4 for evacuation
[459.222s][debug][gc,ref       ] GC(275) Skipped phase1 of Reference Processing due to unavailable references
[459.223s][debug][gc,ref       ] GC(275) Skipped phase2 of Reference Processing due to unavailable references
[459.223s][debug][gc,ref       ] GC(275) Skipped phase3 of Reference Processing due to unavailable references
[459.223s][debug][gc,ref       ] GC(275) Skipped phase4 of Reference Processing due to unavailable references
[459.223s][debug][gc,age       ] GC(275) Desired survivor size 15368192 bytes, new threshold 6 (max threshold 6)
[459.223s][info ][gc,heap      ] GC(275) ParNew: 246443K->5687K(270336K)
[459.223s][info ][gc,heap      ] GC(275) CMS: 495895K->496979K(600768K)
[459.223s][info ][gc,metaspace ] GC(275) Metaspace: 57957K->57957K(1101824K)
[459.223s][info ][gc           ] GC(275) Pause Young (Allocation Failure) 724M->490M(850M) 4.313ms
[459.223s][info ][gc,cpu       ] GC(275) User=0.02s Sys=0.00s Real=0.01s
[459.223s][info ][safepoint    ] Leaving safepoint region
[459.223s][info ][safepoint    ] Total time for which application threads were stopped: 0.0044916 seconds, Stopping threads took: 0.0000170 seconds
[460.223s][info ][safepoint    ] Application time: 1.0001044 seconds
[460.223s][info ][safepoint    ] Entering safepoint region: Cleanup
[460.223s][info ][safepoint    ] Leaving safepoint region
[460.223s][info ][safepoint    ] Total time for which application threads were stopped: 0.0000710 seconds, Stopping threads took: 0.0000164 seconds
[461.223s][info ][safepoint    ] Application time: 1.0001212 seconds
[461.223s][info ][safepoint    ] Entering safepoint region: Cleanup
[461.223s][info ][safepoint    ] Leaving safepoint region
[461.223s][info ][safepoint    ] Total time for which application threads were stopped: 0.0000747 seconds, Stopping threads took: 0.0000161 seconds
[462.157s][info ][safepoint    ] Application time: 0.9342106 seconds
[462.157s][info ][safepoint    ] Entering safepoint region: GenCollectForAllocation
[462.158s][info ][gc,start     ] GC(276) Pause Young (Allocation Failure)
[462.158s][info ][gc,task      ] GC(276) Using 4 workers of 4 for evacuation
[462.162s][debug][gc,ref       ] GC(276) Skipped phase1 of Reference Processing due to unavailable references
[462.162s][debug][gc,ref       ] GC(276) Skipped phase2 of Reference Processing due to unavailable references
[462.162s][debug][gc,ref       ] GC(276) Skipped phase3 of Reference Processing due to unavailable references
[462.162s][debug][gc,ref       ] GC(276) Skipped phase4 of Reference Processing due to unavailable references
[462.162s][debug][gc,age       ] GC(276) Desired survivor size 15368192 bytes, new threshold 6 (max threshold 6)
[462.162s][info ][gc,heap      ] GC(276) ParNew: 246007K->5534K(270336K)
[462.162s][info ][gc,heap      ] GC(276) CMS: 496979K->497202K(600768K)
[462.162s][info ][gc,metaspace ] GC(276) Metaspace: 57958K->57958K(1101824K)
[462.162s][info ][gc           ] GC(276) Pause Young (Allocation Failure) 725M->490M(850M) 4.203ms
[462.162s][info ][gc,cpu       ] GC(276) User=0.01s Sys=0.01s Real=0.00s
[462.162s][info ][safepoint    ] Leaving safepoint region
[462.162s][info ][safepoint    ] Total time for which application threads were stopped: 0.0043591 seconds, Stopping threads took: 0.0000279 seconds
[463.162s][info ][safepoint    ] Application time: 1.0001086 seconds
[463.162s][info ][safepoint    ] Entering safepoint region: Cleanup
[463.162s][info ][safepoint    ] Leaving safepoint region
[463.162s][info ][safepoint    ] Total time for which application threads were stopped: 0.0001301 seconds, Stopping threads took: 0.0000414 seconds
[464.162s][info ][safepoint    ] Application time: 1.0001056 seconds
[464.162s][info ][safepoint    ] Entering safepoint region: Cleanup
[464.162s][info ][safepoint    ] Leaving safepoint region
[464.162s][info ][safepoint    ] Total time for which application threads were stopped: 0.0001051 seconds, Stopping threads took: 0.0000405 seconds
[465.012s][info ][safepoint    ] Application time: 0.8493267 seconds
[465.012s][info ][safepoint    ] Entering safepoint region: GenCollectForAllocation
[465.012s][info ][gc,start     ] GC(277) Pause Young (Allocation Failure)
[465.012s][info ][gc,task      ] GC(277) Using 4 workers of 4 for evacuation
[465.017s][debug][gc,ref       ] GC(277) Skipped phase1 of Reference Processing due to unavailable references
[465.017s][debug][gc,ref       ] GC(277) Skipped phase2 of Reference Processing due to unavailable references
[465.017s][debug][gc,ref       ] GC(277) Skipped phase3 of Reference Processing due to unavailable references
[465.017s][debug][gc,ref       ] GC(277) Skipped phase4 of Reference Processing due to unavailable references
[465.017s][debug][gc,age       ] GC(277) Desired survivor size 15368192 bytes, new threshold 6 (max threshold 6)
[465.017s][info ][gc,heap      ] GC(277) ParNew: 245854K->6799K(270336K)
[465.017s][info ][gc,heap      ] GC(277) CMS: 497202K->498130K(600768K)
[465.017s][info ][gc,metaspace ] GC(277) Metaspace: 57961K->57961K(1101824K)
[465.017s][info ][gc           ] GC(277) Pause Young (Allocation Failure) 725M->493M(850M) 5.145ms
[465.017s][info ][gc,cpu       ] GC(277) User=0.02s Sys=0.00s Real=0.00s
[465.017s][info ][safepoint    ] Leaving safepoint region
[465.017s][info ][safepoint    ] Total time for which application threads were stopped: 0.0053086 seconds, Stopping threads took: 0.0000171 seconds
[466.017s][info ][safepoint    ] Application time: 1.0000952 seconds
[466.017s][info ][safepoint    ] Entering safepoint region: Cleanup
[466.017s][info ][safepoint    ] Leaving safepoint region
[466.017s][info ][safepoint    ] Total time for which application threads were stopped: 0.0000814 seconds, Stopping threads took: 0.0000176 seconds
[467.017s][info ][safepoint    ] Application time: 1.0000878 seconds
[467.017s][info ][safepoint    ] Entering safepoint region: Cleanup
[467.017s][info ][safepoint    ] Leaving safepoint region
[467.017s][info ][safepoint    ] Total time for which application threads were stopped: 0.0000706 seconds, Stopping threads took: 0.0000154 seconds
[468.013s][info ][safepoint    ] Application time: 0.9956702 seconds
[468.013s][info ][safepoint    ] Entering safepoint region: GenCollectForAllocation
[468.013s][info ][gc,start     ] GC(278) Pause Young (Allocation Failure)
[468.013s][info ][gc,task      ] GC(278) Using 4 workers of 4 for evacuation
[468.018s][debug][gc,ref       ] GC(278) Skipped phase1 of Reference Processing due to unavailable references
[468.018s][debug][gc,ref       ] GC(278) Skipped phase2 of Reference Processing due to unavailable references
[468.018s][debug][gc,ref       ] GC(278) Skipped phase3 of Reference Processing due to unavailable references
[468.018s][debug][gc,ref       ] GC(278) Skipped phase4 of Reference Processing due to unavailable references
[468.018s][debug][gc,age       ] GC(278) Desired survivor size 15368192 bytes, new threshold 6 (max threshold 6)
[468.018s][info ][gc,heap      ] GC(278) ParNew: 247119K->8129K(270336K)
[468.018s][info ][gc,heap      ] GC(278) CMS: 498130K->498492K(600768K)
[468.018s][info ][gc,metaspace ] GC(278) Metaspace: 57963K->57963K(1101824K)
[468.018s][info ][gc           ] GC(278) Pause Young (Allocation Failure) 727M->494M(850M) 4.503ms
[468.018s][info ][gc,cpu       ] GC(278) User=0.02s Sys=0.00s Real=0.00s
[468.018s][info ][safepoint    ] Leaving safepoint region
[468.018s][info ][safepoint    ] Total time for which application threads were stopped: 0.0046588 seconds, Stopping threads took: 0.0000164 seconds
[469.018s][info ][safepoint    ] Application time: 1.0001205 seconds
[469.018s][info ][safepoint    ] Entering safepoint region: Cleanup
[469.018s][info ][safepoint    ] Leaving safepoint region
[469.018s][info ][safepoint    ] Total time for which application threads were stopped: 0.0000807 seconds, Stopping threads took: 0.0000163 seconds
[470.018s][info ][safepoint    ] Application time: 1.0000917 seconds
[470.018s][info ][safepoint    ] Entering safepoint region: Cleanup
[470.018s][info ][safepoint    ] Leaving safepoint region
[470.018s][info ][safepoint    ] Total time for which application threads were stopped: 0.0000710 seconds, Stopping threads took: 0.0000157 seconds
[471.012s][info ][safepoint    ] Application time: 0.9932579 seconds
[471.012s][info ][safepoint    ] Entering safepoint region: GenCollectForAllocation
[471.012s][info ][gc,start     ] GC(279) Pause Young (Allocation Failure)
[471.012s][info ][gc,task      ] GC(279) Using 4 workers of 4 for evacuation
[471.016s][debug][gc,ref       ] GC(279) Skipped phase1 of Reference Processing due to unavailable references
[471.016s][debug][gc,ref       ] GC(279) Skipped phase2 of Reference Processing due to unavailable references
[471.016s][debug][gc,ref       ] GC(279) Skipped phase3 of Reference Processing due to unavailable references
[471.016s][debug][gc,ref       ] GC(279) Skipped phase4 of Reference Processing due to unavailable references
[471.016s][debug][gc,age       ] GC(279) Desired survivor size 15368192 bytes, new threshold 6 (max threshold 6)
[471.016s][info ][gc,heap      ] GC(279) ParNew: 248449K->7862K(270336K)
[471.016s][info ][gc,heap      ] GC(279) CMS: 498492K->498808K(600768K)
[471.016s][info ][gc,metaspace ] GC(279) Metaspace: 57964K->57964K(1101824K)
[471.016s][info ][gc           ] GC(279) Pause Young (Allocation Failure) 729M->494M(850M) 4.682ms
[471.016s][info ][gc,cpu       ] GC(279) User=0.02s Sys=0.00s Real=0.00s
[471.016s][info ][safepoint    ] Leaving safepoint region
[471.016s][info ][safepoint    ] Total time for which application threads were stopped: 0.0048755 seconds, Stopping threads took: 0.0000156 seconds
[472.016s][info ][safepoint    ] Application time: 1.0000826 seconds
[472.017s][info ][safepoint    ] Entering safepoint region: Cleanup
[472.017s][info ][safepoint    ] Leaving safepoint region
[472.017s][info ][safepoint    ] Total time for which application threads were stopped: 0.0001579 seconds, Stopping threads took: 0.0000949 seconds
[473.017s][info ][safepoint    ] Application time: 1.0001026 seconds
[473.017s][info ][safepoint    ] Entering safepoint region: Cleanup
[473.017s][info ][safepoint    ] Leaving safepoint region
[473.017s][info ][safepoint    ] Total time for which application threads were stopped: 0.0000749 seconds, Stopping threads took: 0.0000160 seconds
[473.910s][info ][safepoint    ] Application time: 0.8930107 seconds
[473.910s][info ][safepoint    ] Entering safepoint region: GenCollectForAllocation
[473.910s][info ][gc,start     ] GC(280) Pause Young (Allocation Failure)
[473.910s][info ][gc,task      ] GC(280) Using 4 workers of 4 for evacuation
[473.915s][debug][gc,ref       ] GC(280) Skipped phase1 of Reference Processing due to unavailable references
[473.915s][debug][gc,ref       ] GC(280) Skipped phase2 of Reference Processing due to unavailable references
[473.915s][debug][gc,ref       ] GC(280) Skipped phase3 of Reference Processing due to unavailable references
[473.915s][debug][gc,ref       ] GC(280) Skipped phase4 of Reference Processing due to unavailable references
[473.915s][debug][gc,age       ] GC(280) Desired survivor size 15368192 bytes, new threshold 6 (max threshold 6)
[473.915s][info ][gc,heap      ] GC(280) ParNew: 248182K->7346K(270336K)
[473.915s][info ][gc,heap      ] GC(280) CMS: 498808K->499059K(600768K)
[473.915s][info ][gc,metaspace ] GC(280) Metaspace: 57968K->57968K(1101824K)
[473.915s][info ][gc           ] GC(280) Pause Young (Allocation Failure) 729M->494M(850M) 4.813ms
[473.915s][info ][gc,cpu       ] GC(280) User=0.01s Sys=0.00s Real=0.00s
[473.915s][info ][safepoint    ] Leaving safepoint region
[473.915s][info ][safepoint    ] Total time for which application threads were stopped: 0.0050093 seconds, Stopping threads took: 0.0000411 seconds
[474.915s][info ][safepoint    ] Application time: 1.0000917 seconds
[474.915s][info ][safepoint    ] Entering safepoint region: Cleanup
[474.915s][info ][safepoint    ] Leaving safepoint region
[474.915s][info ][safepoint    ] Total time for which application threads were stopped: 0.0001189 seconds, Stopping threads took: 0.0000567 seconds
[475.915s][info ][safepoint    ] Application time: 1.0001139 seconds
[475.915s][info ][safepoint    ] Entering safepoint region: Cleanup
[475.916s][info ][safepoint    ] Leaving safepoint region
[475.916s][info ][safepoint    ] Total time for which application threads were stopped: 0.0001554 seconds, Stopping threads took: 0.0000675 seconds
[476.814s][info ][safepoint    ] Application time: 0.8980886 seconds
[476.814s][info ][safepoint    ] Entering safepoint region: GenCollectForAllocation
[476.814s][info ][gc,start     ] GC(281) Pause Young (Allocation Failure)
[476.814s][info ][gc,task      ] GC(281) Using 4 workers of 4 for evacuation
[476.818s][debug][gc,ref       ] GC(281) Skipped phase1 of Reference Processing due to unavailable references
[476.818s][debug][gc,ref       ] GC(281) Skipped phase2 of Reference Processing due to unavailable references
[476.818s][debug][gc,ref       ] GC(281) Skipped phase3 of Reference Processing due to unavailable references
[476.818s][debug][gc,ref       ] GC(281) Skipped phase4 of Reference Processing due to unavailable references
[476.819s][debug][gc,age       ] GC(281) Desired survivor size 15368192 bytes, new threshold 6 (max threshold 6)
[476.819s][info ][gc,heap      ] GC(281) ParNew: 247666K->9499K(270336K)
[476.819s][info ][gc,heap      ] GC(281) CMS: 499059K->499105K(600768K)
[476.819s][info ][gc,metaspace ] GC(281) Metaspace: 57971K->57971K(1101824K)
[476.819s][info ][gc           ] GC(281) Pause Young (Allocation Failure) 729M->496M(850M) 4.820ms
[476.819s][info ][gc,cpu       ] GC(281) User=0.02s Sys=0.00s Real=0.00s
[476.819s][info ][safepoint    ] Leaving safepoint region
[476.819s][info ][safepoint    ] Total time for which application threads were stopped: 0.0049880 seconds, Stopping threads took: 0.0000150 seconds
[477.819s][info ][safepoint    ] Application time: 1.0000998 seconds
[477.819s][info ][safepoint    ] Entering safepoint region: Cleanup
[477.819s][info ][safepoint    ] Leaving safepoint region
[477.819s][info ][safepoint    ] Total time for which application threads were stopped: 0.0000783 seconds, Stopping threads took: 0.0000160 seconds
[478.819s][info ][safepoint    ] Application time: 1.0000996 seconds
[478.819s][info ][safepoint    ] Entering safepoint region: Cleanup
[478.819s][info ][safepoint    ] Leaving safepoint region
[478.819s][info ][safepoint    ] Total time for which application threads were stopped: 0.0000718 seconds, Stopping threads took: 0.0000184 seconds
[479.614s][info ][safepoint    ] Application time: 0.7948368 seconds
[479.614s][info ][safepoint    ] Entering safepoint region: GenCollectForAllocation
[479.614s][info ][gc,start     ] GC(282) Pause Young (Allocation Failure)
[479.614s][info ][gc,task      ] GC(282) Using 4 workers of 4 for evacuation
[479.620s][debug][gc,ref       ] GC(282) Skipped phase1 of Reference Processing due to unavailable references
[479.620s][debug][gc,ref       ] GC(282) Skipped phase3 of Reference Processing due to unavailable references
[479.620s][debug][gc,age       ] GC(282) Desired survivor size 15368192 bytes, new threshold 6 (max threshold 6)
[479.620s][info ][gc,heap      ] GC(282) ParNew: 249819K->11073K(270336K)
[479.620s][info ][gc,heap      ] GC(282) CMS: 499105K->499197K(600768K)
[479.620s][info ][gc,metaspace ] GC(282) Metaspace: 57988K->57988K(1101824K)
[479.620s][info ][gc           ] GC(282) Pause Young (Allocation Failure) 731M->498M(850M) 6.069ms
[479.620s][info ][gc,cpu       ] GC(282) User=0.02s Sys=0.01s Real=0.00s
[479.620s][info ][safepoint    ] Leaving safepoint region
[479.620s][info ][safepoint    ] Total time for which application threads were stopped: 0.0062743 seconds, Stopping threads took: 0.0000150 seconds
[480.620s][info ][safepoint    ] Application time: 1.0000895 seconds
[480.620s][info ][safepoint    ] Entering safepoint region: Cleanup
[480.620s][info ][safepoint    ] Leaving safepoint region
[480.620s][info ][safepoint    ] Total time for which application threads were stopped: 0.0001006 seconds, Stopping threads took: 0.0000329 seconds
[481.621s][info ][safepoint    ] Application time: 1.0000560 seconds
[481.621s][info ][safepoint    ] Entering safepoint region: Cleanup
[481.621s][info ][safepoint    ] Leaving safepoint region
[481.621s][info ][safepoint    ] Total time for which application threads were stopped: 0.0000763 seconds, Stopping threads took: 0.0000175 seconds
[482.349s][info ][safepoint    ] Application time: 0.7282134 seconds
[482.349s][info ][safepoint    ] Entering safepoint region: GenCollectForAllocation
[482.349s][info ][safepoint    ] Leaving safepoint region
[482.349s][info ][safepoint    ] Total time for which application threads were stopped: 0.0001247 seconds, Stopping threads took: 0.0000345 seconds
[482.349s][info ][safepoint    ] Application time: 0.0001046 seconds
[482.349s][info ][safepoint    ] Entering safepoint region: GenCollectFull
[482.349s][info ][gc,start     ] GC(283) Pause Young (GCLocker Initiated GC)
[482.349s][info ][gc,task      ] GC(283) Using 4 workers of 4 for evacuation
[482.357s][debug][gc,ref       ] GC(283) Skipped phase1 of Reference Processing due to unavailable references
[482.357s][debug][gc,ref       ] GC(283) Skipped phase3 of Reference Processing due to unavailable references
[482.357s][debug][gc,age       ] GC(283) Desired survivor size 15368192 bytes, new threshold 6 (max threshold 6)
[482.357s][info ][gc,heap      ] GC(283) ParNew: 251409K->14720K(270336K)
[482.357s][info ][gc,heap      ] GC(283) CMS: 499197K->500711K(600768K)
[482.357s][info ][gc,metaspace ] GC(283) Metaspace: 58031K->58031K(1101824K)
[482.357s][info ][gc           ] GC(283) Pause Young (GCLocker Initiated GC) 733M->503M(850M) 7.893ms
[482.357s][info ][gc,cpu       ] GC(283) User=0.03s Sys=0.00s Real=0.01s
[482.357s][info ][safepoint    ] Leaving safepoint region
[482.357s][info ][safepoint    ] Total time for which application threads were stopped: 0.0079858 seconds, Stopping threads took: 0.0000073 seconds
[483.357s][info ][safepoint    ] Application time: 1.0001130 seconds
[483.357s][info ][safepoint    ] Entering safepoint region: Cleanup
[483.357s][info ][safepoint    ] Leaving safepoint region
[483.357s][info ][safepoint    ] Total time for which application threads were stopped: 0.0001629 seconds, Stopping threads took: 0.0000884 seconds
[484.358s][info ][safepoint    ] Application time: 1.0000982 seconds
[484.358s][info ][safepoint    ] Entering safepoint region: Cleanup
[484.358s][info ][safepoint    ] Leaving safepoint region
[484.358s][info ][safepoint    ] Total time for which application threads were stopped: 0.0001006 seconds, Stopping threads took: 0.0000397 seconds
[485.260s][info ][safepoint    ] Application time: 0.9021023 seconds
[485.260s][info ][safepoint    ] Entering safepoint region: GenCollectForAllocation
[485.260s][info ][gc,start     ] GC(284) Pause Young (Allocation Failure)
[485.260s][info ][gc,task      ] GC(284) Using 4 workers of 4 for evacuation
[485.266s][debug][gc,ref       ] GC(284) Skipped phase1 of Reference Processing due to unavailable references
[485.266s][debug][gc,ref       ] GC(284) Skipped phase3 of Reference Processing due to unavailable references
[485.266s][debug][gc,age       ] GC(284) Desired survivor size 15368192 bytes, new threshold 6 (max threshold 6)
[485.266s][info ][gc,heap      ] GC(284) ParNew: 255040K->11219K(270336K)
[485.266s][info ][gc,heap      ] GC(284) CMS: 500711K->500907K(600768K)
[485.266s][info ][gc,metaspace ] GC(284) Metaspace: 58037K->58037K(1101824K)
[485.266s][info ][gc           ] GC(284) Pause Young (Allocation Failure) 738M->500M(850M) 6.004ms
[485.266s][info ][gc,cpu       ] GC(284) User=0.02s Sys=0.00s Real=0.01s
[485.266s][info ][safepoint    ] Leaving safepoint region
[485.266s][info ][safepoint    ] Total time for which application threads were stopped: 0.0061832 seconds, Stopping threads took: 0.0000167 seconds
[486.266s][info ][safepoint    ] Application time: 1.0001042 seconds
[486.266s][info ][safepoint    ] Entering safepoint region: Cleanup
[486.266s][info ][safepoint    ] Leaving safepoint region
[486.266s][info ][safepoint    ] Total time for which application threads were stopped: 0.0002117 seconds, Stopping threads took: 0.0000710 seconds
[487.266s][info ][safepoint    ] Application time: 1.0000941 seconds
[487.267s][info ][safepoint    ] Entering safepoint region: Cleanup
[487.267s][info ][safepoint    ] Leaving safepoint region
[487.267s][info ][safepoint    ] Total time for which application threads were stopped: 0.0001885 seconds, Stopping threads took: 0.0000833 seconds
[487.870s][info ][safepoint    ] Application time: 0.6029944 seconds
[487.870s][info ][safepoint    ] Entering safepoint region: GenCollectForAllocation
[487.870s][info ][gc,start     ] GC(285) Pause Young (Allocation Failure)
[487.870s][info ][gc,task      ] GC(285) Using 4 workers of 4 for evacuation
[487.877s][debug][gc,ref       ] GC(285) Skipped phase1 of Reference Processing due to unavailable references
[487.877s][debug][gc,ref       ] GC(285) Skipped phase3 of Reference Processing due to unavailable references
[487.877s][debug][gc,age       ] GC(285) Desired survivor size 15368192 bytes, new threshold 6 (max threshold 6)
[487.877s][info ][gc,heap      ] GC(285) ParNew: 251539K->15917K(270336K)
[487.877s][info ][gc,heap      ] GC(285) CMS: 500907K->501124K(600768K)
[487.877s][info ][gc,metaspace ] GC(285) Metaspace: 58070K->58070K(1101824K)
[487.877s][info ][gc           ] GC(285) Pause Young (Allocation Failure) 734M->504M(850M) 7.613ms
[487.877s][info ][gc,cpu       ] GC(285) User=0.03s Sys=0.00s Real=0.01s
[487.877s][info ][safepoint    ] Leaving safepoint region
[487.877s][info ][safepoint    ] Total time for which application threads were stopped: 0.0078022 seconds, Stopping threads took: 0.0000568 seconds
[488.878s][info ][safepoint    ] Application time: 1.0001417 seconds
[488.878s][info ][safepoint    ] Entering safepoint region: Cleanup
[488.878s][info ][safepoint    ] Leaving safepoint region
[488.878s][info ][safepoint    ] Total time for which application threads were stopped: 0.0000758 seconds, Stopping threads took: 0.0000170 seconds
[489.879s][info ][safepoint    ] Application time: 1.0011235 seconds
[489.879s][info ][safepoint    ] Entering safepoint region: Cleanup
[489.879s][info ][safepoint    ] Leaving safepoint region
[489.879s][info ][safepoint    ] Total time for which application threads were stopped: 0.0001042 seconds, Stopping threads took: 0.0000180 seconds
[490.860s][info ][safepoint    ] Application time: 0.9814349 seconds
[490.860s][info ][safepoint    ] Entering safepoint region: GenCollectForAllocation
[490.861s][info ][gc,start     ] GC(286) Pause Young (Allocation Failure)
[490.861s][info ][gc,task      ] GC(286) Using 4 workers of 4 for evacuation
[490.867s][debug][gc,ref       ] GC(286) Skipped phase1 of Reference Processing due to unavailable references
[490.867s][debug][gc,ref       ] GC(286) Skipped phase3 of Reference Processing due to unavailable references
[490.867s][debug][gc,age       ] GC(286) Desired survivor size 15368192 bytes, new threshold 6 (max threshold 6)
[490.867s][info ][gc,heap      ] GC(286) ParNew: 256237K->13835K(270336K)
[490.867s][info ][gc,heap      ] GC(286) CMS: 501124K->501440K(600768K)
[490.867s][info ][gc,metaspace ] GC(286) Metaspace: 58071K->58071K(1101824K)
[490.867s][info ][gc           ] GC(286) Pause Young (Allocation Failure) 739M->503M(850M) 6.385ms
[490.867s][info ][gc,cpu       ] GC(286) User=0.02s Sys=0.00s Real=0.01s
[490.867s][info ][safepoint    ] Leaving safepoint region
[490.867s][info ][safepoint    ] Total time for which application threads were stopped: 0.0065423 seconds, Stopping threads took: 0.0000155 seconds
[491.867s][info ][safepoint    ] Application time: 1.0000949 seconds
[491.867s][info ][safepoint    ] Entering safepoint region: Cleanup
[491.867s][info ][safepoint    ] Leaving safepoint region
[491.867s][info ][safepoint    ] Total time for which application threads were stopped: 0.0000747 seconds, Stopping threads took: 0.0000174 seconds
[492.867s][info ][safepoint    ] Application time: 1.0000707 seconds
[492.867s][info ][safepoint    ] Entering safepoint region: Cleanup
[492.867s][info ][safepoint    ] Leaving safepoint region
[492.867s][info ][safepoint    ] Total time for which application threads were stopped: 0.0000945 seconds, Stopping threads took: 0.0000172 seconds
[493.868s][info ][safepoint    ] Application time: 1.0000919 seconds
[493.868s][info ][safepoint    ] Entering safepoint region: Cleanup
[493.868s][info ][safepoint    ] Leaving safepoint region
[493.868s][info ][safepoint    ] Total time for which application threads were stopped: 0.0000740 seconds, Stopping threads took: 0.0000209 seconds
[494.111s][info ][safepoint    ] Application time: 0.2429189 seconds
[494.111s][info ][safepoint    ] Entering safepoint region: GenCollectForAllocation
[494.111s][info ][gc,start     ] GC(287) Pause Young (Allocation Failure)
[494.111s][info ][gc,task      ] GC(287) Using 4 workers of 4 for evacuation
[494.118s][debug][gc,ref       ] GC(287) Skipped phase1 of Reference Processing due to unavailable references
[494.118s][debug][gc,ref       ] GC(287) Skipped phase3 of Reference Processing due to unavailable references
[494.118s][debug][gc,age       ] GC(287) Desired survivor size 15368192 bytes, new threshold 6 (max threshold 6)
[494.118s][info ][gc,heap      ] GC(287) ParNew: 254155K->14317K(270336K)
[494.118s][info ][gc,heap      ] GC(287) CMS: 501440K->501860K(600768K)
[494.118s][info ][gc,metaspace ] GC(287) Metaspace: 58074K->58074K(1101824K)
[494.118s][info ][gc           ] GC(287) Pause Young (Allocation Failure) 737M->504M(850M) 7.333ms
[494.118s][info ][gc,cpu       ] GC(287) User=0.02s Sys=0.00s Real=0.00s
[494.118s][info ][safepoint    ] Leaving safepoint region
[494.118s][info ][safepoint    ] Total time for which application threads were stopped: 0.0075553 seconds, Stopping threads took: 0.0000376 seconds
[495.119s][info ][safepoint    ] Application time: 1.0000946 seconds
[495.119s][info ][safepoint    ] Entering safepoint region: Cleanup
[495.119s][info ][safepoint    ] Leaving safepoint region
[495.119s][info ][safepoint    ] Total time for which application threads were stopped: 0.0000917 seconds, Stopping threads took: 0.0000294 seconds
[496.119s][info ][safepoint    ] Application time: 1.0000812 seconds
[496.119s][info ][safepoint    ] Entering safepoint region: Cleanup
[496.119s][info ][safepoint    ] Leaving safepoint region
[496.119s][info ][safepoint    ] Total time for which application threads were stopped: 0.0000750 seconds, Stopping threads took: 0.0000160 seconds
[497.119s][info ][safepoint    ] Application time: 1.0000833 seconds
[497.119s][info ][safepoint    ] Entering safepoint region: Cleanup
[497.119s][info ][safepoint    ] Leaving safepoint region
[497.119s][info ][safepoint    ] Total time for which application threads were stopped: 0.0000855 seconds, Stopping threads took: 0.0000206 seconds
[497.463s][info ][safepoint    ] Application time: 0.3443694 seconds
[497.463s][info ][safepoint    ] Entering safepoint region: GenCollectForAllocation
[497.464s][info ][gc,start     ] GC(288) Pause Young (Allocation Failure)
[497.464s][info ][gc,task      ] GC(288) Using 4 workers of 4 for evacuation
[497.470s][debug][gc,ref       ] GC(288) Skipped phase1 of Reference Processing due to unavailable references
[497.470s][debug][gc,ref       ] GC(288) Skipped phase3 of Reference Processing due to unavailable references
[497.470s][debug][gc,ref       ] GC(288) Skipped phase4 of Reference Processing due to unavailable references
[497.470s][debug][gc,age       ] GC(288) Desired survivor size 15368192 bytes, new threshold 6 (max threshold 6)
[497.470s][info ][gc,heap      ] GC(288) ParNew: 254637K->11517K(270336K)
[497.470s][info ][gc,heap      ] GC(288) CMS: 501860K->503511K(600768K)
[497.470s][info ][gc,metaspace ] GC(288) Metaspace: 58077K->58077K(1101824K)
[497.470s][info ][gc           ] GC(288) Pause Young (Allocation Failure) 738M->502M(850M) 6.296ms
[497.470s][info ][gc,cpu       ] GC(288) User=0.02s Sys=0.00s Real=0.00s
[497.470s][info ][safepoint    ] Leaving safepoint region
[497.470s][info ][safepoint    ] Total time for which application threads were stopped: 0.0064400 seconds, Stopping threads took: 0.0000167 seconds
[498.470s][info ][safepoint    ] Application time: 1.0001240 seconds
[498.470s][info ][safepoint    ] Entering safepoint region: Cleanup
[498.471s][info ][safepoint    ] Leaving safepoint region
[498.471s][info ][safepoint    ] Total time for which application threads were stopped: 0.0004565 seconds, Stopping threads took: 0.0003572 seconds
[499.471s][info ][safepoint    ] Application time: 1.0000929 seconds
[499.471s][info ][safepoint    ] Entering safepoint region: Cleanup
[499.471s][info ][safepoint    ] Leaving safepoint region
[499.471s][info ][safepoint    ] Total time for which application threads were stopped: 0.0000809 seconds, Stopping threads took: 0.0000152 seconds
[500.471s][info ][safepoint    ] Application time: 1.0001007 seconds
[500.471s][info ][safepoint    ] Entering safepoint region: Cleanup
[500.471s][info ][safepoint    ] Leaving safepoint region
[500.471s][info ][safepoint    ] Total time for which application threads were stopped: 0.0001604 seconds, Stopping threads took: 0.0000990 seconds
[500.493s][info ][safepoint    ] Application time: 0.0222932 seconds
[500.494s][info ][safepoint    ] Entering safepoint region: GenCollectForAllocation
[500.494s][info ][gc,start     ] GC(289) Pause Young (Allocation Failure)
[500.494s][info ][gc,task      ] GC(289) Using 4 workers of 4 for evacuation
[500.501s][debug][gc,ref       ] GC(289) Skipped phase1 of Reference Processing due to unavailable references
[500.501s][debug][gc,ref       ] GC(289) Skipped phase3 of Reference Processing due to unavailable references
[500.501s][debug][gc,age       ] GC(289) Desired survivor size 15368192 bytes, new threshold 6 (max threshold 6)
[500.502s][info ][gc,heap      ] GC(289) ParNew: 251834K->12245K(270336K)
[500.502s][info ][gc,heap      ] GC(289) CMS: 503511K->505463K(600768K)
[500.502s][info ][gc,metaspace ] GC(289) Metaspace: 58096K->58096K(1101824K)
[500.502s][info ][gc           ] GC(289) Pause Young (Allocation Failure) 737M->505M(850M) 7.952ms
[500.502s][info ][gc,cpu       ] GC(289) User=0.03s Sys=0.00s Real=0.00s
[500.502s][info ][safepoint    ] Leaving safepoint region
[500.502s][info ][safepoint    ] Total time for which application threads were stopped: 0.0081836 seconds, Stopping threads took: 0.0001014 seconds
[501.502s][info ][safepoint    ] Application time: 1.0000914 seconds
[501.502s][info ][safepoint    ] Entering safepoint region: Cleanup
[501.502s][info ][safepoint    ] Leaving safepoint region
[501.502s][info ][safepoint    ] Total time for which application threads were stopped: 0.0000947 seconds, Stopping threads took: 0.0000171 seconds
[502.502s][info ][safepoint    ] Application time: 1.0000867 seconds
[502.502s][info ][safepoint    ] Entering safepoint region: Cleanup
[502.502s][info ][safepoint    ] Leaving safepoint region
[502.502s][info ][safepoint    ] Total time for which application threads were stopped: 0.0000971 seconds, Stopping threads took: 0.0000179 seconds
[503.306s][info ][safepoint    ] Application time: 0.8039268 seconds
[503.306s][info ][safepoint    ] Entering safepoint region: GenCollectForAllocation
[503.306s][info ][gc,start     ] GC(290) Pause Young (Allocation Failure)
[503.306s][info ][gc,task      ] GC(290) Using 4 workers of 4 for evacuation
[503.312s][debug][gc,ref       ] GC(290) Skipped phase1 of Reference Processing due to unavailable references
[503.313s][debug][gc,ref       ] GC(290) Skipped phase3 of Reference Processing due to unavailable references
[503.313s][debug][gc,ref       ] GC(290) Skipped phase4 of Reference Processing due to unavailable references
[503.313s][debug][gc,age       ] GC(290) Desired survivor size 15368192 bytes, new threshold 6 (max threshold 6)
[503.313s][info ][gc,heap      ] GC(290) ParNew: 252565K->9551K(270336K)
[503.313s][info ][gc,heap      ] GC(290) CMS: 505463K->506333K(600768K)
[503.313s][info ][gc,metaspace ] GC(290) Metaspace: 58096K->58096K(1101824K)
[503.313s][info ][gc           ] GC(290) Pause Young (Allocation Failure) 740M->503M(850M) 6.544ms
[503.313s][info ][gc,cpu       ] GC(290) User=0.03s Sys=0.00s Real=0.01s
[503.313s][info ][safepoint    ] Leaving safepoint region
[503.313s][info ][safepoint    ] Total time for which application threads were stopped: 0.0066926 seconds, Stopping threads took: 0.0000160 seconds
[504.313s][info ][safepoint    ] Application time: 1.0000759 seconds
[504.313s][info ][safepoint    ] Entering safepoint region: Cleanup
[504.313s][info ][safepoint    ] Leaving safepoint region
[504.313s][info ][safepoint    ] Total time for which application threads were stopped: 0.0001531 seconds, Stopping threads took: 0.0000810 seconds
[505.313s][info ][safepoint    ] Application time: 1.0001051 seconds
[505.313s][info ][safepoint    ] Entering safepoint region: Cleanup
[505.313s][info ][safepoint    ] Leaving safepoint region
[505.313s][info ][safepoint    ] Total time for which application threads were stopped: 0.0001465 seconds, Stopping threads took: 0.0000622 seconds
[506.313s][info ][safepoint    ] Application time: 1.0000900 seconds
[506.313s][info ][safepoint    ] Entering safepoint region: Cleanup
[506.314s][info ][safepoint    ] Leaving safepoint region
[506.314s][info ][safepoint    ] Total time for which application threads were stopped: 0.0001225 seconds, Stopping threads took: 0.0000385 seconds
[506.316s][info ][safepoint    ] Application time: 0.0028819 seconds
[506.316s][info ][safepoint    ] Entering safepoint region: GenCollectForAllocation
[506.317s][info ][gc,start     ] GC(291) Pause Young (Allocation Failure)
[506.317s][info ][gc,task      ] GC(291) Using 4 workers of 4 for evacuation
[506.323s][debug][gc,ref       ] GC(291) Skipped phase1 of Reference Processing due to unavailable references
[506.323s][debug][gc,ref       ] GC(291) Skipped phase2 of Reference Processing due to unavailable references
[506.323s][debug][gc,ref       ] GC(291) Skipped phase3 of Reference Processing due to unavailable references
[506.323s][debug][gc,ref       ] GC(291) Skipped phase4 of Reference Processing due to unavailable references
[506.323s][debug][gc,age       ] GC(291) Desired survivor size 15368192 bytes, new threshold 6 (max threshold 6)
[506.323s][info ][gc,heap      ] GC(291) ParNew: 249871K->7070K(270336K)
[506.323s][info ][gc,heap      ] GC(291) CMS: 506333K->508097K(600768K)
[506.323s][info ][gc,metaspace ] GC(291) Metaspace: 58097K->58097K(1101824K)
[506.323s][info ][gc           ] GC(291) Pause Young (Allocation Failure) 738M->503M(850M) 6.592ms
[506.323s][info ][gc,cpu       ] GC(291) User=0.03s Sys=0.00s Real=0.01s
[506.323s][info ][safepoint    ] Leaving safepoint region
[506.323s][info ][safepoint    ] Total time for which application threads were stopped: 0.0067318 seconds, Stopping threads took: 0.0000276 seconds
[507.323s][info ][safepoint    ] Application time: 1.0001016 seconds
[507.323s][info ][safepoint    ] Entering safepoint region: Cleanup
[507.323s][info ][safepoint    ] Leaving safepoint region
[507.323s][info ][safepoint    ] Total time for which application threads were stopped: 0.0000763 seconds, Stopping threads took: 0.0000172 seconds
[508.323s][info ][safepoint    ] Application time: 1.0000634 seconds
[508.323s][info ][safepoint    ] Entering safepoint region: Cleanup
[508.324s][info ][safepoint    ] Leaving safepoint region
[508.324s][info ][safepoint    ] Total time for which application threads were stopped: 0.0000805 seconds, Stopping threads took: 0.0000174 seconds
[509.163s][info ][safepoint    ] Application time: 0.8391567 seconds
[509.163s][info ][safepoint    ] Entering safepoint region: GenCollectForAllocation
[509.163s][info ][gc,start     ] GC(292) Pause Young (Allocation Failure)
[509.163s][info ][gc,task      ] GC(292) Using 4 workers of 4 for evacuation
[509.168s][debug][gc,ref       ] GC(292) Skipped phase1 of Reference Processing due to unavailable references
[509.168s][debug][gc,ref       ] GC(292) Skipped phase2 of Reference Processing due to unavailable references
[509.168s][debug][gc,ref       ] GC(292) Skipped phase3 of Reference Processing due to unavailable references
[509.168s][debug][gc,ref       ] GC(292) Skipped phase4 of Reference Processing due to unavailable references
[509.168s][debug][gc,age       ] GC(292) Desired survivor size 15368192 bytes, new threshold 6 (max threshold 6)
[509.168s][info ][gc,heap      ] GC(292) ParNew: 247390K->9354K(270336K)
[509.168s][info ][gc,heap      ] GC(292) CMS: 508097K->508438K(600768K)
[509.168s][info ][gc,metaspace ] GC(292) Metaspace: 58102K->58102K(1101824K)
[509.168s][info ][gc           ] GC(292) Pause Young (Allocation Failure) 737M->505M(850M) 4.987ms
[509.168s][info ][gc,cpu       ] GC(292) User=0.02s Sys=0.00s Real=0.00s
[509.168s][info ][safepoint    ] Leaving safepoint region
[509.168s][info ][safepoint    ] Total time for which application threads were stopped: 0.0051596 seconds, Stopping threads took: 0.0000173 seconds
[510.168s][info ][safepoint    ] Application time: 1.0000923 seconds
[510.168s][info ][safepoint    ] Entering safepoint region: Cleanup
[510.168s][info ][safepoint    ] Leaving safepoint region
[510.168s][info ][safepoint    ] Total time for which application threads were stopped: 0.0000843 seconds, Stopping threads took: 0.0000261 seconds
[511.168s][info ][safepoint    ] Application time: 1.0000933 seconds
[511.168s][info ][safepoint    ] Entering safepoint region: Cleanup
[511.168s][info ][safepoint    ] Leaving safepoint region
[511.168s][info ][safepoint    ] Total time for which application threads were stopped: 0.0001023 seconds, Stopping threads took: 0.0000311 seconds
[512.169s][info ][safepoint    ] Application time: 1.0000896 seconds
[512.169s][info ][safepoint    ] Entering safepoint region: Cleanup
[512.169s][info ][safepoint    ] Leaving safepoint region
[512.169s][info ][safepoint    ] Total time for which application threads were stopped: 0.0001121 seconds, Stopping threads took: 0.0000574 seconds
[512.459s][info ][safepoint    ] Application time: 0.2906512 seconds
[512.459s][info ][safepoint    ] Entering safepoint region: GenCollectForAllocation
[512.460s][info ][gc,start     ] GC(293) Pause Young (Allocation Failure)
[512.460s][info ][gc,task      ] GC(293) Using 4 workers of 4 for evacuation
[512.464s][debug][gc,ref       ] GC(293) Skipped phase1 of Reference Processing due to unavailable references
[512.464s][debug][gc,ref       ] GC(293) Skipped phase2 of Reference Processing due to unavailable references
[512.464s][debug][gc,ref       ] GC(293) Skipped phase3 of Reference Processing due to unavailable references
[512.464s][debug][gc,ref       ] GC(293) Skipped phase4 of Reference Processing due to unavailable references
[512.464s][debug][gc,age       ] GC(293) Desired survivor size 15368192 bytes, new threshold 6 (max threshold 6)
[512.464s][info ][gc,heap      ] GC(293) ParNew: 249674K->10147K(270336K)
[512.464s][info ][gc,heap      ] GC(293) CMS: 508438K->508522K(600768K)
[512.464s][info ][gc,metaspace ] GC(293) Metaspace: 58102K->58102K(1101824K)
[512.464s][info ][gc           ] GC(293) Pause Young (Allocation Failure) 740M->506M(850M) 4.721ms
[512.464s][info ][gc,cpu       ] GC(293) User=0.02s Sys=0.00s Real=0.01s
[512.464s][info ][safepoint    ] Leaving safepoint region
[512.464s][info ][safepoint    ] Total time for which application threads were stopped: 0.0049455 seconds, Stopping threads took: 0.0000149 seconds
[513.464s][info ][safepoint    ] Application time: 1.0001029 seconds
[513.464s][info ][safepoint    ] Entering safepoint region: Cleanup
[513.465s][info ][safepoint    ] Leaving safepoint region
[513.465s][info ][safepoint    ] Total time for which application threads were stopped: 0.0004207 seconds, Stopping threads took: 0.0000441 seconds
[514.466s][info ][safepoint    ] Application time: 1.0004512 seconds
[514.466s][info ][safepoint    ] Entering safepoint region: Cleanup
[514.466s][info ][safepoint    ] Leaving safepoint region
[514.466s][info ][safepoint    ] Total time for which application threads were stopped: 0.0000826 seconds, Stopping threads took: 0.0000165 seconds
[515.466s][info ][safepoint    ] Application time: 1.0000897 seconds
[515.466s][info ][safepoint    ] Entering safepoint region: Cleanup
[515.466s][info ][safepoint    ] Leaving safepoint region
[515.466s][info ][safepoint    ] Total time for which application threads were stopped: 0.0000725 seconds, Stopping threads took: 0.0000171 seconds
[515.609s][info ][safepoint    ] Application time: 0.1427571 seconds
[515.609s][info ][safepoint    ] Entering safepoint region: GenCollectForAllocation
[515.609s][info ][gc,start     ] GC(294) Pause Young (Allocation Failure)
[515.609s][info ][gc,task      ] GC(294) Using 4 workers of 4 for evacuation
[515.613s][debug][gc,ref       ] GC(294) Skipped phase1 of Reference Processing due to unavailable references
[515.613s][debug][gc,ref       ] GC(294) Skipped phase2 of Reference Processing due to unavailable references
[515.613s][debug][gc,ref       ] GC(294) Skipped phase3 of Reference Processing due to unavailable references
[515.613s][debug][gc,ref       ] GC(294) Skipped phase4 of Reference Processing due to unavailable references
[515.613s][debug][gc,age       ] GC(294) Desired survivor size 15368192 bytes, new threshold 6 (max threshold 6)
[515.613s][info ][gc,heap      ] GC(294) ParNew: 250467K->8340K(270336K)
[515.613s][info ][gc,heap      ] GC(294) CMS: 508522K->508538K(600768K)
[515.613s][info ][gc,metaspace ] GC(294) Metaspace: 58104K->58104K(1101824K)
[515.613s][info ][gc           ] GC(294) Pause Young (Allocation Failure) 741M->504M(850M) 4.711ms
[515.613s][info ][gc,cpu       ] GC(294) User=0.02s Sys=0.00s Real=0.01s
[515.614s][info ][safepoint    ] Leaving safepoint region
[515.614s][info ][safepoint    ] Total time for which application threads were stopped: 0.0048575 seconds, Stopping threads took: 0.0000167 seconds
[516.614s][info ][safepoint    ] Application time: 1.0000978 seconds
[516.614s][info ][safepoint    ] Entering safepoint region: Cleanup
[516.614s][info ][safepoint    ] Leaving safepoint region
[516.614s][info ][safepoint    ] Total time for which application threads were stopped: 0.0001249 seconds, Stopping threads took: 0.0000571 seconds
[517.614s][info ][safepoint    ] Application time: 1.0000948 seconds
[517.614s][info ][safepoint    ] Entering safepoint region: Cleanup
[517.614s][info ][safepoint    ] Leaving safepoint region
[517.614s][info ][safepoint    ] Total time for which application threads were stopped: 0.0001386 seconds, Stopping threads took: 0.0000631 seconds
[518.614s][info ][safepoint    ] Application time: 1.0000687 seconds
[518.614s][info ][safepoint    ] Entering safepoint region: Cleanup
[518.614s][info ][safepoint    ] Leaving safepoint region
[518.614s][info ][safepoint    ] Total time for which application threads were stopped: 0.0001288 seconds, Stopping threads took: 0.0000663 seconds
[518.863s][info ][safepoint    ] Application time: 0.2490760 seconds
[518.863s][info ][safepoint    ] Entering safepoint region: GenCollectForAllocation
[518.864s][info ][gc,start     ] GC(295) Pause Young (Allocation Failure)
[518.864s][info ][gc,task      ] GC(295) Using 4 workers of 4 for evacuation
[518.870s][debug][gc,ref       ] GC(295) Skipped phase1 of Reference Processing due to unavailable references
[518.870s][debug][gc,ref       ] GC(295) Skipped phase2 of Reference Processing due to unavailable references
[518.870s][debug][gc,ref       ] GC(295) Skipped phase3 of Reference Processing due to unavailable references
[518.870s][debug][gc,ref       ] GC(295) Skipped phase4 of Reference Processing due to unavailable references
[518.870s][debug][gc,age       ] GC(295) Desired survivor size 15368192 bytes, new threshold 6 (max threshold 6)
[518.870s][info ][gc,heap      ] GC(295) ParNew: 248660K->7132K(270336K)
[518.870s][info ][gc,heap      ] GC(295) CMS: 508538K->510397K(600768K)
[518.870s][info ][gc,metaspace ] GC(295) Metaspace: 58115K->58115K(1101824K)
[518.870s][info ][gc           ] GC(295) Pause Young (Allocation Failure) 739M->505M(850M) 6.865ms
[518.870s][info ][gc,cpu       ] GC(295) User=0.02s Sys=0.00s Real=0.01s
[518.870s][info ][safepoint    ] Leaving safepoint region
[518.870s][info ][safepoint    ] Total time for which application threads were stopped: 0.0070274 seconds, Stopping threads took: 0.0000161 seconds
[519.871s][info ][safepoint    ] Application time: 1.0000971 seconds
[519.871s][info ][safepoint    ] Entering safepoint region: Cleanup
[519.871s][info ][safepoint    ] Leaving safepoint region
[519.871s][info ][safepoint    ] Total time for which application threads were stopped: 0.0000697 seconds, Stopping threads took: 0.0000166 seconds
[520.871s][info ][safepoint    ] Application time: 1.0000893 seconds
[520.871s][info ][safepoint    ] Entering safepoint region: Cleanup
[520.871s][info ][safepoint    ] Leaving safepoint region
[520.871s][info ][safepoint    ] Total time for which application threads were stopped: 0.0000726 seconds, Stopping threads took: 0.0000183 seconds
[521.871s][info ][safepoint    ] Application time: 1.0001017 seconds
[521.871s][info ][safepoint    ] Entering safepoint region: Cleanup
[521.871s][info ][safepoint    ] Leaving safepoint region
[521.871s][info ][safepoint    ] Total time for which application threads were stopped: 0.0000721 seconds, Stopping threads took: 0.0000178 seconds
[522.263s][info ][safepoint    ] Application time: 0.3914123 seconds
[522.263s][info ][safepoint    ] Entering safepoint region: GenCollectForAllocation
[522.263s][info ][gc,start     ] GC(296) Pause Young (Allocation Failure)
[522.263s][info ][gc,task      ] GC(296) Using 4 workers of 4 for evacuation
[522.267s][debug][gc,ref       ] GC(296) Skipped phase1 of Reference Processing due to unavailable references
[522.267s][debug][gc,ref       ] GC(296) Skipped phase2 of Reference Processing due to unavailable references
[522.267s][debug][gc,ref       ] GC(296) Skipped phase3 of Reference Processing due to unavailable references
[522.267s][debug][gc,ref       ] GC(296) Skipped phase4 of Reference Processing due to unavailable references
[522.267s][debug][gc,age       ] GC(296) Desired survivor size 15368192 bytes, new threshold 6 (max threshold 6)
[522.267s][info ][gc,heap      ] GC(296) ParNew: 247452K->4952K(270336K)
[522.267s][info ][gc,heap      ] GC(296) CMS: 510397K->511778K(600768K)
[522.267s][info ][gc,metaspace ] GC(296) Metaspace: 58115K->58115K(1101824K)
[522.267s][info ][gc           ] GC(296) Pause Young (Allocation Failure) 740M->504M(850M) 4.608ms
[522.267s][info ][gc,cpu       ] GC(296) User=0.01s Sys=0.00s Real=0.00s
[522.267s][info ][safepoint    ] Leaving safepoint region
[522.267s][info ][safepoint    ] Total time for which application threads were stopped: 0.0047512 seconds, Stopping threads took: 0.0000154 seconds
[523.267s][info ][safepoint    ] Application time: 1.0000585 seconds
[523.267s][info ][safepoint    ] Entering safepoint region: Cleanup
[523.267s][info ][safepoint    ] Leaving safepoint region
[523.267s][info ][safepoint    ] Total time for which application threads were stopped: 0.0000675 seconds, Stopping threads took: 0.0000160 seconds
[524.268s][info ][safepoint    ] Application time: 1.0000867 seconds
[524.268s][info ][safepoint    ] Entering safepoint region: Cleanup
[524.268s][info ][safepoint    ] Leaving safepoint region
[524.268s][info ][safepoint    ] Total time for which application threads were stopped: 0.0000869 seconds, Stopping threads took: 0.0000170 seconds
[525.268s][info ][safepoint    ] Application time: 1.0000624 seconds
[525.268s][info ][safepoint    ] Entering safepoint region: Cleanup
[525.268s][info ][safepoint    ] Leaving safepoint region
[525.268s][info ][safepoint    ] Total time for which application threads were stopped: 0.0000839 seconds, Stopping threads took: 0.0000162 seconds
[525.357s][info ][safepoint    ] Application time: 0.0894199 seconds
[525.357s][info ][safepoint    ] Entering safepoint region: GenCollectForAllocation
[525.357s][info ][gc,start     ] GC(297) Pause Young (Allocation Failure)
[525.357s][info ][gc,task      ] GC(297) Using 4 workers of 4 for evacuation
[525.363s][debug][gc,ref       ] GC(297) Skipped phase1 of Reference Processing due to unavailable references
[525.363s][debug][gc,ref       ] GC(297) Skipped phase3 of Reference Processing due to unavailable references
[525.363s][debug][gc,age       ] GC(297) Desired survivor size 15368192 bytes, new threshold 6 (max threshold 6)
[525.363s][info ][gc,heap      ] GC(297) ParNew: 245272K->6947K(270336K)
[525.363s][info ][gc,heap      ] GC(297) CMS: 511778K->512163K(600768K)
[525.363s][info ][gc,metaspace ] GC(297) Metaspace: 58126K->58126K(1101824K)
[525.363s][info ][gc           ] GC(297) Pause Young (Allocation Failure) 739M->506M(850M) 5.364ms
[525.363s][info ][gc,cpu       ] GC(297) User=0.02s Sys=0.00s Real=0.01s
[525.363s][info ][safepoint    ] Leaving safepoint region
[525.363s][info ][safepoint    ] Total time for which application threads were stopped: 0.0055238 seconds, Stopping threads took: 0.0000163 seconds
[526.363s][info ][safepoint    ] Application time: 1.0000959 seconds
[526.363s][info ][safepoint    ] Entering safepoint region: Cleanup
[526.363s][info ][safepoint    ] Leaving safepoint region
[526.363s][info ][safepoint    ] Total time for which application threads were stopped: 0.0001133 seconds, Stopping threads took: 0.0000369 seconds
[527.363s][info ][safepoint    ] Application time: 1.0001001 seconds
[527.363s][info ][safepoint    ] Entering safepoint region: Cleanup
[527.363s][info ][safepoint    ] Leaving safepoint region
[527.363s][info ][safepoint    ] Total time for which application threads were stopped: 0.0001040 seconds, Stopping threads took: 0.0000417 seconds
[528.364s][info ][safepoint    ] Application time: 1.0001284 seconds
[528.364s][info ][safepoint    ] Entering safepoint region: Cleanup
[528.364s][info ][safepoint    ] Leaving safepoint region
[528.364s][info ][safepoint    ] Total time for which application threads were stopped: 0.0001050 seconds, Stopping threads took: 0.0000366 seconds
[528.565s][info ][safepoint    ] Application time: 0.2018071 seconds
[528.565s][info ][safepoint    ] Entering safepoint region: GenCollectForAllocation
[528.566s][info ][gc,start     ] GC(298) Pause Young (Allocation Failure)
[528.566s][info ][gc,task      ] GC(298) Using 4 workers of 4 for evacuation
[528.570s][debug][gc,ref       ] GC(298) Skipped phase1 of Reference Processing due to unavailable references
[528.570s][debug][gc,ref       ] GC(298) Skipped phase3 of Reference Processing due to unavailable references
[528.570s][debug][gc,ref       ] GC(298) Skipped phase4 of Reference Processing due to unavailable references
[528.570s][debug][gc,age       ] GC(298) Desired survivor size 15368192 bytes, new threshold 6 (max threshold 6)
[528.570s][info ][gc,heap      ] GC(298) ParNew: 247267K->7523K(270336K)
[528.570s][info ][gc,heap      ] GC(298) CMS: 512163K->512941K(600768K)
[528.570s][info ][gc,metaspace ] GC(298) Metaspace: 58128K->58128K(1101824K)
[528.570s][info ][gc           ] GC(298) Pause Young (Allocation Failure) 741M->508M(850M) 4.652ms
[528.570s][info ][gc,cpu       ] GC(298) User=0.01s Sys=0.00s Real=0.01s
[528.570s][info ][safepoint    ] Leaving safepoint region
[528.570s][info ][safepoint    ] Total time for which application threads were stopped: 0.0047890 seconds, Stopping threads took: 0.0000159 seconds
[529.570s][info ][safepoint    ] Application time: 1.0001021 seconds
[529.570s][info ][safepoint    ] Entering safepoint region: Cleanup
[529.571s][info ][safepoint    ] Leaving safepoint region
[529.571s][info ][safepoint    ] Total time for which application threads were stopped: 0.0002629 seconds, Stopping threads took: 0.0000186 seconds
[530.571s][info ][safepoint    ] Application time: 1.0000898 seconds
[530.571s][info ][safepoint    ] Entering safepoint region: Cleanup
[530.571s][info ][safepoint    ] Leaving safepoint region
[530.571s][info ][safepoint    ] Total time for which application threads were stopped: 0.0000850 seconds, Stopping threads took: 0.0000153 seconds
[531.571s][info ][safepoint    ] Application time: 1.0000896 seconds
[531.571s][info ][safepoint    ] Entering safepoint region: Cleanup
[531.571s][info ][safepoint    ] Leaving safepoint region
[531.571s][info ][safepoint    ] Total time for which application threads were stopped: 0.0000674 seconds, Stopping threads took: 0.0000163 seconds
[531.759s][info ][safepoint    ] Application time: 0.1880008 seconds
[531.759s][info ][safepoint    ] Entering safepoint region: GenCollectForAllocation
[531.759s][info ][gc,start     ] GC(299) Pause Young (Allocation Failure)
[531.759s][info ][gc,task      ] GC(299) Using 4 workers of 4 for evacuation
[531.763s][debug][gc,ref       ] GC(299) Skipped phase1 of Reference Processing due to unavailable references
[531.763s][debug][gc,ref       ] GC(299) Skipped phase3 of Reference Processing due to unavailable references
[531.763s][debug][gc,ref       ] GC(299) Skipped phase4 of Reference Processing due to unavailable references
[531.764s][debug][gc,age       ] GC(299) Desired survivor size 15368192 bytes, new threshold 6 (max threshold 6)
[531.764s][info ][gc,heap      ] GC(299) ParNew: 247843K->6961K(270336K)
[531.764s][info ][gc,heap      ] GC(299) CMS: 512941K->513110K(600768K)
[531.764s][info ][gc,metaspace ] GC(299) Metaspace: 58129K->58129K(1101824K)
[531.764s][info ][gc           ] GC(299) Pause Young (Allocation Failure) 742M->507M(850M) 4.213ms
[531.764s][info ][gc,cpu       ] GC(299) User=0.01s Sys=0.00s Real=0.01s
[531.764s][info ][safepoint    ] Leaving safepoint region
[531.764s][info ][safepoint    ] Total time for which application threads were stopped: 0.0043892 seconds, Stopping threads took: 0.0000238 seconds
[532.764s][info ][safepoint    ] Application time: 1.0001132 seconds
[532.764s][info ][safepoint    ] Entering safepoint region: Cleanup
[532.764s][info ][safepoint    ] Leaving safepoint region
[532.764s][info ][safepoint    ] Total time for which application threads were stopped: 0.0001280 seconds, Stopping threads took: 0.0000693 seconds
[533.764s][info ][safepoint    ] Application time: 1.0000922 seconds
[533.764s][info ][safepoint    ] Entering safepoint region: Cleanup
[533.764s][info ][safepoint    ] Leaving safepoint region
[533.764s][info ][safepoint    ] Total time for which application threads were stopped: 0.0001180 seconds, Stopping threads took: 0.0000499 seconds
[534.764s][info ][safepoint    ] Application time: 1.0000874 seconds
[534.764s][info ][safepoint    ] Entering safepoint region: Cleanup
[534.764s][info ][safepoint    ] Leaving safepoint region
[534.764s][info ][safepoint    ] Total time for which application threads were stopped: 0.0001396 seconds, Stopping threads took: 0.0000780 seconds
[534.813s][info ][safepoint    ] Application time: 0.0488097 seconds
[534.813s][info ][safepoint    ] Entering safepoint region: GenCollectForAllocation
[534.813s][info ][gc,start     ] GC(300) Pause Young (Allocation Failure)
[534.814s][info ][gc,task      ] GC(300) Using 4 workers of 4 for evacuation
[534.817s][debug][gc,ref       ] GC(300) Skipped phase1 of Reference Processing due to unavailable references
[534.817s][debug][gc,ref       ] GC(300) Skipped phase3 of Reference Processing due to unavailable references
[534.817s][debug][gc,ref       ] GC(300) Skipped phase4 of Reference Processing due to unavailable references
[534.818s][debug][gc,age       ] GC(300) Desired survivor size 15368192 bytes, new threshold 6 (max threshold 6)
[534.818s][info ][gc,heap      ] GC(300) ParNew: 247281K->6064K(270336K)
[534.818s][info ][gc,heap      ] GC(300) CMS: 513110K->513780K(600768K)
[534.818s][info ][gc,metaspace ] GC(300) Metaspace: 58130K->58130K(1101824K)
[534.818s][info ][gc           ] GC(300) Pause Young (Allocation Failure) 742M->507M(850M) 4.071ms
[534.818s][info ][gc,cpu       ] GC(300) User=0.02s Sys=0.00s Real=0.00s
[534.818s][info ][safepoint    ] Leaving safepoint region
[534.818s][info ][safepoint    ] Total time for which application threads were stopped: 0.0042248 seconds, Stopping threads took: 0.0000195 seconds
[535.818s][info ][safepoint    ] Application time: 1.0000742 seconds
[535.818s][info ][safepoint    ] Entering safepoint region: Cleanup
[535.818s][info ][safepoint    ] Leaving safepoint region
[535.818s][info ][safepoint    ] Total time for which application threads were stopped: 0.0000842 seconds, Stopping threads took: 0.0000177 seconds
[536.818s][info ][safepoint    ] Application time: 1.0001208 seconds
[536.818s][info ][safepoint    ] Entering safepoint region: Cleanup
[536.818s][info ][safepoint    ] Leaving safepoint region
[536.818s][info ][safepoint    ] Total time for which application threads were stopped: 0.0000955 seconds, Stopping threads took: 0.0000149 seconds
[537.818s][info ][safepoint    ] Application time: 1.0000858 seconds
[537.818s][info ][safepoint    ] Entering safepoint region: Cleanup
[537.818s][info ][safepoint    ] Leaving safepoint region
[537.818s][info ][safepoint    ] Total time for which application threads were stopped: 0.0000873 seconds, Stopping threads took: 0.0000163 seconds
[537.959s][info ][safepoint    ] Application time: 0.1407412 seconds
[537.959s][info ][safepoint    ] Entering safepoint region: GenCollectForAllocation
[537.959s][info ][gc,start     ] GC(301) Pause Young (Allocation Failure)
[537.959s][info ][gc,task      ] GC(301) Using 4 workers of 4 for evacuation
[537.965s][debug][gc,ref       ] GC(301) Skipped phase1 of Reference Processing due to unavailable references
[537.965s][debug][gc,ref       ] GC(301) Skipped phase3 of Reference Processing due to unavailable references
[537.965s][debug][gc,ref       ] GC(301) Skipped phase4 of Reference Processing due to unavailable references
[537.965s][debug][gc,age       ] GC(301) Desired survivor size 15368192 bytes, new threshold 6 (max threshold 6)
[537.965s][info ][gc,heap      ] GC(301) ParNew: 246384K->6672K(270336K)
[537.965s][info ][gc,heap      ] GC(301) CMS: 513780K->513894K(600768K)
[537.965s][info ][gc,metaspace ] GC(301) Metaspace: 58130K->58130K(1101824K)
[537.965s][info ][gc           ] GC(301) Pause Young (Allocation Failure) 742M->508M(850M) 6.192ms
[537.965s][info ][gc,cpu       ] GC(301) User=0.02s Sys=0.00s Real=0.01s
[537.965s][info ][safepoint    ] Leaving safepoint region
[537.965s][info ][safepoint    ] Total time for which application threads were stopped: 0.0063373 seconds, Stopping threads took: 0.0000152 seconds
[538.965s][info ][safepoint    ] Application time: 1.0000968 seconds
[538.966s][info ][safepoint    ] Entering safepoint region: Cleanup
[538.966s][info ][safepoint    ] Leaving safepoint region
[538.966s][info ][safepoint    ] Total time for which application threads were stopped: 0.0000698 seconds, Stopping threads took: 0.0000153 seconds
[539.966s][info ][safepoint    ] Application time: 1.0000859 seconds
[539.966s][info ][safepoint    ] Entering safepoint region: Cleanup
[539.966s][info ][safepoint    ] Leaving safepoint region
[539.966s][info ][safepoint    ] Total time for which application threads were stopped: 0.0000845 seconds, Stopping threads took: 0.0000168 seconds
[540.966s][info ][safepoint    ] Application time: 1.0001003 seconds
[540.966s][info ][safepoint    ] Entering safepoint region: Cleanup
[540.966s][info ][safepoint    ] Leaving safepoint region
[540.966s][info ][safepoint    ] Total time for which application threads were stopped: 0.0001251 seconds, Stopping threads took: 0.0000562 seconds
[541.064s][info ][safepoint    ] Application time: 0.0981923 seconds
[541.064s][info ][safepoint    ] Entering safepoint region: GenCollectForAllocation
[541.064s][info ][gc,start     ] GC(302) Pause Young (Allocation Failure)
[541.064s][info ][gc,task      ] GC(302) Using 4 workers of 4 for evacuation
[541.069s][debug][gc,ref       ] GC(302) Skipped phase1 of Reference Processing due to unavailable references
[541.069s][debug][gc,ref       ] GC(302) Skipped phase3 of Reference Processing due to unavailable references
[541.069s][debug][gc,age       ] GC(302) Desired survivor size 15368192 bytes, new threshold 6 (max threshold 6)
[541.069s][info ][gc,heap      ] GC(302) ParNew: 246992K->8124K(270336K)
[541.069s][info ][gc,heap      ] GC(302) CMS: 513894K->513908K(600768K)
[541.069s][info ][gc,metaspace ] GC(302) Metaspace: 58135K->58135K(1101824K)
[541.069s][info ][gc           ] GC(302) Pause Young (Allocation Failure) 743M->509M(850M) 4.842ms
[541.069s][info ][gc,cpu       ] GC(302) User=0.02s Sys=0.00s Real=0.00s
[541.069s][info ][safepoint    ] Leaving safepoint region
[541.069s][info ][safepoint    ] Total time for which application threads were stopped: 0.0050044 seconds, Stopping threads took: 0.0000166 seconds
[542.069s][info ][safepoint    ] Application time: 1.0001244 seconds
[542.069s][info ][safepoint    ] Entering safepoint region: Cleanup
[542.070s][info ][safepoint    ] Leaving safepoint region
[542.070s][info ][safepoint    ] Total time for which application threads were stopped: 0.0000792 seconds, Stopping threads took: 0.0000258 seconds
[543.070s][info ][safepoint    ] Application time: 1.0000956 seconds
[543.070s][info ][safepoint    ] Entering safepoint region: Cleanup
[543.070s][info ][safepoint    ] Leaving safepoint region
[543.070s][info ][safepoint    ] Total time for which application threads were stopped: 0.0000793 seconds, Stopping threads took: 0.0000152 seconds
[544.070s][info ][safepoint    ] Application time: 1.0000863 seconds
[544.070s][info ][safepoint    ] Entering safepoint region: Cleanup
[544.070s][info ][safepoint    ] Leaving safepoint region
[544.070s][info ][safepoint    ] Total time for which application threads were stopped: 0.0000870 seconds, Stopping threads took: 0.0000310 seconds
[544.363s][info ][safepoint    ] Application time: 0.2930625 seconds
[544.363s][info ][safepoint    ] Entering safepoint region: GenCollectForAllocation
[544.363s][info ][gc,start     ] GC(303) Pause Young (Allocation Failure)
[544.363s][info ][gc,task      ] GC(303) Using 4 workers of 4 for evacuation
[544.371s][debug][gc,ref       ] GC(303) Skipped phase1 of Reference Processing due to unavailable references
[544.371s][debug][gc,ref       ] GC(303) Skipped phase2 of Reference Processing due to unavailable references
[544.371s][debug][gc,ref       ] GC(303) Skipped phase3 of Reference Processing due to unavailable references
[544.371s][debug][gc,ref       ] GC(303) Skipped phase4 of Reference Processing due to unavailable references
[544.371s][debug][gc,age       ] GC(303) Desired survivor size 15368192 bytes, new threshold 6 (max threshold 6)
[544.371s][info ][gc,heap      ] GC(303) ParNew: 248444K->6826K(270336K)
[544.371s][info ][gc,heap      ] GC(303) CMS: 513908K->516570K(600768K)
[544.371s][info ][gc,metaspace ] GC(303) Metaspace: 58136K->58136K(1101824K)
[544.371s][info ][gc           ] GC(303) Pause Young (Allocation Failure) 744M->511M(850M) 7.860ms
[544.371s][info ][gc,cpu       ] GC(303) User=0.02s Sys=0.00s Real=0.01s
[544.371s][info ][safepoint    ] Leaving safepoint region
[544.371s][info ][safepoint    ] Total time for which application threads were stopped: 0.0080049 seconds, Stopping threads took: 0.0000157 seconds
[545.371s][info ][safepoint    ] Application time: 1.0001095 seconds
[545.371s][info ][safepoint    ] Entering safepoint region: Cleanup
[545.371s][info ][safepoint    ] Leaving safepoint region
[545.371s][info ][safepoint    ] Total time for which application threads were stopped: 0.0000919 seconds, Stopping threads took: 0.0000187 seconds
[546.372s][info ][safepoint    ] Application time: 1.0002034 seconds
[546.372s][info ][safepoint    ] Entering safepoint region: Cleanup
[546.372s][info ][safepoint    ] Leaving safepoint region
[546.372s][info ][safepoint    ] Total time for which application threads were stopped: 0.0000716 seconds, Stopping threads took: 0.0000171 seconds
[547.372s][info ][safepoint    ] Application time: 1.0000904 seconds
[547.372s][info ][safepoint    ] Entering safepoint region: Cleanup
[547.372s][info ][safepoint    ] Leaving safepoint region
[547.372s][info ][safepoint    ] Total time for which application threads were stopped: 0.0000694 seconds, Stopping threads took: 0.0000168 seconds
[547.555s][info ][safepoint    ] Application time: 0.1831352 seconds
[547.555s][info ][safepoint    ] Entering safepoint region: GenCollectForAllocation
[547.555s][info ][gc,start     ] GC(304) Pause Young (Allocation Failure)
[547.555s][info ][gc,task      ] GC(304) Using 4 workers of 4 for evacuation
[547.559s][debug][gc,ref       ] GC(304) Skipped phase1 of Reference Processing due to unavailable references
[547.559s][debug][gc,ref       ] GC(304) Skipped phase2 of Reference Processing due to unavailable references
[547.559s][debug][gc,ref       ] GC(304) Skipped phase3 of Reference Processing due to unavailable references
[547.559s][debug][gc,ref       ] GC(304) Skipped phase4 of Reference Processing due to unavailable references
[547.559s][debug][gc,age       ] GC(304) Desired survivor size 15368192 bytes, new threshold 6 (max threshold 6)
[547.559s][info ][gc,heap      ] GC(304) ParNew: 247146K->4060K(270336K)
[547.559s][info ][gc,heap      ] GC(304) CMS: 516570K->516695K(600768K)
[547.559s][info ][gc,metaspace ] GC(304) Metaspace: 58140K->58140K(1101824K)
[547.559s][info ][gc           ] GC(304) Pause Young (Allocation Failure) 745M->508M(850M) 3.825ms
[547.559s][info ][gc,cpu       ] GC(304) User=0.01s Sys=0.00s Real=0.00s
[547.559s][info ][safepoint    ] Leaving safepoint region
[547.559s][info ][safepoint    ] Total time for which application threads were stopped: 0.0040445 seconds, Stopping threads took: 0.0000759 seconds
[548.559s][info ][safepoint    ] Application time: 1.0001135 seconds
[548.559s][info ][safepoint    ] Entering safepoint region: Cleanup
[548.559s][info ][safepoint    ] Leaving safepoint region
[548.559s][info ][safepoint    ] Total time for which application threads were stopped: 0.0001243 seconds, Stopping threads took: 0.0000393 seconds
[549.559s][info ][safepoint    ] Application time: 1.0000902 seconds
[549.560s][info ][safepoint    ] Entering safepoint region: Cleanup
[549.560s][info ][safepoint    ] Leaving safepoint region
[549.560s][info ][safepoint    ] Total time for which application threads were stopped: 0.0001310 seconds, Stopping threads took: 0.0000610 seconds
[550.560s][info ][safepoint    ] Application time: 1.0000916 seconds
[550.560s][info ][safepoint    ] Entering safepoint region: Cleanup
[550.560s][info ][safepoint    ] Leaving safepoint region
[550.560s][info ][safepoint    ] Total time for which application threads were stopped: 0.0001045 seconds, Stopping threads took: 0.0000416 seconds
[550.713s][info ][safepoint    ] Application time: 0.1528744 seconds
[550.713s][info ][safepoint    ] Entering safepoint region: GenCollectForAllocation
[550.713s][info ][gc,start     ] GC(305) Pause Young (Allocation Failure)
[550.713s][info ][gc,task      ] GC(305) Using 4 workers of 4 for evacuation
[550.716s][debug][gc,ref       ] GC(305) Skipped phase1 of Reference Processing due to unavailable references
[550.716s][debug][gc,ref       ] GC(305) Skipped phase2 of Reference Processing due to unavailable references
[550.716s][debug][gc,ref       ] GC(305) Skipped phase3 of Reference Processing due to unavailable references
[550.716s][debug][gc,ref       ] GC(305) Skipped phase4 of Reference Processing due to unavailable references
[550.716s][debug][gc,age       ] GC(305) Desired survivor size 15368192 bytes, new threshold 6 (max threshold 6)
[550.716s][info ][gc,heap      ] GC(305) ParNew: 244380K->3411K(270336K)
[550.716s][info ][gc,heap      ] GC(305) CMS: 516695K->516787K(600768K)
[550.716s][info ][gc,metaspace ] GC(305) Metaspace: 58146K->58146K(1101824K)
[550.716s][info ][gc           ] GC(305) Pause Young (Allocation Failure) 743M->508M(850M) 3.568ms
[550.716s][info ][gc,cpu       ] GC(305) User=0.02s Sys=0.00s Real=0.00s
[550.717s][info ][safepoint    ] Leaving safepoint region
[550.717s][info ][safepoint    ] Total time for which application threads were stopped: 0.0037274 seconds, Stopping threads took: 0.0000156 seconds
[551.717s][info ][safepoint    ] Application time: 1.0001028 seconds
[551.717s][info ][safepoint    ] Entering safepoint region: Cleanup
[551.717s][info ][safepoint    ] Leaving safepoint region
[551.717s][info ][safepoint    ] Total time for which application threads were stopped: 0.0000700 seconds, Stopping threads took: 0.0000147 seconds
[552.717s][info ][safepoint    ] Application time: 1.0000903 seconds
[552.717s][info ][safepoint    ] Entering safepoint region: Cleanup
[552.717s][info ][safepoint    ] Leaving safepoint region
[552.717s][info ][safepoint    ] Total time for which application threads were stopped: 0.0000720 seconds, Stopping threads took: 0.0000193 seconds
[553.717s][info ][safepoint    ] Application time: 1.0000887 seconds
[553.717s][info ][safepoint    ] Entering safepoint region: Cleanup
[553.717s][info ][safepoint    ] Leaving safepoint region
[553.717s][info ][safepoint    ] Total time for which application threads were stopped: 0.0000686 seconds, Stopping threads took: 0.0000156 seconds
[553.964s][info ][safepoint    ] Application time: 0.2472616 seconds
[553.964s][info ][safepoint    ] Entering safepoint region: GenCollectForAllocation
[553.965s][info ][gc,start     ] GC(306) Pause Young (Allocation Failure)
[553.965s][info ][gc,task      ] GC(306) Using 4 workers of 4 for evacuation
[553.968s][debug][gc,ref       ] GC(306) Skipped phase1 of Reference Processing due to unavailable references
[553.968s][debug][gc,ref       ] GC(306) Skipped phase2 of Reference Processing due to unavailable references
[553.968s][debug][gc,ref       ] GC(306) Skipped phase3 of Reference Processing due to unavailable references
[553.968s][debug][gc,ref       ] GC(306) Skipped phase4 of Reference Processing due to unavailable references
[553.969s][debug][gc,age       ] GC(306) Desired survivor size 15368192 bytes, new threshold 6 (max threshold 6)
[553.969s][info ][gc,heap      ] GC(306) ParNew: 243731K->4608K(270336K)
[553.969s][info ][gc,heap      ] GC(306) CMS: 516787K->517060K(600768K)
[553.969s][info ][gc,metaspace ] GC(306) Metaspace: 58154K->58154K(1101824K)
[553.969s][info ][gc           ] GC(306) Pause Young (Allocation Failure) 742M->509M(850M) 4.115ms
[553.969s][info ][gc,cpu       ] GC(306) User=0.01s Sys=0.00s Real=0.00s
[553.969s][info ][safepoint    ] Leaving safepoint region
[553.969s][info ][safepoint    ] Total time for which application threads were stopped: 0.0042499 seconds, Stopping threads took: 0.0000162 seconds
[554.969s][info ][safepoint    ] Application time: 1.0000564 seconds
[554.969s][info ][safepoint    ] Entering safepoint region: Cleanup
[554.969s][info ][safepoint    ] Leaving safepoint region
[554.969s][info ][safepoint    ] Total time for which application threads were stopped: 0.0000736 seconds, Stopping threads took: 0.0000190 seconds
[555.969s][info ][safepoint    ] Application time: 1.0001419 seconds
[555.969s][info ][safepoint    ] Entering safepoint region: Cleanup
[555.969s][info ][safepoint    ] Leaving safepoint region
[555.969s][info ][safepoint    ] Total time for which application threads were stopped: 0.0000705 seconds, Stopping threads took: 0.0000169 seconds
[556.969s][info ][safepoint    ] Application time: 1.0000815 seconds
[556.969s][info ][safepoint    ] Entering safepoint region: Cleanup
[556.969s][info ][safepoint    ] Leaving safepoint region
[556.969s][info ][safepoint    ] Total time for which application threads were stopped: 0.0000733 seconds, Stopping threads took: 0.0000151 seconds
[557.261s][info ][safepoint    ] Application time: 0.2917152 seconds
[557.261s][info ][safepoint    ] Entering safepoint region: GenCollectForAllocation
[557.261s][info ][gc,start     ] GC(307) Pause Young (Allocation Failure)
[557.261s][info ][gc,task      ] GC(307) Using 4 workers of 4 for evacuation
[557.264s][debug][gc,ref       ] GC(307) Skipped phase1 of Reference Processing due to unavailable references
[557.264s][debug][gc,ref       ] GC(307) Skipped phase2 of Reference Processing due to unavailable references
[557.264s][debug][gc,ref       ] GC(307) Skipped phase3 of Reference Processing due to unavailable references
[557.264s][debug][gc,ref       ] GC(307) Skipped phase4 of Reference Processing due to unavailable references
[557.264s][debug][gc,age       ] GC(307) Desired survivor size 15368192 bytes, new threshold 6 (max threshold 6)
[557.264s][info ][gc,heap      ] GC(307) ParNew: 244928K->3345K(270336K)
[557.264s][info ][gc,heap      ] GC(307) CMS: 517060K->517515K(600768K)
[557.264s][info ][gc,metaspace ] GC(307) Metaspace: 58156K->58156K(1101824K)
[557.264s][info ][gc           ] GC(307) Pause Young (Allocation Failure) 744M->508M(850M) 3.335ms
[557.264s][info ][gc,cpu       ] GC(307) User=0.01s Sys=0.00s Real=0.01s
[557.264s][info ][safepoint    ] Leaving safepoint region
[557.264s][info ][safepoint    ] Total time for which application threads were stopped: 0.0034740 seconds, Stopping threads took: 0.0000162 seconds
[558.265s][info ][safepoint    ] Application time: 1.0000528 seconds
[558.265s][info ][safepoint    ] Entering safepoint region: Cleanup
[558.265s][info ][safepoint    ] Leaving safepoint region
[558.265s][info ][safepoint    ] Total time for which application threads were stopped: 0.0001275 seconds, Stopping threads took: 0.0000671 seconds
[559.265s][info ][safepoint    ] Application time: 1.0000881 seconds
[559.265s][info ][safepoint    ] Entering safepoint region: Cleanup
[559.265s][info ][safepoint    ] Leaving safepoint region
[559.265s][info ][safepoint    ] Total time for which application threads were stopped: 0.0001147 seconds, Stopping threads took: 0.0000389 seconds
[560.265s][info ][safepoint    ] Application time: 1.0000930 seconds
[560.265s][info ][safepoint    ] Entering safepoint region: Cleanup
[560.265s][info ][safepoint    ] Leaving safepoint region
[560.265s][info ][safepoint    ] Total time for which application threads were stopped: 0.0001417 seconds, Stopping threads took: 0.0000831 seconds
[560.560s][info ][safepoint    ] Application time: 0.2949069 seconds
[560.560s][info ][safepoint    ] Entering safepoint region: GenCollectForAllocation
[560.560s][info ][gc,start     ] GC(308) Pause Young (Allocation Failure)
[560.560s][info ][gc,task      ] GC(308) Using 4 workers of 4 for evacuation
[560.564s][debug][gc,ref       ] GC(308) Skipped phase1 of Reference Processing due to unavailable references
[560.564s][debug][gc,ref       ] GC(308) Skipped phase2 of Reference Processing due to unavailable references
[560.564s][debug][gc,ref       ] GC(308) Skipped phase3 of Reference Processing due to unavailable references
[560.564s][debug][gc,ref       ] GC(308) Skipped phase4 of Reference Processing due to unavailable references
[560.564s][debug][gc,age       ] GC(308) Desired survivor size 15368192 bytes, new threshold 6 (max threshold 6)
[560.564s][info ][gc,heap      ] GC(308) ParNew: 243665K->2605K(270336K)
[560.564s][info ][gc,heap      ] GC(308) CMS: 517515K->519351K(600768K)
[560.564s][info ][gc,metaspace ] GC(308) Metaspace: 58158K->58158K(1101824K)
[560.564s][info ][gc           ] GC(308) Pause Young (Allocation Failure) 743M->509M(850M) 3.871ms
[560.564s][info ][gc,cpu       ] GC(308) User=0.01s Sys=0.00s Real=0.01s
[560.564s][info ][safepoint    ] Leaving safepoint region
[560.564s][info ][safepoint    ] Total time for which application threads were stopped: 0.0040131 seconds, Stopping threads took: 0.0000174 seconds
[561.564s][info ][safepoint    ] Application time: 1.0001210 seconds
[561.564s][info ][safepoint    ] Entering safepoint region: Cleanup
[561.564s][info ][safepoint    ] Leaving safepoint region
[561.564s][info ][safepoint    ] Total time for which application threads were stopped: 0.0001111 seconds, Stopping threads took: 0.0000382 seconds
[562.565s][info ][safepoint    ] Application time: 1.0001003 seconds
[562.565s][info ][safepoint    ] Entering safepoint region: Cleanup
[562.565s][info ][safepoint    ] Leaving safepoint region
[562.565s][info ][safepoint    ] Total time for which application threads were stopped: 0.0002498 seconds, Stopping threads took: 0.0001853 seconds
[563.513s][info ][safepoint    ] Application time: 0.9477551 seconds
[563.513s][info ][safepoint    ] Entering safepoint region: GenCollectForAllocation
[563.513s][info ][gc,start     ] GC(309) Pause Young (Allocation Failure)
[563.513s][info ][gc,task      ] GC(309) Using 4 workers of 4 for evacuation
[563.517s][debug][gc,ref       ] GC(309) Skipped phase1 of Reference Processing due to unavailable references
[563.517s][debug][gc,ref       ] GC(309) Skipped phase2 of Reference Processing due to unavailable references
[563.517s][debug][gc,ref       ] GC(309) Skipped phase3 of Reference Processing due to unavailable references
[563.517s][debug][gc,ref       ] GC(309) Skipped phase4 of Reference Processing due to unavailable references
[563.517s][debug][gc,age       ] GC(309) Desired survivor size 15368192 bytes, new threshold 6 (max threshold 6)
[563.517s][info ][gc,heap      ] GC(309) ParNew: 242925K->4448K(270336K)
[563.517s][info ][gc,heap      ] GC(309) CMS: 519351K->519611K(600768K)
[563.517s][info ][gc,metaspace ] GC(309) Metaspace: 58158K->58158K(1101824K)
[563.517s][info ][gc           ] GC(309) Pause Young (Allocation Failure) 744M->511M(850M) 3.979ms
[563.517s][info ][gc,cpu       ] GC(309) User=0.01s Sys=0.00s Real=0.00s
[563.517s][info ][safepoint    ] Leaving safepoint region
[563.517s][info ][safepoint    ] Total time for which application threads were stopped: 0.0041360 seconds, Stopping threads took: 0.0000165 seconds
[564.517s][info ][safepoint    ] Application time: 1.0001153 seconds
[564.517s][info ][safepoint    ] Entering safepoint region: Cleanup
[564.517s][info ][safepoint    ] Leaving safepoint region
[564.517s][info ][safepoint    ] Total time for which application threads were stopped: 0.0001569 seconds, Stopping threads took: 0.0000929 seconds
[565.517s][info ][safepoint    ] Application time: 1.0001010 seconds
[565.518s][info ][safepoint    ] Entering safepoint region: Cleanup
[565.518s][info ][safepoint    ] Leaving safepoint region
[565.518s][info ][safepoint    ] Total time for which application threads were stopped: 0.0003743 seconds, Stopping threads took: 0.0003138 seconds
[566.518s][info ][safepoint    ] Application time: 1.0000885 seconds
[566.518s][info ][safepoint    ] Entering safepoint region: Cleanup
[566.518s][info ][safepoint    ] Leaving safepoint region
[566.518s][info ][safepoint    ] Total time for which application threads were stopped: 0.0000724 seconds, Stopping threads took: 0.0000160 seconds
[566.762s][info ][safepoint    ] Application time: 0.2443698 seconds
[566.762s][info ][safepoint    ] Entering safepoint region: GenCollectForAllocation
[566.762s][info ][gc,start     ] GC(310) Pause Young (Allocation Failure)
[566.762s][info ][gc,task      ] GC(310) Using 4 workers of 4 for evacuation
[566.766s][debug][gc,ref       ] GC(310) Skipped phase1 of Reference Processing due to unavailable references
[566.766s][debug][gc,ref       ] GC(310) Skipped phase2 of Reference Processing due to unavailable references
[566.766s][debug][gc,ref       ] GC(310) Skipped phase3 of Reference Processing due to unavailable references
[566.766s][debug][gc,ref       ] GC(310) Skipped phase4 of Reference Processing due to unavailable references
[566.766s][debug][gc,age       ] GC(310) Desired survivor size 15368192 bytes, new threshold 6 (max threshold 6)
[566.766s][info ][gc,heap      ] GC(310) ParNew: 244768K->4857K(270336K)
[566.766s][info ][gc,heap      ] GC(310) CMS: 519611K->519779K(600768K)
[566.766s][info ][gc,metaspace ] GC(310) Metaspace: 58158K->58158K(1101824K)
[566.766s][info ][gc           ] GC(310) Pause Young (Allocation Failure) 746M->512M(850M) 3.541ms
[566.766s][info ][gc,cpu       ] GC(310) User=0.01s Sys=0.00s Real=0.00s
[566.766s][info ][safepoint    ] Leaving safepoint region
[566.766s][info ][safepoint    ] Total time for which application threads were stopped: 0.0036849 seconds, Stopping threads took: 0.0000177 seconds
[567.766s][info ][safepoint    ] Application time: 1.0000853 seconds
[567.766s][info ][safepoint    ] Entering safepoint region: Cleanup
[567.766s][info ][safepoint    ] Leaving safepoint region
[567.766s][info ][safepoint    ] Total time for which application threads were stopped: 0.0001104 seconds, Stopping threads took: 0.0000433 seconds
[568.766s][info ][safepoint    ] Application time: 1.0000812 seconds
[568.766s][info ][safepoint    ] Entering safepoint region: Cleanup
[568.766s][info ][safepoint    ] Leaving safepoint region
[568.766s][info ][safepoint    ] Total time for which application threads were stopped: 0.0000734 seconds, Stopping threads took: 0.0000152 seconds
[569.767s][info ][safepoint    ] Application time: 1.0001194 seconds
[569.767s][info ][safepoint    ] Entering safepoint region: Cleanup
[569.767s][info ][safepoint    ] Leaving safepoint region
[569.767s][info ][safepoint    ] Total time for which application threads were stopped: 0.0000672 seconds, Stopping threads took: 0.0000163 seconds
[570.017s][info ][safepoint    ] Application time: 0.2508200 seconds
[570.017s][info ][safepoint    ] Entering safepoint region: GenCollectForAllocation
[570.018s][info ][gc,start     ] GC(311) Pause Young (Allocation Failure)
[570.018s][info ][gc,task      ] GC(311) Using 4 workers of 4 for evacuation
[570.022s][debug][gc,ref       ] GC(311) Skipped phase1 of Reference Processing due to unavailable references
[570.022s][debug][gc,ref       ] GC(311) Skipped phase3 of Reference Processing due to unavailable references
[570.022s][debug][gc,age       ] GC(311) Desired survivor size 15368192 bytes, new threshold 6 (max threshold 6)
[570.022s][info ][gc,heap      ] GC(311) ParNew: 245177K->5596K(270336K)
[570.022s][info ][gc,heap      ] GC(311) CMS: 519779K->519972K(600768K)
[570.022s][info ][gc,metaspace ] GC(311) Metaspace: 58201K->58201K(1101824K)
[570.022s][info ][gc           ] GC(311) Pause Young (Allocation Failure) 747M->513M(850M) 4.253ms
[570.022s][info ][gc,cpu       ] GC(311) User=0.02s Sys=0.00s Real=0.00s
[570.022s][info ][safepoint    ] Leaving safepoint region
[570.022s][info ][safepoint    ] Total time for which application threads were stopped: 0.0043981 seconds, Stopping threads took: 0.0000161 seconds
[571.022s][info ][safepoint    ] Application time: 1.0000544 seconds
[571.022s][info ][safepoint    ] Entering safepoint region: Cleanup
[571.022s][info ][safepoint    ] Leaving safepoint region
[571.022s][info ][safepoint    ] Total time for which application threads were stopped: 0.0001040 seconds, Stopping threads took: 0.0000319 seconds
[572.022s][info ][safepoint    ] Application time: 1.0000903 seconds
[572.022s][info ][safepoint    ] Entering safepoint region: Cleanup
[572.022s][info ][safepoint    ] Leaving safepoint region
[572.022s][info ][safepoint    ] Total time for which application threads were stopped: 0.0000744 seconds, Stopping threads took: 0.0000194 seconds
[573.022s][info ][safepoint    ] Application time: 1.0000581 seconds
[573.022s][info ][safepoint    ] Entering safepoint region: Cleanup
[573.022s][info ][safepoint    ] Leaving safepoint region
[573.022s][info ][safepoint    ] Total time for which application threads were stopped: 0.0000923 seconds, Stopping threads took: 0.0000333 seconds
[573.262s][info ][safepoint    ] Application time: 0.2398960 seconds
[573.262s][info ][safepoint    ] Entering safepoint region: GenCollectForAllocation
[573.263s][info ][gc,start     ] GC(312) Pause Young (Allocation Failure)
[573.263s][info ][gc,task      ] GC(312) Using 4 workers of 4 for evacuation
[573.266s][debug][gc,ref       ] GC(312) Skipped phase1 of Reference Processing due to unavailable references
[573.266s][debug][gc,ref       ] GC(312) Skipped phase2 of Reference Processing due to unavailable references
[573.266s][debug][gc,ref       ] GC(312) Skipped phase3 of Reference Processing due to unavailable references
[573.266s][debug][gc,ref       ] GC(312) Skipped phase4 of Reference Processing due to unavailable references
[573.266s][debug][gc,age       ] GC(312) Desired survivor size 15368192 bytes, new threshold 6 (max threshold 6)
[573.266s][info ][gc,heap      ] GC(312) ParNew: 245916K->5659K(270336K)
[573.266s][info ][gc,heap      ] GC(312) CMS: 519972K->520072K(600768K)
[573.266s][info ][gc,metaspace ] GC(312) Metaspace: 58204K->58204K(1101824K)
[573.266s][info ][gc           ] GC(312) Pause Young (Allocation Failure) 747M->513M(850M) 3.600ms
[573.266s][info ][gc,cpu       ] GC(312) User=0.02s Sys=0.00s Real=0.00s
[573.266s][info ][safepoint    ] Leaving safepoint region
[573.266s][info ][safepoint    ] Total time for which application threads were stopped: 0.0037485 seconds, Stopping threads took: 0.0000158 seconds
[574.266s][info ][safepoint    ] Application time: 1.0000958 seconds
[574.266s][info ][safepoint    ] Entering safepoint region: Cleanup
[574.266s][info ][safepoint    ] Leaving safepoint region
[574.266s][info ][safepoint    ] Total time for which application threads were stopped: 0.0000658 seconds, Stopping threads took: 0.0000165 seconds
[575.266s][info ][safepoint    ] Application time: 1.0000966 seconds
[575.266s][info ][safepoint    ] Entering safepoint region: Cleanup
[575.267s][info ][safepoint    ] Leaving safepoint region
[575.267s][info ][safepoint    ] Total time for which application threads were stopped: 0.0000700 seconds, Stopping threads took: 0.0000153 seconds
[576.267s][info ][safepoint    ] Application time: 1.0000833 seconds
[576.267s][info ][safepoint    ] Entering safepoint region: Cleanup
[576.267s][info ][safepoint    ] Leaving safepoint region
[576.267s][info ][safepoint    ] Total time for which application threads were stopped: 0.0001074 seconds, Stopping threads took: 0.0000435 seconds
[576.504s][info ][safepoint    ] Application time: 0.2374742 seconds
[576.504s][info ][safepoint    ] Entering safepoint region: GenCollectForAllocation
[576.504s][info ][gc,start     ] GC(313) Pause Young (Allocation Failure)
[576.504s][info ][gc,task      ] GC(313) Using 4 workers of 4 for evacuation
[576.508s][debug][gc,ref       ] GC(313) Skipped phase1 of Reference Processing due to unavailable references
[576.508s][debug][gc,ref       ] GC(313) Skipped phase2 of Reference Processing due to unavailable references
[576.508s][debug][gc,ref       ] GC(313) Skipped phase3 of Reference Processing due to unavailable references
[576.508s][debug][gc,ref       ] GC(313) Skipped phase4 of Reference Processing due to unavailable references
[576.508s][debug][gc,age       ] GC(313) Desired survivor size 15368192 bytes, new threshold 6 (max threshold 6)
[576.508s][info ][gc,heap      ] GC(313) ParNew: 245979K->5362K(270336K)
[576.508s][info ][gc,heap      ] GC(313) CMS: 520072K->520088K(600768K)
[576.508s][info ][gc,metaspace ] GC(313) Metaspace: 58206K->58206K(1101824K)
[576.508s][info ][gc           ] GC(313) Pause Young (Allocation Failure) 748M->513M(850M) 3.639ms
[576.508s][info ][gc,cpu       ] GC(313) User=0.01s Sys=0.00s Real=0.00s
[576.508s][info ][safepoint    ] Leaving safepoint region
[576.508s][info ][safepoint    ] Total time for which application threads were stopped: 0.0037787 seconds, Stopping threads took: 0.0000198 seconds
[577.508s][info ][safepoint    ] Application time: 1.0000515 seconds
[577.508s][info ][safepoint    ] Entering safepoint region: Cleanup
[577.508s][info ][safepoint    ] Leaving safepoint region
[577.508s][info ][safepoint    ] Total time for which application threads were stopped: 0.0000973 seconds, Stopping threads took: 0.0000409 seconds
[578.508s][info ][safepoint    ] Application time: 1.0000958 seconds
[578.508s][info ][safepoint    ] Entering safepoint region: Cleanup
[578.509s][info ][safepoint    ] Leaving safepoint region
[578.509s][info ][safepoint    ] Total time for which application threads were stopped: 0.0001417 seconds, Stopping threads took: 0.0000614 seconds
[579.509s][info ][safepoint    ] Application time: 1.0001025 seconds
[579.509s][info ][safepoint    ] Entering safepoint region: Cleanup
[579.509s][info ][safepoint    ] Leaving safepoint region
[579.509s][info ][safepoint    ] Total time for which application threads were stopped: 0.0000982 seconds, Stopping threads took: 0.0000406 seconds
[579.710s][info ][safepoint    ] Application time: 0.2011443 seconds
[579.710s][info ][safepoint    ] Entering safepoint region: GenCollectForAllocation
[579.710s][info ][gc,start     ] GC(314) Pause Young (Allocation Failure)
[579.710s][info ][gc,task      ] GC(314) Using 4 workers of 4 for evacuation
[579.714s][debug][gc,ref       ] GC(314) Skipped phase1 of Reference Processing due to unavailable references
[579.714s][debug][gc,ref       ] GC(314) Skipped phase2 of Reference Processing due to unavailable references
[579.714s][debug][gc,ref       ] GC(314) Skipped phase3 of Reference Processing due to unavailable references
[579.714s][debug][gc,ref       ] GC(314) Skipped phase4 of Reference Processing due to unavailable references
[579.714s][debug][gc,age       ] GC(314) Desired survivor size 15368192 bytes, new threshold 6 (max threshold 6)
[579.714s][info ][gc,heap      ] GC(314) ParNew: 245682K->5114K(270336K)
[579.714s][info ][gc,heap      ] GC(314) CMS: 520088K->520161K(600768K)
[579.714s][info ][gc,metaspace ] GC(314) Metaspace: 58206K->58206K(1101824K)
[579.714s][info ][gc           ] GC(314) Pause Young (Allocation Failure) 747M->512M(850M) 3.802ms
[579.714s][info ][gc,cpu       ] GC(314) User=0.02s Sys=0.00s Real=0.00s
[579.714s][info ][safepoint    ] Leaving safepoint region
[579.714s][info ][safepoint    ] Total time for which application threads were stopped: 0.0039614 seconds, Stopping threads took: 0.0000323 seconds
[580.714s][info ][safepoint    ] Application time: 1.0000837 seconds
[580.714s][info ][safepoint    ] Entering safepoint region: Cleanup
[580.714s][info ][safepoint    ] Leaving safepoint region
[580.714s][info ][safepoint    ] Total time for which application threads were stopped: 0.0001268 seconds, Stopping threads took: 0.0000644 seconds
[581.715s][info ][safepoint    ] Application time: 1.0006184 seconds
[581.715s][info ][safepoint    ] Entering safepoint region: Cleanup
[581.715s][info ][safepoint    ] Leaving safepoint region
[581.715s][info ][safepoint    ] Total time for which application threads were stopped: 0.0001127 seconds, Stopping threads took: 0.0000522 seconds
[582.715s][info ][safepoint    ] Application time: 1.0000925 seconds
[582.715s][info ][safepoint    ] Entering safepoint region: Cleanup
[582.715s][info ][safepoint    ] Leaving safepoint region
[582.715s][info ][safepoint    ] Total time for which application threads were stopped: 0.0001414 seconds, Stopping threads took: 0.0000399 seconds
[582.767s][info ][safepoint    ] Application time: 0.0514524 seconds
[582.767s][info ][safepoint    ] Entering safepoint region: GenCollectForAllocation
[582.767s][info ][gc,start     ] GC(315) Pause Young (Allocation Failure)
[582.767s][info ][gc,task      ] GC(315) Using 4 workers of 4 for evacuation
[582.776s][debug][gc,ref       ] GC(315) Skipped phase1 of Reference Processing due to unavailable references
[582.776s][debug][gc,ref       ] GC(315) Skipped phase2 of Reference Processing due to unavailable references
[582.776s][debug][gc,ref       ] GC(315) Skipped phase3 of Reference Processing due to unavailable references
[582.776s][debug][gc,ref       ] GC(315) Skipped phase4 of Reference Processing due to unavailable references
[582.776s][debug][gc,age       ] GC(315) Desired survivor size 15368192 bytes, new threshold 6 (max threshold 6)
[582.776s][info ][gc,heap      ] GC(315) ParNew: 245434K->3764K(270336K)
[582.776s][info ][gc,heap      ] GC(315) CMS: 520161K->523726K(600768K)
[582.776s][info ][gc,metaspace ] GC(315) Metaspace: 58207K->58207K(1101824K)
[582.776s][info ][gc           ] GC(315) Pause Young (Allocation Failure) 747M->515M(850M) 8.861ms
[582.776s][info ][gc,cpu       ] GC(315) User=0.03s Sys=0.00s Real=0.01s
[582.776s][info ][safepoint    ] Leaving safepoint region
[582.776s][info ][safepoint    ] Total time for which application threads were stopped: 0.0090409 seconds, Stopping threads took: 0.0000396 seconds
[583.776s][info ][safepoint    ] Application time: 1.0001638 seconds
[583.776s][info ][safepoint    ] Entering safepoint region: Cleanup
[583.776s][info ][safepoint    ] Leaving safepoint region
[583.776s][info ][safepoint    ] Total time for which application threads were stopped: 0.0000793 seconds, Stopping threads took: 0.0000177 seconds
[584.776s][info ][safepoint    ] Application time: 1.0000945 seconds
[584.776s][info ][safepoint    ] Entering safepoint region: Cleanup
[584.776s][info ][safepoint    ] Leaving safepoint region
[584.776s][info ][safepoint    ] Total time for which application threads were stopped: 0.0001243 seconds, Stopping threads took: 0.0000637 seconds
[585.776s][info ][safepoint    ] Application time: 1.0000904 seconds
[585.776s][info ][safepoint    ] Entering safepoint region: Cleanup
[585.777s][info ][safepoint    ] Leaving safepoint region
[585.777s][info ][safepoint    ] Total time for which application threads were stopped: 0.0000848 seconds, Stopping threads took: 0.0000172 seconds
[586.014s][info ][safepoint    ] Application time: 0.2378567 seconds
[586.014s][info ][safepoint    ] Entering safepoint region: GenCollectForAllocation
[586.015s][info ][gc,start     ] GC(316) Pause Young (Allocation Failure)
[586.015s][info ][gc,task      ] GC(316) Using 4 workers of 4 for evacuation
[586.017s][debug][gc,ref       ] GC(316) Skipped phase1 of Reference Processing due to unavailable references
[586.017s][debug][gc,ref       ] GC(316) Skipped phase2 of Reference Processing due to unavailable references
[586.017s][debug][gc,ref       ] GC(316) Skipped phase3 of Reference Processing due to unavailable references
[586.017s][debug][gc,ref       ] GC(316) Skipped phase4 of Reference Processing due to unavailable references
[586.017s][debug][gc,age       ] GC(316) Desired survivor size 15368192 bytes, new threshold 6 (max threshold 6)
[586.017s][info ][gc,heap      ] GC(316) ParNew: 244084K->1328K(270336K)
[586.017s][info ][gc,heap      ] GC(316) CMS: 523726K->523894K(600768K)
[586.017s][info ][gc,metaspace ] GC(316) Metaspace: 58207K->58207K(1101824K)
[586.017s][info ][gc           ] GC(316) Pause Young (Allocation Failure) 749M->512M(850M) 2.554ms
[586.017s][info ][gc,cpu       ] GC(316) User=0.01s Sys=0.00s Real=0.00s
[586.017s][info ][safepoint    ] Leaving safepoint region
[586.017s][info ][safepoint    ] Total time for which application threads were stopped: 0.0026937 seconds, Stopping threads took: 0.0000159 seconds
[587.017s][info ][safepoint    ] Application time: 1.0000887 seconds
[587.017s][info ][safepoint    ] Entering safepoint region: Cleanup
[587.017s][info ][safepoint    ] Leaving safepoint region
[587.017s][info ][safepoint    ] Total time for which application threads were stopped: 0.0000889 seconds, Stopping threads took: 0.0000159 seconds
[588.017s][info ][safepoint    ] Application time: 1.0000841 seconds
[588.017s][info ][safepoint    ] Entering safepoint region: Cleanup
[588.018s][info ][safepoint    ] Leaving safepoint region
[588.018s][info ][safepoint    ] Total time for which application threads were stopped: 0.0000680 seconds, Stopping threads took: 0.0000169 seconds
[589.018s][info ][safepoint    ] Application time: 1.0000901 seconds
[589.018s][info ][safepoint    ] Entering safepoint region: Cleanup
[589.018s][info ][safepoint    ] Leaving safepoint region
[589.018s][info ][safepoint    ] Total time for which application threads were stopped: 0.0000720 seconds, Stopping threads took: 0.0000181 seconds
[589.207s][info ][safepoint    ] Application time: 0.1890970 seconds
[589.207s][info ][safepoint    ] Entering safepoint region: GenCollectForAllocation
[589.207s][info ][gc,start     ] GC(317) Pause Young (Allocation Failure)
[589.207s][info ][gc,task      ] GC(317) Using 4 workers of 4 for evacuation
[589.209s][debug][gc,ref       ] GC(317) Skipped phase1 of Reference Processing due to unavailable references
[589.209s][debug][gc,ref       ] GC(317) Skipped phase2 of Reference Processing due to unavailable references
[589.209s][debug][gc,ref       ] GC(317) Skipped phase3 of Reference Processing due to unavailable references
[589.210s][debug][gc,ref       ] GC(317) Skipped phase4 of Reference Processing due to unavailable references
[589.210s][debug][gc,age       ] GC(317) Desired survivor size 15368192 bytes, new threshold 6 (max threshold 6)
[589.210s][info ][gc,heap      ] GC(317) ParNew: 241648K->1975K(270336K)
[589.210s][info ][gc,heap      ] GC(317) CMS: 523894K->523917K(600768K)
[589.210s][info ][gc,metaspace ] GC(317) Metaspace: 58209K->58209K(1101824K)
[589.210s][info ][gc           ] GC(317) Pause Young (Allocation Failure) 747M->513M(850M) 2.667ms
[589.210s][info ][gc,cpu       ] GC(317) User=0.01s Sys=0.00s Real=0.00s
[589.210s][info ][safepoint    ] Leaving safepoint region
[589.210s][info ][safepoint    ] Total time for which application threads were stopped: 0.0028034 seconds, Stopping threads took: 0.0000145 seconds
[590.210s][info ][safepoint    ] Application time: 1.0000971 seconds
[590.210s][info ][safepoint    ] Entering safepoint region: Cleanup
[590.210s][info ][safepoint    ] Leaving safepoint region
[590.210s][info ][safepoint    ] Total time for which application threads were stopped: 0.0001281 seconds, Stopping threads took: 0.0000669 seconds
[591.210s][info ][safepoint    ] Application time: 1.0000885 seconds
[591.210s][info ][safepoint    ] Entering safepoint region: Cleanup
[591.210s][info ][safepoint    ] Leaving safepoint region
[591.210s][info ][safepoint    ] Total time for which application threads were stopped: 0.0001665 seconds, Stopping threads took: 0.0001045 seconds
[592.210s][info ][safepoint    ] Application time: 1.0000906 seconds
[592.210s][info ][safepoint    ] Entering safepoint region: Cleanup
[592.210s][info ][safepoint    ] Leaving safepoint region
[592.210s][info ][safepoint    ] Total time for which application threads were stopped: 0.0001199 seconds, Stopping threads took: 0.0000598 seconds
[592.361s][info ][safepoint    ] Application time: 0.1505138 seconds
[592.361s][info ][safepoint    ] Entering safepoint region: GenCollectForAllocation
[592.361s][info ][gc,start     ] GC(318) Pause Young (Allocation Failure)
[592.361s][info ][gc,task      ] GC(318) Using 4 workers of 4 for evacuation
[592.364s][debug][gc,ref       ] GC(318) Skipped phase1 of Reference Processing due to unavailable references
[592.364s][debug][gc,ref       ] GC(318) Skipped phase2 of Reference Processing due to unavailable references
[592.364s][debug][gc,ref       ] GC(318) Skipped phase3 of Reference Processing due to unavailable references
[592.364s][debug][gc,ref       ] GC(318) Skipped phase4 of Reference Processing due to unavailable references
[592.364s][debug][gc,age       ] GC(318) Desired survivor size 15368192 bytes, new threshold 6 (max threshold 6)
[592.364s][info ][gc,heap      ] GC(318) ParNew: 242295K->2097K(270336K)
[592.364s][info ][gc,heap      ] GC(318) CMS: 523917K->524063K(600768K)
[592.364s][info ][gc,metaspace ] GC(318) Metaspace: 58209K->58209K(1101824K)
[592.364s][info ][gc           ] GC(318) Pause Young (Allocation Failure) 748M->513M(850M) 2.843ms
[592.364s][info ][gc,cpu       ] GC(318) User=0.01s Sys=0.00s Real=0.01s
[592.364s][info ][safepoint    ] Leaving safepoint region
[592.364s][info ][safepoint    ] Total time for which application threads were stopped: 0.0029967 seconds, Stopping threads took: 0.0000169 seconds
[593.364s][info ][safepoint    ] Application time: 1.0000884 seconds
[593.364s][info ][safepoint    ] Entering safepoint region: Cleanup
[593.364s][info ][safepoint    ] Leaving safepoint region
[593.364s][info ][safepoint    ] Total time for which application threads were stopped: 0.0001412 seconds, Stopping threads took: 0.0000666 seconds
[594.364s][info ][safepoint    ] Application time: 1.0000919 seconds
[594.365s][info ][safepoint    ] Entering safepoint region: Cleanup
[594.365s][info ][safepoint    ] Leaving safepoint region
[594.365s][info ][safepoint    ] Total time for which application threads were stopped: 0.0001441 seconds, Stopping threads took: 0.0000777 seconds
[595.365s][info ][safepoint    ] Application time: 1.0000690 seconds
[595.365s][info ][safepoint    ] Entering safepoint region: Cleanup
[595.365s][info ][safepoint    ] Leaving safepoint region
[595.365s][info ][safepoint    ] Total time for which application threads were stopped: 0.0001299 seconds, Stopping threads took: 0.0000616 seconds
[595.462s][info ][safepoint    ] Application time: 0.0970341 seconds
[595.462s][info ][safepoint    ] Entering safepoint region: GenCollectForAllocation
[595.462s][info ][gc,start     ] GC(319) Pause Young (Allocation Failure)
[595.462s][info ][gc,task      ] GC(319) Using 4 workers of 4 for evacuation
[595.465s][debug][gc,ref       ] GC(319) Skipped phase1 of Reference Processing due to unavailable references
[595.465s][debug][gc,ref       ] GC(319) Skipped phase2 of Reference Processing due to unavailable references
[595.465s][debug][gc,ref       ] GC(319) Skipped phase3 of Reference Processing due to unavailable references
[595.465s][debug][gc,ref       ] GC(319) Skipped phase4 of Reference Processing due to unavailable references
[595.466s][debug][gc,age       ] GC(319) Desired survivor size 15368192 bytes, new threshold 6 (max threshold 6)
[595.466s][info ][gc,heap      ] GC(319) ParNew: 242417K->2163K(270336K)
[595.466s][info ][gc,heap      ] GC(319) CMS: 524063K->524120K(600768K)
[595.466s][info ][gc,metaspace ] GC(319) Metaspace: 58209K->58209K(1101824K)
[595.466s][info ][gc           ] GC(319) Pause Young (Allocation Failure) 748M->513M(850M) 3.590ms
[595.466s][info ][gc,cpu       ] GC(319) User=0.01s Sys=0.00s Real=0.00s
[595.466s][info ][safepoint    ] Leaving safepoint region
[595.466s][info ][safepoint    ] Total time for which application threads were stopped: 0.0037613 seconds, Stopping threads took: 0.0000179 seconds
[596.466s][info ][safepoint    ] Application time: 1.0000887 seconds
[596.466s][info ][safepoint    ] Entering safepoint region: Cleanup
[596.466s][info ][safepoint    ] Leaving safepoint region
[596.466s][info ][safepoint    ] Total time for which application threads were stopped: 0.0001573 seconds, Stopping threads took: 0.0000605 seconds
[597.466s][info ][safepoint    ] Application time: 1.0000742 seconds
[597.466s][info ][safepoint    ] Entering safepoint region: Cleanup
[597.466s][info ][safepoint    ] Leaving safepoint region
[597.466s][info ][safepoint    ] Total time for which application threads were stopped: 0.0000797 seconds, Stopping threads took: 0.0000175 seconds
[598.466s][info ][safepoint    ] Application time: 1.0000847 seconds
[598.466s][info ][safepoint    ] Entering safepoint region: Cleanup
[598.466s][info ][safepoint    ] Leaving safepoint region
[598.466s][info ][safepoint    ] Total time for which application threads were stopped: 0.0000941 seconds, Stopping threads took: 0.0000373 seconds
[598.609s][info ][safepoint    ] Application time: 0.1428793 seconds
[598.609s][info ][safepoint    ] Entering safepoint region: GenCollectForAllocation
[598.609s][info ][gc,start     ] GC(320) Pause Young (Allocation Failure)
[598.609s][info ][gc,task      ] GC(320) Using 4 workers of 4 for evacuation
[598.612s][debug][gc,ref       ] GC(320) Skipped phase1 of Reference Processing due to unavailable references
[598.612s][debug][gc,ref       ] GC(320) Skipped phase2 of Reference Processing due to unavailable references
[598.612s][debug][gc,ref       ] GC(320) Skipped phase3 of Reference Processing due to unavailable references
[598.612s][debug][gc,ref       ] GC(320) Skipped phase4 of Reference Processing due to unavailable references
[598.612s][debug][gc,age       ] GC(320) Desired survivor size 15368192 bytes, new threshold 6 (max threshold 6)
[598.612s][info ][gc,heap      ] GC(320) ParNew: 242483K->2375K(270336K)
[598.612s][info ][gc,heap      ] GC(320) CMS: 524120K->524205K(600768K)
[598.612s][info ][gc,metaspace ] GC(320) Metaspace: 58209K->58209K(1101824K)
[598.612s][info ][gc           ] GC(320) Pause Young (Allocation Failure) 748M->514M(850M) 2.738ms
[598.612s][info ][gc,cpu       ] GC(320) User=0.01s Sys=0.00s Real=0.01s
[598.612s][info ][safepoint    ] Leaving safepoint region
[598.612s][info ][safepoint    ] Total time for which application threads were stopped: 0.0028951 seconds, Stopping threads took: 0.0000166 seconds
[599.612s][info ][safepoint    ] Application time: 1.0001033 seconds
[599.612s][info ][safepoint    ] Entering safepoint region: Cleanup
[599.612s][info ][safepoint    ] Leaving safepoint region
[599.612s][info ][safepoint    ] Total time for which application threads were stopped: 0.0001297 seconds, Stopping threads took: 0.0000648 seconds
[600.613s][info ][safepoint    ] Application time: 1.0000857 seconds
[600.613s][info ][safepoint    ] Entering safepoint region: Cleanup
[600.613s][info ][safepoint    ] Leaving safepoint region
[600.613s][info ][safepoint    ] Total time for which application threads were stopped: 0.0001269 seconds, Stopping threads took: 0.0000649 seconds
[601.613s][info ][safepoint    ] Application time: 1.0000968 seconds
[601.613s][info ][safepoint    ] Entering safepoint region: Cleanup
[601.613s][info ][safepoint    ] Leaving safepoint region
[601.613s][info ][safepoint    ] Total time for which application threads were stopped: 0.0001549 seconds, Stopping threads took: 0.0000792 seconds
[601.755s][info ][safepoint    ] Application time: 0.1417278 seconds
[601.755s][info ][safepoint    ] Entering safepoint region: GenCollectForAllocation
[601.755s][info ][gc,start     ] GC(321) Pause Young (Allocation Failure)
[601.755s][info ][gc,task      ] GC(321) Using 4 workers of 4 for evacuation
[601.757s][debug][gc,ref       ] GC(321) Skipped phase1 of Reference Processing due to unavailable references
[601.757s][debug][gc,ref       ] GC(321) Skipped phase2 of Reference Processing due to unavailable references
[601.757s][debug][gc,ref       ] GC(321) Skipped phase3 of Reference Processing due to unavailable references
[601.757s][debug][gc,ref       ] GC(321) Skipped phase4 of Reference Processing due to unavailable references
[601.757s][debug][gc,age       ] GC(321) Desired survivor size 15368192 bytes, new threshold 6 (max threshold 6)
[601.757s][info ][gc,heap      ] GC(321) ParNew: 242695K->2495K(270336K)
[601.757s][info ][gc,heap      ] GC(321) CMS: 524205K->524230K(600768K)
[601.757s][info ][gc,metaspace ] GC(321) Metaspace: 58209K->58209K(1101824K)
[601.757s][info ][gc           ] GC(321) Pause Young (Allocation Failure) 748M->514M(850M) 2.600ms
[601.757s][info ][gc,cpu       ] GC(321) User=0.01s Sys=0.00s Real=0.00s
[601.758s][info ][safepoint    ] Leaving safepoint region
[601.758s][info ][safepoint    ] Total time for which application threads were stopped: 0.0027790 seconds, Stopping threads took: 0.0000605 seconds
[602.758s][info ][safepoint    ] Application time: 1.0001150 seconds
[602.758s][info ][safepoint    ] Entering safepoint region: Cleanup
[602.758s][info ][safepoint    ] Leaving safepoint region
[602.758s][info ][safepoint    ] Total time for which application threads were stopped: 0.0001389 seconds, Stopping threads took: 0.0000699 seconds
[603.758s][info ][safepoint    ] Application time: 1.0001048 seconds
[603.758s][info ][safepoint    ] Entering safepoint region: Cleanup
[603.758s][info ][safepoint    ] Leaving safepoint region
[603.758s][info ][safepoint    ] Total time for which application threads were stopped: 0.0001555 seconds, Stopping threads took: 0.0000901 seconds
[604.758s][info ][safepoint    ] Application time: 1.0000979 seconds
[604.758s][info ][safepoint    ] Entering safepoint region: Cleanup
[604.758s][info ][safepoint    ] Leaving safepoint region
[604.758s][info ][safepoint    ] Total time for which application threads were stopped: 0.0001703 seconds, Stopping threads took: 0.0000957 seconds
[604.804s][info ][safepoint    ] Application time: 0.0457402 seconds
[604.804s][info ][safepoint    ] Entering safepoint region: GenCollectForAllocation
[604.805s][info ][gc,start     ] GC(322) Pause Young (Allocation Failure)
[604.805s][info ][gc,task      ] GC(322) Using 4 workers of 4 for evacuation
[604.810s][debug][gc,ref       ] GC(322) Skipped phase1 of Reference Processing due to unavailable references
[604.810s][debug][gc,ref       ] GC(322) Skipped phase2 of Reference Processing due to unavailable references
[604.810s][debug][gc,ref       ] GC(322) Skipped phase3 of Reference Processing due to unavailable references
[604.810s][debug][gc,ref       ] GC(322) Skipped phase4 of Reference Processing due to unavailable references
[604.810s][debug][gc,age       ] GC(322) Desired survivor size 15368192 bytes, new threshold 6 (max threshold 6)
[604.810s][info ][gc,heap      ] GC(322) ParNew: 242815K->2235K(270336K)
[604.810s][info ][gc,heap      ] GC(322) CMS: 524230K->524336K(600768K)
[604.810s][info ][gc,metaspace ] GC(322) Metaspace: 58211K->58211K(1101824K)
[604.810s][info ][gc           ] GC(322) Pause Young (Allocation Failure) 749M->514M(850M) 5.427ms
[604.810s][info ][gc,cpu       ] GC(322) User=0.02s Sys=0.00s Real=0.00s
[604.810s][info ][safepoint    ] Leaving safepoint region
[604.810s][info ][safepoint    ] Total time for which application threads were stopped: 0.0055994 seconds, Stopping threads took: 0.0000198 seconds
[605.810s][info ][safepoint    ] Application time: 1.0000872 seconds
[605.810s][info ][safepoint    ] Entering safepoint region: Cleanup
[605.810s][info ][safepoint    ] Leaving safepoint region
[605.810s][info ][safepoint    ] Total time for which application threads were stopped: 0.0001132 seconds, Stopping threads took: 0.0000499 seconds
[606.810s][info ][safepoint    ] Application time: 1.0000928 seconds
[606.810s][info ][safepoint    ] Entering safepoint region: Cleanup
[606.811s][info ][safepoint    ] Leaving safepoint region
[606.811s][info ][safepoint    ] Total time for which application threads were stopped: 0.0001193 seconds, Stopping threads took: 0.0000518 seconds
[607.811s][info ][safepoint    ] Application time: 1.0000888 seconds
[607.811s][info ][safepoint    ] Entering safepoint region: Cleanup
[607.811s][info ][safepoint    ] Leaving safepoint region
[607.811s][info ][safepoint    ] Total time for which application threads were stopped: 0.0001069 seconds, Stopping threads took: 0.0000438 seconds
[607.854s][info ][safepoint    ] Application time: 0.0432457 seconds
[607.854s][info ][safepoint    ] Entering safepoint region: GenCollectForAllocation
[607.854s][info ][gc,start     ] GC(323) Pause Young (Allocation Failure)
[607.854s][info ][gc,task      ] GC(323) Using 4 workers of 4 for evacuation
[607.857s][debug][gc,ref       ] GC(323) Skipped phase1 of Reference Processing due to unavailable references
[607.857s][debug][gc,ref       ] GC(323) Skipped phase2 of Reference Processing due to unavailable references
[607.857s][debug][gc,ref       ] GC(323) Skipped phase3 of Reference Processing due to unavailable references
[607.857s][debug][gc,ref       ] GC(323) Skipped phase4 of Reference Processing due to unavailable references
[607.858s][debug][gc,age       ] GC(323) Desired survivor size 15368192 bytes, new threshold 6 (max threshold 6)
[607.858s][info ][gc,heap      ] GC(323) ParNew: 242555K->1672K(270336K)
[607.858s][info ][gc,heap      ] GC(323) CMS: 524336K->525408K(600768K)
[607.858s][info ][gc,metaspace ] GC(323) Metaspace: 58213K->58213K(1101824K)
[607.858s][info ][gc           ] GC(323) Pause Young (Allocation Failure) 748M->514M(850M) 3.419ms
[607.858s][info ][gc,cpu       ] GC(323) User=0.01s Sys=0.00s Real=0.00s
[607.858s][info ][safepoint    ] Leaving safepoint region
[607.858s][info ][safepoint    ] Total time for which application threads were stopped: 0.0035713 seconds, Stopping threads took: 0.0000170 seconds
[608.858s][info ][safepoint    ] Application time: 1.0000714 seconds
[608.858s][info ][safepoint    ] Entering safepoint region: Cleanup
[608.858s][info ][safepoint    ] Leaving safepoint region
[608.858s][info ][safepoint    ] Total time for which application threads were stopped: 0.0001062 seconds, Stopping threads took: 0.0000406 seconds
[609.858s][info ][safepoint    ] Application time: 1.0000874 seconds
[609.858s][info ][safepoint    ] Entering safepoint region: Cleanup
[609.858s][info ][safepoint    ] Leaving safepoint region
[609.858s][info ][safepoint    ] Total time for which application threads were stopped: 0.0001428 seconds, Stopping threads took: 0.0000782 seconds
[610.858s][info ][safepoint    ] Application time: 1.0000901 seconds
[610.858s][info ][safepoint    ] Entering safepoint region: Cleanup
[610.858s][info ][safepoint    ] Leaving safepoint region
[610.858s][info ][safepoint    ] Total time for which application threads were stopped: 0.0001283 seconds, Stopping threads took: 0.0000623 seconds
[610.958s][info ][safepoint    ] Application time: 0.0999293 seconds
[610.958s][info ][safepoint    ] Entering safepoint region: GenCollectForAllocation
[610.958s][info ][gc,start     ] GC(324) Pause Young (Allocation Failure)
[610.958s][info ][gc,task      ] GC(324) Using 4 workers of 4 for evacuation
[610.961s][debug][gc,ref       ] GC(324) Skipped phase1 of Reference Processing due to unavailable references
[610.961s][debug][gc,ref       ] GC(324) Skipped phase2 of Reference Processing due to unavailable references
[610.961s][debug][gc,ref       ] GC(324) Skipped phase3 of Reference Processing due to unavailable references
[610.961s][debug][gc,ref       ] GC(324) Skipped phase4 of Reference Processing due to unavailable references
[610.961s][debug][gc,age       ] GC(324) Desired survivor size 15368192 bytes, new threshold 6 (max threshold 6)
[610.961s][info ][gc,heap      ] GC(324) ParNew: 241992K->1298K(270336K)
[610.961s][info ][gc,heap      ] GC(324) CMS: 525408K->525496K(600768K)
[610.961s][info ][gc,metaspace ] GC(324) Metaspace: 58213K->58213K(1101824K)
[610.961s][info ][gc           ] GC(324) Pause Young (Allocation Failure) 749M->514M(850M) 2.481ms
[610.961s][info ][gc,cpu       ] GC(324) User=0.01s Sys=0.01s Real=0.00s
[610.961s][info ][safepoint    ] Leaving safepoint region
[610.961s][info ][safepoint    ] Total time for which application threads were stopped: 0.0026172 seconds, Stopping threads took: 0.0000157 seconds
[611.961s][info ][safepoint    ] Application time: 1.0000917 seconds
[611.961s][info ][safepoint    ] Entering safepoint region: Cleanup
[611.961s][info ][safepoint    ] Leaving safepoint region
[611.961s][info ][safepoint    ] Total time for which application threads were stopped: 0.0001067 seconds, Stopping threads took: 0.0000401 seconds
[612.961s][info ][safepoint    ] Application time: 1.0001017 seconds
[612.961s][info ][safepoint    ] Entering safepoint region: Cleanup
[612.961s][info ][safepoint    ] Leaving safepoint region
[612.961s][info ][safepoint    ] Total time for which application threads were stopped: 0.0000920 seconds, Stopping threads took: 0.0000163 seconds
[613.013s][info ][safepoint    ] Application time: 0.0512711 seconds
[613.013s][info ][safepoint    ] Entering safepoint region: GenCollectForAllocation
[613.013s][info ][gc,start     ] GC(325) Pause Young (Allocation Failure)
[613.013s][info ][gc,task      ] GC(325) Using 4 workers of 4 for evacuation
[613.022s][debug][gc,ref       ] GC(325) Skipped phase1 of Reference Processing due to unavailable references
[613.022s][debug][gc,ref       ] GC(325) Skipped phase2 of Reference Processing due to unavailable references
[613.022s][debug][gc,ref       ] GC(325) Skipped phase3 of Reference Processing due to unavailable references
[613.022s][debug][gc,age       ] GC(325) Desired survivor size 15368192 bytes, new threshold 1 (max threshold 6)
[613.022s][info ][gc,heap      ] GC(325) ParNew: 241618K->16503K(270336K)
[613.022s][info ][gc,heap      ] GC(325) CMS: 525496K->525728K(600768K)
[613.022s][info ][gc,metaspace ] GC(325) Metaspace: 58232K->58232K(1101824K)
[613.022s][info ][gc           ] GC(325) Pause Young (Allocation Failure) 749M->529M(850M) 9.317ms
[613.022s][info ][gc,cpu       ] GC(325) User=0.03s Sys=0.00s Real=0.01s
[613.022s][info ][safepoint    ] Leaving safepoint region
[613.022s][info ][safepoint    ] Total time for which application threads were stopped: 0.0095449 seconds, Stopping threads took: 0.0001007 seconds
[614.022s][info ][safepoint    ] Application time: 1.0001106 seconds
[614.022s][info ][safepoint    ] Entering safepoint region: Cleanup
[614.023s][info ][safepoint    ] Leaving safepoint region
[614.023s][info ][safepoint    ] Total time for which application threads were stopped: 0.0000810 seconds, Stopping threads took: 0.0000164 seconds
[615.023s][info ][safepoint    ] Application time: 1.0000865 seconds
[615.023s][info ][safepoint    ] Entering safepoint region: Cleanup
[615.023s][info ][safepoint    ] Leaving safepoint region
[615.023s][info ][safepoint    ] Total time for which application threads were stopped: 0.0000843 seconds, Stopping threads took: 0.0000295 seconds
[615.705s][info ][safepoint    ] Application time: 0.6820879 seconds
[615.705s][info ][safepoint    ] Entering safepoint region: GenCollectForAllocation
[615.705s][info ][gc,start     ] GC(326) Pause Young (Allocation Failure)
[615.705s][info ][gc,task      ] GC(326) Using 4 workers of 4 for evacuation
[615.708s][debug][gc,ref       ] GC(326) Skipped phase1 of Reference Processing due to unavailable references
[615.708s][debug][gc,ref       ] GC(326) Skipped phase2 of Reference Processing due to unavailable references
[615.708s][debug][gc,ref       ] GC(326) Skipped phase3 of Reference Processing due to unavailable references
[615.708s][debug][gc,ref       ] GC(326) Skipped phase4 of Reference Processing due to unavailable references
[615.708s][debug][gc,age       ] GC(326) Desired survivor size 15368192 bytes, new threshold 6 (max threshold 6)
[615.708s][info ][gc,heap      ] GC(326) ParNew: 256823K->12134K(270336K)
[615.708s][info ][gc,heap      ] GC(326) CMS: 525728K->526310K(600768K)
[615.708s][info ][gc,metaspace ] GC(326) Metaspace: 58232K->58232K(1101824K)
[615.708s][info ][gc           ] GC(326) Pause Young (Allocation Failure) 764M->525M(850M) 3.414ms
[615.708s][info ][gc,cpu       ] GC(326) User=0.01s Sys=0.00s Real=0.00s
[615.708s][info ][safepoint    ] Leaving safepoint region
[615.708s][info ][safepoint    ] Total time for which application threads were stopped: 0.0035668 seconds, Stopping threads took: 0.0000364 seconds
[616.709s][info ][safepoint    ] Application time: 1.0001352 seconds
[616.709s][info ][safepoint    ] Entering safepoint region: Cleanup
[616.709s][info ][safepoint    ] Leaving safepoint region
[616.709s][info ][safepoint    ] Total time for which application threads were stopped: 0.0001224 seconds, Stopping threads took: 0.0000519 seconds
[617.709s][info ][safepoint    ] Application time: 1.0000889 seconds
[617.709s][info ][safepoint    ] Entering safepoint region: Cleanup
[617.709s][info ][safepoint    ] Leaving safepoint region
[617.709s][info ][safepoint    ] Total time for which application threads were stopped: 0.0000998 seconds, Stopping threads took: 0.0000386 seconds
[618.709s][info ][safepoint    ] Application time: 1.0000863 seconds
[618.709s][info ][safepoint    ] Entering safepoint region: Cleanup
[618.709s][info ][safepoint    ] Leaving safepoint region
[618.709s][info ][safepoint    ] Total time for which application threads were stopped: 0.0001119 seconds, Stopping threads took: 0.0000407 seconds
[618.868s][info ][safepoint    ] Application time: 0.1584596 seconds
[618.868s][info ][safepoint    ] Entering safepoint region: GenCollectForAllocation
[618.868s][info ][gc,start     ] GC(327) Pause Young (Allocation Failure)
[618.868s][info ][gc,task      ] GC(327) Using 4 workers of 4 for evacuation
[618.870s][debug][gc,ref       ] GC(327) Skipped phase1 of Reference Processing due to unavailable references
[618.870s][debug][gc,ref       ] GC(327) Skipped phase2 of Reference Processing due to unavailable references
[618.870s][debug][gc,ref       ] GC(327) Skipped phase3 of Reference Processing due to unavailable references
[618.870s][debug][gc,ref       ] GC(327) Skipped phase4 of Reference Processing due to unavailable references
[618.870s][debug][gc,age       ] GC(327) Desired survivor size 15368192 bytes, new threshold 6 (max threshold 6)
[618.870s][info ][gc,heap      ] GC(327) ParNew: 252454K->3091K(270336K)
[618.870s][info ][gc,heap      ] GC(327) CMS: 526310K->526310K(600768K)
[618.870s][info ][gc,metaspace ] GC(327) Metaspace: 58232K->58232K(1101824K)
[618.870s][info ][gc           ] GC(327) Pause Young (Allocation Failure) 760M->516M(850M) 2.110ms
[618.870s][info ][gc,cpu       ] GC(327) User=0.00s Sys=0.00s Real=0.00s
[618.870s][info ][safepoint    ] Leaving safepoint region
[618.870s][info ][safepoint    ] Total time for which application threads were stopped: 0.0022803 seconds, Stopping threads took: 0.0000503 seconds
[619.871s][info ][safepoint    ] Application time: 1.0006347 seconds
[619.871s][info ][safepoint    ] Entering safepoint region: Cleanup
[619.871s][info ][safepoint    ] Leaving safepoint region
[619.871s][info ][safepoint    ] Total time for which application threads were stopped: 0.0000732 seconds, Stopping threads took: 0.0000150 seconds
[620.871s][info ][safepoint    ] Application time: 1.0000875 seconds
[620.871s][info ][safepoint    ] Entering safepoint region: Cleanup
[620.871s][info ][safepoint    ] Leaving safepoint region
[620.871s][info ][safepoint    ] Total time for which application threads were stopped: 0.0000653 seconds, Stopping threads took: 0.0000147 seconds
[621.871s][info ][safepoint    ] Application time: 1.0000684 seconds
[621.871s][info ][safepoint    ] Entering safepoint region: Cleanup
[621.871s][info ][safepoint    ] Leaving safepoint region
[621.871s][info ][safepoint    ] Total time for which application threads were stopped: 0.0000718 seconds, Stopping threads took: 0.0000165 seconds
[622.010s][info ][safepoint    ] Application time: 0.1388190 seconds
[622.010s][info ][safepoint    ] Entering safepoint region: GenCollectForAllocation
[622.010s][info ][gc,start     ] GC(328) Pause Young (Allocation Failure)
[622.010s][info ][gc,task      ] GC(328) Using 4 workers of 4 for evacuation
[622.012s][debug][gc,ref       ] GC(328) Skipped phase1 of Reference Processing due to unavailable references
[622.012s][debug][gc,ref       ] GC(328) Skipped phase2 of Reference Processing due to unavailable references
[622.012s][debug][gc,ref       ] GC(328) Skipped phase3 of Reference Processing due to unavailable references
[622.012s][debug][gc,ref       ] GC(328) Skipped phase4 of Reference Processing due to unavailable references
[622.012s][debug][gc,age       ] GC(328) Desired survivor size 15368192 bytes, new threshold 6 (max threshold 6)
[622.012s][info ][gc,heap      ] GC(328) ParNew: 243411K->1099K(270336K)
[622.012s][info ][gc,heap      ] GC(328) CMS: 526310K->526310K(600768K)
[622.012s][info ][gc,metaspace ] GC(328) Metaspace: 58232K->58232K(1101824K)
[622.012s][info ][gc           ] GC(328) Pause Young (Allocation Failure) 751M->515M(850M) 2.402ms
[622.012s][info ][gc,cpu       ] GC(328) User=0.01s Sys=0.00s Real=0.00s
[622.013s][info ][safepoint    ] Leaving safepoint region
[622.013s][info ][safepoint    ] Total time for which application threads were stopped: 0.0025868 seconds, Stopping threads took: 0.0000414 seconds
[623.013s][info ][safepoint    ] Application time: 1.0001047 seconds
[623.013s][info ][safepoint    ] Entering safepoint region: Cleanup
[623.013s][info ][safepoint    ] Leaving safepoint region
[623.013s][info ][safepoint    ] Total time for which application threads were stopped: 0.0001068 seconds, Stopping threads took: 0.0000393 seconds
[624.013s][info ][safepoint    ] Application time: 1.0001275 seconds
[624.013s][info ][safepoint    ] Entering safepoint region: Cleanup
[624.013s][info ][safepoint    ] Leaving safepoint region
[624.013s][info ][safepoint    ] Total time for which application threads were stopped: 0.0001314 seconds, Stopping threads took: 0.0000656 seconds
[625.015s][info ][safepoint    ] Application time: 1.0014328 seconds
[625.015s][info ][safepoint    ] Entering safepoint region: Cleanup
[625.015s][info ][safepoint    ] Leaving safepoint region
[625.015s][info ][safepoint    ] Total time for which application threads were stopped: 0.0001492 seconds, Stopping threads took: 0.0000852 seconds
[625.161s][info ][safepoint    ] Application time: 0.1459488 seconds
[625.161s][info ][safepoint    ] Entering safepoint region: GenCollectForAllocation
[625.161s][info ][gc,start     ] GC(329) Pause Young (Allocation Failure)
[625.161s][info ][gc,task      ] GC(329) Using 4 workers of 4 for evacuation
[625.163s][debug][gc,ref       ] GC(329) Skipped phase1 of Reference Processing due to unavailable references
[625.163s][debug][gc,ref       ] GC(329) Skipped phase2 of Reference Processing due to unavailable references
[625.163s][debug][gc,ref       ] GC(329) Skipped phase3 of Reference Processing due to unavailable references
[625.163s][debug][gc,ref       ] GC(329) Skipped phase4 of Reference Processing due to unavailable references
[625.163s][debug][gc,age       ] GC(329) Desired survivor size 15368192 bytes, new threshold 6 (max threshold 6)
[625.163s][info ][gc,heap      ] GC(329) ParNew: 241419K->1075K(270336K)
[625.163s][info ][gc,heap      ] GC(329) CMS: 526310K->526310K(600768K)
[625.163s][info ][gc,metaspace ] GC(329) Metaspace: 58233K->58233K(1101824K)
[625.163s][info ][gc           ] GC(329) Pause Young (Allocation Failure) 749M->515M(850M) 2.540ms
[625.163s][info ][gc,cpu       ] GC(329) User=0.01s Sys=0.00s Real=0.01s
[625.163s][info ][safepoint    ] Leaving safepoint region
[625.163s][info ][safepoint    ] Total time for which application threads were stopped: 0.0027289 seconds, Stopping threads took: 0.0000170 seconds
[626.164s][info ][safepoint    ] Application time: 1.0000966 seconds
[626.164s][info ][safepoint    ] Entering safepoint region: Cleanup
[626.164s][info ][safepoint    ] Leaving safepoint region
[626.164s][info ][safepoint    ] Total time for which application threads were stopped: 0.0001256 seconds, Stopping threads took: 0.0000552 seconds
[627.164s][info ][safepoint    ] Application time: 1.0000937 seconds
[627.164s][info ][safepoint    ] Entering safepoint region: Cleanup
[627.164s][info ][safepoint    ] Leaving safepoint region
[627.164s][info ][safepoint    ] Total time for which application threads were stopped: 0.0000982 seconds, Stopping threads took: 0.0000388 seconds
[628.164s][info ][safepoint    ] Application time: 1.0000959 seconds
[628.164s][info ][safepoint    ] Entering safepoint region: Cleanup
[628.164s][info ][safepoint    ] Leaving safepoint region
[628.164s][info ][safepoint    ] Total time for which application threads were stopped: 0.0001071 seconds, Stopping threads took: 0.0000417 seconds
[628.315s][info ][safepoint    ] Application time: 0.1506650 seconds
[628.315s][info ][safepoint    ] Entering safepoint region: GenCollectForAllocation
[628.315s][info ][gc,start     ] GC(330) Pause Young (Allocation Failure)
[628.315s][info ][gc,task      ] GC(330) Using 4 workers of 4 for evacuation
[628.317s][debug][gc,ref       ] GC(330) Skipped phase1 of Reference Processing due to unavailable references
[628.317s][debug][gc,ref       ] GC(330) Skipped phase2 of Reference Processing due to unavailable references
[628.318s][debug][gc,ref       ] GC(330) Skipped phase3 of Reference Processing due to unavailable references
[628.318s][debug][gc,ref       ] GC(330) Skipped phase4 of Reference Processing due to unavailable references
[628.318s][debug][gc,age       ] GC(330) Desired survivor size 15368192 bytes, new threshold 6 (max threshold 6)
[628.318s][info ][gc,heap      ] GC(330) ParNew: 241395K->1321K(270336K)
[628.318s][info ][gc,heap      ] GC(330) CMS: 526310K->526310K(600768K)
[628.318s][info ][gc,metaspace ] GC(330) Metaspace: 58234K->58234K(1101824K)
[628.318s][info ][gc           ] GC(330) Pause Young (Allocation Failure) 749M->515M(850M) 2.588ms
[628.318s][info ][gc,cpu       ] GC(330) User=0.01s Sys=0.00s Real=0.00s
[628.318s][info ][safepoint    ] Leaving safepoint region
[628.318s][info ][safepoint    ] Total time for which application threads were stopped: 0.0027633 seconds, Stopping threads took: 0.0000289 seconds
[629.318s][info ][safepoint    ] Application time: 1.0000952 seconds
[629.318s][info ][safepoint    ] Entering safepoint region: Cleanup
[629.318s][info ][safepoint    ] Leaving safepoint region
[629.318s][info ][safepoint    ] Total time for which application threads were stopped: 0.0000660 seconds, Stopping threads took: 0.0000156 seconds
[630.318s][info ][safepoint    ] Application time: 1.0001140 seconds
[630.318s][info ][safepoint    ] Entering safepoint region: Cleanup
[630.318s][info ][safepoint    ] Leaving safepoint region
[630.318s][info ][safepoint    ] Total time for which application threads were stopped: 0.0000724 seconds, Stopping threads took: 0.0000163 seconds
[631.318s][info ][safepoint    ] Application time: 1.0000958 seconds
[631.318s][info ][safepoint    ] Entering safepoint region: Cleanup
[631.318s][info ][safepoint    ] Leaving safepoint region
[631.318s][info ][safepoint    ] Total time for which application threads were stopped: 0.0000678 seconds, Stopping threads took: 0.0000168 seconds
[631.607s][info ][safepoint    ] Application time: 0.2886712 seconds
[631.607s][info ][safepoint    ] Entering safepoint region: GenCollectForAllocation
[631.607s][info ][gc,start     ] GC(331) Pause Young (Allocation Failure)
[631.607s][info ][gc,task      ] GC(331) Using 4 workers of 4 for evacuation
[631.609s][debug][gc,ref       ] GC(331) Skipped phase1 of Reference Processing due to unavailable references
[631.610s][debug][gc,ref       ] GC(331) Skipped phase2 of Reference Processing due to unavailable references
[631.610s][debug][gc,ref       ] GC(331) Skipped phase3 of Reference Processing due to unavailable references
[631.610s][debug][gc,ref       ] GC(331) Skipped phase4 of Reference Processing due to unavailable references
[631.610s][debug][gc,age       ] GC(331) Desired survivor size 15368192 bytes, new threshold 6 (max threshold 6)
[631.610s][info ][gc,heap      ] GC(331) ParNew: 241641K->1397K(270336K)
[631.610s][info ][gc,heap      ] GC(331) CMS: 526310K->526310K(600768K)
[631.610s][info ][gc,metaspace ] GC(331) Metaspace: 58234K->58234K(1101824K)
[631.610s][info ][gc           ] GC(331) Pause Young (Allocation Failure) 749M->515M(850M) 2.501ms
[631.610s][info ][gc,cpu       ] GC(331) User=0.01s Sys=0.00s Real=0.00s
[631.610s][info ][safepoint    ] Leaving safepoint region
[631.610s][info ][safepoint    ] Total time for which application threads were stopped: 0.0026579 seconds, Stopping threads took: 0.0000164 seconds
[632.610s][info ][safepoint    ] Application time: 1.0000941 seconds
[632.610s][info ][safepoint    ] Entering safepoint region: Cleanup
[632.610s][info ][safepoint    ] Leaving safepoint region
[632.610s][info ][safepoint    ] Total time for which application threads were stopped: 0.0001003 seconds, Stopping threads took: 0.0000425 seconds
[633.610s][info ][safepoint    ] Application time: 1.0000932 seconds
[633.610s][info ][safepoint    ] Entering safepoint region: Cleanup
[633.610s][info ][safepoint    ] Leaving safepoint region
[633.610s][info ][safepoint    ] Total time for which application threads were stopped: 0.0001174 seconds, Stopping threads took: 0.0000506 seconds
[634.610s][info ][safepoint    ] Application time: 1.0001000 seconds
[634.610s][info ][safepoint    ] Entering safepoint region: Cleanup
[634.610s][info ][safepoint    ] Leaving safepoint region
[634.610s][info ][safepoint    ] Total time for which application threads were stopped: 0.0001329 seconds, Stopping threads took: 0.0000666 seconds
[634.758s][info ][safepoint    ] Application time: 0.1472168 seconds
[634.758s][info ][safepoint    ] Entering safepoint region: GenCollectForAllocation
[634.758s][info ][gc,start     ] GC(332) Pause Young (Allocation Failure)
[634.758s][info ][gc,task      ] GC(332) Using 4 workers of 4 for evacuation
[634.762s][debug][gc,ref       ] GC(332) Skipped phase1 of Reference Processing due to unavailable references
[634.762s][debug][gc,ref       ] GC(332) Skipped phase2 of Reference Processing due to unavailable references
[634.762s][debug][gc,ref       ] GC(332) Skipped phase3 of Reference Processing due to unavailable references
[634.762s][debug][gc,ref       ] GC(332) Skipped phase4 of Reference Processing due to unavailable references
[634.762s][debug][gc,age       ] GC(332) Desired survivor size 15368192 bytes, new threshold 6 (max threshold 6)
[634.762s][info ][gc,heap      ] GC(332) ParNew: 241717K->2865K(270336K)
[634.762s][info ][gc,heap      ] GC(332) CMS: 526310K->526385K(600768K)
[634.762s][info ][gc,metaspace ] GC(332) Metaspace: 58234K->58234K(1101824K)
[634.762s][info ][gc           ] GC(332) Pause Young (Allocation Failure) 750M->516M(850M) 3.998ms
[634.762s][info ][gc,cpu       ] GC(332) User=0.01s Sys=0.00s Real=0.00s
[634.762s][info ][safepoint    ] Leaving safepoint region
[634.762s][info ][safepoint    ] Total time for which application threads were stopped: 0.0042500 seconds, Stopping threads took: 0.0000870 seconds
[635.762s][info ][safepoint    ] Application time: 1.0001360 seconds
[635.762s][info ][safepoint    ] Entering safepoint region: Cleanup
[635.762s][info ][safepoint    ] Leaving safepoint region
[635.762s][info ][safepoint    ] Total time for which application threads were stopped: 0.0001235 seconds, Stopping threads took: 0.0000539 seconds
[636.766s][info ][safepoint    ] Application time: 1.0035903 seconds
[636.766s][info ][safepoint    ] Entering safepoint region: Cleanup
[636.766s][info ][safepoint    ] Leaving safepoint region
[636.766s][info ][safepoint    ] Total time for which application threads were stopped: 0.0001746 seconds, Stopping threads took: 0.0000955 seconds
[637.766s][info ][safepoint    ] Application time: 1.0000875 seconds
[637.766s][info ][safepoint    ] Entering safepoint region: Cleanup
[637.766s][info ][safepoint    ] Leaving safepoint region
[637.766s][info ][safepoint    ] Total time for which application threads were stopped: 0.0001463 seconds, Stopping threads took: 0.0000819 seconds
[637.970s][info ][safepoint    ] Application time: 0.2039305 seconds
[637.970s][info ][safepoint    ] Entering safepoint region: GenCollectForAllocation
[637.970s][info ][gc,start     ] GC(333) Pause Young (Allocation Failure)
[637.970s][info ][gc,task      ] GC(333) Using 4 workers of 4 for evacuation
[637.979s][debug][gc,ref       ] GC(333) Skipped phase1 of Reference Processing due to unavailable references
[637.979s][debug][gc,ref       ] GC(333) Skipped phase2 of Reference Processing due to unavailable references
[637.979s][debug][gc,ref       ] GC(333) Skipped phase3 of Reference Processing due to unavailable references
[637.979s][debug][gc,ref       ] GC(333) Skipped phase4 of Reference Processing due to unavailable references
[637.979s][debug][gc,age       ] GC(333) Desired survivor size 15368192 bytes, new threshold 6 (max threshold 6)
[637.979s][info ][gc,heap      ] GC(333) ParNew: 243185K->2742K(270336K)
[637.979s][info ][gc,heap      ] GC(333) CMS: 526385K->526619K(600768K)
[637.979s][info ][gc,metaspace ] GC(333) Metaspace: 58234K->58234K(1101824K)
[637.979s][info ][gc           ] GC(333) Pause Young (Allocation Failure) 751M->516M(850M) 8.868ms
[637.979s][info ][gc,cpu       ] GC(333) User=0.02s Sys=0.01s Real=0.00s
[637.979s][info ][safepoint    ] Leaving safepoint region
[637.979s][info ][safepoint    ] Total time for which application threads were stopped: 0.0090178 seconds, Stopping threads took: 0.0000176 seconds
[638.979s][info ][safepoint    ] Application time: 1.0001105 seconds
[638.980s][info ][safepoint    ] Entering safepoint region: Cleanup
[638.980s][info ][safepoint    ] Leaving safepoint region
[638.980s][info ][safepoint    ] Total time for which application threads were stopped: 0.0000967 seconds, Stopping threads took: 0.0000351 seconds
[639.980s][info ][safepoint    ] Application time: 1.0001021 seconds
[639.980s][info ][safepoint    ] Entering safepoint region: Cleanup
[639.980s][info ][safepoint    ] Leaving safepoint region
[639.980s][info ][safepoint    ] Total time for which application threads were stopped: 0.0001110 seconds, Stopping threads took: 0.0000412 seconds
[640.914s][info ][safepoint    ] Application time: 0.9342634 seconds
[640.914s][info ][safepoint    ] Entering safepoint region: GenCollectForAllocation
[640.914s][info ][gc,start     ] GC(334) Pause Young (Allocation Failure)
[640.914s][info ][gc,task      ] GC(334) Using 4 workers of 4 for evacuation
[640.918s][debug][gc,ref       ] GC(334) Skipped phase1 of Reference Processing due to unavailable references
[640.918s][debug][gc,ref       ] GC(334) Skipped phase2 of Reference Processing due to unavailable references
[640.918s][debug][gc,ref       ] GC(334) Skipped phase3 of Reference Processing due to unavailable references
[640.918s][debug][gc,ref       ] GC(334) Skipped phase4 of Reference Processing due to unavailable references
[640.918s][debug][gc,age       ] GC(334) Desired survivor size 15368192 bytes, new threshold 6 (max threshold 6)
[640.918s][info ][gc,heap      ] GC(334) ParNew: 243062K->3119K(270336K)
[640.918s][info ][gc,heap      ] GC(334) CMS: 526619K->526696K(600768K)
[640.918s][info ][gc,metaspace ] GC(334) Metaspace: 58245K->58245K(1101824K)
[640.918s][info ][gc           ] GC(334) Pause Young (Allocation Failure) 751M->517M(850M) 3.402ms
[640.918s][info ][gc,cpu       ] GC(334) User=0.01s Sys=0.00s Real=0.00s
[640.918s][info ][safepoint    ] Leaving safepoint region
[640.918s][info ][safepoint    ] Total time for which application threads were stopped: 0.0036414 seconds, Stopping threads took: 0.0000896 seconds
[641.918s][info ][safepoint    ] Application time: 1.0001268 seconds
[641.919s][info ][safepoint    ] Entering safepoint region: Cleanup
[641.919s][info ][safepoint    ] Leaving safepoint region
[641.919s][info ][safepoint    ] Total time for which application threads were stopped: 0.0006801 seconds, Stopping threads took: 0.0006081 seconds
[642.919s][info ][safepoint    ] Application time: 1.0000895 seconds
[642.919s][info ][safepoint    ] Entering safepoint region: Cleanup
[642.919s][info ][safepoint    ] Leaving safepoint region
[642.919s][info ][safepoint    ] Total time for which application threads were stopped: 0.0001095 seconds, Stopping threads took: 0.0000259 seconds
[643.919s][info ][safepoint    ] Application time: 1.0000810 seconds
[643.921s][info ][safepoint    ] Entering safepoint region: Cleanup
[643.921s][info ][safepoint    ] Leaving safepoint region
[643.921s][info ][safepoint    ] Total time for which application threads were stopped: 0.0021009 seconds, Stopping threads took: 0.0020117 seconds
[643.959s][info ][safepoint    ] Application time: 0.0377117 seconds
[643.959s][info ][safepoint    ] Entering safepoint region: GenCollectForAllocation
[643.959s][info ][gc,start     ] GC(335) Pause Young (Allocation Failure)
[643.959s][info ][gc,task      ] GC(335) Using 4 workers of 4 for evacuation
[643.962s][debug][gc,ref       ] GC(335) Skipped phase1 of Reference Processing due to unavailable references
[643.963s][debug][gc,ref       ] GC(335) Skipped phase2 of Reference Processing due to unavailable references
[643.963s][debug][gc,ref       ] GC(335) Skipped phase3 of Reference Processing due to unavailable references
[643.963s][debug][gc,ref       ] GC(335) Skipped phase4 of Reference Processing due to unavailable references
[643.963s][debug][gc,age       ] GC(335) Desired survivor size 15368192 bytes, new threshold 6 (max threshold 6)
[643.963s][info ][gc,heap      ] GC(335) ParNew: 243439K->3384K(270336K)
[643.963s][info ][gc,heap      ] GC(335) CMS: 526696K->526849K(600768K)
[643.963s][info ][gc,metaspace ] GC(335) Metaspace: 58248K->58248K(1101824K)
[643.963s][info ][gc           ] GC(335) Pause Young (Allocation Failure) 752M->517M(850M) 3.623ms
[643.963s][info ][gc,cpu       ] GC(335) User=0.01s Sys=0.00s Real=0.01s
[643.963s][info ][safepoint    ] Leaving safepoint region
[643.963s][info ][safepoint    ] Total time for which application threads were stopped: 0.0038561 seconds, Stopping threads took: 0.0000676 seconds
[644.963s][info ][safepoint    ] Application time: 1.0000997 seconds
[644.963s][info ][safepoint    ] Entering safepoint region: Cleanup
[644.963s][info ][safepoint    ] Leaving safepoint region
[644.963s][info ][safepoint    ] Total time for which application threads were stopped: 0.0001451 seconds, Stopping threads took: 0.0000817 seconds
[645.963s][info ][safepoint    ] Application time: 1.0000967 seconds
[645.963s][info ][safepoint    ] Entering safepoint region: Cleanup
[645.963s][info ][safepoint    ] Leaving safepoint region
[645.963s][info ][safepoint    ] Total time for which application threads were stopped: 0.0001157 seconds, Stopping threads took: 0.0000442 seconds
[646.963s][info ][safepoint    ] Application time: 1.0001027 seconds
[646.963s][info ][safepoint    ] Entering safepoint region: Cleanup
[646.964s][info ][safepoint    ] Leaving safepoint region
[646.964s][info ][safepoint    ] Total time for which application threads were stopped: 0.0001058 seconds, Stopping threads took: 0.0000411 seconds
[647.123s][info ][safepoint    ] Application time: 0.1590238 seconds
[647.123s][info ][safepoint    ] Entering safepoint region: GenCollectForAllocation
[647.123s][info ][gc,start     ] GC(336) Pause Young (Allocation Failure)
[647.123s][info ][gc,task      ] GC(336) Using 4 workers of 4 for evacuation
[647.132s][debug][gc,ref       ] GC(336) Skipped phase1 of Reference Processing due to unavailable references
[647.132s][debug][gc,ref       ] GC(336) Skipped phase2 of Reference Processing due to unavailable references
[647.132s][debug][gc,ref       ] GC(336) Skipped phase3 of Reference Processing due to unavailable references
[647.132s][debug][gc,ref       ] GC(336) Skipped phase4 of Reference Processing due to unavailable references
[647.132s][debug][gc,age       ] GC(336) Desired survivor size 15368192 bytes, new threshold 6 (max threshold 6)
[647.133s][info ][gc,heap      ] GC(336) ParNew: 243704K->3189K(270336K)
[647.133s][info ][gc,heap      ] GC(336) CMS: 526849K->526881K(600768K)
[647.133s][info ][gc,metaspace ] GC(336) Metaspace: 58248K->58248K(1101824K)
[647.133s][info ][gc           ] GC(336) Pause Young (Allocation Failure) 752M->517M(850M) 10.151ms
[647.133s][info ][gc,cpu       ] GC(336) User=0.01s Sys=0.01s Real=0.01s
[647.133s][info ][safepoint    ] Leaving safepoint region
[647.133s][info ][safepoint    ] Total time for which application threads were stopped: 0.0103133 seconds, Stopping threads took: 0.0000248 seconds
[648.133s][info ][safepoint    ] Application time: 1.0001093 seconds
[648.133s][info ][safepoint    ] Entering safepoint region: Cleanup
[648.133s][info ][safepoint    ] Leaving safepoint region
[648.133s][info ][safepoint    ] Total time for which application threads were stopped: 0.0001362 seconds, Stopping threads took: 0.0000216 seconds
[649.133s][info ][safepoint    ] Application time: 1.0001270 seconds
[649.133s][info ][safepoint    ] Entering safepoint region: Cleanup
[649.133s][info ][safepoint    ] Leaving safepoint region
[649.133s][info ][safepoint    ] Total time for which application threads were stopped: 0.0001068 seconds, Stopping threads took: 0.0000223 seconds
[650.134s][info ][safepoint    ] Application time: 1.0001505 seconds
[650.134s][info ][safepoint    ] Entering safepoint region: Cleanup
[650.134s][info ][safepoint    ] Leaving safepoint region
[650.134s][info ][safepoint    ] Total time for which application threads were stopped: 0.0000820 seconds, Stopping threads took: 0.0000183 seconds
[650.264s][info ][safepoint    ] Application time: 0.1298971 seconds
[650.264s][info ][safepoint    ] Entering safepoint region: GenCollectForAllocation
[650.264s][info ][gc,start     ] GC(337) Pause Young (Allocation Failure)
[650.264s][info ][gc,task      ] GC(337) Using 4 workers of 4 for evacuation
[650.267s][debug][gc,ref       ] GC(337) Skipped phase1 of Reference Processing due to unavailable references
[650.267s][debug][gc,ref       ] GC(337) Skipped phase2 of Reference Processing due to unavailable references
[650.267s][debug][gc,ref       ] GC(337) Skipped phase3 of Reference Processing due to unavailable references
[650.267s][debug][gc,ref       ] GC(337) Skipped phase4 of Reference Processing due to unavailable references
[650.267s][debug][gc,age       ] GC(337) Desired survivor size 15368192 bytes, new threshold 6 (max threshold 6)
[650.267s][info ][gc,heap      ] GC(337) ParNew: 243509K->3216K(270336K)
[650.267s][info ][gc,heap      ] GC(337) CMS: 526881K->526990K(600768K)
[650.267s][info ][gc,metaspace ] GC(337) Metaspace: 58249K->58249K(1101824K)
[650.267s][info ][gc           ] GC(337) Pause Young (Allocation Failure) 752M->517M(850M) 3.084ms
[650.267s][info ][gc,cpu       ] GC(337) User=0.01s Sys=0.00s Real=0.00s
[650.267s][info ][safepoint    ] Leaving safepoint region
[650.267s][info ][safepoint    ] Total time for which application threads were stopped: 0.0032749 seconds, Stopping threads took: 0.0000595 seconds
[651.267s][info ][safepoint    ] Application time: 1.0000978 seconds
[651.267s][info ][safepoint    ] Entering safepoint region: Cleanup
[651.267s][info ][safepoint    ] Leaving safepoint region
[651.267s][info ][safepoint    ] Total time for which application threads were stopped: 0.0001027 seconds, Stopping threads took: 0.0000443 seconds
[652.267s][info ][safepoint    ] Application time: 1.0000879 seconds
[652.267s][info ][safepoint    ] Entering safepoint region: Cleanup
[652.267s][info ][safepoint    ] Leaving safepoint region
[652.267s][info ][safepoint    ] Total time for which application threads were stopped: 0.0000749 seconds, Stopping threads took: 0.0000155 seconds
[653.162s][info ][safepoint    ] Application time: 0.8941676 seconds
[653.162s][info ][safepoint    ] Entering safepoint region: GenCollectForAllocation
[653.162s][info ][gc,start     ] GC(338) Pause Young (Allocation Failure)
[653.162s][info ][gc,task      ] GC(338) Using 4 workers of 4 for evacuation
[653.167s][debug][gc,ref       ] GC(338) Skipped phase1 of Reference Processing due to unavailable references
[653.167s][debug][gc,ref       ] GC(338) Skipped phase2 of Reference Processing due to unavailable references
[653.167s][debug][gc,ref       ] GC(338) Skipped phase3 of Reference Processing due to unavailable references
[653.167s][debug][gc,ref       ] GC(338) Skipped phase4 of Reference Processing due to unavailable references
[653.167s][debug][gc,age       ] GC(338) Desired survivor size 15368192 bytes, new threshold 6 (max threshold 6)
[653.167s][info ][gc,heap      ] GC(338) ParNew: 243536K->2489K(270336K)
[653.167s][info ][gc,heap      ] GC(338) CMS: 526990K->527541K(600768K)
[653.167s][info ][gc,metaspace ] GC(338) Metaspace: 58265K->58265K(1101824K)
[653.167s][info ][gc           ] GC(338) Pause Young (Allocation Failure) 752M->517M(850M) 5.407ms
[653.167s][info ][gc,cpu       ] GC(338) User=0.02s Sys=0.00s Real=0.01s
[653.167s][info ][safepoint    ] Leaving safepoint region
[653.167s][info ][safepoint    ] Total time for which application threads were stopped: 0.0055598 seconds, Stopping threads took: 0.0000171 seconds
[654.167s][info ][safepoint    ] Application time: 1.0001043 seconds
[654.167s][info ][safepoint    ] Entering safepoint region: Cleanup
[654.167s][info ][safepoint    ] Leaving safepoint region
[654.167s][info ][safepoint    ] Total time for which application threads were stopped: 0.0000896 seconds, Stopping threads took: 0.0000288 seconds
[655.168s][info ][safepoint    ] Application time: 1.0000993 seconds
[655.168s][info ][safepoint    ] Entering safepoint region: Cleanup
[655.168s][info ][safepoint    ] Leaving safepoint region
[655.168s][info ][safepoint    ] Total time for which application threads were stopped: 0.0000764 seconds, Stopping threads took: 0.0000168 seconds
[656.060s][info ][safepoint    ] Application time: 0.8928124 seconds
[656.060s][info ][safepoint    ] Entering safepoint region: GenCollectForAllocation
[656.061s][info ][gc,start     ] GC(339) Pause Young (Allocation Failure)
[656.061s][info ][gc,task      ] GC(339) Using 4 workers of 4 for evacuation
[656.064s][debug][gc,ref       ] GC(339) Skipped phase1 of Reference Processing due to unavailable references
[656.064s][debug][gc,ref       ] GC(339) Skipped phase2 of Reference Processing due to unavailable references
[656.064s][debug][gc,ref       ] GC(339) Skipped phase3 of Reference Processing due to unavailable references
[656.064s][debug][gc,ref       ] GC(339) Skipped phase4 of Reference Processing due to unavailable references
[656.064s][debug][gc,age       ] GC(339) Desired survivor size 15368192 bytes, new threshold 6 (max threshold 6)
[656.064s][info ][gc,heap      ] GC(339) ParNew: 242809K->3050K(270336K)
[656.064s][info ][gc,heap      ] GC(339) CMS: 527541K->527766K(600768K)
[656.064s][info ][gc,metaspace ] GC(339) Metaspace: 58269K->58269K(1101824K)
[656.064s][info ][gc           ] GC(339) Pause Young (Allocation Failure) 752M->518M(850M) 3.269ms
[656.064s][info ][gc,cpu       ] GC(339) User=0.01s Sys=0.00s Real=0.01s
[656.064s][info ][safepoint    ] Leaving safepoint region
[656.064s][info ][safepoint    ] Total time for which application threads were stopped: 0.0034039 seconds, Stopping threads took: 0.0000161 seconds
[657.064s][info ][safepoint    ] Application time: 1.0000909 seconds
[657.064s][info ][safepoint    ] Entering safepoint region: Cleanup
[657.064s][info ][safepoint    ] Leaving safepoint region
[657.064s][info ][safepoint    ] Total time for which application threads were stopped: 0.0001427 seconds, Stopping threads took: 0.0000793 seconds
[658.064s][info ][safepoint    ] Application time: 1.0000932 seconds
[658.064s][info ][safepoint    ] Entering safepoint region: Cleanup
[658.064s][info ][safepoint    ] Leaving safepoint region
[658.064s][info ][safepoint    ] Total time for which application threads were stopped: 0.0001156 seconds, Stopping threads took: 0.0000407 seconds
[659.065s][info ][safepoint    ] Application time: 1.0001014 seconds
[659.065s][info ][safepoint    ] Entering safepoint region: Cleanup
[659.065s][info ][safepoint    ] Leaving safepoint region
[659.065s][info ][safepoint    ] Total time for which application threads were stopped: 0.0001314 seconds, Stopping threads took: 0.0000617 seconds
[659.208s][info ][safepoint    ] Application time: 0.1436154 seconds
[659.208s][info ][safepoint    ] Entering safepoint region: GenCollectForAllocation
[659.208s][info ][gc,start     ] GC(340) Pause Young (Allocation Failure)
[659.209s][info ][gc,task      ] GC(340) Using 4 workers of 4 for evacuation
[659.211s][debug][gc,ref       ] GC(340) Skipped phase1 of Reference Processing due to unavailable references
[659.211s][debug][gc,ref       ] GC(340) Skipped phase2 of Reference Processing due to unavailable references
[659.211s][debug][gc,ref       ] GC(340) Skipped phase3 of Reference Processing due to unavailable references
[659.211s][debug][gc,ref       ] GC(340) Skipped phase4 of Reference Processing due to unavailable references
[659.211s][debug][gc,age       ] GC(340) Desired survivor size 15368192 bytes, new threshold 6 (max threshold 6)
[659.211s][info ][gc,heap      ] GC(340) ParNew: 243370K->2945K(270336K)
[659.211s][info ][gc,heap      ] GC(340) CMS: 527766K->527932K(600768K)
[659.211s][info ][gc,metaspace ] GC(340) Metaspace: 58270K->58270K(1101824K)
[659.211s][info ][gc           ] GC(340) Pause Young (Allocation Failure) 753M->518M(850M) 3.008ms
[659.211s][info ][gc,cpu       ] GC(340) User=0.01s Sys=0.00s Real=0.01s
[659.212s][info ][safepoint    ] Leaving safepoint region
[659.212s][info ][safepoint    ] Total time for which application threads were stopped: 0.0031975 seconds, Stopping threads took: 0.0000737 seconds
[660.212s][info ][safepoint    ] Application time: 1.0000981 seconds
[660.212s][info ][safepoint    ] Entering safepoint region: Cleanup
[660.212s][info ][safepoint    ] Leaving safepoint region
[660.212s][info ][safepoint    ] Total time for which application threads were stopped: 0.0001234 seconds, Stopping threads took: 0.0000577 seconds
[661.212s][info ][safepoint    ] Application time: 1.0000974 seconds
[661.219s][info ][safepoint    ] Entering safepoint region: Cleanup
[661.219s][info ][safepoint    ] Leaving safepoint region
[661.219s][info ][safepoint    ] Total time for which application threads were stopped: 0.0074667 seconds, Stopping threads took: 0.0073973 seconds
[662.219s][info ][safepoint    ] Application time: 1.0000969 seconds
[662.220s][info ][safepoint    ] Entering safepoint region: Cleanup
[662.220s][info ][safepoint    ] Leaving safepoint region
[662.220s][info ][safepoint    ] Total time for which application threads were stopped: 0.0000730 seconds, Stopping threads took: 0.0000164 seconds
[662.459s][info ][safepoint    ] Application time: 0.2393705 seconds
[662.459s][info ][safepoint    ] Entering safepoint region: GenCollectForAllocation
[662.459s][info ][gc,start     ] GC(341) Pause Young (Allocation Failure)
[662.459s][info ][gc,task      ] GC(341) Using 4 workers of 4 for evacuation
[662.462s][debug][gc,ref       ] GC(341) Skipped phase1 of Reference Processing due to unavailable references
[662.462s][debug][gc,ref       ] GC(341) Skipped phase2 of Reference Processing due to unavailable references
[662.462s][debug][gc,ref       ] GC(341) Skipped phase3 of Reference Processing due to unavailable references
[662.462s][debug][gc,ref       ] GC(341) Skipped phase4 of Reference Processing due to unavailable references
[662.462s][debug][gc,age       ] GC(341) Desired survivor size 15368192 bytes, new threshold 6 (max threshold 6)
[662.462s][info ][gc,heap      ] GC(341) ParNew: 243265K->2490K(270336K)
[662.462s][info ][gc,heap      ] GC(341) CMS: 527932K->528117K(600768K)
[662.462s][info ][gc,metaspace ] GC(341) Metaspace: 58270K->58270K(1101824K)
[662.462s][info ][gc           ] GC(341) Pause Young (Allocation Failure) 753M->518M(850M) 2.915ms
[662.462s][info ][gc,cpu       ] GC(341) User=0.01s Sys=0.00s Real=0.01s
[662.462s][info ][safepoint    ] Leaving safepoint region
[662.462s][info ][safepoint    ] Total time for which application threads were stopped: 0.0030707 seconds, Stopping threads took: 0.0000283 seconds
[663.462s][info ][safepoint    ] Application time: 1.0000934 seconds
[663.463s][info ][safepoint    ] Entering safepoint region: Cleanup
[663.463s][info ][safepoint    ] Leaving safepoint region
[663.463s][info ][safepoint    ] Total time for which application threads were stopped: 0.0010081 seconds, Stopping threads took: 0.0009373 seconds
[664.463s][info ][safepoint    ] Application time: 1.0000971 seconds
[664.463s][info ][safepoint    ] Entering safepoint region: Cleanup
[664.463s][info ][safepoint    ] Leaving safepoint region
[664.464s][info ][safepoint    ] Total time for which application threads were stopped: 0.0001533 seconds, Stopping threads took: 0.0000915 seconds
[665.464s][info ][safepoint    ] Application time: 1.0000944 seconds
[665.464s][info ][safepoint    ] Entering safepoint region: Cleanup
[665.464s][info ][safepoint    ] Leaving safepoint region
[665.464s][info ][safepoint    ] Total time for which application threads were stopped: 0.0001436 seconds, Stopping threads took: 0.0000703 seconds
[665.714s][info ][safepoint    ] Application time: 0.2505250 seconds
[665.714s][info ][safepoint    ] Entering safepoint region: GenCollectForAllocation
[665.714s][info ][gc,start     ] GC(342) Pause Young (Allocation Failure)
[665.714s][info ][gc,task      ] GC(342) Using 4 workers of 4 for evacuation
[665.717s][debug][gc,ref       ] GC(342) Skipped phase1 of Reference Processing due to unavailable references
[665.717s][debug][gc,ref       ] GC(342) Skipped phase2 of Reference Processing due to unavailable references
[665.717s][debug][gc,ref       ] GC(342) Skipped phase3 of Reference Processing due to unavailable references
[665.717s][debug][gc,ref       ] GC(342) Skipped phase4 of Reference Processing due to unavailable references
[665.717s][debug][gc,age       ] GC(342) Desired survivor size 15368192 bytes, new threshold 6 (max threshold 6)
[665.717s][info ][gc,heap      ] GC(342) ParNew: 242810K->2814K(270336K)
[665.717s][info ][gc,heap      ] GC(342) CMS: 528117K->528127K(600768K)
[665.717s][info ][gc,metaspace ] GC(342) Metaspace: 58272K->58272K(1101824K)
[665.717s][info ][gc           ] GC(342) Pause Young (Allocation Failure) 752M->518M(850M) 2.689ms
[665.717s][info ][gc,cpu       ] GC(342) User=0.01s Sys=0.00s Real=0.00s
[665.717s][info ][safepoint    ] Leaving safepoint region
[665.717s][info ][safepoint    ] Total time for which application threads were stopped: 0.0028243 seconds, Stopping threads took: 0.0000163 seconds
[666.717s][info ][safepoint    ] Application time: 1.0000942 seconds
[666.717s][info ][safepoint    ] Entering safepoint region: Cleanup
[666.717s][info ][safepoint    ] Leaving safepoint region
[666.717s][info ][safepoint    ] Total time for which application threads were stopped: 0.0001429 seconds, Stopping threads took: 0.0000831 seconds
[667.718s][info ][safepoint    ] Application time: 1.0000911 seconds
[667.718s][info ][safepoint    ] Entering safepoint region: Cleanup
[667.718s][info ][safepoint    ] Leaving safepoint region
[667.718s][info ][safepoint    ] Total time for which application threads were stopped: 0.0000727 seconds, Stopping threads took: 0.0000157 seconds
[668.718s][info ][safepoint    ] Application time: 1.0000887 seconds
[668.718s][info ][safepoint    ] Entering safepoint region: Cleanup
[668.718s][info ][safepoint    ] Leaving safepoint region
[668.718s][info ][safepoint    ] Total time for which application threads were stopped: 0.0000830 seconds, Stopping threads took: 0.0000177 seconds
[668.964s][info ][safepoint    ] Application time: 0.2463661 seconds
[668.964s][info ][safepoint    ] Entering safepoint region: GenCollectForAllocation
[668.964s][info ][gc,start     ] GC(343) Pause Young (Allocation Failure)
[668.964s][info ][gc,task      ] GC(343) Using 4 workers of 4 for evacuation
[668.968s][debug][gc,ref       ] GC(343) Skipped phase1 of Reference Processing due to unavailable references
[668.968s][debug][gc,ref       ] GC(343) Skipped phase2 of Reference Processing due to unavailable references
[668.968s][debug][gc,ref       ] GC(343) Skipped phase3 of Reference Processing due to unavailable references
[668.968s][debug][gc,ref       ] GC(343) Skipped phase4 of Reference Processing due to unavailable references
[668.968s][debug][gc,age       ] GC(343) Desired survivor size 15368192 bytes, new threshold 6 (max threshold 6)
[668.968s][info ][gc,heap      ] GC(343) ParNew: 243134K->2295K(270336K)
[668.968s][info ][gc,heap      ] GC(343) CMS: 528127K->528494K(600768K)
[668.968s][info ][gc,metaspace ] GC(343) Metaspace: 58279K->58279K(1101824K)
[668.968s][info ][gc           ] GC(343) Pause Young (Allocation Failure) 753M->518M(850M) 3.531ms
[668.968s][info ][gc,cpu       ] GC(343) User=0.01s Sys=0.00s Real=0.00s
[668.968s][info ][safepoint    ] Leaving safepoint region
[668.968s][info ][safepoint    ] Total time for which application threads were stopped: 0.0036935 seconds, Stopping threads took: 0.0000164 seconds
[669.968s][info ][safepoint    ] Application time: 1.0001275 seconds
[669.968s][info ][safepoint    ] Entering safepoint region: Cleanup
[669.968s][info ][safepoint    ] Leaving safepoint region
[669.968s][info ][safepoint    ] Total time for which application threads were stopped: 0.0000679 seconds, Stopping threads took: 0.0000152 seconds
[670.968s][info ][safepoint    ] Application time: 1.0001479 seconds
[670.968s][info ][safepoint    ] Entering safepoint region: Cleanup
[670.968s][info ][safepoint    ] Leaving safepoint region
[670.968s][info ][safepoint    ] Total time for which application threads were stopped: 0.0000702 seconds, Stopping threads took: 0.0000173 seconds
[671.969s][info ][safepoint    ] Application time: 1.0000813 seconds
[671.969s][info ][safepoint    ] Entering safepoint region: Cleanup
[671.969s][info ][safepoint    ] Leaving safepoint region
[671.969s][info ][safepoint    ] Total time for which application threads were stopped: 0.0000692 seconds, Stopping threads took: 0.0000164 seconds
[672.105s][info ][safepoint    ] Application time: 0.1366990 seconds
[672.105s][info ][safepoint    ] Entering safepoint region: GenCollectForAllocation
[672.106s][info ][gc,start     ] GC(344) Pause Young (Allocation Failure)
[672.106s][info ][gc,task      ] GC(344) Using 4 workers of 4 for evacuation
[672.108s][debug][gc,ref       ] GC(344) Skipped phase1 of Reference Processing due to unavailable references
[672.108s][debug][gc,ref       ] GC(344) Skipped phase2 of Reference Processing due to unavailable references
[672.108s][debug][gc,ref       ] GC(344) Skipped phase3 of Reference Processing due to unavailable references
[672.108s][debug][gc,ref       ] GC(344) Skipped phase4 of Reference Processing due to unavailable references
[672.108s][debug][gc,age       ] GC(344) Desired survivor size 15368192 bytes, new threshold 6 (max threshold 6)
[672.108s][info ][gc,heap      ] GC(344) ParNew: 242615K->2191K(270336K)
[672.108s][info ][gc,heap      ] GC(344) CMS: 528494K->528792K(600768K)
[672.108s][info ][gc,metaspace ] GC(344) Metaspace: 58287K->58287K(1101824K)
[672.108s][info ][gc           ] GC(344) Pause Young (Allocation Failure) 753M->518M(850M) 2.813ms
[672.108s][info ][gc,cpu       ] GC(344) User=0.01s Sys=0.00s Real=0.00s
[672.108s][info ][safepoint    ] Leaving safepoint region
[672.108s][info ][safepoint    ] Total time for which application threads were stopped: 0.0029750 seconds, Stopping threads took: 0.0000398 seconds
[673.109s][info ][safepoint    ] Application time: 1.0001050 seconds
[673.109s][info ][safepoint    ] Entering safepoint region: Cleanup
[673.109s][info ][safepoint    ] Leaving safepoint region
[673.109s][info ][safepoint    ] Total time for which application threads were stopped: 0.0001211 seconds, Stopping threads took: 0.0000514 seconds
[674.109s][info ][safepoint    ] Application time: 1.0000866 seconds
[674.109s][info ][safepoint    ] Entering safepoint region: Cleanup
[674.109s][info ][safepoint    ] Leaving safepoint region
[674.109s][info ][safepoint    ] Total time for which application threads were stopped: 0.0002284 seconds, Stopping threads took: 0.0001651 seconds
[675.109s][info ][safepoint    ] Application time: 1.0000940 seconds
[675.109s][info ][safepoint    ] Entering safepoint region: Cleanup
[675.109s][info ][safepoint    ] Leaving safepoint region
[675.109s][info ][safepoint    ] Total time for which application threads were stopped: 0.0000996 seconds, Stopping threads took: 0.0000413 seconds
[675.310s][info ][safepoint    ] Application time: 0.2008792 seconds
[675.310s][info ][safepoint    ] Entering safepoint region: GenCollectForAllocation
[675.310s][info ][gc,start     ] GC(345) Pause Young (Allocation Failure)
[675.310s][info ][gc,task      ] GC(345) Using 4 workers of 4 for evacuation
[675.313s][debug][gc,ref       ] GC(345) Skipped phase1 of Reference Processing due to unavailable references
[675.313s][debug][gc,ref       ] GC(345) Skipped phase2 of Reference Processing due to unavailable references
[675.313s][debug][gc,ref       ] GC(345) Skipped phase3 of Reference Processing due to unavailable references
[675.313s][debug][gc,ref       ] GC(345) Skipped phase4 of Reference Processing due to unavailable references
[675.313s][debug][gc,age       ] GC(345) Desired survivor size 15368192 bytes, new threshold 6 (max threshold 6)
[675.313s][info ][gc,heap      ] GC(345) ParNew: 242511K->1828K(270336K)
[675.313s][info ][gc,heap      ] GC(345) CMS: 528792K->529410K(600768K)
[675.313s][info ][gc,metaspace ] GC(345) Metaspace: 58287K->58287K(1101824K)
[675.313s][info ][gc           ] GC(345) Pause Young (Allocation Failure) 753M->518M(850M) 2.543ms
[675.313s][info ][gc,cpu       ] GC(345) User=0.01s Sys=0.00s Real=0.00s
[675.313s][info ][safepoint    ] Leaving safepoint region
[675.313s][info ][safepoint    ] Total time for which application threads were stopped: 0.0026966 seconds, Stopping threads took: 0.0000159 seconds
[676.313s][info ][safepoint    ] Application time: 1.0000958 seconds
[676.313s][info ][safepoint    ] Entering safepoint region: Cleanup
[676.313s][info ][safepoint    ] Leaving safepoint region
[676.313s][info ][safepoint    ] Total time for which application threads were stopped: 0.0001040 seconds, Stopping threads took: 0.0000392 seconds
[677.313s][info ][safepoint    ] Application time: 1.0001113 seconds
[677.313s][info ][safepoint    ] Entering safepoint region: Cleanup
[677.313s][info ][safepoint    ] Leaving safepoint region
[677.313s][info ][safepoint    ] Total time for which application threads were stopped: 0.0001132 seconds, Stopping threads took: 0.0000485 seconds
[678.313s][info ][safepoint    ] Application time: 1.0000941 seconds
[678.314s][info ][safepoint    ] Entering safepoint region: Cleanup
[678.314s][info ][safepoint    ] Leaving safepoint region
[678.314s][info ][safepoint    ] Total time for which application threads were stopped: 0.0001394 seconds, Stopping threads took: 0.0000737 seconds
[678.662s][info ][safepoint    ] Application time: 0.3482682 seconds
[678.662s][info ][safepoint    ] Entering safepoint region: GenCollectForAllocation
[678.662s][info ][gc,start     ] GC(346) Pause Young (Allocation Failure)
[678.662s][info ][gc,task      ] GC(346) Using 4 workers of 4 for evacuation
[678.664s][debug][gc,ref       ] GC(346) Skipped phase1 of Reference Processing due to unavailable references
[678.664s][debug][gc,ref       ] GC(346) Skipped phase2 of Reference Processing due to unavailable references
[678.664s][debug][gc,ref       ] GC(346) Skipped phase3 of Reference Processing due to unavailable references
[678.664s][debug][gc,ref       ] GC(346) Skipped phase4 of Reference Processing due to unavailable references
[678.664s][debug][gc,age       ] GC(346) Desired survivor size 15368192 bytes, new threshold 6 (max threshold 6)
[678.664s][info ][gc,heap      ] GC(346) ParNew: 242148K->1422K(270336K)
[678.664s][info ][gc,heap      ] GC(346) CMS: 529410K->529423K(600768K)
[678.664s][info ][gc,metaspace ] GC(346) Metaspace: 58287K->58287K(1101824K)
[678.664s][info ][gc           ] GC(346) Pause Young (Allocation Failure) 753M->518M(850M) 2.405ms
[678.664s][info ][gc,cpu       ] GC(346) User=0.01s Sys=0.00s Real=0.00s
[678.664s][info ][safepoint    ] Leaving safepoint region
[678.664s][info ][safepoint    ] Total time for which application threads were stopped: 0.0025557 seconds, Stopping threads took: 0.0000171 seconds
[679.665s][info ][safepoint    ] Application time: 1.0001048 seconds
[679.665s][info ][safepoint    ] Entering safepoint region: Cleanup
[679.665s][info ][safepoint    ] Leaving safepoint region
[679.665s][info ][safepoint    ] Total time for which application threads were stopped: 0.0001229 seconds, Stopping threads took: 0.0000454 seconds
[680.665s][info ][safepoint    ] Application time: 1.0000897 seconds
[680.665s][info ][safepoint    ] Entering safepoint region: Cleanup
[680.665s][info ][safepoint    ] Leaving safepoint region
[680.665s][info ][safepoint    ] Total time for which application threads were stopped: 0.0001495 seconds, Stopping threads took: 0.0000785 seconds
[681.665s][info ][safepoint    ] Application time: 1.0000960 seconds
[681.665s][info ][safepoint    ] Entering safepoint region: Cleanup
[681.665s][info ][safepoint    ] Leaving safepoint region
[681.665s][info ][safepoint    ] Total time for which application threads were stopped: 0.0001205 seconds, Stopping threads took: 0.0000510 seconds
[681.715s][info ][safepoint    ] Application time: 0.0500432 seconds
[681.715s][info ][safepoint    ] Entering safepoint region: GenCollectForAllocation
[681.716s][info ][gc,start     ] GC(347) Pause Young (Allocation Failure)
[681.716s][info ][gc,task      ] GC(347) Using 4 workers of 4 for evacuation
[681.718s][debug][gc,ref       ] GC(347) Skipped phase1 of Reference Processing due to unavailable references
[681.718s][debug][gc,ref       ] GC(347) Skipped phase2 of Reference Processing due to unavailable references
[681.718s][debug][gc,ref       ] GC(347) Skipped phase3 of Reference Processing due to unavailable references
[681.718s][debug][gc,ref       ] GC(347) Skipped phase4 of Reference Processing due to unavailable references
[681.718s][debug][gc,age       ] GC(347) Desired survivor size 15368192 bytes, new threshold 6 (max threshold 6)
[681.718s][info ][gc,heap      ] GC(347) ParNew: 241742K->1596K(270336K)
[681.718s][info ][gc,heap      ] GC(347) CMS: 529423K->529466K(600768K)
[681.718s][info ][gc,metaspace ] GC(347) Metaspace: 58295K->58295K(1101824K)
[681.718s][info ][gc           ] GC(347) Pause Young (Allocation Failure) 753M->518M(850M) 2.745ms
[681.718s][info ][gc,cpu       ] GC(347) User=0.01s Sys=0.00s Real=0.00s
[681.718s][info ][safepoint    ] Leaving safepoint region
[681.718s][info ][safepoint    ] Total time for which application threads were stopped: 0.0028819 seconds, Stopping threads took: 0.0000152 seconds
[682.718s][info ][safepoint    ] Application time: 1.0001061 seconds
[682.718s][info ][safepoint    ] Entering safepoint region: Cleanup
[682.718s][info ][safepoint    ] Leaving safepoint region
[682.719s][info ][safepoint    ] Total time for which application threads were stopped: 0.0000912 seconds, Stopping threads took: 0.0000169 seconds
[683.719s][info ][safepoint    ] Application time: 1.0000849 seconds
[683.719s][info ][safepoint    ] Entering safepoint region: Cleanup
[683.719s][info ][safepoint    ] Leaving safepoint region
[683.719s][info ][safepoint    ] Total time for which application threads were stopped: 0.0000877 seconds, Stopping threads took: 0.0000150 seconds
[684.654s][info ][safepoint    ] Application time: 0.9350096 seconds
[684.654s][info ][safepoint    ] Entering safepoint region: GenCollectForAllocation
[684.654s][info ][gc,start     ] GC(348) Pause Young (Allocation Failure)
[684.654s][info ][gc,task      ] GC(348) Using 4 workers of 4 for evacuation
[684.656s][debug][gc,ref       ] GC(348) Skipped phase1 of Reference Processing due to unavailable references
[684.656s][debug][gc,ref       ] GC(348) Skipped phase2 of Reference Processing due to unavailable references
[684.656s][debug][gc,ref       ] GC(348) Skipped phase3 of Reference Processing due to unavailable references
[684.656s][debug][gc,ref       ] GC(348) Skipped phase4 of Reference Processing due to unavailable references
[684.657s][debug][gc,age       ] GC(348) Desired survivor size 15368192 bytes, new threshold 6 (max threshold 6)
[684.657s][info ][gc,heap      ] GC(348) ParNew: 241916K->1567K(270336K)
[684.657s][info ][gc,heap      ] GC(348) CMS: 529466K->529504K(600768K)
[684.657s][info ][gc,metaspace ] GC(348) Metaspace: 58304K->58304K(1101824K)
[684.657s][info ][gc           ] GC(348) Pause Young (Allocation Failure) 753M->518M(850M) 2.749ms
[684.657s][info ][gc,cpu       ] GC(348) User=0.00s Sys=0.00s Real=0.00s
[684.657s][info ][safepoint    ] Leaving safepoint region
[684.657s][info ][safepoint    ] Total time for which application threads were stopped: 0.0029310 seconds, Stopping threads took: 0.0000551 seconds
[685.657s][info ][safepoint    ] Application time: 1.0000954 seconds
[685.657s][info ][safepoint    ] Entering safepoint region: Cleanup
[685.657s][info ][safepoint    ] Leaving safepoint region
[685.657s][info ][safepoint    ] Total time for which application threads were stopped: 0.0001099 seconds, Stopping threads took: 0.0000401 seconds
[686.657s][info ][safepoint    ] Application time: 1.0001108 seconds
[686.657s][info ][safepoint    ] Entering safepoint region: Cleanup
[686.657s][info ][safepoint    ] Leaving safepoint region
[686.657s][info ][safepoint    ] Total time for which application threads were stopped: 0.0001211 seconds, Stopping threads took: 0.0000585 seconds
[687.657s][info ][safepoint    ] Application time: 1.0000840 seconds
[687.657s][info ][safepoint    ] Entering safepoint region: Cleanup
[687.657s][info ][safepoint    ] Leaving safepoint region
[687.657s][info ][safepoint    ] Total time for which application threads were stopped: 0.0000967 seconds, Stopping threads took: 0.0000390 seconds
[687.959s][info ][safepoint    ] Application time: 0.3018249 seconds
[687.959s][info ][safepoint    ] Entering safepoint region: GenCollectForAllocation
[687.959s][info ][gc,start     ] GC(349) Pause Young (Allocation Failure)
[687.959s][info ][gc,task      ] GC(349) Using 4 workers of 4 for evacuation
[687.962s][debug][gc,ref       ] GC(349) Skipped phase1 of Reference Processing due to unavailable references
[687.962s][debug][gc,ref       ] GC(349) Skipped phase2 of Reference Processing due to unavailable references
[687.962s][debug][gc,ref       ] GC(349) Skipped phase3 of Reference Processing due to unavailable references
[687.962s][debug][gc,ref       ] GC(349) Skipped phase4 of Reference Processing due to unavailable references
[687.962s][debug][gc,age       ] GC(349) Desired survivor size 15368192 bytes, new threshold 6 (max threshold 6)
[687.962s][info ][gc,heap      ] GC(349) ParNew: 241887K->1718K(270336K)
[687.962s][info ][gc,heap      ] GC(349) CMS: 529504K->529598K(600768K)
[687.963s][info ][gc,metaspace ] GC(349) Metaspace: 58307K->58307K(1101824K)
[687.963s][info ][gc           ] GC(349) Pause Young (Allocation Failure) 753M->518M(850M) 3.116ms
[687.963s][info ][gc,cpu       ] GC(349) User=0.01s Sys=0.00s Real=0.01s
[687.963s][info ][safepoint    ] Leaving safepoint region
[687.963s][info ][safepoint    ] Total time for which application threads were stopped: 0.0032597 seconds, Stopping threads took: 0.0000151 seconds
[688.963s][info ][safepoint    ] Application time: 1.0001537 seconds
[688.963s][info ][safepoint    ] Entering safepoint region: Cleanup
[688.963s][info ][safepoint    ] Leaving safepoint region
[688.963s][info ][safepoint    ] Total time for which application threads were stopped: 0.0001613 seconds, Stopping threads took: 0.0000699 seconds
[689.963s][info ][safepoint    ] Application time: 1.0001039 seconds
[689.963s][info ][safepoint    ] Entering safepoint region: Cleanup
[689.963s][info ][safepoint    ] Leaving safepoint region
[689.963s][info ][safepoint    ] Total time for which application threads were stopped: 0.0001066 seconds, Stopping threads took: 0.0000419 seconds
[690.963s][info ][safepoint    ] Application time: 1.0001038 seconds
[690.963s][info ][safepoint    ] Entering safepoint region: Cleanup
[690.963s][info ][safepoint    ] Leaving safepoint region
[690.963s][info ][safepoint    ] Total time for which application threads were stopped: 0.0001252 seconds, Stopping threads took: 0.0000433 seconds
[691.257s][info ][safepoint    ] Application time: 0.2935321 seconds
[691.257s][info ][safepoint    ] Entering safepoint region: GenCollectForAllocation
[691.257s][info ][gc,start     ] GC(350) Pause Young (Allocation Failure)
[691.257s][info ][gc,task      ] GC(350) Using 4 workers of 4 for evacuation
[691.261s][debug][gc,ref       ] GC(350) Skipped phase1 of Reference Processing due to unavailable references
[691.261s][debug][gc,ref       ] GC(350) Skipped phase2 of Reference Processing due to unavailable references
[691.261s][debug][gc,ref       ] GC(350) Skipped phase3 of Reference Processing due to unavailable references
[691.261s][debug][gc,ref       ] GC(350) Skipped phase4 of Reference Processing due to unavailable references
[691.261s][debug][gc,age       ] GC(350) Desired survivor size 15368192 bytes, new threshold 6 (max threshold 6)
[691.261s][info ][gc,heap      ] GC(350) ParNew: 242038K->1768K(270336K)
[691.261s][info ][gc,heap      ] GC(350) CMS: 529598K->529797K(600768K)
[691.261s][info ][gc,metaspace ] GC(350) Metaspace: 58307K->58307K(1101824K)
[691.261s][info ][gc           ] GC(350) Pause Young (Allocation Failure) 753M->519M(850M) 3.856ms
[691.261s][info ][gc,cpu       ] GC(350) User=0.01s Sys=0.00s Real=0.00s
[691.261s][info ][safepoint    ] Leaving safepoint region
[691.261s][info ][safepoint    ] Total time for which application threads were stopped: 0.0040540 seconds, Stopping threads took: 0.0000266 seconds
[692.262s][info ][safepoint    ] Application time: 1.0005859 seconds
[692.267s][info ][safepoint    ] Entering safepoint region: Cleanup
[692.267s][info ][safepoint    ] Leaving safepoint region
[692.267s][info ][safepoint    ] Total time for which application threads were stopped: 0.0054925 seconds, Stopping threads took: 0.0053905 seconds
[693.267s][info ][safepoint    ] Application time: 1.0001269 seconds
[693.267s][info ][safepoint    ] Entering safepoint region: Cleanup
[693.268s][info ][safepoint    ] Leaving safepoint region
[693.268s][info ][safepoint    ] Total time for which application threads were stopped: 0.0001151 seconds, Stopping threads took: 0.0000242 seconds
[694.268s][info ][safepoint    ] Application time: 1.0000618 seconds
[694.268s][info ][safepoint    ] Entering safepoint region: Cleanup
[694.268s][info ][safepoint    ] Leaving safepoint region
[694.268s][info ][safepoint    ] Total time for which application threads were stopped: 0.0005868 seconds, Stopping threads took: 0.0005154 seconds
[694.514s][info ][safepoint    ] Application time: 0.2461328 seconds
[694.514s][info ][safepoint    ] Entering safepoint region: GenCollectForAllocation
[694.515s][info ][gc,start     ] GC(351) Pause Young (Allocation Failure)
[694.515s][info ][gc,task      ] GC(351) Using 4 workers of 4 for evacuation
[694.518s][debug][gc,ref       ] GC(351) Skipped phase1 of Reference Processing due to unavailable references
[694.518s][debug][gc,ref       ] GC(351) Skipped phase2 of Reference Processing due to unavailable references
[694.518s][debug][gc,ref       ] GC(351) Skipped phase3 of Reference Processing due to unavailable references
[694.518s][debug][gc,ref       ] GC(351) Skipped phase4 of Reference Processing due to unavailable references
[694.518s][debug][gc,age       ] GC(351) Desired survivor size 15368192 bytes, new threshold 6 (max threshold 6)
[694.518s][info ][gc,heap      ] GC(351) ParNew: 242088K->1840K(270336K)
[694.518s][info ][gc,heap      ] GC(351) CMS: 529797K->529834K(600768K)
[694.518s][info ][gc,metaspace ] GC(351) Metaspace: 58307K->58307K(1101824K)
[694.518s][info ][gc           ] GC(351) Pause Young (Allocation Failure) 753M->519M(850M) 3.478ms
[694.518s][info ][gc,cpu       ] GC(351) User=0.01s Sys=0.00s Real=0.00s
[694.518s][info ][safepoint    ] Leaving safepoint region
[694.518s][info ][safepoint    ] Total time for which application threads were stopped: 0.0036755 seconds, Stopping threads took: 0.0000180 seconds
[695.518s][info ][safepoint    ] Application time: 1.0000786 seconds
[695.518s][info ][safepoint    ] Entering safepoint region: Cleanup
[695.518s][info ][safepoint    ] Leaving safepoint region
[695.518s][info ][safepoint    ] Total time for which application threads were stopped: 0.0000815 seconds, Stopping threads took: 0.0000169 seconds
[696.518s][info ][safepoint    ] Application time: 1.0000808 seconds
[696.518s][info ][safepoint    ] Entering safepoint region: Cleanup
[696.518s][info ][safepoint    ] Leaving safepoint region
[696.518s][info ][safepoint    ] Total time for which application threads were stopped: 0.0000748 seconds, Stopping threads took: 0.0000167 seconds
[697.519s][info ][safepoint    ] Application time: 1.0000371 seconds
[697.519s][info ][safepoint    ] Entering safepoint region: Cleanup
[697.519s][info ][safepoint    ] Leaving safepoint region
[697.519s][info ][safepoint    ] Total time for which application threads were stopped: 0.0000705 seconds, Stopping threads took: 0.0000166 seconds
[697.659s][info ][safepoint    ] Application time: 0.1401311 seconds
[697.659s][info ][safepoint    ] Entering safepoint region: GenCollectForAllocation
[697.659s][info ][gc,start     ] GC(352) Pause Young (Allocation Failure)
[697.659s][info ][gc,task      ] GC(352) Using 4 workers of 4 for evacuation
[697.661s][debug][gc,ref       ] GC(352) Skipped phase1 of Reference Processing due to unavailable references
[697.661s][debug][gc,ref       ] GC(352) Skipped phase2 of Reference Processing due to unavailable references
[697.661s][debug][gc,ref       ] GC(352) Skipped phase3 of Reference Processing due to unavailable references
[697.661s][debug][gc,ref       ] GC(352) Skipped phase4 of Reference Processing due to unavailable references
[697.662s][debug][gc,age       ] GC(352) Desired survivor size 15368192 bytes, new threshold 6 (max threshold 6)
[697.662s][info ][gc,heap      ] GC(352) ParNew: 242160K->2132K(270336K)
[697.662s][info ][gc,heap      ] GC(352) CMS: 529834K->529913K(600768K)
[697.662s][info ][gc,metaspace ] GC(352) Metaspace: 58307K->58307K(1101824K)
[697.662s][info ][gc           ] GC(352) Pause Young (Allocation Failure) 753M->519M(850M) 2.705ms
[697.662s][info ][gc,cpu       ] GC(352) User=0.01s Sys=0.00s Real=0.00s
[697.662s][info ][safepoint    ] Leaving safepoint region
[697.662s][info ][safepoint    ] Total time for which application threads were stopped: 0.0028506 seconds, Stopping threads took: 0.0000157 seconds
[698.662s][info ][safepoint    ] Application time: 1.0000641 seconds
[698.662s][info ][safepoint    ] Entering safepoint region: Cleanup
[698.662s][info ][safepoint    ] Leaving safepoint region
[698.662s][info ][safepoint    ] Total time for which application threads were stopped: 0.0001186 seconds, Stopping threads took: 0.0000384 seconds
[699.662s][info ][safepoint    ] Application time: 1.0000952 seconds
[699.662s][info ][safepoint    ] Entering safepoint region: Cleanup
[699.662s][info ][safepoint    ] Leaving safepoint region
[699.662s][info ][safepoint    ] Total time for which application threads were stopped: 0.0001210 seconds, Stopping threads took: 0.0000464 seconds
[700.662s][info ][safepoint    ] Application time: 1.0001065 seconds
[700.662s][info ][safepoint    ] Entering safepoint region: Cleanup
[700.662s][info ][safepoint    ] Leaving safepoint region
[700.662s][info ][safepoint    ] Total time for which application threads were stopped: 0.0001217 seconds, Stopping threads took: 0.0000601 seconds
[700.856s][info ][safepoint    ] Application time: 0.1935076 seconds
[700.856s][info ][safepoint    ] Entering safepoint region: GenCollectForAllocation
[700.856s][info ][gc,start     ] GC(353) Pause Young (Allocation Failure)
[700.856s][info ][gc,task      ] GC(353) Using 4 workers of 4 for evacuation
[700.859s][debug][gc,ref       ] GC(353) Skipped phase1 of Reference Processing due to unavailable references
[700.859s][debug][gc,ref       ] GC(353) Skipped phase2 of Reference Processing due to unavailable references
[700.859s][debug][gc,ref       ] GC(353) Skipped phase3 of Reference Processing due to unavailable references
[700.859s][debug][gc,ref       ] GC(353) Skipped phase4 of Reference Processing due to unavailable references
[700.859s][debug][gc,age       ] GC(353) Desired survivor size 15368192 bytes, new threshold 6 (max threshold 6)
[700.859s][info ][gc,heap      ] GC(353) ParNew: 242452K->1982K(270336K)
[700.859s][info ][gc,heap      ] GC(353) CMS: 529913K->530055K(600768K)
[700.859s][info ][gc,metaspace ] GC(353) Metaspace: 58308K->58308K(1101824K)
[700.859s][info ][gc           ] GC(353) Pause Young (Allocation Failure) 754M->519M(850M) 2.701ms
[700.859s][info ][gc,cpu       ] GC(353) User=0.01s Sys=0.00s Real=0.00s
[700.859s][info ][safepoint    ] Leaving safepoint region
[700.859s][info ][safepoint    ] Total time for which application threads were stopped: 0.0028822 seconds, Stopping threads took: 0.0000401 seconds
[701.859s][info ][safepoint    ] Application time: 1.0001131 seconds
[701.859s][info ][safepoint    ] Entering safepoint region: Cleanup
[701.859s][info ][safepoint    ] Leaving safepoint region
[701.859s][info ][safepoint    ] Total time for which application threads were stopped: 0.0001611 seconds, Stopping threads took: 0.0000973 seconds
[702.859s][info ][safepoint    ] Application time: 1.0000987 seconds
[702.859s][info ][safepoint    ] Entering safepoint region: Cleanup
[702.859s][info ][safepoint    ] Leaving safepoint region
[702.859s][info ][safepoint    ] Total time for which application threads were stopped: 0.0001003 seconds, Stopping threads took: 0.0000381 seconds
[703.859s][info ][safepoint    ] Application time: 1.0000966 seconds
[703.860s][info ][safepoint    ] Entering safepoint region: Cleanup
[703.860s][info ][safepoint    ] Leaving safepoint region
[703.860s][info ][safepoint    ] Total time for which application threads were stopped: 0.0001004 seconds, Stopping threads took: 0.0000388 seconds
[704.005s][info ][safepoint    ] Application time: 0.1452877 seconds
[704.005s][info ][safepoint    ] Entering safepoint region: GenCollectForAllocation
[704.005s][info ][gc,start     ] GC(354) Pause Young (Allocation Failure)
[704.005s][info ][gc,task      ] GC(354) Using 4 workers of 4 for evacuation
[704.008s][debug][gc,ref       ] GC(354) Skipped phase1 of Reference Processing due to unavailable references
[704.008s][debug][gc,ref       ] GC(354) Skipped phase2 of Reference Processing due to unavailable references
[704.008s][debug][gc,ref       ] GC(354) Skipped phase3 of Reference Processing due to unavailable references
[704.008s][debug][gc,ref       ] GC(354) Skipped phase4 of Reference Processing due to unavailable references
[704.008s][debug][gc,age       ] GC(354) Desired survivor size 15368192 bytes, new threshold 6 (max threshold 6)
[704.008s][info ][gc,heap      ] GC(354) ParNew: 242302K->1900K(270336K)
[704.008s][info ][gc,heap      ] GC(354) CMS: 530055K->530135K(600768K)
[704.008s][info ][gc,metaspace ] GC(354) Metaspace: 58308K->58308K(1101824K)
[704.008s][info ][gc           ] GC(354) Pause Young (Allocation Failure) 754M->519M(850M) 2.896ms
[704.008s][info ][gc,cpu       ] GC(354) User=0.02s Sys=0.00s Real=0.00s
[704.008s][info ][safepoint    ] Leaving safepoint region
[704.008s][info ][safepoint    ] Total time for which application threads were stopped: 0.0030920 seconds, Stopping threads took: 0.0000655 seconds
[705.008s][info ][safepoint    ] Application time: 1.0000855 seconds
[705.008s][info ][safepoint    ] Entering safepoint region: Cleanup
[705.008s][info ][safepoint    ] Leaving safepoint region
[705.008s][info ][safepoint    ] Total time for which application threads were stopped: 0.0000992 seconds, Stopping threads took: 0.0000382 seconds
[706.008s][info ][safepoint    ] Application time: 1.0000934 seconds
[706.008s][info ][safepoint    ] Entering safepoint region: Cleanup
[706.009s][info ][safepoint    ] Leaving safepoint region
[706.009s][info ][safepoint    ] Total time for which application threads were stopped: 0.0001626 seconds, Stopping threads took: 0.0000734 seconds
[707.009s][info ][safepoint    ] Application time: 1.0001069 seconds
[707.009s][info ][safepoint    ] Entering safepoint region: Cleanup
[707.009s][info ][safepoint    ] Leaving safepoint region
[707.009s][info ][safepoint    ] Total time for which application threads were stopped: 0.0001214 seconds, Stopping threads took: 0.0000583 seconds
[707.209s][info ][safepoint    ] Application time: 0.2003198 seconds
[707.209s][info ][safepoint    ] Entering safepoint region: GenCollectForAllocation
[707.209s][info ][gc,start     ] GC(355) Pause Young (Allocation Failure)
[707.209s][info ][gc,task      ] GC(355) Using 4 workers of 4 for evacuation
[707.212s][debug][gc,ref       ] GC(355) Skipped phase1 of Reference Processing due to unavailable references
[707.213s][debug][gc,ref       ] GC(355) Skipped phase2 of Reference Processing due to unavailable references
[707.213s][debug][gc,ref       ] GC(355) Skipped phase3 of Reference Processing due to unavailable references
[707.213s][debug][gc,ref       ] GC(355) Skipped phase4 of Reference Processing due to unavailable references
[707.213s][debug][gc,age       ] GC(355) Desired survivor size 15368192 bytes, new threshold 6 (max threshold 6)
[707.213s][info ][gc,heap      ] GC(355) ParNew: 242220K->2018K(270336K)
[707.213s][info ][gc,heap      ] GC(355) CMS: 530135K->530211K(600768K)
[707.213s][info ][gc,metaspace ] GC(355) Metaspace: 58311K->58311K(1101824K)
[707.213s][info ][gc           ] GC(355) Pause Young (Allocation Failure) 754M->519M(850M) 3.409ms
[707.213s][info ][gc,cpu       ] GC(355) User=0.01s Sys=0.00s Real=0.01s
[707.213s][info ][safepoint    ] Leaving safepoint region
[707.213s][info ][safepoint    ] Total time for which application threads were stopped: 0.0035670 seconds, Stopping threads took: 0.0000169 seconds
[708.213s][info ][safepoint    ] Application time: 1.0001189 seconds
[708.213s][info ][safepoint    ] Entering safepoint region: Cleanup
[708.213s][info ][safepoint    ] Leaving safepoint region
[708.213s][info ][safepoint    ] Total time for which application threads were stopped: 0.0001021 seconds, Stopping threads took: 0.0000377 seconds
[709.213s][info ][safepoint    ] Application time: 1.0001033 seconds
[709.213s][info ][safepoint    ] Entering safepoint region: Cleanup
[709.213s][info ][safepoint    ] Leaving safepoint region
[709.213s][info ][safepoint    ] Total time for which application threads were stopped: 0.0001019 seconds, Stopping threads took: 0.0000412 seconds
[710.213s][info ][safepoint    ] Application time: 1.0000832 seconds
[710.213s][info ][safepoint    ] Entering safepoint region: Cleanup
[710.213s][info ][safepoint    ] Leaving safepoint region
[710.213s][info ][safepoint    ] Total time for which application threads were stopped: 0.0001097 seconds, Stopping threads took: 0.0000387 seconds
[710.514s][info ][safepoint    ] Application time: 0.3002265 seconds
[710.514s][info ][safepoint    ] Entering safepoint region: GenCollectForAllocation
[710.514s][info ][gc,start     ] GC(356) Pause Young (Allocation Failure)
[710.514s][info ][gc,task      ] GC(356) Using 4 workers of 4 for evacuation
[710.517s][debug][gc,ref       ] GC(356) Skipped phase1 of Reference Processing due to unavailable references
[710.517s][debug][gc,ref       ] GC(356) Skipped phase2 of Reference Processing due to unavailable references
[710.517s][debug][gc,ref       ] GC(356) Skipped phase3 of Reference Processing due to unavailable references
[710.517s][debug][gc,ref       ] GC(356) Skipped phase4 of Reference Processing due to unavailable references
[710.517s][debug][gc,age       ] GC(356) Desired survivor size 15368192 bytes, new threshold 6 (max threshold 6)
[710.517s][info ][gc,heap      ] GC(356) ParNew: 242338K->1721K(270336K)
[710.517s][info ][gc,heap      ] GC(356) CMS: 530211K->530471K(600768K)
[710.517s][info ][gc,metaspace ] GC(356) Metaspace: 58313K->58313K(1101824K)
[710.517s][info ][gc           ] GC(356) Pause Young (Allocation Failure) 754M->519M(850M) 2.851ms
[710.517s][info ][gc,cpu       ] GC(356) User=0.01s Sys=0.00s Real=0.00s
[710.517s][info ][safepoint    ] Leaving safepoint region
[710.517s][info ][safepoint    ] Total time for which application threads were stopped: 0.0029912 seconds, Stopping threads took: 0.0000177 seconds
[711.517s][info ][safepoint    ] Application time: 1.0000960 seconds
[711.517s][info ][safepoint    ] Entering safepoint region: Cleanup
[711.517s][info ][safepoint    ] Leaving safepoint region
[711.517s][info ][safepoint    ] Total time for which application threads were stopped: 0.0000843 seconds, Stopping threads took: 0.0000169 seconds
[712.517s][info ][safepoint    ] Application time: 1.0001039 seconds
[712.517s][info ][safepoint    ] Entering safepoint region: Cleanup
[712.517s][info ][safepoint    ] Leaving safepoint region
[712.517s][info ][safepoint    ] Total time for which application threads were stopped: 0.0000954 seconds, Stopping threads took: 0.0000330 seconds
[713.517s][info ][safepoint    ] Application time: 1.0001245 seconds
[713.517s][info ][safepoint    ] Entering safepoint region: Cleanup
[713.517s][info ][safepoint    ] Leaving safepoint region
[713.517s][info ][safepoint    ] Total time for which application threads were stopped: 0.0001017 seconds, Stopping threads took: 0.0000351 seconds
[713.555s][info ][safepoint    ] Application time: 0.0374721 seconds
[713.555s][info ][safepoint    ] Entering safepoint region: GenCollectForAllocation
[713.555s][info ][gc,start     ] GC(357) Pause Young (Allocation Failure)
[713.555s][info ][gc,task      ] GC(357) Using 4 workers of 4 for evacuation
[713.557s][debug][gc,ref       ] GC(357) Skipped phase1 of Reference Processing due to unavailable references
[713.557s][debug][gc,ref       ] GC(357) Skipped phase2 of Reference Processing due to unavailable references
[713.557s][debug][gc,ref       ] GC(357) Skipped phase3 of Reference Processing due to unavailable references
[713.557s][debug][gc,ref       ] GC(357) Skipped phase4 of Reference Processing due to unavailable references
[713.558s][debug][gc,age       ] GC(357) Desired survivor size 15368192 bytes, new threshold 6 (max threshold 6)
[713.558s][info ][gc,heap      ] GC(357) ParNew: 242041K->1731K(270336K)
[713.558s][info ][gc,heap      ] GC(357) CMS: 530471K->530529K(600768K)
[713.558s][info ][gc,metaspace ] GC(357) Metaspace: 58318K->58318K(1101824K)
[713.558s][info ][gc           ] GC(357) Pause Young (Allocation Failure) 754M->519M(850M) 2.481ms
[713.558s][info ][gc,cpu       ] GC(357) User=0.01s Sys=0.00s Real=0.00s
[713.558s][info ][safepoint    ] Leaving safepoint region
[713.558s][info ][safepoint    ] Total time for which application threads were stopped: 0.0026530 seconds, Stopping threads took: 0.0000386 seconds
[714.558s][info ][safepoint    ] Application time: 1.0001678 seconds
[714.558s][info ][safepoint    ] Entering safepoint region: Cleanup
[714.558s][info ][safepoint    ] Leaving safepoint region
[714.558s][info ][safepoint    ] Total time for which application threads were stopped: 0.0001309 seconds, Stopping threads took: 0.0000692 seconds
[715.558s][info ][safepoint    ] Application time: 1.0001018 seconds
[715.558s][info ][safepoint    ] Entering safepoint region: Cleanup
[715.558s][info ][safepoint    ] Leaving safepoint region
[715.558s][info ][safepoint    ] Total time for which application threads were stopped: 0.0001861 seconds, Stopping threads took: 0.0001146 seconds
[716.372s][info ][safepoint    ] Application time: 0.8137837 seconds
[716.372s][info ][safepoint    ] Entering safepoint region: GenCollectForAllocation
[716.372s][info ][gc,start     ] GC(358) Pause Young (Allocation Failure)
[716.372s][info ][gc,task      ] GC(358) Using 4 workers of 4 for evacuation
[716.375s][debug][gc,ref       ] GC(358) Skipped phase1 of Reference Processing due to unavailable references
[716.375s][debug][gc,ref       ] GC(358) Skipped phase2 of Reference Processing due to unavailable references
[716.375s][debug][gc,ref       ] GC(358) Skipped phase3 of Reference Processing due to unavailable references
[716.375s][debug][gc,ref       ] GC(358) Skipped phase4 of Reference Processing due to unavailable references
[716.375s][debug][gc,age       ] GC(358) Desired survivor size 15368192 bytes, new threshold 6 (max threshold 6)
[716.375s][info ][gc,heap      ] GC(358) ParNew: 242051K->1312K(270336K)
[716.375s][info ][gc,heap      ] GC(358) CMS: 530529K->531105K(600768K)
[716.375s][info ][gc,metaspace ] GC(358) Metaspace: 58324K->58324K(1101824K)
[716.375s][info ][gc           ] GC(358) Pause Young (Allocation Failure) 754M->519M(850M) 2.953ms
[716.375s][info ][gc,cpu       ] GC(358) User=0.01s Sys=0.00s Real=0.00s
[716.375s][info ][safepoint    ] Leaving safepoint region
[716.375s][info ][safepoint    ] Total time for which application threads were stopped: 0.0030822 seconds, Stopping threads took: 0.0000163 seconds
[717.375s][info ][safepoint    ] Application time: 1.0000965 seconds
[717.375s][info ][safepoint    ] Entering safepoint region: Cleanup
[717.375s][info ][safepoint    ] Leaving safepoint region
[717.375s][info ][safepoint    ] Total time for which application threads were stopped: 0.0000736 seconds, Stopping threads took: 0.0000157 seconds
[718.376s][info ][safepoint    ] Application time: 1.0000917 seconds
[718.376s][info ][safepoint    ] Entering safepoint region: Cleanup
[718.376s][info ][safepoint    ] Leaving safepoint region
[718.376s][info ][safepoint    ] Total time for which application threads were stopped: 0.0000691 seconds, Stopping threads took: 0.0000173 seconds
[719.376s][info ][safepoint    ] Application time: 1.0000729 seconds
[719.376s][info ][safepoint    ] Entering safepoint region: Cleanup
[719.376s][info ][safepoint    ] Leaving safepoint region
[719.376s][info ][safepoint    ] Total time for which application threads were stopped: 0.0000779 seconds, Stopping threads took: 0.0000219 seconds
[719.558s][info ][safepoint    ] Application time: 0.1816683 seconds
[719.558s][info ][safepoint    ] Entering safepoint region: GenCollectForAllocation
[719.558s][info ][gc,start     ] GC(359) Pause Young (Allocation Failure)
[719.558s][info ][gc,task      ] GC(359) Using 4 workers of 4 for evacuation
[719.560s][debug][gc,ref       ] GC(359) Skipped phase1 of Reference Processing due to unavailable references
[719.560s][debug][gc,ref       ] GC(359) Skipped phase2 of Reference Processing due to unavailable references
[719.560s][debug][gc,ref       ] GC(359) Skipped phase3 of Reference Processing due to unavailable references
[719.560s][debug][gc,ref       ] GC(359) Skipped phase4 of Reference Processing due to unavailable references
[719.561s][debug][gc,age       ] GC(359) Desired survivor size 15368192 bytes, new threshold 6 (max threshold 6)
[719.561s][info ][gc,heap      ] GC(359) ParNew: 241632K->1291K(270336K)
[719.561s][info ][gc,heap      ] GC(359) CMS: 531105K->531157K(600768K)
[719.561s][info ][gc,metaspace ] GC(359) Metaspace: 58327K->58327K(1101824K)
[719.561s][info ][gc           ] GC(359) Pause Young (Allocation Failure) 754M->519M(850M) 2.816ms
[719.561s][info ][gc,cpu       ] GC(359) User=0.01s Sys=0.01s Real=0.00s
[719.561s][info ][safepoint    ] Leaving safepoint region
[719.561s][info ][safepoint    ] Total time for which application threads were stopped: 0.0029663 seconds, Stopping threads took: 0.0000195 seconds
[720.561s][info ][safepoint    ] Application time: 1.0000945 seconds
[720.561s][info ][safepoint    ] Entering safepoint region: Cleanup
[720.561s][info ][safepoint    ] Leaving safepoint region
[720.561s][info ][safepoint    ] Total time for which application threads were stopped: 0.0001344 seconds, Stopping threads took: 0.0000673 seconds
[721.561s][info ][safepoint    ] Application time: 1.0000949 seconds
[721.561s][info ][safepoint    ] Entering safepoint region: Cleanup
[721.561s][info ][safepoint    ] Leaving safepoint region
[721.561s][info ][safepoint    ] Total time for which application threads were stopped: 0.0001200 seconds, Stopping threads took: 0.0000501 seconds
[722.561s][info ][safepoint    ] Application time: 1.0000910 seconds
[722.561s][info ][safepoint    ] Entering safepoint region: Cleanup
[722.561s][info ][safepoint    ] Leaving safepoint region
[722.561s][info ][safepoint    ] Total time for which application threads were stopped: 0.0002288 seconds, Stopping threads took: 0.0001623 seconds
[722.770s][info ][safepoint    ] Application time: 0.2082703 seconds
[722.770s][info ][safepoint    ] Entering safepoint region: GenCollectForAllocation
[722.770s][info ][gc,start     ] GC(360) Pause Young (Allocation Failure)
[722.770s][info ][gc,task      ] GC(360) Using 4 workers of 4 for evacuation
[722.773s][debug][gc,ref       ] GC(360) Skipped phase1 of Reference Processing due to unavailable references
[722.773s][debug][gc,ref       ] GC(360) Skipped phase2 of Reference Processing due to unavailable references
[722.773s][debug][gc,ref       ] GC(360) Skipped phase3 of Reference Processing due to unavailable references
[722.773s][debug][gc,ref       ] GC(360) Skipped phase4 of Reference Processing due to unavailable references
[722.773s][debug][gc,age       ] GC(360) Desired survivor size 15368192 bytes, new threshold 6 (max threshold 6)
[722.773s][info ][gc,heap      ] GC(360) ParNew: 241611K->1221K(270336K)
[722.773s][info ][gc,heap      ] GC(360) CMS: 531157K->531457K(600768K)
[722.773s][info ][gc,metaspace ] GC(360) Metaspace: 58327K->58327K(1101824K)
[722.773s][info ][gc           ] GC(360) Pause Young (Allocation Failure) 754M->520M(850M) 2.777ms
[722.773s][info ][gc,cpu       ] GC(360) User=0.01s Sys=0.00s Real=0.00s
[722.773s][info ][safepoint    ] Leaving safepoint region
[722.773s][info ][safepoint    ] Total time for which application threads were stopped: 0.0030589 seconds, Stopping threads took: 0.0001450 seconds
[723.773s][info ][safepoint    ] Application time: 1.0001068 seconds
[723.773s][info ][safepoint    ] Entering safepoint region: Cleanup
[723.773s][info ][safepoint    ] Leaving safepoint region
[723.773s][info ][safepoint    ] Total time for which application threads were stopped: 0.0000681 seconds, Stopping threads took: 0.0000162 seconds
[724.773s][info ][safepoint    ] Application time: 1.0000946 seconds
[724.773s][info ][safepoint    ] Entering safepoint region: Cleanup
[724.773s][info ][safepoint    ] Leaving safepoint region
[724.773s][info ][safepoint    ] Total time for which application threads were stopped: 0.0000735 seconds, Stopping threads took: 0.0000165 seconds
[725.773s][info ][safepoint    ] Application time: 1.0000943 seconds
[725.773s][info ][safepoint    ] Entering safepoint region: Cleanup
[725.774s][info ][safepoint    ] Leaving safepoint region
[725.774s][info ][safepoint    ] Total time for which application threads were stopped: 0.0000760 seconds, Stopping threads took: 0.0000217 seconds
[726.010s][info ][safepoint    ] Application time: 0.2368239 seconds
[726.010s][info ][safepoint    ] Entering safepoint region: GenCollectForAllocation
[726.011s][info ][gc,start     ] GC(361) Pause Young (Allocation Failure)
[726.011s][info ][gc,task      ] GC(361) Using 4 workers of 4 for evacuation
[726.013s][debug][gc,ref       ] GC(361) Skipped phase1 of Reference Processing due to unavailable references
[726.013s][debug][gc,ref       ] GC(361) Skipped phase2 of Reference Processing due to unavailable references
[726.013s][debug][gc,ref       ] GC(361) Skipped phase3 of Reference Processing due to unavailable references
[726.013s][debug][gc,ref       ] GC(361) Skipped phase4 of Reference Processing due to unavailable references
[726.013s][debug][gc,age       ] GC(361) Desired survivor size 15368192 bytes, new threshold 6 (max threshold 6)
[726.013s][info ][gc,heap      ] GC(361) ParNew: 241541K->878K(270336K)
[726.013s][info ][gc,heap      ] GC(361) CMS: 531457K->531475K(600768K)
[726.013s][info ][gc,metaspace ] GC(361) Metaspace: 58329K->58329K(1101824K)
[726.013s][info ][gc           ] GC(361) Pause Young (Allocation Failure) 754M->519M(850M) 2.195ms
[726.013s][info ][gc,cpu       ] GC(361) User=0.00s Sys=0.00s Real=0.00s
[726.013s][info ][safepoint    ] Leaving safepoint region
[726.013s][info ][safepoint    ] Total time for which application threads were stopped: 0.0023515 seconds, Stopping threads took: 0.0000151 seconds
[727.013s][info ][safepoint    ] Application time: 1.0000969 seconds
[727.013s][info ][safepoint    ] Entering safepoint region: Cleanup
[727.013s][info ][safepoint    ] Leaving safepoint region
[727.013s][info ][safepoint    ] Total time for which application threads were stopped: 0.0001218 seconds, Stopping threads took: 0.0000549 seconds
[728.013s][info ][safepoint    ] Application time: 1.0001301 seconds
[728.013s][info ][safepoint    ] Entering safepoint region: Cleanup
[728.013s][info ][safepoint    ] Leaving safepoint region
[728.013s][info ][safepoint    ] Total time for which application threads were stopped: 0.0001545 seconds, Stopping threads took: 0.0000642 seconds
[729.013s][info ][safepoint    ] Application time: 1.0001097 seconds
[729.014s][info ][safepoint    ] Entering safepoint region: Cleanup
[729.014s][info ][safepoint    ] Leaving safepoint region
[729.014s][info ][safepoint    ] Total time for which application threads were stopped: 0.0001321 seconds, Stopping threads took: 0.0000631 seconds
[729.311s][info ][safepoint    ] Application time: 0.2971537 seconds
[729.311s][info ][safepoint    ] Entering safepoint region: GenCollectForAllocation
[729.311s][info ][gc,start     ] GC(362) Pause Young (Allocation Failure)
[729.311s][info ][gc,task      ] GC(362) Using 4 workers of 4 for evacuation
[729.313s][debug][gc,ref       ] GC(362) Skipped phase1 of Reference Processing due to unavailable references
[729.313s][debug][gc,ref       ] GC(362) Skipped phase2 of Reference Processing due to unavailable references
[729.313s][debug][gc,ref       ] GC(362) Skipped phase3 of Reference Processing due to unavailable references
[729.313s][debug][gc,ref       ] GC(362) Skipped phase4 of Reference Processing due to unavailable references
[729.313s][debug][gc,age       ] GC(362) Desired survivor size 15368192 bytes, new threshold 6 (max threshold 6)
[729.313s][info ][gc,heap      ] GC(362) ParNew: 241198K->1014K(270336K)
[729.313s][info ][gc,heap      ] GC(362) CMS: 531475K->531486K(600768K)
[729.313s][info ][gc,metaspace ] GC(362) Metaspace: 58330K->58330K(1101824K)
[729.313s][info ][gc           ] GC(362) Pause Young (Allocation Failure) 754M->520M(850M) 2.229ms
[729.313s][info ][gc,cpu       ] GC(362) User=0.00s Sys=0.00s Real=0.00s
[729.313s][info ][safepoint    ] Leaving safepoint region
[729.313s][info ][safepoint    ] Total time for which application threads were stopped: 0.0023852 seconds, Stopping threads took: 0.0000161 seconds
[730.313s][info ][safepoint    ] Application time: 1.0000952 seconds
[730.313s][info ][safepoint    ] Entering safepoint region: Cleanup
[730.313s][info ][safepoint    ] Leaving safepoint region
[730.313s][info ][safepoint    ] Total time for which application threads were stopped: 0.0001075 seconds, Stopping threads took: 0.0000436 seconds
[731.314s][info ][safepoint    ] Application time: 1.0000933 seconds
[731.314s][info ][safepoint    ] Entering safepoint region: Cleanup
[731.314s][info ][safepoint    ] Leaving safepoint region
[731.314s][info ][safepoint    ] Total time for which application threads were stopped: 0.0002308 seconds, Stopping threads took: 0.0001703 seconds
[732.314s][info ][safepoint    ] Application time: 1.0001275 seconds
[732.314s][info ][safepoint    ] Entering safepoint region: Cleanup
[732.314s][info ][safepoint    ] Leaving safepoint region
[732.314s][info ][safepoint    ] Total time for which application threads were stopped: 0.0001049 seconds, Stopping threads took: 0.0000401 seconds
[732.712s][info ][safepoint    ] Application time: 0.3979105 seconds
[732.712s][info ][safepoint    ] Entering safepoint region: GenCollectForAllocation
[732.712s][info ][gc,start     ] GC(363) Pause Young (Allocation Failure)
[732.712s][info ][gc,task      ] GC(363) Using 4 workers of 4 for evacuation
[732.715s][debug][gc,ref       ] GC(363) Skipped phase1 of Reference Processing due to unavailable references
[732.715s][debug][gc,ref       ] GC(363) Skipped phase2 of Reference Processing due to unavailable references
[732.715s][debug][gc,ref       ] GC(363) Skipped phase3 of Reference Processing due to unavailable references
[732.715s][debug][gc,ref       ] GC(363) Skipped phase4 of Reference Processing due to unavailable references
[732.715s][debug][gc,age       ] GC(363) Desired survivor size 15368192 bytes, new threshold 6 (max threshold 6)
[732.715s][info ][gc,heap      ] GC(363) ParNew: 241334K->1371K(270336K)
[732.715s][info ][gc,heap      ] GC(363) CMS: 531486K->531568K(600768K)
[732.715s][info ][gc,metaspace ] GC(363) Metaspace: 58330K->58330K(1101824K)
[732.715s][info ][gc           ] GC(363) Pause Young (Allocation Failure) 754M->520M(850M) 2.664ms
[732.715s][info ][gc,cpu       ] GC(363) User=0.01s Sys=0.00s Real=0.00s
[732.715s][info ][safepoint    ] Leaving safepoint region
[732.715s][info ][safepoint    ] Total time for which application threads were stopped: 0.0028659 seconds, Stopping threads took: 0.0000207 seconds
[733.715s][info ][safepoint    ] Application time: 1.0001028 seconds
[733.715s][info ][safepoint    ] Entering safepoint region: Cleanup
[733.715s][info ][safepoint    ] Leaving safepoint region
[733.715s][info ][safepoint    ] Total time for which application threads were stopped: 0.0000905 seconds, Stopping threads took: 0.0000306 seconds
[734.715s][info ][safepoint    ] Application time: 1.0001179 seconds
[734.715s][info ][safepoint    ] Entering safepoint region: Cleanup
[734.715s][info ][safepoint    ] Leaving safepoint region
[734.715s][info ][safepoint    ] Total time for which application threads were stopped: 0.0000650 seconds, Stopping threads took: 0.0000159 seconds
[735.715s][info ][safepoint    ] Application time: 1.0000974 seconds
[735.716s][info ][safepoint    ] Entering safepoint region: Cleanup
[735.717s][info ][safepoint    ] Leaving safepoint region
[735.717s][info ][safepoint    ] Total time for which application threads were stopped: 0.0010178 seconds, Stopping threads took: 0.0009513 seconds
[736.055s][info ][safepoint    ] Application time: 0.3383638 seconds
[736.055s][info ][safepoint    ] Entering safepoint region: GenCollectForAllocation
[736.055s][info ][gc,start     ] GC(364) Pause Young (Allocation Failure)
[736.055s][info ][gc,task      ] GC(364) Using 4 workers of 4 for evacuation
[736.057s][debug][gc,ref       ] GC(364) Skipped phase1 of Reference Processing due to unavailable references
[736.057s][debug][gc,ref       ] GC(364) Skipped phase2 of Reference Processing due to unavailable references
[736.057s][debug][gc,ref       ] GC(364) Skipped phase3 of Reference Processing due to unavailable references
[736.057s][debug][gc,ref       ] GC(364) Skipped phase4 of Reference Processing due to unavailable references
[736.058s][debug][gc,age       ] GC(364) Desired survivor size 15368192 bytes, new threshold 6 (max threshold 6)
[736.058s][info ][gc,heap      ] GC(364) ParNew: 241691K->1786K(270336K)
[736.058s][info ][gc,heap      ] GC(364) CMS: 531568K->531591K(600768K)
[736.058s][info ][gc,metaspace ] GC(364) Metaspace: 58330K->58330K(1101824K)
[736.058s][info ][gc           ] GC(364) Pause Young (Allocation Failure) 755M->520M(850M) 2.575ms
[736.058s][info ][gc,cpu       ] GC(364) User=0.01s Sys=0.01s Real=0.00s
[736.058s][info ][safepoint    ] Leaving safepoint region
[736.058s][info ][safepoint    ] Total time for which application threads were stopped: 0.0027466 seconds, Stopping threads took: 0.0000409 seconds
[737.058s][info ][safepoint    ] Application time: 1.0001062 seconds
[737.058s][info ][safepoint    ] Entering safepoint region: Cleanup
[737.058s][info ][safepoint    ] Leaving safepoint region
[737.058s][info ][safepoint    ] Total time for which application threads were stopped: 0.0001019 seconds, Stopping threads took: 0.0000450 seconds
[738.058s][info ][safepoint    ] Application time: 1.0000770 seconds
[738.058s][info ][safepoint    ] Entering safepoint region: Cleanup
[738.058s][info ][safepoint    ] Leaving safepoint region
[738.058s][info ][safepoint    ] Total time for which application threads were stopped: 0.0001335 seconds, Stopping threads took: 0.0000644 seconds
[739.058s][info ][safepoint    ] Application time: 1.0001063 seconds
[739.058s][info ][safepoint    ] Entering safepoint region: Cleanup
[739.058s][info ][safepoint    ] Leaving safepoint region
[739.058s][info ][safepoint    ] Total time for which application threads were stopped: 0.0001106 seconds, Stopping threads took: 0.0000473 seconds
[739.408s][info ][safepoint    ] Application time: 0.3493319 seconds
[739.408s][info ][safepoint    ] Entering safepoint region: GenCollectForAllocation
[739.408s][info ][gc,start     ] GC(365) Pause Young (Allocation Failure)
[739.408s][info ][gc,task      ] GC(365) Using 4 workers of 4 for evacuation
[739.410s][debug][gc,ref       ] GC(365) Skipped phase1 of Reference Processing due to unavailable references
[739.410s][debug][gc,ref       ] GC(365) Skipped phase2 of Reference Processing due to unavailable references
[739.410s][debug][gc,ref       ] GC(365) Skipped phase3 of Reference Processing due to unavailable references
[739.410s][debug][gc,ref       ] GC(365) Skipped phase4 of Reference Processing due to unavailable references
[739.410s][debug][gc,age       ] GC(365) Desired survivor size 15368192 bytes, new threshold 6 (max threshold 6)
[739.410s][info ][gc,heap      ] GC(365) ParNew: 242106K->1740K(270336K)
[739.410s][info ][gc,heap      ] GC(365) CMS: 531591K->531674K(600768K)
[739.410s][info ][gc,metaspace ] GC(365) Metaspace: 58330K->58330K(1101824K)
[739.411s][info ][gc           ] GC(365) Pause Young (Allocation Failure) 755M->520M(850M) 2.574ms
[739.411s][info ][gc,cpu       ] GC(365) User=0.01s Sys=0.00s Real=0.01s
[739.411s][info ][safepoint    ] Leaving safepoint region
[739.411s][info ][safepoint    ] Total time for which application threads were stopped: 0.0027330 seconds, Stopping threads took: 0.0000162 seconds
[740.411s][info ][safepoint    ] Application time: 1.0001309 seconds
[740.411s][info ][safepoint    ] Entering safepoint region: Cleanup
[740.411s][info ][safepoint    ] Leaving safepoint region
[740.411s][info ][safepoint    ] Total time for which application threads were stopped: 0.0001488 seconds, Stopping threads took: 0.0000417 seconds
[741.411s][info ][safepoint    ] Application time: 1.0001428 seconds
[741.411s][info ][safepoint    ] Entering safepoint region: Cleanup
[741.411s][info ][safepoint    ] Leaving safepoint region
[741.411s][info ][safepoint    ] Total time for which application threads were stopped: 0.0002343 seconds, Stopping threads took: 0.0001667 seconds
[742.412s][info ][safepoint    ] Application time: 1.0001016 seconds
[742.414s][info ][safepoint    ] Entering safepoint region: Cleanup
[742.414s][info ][safepoint    ] Leaving safepoint region
[742.414s][info ][safepoint    ] Total time for which application threads were stopped: 0.0020372 seconds, Stopping threads took: 0.0019703 seconds
[742.860s][info ][safepoint    ] Application time: 0.4462274 seconds
[742.860s][info ][safepoint    ] Entering safepoint region: GenCollectForAllocation
[742.860s][info ][gc,start     ] GC(366) Pause Young (Allocation Failure)
[742.860s][info ][gc,task      ] GC(366) Using 4 workers of 4 for evacuation
[742.862s][debug][gc,ref       ] GC(366) Skipped phase1 of Reference Processing due to unavailable references
[742.862s][debug][gc,ref       ] GC(366) Skipped phase2 of Reference Processing due to unavailable references
[742.863s][debug][gc,ref       ] GC(366) Skipped phase3 of Reference Processing due to unavailable references
[742.863s][debug][gc,ref       ] GC(366) Skipped phase4 of Reference Processing due to unavailable references
[742.863s][debug][gc,age       ] GC(366) Desired survivor size 15368192 bytes, new threshold 6 (max threshold 6)
[742.863s][info ][gc,heap      ] GC(366) ParNew: 242060K->1752K(270336K)
[742.863s][info ][gc,heap      ] GC(366) CMS: 531674K->531785K(600768K)
[742.863s][info ][gc,metaspace ] GC(366) Metaspace: 58330K->58330K(1101824K)
[742.863s][info ][gc           ] GC(366) Pause Young (Allocation Failure) 755M->521M(850M) 2.641ms
[742.863s][info ][gc,cpu       ] GC(366) User=0.01s Sys=0.00s Real=0.01s
[742.863s][info ][safepoint    ] Leaving safepoint region
[742.863s][info ][safepoint    ] Total time for which application threads were stopped: 0.0028274 seconds, Stopping threads took: 0.0000156 seconds
[743.863s][info ][safepoint    ] Application time: 1.0000971 seconds
[743.863s][info ][safepoint    ] Entering safepoint region: Cleanup
[743.863s][info ][safepoint    ] Leaving safepoint region
[743.863s][info ][safepoint    ] Total time for which application threads were stopped: 0.0001068 seconds, Stopping threads took: 0.0000405 seconds
[744.863s][info ][safepoint    ] Application time: 1.0000936 seconds
[744.863s][info ][safepoint    ] Entering safepoint region: Cleanup
[744.863s][info ][safepoint    ] Leaving safepoint region
[744.863s][info ][safepoint    ] Total time for which application threads were stopped: 0.0001126 seconds, Stopping threads took: 0.0000398 seconds
[745.863s][info ][safepoint    ] Application time: 1.0000981 seconds
[745.863s][info ][safepoint    ] Entering safepoint region: Cleanup
[745.863s][info ][safepoint    ] Leaving safepoint region
[745.863s][info ][safepoint    ] Total time for which application threads were stopped: 0.0001387 seconds, Stopping threads took: 0.0000668 seconds
[746.355s][info ][safepoint    ] Application time: 0.4910699 seconds
[746.355s][info ][safepoint    ] Entering safepoint region: GenCollectForAllocation
[746.355s][info ][gc,start     ] GC(367) Pause Young (Allocation Failure)
[746.355s][info ][gc,task      ] GC(367) Using 4 workers of 4 for evacuation
[746.357s][debug][gc,ref       ] GC(367) Skipped phase1 of Reference Processing due to unavailable references
[746.357s][debug][gc,ref       ] GC(367) Skipped phase2 of Reference Processing due to unavailable references
[746.357s][debug][gc,ref       ] GC(367) Skipped phase3 of Reference Processing due to unavailable references
[746.357s][debug][gc,ref       ] GC(367) Skipped phase4 of Reference Processing due to unavailable references
[746.357s][debug][gc,age       ] GC(367) Desired survivor size 15368192 bytes, new threshold 6 (max threshold 6)
[746.357s][info ][gc,heap      ] GC(367) ParNew: 242072K->2390K(270336K)
[746.357s][info ][gc,heap      ] GC(367) CMS: 531785K->531827K(600768K)
[746.357s][info ][gc,metaspace ] GC(367) Metaspace: 58330K->58330K(1101824K)
[746.357s][info ][gc           ] GC(367) Pause Young (Allocation Failure) 755M->521M(850M) 2.548ms
[746.357s][info ][gc,cpu       ] GC(367) User=0.01s Sys=0.00s Real=0.00s
[746.357s][info ][safepoint    ] Leaving safepoint region
[746.357s][info ][safepoint    ] Total time for which application threads were stopped: 0.0027024 seconds, Stopping threads took: 0.0000334 seconds
[747.357s][info ][safepoint    ] Application time: 1.0000957 seconds
[747.357s][info ][safepoint    ] Entering safepoint region: Cleanup
[747.358s][info ][safepoint    ] Leaving safepoint region
[747.358s][info ][safepoint    ] Total time for which application threads were stopped: 0.0001327 seconds, Stopping threads took: 0.0000633 seconds
[748.358s][info ][safepoint    ] Application time: 1.0000960 seconds
[748.358s][info ][safepoint    ] Entering safepoint region: Cleanup
[748.358s][info ][safepoint    ] Leaving safepoint region
[748.358s][info ][safepoint    ] Total time for which application threads were stopped: 0.0001275 seconds, Stopping threads took: 0.0000540 seconds
[749.358s][info ][safepoint    ] Application time: 1.0001062 seconds
[749.358s][info ][safepoint    ] Entering safepoint region: Cleanup
[749.358s][info ][safepoint    ] Leaving safepoint region
[749.358s][info ][safepoint    ] Total time for which application threads were stopped: 0.0001217 seconds, Stopping threads took: 0.0000558 seconds
[749.619s][info ][safepoint    ] Application time: 0.2610459 seconds
[749.619s][info ][safepoint    ] Entering safepoint region: GenCollectForAllocation
[749.619s][info ][gc,start     ] GC(368) Pause Young (Allocation Failure)
[749.619s][info ][gc,task      ] GC(368) Using 4 workers of 4 for evacuation
[749.622s][debug][gc,ref       ] GC(368) Skipped phase1 of Reference Processing due to unavailable references
[749.622s][debug][gc,ref       ] GC(368) Skipped phase2 of Reference Processing due to unavailable references
[749.622s][debug][gc,ref       ] GC(368) Skipped phase3 of Reference Processing due to unavailable references
[749.622s][debug][gc,ref       ] GC(368) Skipped phase4 of Reference Processing due to unavailable references
[749.622s][debug][gc,age       ] GC(368) Desired survivor size 15368192 bytes, new threshold 6 (max threshold 6)
[749.622s][info ][gc,heap      ] GC(368) ParNew: 242710K->2672K(270336K)
[749.622s][info ][gc,heap      ] GC(368) CMS: 531827K->531895K(600768K)
[749.622s][info ][gc,metaspace ] GC(368) Metaspace: 58330K->58330K(1101824K)
[749.623s][info ][gc           ] GC(368) Pause Young (Allocation Failure) 756M->522M(850M) 3.088ms
[749.623s][info ][gc,cpu       ] GC(368) User=0.01s Sys=0.00s Real=0.01s
[749.623s][info ][safepoint    ] Leaving safepoint region
[749.623s][info ][safepoint    ] Total time for which application threads were stopped: 0.0033451 seconds, Stopping threads took: 0.0001179 seconds
[750.623s][info ][safepoint    ] Application time: 1.0001033 seconds
[750.623s][info ][safepoint    ] Entering safepoint region: Cleanup
[750.623s][info ][safepoint    ] Leaving safepoint region
[750.623s][info ][safepoint    ] Total time for which application threads were stopped: 0.0000892 seconds, Stopping threads took: 0.0000190 seconds
[751.623s][info ][safepoint    ] Application time: 1.0000778 seconds
[751.623s][info ][safepoint    ] Entering safepoint region: Cleanup
[751.623s][info ][safepoint    ] Leaving safepoint region
[751.623s][info ][safepoint    ] Total time for which application threads were stopped: 0.0001132 seconds, Stopping threads took: 0.0000606 seconds
[752.623s][info ][safepoint    ] Application time: 1.0000966 seconds
[752.623s][info ][safepoint    ] Entering safepoint region: Cleanup
[752.623s][info ][safepoint    ] Leaving safepoint region
[752.623s][info ][safepoint    ] Total time for which application threads were stopped: 0.0000860 seconds, Stopping threads took: 0.0000305 seconds
[752.731s][info ][safepoint    ] Application time: 0.1073284 seconds
[752.731s][info ][safepoint    ] Entering safepoint region: GenCollectForAllocation
[752.731s][info ][gc,start     ] GC(369) Pause Young (Allocation Failure)
[752.731s][info ][gc,task      ] GC(369) Using 4 workers of 4 for evacuation
[752.734s][debug][gc,ref       ] GC(369) Skipped phase1 of Reference Processing due to unavailable references
[752.734s][debug][gc,ref       ] GC(369) Skipped phase2 of Reference Processing due to unavailable references
[752.734s][debug][gc,ref       ] GC(369) Skipped phase3 of Reference Processing due to unavailable references
[752.734s][debug][gc,ref       ] GC(369) Skipped phase4 of Reference Processing due to unavailable references
[752.734s][debug][gc,age       ] GC(369) Desired survivor size 15368192 bytes, new threshold 6 (max threshold 6)
[752.734s][info ][gc,heap      ] GC(369) ParNew: 242992K->2818K(270336K)
[752.734s][info ][gc,heap      ] GC(369) CMS: 531895K->531958K(600768K)
[752.734s][info ][gc,metaspace ] GC(369) Metaspace: 58343K->58343K(1101824K)
[752.734s][info ][gc           ] GC(369) Pause Young (Allocation Failure) 756M->522M(850M) 3.147ms
[752.734s][info ][gc,cpu       ] GC(369) User=0.01s Sys=0.00s Real=0.00s
[752.734s][info ][safepoint    ] Leaving safepoint region
[752.734s][info ][safepoint    ] Total time for which application threads were stopped: 0.0032865 seconds, Stopping threads took: 0.0000159 seconds
[753.734s][info ][safepoint    ] Application time: 1.0000981 seconds
[753.734s][info ][safepoint    ] Entering safepoint region: Cleanup
[753.734s][info ][safepoint    ] Leaving safepoint region
[753.734s][info ][safepoint    ] Total time for which application threads were stopped: 0.0000737 seconds, Stopping threads took: 0.0000184 seconds
[754.734s][info ][safepoint    ] Application time: 1.0000782 seconds
[754.734s][info ][safepoint    ] Entering safepoint region: Cleanup
[754.734s][info ][safepoint    ] Leaving safepoint region
[754.734s][info ][safepoint    ] Total time for which application threads were stopped: 0.0000762 seconds, Stopping threads took: 0.0000175 seconds
[755.734s][info ][safepoint    ] Application time: 1.0001190 seconds
[755.734s][info ][safepoint    ] Entering safepoint region: Cleanup
[755.735s][info ][safepoint    ] Leaving safepoint region
[755.735s][info ][safepoint    ] Total time for which application threads were stopped: 0.0000716 seconds, Stopping threads took: 0.0000169 seconds
[755.811s][info ][safepoint    ] Application time: 0.0765570 seconds
[755.811s][info ][safepoint    ] Entering safepoint region: GenCollectForAllocation
[755.811s][info ][gc,start     ] GC(370) Pause Young (Allocation Failure)
[755.811s][info ][gc,task      ] GC(370) Using 4 workers of 4 for evacuation
[755.814s][debug][gc,ref       ] GC(370) Skipped phase1 of Reference Processing due to unavailable references
[755.814s][debug][gc,ref       ] GC(370) Skipped phase2 of Reference Processing due to unavailable references
[755.814s][debug][gc,ref       ] GC(370) Skipped phase3 of Reference Processing due to unavailable references
[755.814s][debug][gc,ref       ] GC(370) Skipped phase4 of Reference Processing due to unavailable references
[755.814s][debug][gc,age       ] GC(370) Desired survivor size 15368192 bytes, new threshold 6 (max threshold 6)
[755.814s][info ][gc,heap      ] GC(370) ParNew: 243138K->2990K(270336K)
[755.814s][info ][gc,heap      ] GC(370) CMS: 531958K->532112K(600768K)
[755.814s][info ][gc,metaspace ] GC(370) Metaspace: 58343K->58343K(1101824K)
[755.814s][info ][gc           ] GC(370) Pause Young (Allocation Failure) 756M->522M(850M) 3.213ms
[755.814s][info ][gc,cpu       ] GC(370) User=0.01s Sys=0.00s Real=0.00s
[755.814s][info ][safepoint    ] Leaving safepoint region
[755.814s][info ][safepoint    ] Total time for which application threads were stopped: 0.0033540 seconds, Stopping threads took: 0.0000162 seconds
[756.815s][info ][safepoint    ] Application time: 1.0000993 seconds
[756.815s][info ][safepoint    ] Entering safepoint region: Cleanup
[756.815s][info ][safepoint    ] Leaving safepoint region
[756.815s][info ][safepoint    ] Total time for which application threads were stopped: 0.0001188 seconds, Stopping threads took: 0.0000542 seconds
[757.815s][info ][safepoint    ] Application time: 1.0000987 seconds
[757.815s][info ][safepoint    ] Entering safepoint region: Cleanup
[757.815s][info ][safepoint    ] Leaving safepoint region
[757.815s][info ][safepoint    ] Total time for which application threads were stopped: 0.0001649 seconds, Stopping threads took: 0.0000854 seconds
[758.815s][info ][safepoint    ] Application time: 1.0000875 seconds
[758.815s][info ][safepoint    ] Entering safepoint region: Cleanup
[758.815s][info ][safepoint    ] Leaving safepoint region
[758.815s][info ][safepoint    ] Total time for which application threads were stopped: 0.0001257 seconds, Stopping threads took: 0.0000617 seconds
[758.967s][info ][safepoint    ] Application time: 0.1514744 seconds
[758.967s][info ][safepoint    ] Entering safepoint region: GenCollectForAllocation
[758.967s][info ][gc,start     ] GC(371) Pause Young (Allocation Failure)
[758.967s][info ][gc,task      ] GC(371) Using 4 workers of 4 for evacuation
[758.970s][debug][gc,ref       ] GC(371) Skipped phase1 of Reference Processing due to unavailable references
[758.970s][debug][gc,ref       ] GC(371) Skipped phase2 of Reference Processing due to unavailable references
[758.970s][debug][gc,ref       ] GC(371) Skipped phase3 of Reference Processing due to unavailable references
[758.970s][debug][gc,ref       ] GC(371) Skipped phase4 of Reference Processing due to unavailable references
[758.970s][debug][gc,age       ] GC(371) Desired survivor size 15368192 bytes, new threshold 6 (max threshold 6)
[758.970s][info ][gc,heap      ] GC(371) ParNew: 243310K->3471K(270336K)
[758.970s][info ][gc,heap      ] GC(371) CMS: 532112K->532151K(600768K)
[758.970s][info ][gc,metaspace ] GC(371) Metaspace: 58343K->58343K(1101824K)
[758.970s][info ][gc           ] GC(371) Pause Young (Allocation Failure) 757M->523M(850M) 3.228ms
[758.970s][info ][gc,cpu       ] GC(371) User=0.01s Sys=0.00s Real=0.01s
[758.970s][info ][safepoint    ] Leaving safepoint region
[758.970s][info ][safepoint    ] Total time for which application threads were stopped: 0.0034711 seconds, Stopping threads took: 0.0000738 seconds
[759.970s][info ][safepoint    ] Application time: 1.0001016 seconds
[759.970s][info ][safepoint    ] Entering safepoint region: Cleanup
[759.970s][info ][safepoint    ] Leaving safepoint region
[759.970s][info ][safepoint    ] Total time for which application threads were stopped: 0.0000835 seconds, Stopping threads took: 0.0000299 seconds
[760.971s][info ][safepoint    ] Application time: 1.0001007 seconds
[760.971s][info ][safepoint    ] Entering safepoint region: Cleanup
[760.971s][info ][safepoint    ] Leaving safepoint region
[760.971s][info ][safepoint    ] Total time for which application threads were stopped: 0.0000703 seconds, Stopping threads took: 0.0000174 seconds
[761.971s][info ][safepoint    ] Application time: 1.0000909 seconds
[761.971s][info ][safepoint    ] Entering safepoint region: Cleanup
[761.971s][info ][safepoint    ] Leaving safepoint region
[761.971s][info ][safepoint    ] Total time for which application threads were stopped: 0.0000701 seconds, Stopping threads took: 0.0000172 seconds
[762.260s][info ][safepoint    ] Application time: 0.2888350 seconds
[762.260s][info ][safepoint    ] Entering safepoint region: GenCollectForAllocation
[762.260s][info ][gc,start     ] GC(372) Pause Young (Allocation Failure)
[762.260s][info ][gc,task      ] GC(372) Using 4 workers of 4 for evacuation
[762.263s][debug][gc,ref       ] GC(372) Skipped phase1 of Reference Processing due to unavailable references
[762.263s][debug][gc,ref       ] GC(372) Skipped phase2 of Reference Processing due to unavailable references
[762.263s][debug][gc,ref       ] GC(372) Skipped phase3 of Reference Processing due to unavailable references
[762.263s][debug][gc,ref       ] GC(372) Skipped phase4 of Reference Processing due to unavailable references
[762.263s][debug][gc,age       ] GC(372) Desired survivor size 15368192 bytes, new threshold 6 (max threshold 6)
[762.263s][info ][gc,heap      ] GC(372) ParNew: 243791K->3337K(270336K)
[762.263s][info ][gc,heap      ] GC(372) CMS: 532151K->532272K(600768K)
[762.263s][info ][gc,metaspace ] GC(372) Metaspace: 58344K->58344K(1101824K)
[762.263s][info ][gc           ] GC(372) Pause Young (Allocation Failure) 757M->523M(850M) 3.215ms
[762.263s][info ][gc,cpu       ] GC(372) User=0.01s Sys=0.00s Real=0.01s
[762.263s][info ][safepoint    ] Leaving safepoint region
[762.263s][info ][safepoint    ] Total time for which application threads were stopped: 0.0033698 seconds, Stopping threads took: 0.0000145 seconds
[763.263s][info ][safepoint    ] Application time: 1.0001019 seconds
[763.263s][info ][safepoint    ] Entering safepoint region: Cleanup
[763.263s][info ][safepoint    ] Leaving safepoint region
[763.263s][info ][safepoint    ] Total time for which application threads were stopped: 0.0001051 seconds, Stopping threads took: 0.0000391 seconds
[764.264s][info ][safepoint    ] Application time: 1.0000949 seconds
[764.264s][info ][safepoint    ] Entering safepoint region: Cleanup
[764.264s][info ][safepoint    ] Leaving safepoint region
[764.264s][info ][safepoint    ] Total time for which application threads were stopped: 0.0001078 seconds, Stopping threads took: 0.0000415 seconds
[765.264s][info ][safepoint    ] Application time: 1.0001073 seconds
[765.264s][info ][safepoint    ] Entering safepoint region: Cleanup
[765.264s][info ][safepoint    ] Leaving safepoint region
[765.264s][info ][safepoint    ] Total time for which application threads were stopped: 0.0001132 seconds, Stopping threads took: 0.0000437 seconds
[765.560s][info ][safepoint    ] Application time: 0.2960454 seconds
[765.560s][info ][safepoint    ] Entering safepoint region: GenCollectForAllocation
[765.560s][info ][gc,start     ] GC(373) Pause Young (Allocation Failure)
[765.560s][info ][gc,task      ] GC(373) Using 4 workers of 4 for evacuation
[765.563s][debug][gc,ref       ] GC(373) Skipped phase1 of Reference Processing due to unavailable references
[765.563s][debug][gc,ref       ] GC(373) Skipped phase2 of Reference Processing due to unavailable references
[765.563s][debug][gc,ref       ] GC(373) Skipped phase3 of Reference Processing due to unavailable references
[765.563s][debug][gc,ref       ] GC(373) Skipped phase4 of Reference Processing due to unavailable references
[765.563s][debug][gc,age       ] GC(373) Desired survivor size 15368192 bytes, new threshold 6 (max threshold 6)
[765.564s][info ][gc,heap      ] GC(373) ParNew: 243657K->3376K(270336K)
[765.564s][info ][gc,heap      ] GC(373) CMS: 532272K->532436K(600768K)
[765.564s][info ][gc,metaspace ] GC(373) Metaspace: 58344K->58344K(1101824K)
[765.564s][info ][gc           ] GC(373) Pause Young (Allocation Failure) 757M->523M(850M) 3.437ms
[765.564s][info ][gc,cpu       ] GC(373) User=0.01s Sys=0.00s Real=0.01s
[765.564s][info ][safepoint    ] Leaving safepoint region
[765.564s][info ][safepoint    ] Total time for which application threads were stopped: 0.0035894 seconds, Stopping threads took: 0.0000172 seconds
[766.564s][info ][safepoint    ] Application time: 1.0001121 seconds
[766.564s][info ][safepoint    ] Entering safepoint region: Cleanup
[766.564s][info ][safepoint    ] Leaving safepoint region
[766.564s][info ][safepoint    ] Total time for which application threads were stopped: 0.0001193 seconds, Stopping threads took: 0.0000419 seconds
[767.564s][info ][safepoint    ] Application time: 1.0000895 seconds
[767.564s][info ][safepoint    ] Entering safepoint region: Cleanup
[767.564s][info ][safepoint    ] Leaving safepoint region
[767.564s][info ][safepoint    ] Total time for which application threads were stopped: 0.0001085 seconds, Stopping threads took: 0.0000432 seconds
[768.564s][info ][safepoint    ] Application time: 1.0000972 seconds
[768.564s][info ][safepoint    ] Entering safepoint region: Cleanup
[768.564s][info ][safepoint    ] Leaving safepoint region
[768.564s][info ][safepoint    ] Total time for which application threads were stopped: 0.0001082 seconds, Stopping threads took: 0.0000420 seconds
[768.805s][info ][safepoint    ] Application time: 0.2405088 seconds
[768.805s][info ][safepoint    ] Entering safepoint region: GenCollectForAllocation
[768.805s][info ][gc,start     ] GC(374) Pause Young (Allocation Failure)
[768.805s][info ][gc,task      ] GC(374) Using 4 workers of 4 for evacuation
[768.808s][debug][gc,ref       ] GC(374) Skipped phase1 of Reference Processing due to unavailable references
[768.808s][debug][gc,ref       ] GC(374) Skipped phase2 of Reference Processing due to unavailable references
[768.808s][debug][gc,ref       ] GC(374) Skipped phase3 of Reference Processing due to unavailable references
[768.808s][debug][gc,ref       ] GC(374) Skipped phase4 of Reference Processing due to unavailable references
[768.808s][debug][gc,age       ] GC(374) Desired survivor size 15368192 bytes, new threshold 6 (max threshold 6)
[768.808s][info ][gc,heap      ] GC(374) ParNew: 243696K->2206K(270336K)
[768.808s][info ][gc,heap      ] GC(374) CMS: 532436K->533128K(600768K)
[768.808s][info ][gc,metaspace ] GC(374) Metaspace: 58344K->58344K(1101824K)
[768.808s][info ][gc           ] GC(374) Pause Young (Allocation Failure) 757M->522M(850M) 3.363ms
[768.808s][info ][gc,cpu       ] GC(374) User=0.01s Sys=0.00s Real=0.00s
[768.809s][info ][safepoint    ] Leaving safepoint region
[768.809s][info ][safepoint    ] Total time for which application threads were stopped: 0.0036211 seconds, Stopping threads took: 0.0000752 seconds
[769.809s][info ][safepoint    ] Application time: 1.0001154 seconds
[769.809s][info ][safepoint    ] Entering safepoint region: Cleanup
[769.809s][info ][safepoint    ] Leaving safepoint region
[769.809s][info ][safepoint    ] Total time for which application threads were stopped: 0.0001044 seconds, Stopping threads took: 0.0000382 seconds
[770.809s][info ][safepoint    ] Application time: 1.0000912 seconds
[770.809s][info ][safepoint    ] Entering safepoint region: Cleanup
[770.809s][info ][safepoint    ] Leaving safepoint region
[770.809s][info ][safepoint    ] Total time for which application threads were stopped: 0.0001210 seconds, Stopping threads took: 0.0000524 seconds
[771.809s][info ][safepoint    ] Application time: 1.0000878 seconds
[771.809s][info ][safepoint    ] Entering safepoint region: Cleanup
[771.809s][info ][safepoint    ] Leaving safepoint region
[771.809s][info ][safepoint    ] Total time for which application threads were stopped: 0.0001078 seconds, Stopping threads took: 0.0000427 seconds
[772.014s][info ][safepoint    ] Application time: 0.2050076 seconds
[772.014s][info ][safepoint    ] Entering safepoint region: GenCollectForAllocation
[772.014s][info ][gc,start     ] GC(375) Pause Young (Allocation Failure)
[772.014s][info ][gc,task      ] GC(375) Using 4 workers of 4 for evacuation
[772.018s][debug][gc,ref       ] GC(375) Skipped phase1 of Reference Processing due to unavailable references
[772.018s][debug][gc,ref       ] GC(375) Skipped phase2 of Reference Processing due to unavailable references
[772.018s][debug][gc,ref       ] GC(375) Skipped phase3 of Reference Processing due to unavailable references
[772.018s][debug][gc,ref       ] GC(375) Skipped phase4 of Reference Processing due to unavailable references
[772.018s][debug][gc,age       ] GC(375) Desired survivor size 15368192 bytes, new threshold 6 (max threshold 6)
[772.018s][info ][gc,heap      ] GC(375) ParNew: 242526K->1845K(270336K)
[772.018s][info ][gc,heap      ] GC(375) CMS: 533128K->533557K(600768K)
[772.018s][info ][gc,metaspace ] GC(375) Metaspace: 58345K->58345K(1101824K)
[772.018s][info ][gc           ] GC(375) Pause Young (Allocation Failure) 757M->522M(850M) 3.263ms
[772.018s][info ][gc,cpu       ] GC(375) User=0.01s Sys=0.00s Real=0.00s
[772.018s][info ][safepoint    ] Leaving safepoint region
[772.018s][info ][safepoint    ] Total time for which application threads were stopped: 0.0034317 seconds, Stopping threads took: 0.0000377 seconds
[773.018s][info ][safepoint    ] Application time: 1.0001013 seconds
[773.018s][info ][safepoint    ] Entering safepoint region: Cleanup
[773.018s][info ][safepoint    ] Leaving safepoint region
[773.018s][info ][safepoint    ] Total time for which application threads were stopped: 0.0000718 seconds, Stopping threads took: 0.0000176 seconds
[774.018s][info ][safepoint    ] Application time: 1.0000452 seconds
[774.018s][info ][safepoint    ] Entering safepoint region: Cleanup
[774.018s][info ][safepoint    ] Leaving safepoint region
[774.018s][info ][safepoint    ] Total time for which application threads were stopped: 0.0000824 seconds, Stopping threads took: 0.0000152 seconds
[775.018s][info ][safepoint    ] Application time: 1.0001071 seconds
[775.018s][info ][safepoint    ] Entering safepoint region: Cleanup
[775.018s][info ][safepoint    ] Leaving safepoint region
[775.018s][info ][safepoint    ] Total time for which application threads were stopped: 0.0000723 seconds, Stopping threads took: 0.0000165 seconds
[775.311s][info ][safepoint    ] Application time: 0.2926796 seconds
[775.311s][info ][safepoint    ] Entering safepoint region: GenCollectForAllocation
[775.311s][info ][gc,start     ] GC(376) Pause Young (Allocation Failure)
[775.311s][info ][gc,task      ] GC(376) Using 4 workers of 4 for evacuation
[775.314s][debug][gc,ref       ] GC(376) Skipped phase1 of Reference Processing due to unavailable references
[775.314s][debug][gc,ref       ] GC(376) Skipped phase2 of Reference Processing due to unavailable references
[775.314s][debug][gc,ref       ] GC(376) Skipped phase3 of Reference Processing due to unavailable references
[775.314s][debug][gc,ref       ] GC(376) Skipped phase4 of Reference Processing due to unavailable references
[775.314s][debug][gc,age       ] GC(376) Desired survivor size 15368192 bytes, new threshold 6 (max threshold 6)
[775.314s][info ][gc,heap      ] GC(376) ParNew: 242165K->1447K(270336K)
[775.314s][info ][gc,heap      ] GC(376) CMS: 533557K->533797K(600768K)
[775.314s][info ][gc,metaspace ] GC(376) Metaspace: 58345K->58345K(1101824K)
[775.314s][info ][gc           ] GC(376) Pause Young (Allocation Failure) 757M->522M(850M) 2.843ms
[775.314s][info ][gc,cpu       ] GC(376) User=0.00s Sys=0.00s Real=0.00s
[775.314s][info ][safepoint    ] Leaving safepoint region
[775.314s][info ][safepoint    ] Total time for which application threads were stopped: 0.0029976 seconds, Stopping threads took: 0.0000162 seconds
[776.314s][info ][safepoint    ] Application time: 1.0001193 seconds
[776.314s][info ][safepoint    ] Entering safepoint region: Cleanup
[776.314s][info ][safepoint    ] Leaving safepoint region
[776.314s][info ][safepoint    ] Total time for which application threads were stopped: 0.0001020 seconds, Stopping threads took: 0.0000403 seconds
[777.314s][info ][safepoint    ] Application time: 1.0001002 seconds
[777.315s][info ][safepoint    ] Entering safepoint region: Cleanup
[777.315s][info ][safepoint    ] Leaving safepoint region
[777.315s][info ][safepoint    ] Total time for which application threads were stopped: 0.0001261 seconds, Stopping threads took: 0.0000584 seconds
[778.315s][info ][safepoint    ] Application time: 1.0001300 seconds
[778.315s][info ][safepoint    ] Entering safepoint region: Cleanup
[778.315s][info ][safepoint    ] Leaving safepoint region
[778.315s][info ][safepoint    ] Total time for which application threads were stopped: 0.0000679 seconds, Stopping threads took: 0.0000164 seconds
[778.711s][info ][safepoint    ] Application time: 0.3963093 seconds
[778.711s][info ][safepoint    ] Entering safepoint region: GenCollectForAllocation
[778.711s][info ][gc,start     ] GC(377) Pause Young (Allocation Failure)
[778.711s][info ][gc,task      ] GC(377) Using 4 workers of 4 for evacuation
[778.714s][debug][gc,ref       ] GC(377) Skipped phase1 of Reference Processing due to unavailable references
[778.714s][debug][gc,ref       ] GC(377) Skipped phase2 of Reference Processing due to unavailable references
[778.714s][debug][gc,ref       ] GC(377) Skipped phase3 of Reference Processing due to unavailable references
[778.714s][debug][gc,ref       ] GC(377) Skipped phase4 of Reference Processing due to unavailable references
[778.714s][debug][gc,age       ] GC(377) Desired survivor size 15368192 bytes, new threshold 6 (max threshold 6)
[778.714s][info ][gc,heap      ] GC(377) ParNew: 241767K->1356K(270336K)
[778.714s][info ][gc,heap      ] GC(377) CMS: 533797K->533995K(600768K)
[778.714s][info ][gc,metaspace ] GC(377) Metaspace: 58345K->58345K(1101824K)
[778.714s][info ][gc           ] GC(377) Pause Young (Allocation Failure) 757M->522M(850M) 2.747ms
[778.714s][info ][gc,cpu       ] GC(377) User=0.01s Sys=0.00s Real=0.00s
[778.714s][info ][safepoint    ] Leaving safepoint region
[778.714s][info ][safepoint    ] Total time for which application threads were stopped: 0.0028910 seconds, Stopping threads took: 0.0000151 seconds
[779.714s][info ][safepoint    ] Application time: 1.0001651 seconds
[779.714s][info ][safepoint    ] Entering safepoint region: Cleanup
[779.714s][info ][safepoint    ] Leaving safepoint region
[779.714s][info ][safepoint    ] Total time for which application threads were stopped: 0.0001756 seconds, Stopping threads took: 0.0000547 seconds
[780.715s][info ][safepoint    ] Application time: 1.0001014 seconds
[780.715s][info ][safepoint    ] Entering safepoint region: Cleanup
[780.715s][info ][safepoint    ] Leaving safepoint region
[780.715s][info ][safepoint    ] Total time for which application threads were stopped: 0.0001120 seconds, Stopping threads took: 0.0000512 seconds
[781.717s][info ][safepoint    ] Application time: 1.0017838 seconds
[781.717s][info ][safepoint    ] Entering safepoint region: Cleanup
[781.717s][info ][safepoint    ] Leaving safepoint region
[781.717s][info ][safepoint    ] Total time for which application threads were stopped: 0.0001318 seconds, Stopping threads took: 0.0000632 seconds
[782.106s][info ][safepoint    ] Application time: 0.3888117 seconds
[782.106s][info ][safepoint    ] Entering safepoint region: GenCollectForAllocation
[782.106s][info ][gc,start     ] GC(378) Pause Young (Allocation Failure)
[782.106s][info ][gc,task      ] GC(378) Using 4 workers of 4 for evacuation
[782.108s][debug][gc,ref       ] GC(378) Skipped phase1 of Reference Processing due to unavailable references
[782.108s][debug][gc,ref       ] GC(378) Skipped phase2 of Reference Processing due to unavailable references
[782.108s][debug][gc,ref       ] GC(378) Skipped phase3 of Reference Processing due to unavailable references
[782.108s][debug][gc,ref       ] GC(378) Skipped phase4 of Reference Processing due to unavailable references
[782.108s][debug][gc,age       ] GC(378) Desired survivor size 15368192 bytes, new threshold 6 (max threshold 6)
[782.108s][info ][gc,heap      ] GC(378) ParNew: 241676K->1250K(270336K)
[782.108s][info ][gc,heap      ] GC(378) CMS: 533995K->534039K(600768K)
[782.108s][info ][gc,metaspace ] GC(378) Metaspace: 58346K->58346K(1101824K)
[782.108s][info ][gc           ] GC(378) Pause Young (Allocation Failure) 757M->522M(850M) 2.599ms
[782.108s][info ][gc,cpu       ] GC(378) User=0.01s Sys=0.00s Real=0.00s
[782.108s][info ][safepoint    ] Leaving safepoint region
[782.108s][info ][safepoint    ] Total time for which application threads were stopped: 0.0027403 seconds, Stopping threads took: 0.0000177 seconds
[783.108s][info ][safepoint    ] Application time: 1.0001028 seconds
[783.108s][info ][safepoint    ] Entering safepoint region: Cleanup
[783.109s][info ][safepoint    ] Leaving safepoint region
[783.109s][info ][safepoint    ] Total time for which application threads were stopped: 0.0001259 seconds, Stopping threads took: 0.0000583 seconds
[784.109s][info ][safepoint    ] Application time: 1.0000994 seconds
[784.109s][info ][safepoint    ] Entering safepoint region: Cleanup
[784.109s][info ][safepoint    ] Leaving safepoint region
[784.109s][info ][safepoint    ] Total time for which application threads were stopped: 0.0001429 seconds, Stopping threads took: 0.0000699 seconds
[785.109s][info ][safepoint    ] Application time: 1.0000916 seconds
[785.109s][info ][safepoint    ] Entering safepoint region: Cleanup
[785.109s][info ][safepoint    ] Leaving safepoint region
[785.109s][info ][safepoint    ] Total time for which application threads were stopped: 0.0001576 seconds, Stopping threads took: 0.0000893 seconds
[785.507s][info ][safepoint    ] Application time: 0.3977216 seconds
[785.507s][info ][safepoint    ] Entering safepoint region: GenCollectForAllocation
[785.507s][info ][gc,start     ] GC(379) Pause Young (Allocation Failure)
[785.507s][info ][gc,task      ] GC(379) Using 4 workers of 4 for evacuation
[785.509s][debug][gc,ref       ] GC(379) Skipped phase1 of Reference Processing due to unavailable references
[785.509s][debug][gc,ref       ] GC(379) Skipped phase2 of Reference Processing due to unavailable references
[785.509s][debug][gc,ref       ] GC(379) Skipped phase3 of Reference Processing due to unavailable references
[785.509s][debug][gc,ref       ] GC(379) Skipped phase4 of Reference Processing due to unavailable references
[785.509s][debug][gc,age       ] GC(379) Desired survivor size 15368192 bytes, new threshold 6 (max threshold 6)
[785.510s][info ][gc,heap      ] GC(379) ParNew: 241570K->1500K(270336K)
[785.510s][info ][gc,heap      ] GC(379) CMS: 534039K->534053K(600768K)
[785.510s][info ][gc,metaspace ] GC(379) Metaspace: 58347K->58347K(1101824K)
[785.510s][info ][gc           ] GC(379) Pause Young (Allocation Failure) 757M->523M(850M) 2.525ms
[785.510s][info ][gc,cpu       ] GC(379) User=0.01s Sys=0.00s Real=0.00s
[785.510s][info ][safepoint    ] Leaving safepoint region
[785.510s][info ][safepoint    ] Total time for which application threads were stopped: 0.0026688 seconds, Stopping threads took: 0.0000169 seconds
[786.510s][info ][safepoint    ] Application time: 1.0001081 seconds
[786.510s][info ][safepoint    ] Entering safepoint region: Cleanup
[786.510s][info ][safepoint    ] Leaving safepoint region
[786.510s][info ][safepoint    ] Total time for which application threads were stopped: 0.0001440 seconds, Stopping threads took: 0.0000652 seconds
[787.510s][info ][safepoint    ] Application time: 1.0000865 seconds
[787.510s][info ][safepoint    ] Entering safepoint region: Cleanup
[787.510s][info ][safepoint    ] Leaving safepoint region
[787.510s][info ][safepoint    ] Total time for which application threads were stopped: 0.0001454 seconds, Stopping threads took: 0.0000736 seconds
[788.510s][info ][safepoint    ] Application time: 1.0000867 seconds
[788.510s][info ][safepoint    ] Entering safepoint region: Cleanup
[788.510s][info ][safepoint    ] Leaving safepoint region
[788.510s][info ][safepoint    ] Total time for which application threads were stopped: 0.0001124 seconds, Stopping threads took: 0.0000437 seconds
[788.814s][info ][safepoint    ] Application time: 0.3035720 seconds
[788.814s][info ][safepoint    ] Entering safepoint region: GenCollectForAllocation
[788.814s][info ][gc,start     ] GC(380) Pause Young (Allocation Failure)
[788.814s][info ][gc,task      ] GC(380) Using 4 workers of 4 for evacuation
[788.816s][debug][gc,ref       ] GC(380) Skipped phase1 of Reference Processing due to unavailable references
[788.816s][debug][gc,ref       ] GC(380) Skipped phase2 of Reference Processing due to unavailable references
[788.816s][debug][gc,ref       ] GC(380) Skipped phase3 of Reference Processing due to unavailable references
[788.816s][debug][gc,ref       ] GC(380) Skipped phase4 of Reference Processing due to unavailable references
[788.817s][debug][gc,age       ] GC(380) Desired survivor size 15368192 bytes, new threshold 6 (max threshold 6)
[788.817s][info ][gc,heap      ] GC(380) ParNew: 241820K->1587K(270336K)
[788.817s][info ][gc,heap      ] GC(380) CMS: 534053K->534071K(600768K)
[788.817s][info ][gc,metaspace ] GC(380) Metaspace: 58355K->58355K(1101824K)
[788.817s][info ][gc           ] GC(380) Pause Young (Allocation Failure) 757M->523M(850M) 3.136ms
[788.817s][info ][gc,cpu       ] GC(380) User=0.01s Sys=0.00s Real=0.00s
[788.820s][info ][safepoint    ] Leaving safepoint region
[788.821s][info ][safepoint    ] Total time for which application threads were stopped: 0.0064935 seconds, Stopping threads took: 0.0000191 seconds
[789.821s][info ][safepoint    ] Application time: 1.0000957 seconds
[789.821s][info ][safepoint    ] Entering safepoint region: Cleanup
[789.821s][info ][safepoint    ] Leaving safepoint region
[789.821s][info ][safepoint    ] Total time for which application threads were stopped: 0.0000869 seconds, Stopping threads took: 0.0000175 seconds
[790.821s][info ][safepoint    ] Application time: 1.0000991 seconds
[790.821s][info ][safepoint    ] Entering safepoint region: Cleanup
[790.821s][info ][safepoint    ] Leaving safepoint region
[790.821s][info ][safepoint    ] Total time for which application threads were stopped: 0.0000706 seconds, Stopping threads took: 0.0000166 seconds
[791.821s][info ][safepoint    ] Application time: 1.0000939 seconds
[791.821s][info ][safepoint    ] Entering safepoint region: Cleanup
[791.821s][info ][safepoint    ] Leaving safepoint region
[791.821s][info ][safepoint    ] Total time for which application threads were stopped: 0.0000819 seconds, Stopping threads took: 0.0000183 seconds
[792.160s][info ][safepoint    ] Application time: 0.3387730 seconds
[792.160s][info ][safepoint    ] Entering safepoint region: GenCollectForAllocation
[792.160s][info ][gc,start     ] GC(381) Pause Young (Allocation Failure)
[792.160s][info ][gc,task      ] GC(381) Using 4 workers of 4 for evacuation
[792.163s][debug][gc,ref       ] GC(381) Skipped phase1 of Reference Processing due to unavailable references
[792.163s][debug][gc,ref       ] GC(381) Skipped phase3 of Reference Processing due to unavailable references
[792.163s][debug][gc,age       ] GC(381) Desired survivor size 15368192 bytes, new threshold 6 (max threshold 6)
[792.163s][info ][gc,heap      ] GC(381) ParNew: 241907K->1910K(270336K)
[792.163s][info ][gc,heap      ] GC(381) CMS: 534071K->534128K(600768K)
[792.163s][info ][gc,metaspace ] GC(381) Metaspace: 58362K->58362K(1101824K)
[792.163s][info ][gc           ] GC(381) Pause Young (Allocation Failure) 757M->523M(850M) 3.055ms
[792.163s][info ][gc,cpu       ] GC(381) User=0.01s Sys=0.00s Real=0.01s
[792.163s][info ][safepoint    ] Leaving safepoint region
[792.163s][info ][safepoint    ] Total time for which application threads were stopped: 0.0032213 seconds, Stopping threads took: 0.0000160 seconds
[793.163s][info ][safepoint    ] Application time: 1.0001083 seconds
[793.163s][info ][safepoint    ] Entering safepoint region: Cleanup
[793.164s][info ][safepoint    ] Leaving safepoint region
[793.164s][info ][safepoint    ] Total time for which application threads were stopped: 0.0002030 seconds, Stopping threads took: 0.0001315 seconds
[794.164s][info ][safepoint    ] Application time: 1.0000914 seconds
[794.164s][info ][safepoint    ] Entering safepoint region: Cleanup
[794.164s][info ][safepoint    ] Leaving safepoint region
[794.164s][info ][safepoint    ] Total time for which application threads were stopped: 0.0001228 seconds, Stopping threads took: 0.0000428 seconds
[795.164s][info ][safepoint    ] Application time: 1.0001046 seconds
[795.164s][info ][safepoint    ] Entering safepoint region: Cleanup
[795.164s][info ][safepoint    ] Leaving safepoint region
[795.164s][info ][safepoint    ] Total time for which application threads were stopped: 0.0001195 seconds, Stopping threads took: 0.0000508 seconds
[795.407s][info ][safepoint    ] Application time: 0.2430883 seconds
[795.407s][info ][safepoint    ] Entering safepoint region: GenCollectForAllocation
[795.407s][info ][gc,start     ] GC(382) Pause Young (Allocation Failure)
[795.407s][info ][gc,task      ] GC(382) Using 4 workers of 4 for evacuation
[795.410s][debug][gc,ref       ] GC(382) Skipped phase1 of Reference Processing due to unavailable references
[795.410s][debug][gc,ref       ] GC(382) Skipped phase2 of Reference Processing due to unavailable references
[795.410s][debug][gc,ref       ] GC(382) Skipped phase3 of Reference Processing due to unavailable references
[795.410s][debug][gc,ref       ] GC(382) Skipped phase4 of Reference Processing due to unavailable references
[795.410s][debug][gc,age       ] GC(382) Desired survivor size 15368192 bytes, new threshold 6 (max threshold 6)
[795.410s][info ][gc,heap      ] GC(382) ParNew: 242230K->2265K(270336K)
[795.410s][info ][gc,heap      ] GC(382) CMS: 534128K->534257K(600768K)
[795.410s][info ][gc,metaspace ] GC(382) Metaspace: 58363K->58363K(1101824K)
[795.410s][info ][gc           ] GC(382) Pause Young (Allocation Failure) 758M->523M(850M) 2.975ms
[795.410s][info ][gc,cpu       ] GC(382) User=0.01s Sys=0.00s Real=0.01s
[795.410s][info ][safepoint    ] Leaving safepoint region
[795.410s][info ][safepoint    ] Total time for which application threads were stopped: 0.0031257 seconds, Stopping threads took: 0.0000166 seconds
[796.411s][info ][safepoint    ] Application time: 1.0001026 seconds
[796.411s][info ][safepoint    ] Entering safepoint region: Cleanup
[796.411s][info ][safepoint    ] Leaving safepoint region
[796.411s][info ][safepoint    ] Total time for which application threads were stopped: 0.0001032 seconds, Stopping threads took: 0.0000445 seconds
[797.411s][info ][safepoint    ] Application time: 1.0001310 seconds
[797.411s][info ][safepoint    ] Entering safepoint region: Cleanup
[797.411s][info ][safepoint    ] Leaving safepoint region
[797.411s][info ][safepoint    ] Total time for which application threads were stopped: 0.0001899 seconds, Stopping threads took: 0.0001079 seconds
[798.411s][info ][safepoint    ] Application time: 1.0001143 seconds
[798.411s][info ][safepoint    ] Entering safepoint region: Cleanup
[798.411s][info ][safepoint    ] Leaving safepoint region
[798.411s][info ][safepoint    ] Total time for which application threads were stopped: 0.0001609 seconds, Stopping threads took: 0.0000574 seconds
[798.557s][info ][safepoint    ] Application time: 0.1460755 seconds
[798.558s][info ][safepoint    ] Entering safepoint region: GenCollectForAllocation
[798.558s][info ][gc,start     ] GC(383) Pause Young (Allocation Failure)
[798.558s][info ][gc,task      ] GC(383) Using 4 workers of 4 for evacuation
[798.560s][debug][gc,ref       ] GC(383) Skipped phase1 of Reference Processing due to unavailable references
[798.560s][debug][gc,ref       ] GC(383) Skipped phase2 of Reference Processing due to unavailable references
[798.560s][debug][gc,ref       ] GC(383) Skipped phase3 of Reference Processing due to unavailable references
[798.560s][debug][gc,ref       ] GC(383) Skipped phase4 of Reference Processing due to unavailable references
[798.560s][debug][gc,age       ] GC(383) Desired survivor size 15368192 bytes, new threshold 6 (max threshold 6)
[798.560s][info ][gc,heap      ] GC(383) ParNew: 242585K->2444K(270336K)
[798.560s][info ][gc,heap      ] GC(383) CMS: 534257K->534267K(600768K)
[798.560s][info ][gc,metaspace ] GC(383) Metaspace: 58368K->58368K(1101824K)
[798.560s][info ][gc           ] GC(383) Pause Young (Allocation Failure) 758M->524M(850M) 2.777ms
[798.560s][info ][gc,cpu       ] GC(383) User=0.01s Sys=0.00s Real=0.00s
[798.560s][info ][safepoint    ] Leaving safepoint region
[798.560s][info ][safepoint    ] Total time for which application threads were stopped: 0.0029267 seconds, Stopping threads took: 0.0000171 seconds
[799.561s][info ][safepoint    ] Application time: 1.0000999 seconds
[799.561s][info ][safepoint    ] Entering safepoint region: Cleanup
[799.561s][info ][safepoint    ] Leaving safepoint region
[799.561s][info ][safepoint    ] Total time for which application threads were stopped: 0.0001184 seconds, Stopping threads took: 0.0000391 seconds
[800.561s][info ][safepoint    ] Application time: 1.0000920 seconds
[800.561s][info ][safepoint    ] Entering safepoint region: Cleanup
[800.561s][info ][safepoint    ] Leaving safepoint region
[800.561s][info ][safepoint    ] Total time for which application threads were stopped: 0.0001475 seconds, Stopping threads took: 0.0000743 seconds
[801.555s][info ][safepoint    ] Application time: 0.9943205 seconds
[801.555s][info ][safepoint    ] Entering safepoint region: GenCollectForAllocation
[801.555s][info ][gc,start     ] GC(384) Pause Young (Allocation Failure)
[801.556s][info ][gc,task      ] GC(384) Using 4 workers of 4 for evacuation
[801.558s][debug][gc,ref       ] GC(384) Skipped phase1 of Reference Processing due to unavailable references
[801.558s][debug][gc,ref       ] GC(384) Skipped phase2 of Reference Processing due to unavailable references
[801.558s][debug][gc,ref       ] GC(384) Skipped phase3 of Reference Processing due to unavailable references
[801.558s][debug][gc,ref       ] GC(384) Skipped phase4 of Reference Processing due to unavailable references
[801.559s][debug][gc,age       ] GC(384) Desired survivor size 15368192 bytes, new threshold 6 (max threshold 6)
[801.559s][info ][gc,heap      ] GC(384) ParNew: 242764K->2348K(270336K)
[801.559s][info ][gc,heap      ] GC(384) CMS: 534267K->534440K(600768K)
[801.559s][info ][gc,metaspace ] GC(384) Metaspace: 58371K->58371K(1101824K)
[801.559s][info ][gc           ] GC(384) Pause Young (Allocation Failure) 758M->524M(850M) 3.096ms
[801.559s][info ][gc,cpu       ] GC(384) User=0.01s Sys=0.00s Real=0.00s
[801.559s][info ][safepoint    ] Leaving safepoint region
[801.559s][info ][safepoint    ] Total time for which application threads were stopped: 0.0032718 seconds, Stopping threads took: 0.0000389 seconds
[802.559s][info ][safepoint    ] Application time: 1.0001059 seconds
[802.559s][info ][safepoint    ] Entering safepoint region: Cleanup
[802.559s][info ][safepoint    ] Leaving safepoint region
[802.559s][info ][safepoint    ] Total time for which application threads were stopped: 0.0001034 seconds, Stopping threads took: 0.0000398 seconds
[803.559s][info ][safepoint    ] Application time: 1.0000899 seconds
[803.559s][info ][safepoint    ] Entering safepoint region: Cleanup
[803.559s][info ][safepoint    ] Leaving safepoint region
[803.559s][info ][safepoint    ] Total time for which application threads were stopped: 0.0001139 seconds, Stopping threads took: 0.0000418 seconds
[804.487s][info ][safepoint    ] Application time: 0.9283415 seconds
[804.488s][info ][safepoint    ] Entering safepoint region: GenCollectForAllocation
[804.488s][info ][gc,start     ] GC(385) Pause Young (Allocation Failure)
[804.488s][info ][gc,task      ] GC(385) Using 4 workers of 4 for evacuation
[804.490s][debug][gc,ref       ] GC(385) Skipped phase1 of Reference Processing due to unavailable references
[804.490s][debug][gc,ref       ] GC(385) Skipped phase2 of Reference Processing due to unavailable references
[804.491s][debug][gc,ref       ] GC(385) Skipped phase3 of Reference Processing due to unavailable references
[804.491s][debug][gc,ref       ] GC(385) Skipped phase4 of Reference Processing due to unavailable references
[804.491s][debug][gc,age       ] GC(385) Desired survivor size 15368192 bytes, new threshold 6 (max threshold 6)
[804.491s][info ][gc,heap      ] GC(385) ParNew: 242668K->2346K(270336K)
[804.491s][info ][gc,heap      ] GC(385) CMS: 534440K->534459K(600768K)
[804.491s][info ][gc,metaspace ] GC(385) Metaspace: 58373K->58373K(1101824K)
[804.491s][info ][gc           ] GC(385) Pause Young (Allocation Failure) 758M->524M(850M) 3.080ms
[804.491s][info ][gc,cpu       ] GC(385) User=0.02s Sys=0.00s Real=0.01s
[804.491s][info ][safepoint    ] Leaving safepoint region
[804.491s][info ][safepoint    ] Total time for which application threads were stopped: 0.0032348 seconds, Stopping threads took: 0.0000171 seconds
[805.491s][info ][safepoint    ] Application time: 1.0001334 seconds
[805.491s][info ][safepoint    ] Entering safepoint region: Cleanup
[805.491s][info ][safepoint    ] Leaving safepoint region
[805.491s][info ][safepoint    ] Total time for which application threads were stopped: 0.0001011 seconds, Stopping threads took: 0.0000212 seconds
[806.491s][info ][safepoint    ] Application time: 1.0000696 seconds
[806.491s][info ][safepoint    ] Entering safepoint region: Cleanup
[806.491s][info ][safepoint    ] Leaving safepoint region
[806.491s][info ][safepoint    ] Total time for which application threads were stopped: 0.0000909 seconds, Stopping threads took: 0.0000206 seconds
[807.491s][info ][safepoint    ] Application time: 1.0000945 seconds
[807.491s][info ][safepoint    ] Entering safepoint region: Cleanup
[807.491s][info ][safepoint    ] Leaving safepoint region
[807.491s][info ][safepoint    ] Total time for which application threads were stopped: 0.0000879 seconds, Stopping threads took: 0.0000264 seconds
[807.713s][info ][safepoint    ] Application time: 0.2216984 seconds
[807.713s][info ][safepoint    ] Entering safepoint region: GenCollectForAllocation
[807.713s][info ][gc,start     ] GC(386) Pause Young (Allocation Failure)
[807.713s][info ][gc,task      ] GC(386) Using 4 workers of 4 for evacuation
[807.716s][debug][gc,ref       ] GC(386) Skipped phase1 of Reference Processing due to unavailable references
[807.716s][debug][gc,ref       ] GC(386) Skipped phase2 of Reference Processing due to unavailable references
[807.716s][debug][gc,ref       ] GC(386) Skipped phase3 of Reference Processing due to unavailable references
[807.716s][debug][gc,ref       ] GC(386) Skipped phase4 of Reference Processing due to unavailable references
[807.717s][debug][gc,age       ] GC(386) Desired survivor size 15368192 bytes, new threshold 6 (max threshold 6)
[807.717s][info ][gc,heap      ] GC(386) ParNew: 242666K->2473K(270336K)
[807.717s][info ][gc,heap      ] GC(386) CMS: 534459K->534691K(600768K)
[807.717s][info ][gc,metaspace ] GC(386) Metaspace: 58375K->58375K(1101824K)
[807.717s][info ][gc           ] GC(386) Pause Young (Allocation Failure) 758M->524M(850M) 3.227ms
[807.717s][info ][gc,cpu       ] GC(386) User=0.01s Sys=0.00s Real=0.00s
[807.717s][info ][safepoint    ] Leaving safepoint region
[807.717s][info ][safepoint    ] Total time for which application threads were stopped: 0.0034498 seconds, Stopping threads took: 0.0000163 seconds
[808.717s][info ][safepoint    ] Application time: 1.0001070 seconds
[808.717s][info ][safepoint    ] Entering safepoint region: Cleanup
[808.717s][info ][safepoint    ] Leaving safepoint region
[808.717s][info ][safepoint    ] Total time for which application threads were stopped: 0.0000859 seconds, Stopping threads took: 0.0000167 seconds
[809.717s][info ][safepoint    ] Application time: 1.0000941 seconds
[809.717s][info ][safepoint    ] Entering safepoint region: Cleanup
[809.717s][info ][safepoint    ] Leaving safepoint region
[809.717s][info ][safepoint    ] Total time for which application threads were stopped: 0.0001598 seconds, Stopping threads took: 0.0000173 seconds
[810.717s][info ][safepoint    ] Application time: 1.0000876 seconds
[810.717s][info ][safepoint    ] Entering safepoint region: Cleanup
[810.717s][info ][safepoint    ] Leaving safepoint region
[810.717s][info ][safepoint    ] Total time for which application threads were stopped: 0.0000841 seconds, Stopping threads took: 0.0000161 seconds
[811.060s][info ][safepoint    ] Application time: 0.3422115 seconds
[811.060s][info ][safepoint    ] Entering safepoint region: GenCollectForAllocation
[811.060s][info ][gc,start     ] GC(387) Pause Young (Allocation Failure)
[811.060s][info ][gc,task      ] GC(387) Using 4 workers of 4 for evacuation
[811.062s][debug][gc,ref       ] GC(387) Skipped phase1 of Reference Processing due to unavailable references
[811.062s][debug][gc,ref       ] GC(387) Skipped phase2 of Reference Processing due to unavailable references
[811.062s][debug][gc,ref       ] GC(387) Skipped phase3 of Reference Processing due to unavailable references
[811.062s][debug][gc,ref       ] GC(387) Skipped phase4 of Reference Processing due to unavailable references
[811.062s][debug][gc,age       ] GC(387) Desired survivor size 15368192 bytes, new threshold 6 (max threshold 6)
[811.062s][info ][gc,heap      ] GC(387) ParNew: 242793K->1551K(270336K)
[811.062s][info ][gc,heap      ] GC(387) CMS: 534691K->535269K(600768K)
[811.062s][info ][gc,metaspace ] GC(387) Metaspace: 58375K->58375K(1101824K)
[811.062s][info ][gc           ] GC(387) Pause Young (Allocation Failure) 759M->524M(850M) 2.724ms
[811.062s][info ][gc,cpu       ] GC(387) User=0.01s Sys=0.00s Real=0.01s
[811.062s][info ][safepoint    ] Leaving safepoint region
[811.062s][info ][safepoint    ] Total time for which application threads were stopped: 0.0028641 seconds, Stopping threads took: 0.0000164 seconds
[812.063s][info ][safepoint    ] Application time: 1.0001508 seconds
[812.063s][info ][safepoint    ] Entering safepoint region: Cleanup
[812.063s][info ][safepoint    ] Leaving safepoint region
[812.063s][info ][safepoint    ] Total time for which application threads were stopped: 0.0001233 seconds, Stopping threads took: 0.0000627 seconds
[813.063s][info ][safepoint    ] Application time: 1.0000871 seconds
[813.063s][info ][safepoint    ] Entering safepoint region: Cleanup
[813.063s][info ][safepoint    ] Leaving safepoint region
[813.063s][info ][safepoint    ] Total time for which application threads were stopped: 0.0001765 seconds, Stopping threads took: 0.0001087 seconds
[814.064s][info ][safepoint    ] Application time: 1.0006049 seconds
[814.064s][info ][safepoint    ] Entering safepoint region: Cleanup
[814.064s][info ][safepoint    ] Leaving safepoint region
[814.064s][info ][safepoint    ] Total time for which application threads were stopped: 0.0001831 seconds, Stopping threads took: 0.0001049 seconds
[814.409s][info ][safepoint    ] Application time: 0.3448576 seconds
[814.409s][info ][safepoint    ] Entering safepoint region: GenCollectForAllocation
[814.409s][info ][gc,start     ] GC(388) Pause Young (Allocation Failure)
[814.409s][info ][gc,task      ] GC(388) Using 4 workers of 4 for evacuation
[814.418s][debug][gc,ref       ] GC(388) Skipped phase1 of Reference Processing due to unavailable references
[814.418s][debug][gc,ref       ] GC(388) Skipped phase2 of Reference Processing due to unavailable references
[814.418s][debug][gc,ref       ] GC(388) Skipped phase3 of Reference Processing due to unavailable references
[814.418s][debug][gc,ref       ] GC(388) Skipped phase4 of Reference Processing due to unavailable references
[814.418s][debug][gc,age       ] GC(388) Desired survivor size 15368192 bytes, new threshold 6 (max threshold 6)
[814.418s][info ][gc,heap      ] GC(388) ParNew: 241871K->1753K(270336K)
[814.418s][info ][gc,heap      ] GC(388) CMS: 535269K->535432K(600768K)
[814.418s][info ][gc,metaspace ] GC(388) Metaspace: 58375K->58375K(1101824K)
[814.418s][info ][gc           ] GC(388) Pause Young (Allocation Failure) 758M->524M(850M) 9.505ms
[814.418s][info ][gc,cpu       ] GC(388) User=0.01s Sys=0.00s Real=0.01s
[814.418s][info ][safepoint    ] Leaving safepoint region
[814.418s][info ][safepoint    ] Total time for which application threads were stopped: 0.0096621 seconds, Stopping threads took: 0.0000161 seconds
[815.419s][info ][safepoint    ] Application time: 1.0001150 seconds
[815.419s][info ][safepoint    ] Entering safepoint region: Cleanup
[815.419s][info ][safepoint    ] Leaving safepoint region
[815.419s][info ][safepoint    ] Total time for which application threads were stopped: 0.0000940 seconds, Stopping threads took: 0.0000169 seconds
[816.422s][info ][safepoint    ] Application time: 1.0033233 seconds
[816.422s][info ][safepoint    ] Entering safepoint region: Cleanup
[816.422s][info ][safepoint    ] Leaving safepoint region
[816.422s][info ][safepoint    ] Total time for which application threads were stopped: 0.0001046 seconds, Stopping threads took: 0.0000211 seconds
[817.422s][info ][safepoint    ] Application time: 1.0000870 seconds
[817.422s][info ][safepoint    ] Entering safepoint region: Cleanup
[817.422s][info ][safepoint    ] Leaving safepoint region
[817.422s][info ][safepoint    ] Total time for which application threads were stopped: 0.0001097 seconds, Stopping threads took: 0.0000430 seconds
[817.715s][info ][safepoint    ] Application time: 0.2923973 seconds
[817.715s][info ][safepoint    ] Entering safepoint region: GenCollectForAllocation
[817.715s][info ][gc,start     ] GC(389) Pause Young (Allocation Failure)
[817.715s][info ][gc,task      ] GC(389) Using 4 workers of 4 for evacuation
[817.718s][debug][gc,ref       ] GC(389) Skipped phase1 of Reference Processing due to unavailable references
[817.718s][debug][gc,ref       ] GC(389) Skipped phase2 of Reference Processing due to unavailable references
[817.718s][debug][gc,ref       ] GC(389) Skipped phase3 of Reference Processing due to unavailable references
[817.718s][debug][gc,ref       ] GC(389) Skipped phase4 of Reference Processing due to unavailable references
[817.718s][debug][gc,age       ] GC(389) Desired survivor size 15368192 bytes, new threshold 6 (max threshold 6)
[817.718s][info ][gc,heap      ] GC(389) ParNew: 242073K->1396K(270336K)
[817.718s][info ][gc,heap      ] GC(389) CMS: 535432K->535649K(600768K)
[817.718s][info ][gc,metaspace ] GC(389) Metaspace: 58378K->58378K(1101824K)
[817.718s][info ][gc           ] GC(389) Pause Young (Allocation Failure) 759M->524M(850M) 3.141ms
[817.718s][info ][gc,cpu       ] GC(389) User=0.01s Sys=0.00s Real=0.00s
[817.718s][info ][safepoint    ] Leaving safepoint region
[817.718s][info ][safepoint    ] Total time for which application threads were stopped: 0.0033225 seconds, Stopping threads took: 0.0000184 seconds
[818.718s][info ][safepoint    ] Application time: 1.0000989 seconds
[818.718s][info ][safepoint    ] Entering safepoint region: Cleanup
[818.718s][info ][safepoint    ] Leaving safepoint region
[818.718s][info ][safepoint    ] Total time for which application threads were stopped: 0.0000776 seconds, Stopping threads took: 0.0000163 seconds
[819.718s][info ][safepoint    ] Application time: 1.0000910 seconds
[819.719s][info ][safepoint    ] Entering safepoint region: Cleanup
[819.719s][info ][safepoint    ] Leaving safepoint region
[819.719s][info ][safepoint    ] Total time for which application threads were stopped: 0.0001260 seconds, Stopping threads took: 0.0000643 seconds
[820.719s][info ][safepoint    ] Application time: 1.0000608 seconds
[820.719s][info ][safepoint    ] Entering safepoint region: Cleanup
[820.719s][info ][safepoint    ] Leaving safepoint region
[820.719s][info ][safepoint    ] Total time for which application threads were stopped: 0.0000746 seconds, Stopping threads took: 0.0000154 seconds
[821.155s][info ][safepoint    ] Application time: 0.4363346 seconds
[821.155s][info ][safepoint    ] Entering safepoint region: GenCollectForAllocation
[821.155s][info ][gc,start     ] GC(390) Pause Young (Allocation Failure)
[821.155s][info ][gc,task      ] GC(390) Using 4 workers of 4 for evacuation
[821.158s][debug][gc,ref       ] GC(390) Skipped phase1 of Reference Processing due to unavailable references
[821.158s][debug][gc,ref       ] GC(390) Skipped phase2 of Reference Processing due to unavailable references
[821.158s][debug][gc,ref       ] GC(390) Skipped phase3 of Reference Processing due to unavailable references
[821.158s][debug][gc,ref       ] GC(390) Skipped phase4 of Reference Processing due to unavailable references
[821.159s][debug][gc,age       ] GC(390) Desired survivor size 15368192 bytes, new threshold 6 (max threshold 6)
[821.159s][info ][gc,heap      ] GC(390) ParNew: 241716K->1215K(270336K)
[821.159s][info ][gc,heap      ] GC(390) CMS: 535649K->536073K(600768K)
[821.159s][info ][gc,metaspace ] GC(390) Metaspace: 58383K->58383K(1101824K)
[821.159s][info ][gc           ] GC(390) Pause Young (Allocation Failure) 759M->524M(850M) 3.250ms
[821.159s][info ][gc,cpu       ] GC(390) User=0.01s Sys=0.00s Real=0.00s
[821.159s][info ][safepoint    ] Leaving safepoint region
[821.159s][info ][safepoint    ] Total time for which application threads were stopped: 0.0034500 seconds, Stopping threads took: 0.0000687 seconds
[822.159s][info ][safepoint    ] Application time: 1.0001378 seconds
[822.159s][info ][safepoint    ] Entering safepoint region: Cleanup
[822.159s][info ][safepoint    ] Leaving safepoint region
[822.159s][info ][safepoint    ] Total time for which application threads were stopped: 0.0001599 seconds, Stopping threads took: 0.0000893 seconds
[823.159s][info ][safepoint    ] Application time: 1.0000916 seconds
[823.159s][info ][safepoint    ] Entering safepoint region: Cleanup
[823.159s][info ][safepoint    ] Leaving safepoint region
[823.159s][info ][safepoint    ] Total time for which application threads were stopped: 0.0001068 seconds, Stopping threads took: 0.0000417 seconds
[824.159s][info ][safepoint    ] Application time: 1.0000981 seconds
[824.159s][info ][safepoint    ] Entering safepoint region: Cleanup
[824.159s][info ][safepoint    ] Leaving safepoint region
[824.159s][info ][safepoint    ] Total time for which application threads were stopped: 0.0001452 seconds, Stopping threads took: 0.0000696 seconds
[824.504s][info ][safepoint    ] Application time: 0.3444510 seconds
[824.504s][info ][safepoint    ] Entering safepoint region: GenCollectForAllocation
[824.504s][info ][gc,start     ] GC(391) Pause Young (Allocation Failure)
[824.504s][info ][gc,task      ] GC(391) Using 4 workers of 4 for evacuation
[824.507s][debug][gc,ref       ] GC(391) Skipped phase1 of Reference Processing due to unavailable references
[824.507s][debug][gc,ref       ] GC(391) Skipped phase2 of Reference Processing due to unavailable references
[824.507s][debug][gc,ref       ] GC(391) Skipped phase3 of Reference Processing due to unavailable references
[824.507s][debug][gc,ref       ] GC(391) Skipped phase4 of Reference Processing due to unavailable references
[824.507s][debug][gc,age       ] GC(391) Desired survivor size 15368192 bytes, new threshold 6 (max threshold 6)
[824.507s][info ][gc,heap      ] GC(391) ParNew: 241535K->1027K(270336K)
[824.507s][info ][gc,heap      ] GC(391) CMS: 536073K->536094K(600768K)
[824.507s][info ][gc,metaspace ] GC(391) Metaspace: 58385K->58385K(1101824K)
[824.507s][info ][gc           ] GC(391) Pause Young (Allocation Failure) 759M->524M(850M) 2.698ms
[824.507s][info ][gc,cpu       ] GC(391) User=0.01s Sys=0.00s Real=0.00s
[824.507s][info ][safepoint    ] Leaving safepoint region
[824.507s][info ][safepoint    ] Total time for which application threads were stopped: 0.0030481 seconds, Stopping threads took: 0.0000193 seconds
[825.507s][info ][safepoint    ] Application time: 1.0000905 seconds
[825.507s][info ][safepoint    ] Entering safepoint region: Cleanup
[825.507s][info ][safepoint    ] Leaving safepoint region
[825.507s][info ][safepoint    ] Total time for which application threads were stopped: 0.0001106 seconds, Stopping threads took: 0.0000398 seconds
[826.507s][info ][safepoint    ] Application time: 1.0001015 seconds
[826.507s][info ][safepoint    ] Entering safepoint region: Cleanup
[826.508s][info ][safepoint    ] Leaving safepoint region
[826.508s][info ][safepoint    ] Total time for which application threads were stopped: 0.0001093 seconds, Stopping threads took: 0.0000437 seconds
[827.508s][info ][safepoint    ] Application time: 1.0000938 seconds
[827.508s][info ][safepoint    ] Entering safepoint region: Cleanup
[827.508s][info ][safepoint    ] Leaving safepoint region
[827.508s][info ][safepoint    ] Total time for which application threads were stopped: 0.0001223 seconds, Stopping threads took: 0.0000402 seconds
[827.754s][info ][safepoint    ] Application time: 0.2465740 seconds
[827.754s][info ][safepoint    ] Entering safepoint region: GenCollectForAllocation
[827.755s][info ][gc,start     ] GC(392) Pause Young (Allocation Failure)
[827.755s][info ][gc,task      ] GC(392) Using 4 workers of 4 for evacuation
[827.757s][debug][gc,ref       ] GC(392) Skipped phase1 of Reference Processing due to unavailable references
[827.757s][debug][gc,ref       ] GC(392) Skipped phase2 of Reference Processing due to unavailable references
[827.757s][debug][gc,ref       ] GC(392) Skipped phase3 of Reference Processing due to unavailable references
[827.757s][debug][gc,ref       ] GC(392) Skipped phase4 of Reference Processing due to unavailable references
[827.757s][debug][gc,age       ] GC(392) Desired survivor size 15368192 bytes, new threshold 6 (max threshold 6)
[827.757s][info ][gc,heap      ] GC(392) ParNew: 241347K->932K(270336K)
[827.757s][info ][gc,heap      ] GC(392) CMS: 536094K->536173K(600768K)
[827.757s][info ][gc,metaspace ] GC(392) Metaspace: 58385K->58385K(1101824K)
[827.757s][info ][gc           ] GC(392) Pause Young (Allocation Failure) 759M->524M(850M) 2.432ms
[827.757s][info ][gc,cpu       ] GC(392) User=0.01s Sys=0.00s Real=0.00s
[827.757s][info ][safepoint    ] Leaving safepoint region
[827.757s][info ][safepoint    ] Total time for which application threads were stopped: 0.0025792 seconds, Stopping threads took: 0.0000159 seconds
[828.757s][info ][safepoint    ] Application time: 1.0000989 seconds
[828.757s][info ][safepoint    ] Entering safepoint region: Cleanup
[828.757s][info ][safepoint    ] Leaving safepoint region
[828.757s][info ][safepoint    ] Total time for which application threads were stopped: 0.0001525 seconds, Stopping threads took: 0.0000812 seconds
[829.757s][info ][safepoint    ] Application time: 1.0001014 seconds
[829.757s][info ][safepoint    ] Entering safepoint region: Cleanup
[829.758s][info ][safepoint    ] Leaving safepoint region
[829.758s][info ][safepoint    ] Total time for which application threads were stopped: 0.0001337 seconds, Stopping threads took: 0.0000655 seconds
[830.758s][info ][safepoint    ] Application time: 1.0000923 seconds
[830.758s][info ][safepoint    ] Entering safepoint region: Cleanup
[830.758s][info ][safepoint    ] Leaving safepoint region
[830.758s][info ][safepoint    ] Total time for which application threads were stopped: 0.0001981 seconds, Stopping threads took: 0.0001140 seconds
[831.058s][info ][safepoint    ] Application time: 0.2996160 seconds
[831.058s][info ][safepoint    ] Entering safepoint region: GenCollectForAllocation
[831.058s][info ][gc,start     ] GC(393) Pause Young (Allocation Failure)
[831.058s][info ][gc,task      ] GC(393) Using 4 workers of 4 for evacuation
[831.061s][debug][gc,ref       ] GC(393) Skipped phase1 of Reference Processing due to unavailable references
[831.061s][debug][gc,ref       ] GC(393) Skipped phase3 of Reference Processing due to unavailable references
[831.061s][debug][gc,ref       ] GC(393) Skipped phase4 of Reference Processing due to unavailable references
[831.061s][debug][gc,age       ] GC(393) Desired survivor size 15368192 bytes, new threshold 6 (max threshold 6)
[831.061s][info ][gc,heap      ] GC(393) ParNew: 241252K->1008K(270336K)
[831.061s][info ][gc,heap      ] GC(393) CMS: 536173K->536255K(600768K)
[831.061s][info ][gc,metaspace ] GC(393) Metaspace: 58386K->58386K(1101824K)
[831.061s][info ][gc           ] GC(393) Pause Young (Allocation Failure) 759M->524M(850M) 3.486ms
[831.061s][info ][gc,cpu       ] GC(393) User=0.01s Sys=0.00s Real=0.00s
[831.061s][info ][safepoint    ] Leaving safepoint region
[831.061s][info ][safepoint    ] Total time for which application threads were stopped: 0.0036529 seconds, Stopping threads took: 0.0000165 seconds
[832.061s][info ][safepoint    ] Application time: 1.0001127 seconds
[832.061s][info ][safepoint    ] Entering safepoint region: Cleanup
[832.062s][info ][safepoint    ] Leaving safepoint region
[832.062s][info ][safepoint    ] Total time for which application threads were stopped: 0.0001692 seconds, Stopping threads took: 0.0000855 seconds
[833.062s][info ][safepoint    ] Application time: 1.0001009 seconds
[833.062s][info ][safepoint    ] Entering safepoint region: Cleanup
[833.062s][info ][safepoint    ] Leaving safepoint region
[833.062s][info ][safepoint    ] Total time for which application threads were stopped: 0.0001268 seconds, Stopping threads took: 0.0000544 seconds
[834.062s][info ][safepoint    ] Application time: 1.0001084 seconds
[834.062s][info ][safepoint    ] Entering safepoint region: Cleanup
[834.062s][info ][safepoint    ] Leaving safepoint region
[834.062s][info ][safepoint    ] Total time for which application threads were stopped: 0.0001966 seconds, Stopping threads took: 0.0001009 seconds
[834.419s][info ][safepoint    ] Application time: 0.3570551 seconds
[834.419s][info ][safepoint    ] Entering safepoint region: GenCollectForAllocation
[834.419s][info ][gc,start     ] GC(394) Pause Young (Allocation Failure)
[834.419s][info ][gc,task      ] GC(394) Using 4 workers of 4 for evacuation
[834.422s][debug][gc,ref       ] GC(394) Skipped phase1 of Reference Processing due to unavailable references
[834.422s][debug][gc,ref       ] GC(394) Skipped phase3 of Reference Processing due to unavailable references
[834.422s][debug][gc,ref       ] GC(394) Skipped phase4 of Reference Processing due to unavailable references
[834.422s][debug][gc,age       ] GC(394) Desired survivor size 15368192 bytes, new threshold 6 (max threshold 6)
[834.422s][info ][gc,heap      ] GC(394) ParNew: 241328K->1084K(270336K)
[834.422s][info ][gc,heap      ] GC(394) CMS: 536255K->536345K(600768K)
[834.422s][info ][gc,metaspace ] GC(394) Metaspace: 58387K->58387K(1101824K)
[834.422s][info ][gc           ] GC(394) Pause Young (Allocation Failure) 759M->524M(850M) 3.005ms
[834.422s][info ][gc,cpu       ] GC(394) User=0.01s Sys=0.01s Real=0.01s
[834.422s][info ][safepoint    ] Leaving safepoint region
[834.422s][info ][safepoint    ] Total time for which application threads were stopped: 0.0032178 seconds, Stopping threads took: 0.0000229 seconds
[835.424s][info ][safepoint    ] Application time: 1.0019930 seconds
[835.424s][info ][safepoint    ] Entering safepoint region: Cleanup
[835.425s][info ][safepoint    ] Leaving safepoint region
[835.425s][info ][safepoint    ] Total time for which application threads were stopped: 0.0000710 seconds, Stopping threads took: 0.0000176 seconds
[836.438s][info ][safepoint    ] Application time: 1.0135722 seconds
[836.438s][info ][safepoint    ] Entering safepoint region: Cleanup
[836.438s][info ][safepoint    ] Leaving safepoint region
[836.438s][info ][safepoint    ] Total time for which application threads were stopped: 0.0000942 seconds, Stopping threads took: 0.0000211 seconds
[837.438s][info ][safepoint    ] Application time: 1.0002081 seconds
[837.439s][info ][safepoint    ] Entering safepoint region: Cleanup
[837.439s][info ][safepoint    ] Leaving safepoint region
[837.439s][info ][safepoint    ] Total time for which application threads were stopped: 0.0000839 seconds, Stopping threads took: 0.0000203 seconds
[837.756s][info ][safepoint    ] Application time: 0.3172390 seconds
[837.756s][info ][safepoint    ] Entering safepoint region: GenCollectForAllocation
[837.756s][info ][gc,start     ] GC(395) Pause Young (Allocation Failure)
[837.756s][info ][gc,task      ] GC(395) Using 4 workers of 4 for evacuation
[837.759s][debug][gc,ref       ] GC(395) Skipped phase1 of Reference Processing due to unavailable references
[837.759s][debug][gc,ref       ] GC(395) Skipped phase3 of Reference Processing due to unavailable references
[837.759s][debug][gc,ref       ] GC(395) Skipped phase4 of Reference Processing due to unavailable references
[837.759s][debug][gc,age       ] GC(395) Desired survivor size 15368192 bytes, new threshold 6 (max threshold 6)
[837.759s][info ][gc,heap      ] GC(395) ParNew: 241404K->1295K(270336K)
[837.759s][info ][gc,heap      ] GC(395) CMS: 536345K->536437K(600768K)
[837.759s][info ][gc,metaspace ] GC(395) Metaspace: 58387K->58387K(1101824K)
[837.759s][info ][gc           ] GC(395) Pause Young (Allocation Failure) 759M->525M(850M) 3.099ms
[837.759s][info ][gc,cpu       ] GC(395) User=0.01s Sys=0.00s Real=0.00s
[837.759s][info ][safepoint    ] Leaving safepoint region
[837.759s][info ][safepoint    ] Total time for which application threads were stopped: 0.0033759 seconds, Stopping threads took: 0.0001051 seconds
[838.759s][info ][safepoint    ] Application time: 1.0001214 seconds
[838.760s][info ][safepoint    ] Entering safepoint region: Cleanup
[838.760s][info ][safepoint    ] Leaving safepoint region
[838.760s][info ][safepoint    ] Total time for which application threads were stopped: 0.0001246 seconds, Stopping threads took: 0.0000559 seconds
[839.760s][info ][safepoint    ] Application time: 1.0000997 seconds
[839.760s][info ][safepoint    ] Entering safepoint region: Cleanup
[839.760s][info ][safepoint    ] Leaving safepoint region
[839.760s][info ][safepoint    ] Total time for which application threads were stopped: 0.0002290 seconds, Stopping threads took: 0.0000594 seconds
[840.760s][info ][safepoint    ] Application time: 1.0001058 seconds
[840.760s][info ][safepoint    ] Entering safepoint region: Cleanup
[840.761s][info ][safepoint    ] Leaving safepoint region
[840.761s][info ][safepoint    ] Total time for which application threads were stopped: 0.0001964 seconds, Stopping threads took: 0.0001272 seconds
[840.955s][info ][safepoint    ] Application time: 0.1942817 seconds
[840.955s][info ][safepoint    ] Entering safepoint region: GenCollectForAllocation
[840.955s][info ][gc,start     ] GC(396) Pause Young (Allocation Failure)
[840.955s][info ][gc,task      ] GC(396) Using 4 workers of 4 for evacuation
[840.960s][debug][gc,ref       ] GC(396) Skipped phase1 of Reference Processing due to unavailable references
[840.960s][debug][gc,ref       ] GC(396) Skipped phase3 of Reference Processing due to unavailable references
[840.960s][debug][gc,ref       ] GC(396) Skipped phase4 of Reference Processing due to unavailable references
[840.960s][debug][gc,age       ] GC(396) Desired survivor size 15368192 bytes, new threshold 6 (max threshold 6)
[840.960s][info ][gc,heap      ] GC(396) ParNew: 241615K->1778K(270336K)
[840.960s][info ][gc,heap      ] GC(396) CMS: 536437K->536452K(600768K)
[840.960s][info ][gc,metaspace ] GC(396) Metaspace: 58389K->58389K(1101824K)
[840.960s][info ][gc           ] GC(396) Pause Young (Allocation Failure) 759M->525M(850M) 4.849ms
[840.960s][info ][gc,cpu       ] GC(396) User=0.01s Sys=0.00s Real=0.00s
[840.960s][info ][safepoint    ] Leaving safepoint region
[840.960s][info ][safepoint    ] Total time for which application threads were stopped: 0.0050012 seconds, Stopping threads took: 0.0000197 seconds
[841.960s][info ][safepoint    ] Application time: 1.0001079 seconds
[841.960s][info ][safepoint    ] Entering safepoint region: Cleanup
[841.960s][info ][safepoint    ] Leaving safepoint region
[841.960s][info ][safepoint    ] Total time for which application threads were stopped: 0.0001347 seconds, Stopping threads took: 0.0000684 seconds
[842.960s][info ][safepoint    ] Application time: 1.0001062 seconds
[842.960s][info ][safepoint    ] Entering safepoint region: Cleanup
[842.960s][info ][safepoint    ] Leaving safepoint region
[842.960s][info ][safepoint    ] Total time for which application threads were stopped: 0.0001457 seconds, Stopping threads took: 0.0000519 seconds
[843.961s][info ][safepoint    ] Application time: 1.0001278 seconds
[843.961s][info ][safepoint    ] Entering safepoint region: Cleanup
[843.961s][info ][safepoint    ] Leaving safepoint region
[843.961s][info ][safepoint    ] Total time for which application threads were stopped: 0.0001630 seconds, Stopping threads took: 0.0000739 seconds
[844.111s][info ][safepoint    ] Application time: 0.1497874 seconds
[844.111s][info ][safepoint    ] Entering safepoint region: GenCollectForAllocation
[844.111s][info ][gc,start     ] GC(397) Pause Young (Allocation Failure)
[844.111s][info ][gc,task      ] GC(397) Using 4 workers of 4 for evacuation
[844.116s][debug][gc,ref       ] GC(397) Skipped phase1 of Reference Processing due to unavailable references
[844.116s][debug][gc,ref       ] GC(397) Skipped phase3 of Reference Processing due to unavailable references
[844.116s][debug][gc,ref       ] GC(397) Skipped phase4 of Reference Processing due to unavailable references
[844.116s][debug][gc,age       ] GC(397) Desired survivor size 15368192 bytes, new threshold 6 (max threshold 6)
[844.116s][info ][gc,heap      ] GC(397) ParNew: 242098K->1358K(270336K)
[844.116s][info ][gc,heap      ] GC(397) CMS: 536452K->536533K(600768K)
[844.116s][info ][gc,metaspace ] GC(397) Metaspace: 58397K->58397K(1101824K)
[844.116s][info ][gc           ] GC(397) Pause Young (Allocation Failure) 760M->525M(850M) 5.519ms
[844.116s][info ][gc,cpu       ] GC(397) User=0.01s Sys=0.00s Real=0.00s
[844.116s][info ][safepoint    ] Leaving safepoint region
[844.116s][info ][safepoint    ] Total time for which application threads were stopped: 0.0057034 seconds, Stopping threads took: 0.0000495 seconds
[845.116s][info ][safepoint    ] Application time: 1.0001235 seconds
[845.130s][info ][safepoint    ] Entering safepoint region: Cleanup
[845.131s][info ][safepoint    ] Leaving safepoint region
[845.131s][info ][safepoint    ] Total time for which application threads were stopped: 0.0141075 seconds, Stopping threads took: 0.0139973 seconds
[846.131s][info ][safepoint    ] Application time: 1.0001482 seconds
[846.131s][info ][safepoint    ] Entering safepoint region: Cleanup
[846.131s][info ][safepoint    ] Leaving safepoint region
[846.131s][info ][safepoint    ] Total time for which application threads were stopped: 0.0001087 seconds, Stopping threads took: 0.0000236 seconds
[847.131s][info ][safepoint    ] Application time: 1.0000966 seconds
[847.131s][info ][safepoint    ] Entering safepoint region: Cleanup
[847.131s][info ][safepoint    ] Leaving safepoint region
[847.131s][info ][safepoint    ] Total time for which application threads were stopped: 0.0000721 seconds, Stopping threads took: 0.0000176 seconds
[847.255s][info ][safepoint    ] Application time: 0.1237867 seconds
[847.255s][info ][safepoint    ] Entering safepoint region: GenCollectForAllocation
[847.255s][info ][gc,start     ] GC(398) Pause Young (Allocation Failure)
[847.255s][info ][gc,task      ] GC(398) Using 4 workers of 4 for evacuation
[847.266s][debug][gc,ref       ] GC(398) Skipped phase1 of Reference Processing due to unavailable references
[847.266s][debug][gc,ref       ] GC(398) Skipped phase3 of Reference Processing due to unavailable references
[847.266s][debug][gc,ref       ] GC(398) Skipped phase4 of Reference Processing due to unavailable references
[847.267s][debug][gc,age       ] GC(398) Desired survivor size 15368192 bytes, new threshold 6 (max threshold 6)
[847.267s][info ][gc,heap      ] GC(398) ParNew: 241678K->2054K(270336K)
[847.267s][info ][gc,heap      ] GC(398) CMS: 536533K->536625K(600768K)
[847.267s][info ][gc,metaspace ] GC(398) Metaspace: 58398K->58398K(1101824K)
[847.267s][info ][gc           ] GC(398) Pause Young (Allocation Failure) 759M->526M(850M) 11.608ms
[847.267s][info ][gc,cpu       ] GC(398) User=0.01s Sys=0.00s Real=0.01s
[847.267s][info ][safepoint    ] Leaving safepoint region
[847.267s][info ][safepoint    ] Total time for which application threads were stopped: 0.0118607 seconds, Stopping threads took: 0.0000163 seconds
[848.267s][info ][safepoint    ] Application time: 1.0003389 seconds
[848.269s][info ][safepoint    ] Entering safepoint region: Cleanup
[848.269s][info ][safepoint    ] Leaving safepoint region
[848.269s][info ][safepoint    ] Total time for which application threads were stopped: 0.0016249 seconds, Stopping threads took: 0.0013903 seconds
[849.269s][info ][safepoint    ] Application time: 1.0001348 seconds
[849.269s][info ][safepoint    ] Entering safepoint region: Cleanup
[849.269s][info ][safepoint    ] Leaving safepoint region
[849.269s][info ][safepoint    ] Total time for which application threads were stopped: 0.0000922 seconds, Stopping threads took: 0.0000216 seconds
[850.269s][info ][safepoint    ] Application time: 1.0000932 seconds
[850.269s][info ][safepoint    ] Entering safepoint region: Cleanup
[850.269s][info ][safepoint    ] Leaving safepoint region
[850.269s][info ][safepoint    ] Total time for which application threads were stopped: 0.0001067 seconds, Stopping threads took: 0.0000222 seconds
[850.360s][info ][safepoint    ] Application time: 0.0908541 seconds
[850.360s][info ][safepoint    ] Entering safepoint region: GenCollectForAllocation
[850.361s][info ][gc,start     ] GC(399) Pause Young (Allocation Failure)
[850.361s][info ][gc,task      ] GC(399) Using 4 workers of 4 for evacuation
[850.365s][debug][gc,ref       ] GC(399) Skipped phase1 of Reference Processing due to unavailable references
[850.365s][debug][gc,ref       ] GC(399) Skipped phase3 of Reference Processing due to unavailable references
[850.365s][debug][gc,ref       ] GC(399) Skipped phase4 of Reference Processing due to unavailable references
[850.365s][debug][gc,age       ] GC(399) Desired survivor size 15368192 bytes, new threshold 6 (max threshold 6)
[850.365s][info ][gc,heap      ] GC(399) ParNew: 242374K->2278K(270336K)
[850.365s][info ][gc,heap      ] GC(399) CMS: 536625K->536774K(600768K)
[850.365s][info ][gc,metaspace ] GC(399) Metaspace: 58399K->58399K(1101824K)
[850.365s][info ][gc           ] GC(399) Pause Young (Allocation Failure) 760M->526M(850M) 4.441ms
[850.365s][info ][gc,cpu       ] GC(399) User=0.01s Sys=0.00s Real=0.01s
[850.365s][info ][safepoint    ] Leaving safepoint region
[850.365s][info ][safepoint    ] Total time for which application threads were stopped: 0.0047025 seconds, Stopping threads took: 0.0000699 seconds
[851.365s][info ][safepoint    ] Application time: 1.0000986 seconds
[851.365s][info ][safepoint    ] Entering safepoint region: Cleanup
[851.365s][info ][safepoint    ] Leaving safepoint region
[851.365s][info ][safepoint    ] Total time for which application threads were stopped: 0.0001104 seconds, Stopping threads took: 0.0000424 seconds
[852.365s][info ][safepoint    ] Application time: 1.0000846 seconds
[852.366s][info ][safepoint    ] Entering safepoint region: Cleanup
[852.366s][info ][safepoint    ] Leaving safepoint region
[852.366s][info ][safepoint    ] Total time for which application threads were stopped: 0.0007642 seconds, Stopping threads took: 0.0006991 seconds
[853.366s][info ][safepoint    ] Application time: 1.0001036 seconds
[853.366s][info ][safepoint    ] Entering safepoint region: Cleanup
[853.366s][info ][safepoint    ] Leaving safepoint region
[853.367s][info ][safepoint    ] Total time for which application threads were stopped: 0.0001892 seconds, Stopping threads took: 0.0001203 seconds
[853.667s][info ][safepoint    ] Application time: 0.3009452 seconds
[853.668s][info ][safepoint    ] Entering safepoint region: GenCollectForAllocation
[853.668s][info ][gc,start     ] GC(400) Pause Young (Allocation Failure)
[853.668s][info ][gc,task      ] GC(400) Using 4 workers of 4 for evacuation
[853.671s][debug][gc,ref       ] GC(400) Skipped phase1 of Reference Processing due to unavailable references
[853.671s][debug][gc,ref       ] GC(400) Skipped phase2 of Reference Processing due to unavailable references
[853.671s][debug][gc,ref       ] GC(400) Skipped phase3 of Reference Processing due to unavailable references
[853.671s][debug][gc,ref       ] GC(400) Skipped phase4 of Reference Processing due to unavailable references
[853.672s][debug][gc,age       ] GC(400) Desired survivor size 15368192 bytes, new threshold 6 (max threshold 6)
[853.672s][info ][gc,heap      ] GC(400) ParNew: 242598K->1665K(270336K)
[853.672s][info ][gc,heap      ] GC(400) CMS: 536774K->536797K(600768K)
[853.672s][info ][gc,metaspace ] GC(400) Metaspace: 58399K->58399K(1101824K)
[853.672s][info ][gc           ] GC(400) Pause Young (Allocation Failure) 761M->525M(850M) 3.965ms
[853.672s][info ][gc,cpu       ] GC(400) User=0.00s Sys=0.01s Real=0.01s
[853.672s][info ][safepoint    ] Leaving safepoint region
[853.672s][info ][safepoint    ] Total time for which application threads were stopped: 0.0042416 seconds, Stopping threads took: 0.0000752 seconds
[854.672s][info ][safepoint    ] Application time: 1.0002287 seconds
[854.672s][info ][safepoint    ] Entering safepoint region: Cleanup
[854.672s][info ][safepoint    ] Leaving safepoint region
[854.672s][info ][safepoint    ] Total time for which application threads were stopped: 0.0000766 seconds, Stopping threads took: 0.0000181 seconds
[855.672s][info ][safepoint    ] Application time: 1.0000950 seconds
[855.672s][info ][safepoint    ] Entering safepoint region: Cleanup
[855.672s][info ][safepoint    ] Leaving safepoint region
[855.672s][info ][safepoint    ] Total time for which application threads were stopped: 0.0000791 seconds, Stopping threads took: 0.0000202 seconds
[856.672s][info ][safepoint    ] Application time: 1.0000826 seconds
[856.672s][info ][safepoint    ] Entering safepoint region: Cleanup
[856.673s][info ][safepoint    ] Leaving safepoint region
[856.673s][info ][safepoint    ] Total time for which application threads were stopped: 0.0001053 seconds, Stopping threads took: 0.0000236 seconds
[856.905s][info ][safepoint    ] Application time: 0.2325894 seconds
[856.905s][info ][safepoint    ] Entering safepoint region: GenCollectForAllocation
[856.905s][info ][gc,start     ] GC(401) Pause Young (Allocation Failure)
[856.905s][info ][gc,task      ] GC(401) Using 4 workers of 4 for evacuation
[856.908s][debug][gc,ref       ] GC(401) Skipped phase1 of Reference Processing due to unavailable references
[856.908s][debug][gc,ref       ] GC(401) Skipped phase2 of Reference Processing due to unavailable references
[856.908s][debug][gc,ref       ] GC(401) Skipped phase3 of Reference Processing due to unavailable references
[856.908s][debug][gc,ref       ] GC(401) Skipped phase4 of Reference Processing due to unavailable references
[856.908s][debug][gc,age       ] GC(401) Desired survivor size 15368192 bytes, new threshold 6 (max threshold 6)
[856.908s][info ][gc,heap      ] GC(401) ParNew: 241985K->1824K(270336K)
[856.908s][info ][gc,heap      ] GC(401) CMS: 536797K->536912K(600768K)
[856.908s][info ][gc,metaspace ] GC(401) Metaspace: 58400K->58400K(1101824K)
[856.908s][info ][gc           ] GC(401) Pause Young (Allocation Failure) 760M->526M(850M) 3.031ms
[856.908s][info ][gc,cpu       ] GC(401) User=0.01s Sys=0.00s Real=0.00s
[856.908s][info ][safepoint    ] Leaving safepoint region
[856.908s][info ][safepoint    ] Total time for which application threads were stopped: 0.0031771 seconds, Stopping threads took: 0.0000169 seconds
[857.908s][info ][safepoint    ] Application time: 1.0000953 seconds
[857.909s][info ][safepoint    ] Entering safepoint region: Cleanup
[857.909s][info ][safepoint    ] Leaving safepoint region
[857.909s][info ][safepoint    ] Total time for which application threads were stopped: 0.0001427 seconds, Stopping threads took: 0.0000775 seconds
[858.909s][info ][safepoint    ] Application time: 1.0001009 seconds
[858.909s][info ][safepoint    ] Entering safepoint region: Cleanup
[858.909s][info ][safepoint    ] Leaving safepoint region
[858.909s][info ][safepoint    ] Total time for which application threads were stopped: 0.0001564 seconds, Stopping threads took: 0.0000936 seconds
[859.909s][info ][safepoint    ] Application time: 1.0000880 seconds
[859.909s][info ][safepoint    ] Entering safepoint region: Cleanup
[859.909s][info ][safepoint    ] Leaving safepoint region
[859.909s][info ][safepoint    ] Total time for which application threads were stopped: 0.0001829 seconds, Stopping threads took: 0.0001151 seconds
[860.099s][info ][safepoint    ] Application time: 0.1894609 seconds
[860.099s][info ][safepoint    ] Entering safepoint region: GenCollectForAllocation
[860.099s][info ][gc,start     ] GC(402) Pause Young (Allocation Failure)
[860.099s][info ][gc,task      ] GC(402) Using 4 workers of 4 for evacuation
[860.102s][debug][gc,ref       ] GC(402) Skipped phase1 of Reference Processing due to unavailable references
[860.102s][debug][gc,ref       ] GC(402) Skipped phase2 of Reference Processing due to unavailable references
[860.102s][debug][gc,ref       ] GC(402) Skipped phase3 of Reference Processing due to unavailable references
[860.102s][debug][gc,ref       ] GC(402) Skipped phase4 of Reference Processing due to unavailable references
[860.102s][debug][gc,age       ] GC(402) Desired survivor size 15368192 bytes, new threshold 6 (max threshold 6)
[860.102s][info ][gc,heap      ] GC(402) ParNew: 242144K->2050K(270336K)
[860.102s][info ][gc,heap      ] GC(402) CMS: 536912K->537172K(600768K)
[860.102s][info ][gc,metaspace ] GC(402) Metaspace: 58400K->58400K(1101824K)
[860.102s][info ][gc           ] GC(402) Pause Young (Allocation Failure) 760M->526M(850M) 3.149ms
[860.102s][info ][gc,cpu       ] GC(402) User=0.01s Sys=0.00s Real=0.01s
[860.102s][info ][safepoint    ] Leaving safepoint region
[860.102s][info ][safepoint    ] Total time for which application threads were stopped: 0.0033652 seconds, Stopping threads took: 0.0000148 seconds
[861.102s][info ][safepoint    ] Application time: 1.0000962 seconds
[861.102s][info ][safepoint    ] Entering safepoint region: Cleanup
[861.102s][info ][safepoint    ] Leaving safepoint region
[861.102s][info ][safepoint    ] Total time for which application threads were stopped: 0.0000689 seconds, Stopping threads took: 0.0000158 seconds
[862.102s][info ][safepoint    ] Application time: 1.0000582 seconds
[862.102s][info ][safepoint    ] Entering safepoint region: Cleanup
[862.102s][info ][safepoint    ] Leaving safepoint region
[862.102s][info ][safepoint    ] Total time for which application threads were stopped: 0.0000724 seconds, Stopping threads took: 0.0000175 seconds
[863.103s][info ][safepoint    ] Application time: 1.0000872 seconds
[863.103s][info ][safepoint    ] Entering safepoint region: Cleanup
[863.103s][info ][safepoint    ] Leaving safepoint region
[863.103s][info ][safepoint    ] Total time for which application threads were stopped: 0.0001293 seconds, Stopping threads took: 0.0000729 seconds
[863.313s][info ][safepoint    ] Application time: 0.2100737 seconds
[863.313s][info ][safepoint    ] Entering safepoint region: GenCollectForAllocation
[863.313s][info ][gc,start     ] GC(403) Pause Young (Allocation Failure)
[863.313s][info ][gc,task      ] GC(403) Using 4 workers of 4 for evacuation
[863.316s][debug][gc,ref       ] GC(403) Skipped phase1 of Reference Processing due to unavailable references
[863.316s][debug][gc,ref       ] GC(403) Skipped phase2 of Reference Processing due to unavailable references
[863.316s][debug][gc,ref       ] GC(403) Skipped phase3 of Reference Processing due to unavailable references
[863.316s][debug][gc,ref       ] GC(403) Skipped phase4 of Reference Processing due to unavailable references
[863.316s][debug][gc,age       ] GC(403) Desired survivor size 15368192 bytes, new threshold 6 (max threshold 6)
[863.316s][info ][gc,heap      ] GC(403) ParNew: 242370K->1398K(270336K)
[863.316s][info ][gc,heap      ] GC(403) CMS: 537172K->537250K(600768K)
[863.316s][info ][gc,metaspace ] GC(403) Metaspace: 58400K->58400K(1101824K)
[863.316s][info ][gc           ] GC(403) Pause Young (Allocation Failure) 761M->526M(850M) 3.452ms
[863.316s][info ][gc,cpu       ] GC(403) User=0.01s Sys=0.00s Real=0.00s
[863.316s][info ][safepoint    ] Leaving safepoint region
[863.316s][info ][safepoint    ] Total time for which application threads were stopped: 0.0036566 seconds, Stopping threads took: 0.0000186 seconds
[864.317s][info ][safepoint    ] Application time: 1.0000630 seconds
[864.317s][info ][safepoint    ] Entering safepoint region: Cleanup
[864.317s][info ][safepoint    ] Leaving safepoint region
[864.317s][info ][safepoint    ] Total time for which application threads were stopped: 0.0000863 seconds, Stopping threads took: 0.0000300 seconds
[865.317s][info ][safepoint    ] Application time: 1.0000926 seconds
[865.317s][info ][safepoint    ] Entering safepoint region: Cleanup
[865.317s][info ][safepoint    ] Leaving safepoint region
[865.317s][info ][safepoint    ] Total time for which application threads were stopped: 0.0000704 seconds, Stopping threads took: 0.0000170 seconds
[866.317s][info ][safepoint    ] Application time: 1.0000969 seconds
[866.317s][info ][safepoint    ] Entering safepoint region: Cleanup
[866.317s][info ][safepoint    ] Leaving safepoint region
[866.317s][info ][safepoint    ] Total time for which application threads were stopped: 0.0000691 seconds, Stopping threads took: 0.0000160 seconds
[866.620s][info ][safepoint    ] Application time: 0.3033544 seconds
[866.621s][info ][safepoint    ] Entering safepoint region: GenCollectForAllocation
[866.621s][info ][gc,start     ] GC(404) Pause Young (Allocation Failure)
[866.621s][info ][gc,task      ] GC(404) Using 4 workers of 4 for evacuation
[866.623s][debug][gc,ref       ] GC(404) Skipped phase1 of Reference Processing due to unavailable references
[866.623s][debug][gc,ref       ] GC(404) Skipped phase2 of Reference Processing due to unavailable references
[866.623s][debug][gc,ref       ] GC(404) Skipped phase3 of Reference Processing due to unavailable references
[866.623s][debug][gc,ref       ] GC(404) Skipped phase4 of Reference Processing due to unavailable references
[866.624s][debug][gc,age       ] GC(404) Desired survivor size 15368192 bytes, new threshold 6 (max threshold 6)
[866.624s][info ][gc,heap      ] GC(404) ParNew: 241718K->1359K(270336K)
[866.624s][info ][gc,heap      ] GC(404) CMS: 537250K->537493K(600768K)
[866.624s][info ][gc,metaspace ] GC(404) Metaspace: 58400K->58400K(1101824K)
[866.624s][info ][gc           ] GC(404) Pause Young (Allocation Failure) 760M->526M(850M) 2.935ms
[866.624s][info ][gc,cpu       ] GC(404) User=0.01s Sys=0.00s Real=0.01s
[866.624s][info ][safepoint    ] Leaving safepoint region
[866.624s][info ][safepoint    ] Total time for which application threads were stopped: 0.0030770 seconds, Stopping threads took: 0.0000165 seconds
[867.624s][info ][safepoint    ] Application time: 1.0000869 seconds
[867.624s][info ][safepoint    ] Entering safepoint region: Cleanup
[867.624s][info ][safepoint    ] Leaving safepoint region
[867.624s][info ][safepoint    ] Total time for which application threads were stopped: 0.0000879 seconds, Stopping threads took: 0.0000171 seconds
[868.626s][info ][safepoint    ] Application time: 1.0025591 seconds
[868.626s][info ][safepoint    ] Entering safepoint region: Cleanup
[868.626s][info ][safepoint    ] Leaving safepoint region
[868.626s][info ][safepoint    ] Total time for which application threads were stopped: 0.0000790 seconds, Stopping threads took: 0.0000247 seconds
[869.627s][info ][safepoint    ] Application time: 1.0001149 seconds
[869.627s][info ][safepoint    ] Entering safepoint region: Cleanup
[869.627s][info ][safepoint    ] Leaving safepoint region
[869.627s][info ][safepoint    ] Total time for which application threads were stopped: 0.0000855 seconds, Stopping threads took: 0.0000312 seconds
[869.962s][info ][safepoint    ] Application time: 0.3350293 seconds
[869.962s][info ][safepoint    ] Entering safepoint region: GenCollectForAllocation
[869.962s][info ][gc,start     ] GC(405) Pause Young (Allocation Failure)
[869.962s][info ][gc,task      ] GC(405) Using 4 workers of 4 for evacuation
[869.964s][debug][gc,ref       ] GC(405) Skipped phase1 of Reference Processing due to unavailable references
[869.964s][debug][gc,ref       ] GC(405) Skipped phase2 of Reference Processing due to unavailable references
[869.964s][debug][gc,ref       ] GC(405) Skipped phase3 of Reference Processing due to unavailable references
[869.964s][debug][gc,ref       ] GC(405) Skipped phase4 of Reference Processing due to unavailable references
[869.965s][debug][gc,age       ] GC(405) Desired survivor size 15368192 bytes, new threshold 6 (max threshold 6)
[869.965s][info ][gc,heap      ] GC(405) ParNew: 241679K->1559K(270336K)
[869.965s][info ][gc,heap      ] GC(405) CMS: 537493K->537685K(600768K)
[869.965s][info ][gc,metaspace ] GC(405) Metaspace: 58402K->58402K(1101824K)
[869.965s][info ][gc           ] GC(405) Pause Young (Allocation Failure) 760M->526M(850M) 2.796ms
[869.965s][info ][gc,cpu       ] GC(405) User=0.01s Sys=0.00s Real=0.01s
[869.965s][info ][safepoint    ] Leaving safepoint region
[869.965s][info ][safepoint    ] Total time for which application threads were stopped: 0.0029353 seconds, Stopping threads took: 0.0000162 seconds
[870.965s][info ][safepoint    ] Application time: 1.0001041 seconds
[870.965s][info ][safepoint    ] Entering safepoint region: Cleanup
[870.965s][info ][safepoint    ] Leaving safepoint region
[870.965s][info ][safepoint    ] Total time for which application threads were stopped: 0.0001035 seconds, Stopping threads took: 0.0000407 seconds
[871.965s][info ][safepoint    ] Application time: 1.0000955 seconds
[871.965s][info ][safepoint    ] Entering safepoint region: Cleanup
[871.965s][info ][safepoint    ] Leaving safepoint region
[871.965s][info ][safepoint    ] Total time for which application threads were stopped: 0.0000857 seconds, Stopping threads took: 0.0000166 seconds
[872.965s][info ][safepoint    ] Application time: 1.0000819 seconds
[872.965s][info ][safepoint    ] Entering safepoint region: Cleanup
[872.965s][info ][safepoint    ] Leaving safepoint region
[872.965s][info ][safepoint    ] Total time for which application threads were stopped: 0.0000676 seconds, Stopping threads took: 0.0000147 seconds
[873.311s][info ][safepoint    ] Application time: 0.3455324 seconds
[873.311s][info ][safepoint    ] Entering safepoint region: GenCollectForAllocation
[873.311s][info ][gc,start     ] GC(406) Pause Young (Allocation Failure)
[873.311s][info ][gc,task      ] GC(406) Using 4 workers of 4 for evacuation
[873.313s][debug][gc,ref       ] GC(406) Skipped phase1 of Reference Processing due to unavailable references
[873.313s][debug][gc,ref       ] GC(406) Skipped phase2 of Reference Processing due to unavailable references
[873.314s][debug][gc,ref       ] GC(406) Skipped phase3 of Reference Processing due to unavailable references
[873.314s][debug][gc,ref       ] GC(406) Skipped phase4 of Reference Processing due to unavailable references
[873.314s][debug][gc,age       ] GC(406) Desired survivor size 15368192 bytes, new threshold 6 (max threshold 6)
[873.314s][info ][gc,heap      ] GC(406) ParNew: 241879K->1297K(270336K)
[873.314s][info ][gc,heap      ] GC(406) CMS: 537685K->537726K(600768K)
[873.314s][info ][gc,metaspace ] GC(406) Metaspace: 58402K->58402K(1101824K)
[873.314s][info ][gc           ] GC(406) Pause Young (Allocation Failure) 761M->526M(850M) 2.639ms
[873.314s][info ][gc,cpu       ] GC(406) User=0.01s Sys=0.00s Real=0.00s
[873.314s][info ][safepoint    ] Leaving safepoint region
[873.314s][info ][safepoint    ] Total time for which application threads were stopped: 0.0027811 seconds, Stopping threads took: 0.0000172 seconds
[874.314s][info ][safepoint    ] Application time: 1.0001173 seconds
[874.314s][info ][safepoint    ] Entering safepoint region: Cleanup
[874.314s][info ][safepoint    ] Leaving safepoint region
[874.314s][info ][safepoint    ] Total time for which application threads were stopped: 0.0001069 seconds, Stopping threads took: 0.0000395 seconds
[875.314s][info ][safepoint    ] Application time: 1.0000596 seconds
[875.314s][info ][safepoint    ] Entering safepoint region: Cleanup
[875.314s][info ][safepoint    ] Leaving safepoint region
[875.314s][info ][safepoint    ] Total time for which application threads were stopped: 0.0001434 seconds, Stopping threads took: 0.0000747 seconds
[876.314s][info ][safepoint    ] Application time: 1.0000968 seconds
[876.314s][info ][safepoint    ] Entering safepoint region: Cleanup
[876.314s][info ][safepoint    ] Leaving safepoint region
[876.314s][info ][safepoint    ] Total time for which application threads were stopped: 0.0001420 seconds, Stopping threads took: 0.0000745 seconds
[876.664s][info ][safepoint    ] Application time: 0.3497621 seconds
[876.664s][info ][safepoint    ] Entering safepoint region: GenCollectForAllocation
[876.664s][info ][gc,start     ] GC(407) Pause Young (Allocation Failure)
[876.664s][info ][gc,task      ] GC(407) Using 4 workers of 4 for evacuation
[876.679s][debug][gc,ref       ] GC(407) Skipped phase1 of Reference Processing due to unavailable references
[876.679s][debug][gc,ref       ] GC(407) Skipped phase2 of Reference Processing due to unavailable references
[876.679s][debug][gc,ref       ] GC(407) Skipped phase3 of Reference Processing due to unavailable references
[876.679s][debug][gc,ref       ] GC(407) Skipped phase4 of Reference Processing due to unavailable references
[876.679s][debug][gc,age       ] GC(407) Desired survivor size 15368192 bytes, new threshold 6 (max threshold 6)
[876.679s][info ][gc,heap      ] GC(407) ParNew: 241617K->1592K(270336K)
[876.679s][info ][gc,heap      ] GC(407) CMS: 537726K->537919K(600768K)
[876.679s][info ][gc,metaspace ] GC(407) Metaspace: 58404K->58404K(1101824K)
[876.679s][info ][gc           ] GC(407) Pause Young (Allocation Failure) 761M->526M(850M) 14.618ms
[876.679s][info ][gc,cpu       ] GC(407) User=0.04s Sys=0.00s Real=0.01s
[876.679s][info ][safepoint    ] Leaving safepoint region
[876.679s][info ][safepoint    ] Total time for which application threads were stopped: 0.0147829 seconds, Stopping threads took: 0.0000174 seconds
[877.679s][info ][safepoint    ] Application time: 1.0001120 seconds
[877.679s][info ][safepoint    ] Entering safepoint region: Cleanup
[877.679s][info ][safepoint    ] Leaving safepoint region
[877.679s][info ][safepoint    ] Total time for which application threads were stopped: 0.0000877 seconds, Stopping threads took: 0.0000175 seconds
[878.679s][info ][safepoint    ] Application time: 1.0000493 seconds
[878.679s][info ][safepoint    ] Entering safepoint region: Cleanup
[878.679s][info ][safepoint    ] Leaving safepoint region
[878.680s][info ][safepoint    ] Total time for which application threads were stopped: 0.0000753 seconds, Stopping threads took: 0.0000207 seconds
[879.615s][info ][safepoint    ] Application time: 0.9357382 seconds
[879.615s][info ][safepoint    ] Entering safepoint region: GenCollectForAllocation
[879.615s][info ][gc,start     ] GC(408) Pause Young (Allocation Failure)
[879.615s][info ][gc,task      ] GC(408) Using 4 workers of 4 for evacuation
[879.618s][debug][gc,ref       ] GC(408) Skipped phase1 of Reference Processing due to unavailable references
[879.618s][debug][gc,ref       ] GC(408) Skipped phase2 of Reference Processing due to unavailable references
[879.618s][debug][gc,ref       ] GC(408) Skipped phase3 of Reference Processing due to unavailable references
[879.618s][debug][gc,ref       ] GC(408) Skipped phase4 of Reference Processing due to unavailable references
[879.618s][debug][gc,age       ] GC(408) Desired survivor size 15368192 bytes, new threshold 6 (max threshold 6)
[879.618s][info ][gc,heap      ] GC(408) ParNew: 241912K->1593K(270336K)
[879.618s][info ][gc,heap      ] GC(408) CMS: 537919K->537998K(600768K)
[879.618s][info ][gc,metaspace ] GC(408) Metaspace: 58411K->58411K(1101824K)
[879.618s][info ][gc           ] GC(408) Pause Young (Allocation Failure) 761M->526M(850M) 2.758ms
[879.618s][info ][gc,cpu       ] GC(408) User=0.01s Sys=0.00s Real=0.00s
[879.618s][info ][safepoint    ] Leaving safepoint region
[879.618s][info ][safepoint    ] Total time for which application threads were stopped: 0.0029032 seconds, Stopping threads took: 0.0000166 seconds
[880.626s][info ][safepoint    ] Application time: 1.0078758 seconds
[880.628s][info ][safepoint    ] Entering safepoint region: Cleanup
[880.628s][info ][safepoint    ] Leaving safepoint region
[880.628s][info ][safepoint    ] Total time for which application threads were stopped: 0.0020712 seconds, Stopping threads took: 0.0019876 seconds
[881.628s][info ][safepoint    ] Application time: 1.0001012 seconds
[881.628s][info ][safepoint    ] Entering safepoint region: Cleanup
[881.628s][info ][safepoint    ] Leaving safepoint region
[881.628s][info ][safepoint    ] Total time for which application threads were stopped: 0.0000871 seconds, Stopping threads took: 0.0000168 seconds
[882.563s][info ][safepoint    ] Application time: 0.9350087 seconds
[882.563s][info ][safepoint    ] Entering safepoint region: GenCollectForAllocation
[882.564s][info ][gc,start     ] GC(409) Pause Young (Allocation Failure)
[882.564s][info ][gc,task      ] GC(409) Using 4 workers of 4 for evacuation
[882.567s][debug][gc,ref       ] GC(409) Skipped phase1 of Reference Processing due to unavailable references
[882.567s][debug][gc,ref       ] GC(409) Skipped phase2 of Reference Processing due to unavailable references
[882.567s][debug][gc,ref       ] GC(409) Skipped phase3 of Reference Processing due to unavailable references
[882.567s][debug][gc,ref       ] GC(409) Skipped phase4 of Reference Processing due to unavailable references
[882.567s][debug][gc,age       ] GC(409) Desired survivor size 15368192 bytes, new threshold 6 (max threshold 6)
[882.567s][info ][gc,heap      ] GC(409) ParNew: 241913K->1578K(270336K)
[882.567s][info ][gc,heap      ] GC(409) CMS: 537998K->538175K(600768K)
[882.567s][info ][gc,metaspace ] GC(409) Metaspace: 58411K->58411K(1101824K)
[882.567s][info ][gc           ] GC(409) Pause Young (Allocation Failure) 761M->527M(850M) 3.378ms
[882.567s][info ][gc,cpu       ] GC(409) User=0.01s Sys=0.00s Real=0.00s
[882.567s][info ][safepoint    ] Leaving safepoint region
[882.567s][info ][safepoint    ] Total time for which application threads were stopped: 0.0035480 seconds, Stopping threads took: 0.0000169 seconds
[883.567s][info ][safepoint    ] Application time: 1.0002786 seconds
[883.567s][info ][safepoint    ] Entering safepoint region: Cleanup
[883.567s][info ][safepoint    ] Leaving safepoint region
[883.567s][info ][safepoint    ] Total time for which application threads were stopped: 0.0001134 seconds, Stopping threads took: 0.0000352 seconds
[884.568s][info ][safepoint    ] Application time: 1.0000878 seconds
[884.568s][info ][safepoint    ] Entering safepoint region: Cleanup
[884.568s][info ][safepoint    ] Leaving safepoint region
[884.568s][info ][safepoint    ] Total time for which application threads were stopped: 0.0000793 seconds, Stopping threads took: 0.0000185 seconds
[885.568s][info ][safepoint    ] Application time: 1.0000980 seconds
[885.568s][info ][safepoint    ] Entering safepoint region: Cleanup
[885.568s][info ][safepoint    ] Leaving safepoint region
[885.568s][info ][safepoint    ] Total time for which application threads were stopped: 0.0001845 seconds, Stopping threads took: 0.0001164 seconds
[885.906s][info ][safepoint    ] Application time: 0.3377792 seconds
[885.906s][info ][safepoint    ] Entering safepoint region: GenCollectForAllocation
[885.906s][info ][gc,start     ] GC(410) Pause Young (Allocation Failure)
[885.906s][info ][gc,task      ] GC(410) Using 4 workers of 4 for evacuation
[885.909s][debug][gc,ref       ] GC(410) Skipped phase1 of Reference Processing due to unavailable references
[885.909s][debug][gc,ref       ] GC(410) Skipped phase2 of Reference Processing due to unavailable references
[885.909s][debug][gc,ref       ] GC(410) Skipped phase3 of Reference Processing due to unavailable references
[885.909s][debug][gc,ref       ] GC(410) Skipped phase4 of Reference Processing due to unavailable references
[885.909s][debug][gc,age       ] GC(410) Desired survivor size 15368192 bytes, new threshold 6 (max threshold 6)
[885.909s][info ][gc,heap      ] GC(410) ParNew: 241898K->1346K(270336K)
[885.909s][info ][gc,heap      ] GC(410) CMS: 538175K->538298K(600768K)
[885.909s][info ][gc,metaspace ] GC(410) Metaspace: 58414K->58414K(1101824K)
[885.909s][info ][gc           ] GC(410) Pause Young (Allocation Failure) 761M->526M(850M) 3.159ms
[885.909s][info ][gc,cpu       ] GC(410) User=0.01s Sys=0.01s Real=0.00s
[885.909s][info ][safepoint    ] Leaving safepoint region
[885.909s][info ][safepoint    ] Total time for which application threads were stopped: 0.0033206 seconds, Stopping threads took: 0.0000319 seconds
[886.909s][info ][safepoint    ] Application time: 1.0001003 seconds
[886.909s][info ][safepoint    ] Entering safepoint region: Cleanup
[886.909s][info ][safepoint    ] Leaving safepoint region
[886.909s][info ][safepoint    ] Total time for which application threads were stopped: 0.0001523 seconds, Stopping threads took: 0.0000832 seconds
[887.909s][info ][safepoint    ] Application time: 1.0000687 seconds
[887.910s][info ][safepoint    ] Entering safepoint region: Cleanup
[887.910s][info ][safepoint    ] Leaving safepoint region
[887.910s][info ][safepoint    ] Total time for which application threads were stopped: 0.0001418 seconds, Stopping threads took: 0.0000456 seconds
[888.910s][info ][safepoint    ] Application time: 1.0001140 seconds
[888.910s][info ][safepoint    ] Entering safepoint region: Cleanup
[888.910s][info ][safepoint    ] Leaving safepoint region
[888.910s][info ][safepoint    ] Total time for which application threads were stopped: 0.0001172 seconds, Stopping threads took: 0.0000432 seconds
[889.172s][info ][safepoint    ] Application time: 0.2618122 seconds
[889.172s][info ][safepoint    ] Entering safepoint region: GenCollectForAllocation
[889.172s][info ][gc,start     ] GC(411) Pause Young (Allocation Failure)
[889.172s][info ][gc,task      ] GC(411) Using 4 workers of 4 for evacuation
[889.175s][debug][gc,ref       ] GC(411) Skipped phase1 of Reference Processing due to unavailable references
[889.175s][debug][gc,ref       ] GC(411) Skipped phase2 of Reference Processing due to unavailable references
[889.175s][debug][gc,ref       ] GC(411) Skipped phase3 of Reference Processing due to unavailable references
[889.175s][debug][gc,ref       ] GC(411) Skipped phase4 of Reference Processing due to unavailable references
[889.175s][debug][gc,age       ] GC(411) Desired survivor size 15368192 bytes, new threshold 6 (max threshold 6)
[889.175s][info ][gc,heap      ] GC(411) ParNew: 241666K->1587K(270336K)
[889.175s][info ][gc,heap      ] GC(411) CMS: 538298K->538465K(600768K)
[889.175s][info ][gc,metaspace ] GC(411) Metaspace: 58415K->58415K(1101824K)
[889.175s][info ][gc           ] GC(411) Pause Young (Allocation Failure) 761M->527M(850M) 3.049ms
[889.175s][info ][gc,cpu       ] GC(411) User=0.02s Sys=0.00s Real=0.00s
[889.175s][info ][safepoint    ] Leaving safepoint region
[889.175s][info ][safepoint    ] Total time for which application threads were stopped: 0.0032357 seconds, Stopping threads took: 0.0000183 seconds
[890.175s][info ][safepoint    ] Application time: 1.0000995 seconds
[890.175s][info ][safepoint    ] Entering safepoint region: Cleanup
[890.175s][info ][safepoint    ] Leaving safepoint region
[890.175s][info ][safepoint    ] Total time for which application threads were stopped: 0.0000775 seconds, Stopping threads took: 0.0000170 seconds
[891.175s][info ][safepoint    ] Application time: 1.0000889 seconds
[891.175s][info ][safepoint    ] Entering safepoint region: Cleanup
[891.175s][info ][safepoint    ] Leaving safepoint region
[891.175s][info ][safepoint    ] Total time for which application threads were stopped: 0.0000726 seconds, Stopping threads took: 0.0000173 seconds
[892.176s][info ][safepoint    ] Application time: 1.0001055 seconds
[892.176s][info ][safepoint    ] Entering safepoint region: Cleanup
[892.176s][info ][safepoint    ] Leaving safepoint region
[892.176s][info ][safepoint    ] Total time for which application threads were stopped: 0.0001070 seconds, Stopping threads took: 0.0000323 seconds
[892.318s][info ][safepoint    ] Application time: 0.1423951 seconds
[892.318s][info ][safepoint    ] Entering safepoint region: GenCollectForAllocation
[892.318s][info ][gc,start     ] GC(412) Pause Young (Allocation Failure)
[892.318s][info ][gc,task      ] GC(412) Using 4 workers of 4 for evacuation
[892.322s][debug][gc,ref       ] GC(412) Skipped phase1 of Reference Processing due to unavailable references
[892.322s][debug][gc,ref       ] GC(412) Skipped phase2 of Reference Processing due to unavailable references
[892.322s][debug][gc,ref       ] GC(412) Skipped phase3 of Reference Processing due to unavailable references
[892.322s][debug][gc,ref       ] GC(412) Skipped phase4 of Reference Processing due to unavailable references
[892.322s][debug][gc,age       ] GC(412) Desired survivor size 15368192 bytes, new threshold 6 (max threshold 6)
[892.322s][info ][gc,heap      ] GC(412) ParNew: 241907K->1274K(270336K)
[892.322s][info ][gc,heap      ] GC(412) CMS: 538465K->538546K(600768K)
[892.322s][info ][gc,metaspace ] GC(412) Metaspace: 58433K->58433K(1101824K)
[892.322s][info ][gc           ] GC(412) Pause Young (Allocation Failure) 762M->527M(850M) 3.845ms
[892.322s][info ][gc,cpu       ] GC(412) User=0.01s Sys=0.00s Real=0.01s
[892.322s][info ][safepoint    ] Leaving safepoint region
[892.322s][info ][safepoint    ] Total time for which application threads were stopped: 0.0040673 seconds, Stopping threads took: 0.0000719 seconds
[893.322s][info ][safepoint    ] Application time: 1.0001116 seconds
[893.322s][info ][safepoint    ] Entering safepoint region: Cleanup
[893.322s][info ][safepoint    ] Leaving safepoint region
[893.322s][info ][safepoint    ] Total time for which application threads were stopped: 0.0000835 seconds, Stopping threads took: 0.0000280 seconds
[894.322s][info ][safepoint    ] Application time: 1.0001097 seconds
[894.327s][info ][safepoint    ] Entering safepoint region: Cleanup
[894.327s][info ][safepoint    ] Leaving safepoint region
[894.327s][info ][safepoint    ] Total time for which application threads were stopped: 0.0044688 seconds, Stopping threads took: 0.0043795 seconds
[895.327s][info ][safepoint    ] Application time: 1.0000890 seconds
[895.327s][info ][safepoint    ] Entering safepoint region: Cleanup
[895.327s][info ][safepoint    ] Leaving safepoint region
[895.327s][info ][safepoint    ] Total time for which application threads were stopped: 0.0000703 seconds, Stopping threads took: 0.0000169 seconds
[895.505s][info ][safepoint    ] Application time: 0.1781357 seconds
[895.506s][info ][safepoint    ] Entering safepoint region: GenCollectForAllocation
[895.506s][info ][gc,start     ] GC(413) Pause Young (Allocation Failure)
[895.506s][info ][gc,task      ] GC(413) Using 4 workers of 4 for evacuation
[895.509s][debug][gc,ref       ] GC(413) Skipped phase1 of Reference Processing due to unavailable references
[895.509s][debug][gc,ref       ] GC(413) Skipped phase2 of Reference Processing due to unavailable references
[895.509s][debug][gc,ref       ] GC(413) Skipped phase3 of Reference Processing due to unavailable references
[895.509s][debug][gc,ref       ] GC(413) Skipped phase4 of Reference Processing due to unavailable references
[895.509s][debug][gc,age       ] GC(413) Desired survivor size 15368192 bytes, new threshold 6 (max threshold 6)
[895.509s][info ][gc,heap      ] GC(413) ParNew: 241594K->1258K(270336K)
[895.509s][info ][gc,heap      ] GC(413) CMS: 538546K->538719K(600768K)
[895.509s][info ][gc,metaspace ] GC(413) Metaspace: 58433K->58433K(1101824K)
[895.509s][info ][gc           ] GC(413) Pause Young (Allocation Failure) 761M->527M(850M) 2.899ms
[895.509s][info ][gc,cpu       ] GC(413) User=0.01s Sys=0.01s Real=0.00s
[895.509s][info ][safepoint    ] Leaving safepoint region
[895.509s][info ][safepoint    ] Total time for which application threads were stopped: 0.0038155 seconds, Stopping threads took: 0.0007838 seconds
[896.510s][info ][safepoint    ] Application time: 1.0008753 seconds
[896.510s][info ][safepoint    ] Entering safepoint region: Cleanup
[896.510s][info ][safepoint    ] Leaving safepoint region
[896.510s][info ][safepoint    ] Total time for which application threads were stopped: 0.0001060 seconds, Stopping threads took: 0.0000408 seconds
[897.510s][info ][safepoint    ] Application time: 1.0000954 seconds
[897.510s][info ][safepoint    ] Entering safepoint region: Cleanup
[897.510s][info ][safepoint    ] Leaving safepoint region
[897.510s][info ][safepoint    ] Total time for which application threads were stopped: 0.0001745 seconds, Stopping threads took: 0.0000852 seconds
[898.511s][info ][safepoint    ] Application time: 1.0000991 seconds
[898.511s][info ][safepoint    ] Entering safepoint region: Cleanup
[898.511s][info ][safepoint    ] Leaving safepoint region
[898.511s][info ][safepoint    ] Total time for which application threads were stopped: 0.0001266 seconds, Stopping threads took: 0.0000520 seconds
[898.819s][info ][safepoint    ] Application time: 0.3085682 seconds
[898.819s][info ][safepoint    ] Entering safepoint region: GenCollectForAllocation
[898.820s][info ][gc,start     ] GC(414) Pause Young (Allocation Failure)
[898.820s][info ][gc,task      ] GC(414) Using 4 workers of 4 for evacuation
[898.823s][debug][gc,ref       ] GC(414) Skipped phase1 of Reference Processing due to unavailable references
[898.823s][debug][gc,ref       ] GC(414) Skipped phase2 of Reference Processing due to unavailable references
[898.823s][debug][gc,ref       ] GC(414) Skipped phase3 of Reference Processing due to unavailable references
[898.823s][debug][gc,ref       ] GC(414) Skipped phase4 of Reference Processing due to unavailable references
[898.823s][debug][gc,age       ] GC(414) Desired survivor size 15368192 bytes, new threshold 6 (max threshold 6)
[898.823s][info ][gc,heap      ] GC(414) ParNew: 241578K->1254K(270336K)
[898.823s][info ][gc,heap      ] GC(414) CMS: 538719K->538810K(600768K)
[898.823s][info ][gc,metaspace ] GC(414) Metaspace: 58433K->58433K(1101824K)
[898.823s][info ][gc           ] GC(414) Pause Young (Allocation Failure) 762M->527M(850M) 3.504ms
[898.823s][info ][gc,cpu       ] GC(414) User=0.01s Sys=0.00s Real=0.01s
[898.823s][info ][safepoint    ] Leaving safepoint region
[898.823s][info ][safepoint    ] Total time for which application threads were stopped: 0.0037427 seconds, Stopping threads took: 0.0001012 seconds
[899.823s][info ][safepoint    ] Application time: 1.0001031 seconds
[899.823s][info ][safepoint    ] Entering safepoint region: Cleanup
[899.823s][info ][safepoint    ] Leaving safepoint region
[899.823s][info ][safepoint    ] Total time for which application threads were stopped: 0.0001127 seconds, Stopping threads took: 0.0000405 seconds
[900.824s][info ][safepoint    ] Application time: 1.0009132 seconds
[900.824s][info ][safepoint    ] Entering safepoint region: Cleanup
[900.824s][info ][safepoint    ] Leaving safepoint region
[900.824s][info ][safepoint    ] Total time for which application threads were stopped: 0.0000742 seconds, Stopping threads took: 0.0000176 seconds
[901.825s][info ][safepoint    ] Application time: 1.0001129 seconds
[901.825s][info ][safepoint    ] Entering safepoint region: Cleanup
[901.825s][info ][safepoint    ] Leaving safepoint region
[901.825s][info ][safepoint    ] Total time for which application threads were stopped: 0.0001074 seconds, Stopping threads took: 0.0000311 seconds
[901.965s][info ][safepoint    ] Application time: 0.1399467 seconds
[901.965s][info ][safepoint    ] Entering safepoint region: GenCollectForAllocation
[901.965s][info ][gc,start     ] GC(415) Pause Young (Allocation Failure)
[901.965s][info ][gc,task      ] GC(415) Using 4 workers of 4 for evacuation
[901.968s][debug][gc,ref       ] GC(415) Skipped phase1 of Reference Processing due to unavailable references
[901.968s][debug][gc,ref       ] GC(415) Skipped phase2 of Reference Processing due to unavailable references
[901.968s][debug][gc,ref       ] GC(415) Skipped phase3 of Reference Processing due to unavailable references
[901.968s][debug][gc,ref       ] GC(415) Skipped phase4 of Reference Processing due to unavailable references
[901.968s][debug][gc,age       ] GC(415) Desired survivor size 15368192 bytes, new threshold 6 (max threshold 6)
[901.968s][info ][gc,heap      ] GC(415) ParNew: 241574K->1281K(270336K)
[901.968s][info ][gc,heap      ] GC(415) CMS: 538810K->538991K(600768K)
[901.968s][info ][gc,metaspace ] GC(415) Metaspace: 58439K->58439K(1101824K)
[901.968s][info ][gc           ] GC(415) Pause Young (Allocation Failure) 762M->527M(850M) 3.230ms
[901.968s][info ][gc,cpu       ] GC(415) User=0.01s Sys=0.00s Real=0.00s
[901.968s][info ][safepoint    ] Leaving safepoint region
[901.968s][info ][safepoint    ] Total time for which application threads were stopped: 0.0033955 seconds, Stopping threads took: 0.0000242 seconds
[902.968s][info ][safepoint    ] Application time: 1.0000812 seconds
[902.968s][info ][safepoint    ] Entering safepoint region: Cleanup
[902.968s][info ][safepoint    ] Leaving safepoint region
[902.968s][info ][safepoint    ] Total time for which application threads were stopped: 0.0000682 seconds, Stopping threads took: 0.0000169 seconds
[903.968s][info ][safepoint    ] Application time: 1.0001029 seconds
[903.969s][info ][safepoint    ] Entering safepoint region: Cleanup
[903.970s][info ][safepoint    ] Leaving safepoint region
[903.970s][info ][safepoint    ] Total time for which application threads were stopped: 0.0012241 seconds, Stopping threads took: 0.0001635 seconds
[904.970s][info ][safepoint    ] Application time: 1.0001464 seconds
[904.970s][info ][safepoint    ] Entering safepoint region: Cleanup
[904.970s][info ][safepoint    ] Leaving safepoint region
[904.970s][info ][safepoint    ] Total time for which application threads were stopped: 0.0001120 seconds, Stopping threads took: 0.0000307 seconds
[905.271s][info ][safepoint    ] Application time: 0.3011999 seconds
[905.271s][info ][safepoint    ] Entering safepoint region: GenCollectForAllocation
[905.271s][info ][gc,start     ] GC(416) Pause Young (Allocation Failure)
[905.271s][info ][gc,task      ] GC(416) Using 4 workers of 4 for evacuation
[905.274s][debug][gc,ref       ] GC(416) Skipped phase1 of Reference Processing due to unavailable references
[905.274s][debug][gc,ref       ] GC(416) Skipped phase2 of Reference Processing due to unavailable references
[905.274s][debug][gc,ref       ] GC(416) Skipped phase3 of Reference Processing due to unavailable references
[905.274s][debug][gc,ref       ] GC(416) Skipped phase4 of Reference Processing due to unavailable references
[905.274s][debug][gc,age       ] GC(416) Desired survivor size 15368192 bytes, new threshold 6 (max threshold 6)
[905.274s][info ][gc,heap      ] GC(416) ParNew: 241601K->1238K(270336K)
[905.274s][info ][gc,heap      ] GC(416) CMS: 538991K->539078K(600768K)
[905.274s][info ][gc,metaspace ] GC(416) Metaspace: 58439K->58439K(1101824K)
[905.274s][info ][gc           ] GC(416) Pause Young (Allocation Failure) 762M->527M(850M) 2.553ms
[905.274s][info ][gc,cpu       ] GC(416) User=0.00s Sys=0.00s Real=0.00s
[905.274s][info ][safepoint    ] Leaving safepoint region
[905.274s][info ][safepoint    ] Total time for which application threads were stopped: 0.0028546 seconds, Stopping threads took: 0.0000493 seconds
[906.274s][info ][safepoint    ] Application time: 1.0001493 seconds
[906.274s][info ][safepoint    ] Entering safepoint region: Cleanup
[906.274s][info ][safepoint    ] Leaving safepoint region
[906.274s][info ][safepoint    ] Total time for which application threads were stopped: 0.0001045 seconds, Stopping threads took: 0.0000181 seconds
[907.274s][info ][safepoint    ] Application time: 1.0000939 seconds
[907.275s][info ][safepoint    ] Entering safepoint region: Cleanup
[907.275s][info ][safepoint    ] Leaving safepoint region
[907.275s][info ][safepoint    ] Total time for which application threads were stopped: 0.0001794 seconds, Stopping threads took: 0.0001152 seconds
[908.016s][info ][safepoint    ] Application time: 0.7408719 seconds
[908.016s][info ][safepoint    ] Entering safepoint region: GenCollectForAllocation
[908.016s][info ][gc,start     ] GC(417) Pause Young (Allocation Failure)
[908.016s][info ][gc,task      ] GC(417) Using 4 workers of 4 for evacuation
[908.019s][debug][gc,ref       ] GC(417) Skipped phase1 of Reference Processing due to unavailable references
[908.019s][debug][gc,ref       ] GC(417) Skipped phase2 of Reference Processing due to unavailable references
[908.019s][debug][gc,ref       ] GC(417) Skipped phase3 of Reference Processing due to unavailable references
[908.019s][debug][gc,ref       ] GC(417) Skipped phase4 of Reference Processing due to unavailable references
[908.019s][debug][gc,age       ] GC(417) Desired survivor size 15368192 bytes, new threshold 6 (max threshold 6)
[908.019s][info ][gc,heap      ] GC(417) ParNew: 241558K->2650K(270336K)
[908.019s][info ][gc,heap      ] GC(417) CMS: 539078K->539079K(600768K)
[908.019s][info ][gc,metaspace ] GC(417) Metaspace: 58439K->58439K(1101824K)
[908.019s][info ][gc           ] GC(417) Pause Young (Allocation Failure) 762M->529M(850M) 3.325ms
[908.019s][info ][gc,cpu       ] GC(417) User=0.01s Sys=0.01s Real=0.00s
[908.019s][info ][safepoint    ] Leaving safepoint region
[908.019s][info ][safepoint    ] Total time for which application threads were stopped: 0.0035067 seconds, Stopping threads took: 0.0000162 seconds
[909.019s][info ][safepoint    ] Application time: 1.0000983 seconds
[909.019s][info ][safepoint    ] Entering safepoint region: Cleanup
[909.019s][info ][safepoint    ] Leaving safepoint region
[909.019s][info ][safepoint    ] Total time for which application threads were stopped: 0.0000826 seconds, Stopping threads took: 0.0000163 seconds
[910.019s][info ][safepoint    ] Application time: 1.0000870 seconds
[910.019s][info ][safepoint    ] Entering safepoint region: Cleanup
[910.020s][info ][safepoint    ] Leaving safepoint region
[910.020s][info ][safepoint    ] Total time for which application threads were stopped: 0.0001227 seconds, Stopping threads took: 0.0000624 seconds
[910.471s][info ][safepoint    ] Application time: 0.4515512 seconds
[910.471s][info ][safepoint    ] Entering safepoint region: GenCollectForAllocation
[910.471s][info ][gc,start     ] GC(418) Pause Young (Allocation Failure)
[910.471s][info ][gc,task      ] GC(418) Using 4 workers of 4 for evacuation
[910.474s][debug][gc,ref       ] GC(418) Skipped phase1 of Reference Processing due to unavailable references
[910.474s][debug][gc,ref       ] GC(418) Skipped phase2 of Reference Processing due to unavailable references
[910.474s][debug][gc,ref       ] GC(418) Skipped phase3 of Reference Processing due to unavailable references
[910.474s][debug][gc,ref       ] GC(418) Skipped phase4 of Reference Processing due to unavailable references
[910.475s][debug][gc,age       ] GC(418) Desired survivor size 15368192 bytes, new threshold 6 (max threshold 6)
[910.475s][info ][gc,heap      ] GC(418) ParNew: 242970K->2727K(270336K)
[910.475s][info ][gc,heap      ] GC(418) CMS: 539079K->539223K(600768K)
[910.475s][info ][gc,metaspace ] GC(418) Metaspace: 58439K->58439K(1101824K)
[910.475s][info ][gc           ] GC(418) Pause Young (Allocation Failure) 763M->529M(850M) 3.312ms
[910.475s][info ][gc,cpu       ] GC(418) User=0.02s Sys=0.00s Real=0.00s
[910.475s][info ][safepoint    ] Leaving safepoint region
[910.475s][info ][safepoint    ] Total time for which application threads were stopped: 0.0035711 seconds, Stopping threads took: 0.0001165 seconds
[911.475s][info ][safepoint    ] Application time: 1.0000959 seconds
[911.475s][info ][safepoint    ] Entering safepoint region: Cleanup
[911.475s][info ][safepoint    ] Leaving safepoint region
[911.475s][info ][safepoint    ] Total time for which application threads were stopped: 0.0000776 seconds, Stopping threads took: 0.0000187 seconds
[912.475s][info ][safepoint    ] Application time: 1.0001026 seconds
[912.475s][info ][safepoint    ] Entering safepoint region: Cleanup
[912.475s][info ][safepoint    ] Leaving safepoint region
[912.475s][info ][safepoint    ] Total time for which application threads were stopped: 0.0001682 seconds, Stopping threads took: 0.0000952 seconds
[912.883s][info ][safepoint    ] Application time: 0.4076851 seconds
[912.883s][info ][safepoint    ] Entering safepoint region: GenCollectForAllocation
[912.883s][info ][gc,start     ] GC(419) Pause Young (Allocation Failure)
[912.883s][info ][gc,task      ] GC(419) Using 4 workers of 4 for evacuation
[912.890s][debug][gc,ref       ] GC(419) Skipped phase1 of Reference Processing due to unavailable references
[912.890s][debug][gc,ref       ] GC(419) Skipped phase2 of Reference Processing due to unavailable references
[912.890s][debug][gc,ref       ] GC(419) Skipped phase3 of Reference Processing due to unavailable references
[912.890s][debug][gc,ref       ] GC(419) Skipped phase4 of Reference Processing due to unavailable references
[912.890s][debug][gc,age       ] GC(419) Desired survivor size 15368192 bytes, new threshold 6 (max threshold 6)
[912.890s][info ][gc,heap      ] GC(419) ParNew: 243047K->13084K(270336K)
[912.890s][info ][gc,heap      ] GC(419) CMS: 539223K->539274K(600768K)
[912.890s][info ][gc,metaspace ] GC(419) Metaspace: 58446K->58446K(1101824K)
[912.890s][info ][gc           ] GC(419) Pause Young (Allocation Failure) 763M->539M(850M) 7.413ms
[912.890s][info ][gc,cpu       ] GC(419) User=0.04s Sys=0.00s Real=0.01s
[912.891s][info ][safepoint    ] Leaving safepoint region
[912.891s][info ][safepoint    ] Total time for which application threads were stopped: 0.0075919 seconds, Stopping threads took: 0.0000162 seconds
[913.891s][info ][safepoint    ] Application time: 1.0000762 seconds
[913.891s][info ][safepoint    ] Entering safepoint region: Cleanup
[913.891s][info ][safepoint    ] Leaving safepoint region
[913.891s][info ][safepoint    ] Total time for which application threads were stopped: 0.0000730 seconds, Stopping threads took: 0.0000174 seconds
[914.891s][info ][safepoint    ] Application time: 1.0000949 seconds
[914.891s][info ][safepoint    ] Entering safepoint region: Cleanup
[914.891s][info ][safepoint    ] Leaving safepoint region
[914.891s][info ][safepoint    ] Total time for which application threads were stopped: 0.0000767 seconds, Stopping threads took: 0.0000185 seconds
[915.808s][info ][safepoint    ] Application time: 0.9174398 seconds
[915.808s][info ][safepoint    ] Entering safepoint region: GenCollectForAllocation
[915.809s][info ][gc,start     ] GC(420) Pause Young (Allocation Failure)
[915.809s][info ][gc,task      ] GC(420) Using 4 workers of 4 for evacuation
[915.811s][debug][gc,ref       ] GC(420) Skipped phase1 of Reference Processing due to unavailable references
[915.811s][debug][gc,ref       ] GC(420) Skipped phase2 of Reference Processing due to unavailable references
[915.811s][debug][gc,ref       ] GC(420) Skipped phase3 of Reference Processing due to unavailable references
[915.811s][debug][gc,ref       ] GC(420) Skipped phase4 of Reference Processing due to unavailable references
[915.811s][debug][gc,age       ] GC(420) Desired survivor size 15368192 bytes, new threshold 6 (max threshold 6)
[915.811s][info ][gc,heap      ] GC(420) ParNew: 253404K->9143K(270336K)
[915.811s][info ][gc,heap      ] GC(420) CMS: 539274K->539326K(600768K)
[915.811s][info ][gc,metaspace ] GC(420) Metaspace: 58446K->58446K(1101824K)
[915.811s][info ][gc           ] GC(420) Pause Young (Allocation Failure) 774M->535M(850M) 2.960ms
[915.812s][info ][gc,cpu       ] GC(420) User=0.01s Sys=0.00s Real=0.01s
[915.812s][info ][safepoint    ] Leaving safepoint region
[915.812s][info ][safepoint    ] Total time for which application threads were stopped: 0.0031288 seconds, Stopping threads took: 0.0000167 seconds
[916.812s][info ][safepoint    ] Application time: 1.0000980 seconds
[916.812s][info ][safepoint    ] Entering safepoint region: Cleanup
[916.812s][info ][safepoint    ] Leaving safepoint region
[916.812s][info ][safepoint    ] Total time for which application threads were stopped: 0.0001080 seconds, Stopping threads took: 0.0000463 seconds
[917.812s][info ][safepoint    ] Application time: 1.0000996 seconds
[917.812s][info ][safepoint    ] Entering safepoint region: Cleanup
[917.812s][info ][safepoint    ] Leaving safepoint region
[917.812s][info ][safepoint    ] Total time for which application threads were stopped: 0.0001451 seconds, Stopping threads took: 0.0000801 seconds
[918.812s][info ][safepoint    ] Application time: 1.0000929 seconds
[918.812s][info ][safepoint    ] Entering safepoint region: Cleanup
[918.812s][info ][safepoint    ] Leaving safepoint region
[918.812s][info ][safepoint    ] Total time for which application threads were stopped: 0.0001372 seconds, Stopping threads took: 0.0000578 seconds
[918.910s][info ][safepoint    ] Application time: 0.0975823 seconds
[918.910s][info ][safepoint    ] Entering safepoint region: GenCollectForAllocation
[918.910s][info ][gc,start     ] GC(421) Pause Young (Allocation Failure)
[918.910s][info ][gc,task      ] GC(421) Using 4 workers of 4 for evacuation
[918.913s][debug][gc,ref       ] GC(421) Skipped phase1 of Reference Processing due to unavailable references
[918.913s][debug][gc,ref       ] GC(421) Skipped phase2 of Reference Processing due to unavailable references
[918.913s][debug][gc,ref       ] GC(421) Skipped phase3 of Reference Processing due to unavailable references
[918.913s][debug][gc,ref       ] GC(421) Skipped phase4 of Reference Processing due to unavailable references
[918.913s][debug][gc,age       ] GC(421) Desired survivor size 15368192 bytes, new threshold 6 (max threshold 6)
[918.913s][info ][gc,heap      ] GC(421) ParNew: 249463K->3556K(270336K)
[918.913s][info ][gc,heap      ] GC(421) CMS: 539326K->539406K(600768K)
[918.913s][info ][gc,metaspace ] GC(421) Metaspace: 58446K->58446K(1101824K)
[918.913s][info ][gc           ] GC(421) Pause Young (Allocation Failure) 770M->530M(850M) 3.132ms
[918.913s][info ][gc,cpu       ] GC(421) User=0.01s Sys=0.00s Real=0.00s
[918.913s][info ][safepoint    ] Leaving safepoint region
[918.914s][info ][safepoint    ] Total time for which application threads were stopped: 0.0035359 seconds, Stopping threads took: 0.0002655 seconds
[919.914s][info ][safepoint    ] Application time: 1.0001049 seconds
[919.914s][info ][safepoint    ] Entering safepoint region: Cleanup
[919.914s][info ][safepoint    ] Leaving safepoint region
[919.914s][info ][safepoint    ] Total time for which application threads were stopped: 0.0001224 seconds, Stopping threads took: 0.0000553 seconds
[920.914s][info ][safepoint    ] Application time: 1.0000964 seconds
[920.914s][info ][safepoint    ] Entering safepoint region: Cleanup
[920.914s][info ][safepoint    ] Leaving safepoint region
[920.914s][info ][safepoint    ] Total time for which application threads were stopped: 0.0001567 seconds, Stopping threads took: 0.0000773 seconds
[921.909s][info ][safepoint    ] Application time: 0.9945052 seconds
[921.909s][info ][safepoint    ] Entering safepoint region: GenCollectForAllocation
[921.909s][info ][gc,start     ] GC(422) Pause Young (Allocation Failure)
[921.909s][info ][gc,task      ] GC(422) Using 4 workers of 4 for evacuation
[921.912s][debug][gc,ref       ] GC(422) Skipped phase1 of Reference Processing due to unavailable references
[921.912s][debug][gc,ref       ] GC(422) Skipped phase2 of Reference Processing due to unavailable references
[921.912s][debug][gc,ref       ] GC(422) Skipped phase3 of Reference Processing due to unavailable references
[921.912s][debug][gc,ref       ] GC(422) Skipped phase4 of Reference Processing due to unavailable references
[921.912s][debug][gc,age       ] GC(422) Desired survivor size 15368192 bytes, new threshold 6 (max threshold 6)
[921.912s][info ][gc,heap      ] GC(422) ParNew: 243876K->3270K(270336K)
[921.912s][info ][gc,heap      ] GC(422) CMS: 539406K->539561K(600768K)
[921.912s][info ][gc,metaspace ] GC(422) Metaspace: 58446K->58446K(1101824K)
[921.912s][info ][gc           ] GC(422) Pause Young (Allocation Failure) 764M->530M(850M) 3.358ms
[921.912s][info ][gc,cpu       ] GC(422) User=0.01s Sys=0.00s Real=0.01s
[921.912s][info ][safepoint    ] Leaving safepoint region
[921.912s][info ][safepoint    ] Total time for which application threads were stopped: 0.0035166 seconds, Stopping threads took: 0.0000160 seconds
[922.912s][info ][safepoint    ] Application time: 1.0000962 seconds
[922.912s][info ][safepoint    ] Entering safepoint region: Cleanup
[922.912s][info ][safepoint    ] Leaving safepoint region
[922.912s][info ][safepoint    ] Total time for which application threads were stopped: 0.0001280 seconds, Stopping threads took: 0.0000498 seconds
[923.913s][info ][safepoint    ] Application time: 1.0003198 seconds
[923.913s][info ][safepoint    ] Entering safepoint region: Cleanup
[923.913s][info ][safepoint    ] Leaving safepoint region
[923.913s][info ][safepoint    ] Total time for which application threads were stopped: 0.0001320 seconds, Stopping threads took: 0.0000573 seconds
[924.913s][info ][safepoint    ] Application time: 1.0000879 seconds
[924.913s][info ][safepoint    ] Entering safepoint region: Cleanup
[924.913s][info ][safepoint    ] Leaving safepoint region
[924.913s][info ][safepoint    ] Total time for which application threads were stopped: 0.0001055 seconds, Stopping threads took: 0.0000425 seconds
[925.109s][info ][safepoint    ] Application time: 0.1955642 seconds
[925.109s][info ][safepoint    ] Entering safepoint region: GenCollectForAllocation
[925.109s][info ][gc,start     ] GC(423) Pause Young (Allocation Failure)
[925.109s][info ][gc,task      ] GC(423) Using 4 workers of 4 for evacuation
[925.112s][debug][gc,ref       ] GC(423) Skipped phase1 of Reference Processing due to unavailable references
[925.112s][debug][gc,ref       ] GC(423) Skipped phase2 of Reference Processing due to unavailable references
[925.112s][debug][gc,ref       ] GC(423) Skipped phase3 of Reference Processing due to unavailable references
[925.112s][debug][gc,ref       ] GC(423) Skipped phase4 of Reference Processing due to unavailable references
[925.112s][debug][gc,age       ] GC(423) Desired survivor size 15368192 bytes, new threshold 6 (max threshold 6)
[925.112s][info ][gc,heap      ] GC(423) ParNew: 243590K->3000K(270336K)
[925.112s][info ][gc,heap      ] GC(423) CMS: 539561K->539886K(600768K)
[925.112s][info ][gc,metaspace ] GC(423) Metaspace: 58446K->58446K(1101824K)
[925.112s][info ][gc           ] GC(423) Pause Young (Allocation Failure) 764M->530M(850M) 3.363ms
[925.112s][info ][gc,cpu       ] GC(423) User=0.01s Sys=0.00s Real=0.01s
[925.112s][info ][safepoint    ] Leaving safepoint region
[925.112s][info ][safepoint    ] Total time for which application threads were stopped: 0.0035043 seconds, Stopping threads took: 0.0000154 seconds
[926.112s][info ][safepoint    ] Application time: 1.0001105 seconds
[926.112s][info ][safepoint    ] Entering safepoint region: Cleanup
[926.113s][info ][safepoint    ] Leaving safepoint region
[926.113s][info ][safepoint    ] Total time for which application threads were stopped: 0.0001577 seconds, Stopping threads took: 0.0000680 seconds
[927.113s][info ][safepoint    ] Application time: 1.0000924 seconds
[927.113s][info ][safepoint    ] Entering safepoint region: Cleanup
[927.113s][info ][safepoint    ] Leaving safepoint region
[927.113s][info ][safepoint    ] Total time for which application threads were stopped: 0.0001026 seconds, Stopping threads took: 0.0000409 seconds
[928.113s][info ][safepoint    ] Application time: 1.0000966 seconds
[928.113s][info ][safepoint    ] Entering safepoint region: Cleanup
[928.113s][info ][safepoint    ] Leaving safepoint region
[928.113s][info ][safepoint    ] Total time for which application threads were stopped: 0.0001450 seconds, Stopping threads took: 0.0000669 seconds
[928.160s][info ][safepoint    ] Application time: 0.0469137 seconds
[928.160s][info ][safepoint    ] Entering safepoint region: GenCollectForAllocation
[928.160s][info ][gc,start     ] GC(424) Pause Young (Allocation Failure)
[928.160s][info ][gc,task      ] GC(424) Using 4 workers of 4 for evacuation
[928.163s][debug][gc,ref       ] GC(424) Skipped phase1 of Reference Processing due to unavailable references
[928.163s][debug][gc,ref       ] GC(424) Skipped phase2 of Reference Processing due to unavailable references
[928.163s][debug][gc,ref       ] GC(424) Skipped phase3 of Reference Processing due to unavailable references
[928.163s][debug][gc,ref       ] GC(424) Skipped phase4 of Reference Processing due to unavailable references
[928.164s][debug][gc,age       ] GC(424) Desired survivor size 15368192 bytes, new threshold 6 (max threshold 6)
[928.164s][info ][gc,heap      ] GC(424) ParNew: 243320K->2360K(270336K)
[928.164s][info ][gc,heap      ] GC(424) CMS: 539886K->540591K(600768K)
[928.164s][info ][gc,metaspace ] GC(424) Metaspace: 58447K->58447K(1101824K)
[928.164s][info ][gc           ] GC(424) Pause Young (Allocation Failure) 764M->530M(850M) 3.461ms
[928.164s][info ][gc,cpu       ] GC(424) User=0.01s Sys=0.00s Real=0.01s
[928.164s][info ][safepoint    ] Leaving safepoint region
[928.164s][info ][safepoint    ] Total time for which application threads were stopped: 0.0039403 seconds, Stopping threads took: 0.0000164 seconds
[929.164s][info ][safepoint    ] Application time: 1.0001013 seconds
[929.164s][info ][safepoint    ] Entering safepoint region: Cleanup
[929.164s][info ][safepoint    ] Leaving safepoint region
[929.164s][info ][safepoint    ] Total time for which application threads were stopped: 0.0001058 seconds, Stopping threads took: 0.0000487 seconds
[930.164s][info ][safepoint    ] Application time: 1.0001029 seconds
[930.164s][info ][safepoint    ] Entering safepoint region: Cleanup
[930.165s][info ][safepoint    ] Leaving safepoint region
[930.165s][info ][safepoint    ] Total time for which application threads were stopped: 0.0001374 seconds, Stopping threads took: 0.0000673 seconds
[931.004s][info ][safepoint    ] Application time: 0.8397698 seconds
[931.004s][info ][safepoint    ] Entering safepoint region: GenCollectForAllocation
[931.004s][info ][gc,start     ] GC(425) Pause Young (Allocation Failure)
[931.004s][info ][gc,task      ] GC(425) Using 4 workers of 4 for evacuation
[931.007s][debug][gc,ref       ] GC(425) Skipped phase1 of Reference Processing due to unavailable references
[931.007s][debug][gc,ref       ] GC(425) Skipped phase2 of Reference Processing due to unavailable references
[931.007s][debug][gc,ref       ] GC(425) Skipped phase3 of Reference Processing due to unavailable references
[931.007s][debug][gc,ref       ] GC(425) Skipped phase4 of Reference Processing due to unavailable references
[931.007s][debug][gc,age       ] GC(425) Desired survivor size 15368192 bytes, new threshold 6 (max threshold 6)
[931.008s][info ][gc,heap      ] GC(425) ParNew: 242680K->1853K(270336K)
[931.008s][info ][gc,heap      ] GC(425) CMS: 540591K->540688K(600768K)
[931.008s][info ][gc,metaspace ] GC(425) Metaspace: 58447K->58447K(1101824K)
[931.008s][info ][gc           ] GC(425) Pause Young (Allocation Failure) 764M->529M(850M) 3.115ms
[931.008s][info ][gc,cpu       ] GC(425) User=0.01s Sys=0.00s Real=0.00s
[931.008s][info ][safepoint    ] Leaving safepoint region
[931.008s][info ][safepoint    ] Total time for which application threads were stopped: 0.0034718 seconds, Stopping threads took: 0.0000170 seconds
[932.008s][info ][safepoint    ] Application time: 1.0001555 seconds
[932.008s][info ][safepoint    ] Entering safepoint region: Cleanup
[932.008s][info ][safepoint    ] Leaving safepoint region
[932.008s][info ][safepoint    ] Total time for which application threads were stopped: 0.0001336 seconds, Stopping threads took: 0.0000714 seconds
[933.008s][info ][safepoint    ] Application time: 1.0001032 seconds
[933.008s][info ][safepoint    ] Entering safepoint region: Cleanup
[933.008s][info ][safepoint    ] Leaving safepoint region
[933.008s][info ][safepoint    ] Total time for which application threads were stopped: 0.0001159 seconds, Stopping threads took: 0.0000514 seconds
[934.008s][info ][safepoint    ] Application time: 1.0001100 seconds
[934.009s][info ][safepoint    ] Entering safepoint region: Cleanup
[934.009s][info ][safepoint    ] Leaving safepoint region
[934.009s][info ][safepoint    ] Total time for which application threads were stopped: 0.0001213 seconds, Stopping threads took: 0.0000521 seconds
[934.109s][info ][safepoint    ] Application time: 0.1002339 seconds
[934.109s][info ][safepoint    ] Entering safepoint region: GenCollectForAllocation
[934.109s][info ][gc,start     ] GC(426) Pause Young (Allocation Failure)
[934.109s][info ][gc,task      ] GC(426) Using 4 workers of 4 for evacuation
[934.112s][debug][gc,ref       ] GC(426) Skipped phase1 of Reference Processing due to unavailable references
[934.112s][debug][gc,ref       ] GC(426) Skipped phase2 of Reference Processing due to unavailable references
[934.112s][debug][gc,ref       ] GC(426) Skipped phase3 of Reference Processing due to unavailable references
[934.112s][debug][gc,ref       ] GC(426) Skipped phase4 of Reference Processing due to unavailable references
[934.112s][debug][gc,age       ] GC(426) Desired survivor size 15368192 bytes, new threshold 6 (max threshold 6)
[934.112s][info ][gc,heap      ] GC(426) ParNew: 242173K->2155K(270336K)
[934.112s][info ][gc,heap      ] GC(426) CMS: 540688K->540799K(600768K)
[934.112s][info ][gc,metaspace ] GC(426) Metaspace: 58447K->58447K(1101824K)
[934.112s][info ][gc           ] GC(426) Pause Young (Allocation Failure) 764M->530M(850M) 3.436ms
[934.112s][info ][gc,cpu       ] GC(426) User=0.01s Sys=0.01s Real=0.01s
[934.113s][info ][safepoint    ] Leaving safepoint region
[934.113s][info ][safepoint    ] Total time for which application threads were stopped: 0.0035832 seconds, Stopping threads took: 0.0000185 seconds
[935.113s][info ][safepoint    ] Application time: 1.0001223 seconds
[935.113s][info ][safepoint    ] Entering safepoint region: Cleanup
[935.113s][info ][safepoint    ] Leaving safepoint region
[935.113s][info ][safepoint    ] Total time for which application threads were stopped: 0.0001066 seconds, Stopping threads took: 0.0000411 seconds
[936.113s][info ][safepoint    ] Application time: 1.0000920 seconds
[936.113s][info ][safepoint    ] Entering safepoint region: Cleanup
[936.113s][info ][safepoint    ] Leaving safepoint region
[936.113s][info ][safepoint    ] Total time for which application threads were stopped: 0.0002098 seconds, Stopping threads took: 0.0000688 seconds
[937.113s][info ][safepoint    ] Application time: 1.0000992 seconds
[937.113s][info ][safepoint    ] Entering safepoint region: Cleanup
[937.113s][info ][safepoint    ] Leaving safepoint region
[937.113s][info ][safepoint    ] Total time for which application threads were stopped: 0.0001042 seconds, Stopping threads took: 0.0000419 seconds
[937.308s][info ][safepoint    ] Application time: 0.1950028 seconds
[937.308s][info ][safepoint    ] Entering safepoint region: GenCollectForAllocation
[937.309s][info ][gc,start     ] GC(427) Pause Young (Allocation Failure)
[937.309s][info ][gc,task      ] GC(427) Using 4 workers of 4 for evacuation
[937.311s][debug][gc,ref       ] GC(427) Skipped phase1 of Reference Processing due to unavailable references
[937.311s][debug][gc,ref       ] GC(427) Skipped phase2 of Reference Processing due to unavailable references
[937.311s][debug][gc,ref       ] GC(427) Skipped phase3 of Reference Processing due to unavailable references
[937.311s][debug][gc,ref       ] GC(427) Skipped phase4 of Reference Processing due to unavailable references
[937.311s][debug][gc,age       ] GC(427) Desired survivor size 15368192 bytes, new threshold 6 (max threshold 6)
[937.311s][info ][gc,heap      ] GC(427) ParNew: 242475K->1839K(270336K)
[937.311s][info ][gc,heap      ] GC(427) CMS: 540799K->540982K(600768K)
[937.311s][info ][gc,metaspace ] GC(427) Metaspace: 58447K->58447K(1101824K)
[937.311s][info ][gc           ] GC(427) Pause Young (Allocation Failure) 764M->530M(850M) 2.722ms
[937.311s][info ][gc,cpu       ] GC(427) User=0.01s Sys=0.00s Real=0.01s
[937.311s][info ][safepoint    ] Leaving safepoint region
[937.311s][info ][safepoint    ] Total time for which application threads were stopped: 0.0028877 seconds, Stopping threads took: 0.0000161 seconds
[938.311s][info ][safepoint    ] Application time: 1.0001027 seconds
[938.311s][info ][safepoint    ] Entering safepoint region: Cleanup
[938.312s][info ][safepoint    ] Leaving safepoint region
[938.312s][info ][safepoint    ] Total time for which application threads were stopped: 0.0000986 seconds, Stopping threads took: 0.0000385 seconds
[939.312s][info ][safepoint    ] Application time: 1.0001221 seconds
[939.312s][info ][safepoint    ] Entering safepoint region: Cleanup
[939.312s][info ][safepoint    ] Leaving safepoint region
[939.312s][info ][safepoint    ] Total time for which application threads were stopped: 0.0001457 seconds, Stopping threads took: 0.0000775 seconds
[940.312s][info ][safepoint    ] Application time: 1.0001382 seconds
[940.312s][info ][safepoint    ] Entering safepoint region: Cleanup
[940.312s][info ][safepoint    ] Leaving safepoint region
[940.312s][info ][safepoint    ] Total time for which application threads were stopped: 0.0001159 seconds, Stopping threads took: 0.0000462 seconds
[940.429s][info ][safepoint    ] Application time: 0.1172823 seconds
[940.430s][info ][safepoint    ] Entering safepoint region: GenCollectForAllocation
[940.430s][info ][safepoint    ] Leaving safepoint region
[940.430s][info ][safepoint    ] Total time for which application threads were stopped: 0.0001501 seconds, Stopping threads took: 0.0000798 seconds
[940.430s][info ][safepoint    ] Application time: 0.0000440 seconds
[940.430s][info ][safepoint    ] Entering safepoint region: GenCollectForAllocation
[940.430s][info ][gc,start     ] GC(428) Pause Young (Allocation Failure)
[940.430s][info ][gc,task      ] GC(428) Using 4 workers of 4 for evacuation
[940.433s][debug][gc,ref       ] GC(428) Skipped phase1 of Reference Processing due to unavailable references
[940.433s][debug][gc,ref       ] GC(428) Skipped phase2 of Reference Processing due to unavailable references
[940.433s][debug][gc,ref       ] GC(428) Skipped phase3 of Reference Processing due to unavailable references
[940.433s][debug][gc,ref       ] GC(428) Skipped phase4 of Reference Processing due to unavailable references
[940.433s][debug][gc,age       ] GC(428) Desired survivor size 15368192 bytes, new threshold 6 (max threshold 6)
[940.433s][info ][gc,heap      ] GC(428) ParNew: 242159K->1989K(270336K)
[940.433s][info ][gc,heap      ] GC(428) CMS: 540982K->541164K(600768K)
[940.433s][info ][gc,metaspace ] GC(428) Metaspace: 58447K->58447K(1101824K)
[940.433s][info ][gc           ] GC(428) Pause Young (Allocation Failure) 764M->530M(850M) 3.241ms
[940.433s][info ][gc,cpu       ] GC(428) User=0.01s Sys=0.00s Real=0.01s
[940.433s][info ][safepoint    ] Leaving safepoint region
[940.433s][info ][safepoint    ] Total time for which application threads were stopped: 0.0033567 seconds, Stopping threads took: 0.0000106 seconds
[941.433s][info ][safepoint    ] Application time: 1.0001027 seconds
[941.433s][info ][safepoint    ] Entering safepoint region: Cleanup
[941.433s][info ][safepoint    ] Leaving safepoint region
[941.433s][info ][safepoint    ] Total time for which application threads were stopped: 0.0000717 seconds, Stopping threads took: 0.0000172 seconds
[942.434s][info ][safepoint    ] Application time: 1.0002842 seconds
[942.434s][info ][safepoint    ] Entering safepoint region: Cleanup
[942.434s][info ][safepoint    ] Leaving safepoint region
[942.434s][info ][safepoint    ] Total time for which application threads were stopped: 0.0000855 seconds, Stopping threads took: 0.0000171 seconds
[943.434s][info ][safepoint    ] Application time: 1.0000880 seconds
[943.434s][info ][safepoint    ] Entering safepoint region: Cleanup
[943.434s][info ][safepoint    ] Leaving safepoint region
[943.434s][info ][safepoint    ] Total time for which application threads were stopped: 0.0000742 seconds, Stopping threads took: 0.0000190 seconds
[943.705s][info ][safepoint    ] Application time: 0.2715195 seconds
[943.705s][info ][safepoint    ] Entering safepoint region: GenCollectForAllocation
[943.706s][info ][gc,start     ] GC(429) Pause Young (Allocation Failure)
[943.706s][info ][gc,task      ] GC(429) Using 4 workers of 4 for evacuation
[943.708s][debug][gc,ref       ] GC(429) Skipped phase1 of Reference Processing due to unavailable references
[943.708s][debug][gc,ref       ] GC(429) Skipped phase2 of Reference Processing due to unavailable references
[943.708s][debug][gc,ref       ] GC(429) Skipped phase3 of Reference Processing due to unavailable references
[943.708s][debug][gc,ref       ] GC(429) Skipped phase4 of Reference Processing due to unavailable references
[943.708s][debug][gc,age       ] GC(429) Desired survivor size 15368192 bytes, new threshold 6 (max threshold 6)
[943.708s][info ][gc,heap      ] GC(429) ParNew: 242309K->2119K(270336K)
[943.708s][info ][gc,heap      ] GC(429) CMS: 541164K->541205K(600768K)
[943.709s][info ][gc,metaspace ] GC(429) Metaspace: 58448K->58448K(1101824K)
[943.709s][info ][gc           ] GC(429) Pause Young (Allocation Failure) 765M->530M(850M) 2.943ms
[943.709s][info ][gc,cpu       ] GC(429) User=0.01s Sys=0.00s Real=0.00s
[943.709s][info ][safepoint    ] Leaving safepoint region
[943.709s][info ][safepoint    ] Total time for which application threads were stopped: 0.0031104 seconds, Stopping threads took: 0.0000163 seconds
[944.709s][info ][safepoint    ] Application time: 1.0001036 seconds
[944.709s][info ][safepoint    ] Entering safepoint region: Cleanup
[944.709s][info ][safepoint    ] Leaving safepoint region
[944.709s][info ][safepoint    ] Total time for which application threads were stopped: 0.0001127 seconds, Stopping threads took: 0.0000422 seconds
[945.709s][info ][safepoint    ] Application time: 1.0000727 seconds
[945.709s][info ][safepoint    ] Entering safepoint region: Cleanup
[945.709s][info ][safepoint    ] Leaving safepoint region
[945.709s][info ][safepoint    ] Total time for which application threads were stopped: 0.0001084 seconds, Stopping threads took: 0.0000431 seconds
[946.709s][info ][safepoint    ] Application time: 1.0001029 seconds
[946.709s][info ][safepoint    ] Entering safepoint region: Cleanup
[946.709s][info ][safepoint    ] Leaving safepoint region
[946.709s][info ][safepoint    ] Total time for which application threads were stopped: 0.0001207 seconds, Stopping threads took: 0.0000383 seconds
[946.965s][info ][safepoint    ] Application time: 0.2559983 seconds
[946.965s][info ][safepoint    ] Entering safepoint region: GenCollectForAllocation
[946.965s][info ][gc,start     ] GC(430) Pause Young (Allocation Failure)
[946.966s][info ][gc,task      ] GC(430) Using 4 workers of 4 for evacuation
[946.968s][debug][gc,ref       ] GC(430) Skipped phase1 of Reference Processing due to unavailable references
[946.968s][debug][gc,ref       ] GC(430) Skipped phase2 of Reference Processing due to unavailable references
[946.968s][debug][gc,ref       ] GC(430) Skipped phase3 of Reference Processing due to unavailable references
[946.968s][debug][gc,ref       ] GC(430) Skipped phase4 of Reference Processing due to unavailable references
[946.968s][debug][gc,age       ] GC(430) Desired survivor size 15368192 bytes, new threshold 6 (max threshold 6)
[946.968s][info ][gc,heap      ] GC(430) ParNew: 242439K->1562K(270336K)
[946.968s][info ][gc,heap      ] GC(430) CMS: 541205K->541392K(600768K)
[946.968s][info ][gc,metaspace ] GC(430) Metaspace: 58450K->58450K(1101824K)
[946.968s][info ][gc           ] GC(430) Pause Young (Allocation Failure) 765M->530M(850M) 2.757ms
[946.968s][info ][gc,cpu       ] GC(430) User=0.01s Sys=0.00s Real=0.00s
[946.968s][info ][safepoint    ] Leaving safepoint region
[946.968s][info ][safepoint    ] Total time for which application threads were stopped: 0.0029214 seconds, Stopping threads took: 0.0000298 seconds
[947.968s][info ][safepoint    ] Application time: 1.0000972 seconds
[947.968s][info ][safepoint    ] Entering safepoint region: Cleanup
[947.968s][info ][safepoint    ] Leaving safepoint region
[947.969s][info ][safepoint    ] Total time for which application threads were stopped: 0.0000884 seconds, Stopping threads took: 0.0000165 seconds
[948.969s][info ][safepoint    ] Application time: 1.0001038 seconds
[948.969s][info ][safepoint    ] Entering safepoint region: Cleanup
[948.969s][info ][safepoint    ] Leaving safepoint region
[948.969s][info ][safepoint    ] Total time for which application threads were stopped: 0.0000906 seconds, Stopping threads took: 0.0000173 seconds
[949.969s][info ][safepoint    ] Application time: 1.0000846 seconds
[949.969s][info ][safepoint    ] Entering safepoint region: Cleanup
[949.969s][info ][safepoint    ] Leaving safepoint region
[949.969s][info ][safepoint    ] Total time for which application threads were stopped: 0.0000796 seconds, Stopping threads took: 0.0000246 seconds
[950.359s][info ][safepoint    ] Application time: 0.3901016 seconds
[950.359s][info ][safepoint    ] Entering safepoint region: GenCollectForAllocation
[950.359s][info ][gc,start     ] GC(431) Pause Young (Allocation Failure)
[950.359s][info ][gc,task      ] GC(431) Using 4 workers of 4 for evacuation
[950.362s][debug][gc,ref       ] GC(431) Skipped phase1 of Reference Processing due to unavailable references
[950.362s][debug][gc,ref       ] GC(431) Skipped phase2 of Reference Processing due to unavailable references
[950.362s][debug][gc,ref       ] GC(431) Skipped phase3 of Reference Processing due to unavailable references
[950.362s][debug][gc,ref       ] GC(431) Skipped phase4 of Reference Processing due to unavailable references
[950.362s][debug][gc,age       ] GC(431) Desired survivor size 15368192 bytes, new threshold 6 (max threshold 6)
[950.362s][info ][gc,heap      ] GC(431) ParNew: 241882K->1556K(270336K)
[950.362s][info ][gc,heap      ] GC(431) CMS: 541392K->541522K(600768K)
[950.362s][info ][gc,metaspace ] GC(431) Metaspace: 58450K->58450K(1101824K)
[950.362s][info ][gc           ] GC(431) Pause Young (Allocation Failure) 764M->530M(850M) 2.732ms
[950.362s][info ][gc,cpu       ] GC(431) User=0.00s Sys=0.00s Real=0.00s
[950.362s][info ][safepoint    ] Leaving safepoint region
[950.362s][info ][safepoint    ] Total time for which application threads were stopped: 0.0030249 seconds, Stopping threads took: 0.0000332 seconds
[951.362s][info ][safepoint    ] Application time: 1.0000947 seconds
[951.362s][info ][safepoint    ] Entering safepoint region: Cleanup
[951.362s][info ][safepoint    ] Leaving safepoint region
[951.362s][info ][safepoint    ] Total time for which application threads were stopped: 0.0001263 seconds, Stopping threads took: 0.0000626 seconds
[952.362s][info ][safepoint    ] Application time: 1.0000740 seconds
[952.363s][info ][safepoint    ] Entering safepoint region: Cleanup
[952.363s][info ][safepoint    ] Leaving safepoint region
[952.363s][info ][safepoint    ] Total time for which application threads were stopped: 0.0001326 seconds, Stopping threads took: 0.0000700 seconds
[953.363s][info ][safepoint    ] Application time: 1.0001014 seconds
[953.363s][info ][safepoint    ] Entering safepoint region: Cleanup
[953.363s][info ][safepoint    ] Leaving safepoint region
[953.363s][info ][safepoint    ] Total time for which application threads were stopped: 0.0001036 seconds, Stopping threads took: 0.0000398 seconds
[953.811s][info ][safepoint    ] Application time: 0.4477020 seconds
[953.811s][info ][safepoint    ] Entering safepoint region: GenCollectForAllocation
[953.811s][info ][gc,start     ] GC(432) Pause Young (Allocation Failure)
[953.811s][info ][gc,task      ] GC(432) Using 4 workers of 4 for evacuation
[953.813s][debug][gc,ref       ] GC(432) Skipped phase1 of Reference Processing due to unavailable references
[953.813s][debug][gc,ref       ] GC(432) Skipped phase2 of Reference Processing due to unavailable references
[953.813s][debug][gc,ref       ] GC(432) Skipped phase3 of Reference Processing due to unavailable references
[953.813s][debug][gc,ref       ] GC(432) Skipped phase4 of Reference Processing due to unavailable references
[953.813s][debug][gc,age       ] GC(432) Desired survivor size 15368192 bytes, new threshold 6 (max threshold 6)
[953.813s][info ][gc,heap      ] GC(432) ParNew: 241876K->1654K(270336K)
[953.813s][info ][gc,heap      ] GC(432) CMS: 541522K->541577K(600768K)
[953.813s][info ][gc,metaspace ] GC(432) Metaspace: 58450K->58450K(1101824K)
[953.813s][info ][gc           ] GC(432) Pause Young (Allocation Failure) 765M->530M(850M) 2.616ms
[953.813s][info ][gc,cpu       ] GC(432) User=0.01s Sys=0.00s Real=0.00s
[953.813s][info ][safepoint    ] Leaving safepoint region
[953.813s][info ][safepoint    ] Total time for which application threads were stopped: 0.0027570 seconds, Stopping threads took: 0.0000161 seconds
[954.814s][info ][safepoint    ] Application time: 1.0001024 seconds
[954.814s][info ][safepoint    ] Entering safepoint region: Cleanup
[954.814s][info ][safepoint    ] Leaving safepoint region
[954.814s][info ][safepoint    ] Total time for which application threads were stopped: 0.0001566 seconds, Stopping threads took: 0.0000680 seconds
[955.814s][info ][safepoint    ] Application time: 1.0000975 seconds
[955.814s][info ][safepoint    ] Entering safepoint region: Cleanup
[955.814s][info ][safepoint    ] Leaving safepoint region
[955.814s][info ][safepoint    ] Total time for which application threads were stopped: 0.0001303 seconds, Stopping threads took: 0.0000652 seconds
[956.814s][info ][safepoint    ] Application time: 1.0001015 seconds
[956.814s][info ][safepoint    ] Entering safepoint region: Cleanup
[956.814s][info ][safepoint    ] Leaving safepoint region
[956.814s][info ][safepoint    ] Total time for which application threads were stopped: 0.0001190 seconds, Stopping threads took: 0.0000390 seconds
[957.208s][info ][safepoint    ] Application time: 0.3939569 seconds
[957.208s][info ][safepoint    ] Entering safepoint region: GenCollectForAllocation
[957.208s][info ][gc,start     ] GC(433) Pause Young (Allocation Failure)
[957.208s][info ][gc,task      ] GC(433) Using 4 workers of 4 for evacuation
[957.211s][debug][gc,ref       ] GC(433) Skipped phase1 of Reference Processing due to unavailable references
[957.211s][debug][gc,ref       ] GC(433) Skipped phase2 of Reference Processing due to unavailable references
[957.211s][debug][gc,ref       ] GC(433) Skipped phase3 of Reference Processing due to unavailable references
[957.211s][debug][gc,ref       ] GC(433) Skipped phase4 of Reference Processing due to unavailable references
[957.211s][debug][gc,age       ] GC(433) Desired survivor size 15368192 bytes, new threshold 6 (max threshold 6)
[957.211s][info ][gc,heap      ] GC(433) ParNew: 241974K->1436K(270336K)
[957.211s][info ][gc,heap      ] GC(433) CMS: 541577K->541633K(600768K)
[957.211s][info ][gc,metaspace ] GC(433) Metaspace: 58450K->58450K(1101824K)
[957.211s][info ][gc           ] GC(433) Pause Young (Allocation Failure) 765M->530M(850M) 2.686ms
[957.211s][info ][gc,cpu       ] GC(433) User=0.01s Sys=0.00s Real=0.01s
[957.211s][info ][safepoint    ] Leaving safepoint region
[957.211s][info ][safepoint    ] Total time for which application threads were stopped: 0.0028307 seconds, Stopping threads took: 0.0000164 seconds
[958.211s][info ][safepoint    ] Application time: 1.0000951 seconds
[958.211s][info ][safepoint    ] Entering safepoint region: Cleanup
[958.211s][info ][safepoint    ] Leaving safepoint region
[958.211s][info ][safepoint    ] Total time for which application threads were stopped: 0.0001311 seconds, Stopping threads took: 0.0000714 seconds
[959.212s][info ][safepoint    ] Application time: 1.0000922 seconds
[959.212s][info ][safepoint    ] Entering safepoint region: Cleanup
[959.212s][info ][safepoint    ] Leaving safepoint region
[959.212s][info ][safepoint    ] Total time for which application threads were stopped: 0.0001454 seconds, Stopping threads took: 0.0000785 seconds
[960.212s][info ][safepoint    ] Application time: 1.0001184 seconds
[960.212s][info ][safepoint    ] Entering safepoint region: Cleanup
[960.212s][info ][safepoint    ] Leaving safepoint region
[960.212s][info ][safepoint    ] Total time for which application threads were stopped: 0.0002419 seconds, Stopping threads took: 0.0001757 seconds
[960.317s][info ][safepoint    ] Application time: 0.1047048 seconds
[960.317s][info ][safepoint    ] Entering safepoint region: GenCollectForAllocation
[960.317s][info ][gc,start     ] GC(434) Pause Young (Allocation Failure)
[960.317s][info ][gc,task      ] GC(434) Using 4 workers of 4 for evacuation
[960.320s][debug][gc,ref       ] GC(434) Skipped phase1 of Reference Processing due to unavailable references
[960.320s][debug][gc,ref       ] GC(434) Skipped phase2 of Reference Processing due to unavailable references
[960.320s][debug][gc,ref       ] GC(434) Skipped phase3 of Reference Processing due to unavailable references
[960.320s][debug][gc,ref       ] GC(434) Skipped phase4 of Reference Processing due to unavailable references
[960.320s][debug][gc,age       ] GC(434) Desired survivor size 15368192 bytes, new threshold 6 (max threshold 6)
[960.320s][info ][gc,heap      ] GC(434) ParNew: 241756K->1480K(270336K)
[960.320s][info ][gc,heap      ] GC(434) CMS: 541633K->541831K(600768K)
[960.320s][info ][gc,metaspace ] GC(434) Metaspace: 58450K->58450K(1101824K)
[960.320s][info ][gc           ] GC(434) Pause Young (Allocation Failure) 765M->530M(850M) 3.097ms
[960.320s][info ][gc,cpu       ] GC(434) User=0.01s Sys=0.00s Real=0.00s
[960.320s][info ][safepoint    ] Leaving safepoint region
[960.320s][info ][safepoint    ] Total time for which application threads were stopped: 0.0032823 seconds, Stopping threads took: 0.0000158 seconds
[961.320s][info ][safepoint    ] Application time: 1.0001157 seconds
[961.321s][info ][safepoint    ] Entering safepoint region: Cleanup
[961.321s][info ][safepoint    ] Leaving safepoint region
[961.321s][info ][safepoint    ] Total time for which application threads were stopped: 0.0002338 seconds, Stopping threads took: 0.0001280 seconds
[962.321s][info ][safepoint    ] Application time: 1.0001077 seconds
[962.321s][info ][safepoint    ] Entering safepoint region: Cleanup
[962.321s][info ][safepoint    ] Leaving safepoint region
[962.321s][info ][safepoint    ] Total time for which application threads were stopped: 0.0001071 seconds, Stopping threads took: 0.0000388 seconds
[963.005s][info ][safepoint    ] Application time: 0.6839834 seconds
[963.005s][info ][safepoint    ] Entering safepoint region: GenCollectForAllocation
[963.005s][info ][gc,start     ] GC(435) Pause Young (Allocation Failure)
[963.005s][info ][gc,task      ] GC(435) Using 4 workers of 4 for evacuation
[963.008s][debug][gc,ref       ] GC(435) Skipped phase1 of Reference Processing due to unavailable references
[963.008s][debug][gc,ref       ] GC(435) Skipped phase2 of Reference Processing due to unavailable references
[963.008s][debug][gc,ref       ] GC(435) Skipped phase3 of Reference Processing due to unavailable references
[963.008s][debug][gc,ref       ] GC(435) Skipped phase4 of Reference Processing due to unavailable references
[963.008s][debug][gc,age       ] GC(435) Desired survivor size 15368192 bytes, new threshold 6 (max threshold 6)
[963.008s][info ][gc,heap      ] GC(435) ParNew: 241800K->1636K(270336K)
[963.008s][info ][gc,heap      ] GC(435) CMS: 541831K->541872K(600768K)
[963.008s][info ][gc,metaspace ] GC(435) Metaspace: 58450K->58450K(1101824K)
[963.008s][info ][gc           ] GC(435) Pause Young (Allocation Failure) 765M->530M(850M) 2.719ms
[963.008s][info ][gc,cpu       ] GC(435) User=0.01s Sys=0.00s Real=0.00s
[963.008s][info ][safepoint    ] Leaving safepoint region
[963.008s][info ][safepoint    ] Total time for which application threads were stopped: 0.0029245 seconds, Stopping threads took: 0.0000642 seconds
[964.008s][info ][safepoint    ] Application time: 1.0001040 seconds
[964.008s][info ][safepoint    ] Entering safepoint region: Cleanup
[964.008s][info ][safepoint    ] Leaving safepoint region
[964.008s][info ][safepoint    ] Total time for which application threads were stopped: 0.0001145 seconds, Stopping threads took: 0.0000394 seconds
[965.008s][info ][safepoint    ] Application time: 1.0001752 seconds
[965.008s][info ][safepoint    ] Entering safepoint region: Cleanup
[965.008s][info ][safepoint    ] Leaving safepoint region
[965.008s][info ][safepoint    ] Total time for which application threads were stopped: 0.0001235 seconds, Stopping threads took: 0.0000569 seconds
[965.915s][info ][safepoint    ] Application time: 0.9069603 seconds
[965.915s][info ][safepoint    ] Entering safepoint region: GenCollectForAllocation
[965.916s][info ][gc,start     ] GC(436) Pause Young (Allocation Failure)
[965.916s][info ][gc,task      ] GC(436) Using 4 workers of 4 for evacuation
[965.918s][debug][gc,ref       ] GC(436) Skipped phase1 of Reference Processing due to unavailable references
[965.918s][debug][gc,ref       ] GC(436) Skipped phase2 of Reference Processing due to unavailable references
[965.918s][debug][gc,ref       ] GC(436) Skipped phase3 of Reference Processing due to unavailable references
[965.918s][debug][gc,ref       ] GC(436) Skipped phase4 of Reference Processing due to unavailable references
[965.918s][debug][gc,age       ] GC(436) Desired survivor size 15368192 bytes, new threshold 6 (max threshold 6)
[965.918s][info ][gc,heap      ] GC(436) ParNew: 241956K->1963K(270336K)
[965.918s][info ][gc,heap      ] GC(436) CMS: 541872K->541909K(600768K)
[965.918s][info ][gc,metaspace ] GC(436) Metaspace: 58450K->58450K(1101824K)
[965.918s][info ][gc           ] GC(436) Pause Young (Allocation Failure) 765M->531M(850M) 2.580ms
[965.918s][info ][gc,cpu       ] GC(436) User=0.01s Sys=0.00s Real=0.00s
[965.918s][info ][safepoint    ] Leaving safepoint region
[965.918s][info ][safepoint    ] Total time for which application threads were stopped: 0.0027220 seconds, Stopping threads took: 0.0000156 seconds
[966.918s][info ][safepoint    ] Application time: 1.0001027 seconds
[966.918s][info ][safepoint    ] Entering safepoint region: Cleanup
[966.918s][info ][safepoint    ] Leaving safepoint region
[966.918s][info ][safepoint    ] Total time for which application threads were stopped: 0.0000877 seconds, Stopping threads took: 0.0000269 seconds
[967.918s][info ][safepoint    ] Application time: 1.0000676 seconds
[967.919s][info ][safepoint    ] Entering safepoint region: Cleanup
[967.919s][info ][safepoint    ] Leaving safepoint region
[967.919s][info ][safepoint    ] Total time for which application threads were stopped: 0.0000845 seconds, Stopping threads took: 0.0000159 seconds
[968.919s][info ][safepoint    ] Application time: 1.0000888 seconds
[968.919s][info ][safepoint    ] Entering safepoint region: Cleanup
[968.919s][info ][safepoint    ] Leaving safepoint region
[968.919s][info ][safepoint    ] Total time for which application threads were stopped: 0.0001013 seconds, Stopping threads took: 0.0000165 seconds
[969.018s][info ][safepoint    ] Application time: 0.0993036 seconds
[969.018s][info ][safepoint    ] Entering safepoint region: GenCollectForAllocation
[969.018s][info ][gc,start     ] GC(437) Pause Young (Allocation Failure)
[969.018s][info ][gc,task      ] GC(437) Using 4 workers of 4 for evacuation
[969.021s][debug][gc,ref       ] GC(437) Skipped phase1 of Reference Processing due to unavailable references
[969.021s][debug][gc,ref       ] GC(437) Skipped phase2 of Reference Processing due to unavailable references
[969.021s][debug][gc,ref       ] GC(437) Skipped phase3 of Reference Processing due to unavailable references
[969.021s][debug][gc,ref       ] GC(437) Skipped phase4 of Reference Processing due to unavailable references
[969.021s][debug][gc,age       ] GC(437) Desired survivor size 15368192 bytes, new threshold 6 (max threshold 6)
[969.021s][info ][gc,heap      ] GC(437) ParNew: 242283K->1930K(270336K)
[969.021s][info ][gc,heap      ] GC(437) CMS: 541909K->541984K(600768K)
[969.021s][info ][gc,metaspace ] GC(437) Metaspace: 58462K->58462K(1101824K)
[969.021s][info ][gc           ] GC(437) Pause Young (Allocation Failure) 765M->531M(850M) 2.766ms
[969.021s][info ][gc,cpu       ] GC(437) User=0.01s Sys=0.00s Real=0.00s
[969.021s][info ][safepoint    ] Leaving safepoint region
[969.021s][info ][safepoint    ] Total time for which application threads were stopped: 0.0029243 seconds, Stopping threads took: 0.0000343 seconds
[970.021s][info ][safepoint    ] Application time: 1.0001165 seconds
[970.021s][info ][safepoint    ] Entering safepoint region: Cleanup
[970.021s][info ][safepoint    ] Leaving safepoint region
[970.021s][info ][safepoint    ] Total time for which application threads were stopped: 0.0000815 seconds, Stopping threads took: 0.0000281 seconds
[971.021s][info ][safepoint    ] Application time: 1.0001082 seconds
[971.021s][info ][safepoint    ] Entering safepoint region: Cleanup
[971.022s][info ][safepoint    ] Leaving safepoint region
[971.022s][info ][safepoint    ] Total time for which application threads were stopped: 0.0000796 seconds, Stopping threads took: 0.0000172 seconds
[972.022s][info ][safepoint    ] Application time: 1.0000813 seconds
[972.022s][info ][safepoint    ] Entering safepoint region: Cleanup
[972.022s][info ][safepoint    ] Leaving safepoint region
[972.022s][info ][safepoint    ] Total time for which application threads were stopped: 0.0000883 seconds, Stopping threads took: 0.0000325 seconds
[972.260s][info ][safepoint    ] Application time: 0.2386965 seconds
[972.261s][info ][safepoint    ] Entering safepoint region: GenCollectForAllocation
[972.261s][info ][gc,start     ] GC(438) Pause Young (Allocation Failure)
[972.261s][info ][gc,task      ] GC(438) Using 4 workers of 4 for evacuation
[972.263s][debug][gc,ref       ] GC(438) Skipped phase1 of Reference Processing due to unavailable references
[972.263s][debug][gc,ref       ] GC(438) Skipped phase2 of Reference Processing due to unavailable references
[972.263s][debug][gc,ref       ] GC(438) Skipped phase3 of Reference Processing due to unavailable references
[972.263s][debug][gc,ref       ] GC(438) Skipped phase4 of Reference Processing due to unavailable references
[972.263s][debug][gc,age       ] GC(438) Desired survivor size 15368192 bytes, new threshold 6 (max threshold 6)
[972.263s][info ][gc,heap      ] GC(438) ParNew: 242250K->1835K(270336K)
[972.263s][info ][gc,heap      ] GC(438) CMS: 541984K->542088K(600768K)
[972.263s][info ][gc,metaspace ] GC(438) Metaspace: 58462K->58462K(1101824K)
[972.263s][info ][gc           ] GC(438) Pause Young (Allocation Failure) 765M->531M(850M) 2.665ms
[972.263s][info ][gc,cpu       ] GC(438) User=0.01s Sys=0.00s Real=0.01s
[972.263s][info ][safepoint    ] Leaving safepoint region
[972.263s][info ][safepoint    ] Total time for which application threads were stopped: 0.0028291 seconds, Stopping threads took: 0.0000165 seconds
[973.263s][info ][safepoint    ] Application time: 1.0000925 seconds
[973.263s][info ][safepoint    ] Entering safepoint region: Cleanup
[973.264s][info ][safepoint    ] Leaving safepoint region
[973.264s][info ][safepoint    ] Total time for which application threads were stopped: 0.0001083 seconds, Stopping threads took: 0.0000400 seconds
[974.264s][info ][safepoint    ] Application time: 1.0000914 seconds
[974.264s][info ][safepoint    ] Entering safepoint region: Cleanup
[974.264s][info ][safepoint    ] Leaving safepoint region
[974.264s][info ][safepoint    ] Total time for which application threads were stopped: 0.0001147 seconds, Stopping threads took: 0.0000498 seconds
[975.264s][info ][safepoint    ] Application time: 1.0000890 seconds
[975.264s][info ][safepoint    ] Entering safepoint region: Cleanup
[975.264s][info ][safepoint    ] Leaving safepoint region
[975.264s][info ][safepoint    ] Total time for which application threads were stopped: 0.0001042 seconds, Stopping threads took: 0.0000386 seconds
[975.410s][info ][safepoint    ] Application time: 0.1455676 seconds
[975.412s][info ][safepoint    ] Entering safepoint region: GenCollectForAllocation
[975.412s][info ][gc,start     ] GC(439) Pause Young (Allocation Failure)
[975.412s][info ][gc,task      ] GC(439) Using 4 workers of 4 for evacuation
[975.414s][debug][gc,ref       ] GC(439) Skipped phase1 of Reference Processing due to unavailable references
[975.414s][debug][gc,ref       ] GC(439) Skipped phase2 of Reference Processing due to unavailable references
[975.414s][debug][gc,ref       ] GC(439) Skipped phase3 of Reference Processing due to unavailable references
[975.414s][debug][gc,ref       ] GC(439) Skipped phase4 of Reference Processing due to unavailable references
[975.415s][debug][gc,age       ] GC(439) Desired survivor size 15368192 bytes, new threshold 6 (max threshold 6)
[975.415s][info ][gc,heap      ] GC(439) ParNew: 242155K->1748K(270336K)
[975.415s][info ][gc,heap      ] GC(439) CMS: 542088K->542138K(600768K)
[975.415s][info ][gc,metaspace ] GC(439) Metaspace: 58462K->58462K(1101824K)
[975.415s][info ][gc           ] GC(439) Pause Young (Allocation Failure) 765M->531M(850M) 2.965ms
[975.415s][info ][gc,cpu       ] GC(439) User=0.01s Sys=0.00s Real=0.00s
[975.415s][info ][safepoint    ] Leaving safepoint region
[975.415s][info ][safepoint    ] Total time for which application threads were stopped: 0.0050774 seconds, Stopping threads took: 0.0018805 seconds
[976.415s][info ][safepoint    ] Application time: 1.0001089 seconds
[976.415s][info ][safepoint    ] Entering safepoint region: Cleanup
[976.415s][info ][safepoint    ] Leaving safepoint region
[976.415s][info ][safepoint    ] Total time for which application threads were stopped: 0.0001122 seconds, Stopping threads took: 0.0000404 seconds
[977.415s][info ][safepoint    ] Application time: 1.0000977 seconds
[977.415s][info ][safepoint    ] Entering safepoint region: Cleanup
[977.415s][info ][safepoint    ] Leaving safepoint region
[977.415s][info ][safepoint    ] Total time for which application threads were stopped: 0.0001540 seconds, Stopping threads took: 0.0000829 seconds
[978.415s][info ][safepoint    ] Application time: 1.0000887 seconds
[978.415s][info ][safepoint    ] Entering safepoint region: Cleanup
[978.416s][info ][safepoint    ] Leaving safepoint region
[978.416s][info ][safepoint    ] Total time for which application threads were stopped: 0.0001090 seconds, Stopping threads took: 0.0000421 seconds
[978.512s][info ][safepoint    ] Application time: 0.0963259 seconds
[978.512s][info ][safepoint    ] Entering safepoint region: GenCollectForAllocation
[978.512s][info ][gc,start     ] GC(440) Pause Young (Allocation Failure)
[978.512s][info ][gc,task      ] GC(440) Using 4 workers of 4 for evacuation
[978.516s][debug][gc,ref       ] GC(440) Skipped phase1 of Reference Processing due to unavailable references
[978.516s][debug][gc,ref       ] GC(440) Skipped phase2 of Reference Processing due to unavailable references
[978.516s][debug][gc,ref       ] GC(440) Skipped phase3 of Reference Processing due to unavailable references
[978.516s][debug][gc,ref       ] GC(440) Skipped phase4 of Reference Processing due to unavailable references
[978.516s][debug][gc,age       ] GC(440) Desired survivor size 15368192 bytes, new threshold 6 (max threshold 6)
[978.516s][info ][gc,heap      ] GC(440) ParNew: 242068K->1918K(270336K)
[978.516s][info ][gc,heap      ] GC(440) CMS: 542138K->542240K(600768K)
[978.516s][info ][gc,metaspace ] GC(440) Metaspace: 58462K->58462K(1101824K)
[978.516s][info ][gc           ] GC(440) Pause Young (Allocation Failure) 765M->531M(850M) 4.267ms
[978.516s][info ][gc,cpu       ] GC(440) User=0.01s Sys=0.00s Real=0.00s
[978.516s][info ][safepoint    ] Leaving safepoint region
[978.516s][info ][safepoint    ] Total time for which application threads were stopped: 0.0044484 seconds, Stopping threads took: 0.0000166 seconds
[979.516s][info ][safepoint    ] Application time: 1.0001173 seconds
[979.517s][info ][safepoint    ] Entering safepoint region: Cleanup
[979.517s][info ][safepoint    ] Leaving safepoint region
[979.517s][info ][safepoint    ] Total time for which application threads were stopped: 0.0001504 seconds, Stopping threads took: 0.0000827 seconds
[980.517s][info ][safepoint    ] Application time: 1.0000965 seconds
[980.517s][info ][safepoint    ] Entering safepoint region: Cleanup
[980.517s][info ][safepoint    ] Leaving safepoint region
[980.517s][info ][safepoint    ] Total time for which application threads were stopped: 0.0001181 seconds, Stopping threads took: 0.0000569 seconds
[981.356s][info ][safepoint    ] Application time: 0.8388189 seconds
[981.356s][info ][safepoint    ] Entering safepoint region: GenCollectForAllocation
[981.356s][info ][gc,start     ] GC(441) Pause Young (Allocation Failure)
[981.356s][info ][gc,task      ] GC(441) Using 4 workers of 4 for evacuation
[981.359s][debug][gc,ref       ] GC(441) Skipped phase1 of Reference Processing due to unavailable references
[981.359s][debug][gc,ref       ] GC(441) Skipped phase2 of Reference Processing due to unavailable references
[981.359s][debug][gc,ref       ] GC(441) Skipped phase3 of Reference Processing due to unavailable references
[981.359s][debug][gc,ref       ] GC(441) Skipped phase4 of Reference Processing due to unavailable references
[981.359s][debug][gc,age       ] GC(441) Desired survivor size 15368192 bytes, new threshold 6 (max threshold 6)
[981.359s][info ][gc,heap      ] GC(441) ParNew: 242238K->1569K(270336K)
[981.359s][info ][gc,heap      ] GC(441) CMS: 542240K->542601K(600768K)
[981.359s][info ][gc,metaspace ] GC(441) Metaspace: 58462K->58462K(1101824K)
[981.359s][info ][gc           ] GC(441) Pause Young (Allocation Failure) 766M->531M(850M) 3.315ms
[981.359s][info ][gc,cpu       ] GC(441) User=0.02s Sys=0.00s Real=0.00s
[981.359s][info ][safepoint    ] Leaving safepoint region
[981.359s][info ][safepoint    ] Total time for which application threads were stopped: 0.0034681 seconds, Stopping threads took: 0.0000173 seconds
[982.359s][info ][safepoint    ] Application time: 1.0000976 seconds
[982.359s][info ][safepoint    ] Entering safepoint region: Cleanup
[982.360s][info ][safepoint    ] Leaving safepoint region
[982.360s][info ][safepoint    ] Total time for which application threads were stopped: 0.0001105 seconds, Stopping threads took: 0.0000456 seconds
[983.360s][info ][safepoint    ] Application time: 1.0000985 seconds
[983.360s][info ][safepoint    ] Entering safepoint region: Cleanup
[983.360s][info ][safepoint    ] Leaving safepoint region
[983.360s][info ][safepoint    ] Total time for which application threads were stopped: 0.0001043 seconds, Stopping threads took: 0.0000427 seconds
[984.161s][info ][safepoint    ] Application time: 0.8011600 seconds
[984.161s][info ][safepoint    ] Entering safepoint region: GenCollectForAllocation
[984.161s][info ][gc,start     ] GC(442) Pause Young (Allocation Failure)
[984.161s][info ][gc,task      ] GC(442) Using 4 workers of 4 for evacuation
[984.163s][debug][gc,ref       ] GC(442) Skipped phase1 of Reference Processing due to unavailable references
[984.163s][debug][gc,ref       ] GC(442) Skipped phase2 of Reference Processing due to unavailable references
[984.163s][debug][gc,ref       ] GC(442) Skipped phase3 of Reference Processing due to unavailable references
[984.163s][debug][gc,ref       ] GC(442) Skipped phase4 of Reference Processing due to unavailable references
[984.163s][debug][gc,age       ] GC(442) Desired survivor size 15368192 bytes, new threshold 6 (max threshold 6)
[984.163s][info ][gc,heap      ] GC(442) ParNew: 241889K->1719K(270336K)
[984.163s][info ][gc,heap      ] GC(442) CMS: 542601K->542660K(600768K)
[984.163s][info ][gc,metaspace ] GC(442) Metaspace: 58464K->58464K(1101824K)
[984.164s][info ][gc           ] GC(442) Pause Young (Allocation Failure) 766M->531M(850M) 2.384ms
[984.164s][info ][gc,cpu       ] GC(442) User=0.01s Sys=0.00s Real=0.01s
[984.164s][info ][safepoint    ] Leaving safepoint region
[984.164s][info ][safepoint    ] Total time for which application threads were stopped: 0.0025418 seconds, Stopping threads took: 0.0000153 seconds
[985.164s][info ][safepoint    ] Application time: 1.0000960 seconds
[985.164s][info ][safepoint    ] Entering safepoint region: Cleanup
[985.164s][info ][safepoint    ] Leaving safepoint region
[985.164s][info ][safepoint    ] Total time for which application threads were stopped: 0.0001016 seconds, Stopping threads took: 0.0000398 seconds
[986.164s][info ][safepoint    ] Application time: 1.0000933 seconds
[986.164s][info ][safepoint    ] Entering safepoint region: Cleanup
[986.164s][info ][safepoint    ] Leaving safepoint region
[986.164s][info ][safepoint    ] Total time for which application threads were stopped: 0.0001287 seconds, Stopping threads took: 0.0000610 seconds
[987.164s][info ][safepoint    ] Application time: 1.0000939 seconds
[987.164s][info ][safepoint    ] Entering safepoint region: Cleanup
[987.164s][info ][safepoint    ] Leaving safepoint region
[987.164s][info ][safepoint    ] Total time for which application threads were stopped: 0.0001058 seconds, Stopping threads took: 0.0000413 seconds
[987.309s][info ][safepoint    ] Application time: 0.1444790 seconds
[987.309s][info ][safepoint    ] Entering safepoint region: GenCollectForAllocation
[987.309s][info ][gc,start     ] GC(443) Pause Young (Allocation Failure)
[987.309s][info ][gc,task      ] GC(443) Using 4 workers of 4 for evacuation
[987.311s][debug][gc,ref       ] GC(443) Skipped phase1 of Reference Processing due to unavailable references
[987.311s][debug][gc,ref       ] GC(443) Skipped phase2 of Reference Processing due to unavailable references
[987.311s][debug][gc,ref       ] GC(443) Skipped phase3 of Reference Processing due to unavailable references
[987.311s][debug][gc,ref       ] GC(443) Skipped phase4 of Reference Processing due to unavailable references
[987.312s][debug][gc,age       ] GC(443) Desired survivor size 15368192 bytes, new threshold 6 (max threshold 6)
[987.312s][info ][gc,heap      ] GC(443) ParNew: 242039K->1749K(270336K)
[987.312s][info ][gc,heap      ] GC(443) CMS: 542660K->542751K(600768K)
[987.312s][info ][gc,metaspace ] GC(443) Metaspace: 58464K->58464K(1101824K)
[987.312s][info ][gc           ] GC(443) Pause Young (Allocation Failure) 766M->531M(850M) 2.686ms
[987.312s][info ][gc,cpu       ] GC(443) User=0.01s Sys=0.00s Real=0.01s
[987.312s][info ][safepoint    ] Leaving safepoint region
[987.312s][info ][safepoint    ] Total time for which application threads were stopped: 0.0028492 seconds, Stopping threads took: 0.0000163 seconds
[988.312s][info ][safepoint    ] Application time: 1.0000951 seconds
[988.312s][info ][safepoint    ] Entering safepoint region: Cleanup
[988.312s][info ][safepoint    ] Leaving safepoint region
[988.312s][info ][safepoint    ] Total time for which application threads were stopped: 0.0001095 seconds, Stopping threads took: 0.0000438 seconds
[989.312s][info ][safepoint    ] Application time: 1.0000998 seconds
[989.312s][info ][safepoint    ] Entering safepoint region: Cleanup
[989.312s][info ][safepoint    ] Leaving safepoint region
[989.312s][info ][safepoint    ] Total time for which application threads were stopped: 0.0001386 seconds, Stopping threads took: 0.0000682 seconds
[990.312s][info ][safepoint    ] Application time: 1.0001041 seconds
[990.312s][info ][safepoint    ] Entering safepoint region: Cleanup
[990.312s][info ][safepoint    ] Leaving safepoint region
[990.312s][info ][safepoint    ] Total time for which application threads were stopped: 0.0001219 seconds, Stopping threads took: 0.0000544 seconds
[990.356s][info ][safepoint    ] Application time: 0.0437821 seconds
[990.356s][info ][safepoint    ] Entering safepoint region: GenCollectForAllocation
[990.356s][info ][gc,start     ] GC(444) Pause Young (Allocation Failure)
[990.356s][info ][gc,task      ] GC(444) Using 4 workers of 4 for evacuation
[990.359s][debug][gc,ref       ] GC(444) Skipped phase1 of Reference Processing due to unavailable references
[990.359s][debug][gc,ref       ] GC(444) Skipped phase2 of Reference Processing due to unavailable references
[990.359s][debug][gc,ref       ] GC(444) Skipped phase3 of Reference Processing due to unavailable references
[990.359s][debug][gc,ref       ] GC(444) Skipped phase4 of Reference Processing due to unavailable references
[990.359s][debug][gc,age       ] GC(444) Desired survivor size 15368192 bytes, new threshold 6 (max threshold 6)
[990.359s][info ][gc,heap      ] GC(444) ParNew: 242069K->1310K(270336K)
[990.360s][info ][gc,heap      ] GC(444) CMS: 542751K->543151K(600768K)
[990.360s][info ][gc,metaspace ] GC(444) Metaspace: 58465K->58465K(1101824K)
[990.360s][info ][gc           ] GC(444) Pause Young (Allocation Failure) 766M->531M(850M) 3.093ms
[990.360s][info ][gc,cpu       ] GC(444) User=0.00s Sys=0.01s Real=0.00s
[990.360s][info ][safepoint    ] Leaving safepoint region
[990.360s][info ][safepoint    ] Total time for which application threads were stopped: 0.0032973 seconds, Stopping threads took: 0.0000617 seconds
[991.360s][info ][safepoint    ] Application time: 1.0001081 seconds
[991.360s][info ][safepoint    ] Entering safepoint region: Cleanup
[991.360s][info ][safepoint    ] Leaving safepoint region
[991.360s][info ][safepoint    ] Total time for which application threads were stopped: 0.0001466 seconds, Stopping threads took: 0.0000796 seconds
[992.361s][info ][safepoint    ] Application time: 1.0008009 seconds
[992.361s][info ][safepoint    ] Entering safepoint region: Cleanup
[992.361s][info ][safepoint    ] Leaving safepoint region
[992.361s][info ][safepoint    ] Total time for which application threads were stopped: 0.0001576 seconds, Stopping threads took: 0.0000894 seconds
[993.361s][info ][safepoint    ] Application time: 1.0001340 seconds
[993.361s][info ][safepoint    ] Entering safepoint region: Cleanup
[993.361s][info ][safepoint    ] Leaving safepoint region
[993.361s][info ][safepoint    ] Total time for which application threads were stopped: 0.0001043 seconds, Stopping threads took: 0.0000388 seconds
[993.464s][info ][safepoint    ] Application time: 0.1031498 seconds
[993.464s][info ][safepoint    ] Entering safepoint region: GenCollectForAllocation
[993.464s][info ][gc,start     ] GC(445) Pause Young (Allocation Failure)
[993.464s][info ][gc,task      ] GC(445) Using 4 workers of 4 for evacuation
[993.467s][debug][gc,ref       ] GC(445) Skipped phase1 of Reference Processing due to unavailable references
[993.467s][debug][gc,ref       ] GC(445) Skipped phase2 of Reference Processing due to unavailable references
[993.467s][debug][gc,ref       ] GC(445) Skipped phase3 of Reference Processing due to unavailable references
[993.467s][debug][gc,ref       ] GC(445) Skipped phase4 of Reference Processing due to unavailable references
[993.467s][debug][gc,age       ] GC(445) Desired survivor size 15368192 bytes, new threshold 6 (max threshold 6)
[993.467s][info ][gc,heap      ] GC(445) ParNew: 241630K->1522K(270336K)
[993.467s][info ][gc,heap      ] GC(445) CMS: 543151K->543258K(600768K)
[993.467s][info ][gc,metaspace ] GC(445) Metaspace: 58465K->58465K(1101824K)
[993.467s][info ][gc           ] GC(445) Pause Young (Allocation Failure) 766M->532M(850M) 2.615ms
[993.467s][info ][gc,cpu       ] GC(445) User=0.01s Sys=0.00s Real=0.00s
[993.467s][info ][safepoint    ] Leaving safepoint region
[993.467s][info ][safepoint    ] Total time for which application threads were stopped: 0.0027575 seconds, Stopping threads took: 0.0000164 seconds
[994.467s][info ][safepoint    ] Application time: 1.0000994 seconds
[994.467s][info ][safepoint    ] Entering safepoint region: Cleanup
[994.467s][info ][safepoint    ] Leaving safepoint region
[994.467s][info ][safepoint    ] Total time for which application threads were stopped: 0.0000977 seconds, Stopping threads took: 0.0000373 seconds
[995.467s][info ][safepoint    ] Application time: 1.0000921 seconds
[995.467s][info ][safepoint    ] Entering safepoint region: Cleanup
[995.468s][info ][safepoint    ] Leaving safepoint region
[995.468s][info ][safepoint    ] Total time for which application threads were stopped: 0.0000849 seconds, Stopping threads took: 0.0000169 seconds
[996.468s][info ][safepoint    ] Application time: 1.0000876 seconds
[996.468s][info ][safepoint    ] Entering safepoint region: Cleanup
[996.468s][info ][safepoint    ] Leaving safepoint region
[996.468s][info ][safepoint    ] Total time for which application threads were stopped: 0.0000765 seconds, Stopping threads took: 0.0000171 seconds
[996.707s][info ][safepoint    ] Application time: 0.2395812 seconds
[996.707s][info ][safepoint    ] Entering safepoint region: GenCollectForAllocation
[996.708s][info ][gc,start     ] GC(446) Pause Young (Allocation Failure)
[996.708s][info ][gc,task      ] GC(446) Using 4 workers of 4 for evacuation
[996.711s][debug][gc,ref       ] GC(446) Skipped phase1 of Reference Processing due to unavailable references
[996.711s][debug][gc,ref       ] GC(446) Skipped phase2 of Reference Processing due to unavailable references
[996.711s][debug][gc,ref       ] GC(446) Skipped phase3 of Reference Processing due to unavailable references
[996.711s][debug][gc,ref       ] GC(446) Skipped phase4 of Reference Processing due to unavailable references
[996.711s][debug][gc,age       ] GC(446) Desired survivor size 15368192 bytes, new threshold 6 (max threshold 6)
[996.711s][info ][gc,heap      ] GC(446) ParNew: 241842K->1335K(270336K)
[996.711s][info ][gc,heap      ] GC(446) CMS: 543258K->543413K(600768K)
[996.711s][info ][gc,metaspace ] GC(446) Metaspace: 58465K->58465K(1101824K)
[996.711s][info ][gc           ] GC(446) Pause Young (Allocation Failure) 766M->531M(850M) 3.813ms
[996.711s][info ][gc,cpu       ] GC(446) User=0.01s Sys=0.00s Real=0.01s
[996.711s][info ][safepoint    ] Leaving safepoint region
[996.711s][info ][safepoint    ] Total time for which application threads were stopped: 0.0040048 seconds, Stopping threads took: 0.0000199 seconds
[997.711s][info ][safepoint    ] Application time: 1.0001029 seconds
[997.712s][info ][safepoint    ] Entering safepoint region: Cleanup
[997.712s][info ][safepoint    ] Leaving safepoint region
[997.712s][info ][safepoint    ] Total time for which application threads were stopped: 0.0001100 seconds, Stopping threads took: 0.0000404 seconds
[998.712s][info ][safepoint    ] Application time: 1.0000969 seconds
[998.712s][info ][safepoint    ] Entering safepoint region: Cleanup
[998.712s][info ][safepoint    ] Leaving safepoint region
[998.712s][info ][safepoint    ] Total time for which application threads were stopped: 0.0002069 seconds, Stopping threads took: 0.0001030 seconds
[999.712s][info ][safepoint    ] Application time: 1.0001069 seconds
[999.712s][info ][safepoint    ] Entering safepoint region: Cleanup
[999.712s][info ][safepoint    ] Leaving safepoint region
[999.712s][info ][safepoint    ] Total time for which application threads were stopped: 0.0001072 seconds, Stopping threads took: 0.0000385 seconds
[999.912s][info ][safepoint    ] Application time: 0.1996879 seconds
[999.912s][info ][safepoint    ] Entering safepoint region: GenCollectForAllocation
[999.912s][info ][gc,start     ] GC(447) Pause Young (Allocation Failure)
[999.912s][info ][gc,task      ] GC(447) Using 4 workers of 4 for evacuation
[999.915s][debug][gc,ref       ] GC(447) Skipped phase1 of Reference Processing due to unavailable references
[999.915s][debug][gc,ref       ] GC(447) Skipped phase2 of Reference Processing due to unavailable references
[999.915s][debug][gc,ref       ] GC(447) Skipped phase3 of Reference Processing due to unavailable references
[999.915s][debug][gc,ref       ] GC(447) Skipped phase4 of Reference Processing due to unavailable references
[999.915s][debug][gc,age       ] GC(447) Desired survivor size 15368192 bytes, new threshold 6 (max threshold 6)
[999.915s][info ][gc,heap      ] GC(447) ParNew: 241655K->1447K(270336K)
[999.915s][info ][gc,heap      ] GC(447) CMS: 543413K->543452K(600768K)
[999.915s][info ][gc,metaspace ] GC(447) Metaspace: 58465K->58465K(1101824K)
[999.915s][info ][gc           ] GC(447) Pause Young (Allocation Failure) 766M->532M(850M) 2.830ms
[999.915s][info ][gc,cpu       ] GC(447) User=0.01s Sys=0.00s Real=0.00s
[999.915s][info ][safepoint    ] Leaving safepoint region
[999.915s][info ][safepoint    ] Total time for which application threads were stopped: 0.0030707 seconds, Stopping threads took: 0.0001008 seconds
[1000.915s][info ][safepoint    ] Application time: 1.0001732 seconds
[1000.915s][info ][safepoint    ] Entering safepoint region: Cleanup
[1000.915s][info ][safepoint    ] Leaving safepoint region
[1000.916s][info ][safepoint    ] Total time for which application threads were stopped: 0.0002427 seconds, Stopping threads took: 0.0000928 seconds
[1001.916s][info ][safepoint    ] Application time: 1.0001483 seconds
[1001.916s][info ][safepoint    ] Entering safepoint region: Cleanup
[1001.916s][info ][safepoint    ] Leaving safepoint region
[1001.916s][info ][safepoint    ] Total time for which application threads were stopped: 0.0001390 seconds, Stopping threads took: 0.0000552 seconds
[1002.916s][info ][safepoint    ] Application time: 1.0000943 seconds
[1002.916s][info ][safepoint    ] Entering safepoint region: Cleanup
[1002.916s][info ][safepoint    ] Leaving safepoint region
[1002.916s][info ][safepoint    ] Total time for which application threads were stopped: 0.0000830 seconds, Stopping threads took: 0.0000190 seconds
[1003.210s][info ][safepoint    ] Application time: 0.2940841 seconds
[1003.210s][info ][safepoint    ] Entering safepoint region: GenCollectForAllocation
[1003.210s][info ][gc,start     ] GC(448) Pause Young (Allocation Failure)
[1003.210s][info ][gc,task      ] GC(448) Using 4 workers of 4 for evacuation
[1003.213s][debug][gc,ref       ] GC(448) Skipped phase1 of Reference Processing due to unavailable references
[1003.213s][debug][gc,ref       ] GC(448) Skipped phase2 of Reference Processing due to unavailable references
[1003.213s][debug][gc,ref       ] GC(448) Skipped phase3 of Reference Processing due to unavailable references
[1003.213s][debug][gc,ref       ] GC(448) Skipped phase4 of Reference Processing due to unavailable references
[1003.213s][debug][gc,age       ] GC(448) Desired survivor size 15368192 bytes, new threshold 6 (max threshold 6)
[1003.213s][info ][gc,heap      ] GC(448) ParNew: 241767K->1052K(270336K)
[1003.213s][info ][gc,heap      ] GC(448) CMS: 543452K->543549K(600768K)
[1003.213s][info ][gc,metaspace ] GC(448) Metaspace: 58465K->58465K(1101824K)
[1003.213s][info ][gc           ] GC(448) Pause Young (Allocation Failure) 766M->531M(850M) 2.657ms
[1003.213s][info ][gc,cpu       ] GC(448) User=0.01s Sys=0.00s Real=0.00s
[1003.213s][info ][safepoint    ] Leaving safepoint region
[1003.213s][info ][safepoint    ] Total time for which application threads were stopped: 0.0028126 seconds, Stopping threads took: 0.0000287 seconds
[1004.213s][info ][safepoint    ] Application time: 1.0001186 seconds
[1004.213s][info ][safepoint    ] Entering safepoint region: Cleanup
[1004.213s][info ][safepoint    ] Leaving safepoint region
[1004.213s][info ][safepoint    ] Total time for which application threads were stopped: 0.0001195 seconds, Stopping threads took: 0.0000401 seconds
[1005.213s][info ][safepoint    ] Application time: 1.0001310 seconds
[1005.214s][info ][safepoint    ] Entering safepoint region: Cleanup
[1005.214s][info ][safepoint    ] Leaving safepoint region
[1005.214s][info ][safepoint    ] Total time for which application threads were stopped: 0.0001438 seconds, Stopping threads took: 0.0000583 seconds
[1005.955s][info ][safepoint    ] Application time: 0.7411602 seconds
[1005.955s][info ][safepoint    ] Entering safepoint region: GenCollectForAllocation
[1005.955s][info ][gc,start     ] GC(449) Pause Young (Allocation Failure)
[1005.955s][info ][gc,task      ] GC(449) Using 4 workers of 4 for evacuation
[1005.958s][debug][gc,ref       ] GC(449) Skipped phase1 of Reference Processing due to unavailable references
[1005.958s][debug][gc,ref       ] GC(449) Skipped phase2 of Reference Processing due to unavailable references
[1005.958s][debug][gc,ref       ] GC(449) Skipped phase3 of Reference Processing due to unavailable references
[1005.958s][debug][gc,ref       ] GC(449) Skipped phase4 of Reference Processing due to unavailable references
[1005.958s][debug][gc,age       ] GC(449) Desired survivor size 15368192 bytes, new threshold 6 (max threshold 6)
[1005.958s][info ][gc,heap      ] GC(449) ParNew: 241372K->1101K(270336K)
[1005.958s][info ][gc,heap      ] GC(449) CMS: 543549K->543856K(600768K)
[1005.958s][info ][gc,metaspace ] GC(449) Metaspace: 58465K->58465K(1101824K)
[1005.958s][info ][gc           ] GC(449) Pause Young (Allocation Failure) 766M->532M(850M) 3.293ms
[1005.958s][info ][gc,cpu       ] GC(449) User=0.01s Sys=0.00s Real=0.00s
[1005.958s][info ][safepoint    ] Leaving safepoint region
[1005.958s][info ][safepoint    ] Total time for which application threads were stopped: 0.0034993 seconds, Stopping threads took: 0.0000837 seconds
[1006.958s][info ][safepoint    ] Application time: 1.0001079 seconds
[1006.959s][info ][safepoint    ] Entering safepoint region: Cleanup
[1006.959s][info ][safepoint    ] Leaving safepoint region
[1006.959s][info ][safepoint    ] Total time for which application threads were stopped: 0.0001419 seconds, Stopping threads took: 0.0000580 seconds
[1007.959s][info ][safepoint    ] Application time: 1.0000913 seconds
[1007.959s][info ][safepoint    ] Entering safepoint region: Cleanup
[1007.959s][info ][safepoint    ] Leaving safepoint region
[1007.959s][info ][safepoint    ] Total time for which application threads were stopped: 0.0001189 seconds, Stopping threads took: 0.0000502 seconds
[1008.811s][info ][safepoint    ] Application time: 0.8524616 seconds
[1008.811s][info ][safepoint    ] Entering safepoint region: GenCollectForAllocation
[1008.812s][info ][gc,start     ] GC(450) Pause Young (Allocation Failure)
[1008.812s][info ][gc,task      ] GC(450) Using 4 workers of 4 for evacuation
[1008.814s][debug][gc,ref       ] GC(450) Skipped phase1 of Reference Processing due to unavailable references
[1008.814s][debug][gc,ref       ] GC(450) Skipped phase2 of Reference Processing due to unavailable references
[1008.814s][debug][gc,ref       ] GC(450) Skipped phase3 of Reference Processing due to unavailable references
[1008.814s][debug][gc,ref       ] GC(450) Skipped phase4 of Reference Processing due to unavailable references
[1008.814s][debug][gc,age       ] GC(450) Desired survivor size 15368192 bytes, new threshold 6 (max threshold 6)
[1008.814s][info ][gc,heap      ] GC(450) ParNew: 241421K->1116K(270336K)
[1008.814s][info ][gc,heap      ] GC(450) CMS: 543856K->543885K(600768K)
[1008.814s][info ][gc,metaspace ] GC(450) Metaspace: 58466K->58466K(1101824K)
[1008.814s][info ][gc           ] GC(450) Pause Young (Allocation Failure) 766M->532M(850M) 2.823ms
[1008.814s][info ][gc,cpu       ] GC(450) User=0.01s Sys=0.00s Real=0.00s
[1008.814s][info ][safepoint    ] Leaving safepoint region
[1008.814s][info ][safepoint    ] Total time for which application threads were stopped: 0.0029900 seconds, Stopping threads took: 0.0000215 seconds
[1009.814s][info ][safepoint    ] Application time: 1.0000901 seconds
[1009.815s][info ][safepoint    ] Entering safepoint region: Cleanup
[1009.815s][info ][safepoint    ] Leaving safepoint region
[1009.815s][info ][safepoint    ] Total time for which application threads were stopped: 0.0001252 seconds, Stopping threads took: 0.0000406 seconds
[1010.815s][info ][safepoint    ] Application time: 1.0000891 seconds
[1010.815s][info ][safepoint    ] Entering safepoint region: Cleanup
[1010.815s][info ][safepoint    ] Leaving safepoint region
[1010.815s][info ][safepoint    ] Total time for which application threads were stopped: 0.0001446 seconds, Stopping threads took: 0.0000768 seconds
[1011.815s][info ][safepoint    ] Application time: 1.0000839 seconds
[1011.815s][info ][safepoint    ] Entering safepoint region: Cleanup
[1011.815s][info ][safepoint    ] Leaving safepoint region
[1011.815s][info ][safepoint    ] Total time for which application threads were stopped: 0.0001060 seconds, Stopping threads took: 0.0000414 seconds
[1011.916s][info ][safepoint    ] Application time: 0.1009324 seconds
[1011.916s][info ][safepoint    ] Entering safepoint region: GenCollectForAllocation
[1011.916s][info ][gc,start     ] GC(451) Pause Young (Allocation Failure)
[1011.916s][info ][gc,task      ] GC(451) Using 4 workers of 4 for evacuation
[1011.918s][debug][gc,ref       ] GC(451) Skipped phase1 of Reference Processing due to unavailable references
[1011.918s][debug][gc,ref       ] GC(451) Skipped phase2 of Reference Processing due to unavailable references
[1011.918s][debug][gc,ref       ] GC(451) Skipped phase3 of Reference Processing due to unavailable references
[1011.918s][debug][gc,ref       ] GC(451) Skipped phase4 of Reference Processing due to unavailable references
[1011.919s][debug][gc,age       ] GC(451) Desired survivor size 15368192 bytes, new threshold 6 (max threshold 6)
[1011.919s][info ][gc,heap      ] GC(451) ParNew: 241436K->1175K(270336K)
[1011.919s][info ][gc,heap      ] GC(451) CMS: 543885K->544011K(600768K)
[1011.919s][info ][gc,metaspace ] GC(451) Metaspace: 58466K->58466K(1101824K)
[1011.919s][info ][gc           ] GC(451) Pause Young (Allocation Failure) 766M->532M(850M) 2.432ms
[1011.919s][info ][gc,cpu       ] GC(451) User=0.01s Sys=0.00s Real=0.00s
[1011.919s][info ][safepoint    ] Leaving safepoint region
[1011.919s][info ][safepoint    ] Total time for which application threads were stopped: 0.0025774 seconds, Stopping threads took: 0.0000171 seconds
[1012.919s][info ][safepoint    ] Application time: 1.0001035 seconds
[1012.919s][info ][safepoint    ] Entering safepoint region: Cleanup
[1012.919s][info ][safepoint    ] Leaving safepoint region
[1012.919s][info ][safepoint    ] Total time for which application threads were stopped: 0.0001404 seconds, Stopping threads took: 0.0000177 seconds
[1013.919s][info ][safepoint    ] Application time: 1.0000823 seconds
[1013.919s][info ][safepoint    ] Entering safepoint region: Cleanup
[1013.919s][info ][safepoint    ] Leaving safepoint region
[1013.919s][info ][safepoint    ] Total time for which application threads were stopped: 0.0000850 seconds, Stopping threads took: 0.0000170 seconds
[1014.919s][info ][safepoint    ] Application time: 1.0000875 seconds
[1014.919s][info ][safepoint    ] Entering safepoint region: Cleanup
[1014.919s][info ][safepoint    ] Leaving safepoint region
[1014.919s][info ][safepoint    ] Total time for which application threads were stopped: 0.0000729 seconds, Stopping threads took: 0.0000168 seconds
[1015.156s][info ][safepoint    ] Application time: 0.2369037 seconds
[1015.156s][info ][safepoint    ] Entering safepoint region: GenCollectForAllocation
[1015.156s][info ][gc,start     ] GC(452) Pause Young (Allocation Failure)
[1015.156s][info ][gc,task      ] GC(452) Using 4 workers of 4 for evacuation
[1015.159s][debug][gc,ref       ] GC(452) Skipped phase1 of Reference Processing due to unavailable references
[1015.159s][debug][gc,ref       ] GC(452) Skipped phase2 of Reference Processing due to unavailable references
[1015.159s][debug][gc,ref       ] GC(452) Skipped phase3 of Reference Processing due to unavailable references
[1015.159s][debug][gc,ref       ] GC(452) Skipped phase4 of Reference Processing due to unavailable references
[1015.159s][debug][gc,age       ] GC(452) Desired survivor size 15368192 bytes, new threshold 6 (max threshold 6)
[1015.159s][info ][gc,heap      ] GC(452) ParNew: 241495K->961K(270336K)
[1015.159s][info ][gc,heap      ] GC(452) CMS: 544011K->544014K(600768K)
[1015.159s][info ][gc,metaspace ] GC(452) Metaspace: 58466K->58466K(1101824K)
[1015.159s][info ][gc           ] GC(452) Pause Young (Allocation Failure) 767M->532M(850M) 2.287ms
[1015.159s][info ][gc,cpu       ] GC(452) User=0.01s Sys=0.00s Real=0.00s
[1015.159s][info ][safepoint    ] Leaving safepoint region
[1015.159s][info ][safepoint    ] Total time for which application threads were stopped: 0.0024630 seconds, Stopping threads took: 0.0000165 seconds
[1016.159s][info ][safepoint    ] Application time: 1.0001022 seconds
[1016.159s][info ][safepoint    ] Entering safepoint region: Cleanup
[1016.159s][info ][safepoint    ] Leaving safepoint region
[1016.159s][info ][safepoint    ] Total time for which application threads were stopped: 0.0000996 seconds, Stopping threads took: 0.0000396 seconds
[1017.159s][info ][safepoint    ] Application time: 1.0000947 seconds
[1017.159s][info ][safepoint    ] Entering safepoint region: Cleanup
[1017.159s][info ][safepoint    ] Leaving safepoint region
[1017.159s][info ][safepoint    ] Total time for which application threads were stopped: 0.0001495 seconds, Stopping threads took: 0.0000790 seconds
[1018.159s][info ][safepoint    ] Application time: 1.0000916 seconds
[1018.160s][info ][safepoint    ] Entering safepoint region: Cleanup
[1018.160s][info ][safepoint    ] Leaving safepoint region
[1018.160s][info ][safepoint    ] Total time for which application threads were stopped: 0.0002840 seconds, Stopping threads took: 0.0002130 seconds
[1018.359s][info ][safepoint    ] Application time: 0.1990121 seconds
[1018.359s][info ][safepoint    ] Entering safepoint region: GenCollectForAllocation
[1018.359s][info ][gc,start     ] GC(453) Pause Young (Allocation Failure)
[1018.359s][info ][gc,task      ] GC(453) Using 4 workers of 4 for evacuation
[1018.361s][debug][gc,ref       ] GC(453) Skipped phase1 of Reference Processing due to unavailable references
[1018.361s][debug][gc,ref       ] GC(453) Skipped phase2 of Reference Processing due to unavailable references
[1018.361s][debug][gc,ref       ] GC(453) Skipped phase3 of Reference Processing due to unavailable references
[1018.361s][debug][gc,ref       ] GC(453) Skipped phase4 of Reference Processing due to unavailable references
[1018.361s][debug][gc,age       ] GC(453) Desired survivor size 15368192 bytes, new threshold 6 (max threshold 6)
[1018.361s][info ][gc,heap      ] GC(453) ParNew: 241281K->947K(270336K)
[1018.361s][info ][gc,heap      ] GC(453) CMS: 544014K->544014K(600768K)
[1018.361s][info ][gc,metaspace ] GC(453) Metaspace: 58466K->58466K(1101824K)
[1018.361s][info ][gc           ] GC(453) Pause Young (Allocation Failure) 766M->532M(850M) 2.337ms
[1018.361s][info ][gc,cpu       ] GC(453) User=0.01s Sys=0.00s Real=0.00s
[1018.361s][info ][safepoint    ] Leaving safepoint region
[1018.361s][info ][safepoint    ] Total time for which application threads were stopped: 0.0024826 seconds, Stopping threads took: 0.0000168 seconds
[1019.361s][info ][safepoint    ] Application time: 1.0001178 seconds
[1019.361s][info ][safepoint    ] Entering safepoint region: Cleanup
[1019.362s][info ][safepoint    ] Leaving safepoint region
[1019.362s][info ][safepoint    ] Total time for which application threads were stopped: 0.0001058 seconds, Stopping threads took: 0.0000442 seconds
[1020.362s][info ][safepoint    ] Application time: 1.0000435 seconds
[1020.362s][info ][safepoint    ] Entering safepoint region: Cleanup
[1020.362s][info ][safepoint    ] Leaving safepoint region
[1020.362s][info ][safepoint    ] Total time for which application threads were stopped: 0.0001095 seconds, Stopping threads took: 0.0000457 seconds
[1021.362s][info ][safepoint    ] Application time: 1.0000971 seconds
[1021.362s][info ][safepoint    ] Entering safepoint region: Cleanup
[1021.362s][info ][safepoint    ] Leaving safepoint region
[1021.362s][info ][safepoint    ] Total time for which application threads were stopped: 0.0000960 seconds, Stopping threads took: 0.0000393 seconds
[1021.555s][info ][safepoint    ] Application time: 0.1931424 seconds
[1021.555s][info ][safepoint    ] Entering safepoint region: GenCollectForAllocation
[1021.555s][info ][gc,start     ] GC(454) Pause Young (Allocation Failure)
[1021.555s][info ][gc,task      ] GC(454) Using 4 workers of 4 for evacuation
[1021.557s][debug][gc,ref       ] GC(454) Skipped phase1 of Reference Processing due to unavailable references
[1021.558s][debug][gc,ref       ] GC(454) Skipped phase2 of Reference Processing due to unavailable references
[1021.558s][debug][gc,ref       ] GC(454) Skipped phase3 of Reference Processing due to unavailable references
[1021.558s][debug][gc,ref       ] GC(454) Skipped phase4 of Reference Processing due to unavailable references
[1021.558s][debug][gc,age       ] GC(454) Desired survivor size 15368192 bytes, new threshold 6 (max threshold 6)
[1021.558s][info ][gc,heap      ] GC(454) ParNew: 241267K->1081K(270336K)
[1021.558s][info ][gc,heap      ] GC(454) CMS: 544014K->544123K(600768K)
[1021.558s][info ][gc,metaspace ] GC(454) Metaspace: 58466K->58466K(1101824K)
[1021.558s][info ][gc           ] GC(454) Pause Young (Allocation Failure) 766M->532M(850M) 2.422ms
[1021.558s][info ][gc,cpu       ] GC(454) User=0.01s Sys=0.00s Real=0.00s
[1021.558s][info ][safepoint    ] Leaving safepoint region
[1021.558s][info ][safepoint    ] Total time for which application threads were stopped: 0.0026044 seconds, Stopping threads took: 0.0000449 seconds
[1022.558s][info ][safepoint    ] Application time: 1.0002088 seconds
[1022.558s][info ][safepoint    ] Entering safepoint region: Cleanup
[1022.558s][info ][safepoint    ] Leaving safepoint region
[1022.558s][info ][safepoint    ] Total time for which application threads were stopped: 0.0001241 seconds, Stopping threads took: 0.0000617 seconds
[1023.558s][info ][safepoint    ] Application time: 1.0001089 seconds
[1023.558s][info ][safepoint    ] Entering safepoint region: Cleanup
[1023.558s][info ][safepoint    ] Leaving safepoint region
[1023.558s][info ][safepoint    ] Total time for which application threads were stopped: 0.0001313 seconds, Stopping threads took: 0.0000672 seconds
[1024.559s][info ][safepoint    ] Application time: 1.0000966 seconds
[1024.559s][info ][safepoint    ] Entering safepoint region: Cleanup
[1024.559s][info ][safepoint    ] Leaving safepoint region
[1024.559s][info ][safepoint    ] Total time for which application threads were stopped: 0.0001209 seconds, Stopping threads took: 0.0000552 seconds
[1024.760s][info ][safepoint    ] Application time: 0.2014487 seconds
[1024.760s][info ][safepoint    ] Entering safepoint region: GenCollectForAllocation
[1024.760s][info ][gc,start     ] GC(455) Pause Young (Allocation Failure)
[1024.760s][info ][gc,task      ] GC(455) Using 4 workers of 4 for evacuation
[1024.763s][debug][gc,ref       ] GC(455) Skipped phase1 of Reference Processing due to unavailable references
[1024.763s][debug][gc,ref       ] GC(455) Skipped phase2 of Reference Processing due to unavailable references
[1024.763s][debug][gc,ref       ] GC(455) Skipped phase3 of Reference Processing due to unavailable references
[1024.763s][debug][gc,ref       ] GC(455) Skipped phase4 of Reference Processing due to unavailable references
[1024.763s][debug][gc,age       ] GC(455) Desired survivor size 15368192 bytes, new threshold 6 (max threshold 6)
[1024.763s][info ][gc,heap      ] GC(455) ParNew: 241401K->926K(270336K)
[1024.763s][info ][gc,heap      ] GC(455) CMS: 544123K->544269K(600768K)
[1024.763s][info ][gc,metaspace ] GC(455) Metaspace: 58466K->58466K(1101824K)
[1024.763s][info ][gc           ] GC(455) Pause Young (Allocation Failure) 767M->532M(850M) 2.636ms
[1024.763s][info ][gc,cpu       ] GC(455) User=0.01s Sys=0.00s Real=0.01s
[1024.763s][info ][safepoint    ] Leaving safepoint region
[1024.763s][info ][safepoint    ] Total time for which application threads were stopped: 0.0027908 seconds, Stopping threads took: 0.0000201 seconds
[1025.763s][info ][safepoint    ] Application time: 1.0001819 seconds
[1025.763s][info ][safepoint    ] Entering safepoint region: Cleanup
[1025.763s][info ][safepoint    ] Leaving safepoint region
[1025.763s][info ][safepoint    ] Total time for which application threads were stopped: 0.0001028 seconds, Stopping threads took: 0.0000412 seconds
[1026.763s][info ][safepoint    ] Application time: 1.0000947 seconds
[1026.763s][info ][safepoint    ] Entering safepoint region: Cleanup
[1026.764s][info ][safepoint    ] Leaving safepoint region
[1026.764s][info ][safepoint    ] Total time for which application threads were stopped: 0.0001061 seconds, Stopping threads took: 0.0000409 seconds
[1027.764s][info ][safepoint    ] Application time: 1.0000946 seconds
[1027.764s][info ][safepoint    ] Entering safepoint region: Cleanup
[1027.764s][info ][safepoint    ] Leaving safepoint region
[1027.764s][info ][safepoint    ] Total time for which application threads were stopped: 0.0001251 seconds, Stopping threads took: 0.0000526 seconds
[1027.962s][info ][safepoint    ] Application time: 0.1985526 seconds
[1027.962s][info ][safepoint    ] Entering safepoint region: GenCollectForAllocation
[1027.962s][info ][gc,start     ] GC(456) Pause Young (Allocation Failure)
[1027.962s][info ][gc,task      ] GC(456) Using 4 workers of 4 for evacuation
[1027.965s][debug][gc,ref       ] GC(456) Skipped phase1 of Reference Processing due to unavailable references
[1027.965s][debug][gc,ref       ] GC(456) Skipped phase2 of Reference Processing due to unavailable references
[1027.965s][debug][gc,ref       ] GC(456) Skipped phase3 of Reference Processing due to unavailable references
[1027.965s][debug][gc,ref       ] GC(456) Skipped phase4 of Reference Processing due to unavailable references
[1027.965s][debug][gc,age       ] GC(456) Desired survivor size 15368192 bytes, new threshold 6 (max threshold 6)
[1027.965s][info ][gc,heap      ] GC(456) ParNew: 241246K->991K(270336K)
[1027.965s][info ][gc,heap      ] GC(456) CMS: 544269K->544342K(600768K)
[1027.965s][info ][gc,metaspace ] GC(456) Metaspace: 58467K->58467K(1101824K)
[1027.965s][info ][gc           ] GC(456) Pause Young (Allocation Failure) 767M->532M(850M) 2.285ms
[1027.965s][info ][gc,cpu       ] GC(456) User=0.01s Sys=0.00s Real=0.00s
[1027.965s][info ][safepoint    ] Leaving safepoint region
[1027.965s][info ][safepoint    ] Total time for which application threads were stopped: 0.0024434 seconds, Stopping threads took: 0.0000148 seconds
[1028.965s][info ][safepoint    ] Application time: 1.0000928 seconds
[1028.965s][info ][safepoint    ] Entering safepoint region: Cleanup
[1028.965s][info ][safepoint    ] Leaving safepoint region
[1028.965s][info ][safepoint    ] Total time for which application threads were stopped: 0.0001266 seconds, Stopping threads took: 0.0000593 seconds
[1029.965s][info ][safepoint    ] Application time: 1.0000821 seconds
[1029.965s][info ][safepoint    ] Entering safepoint region: Cleanup
[1029.965s][info ][safepoint    ] Leaving safepoint region
[1029.965s][info ][safepoint    ] Total time for which application threads were stopped: 0.0001016 seconds, Stopping threads took: 0.0000406 seconds
[1030.965s][info ][safepoint    ] Application time: 1.0000627 seconds
[1030.965s][info ][safepoint    ] Entering safepoint region: Cleanup
[1030.966s][info ][safepoint    ] Leaving safepoint region
[1030.966s][info ][safepoint    ] Total time for which application threads were stopped: 0.0001348 seconds, Stopping threads took: 0.0000654 seconds
[1031.267s][info ][safepoint    ] Application time: 0.3012813 seconds
[1031.267s][info ][safepoint    ] Entering safepoint region: GenCollectForAllocation
[1031.267s][info ][gc,start     ] GC(457) Pause Young (Allocation Failure)
[1031.267s][info ][gc,task      ] GC(457) Using 4 workers of 4 for evacuation
[1031.269s][debug][gc,ref       ] GC(457) Skipped phase1 of Reference Processing due to unavailable references
[1031.269s][debug][gc,ref       ] GC(457) Skipped phase2 of Reference Processing due to unavailable references
[1031.269s][debug][gc,ref       ] GC(457) Skipped phase3 of Reference Processing due to unavailable references
[1031.269s][debug][gc,ref       ] GC(457) Skipped phase4 of Reference Processing due to unavailable references
[1031.269s][debug][gc,age       ] GC(457) Desired survivor size 15368192 bytes, new threshold 6 (max threshold 6)
[1031.269s][info ][gc,heap      ] GC(457) ParNew: 241311K->1144K(270336K)
[1031.269s][info ][gc,heap      ] GC(457) CMS: 544342K->544352K(600768K)
[1031.269s][info ][gc,metaspace ] GC(457) Metaspace: 58467K->58467K(1101824K)
[1031.269s][info ][gc           ] GC(457) Pause Young (Allocation Failure) 767M->532M(850M) 2.387ms
[1031.269s][info ][gc,cpu       ] GC(457) User=0.01s Sys=0.00s Real=0.00s
[1031.269s][info ][safepoint    ] Leaving safepoint region
[1031.269s][info ][safepoint    ] Total time for which application threads were stopped: 0.0025241 seconds, Stopping threads took: 0.0000150 seconds
[1032.269s][info ][safepoint    ] Application time: 1.0000950 seconds
[1032.270s][info ][safepoint    ] Entering safepoint region: Cleanup
[1032.270s][info ][safepoint    ] Leaving safepoint region
[1032.270s][info ][safepoint    ] Total time for which application threads were stopped: 0.0000718 seconds, Stopping threads took: 0.0000174 seconds
[1033.270s][info ][safepoint    ] Application time: 1.0000565 seconds
[1033.270s][info ][safepoint    ] Entering safepoint region: Cleanup
[1033.270s][info ][safepoint    ] Leaving safepoint region
[1033.270s][info ][safepoint    ] Total time for which application threads were stopped: 0.0000733 seconds, Stopping threads took: 0.0000174 seconds
[1034.270s][info ][safepoint    ] Application time: 1.0000847 seconds
[1034.270s][info ][safepoint    ] Entering safepoint region: Cleanup
[1034.270s][info ][safepoint    ] Leaving safepoint region
[1034.270s][info ][safepoint    ] Total time for which application threads were stopped: 0.0000711 seconds, Stopping threads took: 0.0000175 seconds
[1034.467s][info ][safepoint    ] Application time: 0.1965884 seconds
[1034.467s][info ][safepoint    ] Entering safepoint region: GenCollectForAllocation
[1034.467s][info ][gc,start     ] GC(458) Pause Young (Allocation Failure)
[1034.467s][info ][gc,task      ] GC(458) Using 4 workers of 4 for evacuation
[1034.469s][debug][gc,ref       ] GC(458) Skipped phase1 of Reference Processing due to unavailable references
[1034.469s][debug][gc,ref       ] GC(458) Skipped phase2 of Reference Processing due to unavailable references
[1034.469s][debug][gc,ref       ] GC(458) Skipped phase3 of Reference Processing due to unavailable references
[1034.469s][debug][gc,ref       ] GC(458) Skipped phase4 of Reference Processing due to unavailable references
[1034.469s][debug][gc,age       ] GC(458) Desired survivor size 15368192 bytes, new threshold 6 (max threshold 6)
[1034.469s][info ][gc,heap      ] GC(458) ParNew: 241464K->1247K(270336K)
[1034.469s][info ][gc,heap      ] GC(458) CMS: 544352K->544392K(600768K)
[1034.469s][info ][gc,metaspace ] GC(458) Metaspace: 58467K->58467K(1101824K)
[1034.469s][info ][gc           ] GC(458) Pause Young (Allocation Failure) 767M->532M(850M) 2.516ms
[1034.469s][info ][gc,cpu       ] GC(458) User=0.01s Sys=0.00s Real=0.00s
[1034.469s][info ][safepoint    ] Leaving safepoint region
[1034.469s][info ][safepoint    ] Total time for which application threads were stopped: 0.0026573 seconds, Stopping threads took: 0.0000158 seconds
[1035.469s][info ][safepoint    ] Application time: 1.0001112 seconds
[1035.469s][info ][safepoint    ] Entering safepoint region: Cleanup
[1035.469s][info ][safepoint    ] Leaving safepoint region
[1035.469s][info ][safepoint    ] Total time for which application threads were stopped: 0.0000772 seconds, Stopping threads took: 0.0000173 seconds
[1036.470s][info ][safepoint    ] Application time: 1.0001175 seconds
[1036.470s][info ][safepoint    ] Entering safepoint region: Cleanup
[1036.470s][info ][safepoint    ] Leaving safepoint region
[1036.470s][info ][safepoint    ] Total time for which application threads were stopped: 0.0000697 seconds, Stopping threads took: 0.0000163 seconds
[1037.208s][info ][safepoint    ] Application time: 0.7382465 seconds
[1037.208s][info ][safepoint    ] Entering safepoint region: GenCollectForAllocation
[1037.208s][info ][gc,start     ] GC(459) Pause Young (Allocation Failure)
[1037.208s][info ][gc,task      ] GC(459) Using 4 workers of 4 for evacuation
[1037.211s][debug][gc,ref       ] GC(459) Skipped phase1 of Reference Processing due to unavailable references
[1037.211s][debug][gc,ref       ] GC(459) Skipped phase2 of Reference Processing due to unavailable references
[1037.211s][debug][gc,ref       ] GC(459) Skipped phase3 of Reference Processing due to unavailable references
[1037.211s][debug][gc,ref       ] GC(459) Skipped phase4 of Reference Processing due to unavailable references
[1037.211s][debug][gc,age       ] GC(459) Desired survivor size 15368192 bytes, new threshold 6 (max threshold 6)
[1037.211s][info ][gc,heap      ] GC(459) ParNew: 241567K->1410K(270336K)
[1037.211s][info ][gc,heap      ] GC(459) CMS: 544392K->544535K(600768K)
[1037.211s][info ][gc,metaspace ] GC(459) Metaspace: 58467K->58467K(1101824K)
[1037.211s][info ][gc           ] GC(459) Pause Young (Allocation Failure) 767M->533M(850M) 2.690ms
[1037.211s][info ][gc,cpu       ] GC(459) User=0.01s Sys=0.00s Real=0.01s
[1037.211s][info ][safepoint    ] Leaving safepoint region
[1037.211s][info ][safepoint    ] Total time for which application threads were stopped: 0.0028557 seconds, Stopping threads took: 0.0000159 seconds
[1038.211s][info ][safepoint    ] Application time: 1.0001023 seconds
[1038.211s][info ][safepoint    ] Entering safepoint region: Cleanup
[1038.211s][info ][safepoint    ] Leaving safepoint region
[1038.211s][info ][safepoint    ] Total time for which application threads were stopped: 0.0001007 seconds, Stopping threads took: 0.0000393 seconds
[1039.211s][info ][safepoint    ] Application time: 1.0001034 seconds
[1039.212s][info ][safepoint    ] Entering safepoint region: Cleanup
[1039.212s][info ][safepoint    ] Leaving safepoint region
[1039.212s][info ][safepoint    ] Total time for which application threads were stopped: 0.0010273 seconds, Stopping threads took: 0.0009569 seconds
[1040.109s][info ][safepoint    ] Application time: 0.8962378 seconds
[1040.109s][info ][safepoint    ] Entering safepoint region: GenCollectForAllocation
[1040.109s][info ][gc,start     ] GC(460) Pause Young (Allocation Failure)
[1040.109s][info ][gc,task      ] GC(460) Using 4 workers of 4 for evacuation
[1040.111s][debug][gc,ref       ] GC(460) Skipped phase1 of Reference Processing due to unavailable references
[1040.111s][debug][gc,ref       ] GC(460) Skipped phase2 of Reference Processing due to unavailable references
[1040.111s][debug][gc,ref       ] GC(460) Skipped phase3 of Reference Processing due to unavailable references
[1040.111s][debug][gc,ref       ] GC(460) Skipped phase4 of Reference Processing due to unavailable references
[1040.111s][debug][gc,age       ] GC(460) Desired survivor size 15368192 bytes, new threshold 6 (max threshold 6)
[1040.111s][info ][gc,heap      ] GC(460) ParNew: 241730K->1339K(270336K)
[1040.111s][info ][gc,heap      ] GC(460) CMS: 544535K->544548K(600768K)
[1040.111s][info ][gc,metaspace ] GC(460) Metaspace: 58467K->58467K(1101824K)
[1040.111s][info ][gc           ] GC(460) Pause Young (Allocation Failure) 767M->533M(850M) 2.256ms
[1040.111s][info ][gc,cpu       ] GC(460) User=0.01s Sys=0.00s Real=0.01s
[1040.111s][info ][safepoint    ] Leaving safepoint region
[1040.111s][info ][safepoint    ] Total time for which application threads were stopped: 0.0024377 seconds, Stopping threads took: 0.0000353 seconds
[1041.111s][info ][safepoint    ] Application time: 1.0001100 seconds
[1041.111s][info ][safepoint    ] Entering safepoint region: Cleanup
[1041.111s][info ][safepoint    ] Leaving safepoint region
[1041.111s][info ][safepoint    ] Total time for which application threads were stopped: 0.0001073 seconds, Stopping threads took: 0.0000458 seconds
[1042.111s][info ][safepoint    ] Application time: 1.0000872 seconds
[1042.111s][info ][safepoint    ] Entering safepoint region: Cleanup
[1042.111s][info ][safepoint    ] Leaving safepoint region
[1042.111s][info ][safepoint    ] Total time for which application threads were stopped: 0.0001135 seconds, Stopping threads took: 0.0000420 seconds
[1043.112s][info ][safepoint    ] Application time: 1.0000921 seconds
[1043.112s][info ][safepoint    ] Entering safepoint region: Cleanup
[1043.112s][info ][safepoint    ] Leaving safepoint region
[1043.112s][info ][safepoint    ] Total time for which application threads were stopped: 0.0001104 seconds, Stopping threads took: 0.0000418 seconds
[1043.214s][info ][safepoint    ] Application time: 0.1025127 seconds
[1043.214s][info ][safepoint    ] Entering safepoint region: GenCollectForAllocation
[1043.214s][info ][gc,start     ] GC(461) Pause Young (Allocation Failure)
[1043.214s][info ][gc,task      ] GC(461) Using 4 workers of 4 for evacuation
[1043.217s][debug][gc,ref       ] GC(461) Skipped phase1 of Reference Processing due to unavailable references
[1043.217s][debug][gc,ref       ] GC(461) Skipped phase2 of Reference Processing due to unavailable references
[1043.217s][debug][gc,ref       ] GC(461) Skipped phase3 of Reference Processing due to unavailable references
[1043.217s][debug][gc,ref       ] GC(461) Skipped phase4 of Reference Processing due to unavailable references
[1043.217s][debug][gc,age       ] GC(461) Desired survivor size 15368192 bytes, new threshold 6 (max threshold 6)
[1043.217s][info ][gc,heap      ] GC(461) ParNew: 241659K->1290K(270336K)
[1043.217s][info ][gc,heap      ] GC(461) CMS: 544548K->544583K(600768K)
[1043.217s][info ][gc,metaspace ] GC(461) Metaspace: 58467K->58467K(1101824K)
[1043.217s][info ][gc           ] GC(461) Pause Young (Allocation Failure) 767M->533M(850M) 2.347ms
[1043.217s][info ][gc,cpu       ] GC(461) User=0.00s Sys=0.00s Real=0.00s
[1043.217s][info ][safepoint    ] Leaving safepoint region
[1043.217s][info ][safepoint    ] Total time for which application threads were stopped: 0.0024966 seconds, Stopping threads took: 0.0000183 seconds
[1044.217s][info ][safepoint    ] Application time: 1.0001008 seconds
[1044.217s][info ][safepoint    ] Entering safepoint region: Cleanup
[1044.217s][info ][safepoint    ] Leaving safepoint region
[1044.217s][info ][safepoint    ] Total time for which application threads were stopped: 0.0001095 seconds, Stopping threads took: 0.0000176 seconds
[1045.217s][info ][safepoint    ] Application time: 1.0000792 seconds
[1045.217s][info ][safepoint    ] Entering safepoint region: Cleanup
[1045.217s][info ][safepoint    ] Leaving safepoint region
[1045.217s][info ][safepoint    ] Total time for which application threads were stopped: 0.0000706 seconds, Stopping threads took: 0.0000155 seconds
[1046.217s][info ][safepoint    ] Application time: 1.0000862 seconds
[1046.217s][info ][safepoint    ] Entering safepoint region: Cleanup
[1046.217s][info ][safepoint    ] Leaving safepoint region
[1046.217s][info ][safepoint    ] Total time for which application threads were stopped: 0.0001226 seconds, Stopping threads took: 0.0000560 seconds
[1046.365s][info ][safepoint    ] Application time: 0.1478145 seconds
[1046.365s][info ][safepoint    ] Entering safepoint region: GenCollectForAllocation
[1046.365s][info ][gc,start     ] GC(462) Pause Young (Allocation Failure)
[1046.365s][info ][gc,task      ] GC(462) Using 4 workers of 4 for evacuation
[1046.368s][debug][gc,ref       ] GC(462) Skipped phase1 of Reference Processing due to unavailable references
[1046.368s][debug][gc,ref       ] GC(462) Skipped phase2 of Reference Processing due to unavailable references
[1046.368s][debug][gc,ref       ] GC(462) Skipped phase3 of Reference Processing due to unavailable references
[1046.368s][debug][gc,ref       ] GC(462) Skipped phase4 of Reference Processing due to unavailable references
[1046.368s][debug][gc,age       ] GC(462) Desired survivor size 15368192 bytes, new threshold 6 (max threshold 6)
[1046.368s][info ][gc,heap      ] GC(462) ParNew: 241610K->1452K(270336K)
[1046.368s][info ][gc,heap      ] GC(462) CMS: 544583K->544666K(600768K)
[1046.368s][info ][gc,metaspace ] GC(462) Metaspace: 58467K->58467K(1101824K)
[1046.368s][info ][gc           ] GC(462) Pause Young (Allocation Failure) 767M->533M(850M) 2.936ms
[1046.368s][info ][gc,cpu       ] GC(462) User=0.01s Sys=0.00s Real=0.00s
[1046.368s][info ][safepoint    ] Leaving safepoint region
[1046.368s][info ][safepoint    ] Total time for which application threads were stopped: 0.0030859 seconds, Stopping threads took: 0.0000174 seconds
[1047.369s][info ][safepoint    ] Application time: 1.0000953 seconds
[1047.369s][info ][safepoint    ] Entering safepoint region: Cleanup
[1047.369s][info ][safepoint    ] Leaving safepoint region
[1047.369s][info ][safepoint    ] Total time for which application threads were stopped: 0.0000895 seconds, Stopping threads took: 0.0000172 seconds
[1048.369s][info ][safepoint    ] Application time: 1.0000910 seconds
[1048.369s][info ][safepoint    ] Entering safepoint region: Cleanup
[1048.369s][info ][safepoint    ] Leaving safepoint region
[1048.369s][info ][safepoint    ] Total time for which application threads were stopped: 0.0000882 seconds, Stopping threads took: 0.0000173 seconds
[1049.369s][info ][safepoint    ] Application time: 1.0000848 seconds
[1049.369s][info ][safepoint    ] Entering safepoint region: Cleanup
[1049.369s][info ][safepoint    ] Leaving safepoint region
[1049.369s][info ][safepoint    ] Total time for which application threads were stopped: 0.0000837 seconds, Stopping threads took: 0.0000170 seconds
[1049.510s][info ][safepoint    ] Application time: 0.1413793 seconds
[1049.510s][info ][safepoint    ] Entering safepoint region: GenCollectForAllocation
[1049.511s][info ][gc,start     ] GC(463) Pause Young (Allocation Failure)
[1049.511s][info ][gc,task      ] GC(463) Using 4 workers of 4 for evacuation
[1049.514s][debug][gc,ref       ] GC(463) Skipped phase1 of Reference Processing due to unavailable references
[1049.514s][debug][gc,ref       ] GC(463) Skipped phase2 of Reference Processing due to unavailable references
[1049.514s][debug][gc,ref       ] GC(463) Skipped phase3 of Reference Processing due to unavailable references
[1049.514s][debug][gc,ref       ] GC(463) Skipped phase4 of Reference Processing due to unavailable references
[1049.514s][debug][gc,age       ] GC(463) Desired survivor size 15368192 bytes, new threshold 6 (max threshold 6)
[1049.514s][info ][gc,heap      ] GC(463) ParNew: 241772K->2295K(270336K)
[1049.514s][info ][gc,heap      ] GC(463) CMS: 544666K->544847K(600768K)
[1049.514s][info ][gc,metaspace ] GC(463) Metaspace: 58468K->58468K(1101824K)
[1049.514s][info ][gc           ] GC(463) Pause Young (Allocation Failure) 768M->534M(850M) 3.792ms
[1049.514s][info ][gc,cpu       ] GC(463) User=0.02s Sys=0.00s Real=0.00s
[1049.514s][info ][safepoint    ] Leaving safepoint region
[1049.514s][info ][safepoint    ] Total time for which application threads were stopped: 0.0039385 seconds, Stopping threads took: 0.0000164 seconds
[1050.515s][info ][safepoint    ] Application time: 1.0001002 seconds
[1050.515s][info ][safepoint    ] Entering safepoint region: Cleanup
[1050.515s][info ][safepoint    ] Leaving safepoint region
[1050.515s][info ][safepoint    ] Total time for which application threads were stopped: 0.0001126 seconds, Stopping threads took: 0.0000415 seconds
[1051.515s][info ][safepoint    ] Application time: 1.0001008 seconds
[1051.515s][info ][safepoint    ] Entering safepoint region: Cleanup
[1051.515s][info ][safepoint    ] Leaving safepoint region
[1051.515s][info ][safepoint    ] Total time for which application threads were stopped: 0.0001404 seconds, Stopping threads took: 0.0000791 seconds
[1052.515s][info ][safepoint    ] Application time: 1.0000935 seconds
[1052.515s][info ][safepoint    ] Entering safepoint region: Cleanup
[1052.515s][info ][safepoint    ] Leaving safepoint region
[1052.515s][info ][safepoint    ] Total time for which application threads were stopped: 0.0001246 seconds, Stopping threads took: 0.0000618 seconds
[1052.756s][info ][safepoint    ] Application time: 0.2403033 seconds
[1052.756s][info ][safepoint    ] Entering safepoint region: GenCollectForAllocation
[1052.756s][info ][gc,start     ] GC(464) Pause Young (Allocation Failure)
[1052.756s][info ][gc,task      ] GC(464) Using 4 workers of 4 for evacuation
[1052.758s][debug][gc,ref       ] GC(464) Skipped phase1 of Reference Processing due to unavailable references
[1052.758s][debug][gc,ref       ] GC(464) Skipped phase2 of Reference Processing due to unavailable references
[1052.758s][debug][gc,ref       ] GC(464) Skipped phase3 of Reference Processing due to unavailable references
[1052.758s][debug][gc,ref       ] GC(464) Skipped phase4 of Reference Processing due to unavailable references
[1052.759s][debug][gc,age       ] GC(464) Desired survivor size 15368192 bytes, new threshold 6 (max threshold 6)
[1052.759s][info ][gc,heap      ] GC(464) ParNew: 242615K->2284K(270336K)
[1052.759s][info ][gc,heap      ] GC(464) CMS: 544847K->544940K(600768K)
[1052.759s][info ][gc,metaspace ] GC(464) Metaspace: 58468K->58468K(1101824K)
[1052.759s][info ][gc           ] GC(464) Pause Young (Allocation Failure) 769M->534M(850M) 2.860ms
[1052.759s][info ][gc,cpu       ] GC(464) User=0.00s Sys=0.00s Real=0.00s
[1052.759s][info ][safepoint    ] Leaving safepoint region
[1052.759s][info ][safepoint    ] Total time for which application threads were stopped: 0.0030608 seconds, Stopping threads took: 0.0000185 seconds
[1053.759s][info ][safepoint    ] Application time: 1.0001172 seconds
[1053.759s][info ][safepoint    ] Entering safepoint region: Cleanup
[1053.759s][info ][safepoint    ] Leaving safepoint region
[1053.759s][info ][safepoint    ] Total time for which application threads were stopped: 0.0001334 seconds, Stopping threads took: 0.0000645 seconds
[1054.759s][info ][safepoint    ] Application time: 1.0000961 seconds
[1054.759s][info ][safepoint    ] Entering safepoint region: Cleanup
[1054.759s][info ][safepoint    ] Leaving safepoint region
[1054.759s][info ][safepoint    ] Total time for which application threads were stopped: 0.0001057 seconds, Stopping threads took: 0.0000392 seconds
[1055.759s][info ][safepoint    ] Application time: 1.0001036 seconds
[1055.759s][info ][safepoint    ] Entering safepoint region: Cleanup
[1055.760s][info ][safepoint    ] Leaving safepoint region
[1055.760s][info ][safepoint    ] Total time for which application threads were stopped: 0.0001265 seconds, Stopping threads took: 0.0000645 seconds
[1055.962s][info ][safepoint    ] Application time: 0.2027173 seconds
[1055.962s][info ][safepoint    ] Entering safepoint region: GenCollectForAllocation
[1055.962s][info ][gc,start     ] GC(465) Pause Young (Allocation Failure)
[1055.962s][info ][gc,task      ] GC(465) Using 4 workers of 4 for evacuation
[1055.965s][debug][gc,ref       ] GC(465) Skipped phase1 of Reference Processing due to unavailable references
[1055.965s][debug][gc,ref       ] GC(465) Skipped phase2 of Reference Processing due to unavailable references
[1055.965s][debug][gc,ref       ] GC(465) Skipped phase3 of Reference Processing due to unavailable references
[1055.965s][debug][gc,ref       ] GC(465) Skipped phase4 of Reference Processing due to unavailable references
[1055.966s][debug][gc,age       ] GC(465) Desired survivor size 15368192 bytes, new threshold 6 (max threshold 6)
[1055.966s][info ][gc,heap      ] GC(465) ParNew: 242604K->2789K(270336K)
[1055.966s][info ][gc,heap      ] GC(465) CMS: 544940K->544987K(600768K)
[1055.966s][info ][gc,metaspace ] GC(465) Metaspace: 58468K->58468K(1101824K)
[1055.966s][info ][gc           ] GC(465) Pause Young (Allocation Failure) 769M->534M(850M) 3.224ms
[1055.966s][info ][gc,cpu       ] GC(465) User=0.01s Sys=0.00s Real=0.00s
[1055.966s][info ][safepoint    ] Leaving safepoint region
[1055.966s][info ][safepoint    ] Total time for which application threads were stopped: 0.0033697 seconds, Stopping threads took: 0.0000167 seconds
[1056.966s][info ][safepoint    ] Application time: 1.0002146 seconds
[1056.966s][info ][safepoint    ] Entering safepoint region: Cleanup
[1056.966s][info ][safepoint    ] Leaving safepoint region
[1056.966s][info ][safepoint    ] Total time for which application threads were stopped: 0.0000799 seconds, Stopping threads took: 0.0000197 seconds
[1057.966s][info ][safepoint    ] Application time: 1.0000996 seconds
[1057.966s][info ][safepoint    ] Entering safepoint region: Cleanup
[1057.966s][info ][safepoint    ] Leaving safepoint region
[1057.966s][info ][safepoint    ] Total time for which application threads were stopped: 0.0000707 seconds, Stopping threads took: 0.0000176 seconds
[1058.967s][info ][safepoint    ] Application time: 1.0005854 seconds
[1058.967s][info ][safepoint    ] Entering safepoint region: Cleanup
[1058.967s][info ][safepoint    ] Leaving safepoint region
[1058.967s][info ][safepoint    ] Total time for which application threads were stopped: 0.0000657 seconds, Stopping threads took: 0.0000151 seconds
[1059.158s][info ][safepoint    ] Application time: 0.1913678 seconds
[1059.158s][info ][safepoint    ] Entering safepoint region: GenCollectForAllocation
[1059.158s][info ][gc,start     ] GC(466) Pause Young (Allocation Failure)
[1059.158s][info ][gc,task      ] GC(466) Using 4 workers of 4 for evacuation
[1059.161s][debug][gc,ref       ] GC(466) Skipped phase1 of Reference Processing due to unavailable references
[1059.161s][debug][gc,ref       ] GC(466) Skipped phase2 of Reference Processing due to unavailable references
[1059.161s][debug][gc,ref       ] GC(466) Skipped phase3 of Reference Processing due to unavailable references
[1059.161s][debug][gc,ref       ] GC(466) Skipped phase4 of Reference Processing due to unavailable references
[1059.161s][debug][gc,age       ] GC(466) Desired survivor size 15368192 bytes, new threshold 6 (max threshold 6)
[1059.161s][info ][gc,heap      ] GC(466) ParNew: 243109K->2454K(270336K)
[1059.161s][info ][gc,heap      ] GC(466) CMS: 544987K->545029K(600768K)
[1059.161s][info ][gc,metaspace ] GC(466) Metaspace: 58468K->58468K(1101824K)
[1059.161s][info ][gc           ] GC(466) Pause Young (Allocation Failure) 769M->534M(850M) 2.941ms
[1059.161s][info ][gc,cpu       ] GC(466) User=0.01s Sys=0.00s Real=0.00s
[1059.161s][info ][safepoint    ] Leaving safepoint region
[1059.161s][info ][safepoint    ] Total time for which application threads were stopped: 0.0030885 seconds, Stopping threads took: 0.0000173 seconds
[1060.162s][info ][safepoint    ] Application time: 1.0001250 seconds
[1060.162s][info ][safepoint    ] Entering safepoint region: Cleanup
[1060.162s][info ][safepoint    ] Leaving safepoint region
[1060.162s][info ][safepoint    ] Total time for which application threads were stopped: 0.0001133 seconds, Stopping threads took: 0.0000445 seconds
[1061.162s][info ][safepoint    ] Application time: 1.0000963 seconds
[1061.162s][info ][safepoint    ] Entering safepoint region: Cleanup
[1061.162s][info ][safepoint    ] Leaving safepoint region
[1061.162s][info ][safepoint    ] Total time for which application threads were stopped: 0.0001295 seconds, Stopping threads took: 0.0000652 seconds
[1062.163s][info ][safepoint    ] Application time: 1.0007475 seconds
[1062.163s][info ][safepoint    ] Entering safepoint region: GenCollectForAllocation
[1062.163s][info ][gc,start     ] GC(467) Pause Young (Allocation Failure)
[1062.163s][info ][gc,task      ] GC(467) Using 4 workers of 4 for evacuation
[1062.166s][debug][gc,ref       ] GC(467) Skipped phase1 of Reference Processing due to unavailable references
[1062.166s][debug][gc,ref       ] GC(467) Skipped phase2 of Reference Processing due to unavailable references
[1062.166s][debug][gc,ref       ] GC(467) Skipped phase3 of Reference Processing due to unavailable references
[1062.166s][debug][gc,ref       ] GC(467) Skipped phase4 of Reference Processing due to unavailable references
[1062.166s][debug][gc,age       ] GC(467) Desired survivor size 15368192 bytes, new threshold 6 (max threshold 6)
[1062.166s][info ][gc,heap      ] GC(467) ParNew: 242774K->2649K(270336K)
[1062.166s][info ][gc,heap      ] GC(467) CMS: 545029K->545126K(600768K)
[1062.166s][info ][gc,metaspace ] GC(467) Metaspace: 58468K->58468K(1101824K)
[1062.166s][info ][gc           ] GC(467) Pause Young (Allocation Failure) 769M->534M(850M) 2.999ms
[1062.166s][info ][gc,cpu       ] GC(467) User=0.01s Sys=0.00s Real=0.00s
[1062.166s][info ][safepoint    ] Leaving safepoint region
[1062.166s][info ][safepoint    ] Total time for which application threads were stopped: 0.0031475 seconds, Stopping threads took: 0.0000173 seconds
[1063.167s][info ][safepoint    ] Application time: 1.0011216 seconds
[1063.167s][info ][safepoint    ] Entering safepoint region: Cleanup
[1063.167s][info ][safepoint    ] Leaving safepoint region
[1063.167s][info ][safepoint    ] Total time for which application threads were stopped: 0.0001223 seconds, Stopping threads took: 0.0000525 seconds
[1064.167s][info ][safepoint    ] Application time: 1.0000926 seconds
[1064.171s][info ][safepoint    ] Entering safepoint region: Cleanup
[1064.171s][info ][safepoint    ] Leaving safepoint region
[1064.171s][info ][safepoint    ] Total time for which application threads were stopped: 0.0036260 seconds, Stopping threads took: 0.0035596 seconds
[1065.165s][info ][safepoint    ] Application time: 0.9938523 seconds
[1065.165s][info ][safepoint    ] Entering safepoint region: GenCollectForAllocation
[1065.165s][info ][gc,start     ] GC(468) Pause Young (Allocation Failure)
[1065.165s][info ][gc,task      ] GC(468) Using 4 workers of 4 for evacuation
[1065.168s][debug][gc,ref       ] GC(468) Skipped phase1 of Reference Processing due to unavailable references
[1065.168s][debug][gc,ref       ] GC(468) Skipped phase2 of Reference Processing due to unavailable references
[1065.168s][debug][gc,ref       ] GC(468) Skipped phase3 of Reference Processing due to unavailable references
[1065.168s][debug][gc,ref       ] GC(468) Skipped phase4 of Reference Processing due to unavailable references
[1065.168s][debug][gc,age       ] GC(468) Desired survivor size 15368192 bytes, new threshold 6 (max threshold 6)
[1065.168s][info ][gc,heap      ] GC(468) ParNew: 242969K->2813K(270336K)
[1065.168s][info ][gc,heap      ] GC(468) CMS: 545126K->545341K(600768K)
[1065.168s][info ][gc,metaspace ] GC(468) Metaspace: 58469K->58469K(1101824K)
[1065.168s][info ][gc           ] GC(468) Pause Young (Allocation Failure) 769M->535M(850M) 3.378ms
[1065.168s][info ][gc,cpu       ] GC(468) User=0.01s Sys=0.00s Real=0.00s
[1065.168s][info ][safepoint    ] Leaving safepoint region
[1065.168s][info ][safepoint    ] Total time for which application threads were stopped: 0.0035403 seconds, Stopping threads took: 0.0000176 seconds
[1066.169s][info ][safepoint    ] Application time: 1.0001802 seconds
[1066.169s][info ][safepoint    ] Entering safepoint region: Cleanup
[1066.169s][info ][safepoint    ] Leaving safepoint region
[1066.169s][info ][safepoint    ] Total time for which application threads were stopped: 0.0000719 seconds, Stopping threads took: 0.0000179 seconds
[1067.169s][info ][safepoint    ] Application time: 1.0000895 seconds
[1067.169s][info ][safepoint    ] Entering safepoint region: Cleanup
[1067.169s][info ][safepoint    ] Leaving safepoint region
[1067.169s][info ][safepoint    ] Total time for which application threads were stopped: 0.0000717 seconds, Stopping threads took: 0.0000170 seconds
[1068.169s][info ][safepoint    ] Application time: 1.0000925 seconds
[1068.169s][info ][safepoint    ] Entering safepoint region: Cleanup
[1068.169s][info ][safepoint    ] Leaving safepoint region
[1068.169s][info ][safepoint    ] Total time for which application threads were stopped: 0.0000702 seconds, Stopping threads took: 0.0000161 seconds
[1068.261s][info ][safepoint    ] Application time: 0.0917923 seconds
[1068.261s][info ][safepoint    ] Entering safepoint region: GenCollectForAllocation
[1068.261s][info ][gc,start     ] GC(469) Pause Young (Allocation Failure)
[1068.261s][info ][gc,task      ] GC(469) Using 4 workers of 4 for evacuation
[1068.264s][debug][gc,ref       ] GC(469) Skipped phase1 of Reference Processing due to unavailable references
[1068.264s][debug][gc,ref       ] GC(469) Skipped phase2 of Reference Processing due to unavailable references
[1068.264s][debug][gc,ref       ] GC(469) Skipped phase3 of Reference Processing due to unavailable references
[1068.264s][debug][gc,ref       ] GC(469) Skipped phase4 of Reference Processing due to unavailable references
[1068.265s][debug][gc,age       ] GC(469) Desired survivor size 15368192 bytes, new threshold 6 (max threshold 6)
[1068.265s][info ][gc,heap      ] GC(469) ParNew: 243133K->3193K(270336K)
[1068.265s][info ][gc,heap      ] GC(469) CMS: 545341K->545673K(600768K)
[1068.265s][info ][gc,metaspace ] GC(469) Metaspace: 58469K->58469K(1101824K)
[1068.265s][info ][gc           ] GC(469) Pause Young (Allocation Failure) 769M->536M(850M) 3.620ms
[1068.265s][info ][gc,cpu       ] GC(469) User=0.01s Sys=0.00s Real=0.01s
[1068.265s][info ][safepoint    ] Leaving safepoint region
[1068.265s][info ][safepoint    ] Total time for which application threads were stopped: 0.0037716 seconds, Stopping threads took: 0.0000164 seconds
[1069.265s][info ][safepoint    ] Application time: 1.0001235 seconds
[1069.265s][info ][safepoint    ] Entering safepoint region: Cleanup
[1069.265s][info ][safepoint    ] Leaving safepoint region
[1069.265s][info ][safepoint    ] Total time for which application threads were stopped: 0.0001122 seconds, Stopping threads took: 0.0000410 seconds
[1070.265s][info ][safepoint    ] Application time: 1.0001642 seconds
[1070.265s][info ][safepoint    ] Entering safepoint region: Cleanup
[1070.265s][info ][safepoint    ] Leaving safepoint region
[1070.265s][info ][safepoint    ] Total time for which application threads were stopped: 0.0001213 seconds, Stopping threads took: 0.0000537 seconds
[1071.265s][info ][safepoint    ] Application time: 1.0000994 seconds
[1071.266s][info ][safepoint    ] Entering safepoint region: Cleanup
[1071.266s][info ][safepoint    ] Leaving safepoint region
[1071.266s][info ][safepoint    ] Total time for which application threads were stopped: 0.0001366 seconds, Stopping threads took: 0.0000595 seconds
[1071.363s][info ][safepoint    ] Application time: 0.0975084 seconds
[1071.363s][info ][safepoint    ] Entering safepoint region: GenCollectForAllocation
[1071.363s][info ][gc,start     ] GC(470) Pause Young (Allocation Failure)
[1071.363s][info ][gc,task      ] GC(470) Using 4 workers of 4 for evacuation
[1071.366s][debug][gc,ref       ] GC(470) Skipped phase1 of Reference Processing due to unavailable references
[1071.366s][debug][gc,ref       ] GC(470) Skipped phase2 of Reference Processing due to unavailable references
[1071.366s][debug][gc,ref       ] GC(470) Skipped phase3 of Reference Processing due to unavailable references
[1071.366s][debug][gc,ref       ] GC(470) Skipped phase4 of Reference Processing due to unavailable references
[1071.366s][debug][gc,age       ] GC(470) Desired survivor size 15368192 bytes, new threshold 6 (max threshold 6)
[1071.366s][info ][gc,heap      ] GC(470) ParNew: 243513K->3108K(270336K)
[1071.366s][info ][gc,heap      ] GC(470) CMS: 545673K->545791K(600768K)
[1071.366s][info ][gc,metaspace ] GC(470) Metaspace: 58469K->58469K(1101824K)
[1071.366s][info ][gc           ] GC(470) Pause Young (Allocation Failure) 770M->536M(850M) 2.965ms
[1071.366s][info ][gc,cpu       ] GC(470) User=0.00s Sys=0.01s Real=0.00s
[1071.366s][info ][safepoint    ] Leaving safepoint region
[1071.366s][info ][safepoint    ] Total time for which application threads were stopped: 0.0031231 seconds, Stopping threads took: 0.0000172 seconds
[1072.366s][info ][safepoint    ] Application time: 1.0000995 seconds
[1072.366s][info ][safepoint    ] Entering safepoint region: Cleanup
[1072.367s][info ][safepoint    ] Leaving safepoint region
[1072.367s][info ][safepoint    ] Total time for which application threads were stopped: 0.0001002 seconds, Stopping threads took: 0.0000382 seconds
[1073.367s][info ][safepoint    ] Application time: 1.0000965 seconds
[1073.367s][info ][safepoint    ] Entering safepoint region: Cleanup
[1073.367s][info ][safepoint    ] Leaving safepoint region
[1073.367s][info ][safepoint    ] Total time for which application threads were stopped: 0.0000869 seconds, Stopping threads took: 0.0000311 seconds
[1074.367s][info ][safepoint    ] Application time: 1.0000925 seconds
[1074.367s][info ][safepoint    ] Entering safepoint region: Cleanup
[1074.367s][info ][safepoint    ] Leaving safepoint region
[1074.367s][info ][safepoint    ] Total time for which application threads were stopped: 0.0000717 seconds, Stopping threads took: 0.0000167 seconds
[1074.615s][info ][safepoint    ] Application time: 0.2476408 seconds
[1074.615s][info ][safepoint    ] Entering safepoint region: GenCollectForAllocation
[1074.615s][info ][gc,start     ] GC(471) Pause Young (Allocation Failure)
[1074.615s][info ][gc,task      ] GC(471) Using 4 workers of 4 for evacuation
[1074.617s][debug][gc,ref       ] GC(471) Skipped phase1 of Reference Processing due to unavailable references
[1074.618s][debug][gc,ref       ] GC(471) Skipped phase2 of Reference Processing due to unavailable references
[1074.618s][debug][gc,ref       ] GC(471) Skipped phase3 of Reference Processing due to unavailable references
[1074.618s][debug][gc,ref       ] GC(471) Skipped phase4 of Reference Processing due to unavailable references
[1074.618s][debug][gc,age       ] GC(471) Desired survivor size 15368192 bytes, new threshold 6 (max threshold 6)
[1074.618s][info ][gc,heap      ] GC(471) ParNew: 243428K->3172K(270336K)
[1074.618s][info ][gc,heap      ] GC(471) CMS: 545791K->545903K(600768K)
[1074.618s][info ][gc,metaspace ] GC(471) Metaspace: 58469K->58469K(1101824K)
[1074.618s][info ][gc           ] GC(471) Pause Young (Allocation Failure) 770M->536M(850M) 2.916ms
[1074.618s][info ][gc,cpu       ] GC(471) User=0.01s Sys=0.00s Real=0.00s
[1074.618s][info ][safepoint    ] Leaving safepoint region
[1074.618s][info ][safepoint    ] Total time for which application threads were stopped: 0.0030715 seconds, Stopping threads took: 0.0000166 seconds
[1075.618s][info ][safepoint    ] Application time: 1.0000933 seconds
[1075.618s][info ][safepoint    ] Entering safepoint region: Cleanup
[1075.618s][info ][safepoint    ] Leaving safepoint region
[1075.618s][info ][safepoint    ] Total time for which application threads were stopped: 0.0000727 seconds, Stopping threads took: 0.0000173 seconds
[1076.618s][info ][safepoint    ] Application time: 1.0001555 seconds
[1076.618s][info ][safepoint    ] Entering safepoint region: Cleanup
[1076.618s][info ][safepoint    ] Leaving safepoint region
[1076.618s][info ][safepoint    ] Total time for which application threads were stopped: 0.0000927 seconds, Stopping threads took: 0.0000178 seconds
[1077.618s][info ][safepoint    ] Application time: 1.0000898 seconds
[1077.618s][info ][safepoint    ] Entering safepoint region: Cleanup
[1077.618s][info ][safepoint    ] Leaving safepoint region
[1077.618s][info ][safepoint    ] Total time for which application threads were stopped: 0.0000758 seconds, Stopping threads took: 0.0000165 seconds
[1077.910s][info ][safepoint    ] Application time: 0.2916499 seconds
[1077.910s][info ][safepoint    ] Entering safepoint region: GenCollectForAllocation
[1077.910s][info ][gc,start     ] GC(472) Pause Young (Allocation Failure)
[1077.910s][info ][gc,task      ] GC(472) Using 4 workers of 4 for evacuation
[1077.914s][debug][gc,ref       ] GC(472) Skipped phase1 of Reference Processing due to unavailable references
[1077.914s][debug][gc,ref       ] GC(472) Skipped phase2 of Reference Processing due to unavailable references
[1077.914s][debug][gc,ref       ] GC(472) Skipped phase3 of Reference Processing due to unavailable references
[1077.914s][debug][gc,ref       ] GC(472) Skipped phase4 of Reference Processing due to unavailable references
[1077.914s][debug][gc,age       ] GC(472) Desired survivor size 15368192 bytes, new threshold 6 (max threshold 6)
[1077.914s][info ][gc,heap      ] GC(472) ParNew: 243492K->2445K(270336K)
[1077.914s][info ][gc,heap      ] GC(472) CMS: 545903K->545960K(600768K)
[1077.914s][info ][gc,metaspace ] GC(472) Metaspace: 58470K->58470K(1101824K)
[1077.914s][info ][gc           ] GC(472) Pause Young (Allocation Failure) 770M->535M(850M) 4.244ms
[1077.914s][info ][gc,cpu       ] GC(472) User=0.01s Sys=0.00s Real=0.00s
[1077.915s][info ][safepoint    ] Leaving safepoint region
[1077.915s][info ][safepoint    ] Total time for which application threads were stopped: 0.0043997 seconds, Stopping threads took: 0.0000170 seconds
[1078.915s][info ][safepoint    ] Application time: 1.0001362 seconds
[1078.915s][info ][safepoint    ] Entering safepoint region: Cleanup
[1078.915s][info ][safepoint    ] Leaving safepoint region
[1078.915s][info ][safepoint    ] Total time for which application threads were stopped: 0.0001167 seconds, Stopping threads took: 0.0000551 seconds
[1079.915s][info ][safepoint    ] Application time: 1.0000907 seconds
[1079.915s][info ][safepoint    ] Entering safepoint region: Cleanup
[1079.915s][info ][safepoint    ] Leaving safepoint region
[1079.915s][info ][safepoint    ] Total time for which application threads were stopped: 0.0001276 seconds, Stopping threads took: 0.0000623 seconds
[1080.867s][info ][safepoint    ] Application time: 0.9514314 seconds
[1080.867s][info ][safepoint    ] Entering safepoint region: GenCollectForAllocation
[1080.867s][info ][gc,start     ] GC(473) Pause Young (Allocation Failure)
[1080.867s][info ][gc,task      ] GC(473) Using 4 workers of 4 for evacuation
[1080.870s][debug][gc,ref       ] GC(473) Skipped phase1 of Reference Processing due to unavailable references
[1080.870s][debug][gc,ref       ] GC(473) Skipped phase2 of Reference Processing due to unavailable references
[1080.870s][debug][gc,ref       ] GC(473) Skipped phase3 of Reference Processing due to unavailable references
[1080.870s][debug][gc,ref       ] GC(473) Skipped phase4 of Reference Processing due to unavailable references
[1080.870s][debug][gc,age       ] GC(473) Desired survivor size 15368192 bytes, new threshold 6 (max threshold 6)
[1080.870s][info ][gc,heap      ] GC(473) ParNew: 242765K->1701K(270336K)
[1080.870s][info ][gc,heap      ] GC(473) CMS: 545960K->547153K(600768K)
[1080.870s][info ][gc,metaspace ] GC(473) Metaspace: 58470K->58470K(1101824K)
[1080.870s][info ][gc           ] GC(473) Pause Young (Allocation Failure) 770M->535M(850M) 3.832ms
[1080.871s][info ][gc,cpu       ] GC(473) User=0.01s Sys=0.00s Real=0.01s
[1080.871s][info ][safepoint    ] Leaving safepoint region
[1080.871s][info ][safepoint    ] Total time for which application threads were stopped: 0.0039981 seconds, Stopping threads took: 0.0000151 seconds
[1081.871s][info ][safepoint    ] Application time: 1.0000941 seconds
[1081.871s][info ][safepoint    ] Entering safepoint region: Cleanup
[1081.871s][info ][safepoint    ] Leaving safepoint region
[1081.871s][info ][safepoint    ] Total time for which application threads were stopped: 0.0000953 seconds, Stopping threads took: 0.0000197 seconds
[1082.871s][info ][safepoint    ] Application time: 1.0000760 seconds
[1082.871s][info ][safepoint    ] Entering safepoint region: Cleanup
[1082.871s][info ][safepoint    ] Leaving safepoint region
[1082.871s][info ][safepoint    ] Total time for which application threads were stopped: 0.0000904 seconds, Stopping threads took: 0.0000159 seconds
[1083.871s][info ][safepoint    ] Application time: 1.0000443 seconds
[1083.871s][info ][safepoint    ] Entering safepoint region: Cleanup
[1083.871s][info ][safepoint    ] Leaving safepoint region
[1083.871s][info ][safepoint    ] Total time for which application threads were stopped: 0.0000721 seconds, Stopping threads took: 0.0000187 seconds
[1084.054s][info ][safepoint    ] Application time: 0.1833424 seconds
[1084.055s][info ][safepoint    ] Entering safepoint region: GenCollectForAllocation
[1084.055s][info ][gc,start     ] GC(474) Pause Young (Allocation Failure)
[1084.055s][info ][gc,task      ] GC(474) Using 4 workers of 4 for evacuation
[1084.057s][debug][gc,ref       ] GC(474) Skipped phase1 of Reference Processing due to unavailable references
[1084.057s][debug][gc,ref       ] GC(474) Skipped phase2 of Reference Processing due to unavailable references
[1084.057s][debug][gc,ref       ] GC(474) Skipped phase3 of Reference Processing due to unavailable references
[1084.057s][debug][gc,ref       ] GC(474) Skipped phase4 of Reference Processing due to unavailable references
[1084.057s][debug][gc,age       ] GC(474) Desired survivor size 15368192 bytes, new threshold 6 (max threshold 6)
[1084.057s][info ][gc,heap      ] GC(474) ParNew: 242021K->1184K(270336K)
[1084.057s][info ][gc,heap      ] GC(474) CMS: 547153K->547376K(600768K)
[1084.057s][info ][gc,metaspace ] GC(474) Metaspace: 58470K->58470K(1101824K)
[1084.057s][info ][gc           ] GC(474) Pause Young (Allocation Failure) 770M->535M(850M) 2.703ms
[1084.057s][info ][gc,cpu       ] GC(474) User=0.01s Sys=0.00s Real=0.00s
[1084.057s][info ][safepoint    ] Leaving safepoint region
[1084.057s][info ][safepoint    ] Total time for which application threads were stopped: 0.0028447 seconds, Stopping threads took: 0.0000173 seconds
[1085.058s][info ][safepoint    ] Application time: 1.0001360 seconds
[1085.058s][info ][safepoint    ] Entering safepoint region: Cleanup
[1085.058s][info ][safepoint    ] Leaving safepoint region
[1085.058s][info ][safepoint    ] Total time for which application threads were stopped: 0.0001060 seconds, Stopping threads took: 0.0000425 seconds
[1086.058s][info ][safepoint    ] Application time: 1.0000966 seconds
[1086.058s][info ][safepoint    ] Entering safepoint region: Cleanup
[1086.058s][info ][safepoint    ] Leaving safepoint region
[1086.058s][info ][safepoint    ] Total time for which application threads were stopped: 0.0001069 seconds, Stopping threads took: 0.0000401 seconds
[1087.058s][info ][safepoint    ] Application time: 1.0001244 seconds
[1087.058s][info ][safepoint    ] Entering safepoint region: Cleanup
[1087.058s][info ][safepoint    ] Leaving safepoint region
[1087.058s][info ][safepoint    ] Total time for which application threads were stopped: 0.0000980 seconds, Stopping threads took: 0.0000378 seconds
[1087.257s][info ][safepoint    ] Application time: 0.1989305 seconds
[1087.257s][info ][safepoint    ] Entering safepoint region: GenCollectForAllocation
[1087.257s][info ][gc,start     ] GC(475) Pause Young (Allocation Failure)
[1087.257s][info ][gc,task      ] GC(475) Using 4 workers of 4 for evacuation
[1087.260s][debug][gc,ref       ] GC(475) Skipped phase1 of Reference Processing due to unavailable references
[1087.260s][debug][gc,ref       ] GC(475) Skipped phase2 of Reference Processing due to unavailable references
[1087.260s][debug][gc,ref       ] GC(475) Skipped phase3 of Reference Processing due to unavailable references
[1087.260s][debug][gc,ref       ] GC(475) Skipped phase4 of Reference Processing due to unavailable references
[1087.260s][debug][gc,age       ] GC(475) Desired survivor size 15368192 bytes, new threshold 6 (max threshold 6)
[1087.260s][info ][gc,heap      ] GC(475) ParNew: 241504K->1247K(270336K)
[1087.260s][info ][gc,heap      ] GC(475) CMS: 547376K->547544K(600768K)
[1087.260s][info ][gc,metaspace ] GC(475) Metaspace: 58470K->58470K(1101824K)
[1087.260s][info ][gc           ] GC(475) Pause Young (Allocation Failure) 770M->535M(850M) 2.599ms
[1087.260s][info ][gc,cpu       ] GC(475) User=0.01s Sys=0.00s Real=0.00s
[1087.260s][info ][safepoint    ] Leaving safepoint region
[1087.260s][info ][safepoint    ] Total time for which application threads were stopped: 0.0027466 seconds, Stopping threads took: 0.0000159 seconds
[1088.260s][info ][safepoint    ] Application time: 1.0001481 seconds
[1088.260s][info ][safepoint    ] Entering safepoint region: Cleanup
[1088.260s][info ][safepoint    ] Leaving safepoint region
[1088.260s][info ][safepoint    ] Total time for which application threads were stopped: 0.0001217 seconds, Stopping threads took: 0.0000516 seconds
[1089.260s][info ][safepoint    ] Application time: 1.0000968 seconds
[1089.260s][info ][safepoint    ] Entering safepoint region: Cleanup
[1089.260s][info ][safepoint    ] Leaving safepoint region
[1089.260s][info ][safepoint    ] Total time for which application threads were stopped: 0.0001592 seconds, Stopping threads took: 0.0000842 seconds
[1090.261s][info ][safepoint    ] Application time: 1.0001020 seconds
[1090.261s][info ][safepoint    ] Entering safepoint region: Cleanup
[1090.261s][info ][safepoint    ] Leaving safepoint region
[1090.261s][info ][safepoint    ] Total time for which application threads were stopped: 0.0001264 seconds, Stopping threads took: 0.0000428 seconds
[1090.459s][info ][safepoint    ] Application time: 0.1979622 seconds
[1090.459s][info ][safepoint    ] Entering safepoint region: GenCollectForAllocation
[1090.459s][info ][gc,start     ] GC(476) Pause Young (Allocation Failure)
[1090.459s][info ][gc,task      ] GC(476) Using 4 workers of 4 for evacuation
[1090.461s][debug][gc,ref       ] GC(476) Skipped phase1 of Reference Processing due to unavailable references
[1090.461s][debug][gc,ref       ] GC(476) Skipped phase2 of Reference Processing due to unavailable references
[1090.461s][debug][gc,ref       ] GC(476) Skipped phase3 of Reference Processing due to unavailable references
[1090.461s][debug][gc,ref       ] GC(476) Skipped phase4 of Reference Processing due to unavailable references
[1090.461s][debug][gc,age       ] GC(476) Desired survivor size 15368192 bytes, new threshold 6 (max threshold 6)
[1090.461s][info ][gc,heap      ] GC(476) ParNew: 241567K->891K(270336K)
[1090.461s][info ][gc,heap      ] GC(476) CMS: 547544K->547653K(600768K)
[1090.461s][info ][gc,metaspace ] GC(476) Metaspace: 58476K->58476K(1101824K)
[1090.461s][info ][gc           ] GC(476) Pause Young (Allocation Failure) 770M->535M(850M) 2.464ms
[1090.461s][info ][gc,cpu       ] GC(476) User=0.01s Sys=0.00s Real=0.00s
[1090.461s][info ][safepoint    ] Leaving safepoint region
[1090.461s][info ][safepoint    ] Total time for which application threads were stopped: 0.0026100 seconds, Stopping threads took: 0.0000169 seconds
[1091.461s][info ][safepoint    ] Application time: 1.0000811 seconds
[1091.462s][info ][safepoint    ] Entering safepoint region: Cleanup
[1091.462s][info ][safepoint    ] Leaving safepoint region
[1091.462s][info ][safepoint    ] Total time for which application threads were stopped: 0.0001419 seconds, Stopping threads took: 0.0000720 seconds
[1092.462s][info ][safepoint    ] Application time: 1.0004019 seconds
[1092.463s][info ][safepoint    ] Entering safepoint region: Cleanup
[1092.463s][info ][safepoint    ] Leaving safepoint region
[1092.463s][info ][safepoint    ] Total time for which application threads were stopped: 0.0007957 seconds, Stopping threads took: 0.0007271 seconds
[1093.463s][info ][safepoint    ] Application time: 1.0001352 seconds
[1093.463s][info ][safepoint    ] Entering safepoint region: Cleanup
[1093.463s][info ][safepoint    ] Leaving safepoint region
[1093.463s][info ][safepoint    ] Total time for which application threads were stopped: 0.0001210 seconds, Stopping threads took: 0.0000522 seconds
[1093.715s][info ][safepoint    ] Application time: 0.2512530 seconds
[1093.715s][info ][safepoint    ] Entering safepoint region: GenCollectForAllocation
[1093.715s][info ][gc,start     ] GC(477) Pause Young (Allocation Failure)
[1093.715s][info ][gc,task      ] GC(477) Using 4 workers of 4 for evacuation
[1093.719s][debug][gc,ref       ] GC(477) Skipped phase1 of Reference Processing due to unavailable references
[1093.719s][debug][gc,ref       ] GC(477) Skipped phase2 of Reference Processing due to unavailable references
[1093.719s][debug][gc,ref       ] GC(477) Skipped phase3 of Reference Processing due to unavailable references
[1093.719s][debug][gc,ref       ] GC(477) Skipped phase4 of Reference Processing due to unavailable references
[1093.719s][debug][gc,age       ] GC(477) Desired survivor size 15368192 bytes, new threshold 6 (max threshold 6)
[1093.719s][info ][gc,heap      ] GC(477) ParNew: 241211K->1249K(270336K)
[1093.719s][info ][gc,heap      ] GC(477) CMS: 547653K->547755K(600768K)
[1093.719s][info ][gc,metaspace ] GC(477) Metaspace: 58476K->58476K(1101824K)
[1093.719s][info ][gc           ] GC(477) Pause Young (Allocation Failure) 770M->536M(850M) 4.115ms
[1093.719s][info ][gc,cpu       ] GC(477) User=0.01s Sys=0.00s Real=0.00s
[1093.719s][info ][safepoint    ] Leaving safepoint region
[1093.719s][info ][safepoint    ] Total time for which application threads were stopped: 0.0042692 seconds, Stopping threads took: 0.0000181 seconds
[1094.720s][info ][safepoint    ] Application time: 1.0001007 seconds
[1094.720s][info ][safepoint    ] Entering safepoint region: Cleanup
[1094.720s][info ][safepoint    ] Leaving safepoint region
[1094.720s][info ][safepoint    ] Total time for which application threads were stopped: 0.0000736 seconds, Stopping threads took: 0.0000178 seconds
[1095.720s][info ][safepoint    ] Application time: 1.0000986 seconds
[1095.720s][info ][safepoint    ] Entering safepoint region: Cleanup
[1095.720s][info ][safepoint    ] Leaving safepoint region
[1095.720s][info ][safepoint    ] Total time for which application threads were stopped: 0.0001451 seconds, Stopping threads took: 0.0000297 seconds
[1096.720s][info ][safepoint    ] Application time: 1.0000909 seconds
[1096.720s][info ][safepoint    ] Entering safepoint region: Cleanup
[1096.720s][info ][safepoint    ] Leaving safepoint region
[1096.720s][info ][safepoint    ] Total time for which application threads were stopped: 0.0000844 seconds, Stopping threads took: 0.0000165 seconds
[1096.962s][info ][safepoint    ] Application time: 0.2414352 seconds
[1096.962s][info ][safepoint    ] Entering safepoint region: GenCollectForAllocation
[1096.962s][info ][gc,start     ] GC(478) Pause Young (Allocation Failure)
[1096.962s][info ][gc,task      ] GC(478) Using 4 workers of 4 for evacuation
[1096.965s][debug][gc,ref       ] GC(478) Skipped phase1 of Reference Processing due to unavailable references
[1096.965s][debug][gc,ref       ] GC(478) Skipped phase2 of Reference Processing due to unavailable references
[1096.965s][debug][gc,ref       ] GC(478) Skipped phase3 of Reference Processing due to unavailable references
[1096.965s][debug][gc,ref       ] GC(478) Skipped phase4 of Reference Processing due to unavailable references
[1096.965s][debug][gc,age       ] GC(478) Desired survivor size 15368192 bytes, new threshold 6 (max threshold 6)
[1096.965s][info ][gc,heap      ] GC(478) ParNew: 241569K->1541K(270336K)
[1096.965s][info ][gc,heap      ] GC(478) CMS: 547755K->547787K(600768K)
[1096.965s][info ][gc,metaspace ] GC(478) Metaspace: 58476K->58476K(1101824K)
[1096.965s][info ][gc           ] GC(478) Pause Young (Allocation Failure) 770M->536M(850M) 2.923ms
[1096.965s][info ][gc,cpu       ] GC(478) User=0.01s Sys=0.00s Real=0.01s
[1096.965s][info ][safepoint    ] Leaving safepoint region
[1096.965s][info ][safepoint    ] Total time for which application threads were stopped: 0.0030977 seconds, Stopping threads took: 0.0000194 seconds
[1097.965s][info ][safepoint    ] Application time: 1.0000985 seconds
[1097.965s][info ][safepoint    ] Entering safepoint region: Cleanup
[1097.965s][info ][safepoint    ] Leaving safepoint region
[1097.965s][info ][safepoint    ] Total time for which application threads were stopped: 0.0001188 seconds, Stopping threads took: 0.0000380 seconds
[1098.965s][info ][safepoint    ] Application time: 1.0000866 seconds
[1098.965s][info ][safepoint    ] Entering safepoint region: Cleanup
[1098.965s][info ][safepoint    ] Leaving safepoint region
[1098.965s][info ][safepoint    ] Total time for which application threads were stopped: 0.0000757 seconds, Stopping threads took: 0.0000173 seconds
[1099.965s][info ][safepoint    ] Application time: 1.0000833 seconds
[1099.965s][info ][safepoint    ] Entering safepoint region: Cleanup
[1099.965s][info ][safepoint    ] Leaving safepoint region
[1099.965s][info ][safepoint    ] Total time for which application threads were stopped: 0.0001031 seconds, Stopping threads took: 0.0000384 seconds
[1100.258s][info ][safepoint    ] Application time: 0.2923635 seconds
[1100.258s][info ][safepoint    ] Entering safepoint region: GenCollectForAllocation
[1100.258s][info ][gc,start     ] GC(479) Pause Young (Allocation Failure)
[1100.258s][info ][gc,task      ] GC(479) Using 4 workers of 4 for evacuation
[1100.261s][debug][gc,ref       ] GC(479) Skipped phase1 of Reference Processing due to unavailable references
[1100.261s][debug][gc,ref       ] GC(479) Skipped phase2 of Reference Processing due to unavailable references
[1100.261s][debug][gc,ref       ] GC(479) Skipped phase3 of Reference Processing due to unavailable references
[1100.261s][debug][gc,ref       ] GC(479) Skipped phase4 of Reference Processing due to unavailable references
[1100.261s][debug][gc,age       ] GC(479) Desired survivor size 15368192 bytes, new threshold 6 (max threshold 6)
[1100.261s][info ][gc,heap      ] GC(479) ParNew: 241861K->1737K(270336K)
[1100.261s][info ][gc,heap      ] GC(479) CMS: 547787K->547836K(600768K)
[1100.261s][info ][gc,metaspace ] GC(479) Metaspace: 58476K->58476K(1101824K)
[1100.261s][info ][gc           ] GC(479) Pause Young (Allocation Failure) 771M->536M(850M) 2.780ms
[1100.261s][info ][gc,cpu       ] GC(479) User=0.01s Sys=0.00s Real=0.00s
[1100.261s][info ][safepoint    ] Leaving safepoint region
[1100.261s][info ][safepoint    ] Total time for which application threads were stopped: 0.0029408 seconds, Stopping threads took: 0.0000147 seconds
[1101.261s][info ][safepoint    ] Application time: 1.0001237 seconds
[1101.261s][info ][safepoint    ] Entering safepoint region: Cleanup
[1101.261s][info ][safepoint    ] Leaving safepoint region
[1101.261s][info ][safepoint    ] Total time for which application threads were stopped: 0.0001230 seconds, Stopping threads took: 0.0000541 seconds
[1102.261s][info ][safepoint    ] Application time: 1.0000989 seconds
[1102.261s][info ][safepoint    ] Entering safepoint region: Cleanup
[1102.261s][info ][safepoint    ] Leaving safepoint region
[1102.261s][info ][safepoint    ] Total time for which application threads were stopped: 0.0001353 seconds, Stopping threads took: 0.0000627 seconds
[1103.261s][info ][safepoint    ] Application time: 1.0000910 seconds
[1103.262s][info ][safepoint    ] Entering safepoint region: Cleanup
[1103.262s][info ][safepoint    ] Leaving safepoint region
[1103.262s][info ][safepoint    ] Total time for which application threads were stopped: 0.0001416 seconds, Stopping threads took: 0.0000581 seconds
[1103.365s][info ][safepoint    ] Application time: 0.1037422 seconds
[1103.365s][info ][safepoint    ] Entering safepoint region: GenCollectForAllocation
[1103.366s][info ][gc,start     ] GC(480) Pause Young (Allocation Failure)
[1103.366s][info ][gc,task      ] GC(480) Using 4 workers of 4 for evacuation
[1103.368s][debug][gc,ref       ] GC(480) Skipped phase1 of Reference Processing due to unavailable references
[1103.369s][debug][gc,ref       ] GC(480) Skipped phase2 of Reference Processing due to unavailable references
[1103.369s][debug][gc,ref       ] GC(480) Skipped phase3 of Reference Processing due to unavailable references
[1103.369s][debug][gc,ref       ] GC(480) Skipped phase4 of Reference Processing due to unavailable references
[1103.369s][debug][gc,age       ] GC(480) Desired survivor size 15368192 bytes, new threshold 6 (max threshold 6)
[1103.369s][info ][gc,heap      ] GC(480) ParNew: 242057K->2962K(270336K)
[1103.369s][info ][gc,heap      ] GC(480) CMS: 547836K->547882K(600768K)
[1103.369s][info ][gc,metaspace ] GC(480) Metaspace: 58477K->58477K(1101824K)
[1103.369s][info ][gc           ] GC(480) Pause Young (Allocation Failure) 771M->537M(850M) 3.130ms
[1103.369s][info ][gc,cpu       ] GC(480) User=0.01s Sys=0.00s Real=0.00s
[1103.369s][info ][safepoint    ] Leaving safepoint region
[1103.369s][info ][safepoint    ] Total time for which application threads were stopped: 0.0032902 seconds, Stopping threads took: 0.0000162 seconds
[1104.369s][info ][safepoint    ] Application time: 1.0001386 seconds
[1104.369s][info ][safepoint    ] Entering safepoint region: Cleanup
[1104.369s][info ][safepoint    ] Leaving safepoint region
[1104.369s][info ][safepoint    ] Total time for which application threads were stopped: 0.0000775 seconds, Stopping threads took: 0.0000166 seconds
[1105.369s][info ][safepoint    ] Application time: 1.0000987 seconds
[1105.369s][info ][safepoint    ] Entering safepoint region: Cleanup
[1105.369s][info ][safepoint    ] Leaving safepoint region
[1105.369s][info ][safepoint    ] Total time for which application threads were stopped: 0.0000882 seconds, Stopping threads took: 0.0000226 seconds
[1106.369s][info ][safepoint    ] Application time: 1.0000911 seconds
[1106.369s][info ][safepoint    ] Entering safepoint region: Cleanup
[1106.369s][info ][safepoint    ] Leaving safepoint region
[1106.369s][info ][safepoint    ] Total time for which application threads were stopped: 0.0000719 seconds, Stopping threads took: 0.0000170 seconds
[1106.610s][info ][safepoint    ] Application time: 0.2407446 seconds
[1106.610s][info ][safepoint    ] Entering safepoint region: GenCollectForAllocation
[1106.610s][info ][gc,start     ] GC(481) Pause Young (Allocation Failure)
[1106.610s][info ][gc,task      ] GC(481) Using 4 workers of 4 for evacuation
[1106.613s][debug][gc,ref       ] GC(481) Skipped phase1 of Reference Processing due to unavailable references
[1106.613s][debug][gc,ref       ] GC(481) Skipped phase2 of Reference Processing due to unavailable references
[1106.613s][debug][gc,ref       ] GC(481) Skipped phase3 of Reference Processing due to unavailable references
[1106.613s][debug][gc,ref       ] GC(481) Skipped phase4 of Reference Processing due to unavailable references
[1106.614s][debug][gc,age       ] GC(481) Desired survivor size 15368192 bytes, new threshold 6 (max threshold 6)
[1106.614s][info ][gc,heap      ] GC(481) ParNew: 243282K->3161K(270336K)
[1106.614s][info ][gc,heap      ] GC(481) CMS: 547882K->547914K(600768K)
[1106.614s][info ][gc,metaspace ] GC(481) Metaspace: 58478K->58478K(1101824K)
[1106.614s][info ][gc           ] GC(481) Pause Young (Allocation Failure) 772M->538M(850M) 3.278ms
[1106.614s][info ][gc,cpu       ] GC(481) User=0.01s Sys=0.00s Real=0.00s
[1106.614s][info ][safepoint    ] Leaving safepoint region
[1106.614s][info ][safepoint    ] Total time for which application threads were stopped: 0.0034331 seconds, Stopping threads took: 0.0000171 seconds
[1107.614s][info ][safepoint    ] Application time: 1.0001051 seconds
[1107.614s][info ][safepoint    ] Entering safepoint region: Cleanup
[1107.614s][info ][safepoint    ] Leaving safepoint region
[1107.614s][info ][safepoint    ] Total time for which application threads were stopped: 0.0001520 seconds, Stopping threads took: 0.0000818 seconds
[1108.614s][info ][safepoint    ] Application time: 1.0000857 seconds
[1108.614s][info ][safepoint    ] Entering safepoint region: Cleanup
[1108.614s][info ][safepoint    ] Leaving safepoint region
[1108.614s][info ][safepoint    ] Total time for which application threads were stopped: 0.0001258 seconds, Stopping threads took: 0.0000556 seconds
[1109.614s][info ][safepoint    ] Application time: 1.0000861 seconds
[1109.614s][info ][safepoint    ] Entering safepoint region: Cleanup
[1109.614s][info ][safepoint    ] Leaving safepoint region
[1109.614s][info ][safepoint    ] Total time for which application threads were stopped: 0.0001275 seconds, Stopping threads took: 0.0000418 seconds
[1109.862s][info ][safepoint    ] Application time: 0.2474542 seconds
[1109.862s][info ][safepoint    ] Entering safepoint region: GenCollectForAllocation
[1109.862s][info ][gc,start     ] GC(482) Pause Young (Allocation Failure)
[1109.862s][info ][gc,task      ] GC(482) Using 4 workers of 4 for evacuation
[1109.867s][debug][gc,ref       ] GC(482) Skipped phase1 of Reference Processing due to unavailable references
[1109.867s][debug][gc,ref       ] GC(482) Skipped phase2 of Reference Processing due to unavailable references
[1109.867s][debug][gc,ref       ] GC(482) Skipped phase3 of Reference Processing due to unavailable references
[1109.867s][debug][gc,ref       ] GC(482) Skipped phase4 of Reference Processing due to unavailable references
[1109.867s][debug][gc,age       ] GC(482) Desired survivor size 15368192 bytes, new threshold 6 (max threshold 6)
[1109.867s][info ][gc,heap      ] GC(482) ParNew: 243481K->3211K(270336K)
[1109.867s][info ][gc,heap      ] GC(482) CMS: 547914K->548173K(600768K)
[1109.867s][info ][gc,metaspace ] GC(482) Metaspace: 58480K->58480K(1101824K)
[1109.867s][info ][gc           ] GC(482) Pause Young (Allocation Failure) 772M->538M(850M) 4.454ms
[1109.867s][info ][gc,cpu       ] GC(482) User=0.01s Sys=0.00s Real=0.00s
[1109.867s][info ][safepoint    ] Leaving safepoint region
[1109.867s][info ][safepoint    ] Total time for which application threads were stopped: 0.0047943 seconds, Stopping threads took: 0.0000177 seconds
[1110.867s][info ][safepoint    ] Application time: 1.0000921 seconds
[1110.867s][info ][safepoint    ] Entering safepoint region: Cleanup
[1110.867s][info ][safepoint    ] Leaving safepoint region
[1110.867s][info ][safepoint    ] Total time for which application threads were stopped: 0.0000687 seconds, Stopping threads took: 0.0000160 seconds
[1111.867s][info ][safepoint    ] Application time: 1.0000908 seconds
[1111.867s][info ][safepoint    ] Entering safepoint region: Cleanup
[1111.867s][info ][safepoint    ] Leaving safepoint region
[1111.867s][info ][safepoint    ] Total time for which application threads were stopped: 0.0000752 seconds, Stopping threads took: 0.0000167 seconds
[1112.867s][info ][safepoint    ] Application time: 1.0000480 seconds
[1112.867s][info ][safepoint    ] Entering safepoint region: Cleanup
[1112.867s][info ][safepoint    ] Leaving safepoint region
[1112.867s][info ][safepoint    ] Total time for which application threads were stopped: 0.0000870 seconds, Stopping threads took: 0.0000171 seconds
[1113.161s][info ][safepoint    ] Application time: 0.2939333 seconds
[1113.161s][info ][safepoint    ] Entering safepoint region: GenCollectForAllocation
[1113.162s][info ][gc,start     ] GC(483) Pause Young (Allocation Failure)
[1113.162s][info ][gc,task      ] GC(483) Using 4 workers of 4 for evacuation
[1113.167s][debug][gc,ref       ] GC(483) Skipped phase1 of Reference Processing due to unavailable references
[1113.167s][debug][gc,ref       ] GC(483) Skipped phase2 of Reference Processing due to unavailable references
[1113.167s][debug][gc,ref       ] GC(483) Skipped phase3 of Reference Processing due to unavailable references
[1113.167s][debug][gc,ref       ] GC(483) Skipped phase4 of Reference Processing due to unavailable references
[1113.167s][debug][gc,age       ] GC(483) Desired survivor size 15368192 bytes, new threshold 6 (max threshold 6)
[1113.167s][info ][gc,heap      ] GC(483) ParNew: 243531K->2738K(270336K)
[1113.167s][info ][gc,heap      ] GC(483) CMS: 548173K->548356K(600768K)
[1113.167s][info ][gc,metaspace ] GC(483) Metaspace: 58480K->58480K(1101824K)
[1113.167s][info ][gc           ] GC(483) Pause Young (Allocation Failure) 773M->538M(850M) 5.798ms
[1113.167s][info ][gc,cpu       ] GC(483) User=0.03s Sys=0.01s Real=0.01s
[1113.167s][info ][safepoint    ] Leaving safepoint region
[1113.167s][info ][safepoint    ] Total time for which application threads were stopped: 0.0060210 seconds, Stopping threads took: 0.0000865 seconds
[1114.167s][info ][safepoint    ] Application time: 1.0001168 seconds
[1114.167s][info ][safepoint    ] Entering safepoint region: Cleanup
[1114.168s][info ][safepoint    ] Leaving safepoint region
[1114.168s][info ][safepoint    ] Total time for which application threads were stopped: 0.0000656 seconds, Stopping threads took: 0.0000150 seconds
[1115.168s][info ][safepoint    ] Application time: 1.0000920 seconds
[1115.168s][info ][safepoint    ] Entering safepoint region: Cleanup
[1115.168s][info ][safepoint    ] Leaving safepoint region
[1115.168s][info ][safepoint    ] Total time for which application threads were stopped: 0.0000933 seconds, Stopping threads took: 0.0000170 seconds
[1116.168s][info ][safepoint    ] Application time: 1.0001182 seconds
[1116.168s][info ][safepoint    ] Entering safepoint region: Cleanup
[1116.168s][info ][safepoint    ] Leaving safepoint region
[1116.168s][info ][safepoint    ] Total time for which application threads were stopped: 0.0000908 seconds, Stopping threads took: 0.0000395 seconds
[1116.366s][info ][safepoint    ] Application time: 0.1978300 seconds
[1116.366s][info ][safepoint    ] Entering safepoint region: GenCollectForAllocation
[1116.366s][info ][gc,start     ] GC(484) Pause Young (Allocation Failure)
[1116.366s][info ][gc,task      ] GC(484) Using 4 workers of 4 for evacuation
[1116.369s][debug][gc,ref       ] GC(484) Skipped phase1 of Reference Processing due to unavailable references
[1116.369s][debug][gc,ref       ] GC(484) Skipped phase2 of Reference Processing due to unavailable references
[1116.369s][debug][gc,ref       ] GC(484) Skipped phase3 of Reference Processing due to unavailable references
[1116.369s][debug][gc,ref       ] GC(484) Skipped phase4 of Reference Processing due to unavailable references
[1116.369s][debug][gc,age       ] GC(484) Desired survivor size 15368192 bytes, new threshold 6 (max threshold 6)
[1116.369s][info ][gc,heap      ] GC(484) ParNew: 243058K->2771K(270336K)
[1116.369s][info ][gc,heap      ] GC(484) CMS: 548356K->548470K(600768K)
[1116.369s][info ][gc,metaspace ] GC(484) Metaspace: 58480K->58480K(1101824K)
[1116.369s][info ][gc           ] GC(484) Pause Young (Allocation Failure) 772M->538M(850M) 2.961ms
[1116.369s][info ][gc,cpu       ] GC(484) User=0.00s Sys=0.01s Real=0.00s
[1116.369s][info ][safepoint    ] Leaving safepoint region
[1116.369s][info ][safepoint    ] Total time for which application threads were stopped: 0.0031605 seconds, Stopping threads took: 0.0000160 seconds
[1117.369s][info ][safepoint    ] Application time: 1.0001074 seconds
[1117.369s][info ][safepoint    ] Entering safepoint region: Cleanup
[1117.369s][info ][safepoint    ] Leaving safepoint region
[1117.369s][info ][safepoint    ] Total time for which application threads were stopped: 0.0000720 seconds, Stopping threads took: 0.0000168 seconds
[1118.369s][info ][safepoint    ] Application time: 1.0000820 seconds
[1118.369s][info ][safepoint    ] Entering safepoint region: Cleanup
[1118.369s][info ][safepoint    ] Leaving safepoint region
[1118.369s][info ][safepoint    ] Total time for which application threads were stopped: 0.0000711 seconds, Stopping threads took: 0.0000159 seconds
[1119.370s][info ][safepoint    ] Application time: 1.0001623 seconds
[1119.370s][info ][safepoint    ] Entering safepoint region: Cleanup
[1119.370s][info ][safepoint    ] Leaving safepoint region
[1119.370s][info ][safepoint    ] Total time for which application threads were stopped: 0.0000718 seconds, Stopping threads took: 0.0000172 seconds
[1119.759s][info ][safepoint    ] Application time: 0.3895935 seconds
[1119.759s][info ][safepoint    ] Entering safepoint region: GenCollectForAllocation
[1119.760s][info ][gc,start     ] GC(485) Pause Young (Allocation Failure)
[1119.760s][info ][gc,task      ] GC(485) Using 4 workers of 4 for evacuation
[1119.763s][debug][gc,ref       ] GC(485) Skipped phase1 of Reference Processing due to unavailable references
[1119.763s][debug][gc,ref       ] GC(485) Skipped phase2 of Reference Processing due to unavailable references
[1119.763s][debug][gc,ref       ] GC(485) Skipped phase3 of Reference Processing due to unavailable references
[1119.763s][debug][gc,ref       ] GC(485) Skipped phase4 of Reference Processing due to unavailable references
[1119.763s][debug][gc,age       ] GC(485) Desired survivor size 15368192 bytes, new threshold 6 (max threshold 6)
[1119.763s][info ][gc,heap      ] GC(485) ParNew: 243091K->2945K(270336K)
[1119.763s][info ][gc,heap      ] GC(485) CMS: 548470K->548710K(600768K)
[1119.763s][info ][gc,metaspace ] GC(485) Metaspace: 58480K->58480K(1101824K)
[1119.763s][info ][gc           ] GC(485) Pause Young (Allocation Failure) 773M->538M(850M) 3.537ms
[1119.763s][info ][gc,cpu       ] GC(485) User=0.01s Sys=0.00s Real=0.01s
[1119.763s][info ][safepoint    ] Leaving safepoint region
[1119.763s][info ][safepoint    ] Total time for which application threads were stopped: 0.0037100 seconds, Stopping threads took: 0.0000164 seconds
[1120.763s][info ][safepoint    ] Application time: 1.0001028 seconds
[1120.763s][info ][safepoint    ] Entering safepoint region: Cleanup
[1120.763s][info ][safepoint    ] Leaving safepoint region
[1120.763s][info ][safepoint    ] Total time for which application threads were stopped: 0.0001179 seconds, Stopping threads took: 0.0000446 seconds
[1121.764s][info ][safepoint    ] Application time: 1.0001253 seconds
[1121.764s][info ][safepoint    ] Entering safepoint region: Cleanup
[1121.764s][info ][safepoint    ] Leaving safepoint region
[1121.764s][info ][safepoint    ] Total time for which application threads were stopped: 0.0001313 seconds, Stopping threads took: 0.0000688 seconds
[1122.764s][info ][safepoint    ] Application time: 1.0000994 seconds
[1122.764s][info ][safepoint    ] Entering safepoint region: Cleanup
[1122.764s][info ][safepoint    ] Leaving safepoint region
[1122.764s][info ][safepoint    ] Total time for which application threads were stopped: 0.0001085 seconds, Stopping threads took: 0.0000413 seconds
[1123.064s][info ][safepoint    ] Application time: 0.2997582 seconds
[1123.064s][info ][safepoint    ] Entering safepoint region: GenCollectForAllocation
[1123.064s][info ][gc,start     ] GC(486) Pause Young (Allocation Failure)
[1123.064s][info ][gc,task      ] GC(486) Using 4 workers of 4 for evacuation
[1123.067s][debug][gc,ref       ] GC(486) Skipped phase1 of Reference Processing due to unavailable references
[1123.067s][debug][gc,ref       ] GC(486) Skipped phase2 of Reference Processing due to unavailable references
[1123.067s][debug][gc,ref       ] GC(486) Skipped phase3 of Reference Processing due to unavailable references
[1123.067s][debug][gc,ref       ] GC(486) Skipped phase4 of Reference Processing due to unavailable references
[1123.067s][debug][gc,age       ] GC(486) Desired survivor size 15368192 bytes, new threshold 6 (max threshold 6)
[1123.067s][info ][gc,heap      ] GC(486) ParNew: 243265K->2378K(270336K)
[1123.067s][info ][gc,heap      ] GC(486) CMS: 548710K->549605K(600768K)
[1123.067s][info ][gc,metaspace ] GC(486) Metaspace: 58482K->58482K(1101824K)
[1123.067s][info ][gc           ] GC(486) Pause Young (Allocation Failure) 773M->539M(850M) 3.435ms
[1123.067s][info ][gc,cpu       ] GC(486) User=0.00s Sys=0.00s Real=0.00s
[1123.067s][info ][safepoint    ] Leaving safepoint region
[1123.067s][info ][safepoint    ] Total time for which application threads were stopped: 0.0035898 seconds, Stopping threads took: 0.0000154 seconds
[1124.067s][info ][safepoint    ] Application time: 1.0001026 seconds
[1124.068s][info ][safepoint    ] Entering safepoint region: Cleanup
[1124.068s][info ][safepoint    ] Leaving safepoint region
[1124.068s][info ][safepoint    ] Total time for which application threads were stopped: 0.0002092 seconds, Stopping threads took: 0.0001424 seconds
[1125.068s][info ][safepoint    ] Application time: 1.0001239 seconds
[1125.068s][info ][safepoint    ] Entering safepoint region: Cleanup
[1125.068s][info ][safepoint    ] Leaving safepoint region
[1125.068s][info ][safepoint    ] Total time for which application threads were stopped: 0.0000776 seconds, Stopping threads took: 0.0000165 seconds
[1125.804s][info ][safepoint    ] Application time: 0.7365968 seconds
[1125.805s][info ][safepoint    ] Entering safepoint region: GenCollectForAllocation
[1125.805s][info ][gc,start     ] GC(487) Pause Young (Allocation Failure)
[1125.805s][info ][gc,task      ] GC(487) Using 4 workers of 4 for evacuation
[1125.808s][debug][gc,ref       ] GC(487) Skipped phase1 of Reference Processing due to unavailable references
[1125.808s][debug][gc,ref       ] GC(487) Skipped phase2 of Reference Processing due to unavailable references
[1125.808s][debug][gc,ref       ] GC(487) Skipped phase3 of Reference Processing due to unavailable references
[1125.808s][debug][gc,ref       ] GC(487) Skipped phase4 of Reference Processing due to unavailable references
[1125.808s][debug][gc,age       ] GC(487) Desired survivor size 15368192 bytes, new threshold 6 (max threshold 6)
[1125.808s][info ][gc,heap      ] GC(487) ParNew: 242698K->2167K(270336K)
[1125.808s][info ][gc,heap      ] GC(487) CMS: 549605K->549626K(600768K)
[1125.808s][info ][gc,metaspace ] GC(487) Metaspace: 58482K->58482K(1101824K)
[1125.808s][info ][gc           ] GC(487) Pause Young (Allocation Failure) 773M->538M(850M) 3.306ms
[1125.808s][info ][gc,cpu       ] GC(487) User=0.01s Sys=0.00s Real=0.00s
[1125.808s][info ][safepoint    ] Leaving safepoint region
[1125.808s][info ][safepoint    ] Total time for which application threads were stopped: 0.0034583 seconds, Stopping threads took: 0.0000163 seconds
[1126.808s][info ][safepoint    ] Application time: 1.0000900 seconds
[1126.808s][info ][safepoint    ] Entering safepoint region: Cleanup
[1126.808s][info ][safepoint    ] Leaving safepoint region
[1126.808s][info ][safepoint    ] Total time for which application threads were stopped: 0.0001352 seconds, Stopping threads took: 0.0000585 seconds
[1127.808s][info ][safepoint    ] Application time: 1.0001007 seconds
[1127.808s][info ][safepoint    ] Entering safepoint region: Cleanup
[1127.808s][info ][safepoint    ] Leaving safepoint region
[1127.809s][info ][safepoint    ] Total time for which application threads were stopped: 0.0001288 seconds, Stopping threads took: 0.0000421 seconds
[1128.616s][info ][safepoint    ] Application time: 0.8076065 seconds
[1128.616s][info ][safepoint    ] Entering safepoint region: GenCollectForAllocation
[1128.616s][info ][gc,start     ] GC(488) Pause Young (Allocation Failure)
[1128.616s][info ][gc,task      ] GC(488) Using 4 workers of 4 for evacuation
[1128.619s][debug][gc,ref       ] GC(488) Skipped phase1 of Reference Processing due to unavailable references
[1128.619s][debug][gc,ref       ] GC(488) Skipped phase2 of Reference Processing due to unavailable references
[1128.619s][debug][gc,ref       ] GC(488) Skipped phase3 of Reference Processing due to unavailable references
[1128.619s][debug][gc,ref       ] GC(488) Skipped phase4 of Reference Processing due to unavailable references
[1128.619s][debug][gc,age       ] GC(488) Desired survivor size 15368192 bytes, new threshold 6 (max threshold 6)
[1128.619s][info ][gc,heap      ] GC(488) ParNew: 242487K->2108K(270336K)
[1128.619s][info ][gc,heap      ] GC(488) CMS: 549626K->549814K(600768K)
[1128.619s][info ][gc,metaspace ] GC(488) Metaspace: 58482K->58482K(1101824K)
[1128.619s][info ][gc           ] GC(488) Pause Young (Allocation Failure) 773M->538M(850M) 2.935ms
[1128.619s][info ][gc,cpu       ] GC(488) User=0.01s Sys=0.00s Real=0.00s
[1128.619s][info ][safepoint    ] Leaving safepoint region
[1128.619s][info ][safepoint    ] Total time for which application threads were stopped: 0.0030938 seconds, Stopping threads took: 0.0000166 seconds
[1129.620s][info ][safepoint    ] Application time: 1.0002683 seconds
[1129.620s][info ][safepoint    ] Entering safepoint region: Cleanup
[1129.620s][info ][safepoint    ] Leaving safepoint region
[1129.620s][info ][safepoint    ] Total time for which application threads were stopped: 0.0001238 seconds, Stopping threads took: 0.0000518 seconds
[1130.620s][info ][safepoint    ] Application time: 1.0000493 seconds
[1130.620s][info ][safepoint    ] Entering safepoint region: Cleanup
[1130.620s][info ][safepoint    ] Leaving safepoint region
[1130.620s][info ][safepoint    ] Total time for which application threads were stopped: 0.0000766 seconds, Stopping threads took: 0.0000167 seconds
[1131.620s][info ][safepoint    ] Application time: 1.0000915 seconds
[1131.620s][info ][safepoint    ] Entering safepoint region: Cleanup
[1131.620s][info ][safepoint    ] Leaving safepoint region
[1131.620s][info ][safepoint    ] Total time for which application threads were stopped: 0.0000843 seconds, Stopping threads took: 0.0000169 seconds
[1131.854s][info ][safepoint    ] Application time: 0.2338752 seconds
[1131.854s][info ][safepoint    ] Entering safepoint region: GenCollectForAllocation
[1131.854s][info ][gc,start     ] GC(489) Pause Young (Allocation Failure)
[1131.854s][info ][gc,task      ] GC(489) Using 4 workers of 4 for evacuation
[1131.857s][debug][gc,ref       ] GC(489) Skipped phase1 of Reference Processing due to unavailable references
[1131.857s][debug][gc,ref       ] GC(489) Skipped phase2 of Reference Processing due to unavailable references
[1131.857s][debug][gc,ref       ] GC(489) Skipped phase3 of Reference Processing due to unavailable references
[1131.857s][debug][gc,ref       ] GC(489) Skipped phase4 of Reference Processing due to unavailable references
[1131.857s][debug][gc,age       ] GC(489) Desired survivor size 15368192 bytes, new threshold 6 (max threshold 6)
[1131.857s][info ][gc,heap      ] GC(489) ParNew: 242428K->2066K(270336K)
[1131.857s][info ][gc,heap      ] GC(489) CMS: 549814K->550351K(600768K)
[1131.857s][info ][gc,metaspace ] GC(489) Metaspace: 58482K->58482K(1101824K)
[1131.857s][info ][gc           ] GC(489) Pause Young (Allocation Failure) 773M->539M(850M) 2.872ms
[1131.857s][info ][gc,cpu       ] GC(489) User=0.01s Sys=0.00s Real=0.00s
[1131.857s][info ][safepoint    ] Leaving safepoint region
[1131.857s][info ][safepoint    ] Total time for which application threads were stopped: 0.0030184 seconds, Stopping threads took: 0.0000168 seconds
[1132.857s][info ][safepoint    ] Application time: 1.0001029 seconds
[1132.857s][info ][safepoint    ] Entering safepoint region: Cleanup
[1132.857s][info ][safepoint    ] Leaving safepoint region
[1132.857s][info ][safepoint    ] Total time for which application threads were stopped: 0.0001007 seconds, Stopping threads took: 0.0000449 seconds
[1133.857s][info ][safepoint    ] Application time: 1.0001229 seconds
[1133.857s][info ][safepoint    ] Entering safepoint region: Cleanup
[1133.858s][info ][safepoint    ] Leaving safepoint region
[1133.858s][info ][safepoint    ] Total time for which application threads were stopped: 0.0001276 seconds, Stopping threads took: 0.0000623 seconds
[1134.858s][info ][safepoint    ] Application time: 1.0000892 seconds
[1134.858s][info ][safepoint    ] Entering safepoint region: Cleanup
[1134.858s][info ][safepoint    ] Leaving safepoint region
[1134.858s][info ][safepoint    ] Total time for which application threads were stopped: 0.0001378 seconds, Stopping threads took: 0.0000623 seconds
[1135.104s][info ][safepoint    ] Application time: 0.2463461 seconds
[1135.104s][info ][safepoint    ] Entering safepoint region: GenCollectForAllocation
[1135.104s][info ][gc,start     ] GC(490) Pause Young (Allocation Failure)
[1135.104s][info ][gc,task      ] GC(490) Using 4 workers of 4 for evacuation
[1135.107s][debug][gc,ref       ] GC(490) Skipped phase1 of Reference Processing due to unavailable references
[1135.107s][debug][gc,ref       ] GC(490) Skipped phase2 of Reference Processing due to unavailable references
[1135.107s][debug][gc,ref       ] GC(490) Skipped phase3 of Reference Processing due to unavailable references
[1135.107s][debug][gc,ref       ] GC(490) Skipped phase4 of Reference Processing due to unavailable references
[1135.107s][debug][gc,age       ] GC(490) Desired survivor size 15368192 bytes, new threshold 6 (max threshold 6)
[1135.107s][info ][gc,heap      ] GC(490) ParNew: 242386K->1733K(270336K)
[1135.107s][info ][gc,heap      ] GC(490) CMS: 550351K->550423K(600768K)
[1135.107s][info ][gc,metaspace ] GC(490) Metaspace: 58482K->58482K(1101824K)
[1135.107s][info ][gc           ] GC(490) Pause Young (Allocation Failure) 774M->539M(850M) 2.568ms
[1135.107s][info ][gc,cpu       ] GC(490) User=0.01s Sys=0.00s Real=0.00s
[1135.107s][info ][safepoint    ] Leaving safepoint region
[1135.107s][info ][safepoint    ] Total time for which application threads were stopped: 0.0027300 seconds, Stopping threads took: 0.0000413 seconds
[1136.107s][info ][safepoint    ] Application time: 1.0001004 seconds
[1136.107s][info ][safepoint    ] Entering safepoint region: Cleanup
[1136.107s][info ][safepoint    ] Leaving safepoint region
[1136.107s][info ][safepoint    ] Total time for which application threads were stopped: 0.0001278 seconds, Stopping threads took: 0.0000698 seconds
[1137.107s][info ][safepoint    ] Application time: 1.0000897 seconds
[1137.107s][info ][safepoint    ] Entering safepoint region: Cleanup
[1137.107s][info ][safepoint    ] Leaving safepoint region
[1137.107s][info ][safepoint    ] Total time for which application threads were stopped: 0.0001608 seconds, Stopping threads took: 0.0000938 seconds
[1138.108s][info ][safepoint    ] Application time: 1.0000883 seconds
[1138.108s][info ][safepoint    ] Entering safepoint region: Cleanup
[1138.108s][info ][safepoint    ] Leaving safepoint region
[1138.108s][info ][safepoint    ] Total time for which application threads were stopped: 0.0001053 seconds, Stopping threads took: 0.0000402 seconds
[1138.314s][info ][safepoint    ] Application time: 0.2063615 seconds
[1138.314s][info ][safepoint    ] Entering safepoint region: GenCollectForAllocation
[1138.314s][info ][gc,start     ] GC(491) Pause Young (Allocation Failure)
[1138.314s][info ][gc,task      ] GC(491) Using 4 workers of 4 for evacuation
[1138.317s][debug][gc,ref       ] GC(491) Skipped phase1 of Reference Processing due to unavailable references
[1138.317s][debug][gc,ref       ] GC(491) Skipped phase2 of Reference Processing due to unavailable references
[1138.317s][debug][gc,ref       ] GC(491) Skipped phase3 of Reference Processing due to unavailable references
[1138.317s][debug][gc,ref       ] GC(491) Skipped phase4 of Reference Processing due to unavailable references
[1138.317s][debug][gc,age       ] GC(491) Desired survivor size 15368192 bytes, new threshold 6 (max threshold 6)
[1138.317s][info ][gc,heap      ] GC(491) ParNew: 242053K->1740K(270336K)
[1138.317s][info ][gc,heap      ] GC(491) CMS: 550423K->550439K(600768K)
[1138.317s][info ][gc,metaspace ] GC(491) Metaspace: 58482K->58482K(1101824K)
[1138.317s][info ][gc           ] GC(491) Pause Young (Allocation Failure) 773M->539M(850M) 2.460ms
[1138.317s][info ][gc,cpu       ] GC(491) User=0.00s Sys=0.00s Real=0.00s
[1138.317s][info ][safepoint    ] Leaving safepoint region
[1138.317s][info ][safepoint    ] Total time for which application threads were stopped: 0.0026126 seconds, Stopping threads took: 0.0000159 seconds
[1139.317s][info ][safepoint    ] Application time: 1.0000951 seconds
[1139.317s][info ][safepoint    ] Entering safepoint region: Cleanup
[1139.317s][info ][safepoint    ] Leaving safepoint region
[1139.317s][info ][safepoint    ] Total time for which application threads were stopped: 0.0000668 seconds, Stopping threads took: 0.0000145 seconds
[1140.317s][info ][safepoint    ] Application time: 1.0000834 seconds
[1140.317s][info ][safepoint    ] Entering safepoint region: Cleanup
[1140.317s][info ][safepoint    ] Leaving safepoint region
[1140.317s][info ][safepoint    ] Total time for which application threads were stopped: 0.0000817 seconds, Stopping threads took: 0.0000153 seconds
[1141.317s][info ][safepoint    ] Application time: 1.0000921 seconds
[1141.317s][info ][safepoint    ] Entering safepoint region: Cleanup
[1141.317s][info ][safepoint    ] Leaving safepoint region
[1141.317s][info ][safepoint    ] Total time for which application threads were stopped: 0.0000713 seconds, Stopping threads took: 0.0000151 seconds
[1141.555s][info ][safepoint    ] Application time: 0.2377212 seconds
[1141.555s][info ][safepoint    ] Entering safepoint region: GenCollectForAllocation
[1141.555s][info ][gc,start     ] GC(492) Pause Young (Allocation Failure)
[1141.555s][info ][gc,task      ] GC(492) Using 4 workers of 4 for evacuation
[1141.558s][debug][gc,ref       ] GC(492) Skipped phase1 of Reference Processing due to unavailable references
[1141.558s][debug][gc,ref       ] GC(492) Skipped phase2 of Reference Processing due to unavailable references
[1141.558s][debug][gc,ref       ] GC(492) Skipped phase3 of Reference Processing due to unavailable references
[1141.558s][debug][gc,ref       ] GC(492) Skipped phase4 of Reference Processing due to unavailable references
[1141.558s][debug][gc,age       ] GC(492) Desired survivor size 15368192 bytes, new threshold 6 (max threshold 6)
[1141.558s][info ][gc,heap      ] GC(492) ParNew: 242060K->1888K(270336K)
[1141.558s][info ][gc,heap      ] GC(492) CMS: 550439K->550536K(600768K)
[1141.558s][info ][gc,metaspace ] GC(492) Metaspace: 58482K->58482K(1101824K)
[1141.558s][info ][gc           ] GC(492) Pause Young (Allocation Failure) 773M->539M(850M) 2.542ms
[1141.558s][info ][gc,cpu       ] GC(492) User=0.01s Sys=0.01s Real=0.00s
[1141.558s][info ][safepoint    ] Leaving safepoint region
[1141.558s][info ][safepoint    ] Total time for which application threads were stopped: 0.0027062 seconds, Stopping threads took: 0.0000399 seconds
[1142.558s][info ][safepoint    ] Application time: 1.0001046 seconds
[1142.558s][info ][safepoint    ] Entering safepoint region: Cleanup
[1142.558s][info ][safepoint    ] Leaving safepoint region
[1142.558s][info ][safepoint    ] Total time for which application threads were stopped: 0.0001384 seconds, Stopping threads took: 0.0000524 seconds
[1143.558s][info ][safepoint    ] Application time: 1.0000853 seconds
[1143.558s][info ][safepoint    ] Entering safepoint region: Cleanup
[1143.558s][info ][safepoint    ] Leaving safepoint region
[1143.558s][info ][safepoint    ] Total time for which application threads were stopped: 0.0001400 seconds, Stopping threads took: 0.0000674 seconds
[1144.558s][info ][safepoint    ] Application time: 1.0000943 seconds
[1144.559s][info ][safepoint    ] Entering safepoint region: Cleanup
[1144.559s][info ][safepoint    ] Leaving safepoint region
[1144.559s][info ][safepoint    ] Total time for which application threads were stopped: 0.0001306 seconds, Stopping threads took: 0.0000662 seconds
[1144.655s][info ][safepoint    ] Application time: 0.0966549 seconds
[1144.655s][info ][safepoint    ] Entering safepoint region: GenCollectForAllocation
[1144.655s][info ][gc,start     ] GC(493) Pause Young (Allocation Failure)
[1144.655s][info ][gc,task      ] GC(493) Using 4 workers of 4 for evacuation
[1144.658s][debug][gc,ref       ] GC(493) Skipped phase1 of Reference Processing due to unavailable references
[1144.658s][debug][gc,ref       ] GC(493) Skipped phase2 of Reference Processing due to unavailable references
[1144.658s][debug][gc,ref       ] GC(493) Skipped phase3 of Reference Processing due to unavailable references
[1144.658s][debug][gc,ref       ] GC(493) Skipped phase4 of Reference Processing due to unavailable references
[1144.658s][debug][gc,age       ] GC(493) Desired survivor size 15368192 bytes, new threshold 6 (max threshold 6)
[1144.658s][info ][gc,heap      ] GC(493) ParNew: 242208K->1619K(270336K)
[1144.658s][info ][gc,heap      ] GC(493) CMS: 550536K->550646K(600768K)
[1144.658s][info ][gc,metaspace ] GC(493) Metaspace: 58482K->58482K(1101824K)
[1144.658s][info ][gc           ] GC(493) Pause Young (Allocation Failure) 774M->539M(850M) 2.485ms
[1144.658s][info ][gc,cpu       ] GC(493) User=0.01s Sys=0.00s Real=0.00s
[1144.658s][info ][safepoint    ] Leaving safepoint region
[1144.658s][info ][safepoint    ] Total time for which application threads were stopped: 0.0026717 seconds, Stopping threads took: 0.0000627 seconds
[1145.658s][info ][safepoint    ] Application time: 1.0001674 seconds
[1145.658s][info ][safepoint    ] Entering safepoint region: Cleanup
[1145.658s][info ][safepoint    ] Leaving safepoint region
[1145.658s][info ][safepoint    ] Total time for which application threads were stopped: 0.0001089 seconds, Stopping threads took: 0.0000468 seconds
[1146.659s][info ][safepoint    ] Application time: 1.0001015 seconds
[1146.659s][info ][safepoint    ] Entering safepoint region: Cleanup
[1146.659s][info ][safepoint    ] Leaving safepoint region
[1146.659s][info ][safepoint    ] Total time for which application threads were stopped: 0.0001326 seconds, Stopping threads took: 0.0000405 seconds
[1147.659s][info ][safepoint    ] Application time: 1.0000841 seconds
[1147.659s][info ][safepoint    ] Entering safepoint region: Cleanup
[1147.659s][info ][safepoint    ] Leaving safepoint region
[1147.659s][info ][safepoint    ] Total time for which application threads were stopped: 0.0001392 seconds, Stopping threads took: 0.0000756 seconds
[1147.871s][info ][safepoint    ] Application time: 0.2119376 seconds
[1147.871s][info ][safepoint    ] Entering safepoint region: GenCollectForAllocation
[1147.871s][info ][gc,start     ] GC(494) Pause Young (Allocation Failure)
[1147.871s][info ][gc,task      ] GC(494) Using 4 workers of 4 for evacuation
[1147.874s][debug][gc,ref       ] GC(494) Skipped phase1 of Reference Processing due to unavailable references
[1147.874s][debug][gc,ref       ] GC(494) Skipped phase2 of Reference Processing due to unavailable references
[1147.874s][debug][gc,ref       ] GC(494) Skipped phase3 of Reference Processing due to unavailable references
[1147.874s][debug][gc,ref       ] GC(494) Skipped phase4 of Reference Processing due to unavailable references
[1147.874s][debug][gc,age       ] GC(494) Desired survivor size 15368192 bytes, new threshold 6 (max threshold 6)
[1147.874s][info ][gc,heap      ] GC(494) ParNew: 241939K->1819K(270336K)
[1147.874s][info ][gc,heap      ] GC(494) CMS: 550646K->550730K(600768K)
[1147.874s][info ][gc,metaspace ] GC(494) Metaspace: 58482K->58482K(1101824K)
[1147.874s][info ][gc           ] GC(494) Pause Young (Allocation Failure) 774M->539M(850M) 3.203ms
[1147.874s][info ][gc,cpu       ] GC(494) User=0.01s Sys=0.00s Real=0.00s
[1147.874s][info ][safepoint    ] Leaving safepoint region
[1147.874s][info ][safepoint    ] Total time for which application threads were stopped: 0.0034710 seconds, Stopping threads took: 0.0000394 seconds
[1148.875s][info ][safepoint    ] Application time: 1.0000890 seconds
[1148.875s][info ][safepoint    ] Entering safepoint region: Cleanup
[1148.875s][info ][safepoint    ] Leaving safepoint region
[1148.875s][info ][safepoint    ] Total time for which application threads were stopped: 0.0000742 seconds, Stopping threads took: 0.0000172 seconds
[1149.875s][info ][safepoint    ] Application time: 1.0000920 seconds
[1149.875s][info ][safepoint    ] Entering safepoint region: Cleanup
[1149.875s][info ][safepoint    ] Leaving safepoint region
[1149.875s][info ][safepoint    ] Total time for which application threads were stopped: 0.0000880 seconds, Stopping threads took: 0.0000163 seconds
[1150.875s][info ][safepoint    ] Application time: 1.0000840 seconds
[1150.875s][info ][safepoint    ] Entering safepoint region: Cleanup
[1150.875s][info ][safepoint    ] Leaving safepoint region
[1150.875s][info ][safepoint    ] Total time for which application threads were stopped: 0.0001069 seconds, Stopping threads took: 0.0000175 seconds
[1151.008s][info ][safepoint    ] Application time: 0.1331177 seconds
[1151.008s][info ][safepoint    ] Entering safepoint region: GenCollectForAllocation
[1151.008s][info ][gc,start     ] GC(495) Pause Young (Allocation Failure)
[1151.008s][info ][gc,task      ] GC(495) Using 4 workers of 4 for evacuation
[1151.011s][debug][gc,ref       ] GC(495) Skipped phase1 of Reference Processing due to unavailable references
[1151.011s][debug][gc,ref       ] GC(495) Skipped phase2 of Reference Processing due to unavailable references
[1151.011s][debug][gc,ref       ] GC(495) Skipped phase3 of Reference Processing due to unavailable references
[1151.011s][debug][gc,ref       ] GC(495) Skipped phase4 of Reference Processing due to unavailable references
[1151.011s][debug][gc,age       ] GC(495) Desired survivor size 15368192 bytes, new threshold 6 (max threshold 6)
[1151.011s][info ][gc,heap      ] GC(495) ParNew: 242139K->1810K(270336K)
[1151.011s][info ][gc,heap      ] GC(495) CMS: 550730K->550917K(600768K)
[1151.011s][info ][gc,metaspace ] GC(495) Metaspace: 58482K->58482K(1101824K)
[1151.011s][info ][gc           ] GC(495) Pause Young (Allocation Failure) 774M->539M(850M) 2.751ms
[1151.011s][info ][gc,cpu       ] GC(495) User=0.00s Sys=0.00s Real=0.01s
[1151.011s][info ][safepoint    ] Leaving safepoint region
[1151.011s][info ][safepoint    ] Total time for which application threads were stopped: 0.0029176 seconds, Stopping threads took: 0.0000173 seconds
[1152.015s][info ][safepoint    ] Application time: 1.0039227 seconds
[1152.015s][info ][safepoint    ] Entering safepoint region: Cleanup
[1152.015s][info ][safepoint    ] Leaving safepoint region
[1152.015s][info ][safepoint    ] Total time for which application threads were stopped: 0.0000881 seconds, Stopping threads took: 0.0000310 seconds
[1153.015s][info ][safepoint    ] Application time: 1.0000919 seconds
[1153.015s][info ][safepoint    ] Entering safepoint region: Cleanup
[1153.016s][info ][safepoint    ] Leaving safepoint region
[1153.016s][info ][safepoint    ] Total time for which application threads were stopped: 0.0001523 seconds, Stopping threads took: 0.0000789 seconds
[1154.016s][info ][safepoint    ] Application time: 1.0001021 seconds
[1154.016s][info ][safepoint    ] Entering safepoint region: Cleanup
[1154.016s][info ][safepoint    ] Leaving safepoint region
[1154.016s][info ][safepoint    ] Total time for which application threads were stopped: 0.0001527 seconds, Stopping threads took: 0.0000408 seconds
[1154.165s][info ][safepoint    ] Application time: 0.1489239 seconds
[1154.165s][info ][safepoint    ] Entering safepoint region: GenCollectForAllocation
[1154.165s][info ][gc,start     ] GC(496) Pause Young (Allocation Failure)
[1154.165s][info ][gc,task      ] GC(496) Using 4 workers of 4 for evacuation
[1154.167s][debug][gc,ref       ] GC(496) Skipped phase1 of Reference Processing due to unavailable references
[1154.167s][debug][gc,ref       ] GC(496) Skipped phase2 of Reference Processing due to unavailable references
[1154.167s][debug][gc,ref       ] GC(496) Skipped phase3 of Reference Processing due to unavailable references
[1154.167s][debug][gc,ref       ] GC(496) Skipped phase4 of Reference Processing due to unavailable references
[1154.167s][debug][gc,age       ] GC(496) Desired survivor size 15368192 bytes, new threshold 6 (max threshold 6)
[1154.167s][info ][gc,heap      ] GC(496) ParNew: 242130K->1651K(270336K)
[1154.167s][info ][gc,heap      ] GC(496) CMS: 550917K->551009K(600768K)
[1154.167s][info ][gc,metaspace ] GC(496) Metaspace: 58482K->58482K(1101824K)
[1154.168s][info ][gc           ] GC(496) Pause Young (Allocation Failure) 774M->539M(850M) 2.616ms
[1154.168s][info ][gc,cpu       ] GC(496) User=0.01s Sys=0.00s Real=0.00s
[1154.168s][info ][safepoint    ] Leaving safepoint region
[1154.168s][info ][safepoint    ] Total time for which application threads were stopped: 0.0027730 seconds, Stopping threads took: 0.0000163 seconds
[1155.168s][info ][safepoint    ] Application time: 1.0000993 seconds
[1155.168s][info ][safepoint    ] Entering safepoint region: Cleanup
[1155.168s][info ][safepoint    ] Leaving safepoint region
[1155.168s][info ][safepoint    ] Total time for which application threads were stopped: 0.0001075 seconds, Stopping threads took: 0.0000408 seconds
[1156.168s][info ][safepoint    ] Application time: 1.0003454 seconds
[1156.168s][info ][safepoint    ] Entering safepoint region: Cleanup
[1156.169s][info ][safepoint    ] Leaving safepoint region
[1156.169s][info ][safepoint    ] Total time for which application threads were stopped: 0.0003332 seconds, Stopping threads took: 0.0000706 seconds
[1157.169s][info ][safepoint    ] Application time: 1.0001863 seconds
[1157.169s][info ][safepoint    ] Entering safepoint region: Cleanup
[1157.169s][info ][safepoint    ] Leaving safepoint region
[1157.169s][info ][safepoint    ] Total time for which application threads were stopped: 0.0000680 seconds, Stopping threads took: 0.0000149 seconds
[1157.415s][info ][safepoint    ] Application time: 0.2458568 seconds
[1157.415s][info ][safepoint    ] Entering safepoint region: GenCollectForAllocation
[1157.415s][info ][gc,start     ] GC(497) Pause Young (Allocation Failure)
[1157.415s][info ][gc,task      ] GC(497) Using 4 workers of 4 for evacuation
[1157.417s][debug][gc,ref       ] GC(497) Skipped phase1 of Reference Processing due to unavailable references
[1157.417s][debug][gc,ref       ] GC(497) Skipped phase2 of Reference Processing due to unavailable references
[1157.417s][debug][gc,ref       ] GC(497) Skipped phase3 of Reference Processing due to unavailable references
[1157.417s][debug][gc,ref       ] GC(497) Skipped phase4 of Reference Processing due to unavailable references
[1157.417s][debug][gc,age       ] GC(497) Desired survivor size 15368192 bytes, new threshold 6 (max threshold 6)
[1157.417s][info ][gc,heap      ] GC(497) ParNew: 241971K->1587K(270336K)
[1157.417s][info ][gc,heap      ] GC(497) CMS: 551009K->551030K(600768K)
[1157.417s][info ][gc,metaspace ] GC(497) Metaspace: 58482K->58482K(1101824K)
[1157.417s][info ][gc           ] GC(497) Pause Young (Allocation Failure) 774M->539M(850M) 2.348ms
[1157.417s][info ][gc,cpu       ] GC(497) User=0.01s Sys=0.01s Real=0.00s
[1157.417s][info ][safepoint    ] Leaving safepoint region
[1157.417s][info ][safepoint    ] Total time for which application threads were stopped: 0.0024966 seconds, Stopping threads took: 0.0000149 seconds
[1158.417s][info ][safepoint    ] Application time: 1.0001047 seconds
[1158.418s][info ][safepoint    ] Entering safepoint region: Cleanup
[1158.418s][info ][safepoint    ] Leaving safepoint region
[1158.418s][info ][safepoint    ] Total time for which application threads were stopped: 0.0000830 seconds, Stopping threads took: 0.0000283 seconds
[1159.418s][info ][safepoint    ] Application time: 1.0000930 seconds
[1159.418s][info ][safepoint    ] Entering safepoint region: Cleanup
[1159.418s][info ][safepoint    ] Leaving safepoint region
[1159.418s][info ][safepoint    ] Total time for which application threads were stopped: 0.0000876 seconds, Stopping threads took: 0.0000292 seconds
[1160.418s][info ][safepoint    ] Application time: 1.0000870 seconds
[1160.418s][info ][safepoint    ] Entering safepoint region: Cleanup
[1160.418s][info ][safepoint    ] Leaving safepoint region
[1160.418s][info ][safepoint    ] Total time for which application threads were stopped: 0.0000938 seconds, Stopping threads took: 0.0000183 seconds
[1160.763s][info ][safepoint    ] Application time: 0.3450227 seconds
[1160.763s][info ][safepoint    ] Entering safepoint region: GenCollectForAllocation
[1160.763s][info ][gc,start     ] GC(498) Pause Young (Allocation Failure)
[1160.763s][info ][gc,task      ] GC(498) Using 4 workers of 4 for evacuation
[1160.766s][debug][gc,ref       ] GC(498) Skipped phase1 of Reference Processing due to unavailable references
[1160.766s][debug][gc,ref       ] GC(498) Skipped phase2 of Reference Processing due to unavailable references
[1160.766s][debug][gc,ref       ] GC(498) Skipped phase3 of Reference Processing due to unavailable references
[1160.766s][debug][gc,ref       ] GC(498) Skipped phase4 of Reference Processing due to unavailable references
[1160.766s][debug][gc,age       ] GC(498) Desired survivor size 15368192 bytes, new threshold 6 (max threshold 6)
[1160.766s][info ][gc,heap      ] GC(498) ParNew: 241907K->1064K(270336K)
[1160.766s][info ][gc,heap      ] GC(498) CMS: 551030K->551588K(600768K)
[1160.766s][info ][gc,metaspace ] GC(498) Metaspace: 58482K->58482K(1101824K)
[1160.766s][info ][gc           ] GC(498) Pause Young (Allocation Failure) 774M->539M(850M) 3.022ms
[1160.766s][info ][gc,cpu       ] GC(498) User=0.00s Sys=0.01s Real=0.00s
[1160.766s][info ][safepoint    ] Leaving safepoint region
[1160.766s][info ][safepoint    ] Total time for which application threads were stopped: 0.0031631 seconds, Stopping threads took: 0.0000152 seconds
[1161.766s][info ][safepoint    ] Application time: 1.0000999 seconds
[1161.766s][info ][safepoint    ] Entering safepoint region: Cleanup
[1161.766s][info ][safepoint    ] Leaving safepoint region
[1161.766s][info ][safepoint    ] Total time for which application threads were stopped: 0.0000698 seconds, Stopping threads took: 0.0000158 seconds
[1162.767s][info ][safepoint    ] Application time: 1.0000904 seconds
[1162.767s][info ][safepoint    ] Entering safepoint region: Cleanup
[1162.767s][info ][safepoint    ] Leaving safepoint region
[1162.767s][info ][safepoint    ] Total time for which application threads were stopped: 0.0001230 seconds, Stopping threads took: 0.0000600 seconds
[1163.767s][info ][safepoint    ] Application time: 1.0000894 seconds
[1163.767s][info ][safepoint    ] Entering safepoint region: Cleanup
[1163.767s][info ][safepoint    ] Leaving safepoint region
[1163.767s][info ][safepoint    ] Total time for which application threads were stopped: 0.0000828 seconds, Stopping threads took: 0.0000170 seconds
[1163.954s][info ][safepoint    ] Application time: 0.1866563 seconds
[1163.954s][info ][safepoint    ] Entering safepoint region: GenCollectForAllocation
[1163.954s][info ][gc,start     ] GC(499) Pause Young (Allocation Failure)
[1163.954s][info ][gc,task      ] GC(499) Using 4 workers of 4 for evacuation
[1163.956s][debug][gc,ref       ] GC(499) Skipped phase1 of Reference Processing due to unavailable references
[1163.956s][debug][gc,ref       ] GC(499) Skipped phase2 of Reference Processing due to unavailable references
[1163.956s][debug][gc,ref       ] GC(499) Skipped phase3 of Reference Processing due to unavailable references
[1163.956s][debug][gc,ref       ] GC(499) Skipped phase4 of Reference Processing due to unavailable references
[1163.956s][debug][gc,age       ] GC(499) Desired survivor size 15368192 bytes, new threshold 6 (max threshold 6)
[1163.956s][info ][gc,heap      ] GC(499) ParNew: 241384K->847K(270336K)
[1163.956s][info ][gc,heap      ] GC(499) CMS: 551588K->551602K(600768K)
[1163.956s][info ][gc,metaspace ] GC(499) Metaspace: 58482K->58482K(1101824K)
[1163.956s][info ][gc           ] GC(499) Pause Young (Allocation Failure) 774M->539M(850M) 2.323ms
[1163.956s][info ][gc,cpu       ] GC(499) User=0.01s Sys=0.00s Real=0.00s
[1163.956s][info ][safepoint    ] Leaving safepoint region
[1163.956s][info ][safepoint    ] Total time for which application threads were stopped: 0.0024788 seconds, Stopping threads took: 0.0000164 seconds
[1164.956s][info ][safepoint    ] Application time: 1.0001109 seconds
[1164.956s][info ][safepoint    ] Entering safepoint region: Cleanup
[1164.956s][info ][safepoint    ] Leaving safepoint region
[1164.956s][info ][safepoint    ] Total time for which application threads were stopped: 0.0001182 seconds, Stopping threads took: 0.0000421 seconds
[1165.957s][info ][safepoint    ] Application time: 1.0002581 seconds
[1165.957s][info ][safepoint    ] Entering safepoint region: Cleanup
[1165.957s][info ][safepoint    ] Leaving safepoint region
[1165.957s][info ][safepoint    ] Total time for which application threads were stopped: 0.0001133 seconds, Stopping threads took: 0.0000536 seconds
[1166.957s][info ][safepoint    ] Application time: 1.0000959 seconds
[1166.957s][info ][safepoint    ] Entering safepoint region: Cleanup
[1166.957s][info ][safepoint    ] Leaving safepoint region
[1166.957s][info ][safepoint    ] Total time for which application threads were stopped: 0.0001115 seconds, Stopping threads took: 0.0000463 seconds
[1167.066s][info ][safepoint    ] Application time: 0.1090688 seconds
[1167.066s][info ][safepoint    ] Entering safepoint region: GenCollectForAllocation
[1167.066s][info ][gc,start     ] GC(500) Pause Young (Allocation Failure)
[1167.066s][info ][gc,task      ] GC(500) Using 4 workers of 4 for evacuation
[1167.068s][debug][gc,ref       ] GC(500) Skipped phase1 of Reference Processing due to unavailable references
[1167.068s][debug][gc,ref       ] GC(500) Skipped phase2 of Reference Processing due to unavailable references
[1167.068s][debug][gc,ref       ] GC(500) Skipped phase3 of Reference Processing due to unavailable references
[1167.068s][debug][gc,ref       ] GC(500) Skipped phase4 of Reference Processing due to unavailable references
[1167.069s][debug][gc,age       ] GC(500) Desired survivor size 15368192 bytes, new threshold 6 (max threshold 6)
[1167.069s][info ][gc,heap      ] GC(500) ParNew: 241167K->1029K(270336K)
[1167.069s][info ][gc,heap      ] GC(500) CMS: 551602K->551709K(600768K)
[1167.069s][info ][gc,metaspace ] GC(500) Metaspace: 58482K->58482K(1101824K)
[1167.069s][info ][gc           ] GC(500) Pause Young (Allocation Failure) 774M->539M(850M) 2.407ms
[1167.069s][info ][gc,cpu       ] GC(500) User=0.01s Sys=0.00s Real=0.00s
[1167.069s][info ][safepoint    ] Leaving safepoint region
[1167.069s][info ][safepoint    ] Total time for which application threads were stopped: 0.0025453 seconds, Stopping threads took: 0.0000159 seconds
[1168.069s][info ][safepoint    ] Application time: 1.0000944 seconds
[1168.069s][info ][safepoint    ] Entering safepoint region: Cleanup
[1168.069s][info ][safepoint    ] Leaving safepoint region
[1168.069s][info ][safepoint    ] Total time for which application threads were stopped: 0.0000728 seconds, Stopping threads took: 0.0000165 seconds
[1169.069s][info ][safepoint    ] Application time: 1.0000815 seconds
[1169.069s][info ][safepoint    ] Entering safepoint region: Cleanup
[1169.069s][info ][safepoint    ] Leaving safepoint region
[1169.069s][info ][safepoint    ] Total time for which application threads were stopped: 0.0000735 seconds, Stopping threads took: 0.0000170 seconds
[1170.069s][info ][safepoint    ] Application time: 1.0000889 seconds
[1170.069s][info ][safepoint    ] Entering safepoint region: Cleanup
[1170.069s][info ][safepoint    ] Leaving safepoint region
[1170.069s][info ][safepoint    ] Total time for which application threads were stopped: 0.0000917 seconds, Stopping threads took: 0.0000304 seconds
[1170.411s][info ][safepoint    ] Application time: 0.3417882 seconds
[1170.411s][info ][safepoint    ] Entering safepoint region: GenCollectForAllocation
[1170.411s][info ][gc,start     ] GC(501) Pause Young (Allocation Failure)
[1170.411s][info ][gc,task      ] GC(501) Using 4 workers of 4 for evacuation
[1170.414s][debug][gc,ref       ] GC(501) Skipped phase1 of Reference Processing due to unavailable references
[1170.414s][debug][gc,ref       ] GC(501) Skipped phase2 of Reference Processing due to unavailable references
[1170.414s][debug][gc,ref       ] GC(501) Skipped phase3 of Reference Processing due to unavailable references
[1170.414s][debug][gc,ref       ] GC(501) Skipped phase4 of Reference Processing due to unavailable references
[1170.414s][debug][gc,age       ] GC(501) Desired survivor size 15368192 bytes, new threshold 6 (max threshold 6)
[1170.414s][info ][gc,heap      ] GC(501) ParNew: 241349K->1059K(270336K)
[1170.414s][info ][gc,heap      ] GC(501) CMS: 551709K->551813K(600768K)
[1170.414s][info ][gc,metaspace ] GC(501) Metaspace: 58482K->58482K(1101824K)
[1170.414s][info ][gc           ] GC(501) Pause Young (Allocation Failure) 774M->539M(850M) 2.455ms
[1170.414s][info ][gc,cpu       ] GC(501) User=0.01s Sys=0.00s Real=0.00s
[1170.414s][info ][safepoint    ] Leaving safepoint region
[1170.414s][info ][safepoint    ] Total time for which application threads were stopped: 0.0026300 seconds, Stopping threads took: 0.0000176 seconds
[1171.414s][info ][safepoint    ] Application time: 1.0001044 seconds
[1171.414s][info ][safepoint    ] Entering safepoint region: Cleanup
[1171.414s][info ][safepoint    ] Leaving safepoint region
[1171.414s][info ][safepoint    ] Total time for which application threads were stopped: 0.0001324 seconds, Stopping threads took: 0.0000405 seconds
[1172.414s][info ][safepoint    ] Application time: 1.0000943 seconds
[1172.414s][info ][safepoint    ] Entering safepoint region: Cleanup
[1172.414s][info ][safepoint    ] Leaving safepoint region
[1172.414s][info ][safepoint    ] Total time for which application threads were stopped: 0.0001227 seconds, Stopping threads took: 0.0000415 seconds
[1173.265s][info ][safepoint    ] Application time: 0.8504173 seconds
[1173.265s][info ][safepoint    ] Entering safepoint region: GenCollectForAllocation
[1173.265s][info ][gc,start     ] GC(502) Pause Young (Allocation Failure)
[1173.265s][info ][gc,task      ] GC(502) Using 4 workers of 4 for evacuation
[1173.267s][debug][gc,ref       ] GC(502) Skipped phase1 of Reference Processing due to unavailable references
[1173.267s][debug][gc,ref       ] GC(502) Skipped phase2 of Reference Processing due to unavailable references
[1173.267s][debug][gc,ref       ] GC(502) Skipped phase3 of Reference Processing due to unavailable references
[1173.267s][debug][gc,ref       ] GC(502) Skipped phase4 of Reference Processing due to unavailable references
[1173.267s][debug][gc,age       ] GC(502) Desired survivor size 15368192 bytes, new threshold 6 (max threshold 6)
[1173.267s][info ][gc,heap      ] GC(502) ParNew: 241379K->1412K(270336K)
[1173.267s][info ][gc,heap      ] GC(502) CMS: 551813K->551845K(600768K)
[1173.267s][info ][gc,metaspace ] GC(502) Metaspace: 58482K->58482K(1101824K)
[1173.267s][info ][gc           ] GC(502) Pause Young (Allocation Failure) 774M->540M(850M) 2.496ms
[1173.267s][info ][gc,cpu       ] GC(502) User=0.01s Sys=0.00s Real=0.00s
[1173.267s][info ][safepoint    ] Leaving safepoint region
[1173.267s][info ][safepoint    ] Total time for which application threads were stopped: 0.0026318 seconds, Stopping threads took: 0.0000151 seconds
[1174.268s][info ][safepoint    ] Application time: 1.0000963 seconds
[1174.268s][info ][safepoint    ] Entering safepoint region: Cleanup
[1174.268s][info ][safepoint    ] Leaving safepoint region
[1174.268s][info ][safepoint    ] Total time for which application threads were stopped: 0.0000902 seconds, Stopping threads took: 0.0000167 seconds
[1175.268s][info ][safepoint    ] Application time: 1.0000796 seconds
[1175.268s][info ][safepoint    ] Entering safepoint region: Cleanup
[1175.268s][info ][safepoint    ] Leaving safepoint region
[1175.268s][info ][safepoint    ] Total time for which application threads were stopped: 0.0000751 seconds, Stopping threads took: 0.0000235 seconds
[1176.212s][info ][safepoint    ] Application time: 0.9443870 seconds
[1176.212s][info ][safepoint    ] Entering safepoint region: GenCollectForAllocation
[1176.212s][info ][gc,start     ] GC(503) Pause Young (Allocation Failure)
[1176.212s][info ][gc,task      ] GC(503) Using 4 workers of 4 for evacuation
[1176.215s][debug][gc,ref       ] GC(503) Skipped phase1 of Reference Processing due to unavailable references
[1176.215s][debug][gc,ref       ] GC(503) Skipped phase2 of Reference Processing due to unavailable references
[1176.215s][debug][gc,ref       ] GC(503) Skipped phase3 of Reference Processing due to unavailable references
[1176.215s][debug][gc,ref       ] GC(503) Skipped phase4 of Reference Processing due to unavailable references
[1176.215s][debug][gc,age       ] GC(503) Desired survivor size 15368192 bytes, new threshold 6 (max threshold 6)
[1176.215s][info ][gc,heap      ] GC(503) ParNew: 241732K->1623K(270336K)
[1176.215s][info ][gc,heap      ] GC(503) CMS: 551845K->551847K(600768K)
[1176.215s][info ][gc,metaspace ] GC(503) Metaspace: 58482K->58482K(1101824K)
[1176.215s][info ][gc           ] GC(503) Pause Young (Allocation Failure) 774M->540M(850M) 2.718ms
[1176.215s][info ][gc,cpu       ] GC(503) User=0.01s Sys=0.00s Real=0.00s
[1176.215s][info ][safepoint    ] Leaving safepoint region
[1176.215s][info ][safepoint    ] Total time for which application threads were stopped: 0.0028601 seconds, Stopping threads took: 0.0000182 seconds
[1177.215s][info ][safepoint    ] Application time: 1.0000961 seconds
[1177.215s][info ][safepoint    ] Entering safepoint region: Cleanup
[1177.215s][info ][safepoint    ] Leaving safepoint region
[1177.215s][info ][safepoint    ] Total time for which application threads were stopped: 0.0001118 seconds, Stopping threads took: 0.0000448 seconds
[1178.215s][info ][safepoint    ] Application time: 1.0000994 seconds
[1178.216s][info ][safepoint    ] Entering safepoint region: Cleanup
[1178.216s][info ][safepoint    ] Leaving safepoint region
[1178.216s][info ][safepoint    ] Total time for which application threads were stopped: 0.0001214 seconds, Stopping threads took: 0.0000526 seconds
[1178.918s][info ][safepoint    ] Application time: 0.7019695 seconds
[1178.918s][info ][safepoint    ] Entering safepoint region: GenCollectForAllocation
[1178.918s][info ][gc,start     ] GC(504) Pause Young (Allocation Failure)
[1178.918s][info ][gc,task      ] GC(504) Using 4 workers of 4 for evacuation
[1178.920s][debug][gc,ref       ] GC(504) Skipped phase1 of Reference Processing due to unavailable references
[1178.920s][debug][gc,ref       ] GC(504) Skipped phase2 of Reference Processing due to unavailable references
[1178.920s][debug][gc,ref       ] GC(504) Skipped phase3 of Reference Processing due to unavailable references
[1178.920s][debug][gc,ref       ] GC(504) Skipped phase4 of Reference Processing due to unavailable references
[1178.920s][debug][gc,age       ] GC(504) Desired survivor size 15368192 bytes, new threshold 6 (max threshold 6)
[1178.920s][info ][gc,heap      ] GC(504) ParNew: 241943K->1701K(270336K)
[1178.920s][info ][gc,heap      ] GC(504) CMS: 551847K->551924K(600768K)
[1178.921s][info ][gc,metaspace ] GC(504) Metaspace: 58482K->58482K(1101824K)
[1178.921s][info ][gc           ] GC(504) Pause Young (Allocation Failure) 775M->540M(850M) 2.764ms
[1178.921s][info ][gc,cpu       ] GC(504) User=0.01s Sys=0.00s Real=0.00s
[1178.921s][info ][safepoint    ] Leaving safepoint region
[1178.921s][info ][safepoint    ] Total time for which application threads were stopped: 0.0029056 seconds, Stopping threads took: 0.0000161 seconds
[1179.921s][info ][safepoint    ] Application time: 1.0000988 seconds
[1179.921s][info ][safepoint    ] Entering safepoint region: Cleanup
[1179.921s][info ][safepoint    ] Leaving safepoint region
[1179.921s][info ][safepoint    ] Total time for which application threads were stopped: 0.0001310 seconds, Stopping threads took: 0.0000675 seconds
[1180.921s][info ][safepoint    ] Application time: 1.0000940 seconds
[1180.921s][info ][safepoint    ] Entering safepoint region: Cleanup
[1180.921s][info ][safepoint    ] Leaving safepoint region
[1180.921s][info ][safepoint    ] Total time for which application threads were stopped: 0.0000731 seconds, Stopping threads took: 0.0000179 seconds
[1181.817s][info ][safepoint    ] Application time: 0.8955872 seconds
[1181.817s][info ][safepoint    ] Entering safepoint region: GenCollectForAllocation
[1181.817s][info ][gc,start     ] GC(505) Pause Young (Allocation Failure)
[1181.817s][info ][gc,task      ] GC(505) Using 4 workers of 4 for evacuation
[1181.819s][debug][gc,ref       ] GC(505) Skipped phase1 of Reference Processing due to unavailable references
[1181.819s][debug][gc,ref       ] GC(505) Skipped phase2 of Reference Processing due to unavailable references
[1181.819s][debug][gc,ref       ] GC(505) Skipped phase3 of Reference Processing due to unavailable references
[1181.819s][debug][gc,ref       ] GC(505) Skipped phase4 of Reference Processing due to unavailable references
[1181.819s][debug][gc,age       ] GC(505) Desired survivor size 15368192 bytes, new threshold 6 (max threshold 6)
[1181.819s][info ][gc,heap      ] GC(505) ParNew: 242021K->2090K(270336K)
[1181.819s][info ][gc,heap      ] GC(505) CMS: 551924K->551954K(600768K)
[1181.819s][info ][gc,metaspace ] GC(505) Metaspace: 58482K->58482K(1101824K)
[1181.819s][info ][gc           ] GC(505) Pause Young (Allocation Failure) 775M->541M(850M) 2.688ms
[1181.819s][info ][gc,cpu       ] GC(505) User=0.00s Sys=0.00s Real=0.00s
[1181.819s][info ][safepoint    ] Leaving safepoint region
[1181.819s][info ][safepoint    ] Total time for which application threads were stopped: 0.0028319 seconds, Stopping threads took: 0.0000166 seconds
[1182.820s][info ][safepoint    ] Application time: 1.0000897 seconds
[1182.820s][info ][safepoint    ] Entering safepoint region: Cleanup
[1182.820s][info ][safepoint    ] Leaving safepoint region
[1182.820s][info ][safepoint    ] Total time for which application threads were stopped: 0.0000890 seconds, Stopping threads took: 0.0000169 seconds
[1183.820s][info ][safepoint    ] Application time: 1.0000795 seconds
[1183.820s][info ][safepoint    ] Entering safepoint region: Cleanup
[1183.820s][info ][safepoint    ] Leaving safepoint region
[1183.820s][info ][safepoint    ] Total time for which application threads were stopped: 0.0000695 seconds, Stopping threads took: 0.0000157 seconds
[1184.610s][info ][safepoint    ] Application time: 0.7895900 seconds
[1184.610s][info ][safepoint    ] Entering safepoint region: GenCollectForAllocation
[1184.610s][info ][gc,start     ] GC(506) Pause Young (Allocation Failure)
[1184.610s][info ][gc,task      ] GC(506) Using 4 workers of 4 for evacuation
[1184.613s][debug][gc,ref       ] GC(506) Skipped phase1 of Reference Processing due to unavailable references
[1184.613s][debug][gc,ref       ] GC(506) Skipped phase2 of Reference Processing due to unavailable references
[1184.613s][debug][gc,ref       ] GC(506) Skipped phase3 of Reference Processing due to unavailable references
[1184.613s][debug][gc,ref       ] GC(506) Skipped phase4 of Reference Processing due to unavailable references
[1184.613s][debug][gc,age       ] GC(506) Desired survivor size 15368192 bytes, new threshold 6 (max threshold 6)
[1184.613s][info ][gc,heap      ] GC(506) ParNew: 242410K->2204K(270336K)
[1184.613s][info ][gc,heap      ] GC(506) CMS: 551954K->552172K(600768K)
[1184.613s][info ][gc,metaspace ] GC(506) Metaspace: 58482K->58482K(1101824K)
[1184.613s][info ][gc           ] GC(506) Pause Young (Allocation Failure) 775M->541M(850M) 3.151ms
[1184.613s][info ][gc,cpu       ] GC(506) User=0.02s Sys=0.00s Real=0.01s
[1184.613s][info ][safepoint    ] Leaving safepoint region
[1184.613s][info ][safepoint    ] Total time for which application threads were stopped: 0.0032989 seconds, Stopping threads took: 0.0000180 seconds
[1185.613s][info ][safepoint    ] Application time: 1.0001092 seconds
[1185.613s][info ][safepoint    ] Entering safepoint region: Cleanup
[1185.613s][info ][safepoint    ] Leaving safepoint region
[1185.613s][info ][safepoint    ] Total time for which application threads were stopped: 0.0002020 seconds, Stopping threads took: 0.0001254 seconds
[1186.613s][info ][safepoint    ] Application time: 1.0001025 seconds
[1186.613s][info ][safepoint    ] Entering safepoint region: Cleanup
[1186.613s][info ][safepoint    ] Leaving safepoint region
[1186.613s][info ][safepoint    ] Total time for which application threads were stopped: 0.0001042 seconds, Stopping threads took: 0.0000433 seconds
[1187.557s][info ][safepoint    ] Application time: 0.9435510 seconds
[1187.557s][info ][safepoint    ] Entering safepoint region: GenCollectForAllocation
[1187.557s][info ][gc,start     ] GC(507) Pause Young (Allocation Failure)
[1187.557s][info ][gc,task      ] GC(507) Using 4 workers of 4 for evacuation
[1187.560s][debug][gc,ref       ] GC(507) Skipped phase1 of Reference Processing due to unavailable references
[1187.560s][debug][gc,ref       ] GC(507) Skipped phase2 of Reference Processing due to unavailable references
[1187.560s][debug][gc,ref       ] GC(507) Skipped phase3 of Reference Processing due to unavailable references
[1187.560s][debug][gc,ref       ] GC(507) Skipped phase4 of Reference Processing due to unavailable references
[1187.560s][debug][gc,age       ] GC(507) Desired survivor size 15368192 bytes, new threshold 6 (max threshold 6)
[1187.560s][info ][gc,heap      ] GC(507) ParNew: 242524K->2279K(270336K)
[1187.560s][info ][gc,heap      ] GC(507) CMS: 552172K->552218K(600768K)
[1187.560s][info ][gc,metaspace ] GC(507) Metaspace: 58482K->58482K(1101824K)
[1187.560s][info ][gc           ] GC(507) Pause Young (Allocation Failure) 776M->541M(850M) 2.707ms
[1187.560s][info ][gc,cpu       ] GC(507) User=0.01s Sys=0.00s Real=0.00s
[1187.560s][info ][safepoint    ] Leaving safepoint region
[1187.560s][info ][safepoint    ] Total time for which application threads were stopped: 0.0028855 seconds, Stopping threads took: 0.0000161 seconds
[1188.560s][info ][safepoint    ] Application time: 1.0000726 seconds
[1188.560s][info ][safepoint    ] Entering safepoint region: Cleanup
[1188.560s][info ][safepoint    ] Leaving safepoint region
[1188.560s][info ][safepoint    ] Total time for which application threads were stopped: 0.0001057 seconds, Stopping threads took: 0.0000400 seconds
[1189.560s][info ][safepoint    ] Application time: 1.0000773 seconds
[1189.560s][info ][safepoint    ] Entering safepoint region: Cleanup
[1189.560s][info ][safepoint    ] Leaving safepoint region
[1189.560s][info ][safepoint    ] Total time for which application threads were stopped: 0.0001320 seconds, Stopping threads took: 0.0000710 seconds
[1190.306s][info ][safepoint    ] Application time: 0.7456436 seconds
[1190.306s][info ][safepoint    ] Entering safepoint region: GenCollectForAllocation
[1190.306s][info ][gc,start     ] GC(508) Pause Young (Allocation Failure)
[1190.306s][info ][gc,task      ] GC(508) Using 4 workers of 4 for evacuation
[1190.309s][debug][gc,ref       ] GC(508) Skipped phase1 of Reference Processing due to unavailable references
[1190.309s][debug][gc,ref       ] GC(508) Skipped phase2 of Reference Processing due to unavailable references
[1190.309s][debug][gc,ref       ] GC(508) Skipped phase3 of Reference Processing due to unavailable references
[1190.309s][debug][gc,ref       ] GC(508) Skipped phase4 of Reference Processing due to unavailable references
[1190.309s][debug][gc,age       ] GC(508) Desired survivor size 15368192 bytes, new threshold 6 (max threshold 6)
[1190.309s][info ][gc,heap      ] GC(508) ParNew: 242599K->2445K(270336K)
[1190.309s][info ][gc,heap      ] GC(508) CMS: 552218K->552238K(600768K)
[1190.309s][info ][gc,metaspace ] GC(508) Metaspace: 58482K->58482K(1101824K)
[1190.309s][info ][gc           ] GC(508) Pause Young (Allocation Failure) 776M->541M(850M) 2.745ms
[1190.309s][info ][gc,cpu       ] GC(508) User=0.01s Sys=0.01s Real=0.00s
[1190.309s][info ][safepoint    ] Leaving safepoint region
[1190.309s][info ][safepoint    ] Total time for which application threads were stopped: 0.0028969 seconds, Stopping threads took: 0.0000169 seconds
[1191.309s][info ][safepoint    ] Application time: 1.0001191 seconds
[1191.309s][info ][safepoint    ] Entering safepoint region: Cleanup
[1191.309s][info ][safepoint    ] Leaving safepoint region
[1191.309s][info ][safepoint    ] Total time for which application threads were stopped: 0.0002636 seconds, Stopping threads took: 0.0001763 seconds
[1192.310s][info ][safepoint    ] Application time: 1.0000694 seconds
[1192.310s][info ][safepoint    ] Entering safepoint region: Cleanup
[1192.310s][info ][safepoint    ] Leaving safepoint region
[1192.310s][info ][safepoint    ] Total time for which application threads were stopped: 0.0001098 seconds, Stopping threads took: 0.0000434 seconds
[1193.109s][info ][safepoint    ] Application time: 0.7993673 seconds
[1193.109s][info ][safepoint    ] Entering safepoint region: GenCollectForAllocation
[1193.109s][info ][gc,start     ] GC(509) Pause Young (Allocation Failure)
[1193.109s][info ][gc,task      ] GC(509) Using 4 workers of 4 for evacuation
[1193.112s][debug][gc,ref       ] GC(509) Skipped phase1 of Reference Processing due to unavailable references
[1193.112s][debug][gc,ref       ] GC(509) Skipped phase3 of Reference Processing due to unavailable references
[1193.112s][debug][gc,age       ] GC(509) Desired survivor size 15368192 bytes, new threshold 6 (max threshold 6)
[1193.112s][info ][gc,heap      ] GC(509) ParNew: 242765K->2422K(270336K)
[1193.112s][info ][gc,heap      ] GC(509) CMS: 552238K->552433K(600768K)
[1193.112s][info ][gc,metaspace ] GC(509) Metaspace: 58488K->58488K(1101824K)
[1193.112s][info ][gc           ] GC(509) Pause Young (Allocation Failure) 776M->541M(850M) 3.294ms
[1193.112s][info ][gc,cpu       ] GC(509) User=0.01s Sys=0.00s Real=0.01s
[1193.113s][info ][safepoint    ] Leaving safepoint region
[1193.113s][info ][safepoint    ] Total time for which application threads were stopped: 0.0034602 seconds, Stopping threads took: 0.0000165 seconds
[1194.113s][info ][safepoint    ] Application time: 1.0001119 seconds
[1194.113s][info ][safepoint    ] Entering safepoint region: Cleanup
[1194.113s][info ][safepoint    ] Leaving safepoint region
[1194.113s][info ][safepoint    ] Total time for which application threads were stopped: 0.0001400 seconds, Stopping threads took: 0.0000708 seconds
[1195.113s][info ][safepoint    ] Application time: 1.0000986 seconds
[1195.113s][info ][safepoint    ] Entering safepoint region: Cleanup
[1195.113s][info ][safepoint    ] Leaving safepoint region
[1195.113s][info ][safepoint    ] Total time for which application threads were stopped: 0.0001016 seconds, Stopping threads took: 0.0000412 seconds
[1196.113s][info ][safepoint    ] Application time: 1.0001169 seconds
[1196.113s][info ][safepoint    ] Entering safepoint region: Cleanup
[1196.113s][info ][safepoint    ] Leaving safepoint region
[1196.113s][info ][safepoint    ] Total time for which application threads were stopped: 0.0001221 seconds, Stopping threads took: 0.0000564 seconds
[1196.212s][info ][safepoint    ] Application time: 0.0987146 seconds
[1196.212s][info ][safepoint    ] Entering safepoint region: GenCollectForAllocation
[1196.212s][info ][gc,start     ] GC(510) Pause Young (Allocation Failure)
[1196.212s][info ][gc,task      ] GC(510) Using 4 workers of 4 for evacuation
[1196.215s][debug][gc,ref       ] GC(510) Skipped phase1 of Reference Processing due to unavailable references
[1196.215s][debug][gc,ref       ] GC(510) Skipped phase3 of Reference Processing due to unavailable references
[1196.215s][debug][gc,ref       ] GC(510) Skipped phase4 of Reference Processing due to unavailable references
[1196.215s][debug][gc,age       ] GC(510) Desired survivor size 15368192 bytes, new threshold 6 (max threshold 6)
[1196.215s][info ][gc,heap      ] GC(510) ParNew: 242742K->2499K(270336K)
[1196.215s][info ][gc,heap      ] GC(510) CMS: 552433K->552557K(600768K)
[1196.215s][info ][gc,metaspace ] GC(510) Metaspace: 58488K->58488K(1101824K)
[1196.215s][info ][gc           ] GC(510) Pause Young (Allocation Failure) 776M->542M(850M) 2.906ms
[1196.215s][info ][gc,cpu       ] GC(510) User=0.01s Sys=0.00s Real=0.00s
[1196.215s][info ][safepoint    ] Leaving safepoint region
[1196.215s][info ][safepoint    ] Total time for which application threads were stopped: 0.0030488 seconds, Stopping threads took: 0.0000150 seconds
[1197.215s][info ][safepoint    ] Application time: 1.0000934 seconds
[1197.215s][info ][safepoint    ] Entering safepoint region: Cleanup
[1197.215s][info ][safepoint    ] Leaving safepoint region
[1197.215s][info ][safepoint    ] Total time for which application threads were stopped: 0.0001101 seconds, Stopping threads took: 0.0000430 seconds
[1198.215s][info ][safepoint    ] Application time: 1.0000927 seconds
[1198.216s][info ][safepoint    ] Entering safepoint region: Cleanup
[1198.216s][info ][safepoint    ] Leaving safepoint region
[1198.216s][info ][safepoint    ] Total time for which application threads were stopped: 0.0000705 seconds, Stopping threads took: 0.0000157 seconds
[1199.216s][info ][safepoint    ] Application time: 1.0000840 seconds
[1199.216s][info ][safepoint    ] Entering safepoint region: Cleanup
[1199.216s][info ][safepoint    ] Leaving safepoint region
[1199.216s][info ][safepoint    ] Total time for which application threads were stopped: 0.0000706 seconds, Stopping threads took: 0.0000176 seconds
[1199.363s][info ][safepoint    ] Application time: 0.1476693 seconds
[1199.363s][info ][safepoint    ] Entering safepoint region: GenCollectForAllocation
[1199.364s][info ][gc,start     ] GC(511) Pause Young (Allocation Failure)
[1199.364s][info ][gc,task      ] GC(511) Using 4 workers of 4 for evacuation
[1199.366s][debug][gc,ref       ] GC(511) Skipped phase1 of Reference Processing due to unavailable references
[1199.366s][debug][gc,ref       ] GC(511) Skipped phase3 of Reference Processing due to unavailable references
[1199.366s][debug][gc,ref       ] GC(511) Skipped phase4 of Reference Processing due to unavailable references
[1199.366s][debug][gc,age       ] GC(511) Desired survivor size 15368192 bytes, new threshold 6 (max threshold 6)
[1199.366s][info ][gc,heap      ] GC(511) ParNew: 242819K->2633K(270336K)
[1199.366s][info ][gc,heap      ] GC(511) CMS: 552557K->552650K(600768K)
[1199.366s][info ][gc,metaspace ] GC(511) Metaspace: 58488K->58488K(1101824K)
[1199.366s][info ][gc           ] GC(511) Pause Young (Allocation Failure) 776M->542M(850M) 2.685ms
[1199.366s][info ][gc,cpu       ] GC(511) User=0.01s Sys=0.00s Real=0.00s
[1199.366s][info ][safepoint    ] Leaving safepoint region
[1199.366s][info ][safepoint    ] Total time for which application threads were stopped: 0.0028425 seconds, Stopping threads took: 0.0000156 seconds
[1200.366s][info ][safepoint    ] Application time: 1.0000973 seconds
[1200.366s][info ][safepoint    ] Entering safepoint region: Cleanup
[1200.367s][info ][safepoint    ] Leaving safepoint region
[1200.367s][info ][safepoint    ] Total time for which application threads were stopped: 0.0000713 seconds, Stopping threads took: 0.0000166 seconds
[1201.367s][info ][safepoint    ] Application time: 1.0000491 seconds
[1201.367s][info ][safepoint    ] Entering safepoint region: Cleanup
[1201.367s][info ][safepoint    ] Leaving safepoint region
[1201.367s][info ][safepoint    ] Total time for which application threads were stopped: 0.0001339 seconds, Stopping threads took: 0.0000558 seconds
[1202.367s][info ][safepoint    ] Application time: 1.0000903 seconds
[1202.367s][info ][safepoint    ] Entering safepoint region: Cleanup
[1202.367s][info ][safepoint    ] Leaving safepoint region
[1202.367s][info ][safepoint    ] Total time for which application threads were stopped: 0.0000874 seconds, Stopping threads took: 0.0000181 seconds
[1202.516s][info ][safepoint    ] Application time: 0.1485366 seconds
[1202.516s][info ][safepoint    ] Entering safepoint region: GenCollectForAllocation
[1202.516s][info ][gc,start     ] GC(512) Pause Young (Allocation Failure)
[1202.516s][info ][gc,task      ] GC(512) Using 4 workers of 4 for evacuation
[1202.519s][debug][gc,ref       ] GC(512) Skipped phase1 of Reference Processing due to unavailable references
[1202.519s][debug][gc,ref       ] GC(512) Skipped phase3 of Reference Processing due to unavailable references
[1202.519s][debug][gc,ref       ] GC(512) Skipped phase4 of Reference Processing due to unavailable references
[1202.519s][debug][gc,age       ] GC(512) Desired survivor size 15368192 bytes, new threshold 6 (max threshold 6)
[1202.519s][info ][gc,heap      ] GC(512) ParNew: 242953K->2800K(270336K)
[1202.519s][info ][gc,heap      ] GC(512) CMS: 552650K->552689K(600768K)
[1202.519s][info ][gc,metaspace ] GC(512) Metaspace: 58488K->58488K(1101824K)
[1202.519s][info ][gc           ] GC(512) Pause Young (Allocation Failure) 776M->542M(850M) 3.071ms
[1202.519s][info ][gc,cpu       ] GC(512) User=0.01s Sys=0.00s Real=0.00s
[1202.519s][info ][safepoint    ] Leaving safepoint region
[1202.519s][info ][safepoint    ] Total time for which application threads were stopped: 0.0032319 seconds, Stopping threads took: 0.0000163 seconds
[1203.519s][info ][safepoint    ] Application time: 1.0001024 seconds
[1203.519s][info ][safepoint    ] Entering safepoint region: Cleanup
[1203.519s][info ][safepoint    ] Leaving safepoint region
[1203.519s][info ][safepoint    ] Total time for which application threads were stopped: 0.0000742 seconds, Stopping threads took: 0.0000170 seconds
[1204.519s][info ][safepoint    ] Application time: 1.0000997 seconds
[1204.519s][info ][safepoint    ] Entering safepoint region: Cleanup
[1204.519s][info ][safepoint    ] Leaving safepoint region
[1204.519s][info ][safepoint    ] Total time for which application threads were stopped: 0.0000743 seconds, Stopping threads took: 0.0000175 seconds
[1205.519s][info ][safepoint    ] Application time: 1.0000977 seconds
[1205.519s][info ][safepoint    ] Entering safepoint region: Cleanup
[1205.519s][info ][safepoint    ] Leaving safepoint region
[1205.519s][info ][safepoint    ] Total time for which application threads were stopped: 0.0000930 seconds, Stopping threads took: 0.0000172 seconds
[1205.804s][info ][safepoint    ] Application time: 0.2847932 seconds
[1205.804s][info ][safepoint    ] Entering safepoint region: GenCollectForAllocation
[1205.804s][info ][gc,start     ] GC(513) Pause Young (Allocation Failure)
[1205.804s][info ][gc,task      ] GC(513) Using 4 workers of 4 for evacuation
[1205.807s][debug][gc,ref       ] GC(513) Skipped phase1 of Reference Processing due to unavailable references
[1205.807s][debug][gc,ref       ] GC(513) Skipped phase3 of Reference Processing due to unavailable references
[1205.807s][debug][gc,ref       ] GC(513) Skipped phase4 of Reference Processing due to unavailable references
[1205.807s][debug][gc,age       ] GC(513) Desired survivor size 15368192 bytes, new threshold 6 (max threshold 6)
[1205.807s][info ][gc,heap      ] GC(513) ParNew: 243120K->2647K(270336K)
[1205.807s][info ][gc,heap      ] GC(513) CMS: 552689K->552757K(600768K)
[1205.807s][info ][gc,metaspace ] GC(513) Metaspace: 58488K->58488K(1101824K)
[1205.807s][info ][gc           ] GC(513) Pause Young (Allocation Failure) 777M->542M(850M) 2.760ms
[1205.807s][info ][gc,cpu       ] GC(513) User=0.01s Sys=0.00s Real=0.00s
[1205.807s][info ][safepoint    ] Leaving safepoint region
[1205.807s][info ][safepoint    ] Total time for which application threads were stopped: 0.0029147 seconds, Stopping threads took: 0.0000165 seconds
[1205.807s][info ][safepoint    ] Application time: 0.0000959 seconds
[1205.807s][info ][safepoint    ] Entering safepoint region: CMS_Initial_Mark
[1205.807s][info ][gc,start     ] GC(514) Pause Initial Mark
[1205.808s][info ][gc           ] GC(514) Pause Initial Mark 547M->547M(850M) 0.876ms
[1205.808s][info ][gc,cpu       ] GC(514) User=0.00s Sys=0.00s Real=0.00s
[1205.808s][info ][safepoint    ] Leaving safepoint region
[1205.808s][info ][safepoint    ] Total time for which application threads were stopped: 0.0009944 seconds, Stopping threads took: 0.0000503 seconds
[1205.808s][info ][gc           ] GC(514) Concurrent Mark
[1206.080s][info ][gc           ] GC(514) Concurrent Mark 271.247ms
[1206.080s][info ][gc,cpu       ] GC(514) User=0.42s Sys=0.02s Real=0.27s
[1206.080s][info ][gc           ] GC(514) Concurrent Preclean
[1206.080s][debug][gc,ref       ] GC(514) Preclean SoftReferences 0.001ms
[1206.080s][debug][gc,ref       ] GC(514) Preclean WeakReferences 0.019ms
[1206.080s][debug][gc,ref       ] GC(514) Preclean FinalReferences 0.001ms
[1206.080s][debug][gc,ref       ] GC(514) Preclean PhantomReferences 0.006ms
[1206.082s][info ][gc           ] GC(514) Concurrent Preclean 2.480ms
[1206.082s][info ][gc,cpu       ] GC(514) User=0.01s Sys=0.00s Real=0.01s
[1206.082s][info ][gc           ] GC(514) Concurrent Abortable Preclean
[1206.808s][info ][safepoint    ] Application time: 1.0000888 seconds
[1206.809s][info ][safepoint    ] Entering safepoint region: Cleanup
[1206.809s][info ][safepoint    ] Leaving safepoint region
[1206.809s][info ][safepoint    ] Total time for which application threads were stopped: 0.0001861 seconds, Stopping threads took: 0.0001150 seconds
[1207.809s][info ][safepoint    ] Application time: 1.0000878 seconds
[1207.809s][info ][safepoint    ] Entering safepoint region: Cleanup
[1207.809s][info ][safepoint    ] Leaving safepoint region
[1207.809s][info ][safepoint    ] Total time for which application threads were stopped: 0.0001233 seconds, Stopping threads took: 0.0000628 seconds
[1208.809s][info ][safepoint    ] Application time: 1.0000951 seconds
[1208.809s][info ][safepoint    ] Entering safepoint region: Cleanup
[1208.809s][info ][safepoint    ] Leaving safepoint region
[1208.809s][info ][safepoint    ] Total time for which application threads were stopped: 0.0001008 seconds, Stopping threads took: 0.0000389 seconds
[1208.960s][info ][safepoint    ] Application time: 0.1503956 seconds
[1208.960s][info ][safepoint    ] Entering safepoint region: GenCollectForAllocation
[1208.960s][info ][gc,start     ] GC(515) Pause Young (Allocation Failure)
[1208.960s][info ][gc,task      ] GC(515) Using 4 workers of 4 for evacuation
[1208.963s][debug][gc,ref       ] GC(515) Skipped phase1 of Reference Processing due to unavailable references
[1208.963s][debug][gc,ref       ] GC(515) Skipped phase3 of Reference Processing due to unavailable references
[1208.963s][debug][gc,ref       ] GC(515) Skipped phase4 of Reference Processing due to unavailable references
[1208.963s][debug][gc,age       ] GC(515) Desired survivor size 15368192 bytes, new threshold 6 (max threshold 6)
[1208.963s][info ][gc,heap      ] GC(515) ParNew: 242967K->2732K(270336K)
[1208.963s][info ][gc,heap      ] GC(515) CMS: 552757K->553296K(600768K)
[1208.963s][info ][gc,metaspace ] GC(515) Metaspace: 58489K->58489K(1101824K)
[1208.963s][info ][gc           ] GC(515) Pause Young (Allocation Failure) 777M->542M(850M) 3.729ms
[1208.963s][info ][gc,cpu       ] GC(515) User=0.01s Sys=0.01s Real=0.01s
[1208.963s][info ][safepoint    ] Leaving safepoint region
[1208.963s][info ][safepoint    ] Total time for which application threads were stopped: 0.0038749 seconds, Stopping threads took: 0.0000172 seconds
[1209.964s][info ][safepoint    ] Application time: 1.0000989 seconds
[1209.964s][info ][safepoint    ] Entering safepoint region: Cleanup
[1209.964s][info ][safepoint    ] Leaving safepoint region
[1209.964s][info ][safepoint    ] Total time for which application threads were stopped: 0.0001341 seconds, Stopping threads took: 0.0000676 seconds
[1210.538s][info ][gc           ] GC(514) Concurrent Abortable Preclean 4456.010ms
[1210.538s][info ][gc,cpu       ] GC(514) User=2.21s Sys=0.16s Real=4.45s
[1210.538s][info ][safepoint    ] Application time: 0.5745441 seconds
[1210.538s][info ][safepoint    ] Entering safepoint region: CMS_Final_Remark
[1210.538s][info ][gc,start     ] GC(514) Pause Remark
[1210.563s][debug][gc,phases    ] GC(514) Rescan (parallel) 24.469ms
[1210.563s][debug][gc,ref       ] GC(514) Skipped phase1 of Reference Processing due to unavailable references
[1210.563s][debug][gc,ref       ] GC(514) Skipped phase4 of Reference Processing due to unavailable references
[1210.563s][debug][gc,phases    ] GC(514) Reference Processing 0.053ms
[1210.563s][debug][gc,phases    ] GC(514) Weak Processing 0.124ms
[1210.563s][debug][gc,phases    ] GC(514) ClassLoaderData 0.258ms
[1210.563s][debug][gc,phases    ] GC(514) ProtectionDomainCacheTable 0.004ms
[1210.564s][debug][gc,phases    ] GC(514) ResolvedMethodTable 0.137ms
[1210.570s][debug][gc,phases    ] GC(514) Class Unloading 7.259ms
[1210.575s][debug][gc,phases    ] GC(514) Scrub Symbol Table 4.414ms
[1210.575s][debug][gc,phases    ] GC(514) Scrub String Table 0.364ms
[1210.575s][info ][gc           ] GC(514) Pause Remark 660M->660M(850M) 36.832ms
[1210.575s][info ][gc,cpu       ] GC(514) User=0.11s Sys=0.00s Real=0.04s
[1210.575s][info ][safepoint    ] Leaving safepoint region
[1210.575s][info ][safepoint    ] Total time for which application threads were stopped: 0.0369629 seconds, Stopping threads took: 0.0000170 seconds
[1210.575s][info ][gc           ] GC(514) Concurrent Sweep
[1210.875s][info ][gc           ] GC(514) Concurrent Sweep 299.661ms
[1210.875s][info ][gc,cpu       ] GC(514) User=0.41s Sys=0.00s Real=0.30s
[1210.875s][info ][gc           ] GC(514) Concurrent Reset
[1210.884s][info ][gc           ] GC(514) Concurrent Reset 8.505ms
[1210.884s][info ][gc,cpu       ] GC(514) User=0.01s Sys=0.00s Real=0.01s
[1210.884s][info ][gc,heap      ] GC(514) Old: 552757K->227688K(600768K)
[1211.575s][info ][safepoint    ] Application time: 1.0001267 seconds
[1211.575s][info ][safepoint    ] Entering safepoint region: Cleanup
[1211.576s][info ][safepoint    ] Leaving safepoint region
[1211.576s][info ][safepoint    ] Total time for which application threads were stopped: 0.0000956 seconds, Stopping threads took: 0.0000309 seconds
[1212.162s][info ][safepoint    ] Application time: 0.5865764 seconds
[1212.162s][info ][safepoint    ] Entering safepoint region: GenCollectForAllocation
[1212.162s][info ][gc,start     ] GC(516) Pause Young (Allocation Failure)
[1212.162s][info ][gc,task      ] GC(516) Using 4 workers of 4 for evacuation
[1212.164s][debug][gc,ref       ] GC(516) Skipped phase1 of Reference Processing due to unavailable references
[1212.164s][debug][gc,ref       ] GC(516) Skipped phase2 of Reference Processing due to unavailable references
[1212.164s][debug][gc,ref       ] GC(516) Skipped phase3 of Reference Processing due to unavailable references
[1212.164s][debug][gc,ref       ] GC(516) Skipped phase4 of Reference Processing due to unavailable references
[1212.165s][debug][gc,age       ] GC(516) Desired survivor size 15368192 bytes, new threshold 6 (max threshold 6)
[1212.165s][info ][gc,heap      ] GC(516) ParNew: 243052K->1764K(270336K)
[1212.165s][info ][gc,heap      ] GC(516) CMS: 227688K->227752K(600768K)
[1212.165s][info ][gc,metaspace ] GC(516) Metaspace: 58489K->58489K(1101824K)
[1212.165s][info ][gc           ] GC(516) Pause Young (Allocation Failure) 459M->224M(850M) 2.334ms
[1212.165s][info ][gc,cpu       ] GC(516) User=0.01s Sys=0.01s Real=0.00s
[1212.165s][info ][safepoint    ] Leaving safepoint region
[1212.165s][info ][safepoint    ] Total time for which application threads were stopped: 0.0025093 seconds, Stopping threads took: 0.0000166 seconds
[1213.165s][info ][safepoint    ] Application time: 1.0001320 seconds
[1213.165s][info ][safepoint    ] Entering safepoint region: Cleanup
[1213.165s][info ][safepoint    ] Leaving safepoint region
[1213.165s][info ][safepoint    ] Total time for which application threads were stopped: 0.0001587 seconds, Stopping threads took: 0.0000965 seconds
[1214.165s][info ][safepoint    ] Application time: 1.0001457 seconds
[1214.165s][info ][safepoint    ] Entering safepoint region: Cleanup
[1214.165s][info ][safepoint    ] Leaving safepoint region
[1214.165s][info ][safepoint    ] Total time for which application threads were stopped: 0.0001236 seconds, Stopping threads took: 0.0000617 seconds
[1214.364s][info ][safepoint    ] Application time: 0.1991128 seconds
[1214.364s][info ][safepoint    ] Entering safepoint region: GenCollectForAllocation
[1214.365s][info ][gc,start     ] GC(517) Pause Young (Allocation Failure)
[1214.365s][info ][gc,task      ] GC(517) Using 4 workers of 4 for evacuation
[1214.368s][debug][gc,ref       ] GC(517) Skipped phase1 of Reference Processing due to unavailable references
[1214.368s][debug][gc,ref       ] GC(517) Skipped phase2 of Reference Processing due to unavailable references
[1214.368s][debug][gc,ref       ] GC(517) Skipped phase3 of Reference Processing due to unavailable references
[1214.368s][debug][gc,ref       ] GC(517) Skipped phase4 of Reference Processing due to unavailable references
[1214.368s][debug][gc,age       ] GC(517) Desired survivor size 15368192 bytes, new threshold 6 (max threshold 6)
[1214.368s][info ][gc,heap      ] GC(517) ParNew: 242084K->1256K(270336K)
[1214.368s][info ][gc,heap      ] GC(517) CMS: 227752K->228737K(600768K)
[1214.368s][info ][gc,metaspace ] GC(517) Metaspace: 58490K->58490K(1101824K)
[1214.368s][info ][gc           ] GC(517) Pause Young (Allocation Failure) 458M->224M(850M) 3.253ms
[1214.368s][info ][gc,cpu       ] GC(517) User=0.01s Sys=0.00s Real=0.00s
[1214.368s][info ][safepoint    ] Leaving safepoint region
[1214.368s][info ][safepoint    ] Total time for which application threads were stopped: 0.0034137 seconds, Stopping threads took: 0.0000185 seconds
[1215.368s][info ][safepoint    ] Application time: 1.0000938 seconds
[1215.368s][info ][safepoint    ] Entering safepoint region: Cleanup
[1215.368s][info ][safepoint    ] Leaving safepoint region
[1215.368s][info ][safepoint    ] Total time for which application threads were stopped: 0.0000708 seconds, Stopping threads took: 0.0000166 seconds
[1216.368s][info ][safepoint    ] Application time: 1.0000494 seconds
[1216.368s][info ][safepoint    ] Entering safepoint region: Cleanup
[1216.368s][info ][safepoint    ] Leaving safepoint region
[1216.368s][info ][safepoint    ] Total time for which application threads were stopped: 0.0000725 seconds, Stopping threads took: 0.0000169 seconds
[1217.368s][info ][safepoint    ] Application time: 1.0000896 seconds
[1217.368s][info ][safepoint    ] Entering safepoint region: Cleanup
[1217.368s][info ][safepoint    ] Leaving safepoint region
[1217.368s][info ][safepoint    ] Total time for which application threads were stopped: 0.0000767 seconds, Stopping threads took: 0.0000157 seconds
[1217.605s][info ][safepoint    ] Application time: 0.2369397 seconds
[1217.605s][info ][safepoint    ] Entering safepoint region: GenCollectForAllocation
[1217.606s][info ][gc,start     ] GC(518) Pause Young (Allocation Failure)
[1217.606s][info ][gc,task      ] GC(518) Using 4 workers of 4 for evacuation
[1217.608s][debug][gc,ref       ] GC(518) Skipped phase1 of Reference Processing due to unavailable references
[1217.608s][debug][gc,ref       ] GC(518) Skipped phase2 of Reference Processing due to unavailable references
[1217.608s][debug][gc,ref       ] GC(518) Skipped phase3 of Reference Processing due to unavailable references
[1217.608s][debug][gc,ref       ] GC(518) Skipped phase4 of Reference Processing due to unavailable references
[1217.608s][debug][gc,age       ] GC(518) Desired survivor size 15368192 bytes, new threshold 6 (max threshold 6)
[1217.608s][info ][gc,heap      ] GC(518) ParNew: 241576K->1080K(270336K)
[1217.608s][info ][gc,heap      ] GC(518) CMS: 228737K->228741K(600768K)
[1217.608s][info ][gc,metaspace ] GC(518) Metaspace: 58490K->58490K(1101824K)
[1217.608s][info ][gc           ] GC(518) Pause Young (Allocation Failure) 459M->224M(850M) 2.341ms
[1217.608s][info ][gc,cpu       ] GC(518) User=0.01s Sys=0.00s Real=0.00s
[1217.608s][info ][safepoint    ] Leaving safepoint region
[1217.608s][info ][safepoint    ] Total time for which application threads were stopped: 0.0024998 seconds, Stopping threads took: 0.0000164 seconds
[1218.608s][info ][safepoint    ] Application time: 1.0001081 seconds
[1218.608s][info ][safepoint    ] Entering safepoint region: Cleanup
[1218.608s][info ][safepoint    ] Leaving safepoint region
[1218.608s][info ][safepoint    ] Total time for which application threads were stopped: 0.0001360 seconds, Stopping threads took: 0.0000680 seconds
[1219.608s][info ][safepoint    ] Application time: 1.0001190 seconds
[1219.608s][info ][safepoint    ] Entering safepoint region: Cleanup
[1219.608s][info ][safepoint    ] Leaving safepoint region
[1219.608s][info ][safepoint    ] Total time for which application threads were stopped: 0.0001261 seconds, Stopping threads took: 0.0000676 seconds
[1220.609s][info ][safepoint    ] Application time: 1.0000974 seconds
[1220.609s][info ][safepoint    ] Entering safepoint region: Cleanup
[1220.609s][info ][safepoint    ] Leaving safepoint region
[1220.609s][info ][safepoint    ] Total time for which application threads were stopped: 0.0001182 seconds, Stopping threads took: 0.0000410 seconds
[1220.763s][info ][safepoint    ] Application time: 0.1544149 seconds
[1220.763s][info ][safepoint    ] Entering safepoint region: GenCollectForAllocation
[1220.763s][info ][gc,start     ] GC(519) Pause Young (Allocation Failure)
[1220.763s][info ][gc,task      ] GC(519) Using 4 workers of 4 for evacuation
[1220.766s][debug][gc,ref       ] GC(519) Skipped phase1 of Reference Processing due to unavailable references
[1220.766s][debug][gc,ref       ] GC(519) Skipped phase2 of Reference Processing due to unavailable references
[1220.766s][debug][gc,ref       ] GC(519) Skipped phase3 of Reference Processing due to unavailable references
[1220.766s][debug][gc,ref       ] GC(519) Skipped phase4 of Reference Processing due to unavailable references
[1220.766s][debug][gc,age       ] GC(519) Desired survivor size 15368192 bytes, new threshold 6 (max threshold 6)
[1220.766s][info ][gc,heap      ] GC(519) ParNew: 241400K->1594K(270336K)
[1220.766s][info ][gc,heap      ] GC(519) CMS: 228741K->228763K(600768K)
[1220.766s][info ][gc,metaspace ] GC(519) Metaspace: 58490K->58490K(1101824K)
[1220.766s][info ][gc           ] GC(519) Pause Young (Allocation Failure) 459M->224M(850M) 2.650ms
[1220.766s][info ][gc,cpu       ] GC(519) User=0.00s Sys=0.00s Real=0.00s
[1220.766s][info ][safepoint    ] Leaving safepoint region
[1220.766s][info ][safepoint    ] Total time for which application threads were stopped: 0.0028348 seconds, Stopping threads took: 0.0000167 seconds
[1221.766s][info ][safepoint    ] Application time: 1.0000918 seconds
[1221.766s][info ][safepoint    ] Entering safepoint region: Cleanup
[1221.766s][info ][safepoint    ] Leaving safepoint region
[1221.766s][info ][safepoint    ] Total time for which application threads were stopped: 0.0000727 seconds, Stopping threads took: 0.0000186 seconds
[1222.766s][info ][safepoint    ] Application time: 1.0000821 seconds
[1222.766s][info ][safepoint    ] Entering safepoint region: Cleanup
[1222.766s][info ][safepoint    ] Leaving safepoint region
[1222.766s][info ][safepoint    ] Total time for which application threads were stopped: 0.0000772 seconds, Stopping threads took: 0.0000160 seconds
[1223.767s][info ][safepoint    ] Application time: 1.0000811 seconds
[1223.767s][info ][safepoint    ] Entering safepoint region: Cleanup
[1223.767s][info ][safepoint    ] Leaving safepoint region
[1223.767s][info ][safepoint    ] Total time for which application threads were stopped: 0.0002175 seconds, Stopping threads took: 0.0000396 seconds
[1223.910s][info ][safepoint    ] Application time: 0.1427435 seconds
[1223.910s][info ][safepoint    ] Entering safepoint region: GenCollectForAllocation
[1223.910s][info ][gc,start     ] GC(520) Pause Young (Allocation Failure)
[1223.910s][info ][gc,task      ] GC(520) Using 4 workers of 4 for evacuation
[1223.912s][debug][gc,ref       ] GC(520) Skipped phase1 of Reference Processing due to unavailable references
[1223.912s][debug][gc,ref       ] GC(520) Skipped phase2 of Reference Processing due to unavailable references
[1223.912s][debug][gc,ref       ] GC(520) Skipped phase3 of Reference Processing due to unavailable references
[1223.912s][debug][gc,ref       ] GC(520) Skipped phase4 of Reference Processing due to unavailable references
[1223.912s][debug][gc,age       ] GC(520) Desired survivor size 15368192 bytes, new threshold 6 (max threshold 6)
[1223.912s][info ][gc,heap      ] GC(520) ParNew: 241914K->1802K(270336K)
[1223.912s][info ][gc,heap      ] GC(520) CMS: 228763K->228780K(600768K)
[1223.912s][info ][gc,metaspace ] GC(520) Metaspace: 58490K->58490K(1101824K)
[1223.912s][info ][gc           ] GC(520) Pause Young (Allocation Failure) 459M->225M(850M) 2.664ms
[1223.912s][info ][gc,cpu       ] GC(520) User=0.01s Sys=0.00s Real=0.01s
[1223.912s][info ][safepoint    ] Leaving safepoint region
[1223.912s][info ][safepoint    ] Total time for which application threads were stopped: 0.0028088 seconds, Stopping threads took: 0.0000166 seconds
[1224.912s][info ][safepoint    ] Application time: 1.0000949 seconds
[1224.913s][info ][safepoint    ] Entering safepoint region: Cleanup
[1224.913s][info ][safepoint    ] Leaving safepoint region
[1224.913s][info ][safepoint    ] Total time for which application threads were stopped: 0.0001829 seconds, Stopping threads took: 0.0000439 seconds
[1225.913s][info ][safepoint    ] Application time: 1.0000915 seconds
[1225.913s][info ][safepoint    ] Entering safepoint region: Cleanup
[1225.913s][info ][safepoint    ] Leaving safepoint region
[1225.913s][info ][safepoint    ] Total time for which application threads were stopped: 0.0001109 seconds, Stopping threads took: 0.0000419 seconds
[1226.913s][info ][safepoint    ] Application time: 1.0001007 seconds
[1226.913s][info ][safepoint    ] Entering safepoint region: Cleanup
[1226.913s][info ][safepoint    ] Leaving safepoint region
[1226.913s][info ][safepoint    ] Total time for which application threads were stopped: 0.0001509 seconds, Stopping threads took: 0.0000488 seconds
[1227.016s][info ][safepoint    ] Application time: 0.1024466 seconds
[1227.016s][info ][safepoint    ] Entering safepoint region: GenCollectForAllocation
[1227.016s][info ][gc,start     ] GC(521) Pause Young (Allocation Failure)
[1227.016s][info ][gc,task      ] GC(521) Using 4 workers of 4 for evacuation
[1227.019s][debug][gc,ref       ] GC(521) Skipped phase1 of Reference Processing due to unavailable references
[1227.019s][debug][gc,ref       ] GC(521) Skipped phase2 of Reference Processing due to unavailable references
[1227.019s][debug][gc,ref       ] GC(521) Skipped phase3 of Reference Processing due to unavailable references
[1227.019s][debug][gc,ref       ] GC(521) Skipped phase4 of Reference Processing due to unavailable references
[1227.019s][debug][gc,age       ] GC(521) Desired survivor size 15368192 bytes, new threshold 6 (max threshold 6)
[1227.019s][info ][gc,heap      ] GC(521) ParNew: 242122K->1907K(270336K)
[1227.019s][info ][gc,heap      ] GC(521) CMS: 228780K->228895K(600768K)
[1227.019s][info ][gc,metaspace ] GC(521) Metaspace: 58490K->58490K(1101824K)
[1227.019s][info ][gc           ] GC(521) Pause Young (Allocation Failure) 459M->225M(850M) 3.112ms
[1227.019s][info ][gc,cpu       ] GC(521) User=0.01s Sys=0.00s Real=0.00s
[1227.019s][info ][safepoint    ] Leaving safepoint region
[1227.019s][info ][safepoint    ] Total time for which application threads were stopped: 0.0032681 seconds, Stopping threads took: 0.0000289 seconds
[1228.019s][info ][safepoint    ] Application time: 1.0001061 seconds
[1228.019s][info ][safepoint    ] Entering safepoint region: Cleanup
[1228.019s][info ][safepoint    ] Leaving safepoint region
[1228.019s][info ][safepoint    ] Total time for which application threads were stopped: 0.0000895 seconds, Stopping threads took: 0.0000302 seconds
[1229.019s][info ][safepoint    ] Application time: 1.0001368 seconds
[1229.019s][info ][safepoint    ] Entering safepoint region: Cleanup
[1229.019s][info ][safepoint    ] Leaving safepoint region
[1229.019s][info ][safepoint    ] Total time for which application threads were stopped: 0.0000944 seconds, Stopping threads took: 0.0000334 seconds
[1230.020s][info ][safepoint    ] Application time: 1.0000909 seconds
[1230.020s][info ][safepoint    ] Entering safepoint region: Cleanup
[1230.020s][info ][safepoint    ] Leaving safepoint region
[1230.020s][info ][safepoint    ] Total time for which application threads were stopped: 0.0000706 seconds, Stopping threads took: 0.0000173 seconds
[1230.216s][info ][safepoint    ] Application time: 0.1959210 seconds
[1230.216s][info ][safepoint    ] Entering safepoint region: GenCollectForAllocation
[1230.216s][info ][gc,start     ] GC(522) Pause Young (Allocation Failure)
[1230.216s][info ][gc,task      ] GC(522) Using 4 workers of 4 for evacuation
[1230.218s][debug][gc,ref       ] GC(522) Skipped phase1 of Reference Processing due to unavailable references
[1230.219s][debug][gc,ref       ] GC(522) Skipped phase2 of Reference Processing due to unavailable references
[1230.219s][debug][gc,ref       ] GC(522) Skipped phase3 of Reference Processing due to unavailable references
[1230.219s][debug][gc,ref       ] GC(522) Skipped phase4 of Reference Processing due to unavailable references
[1230.219s][debug][gc,age       ] GC(522) Desired survivor size 15368192 bytes, new threshold 6 (max threshold 6)
[1230.219s][info ][gc,heap      ] GC(522) ParNew: 242227K->2266K(270336K)
[1230.219s][info ][gc,heap      ] GC(522) CMS: 228895K->229013K(600768K)
[1230.219s][info ][gc,metaspace ] GC(522) Metaspace: 58490K->58490K(1101824K)
[1230.219s][info ][gc           ] GC(522) Pause Young (Allocation Failure) 460M->225M(850M) 2.946ms
[1230.219s][info ][gc,cpu       ] GC(522) User=0.02s Sys=0.00s Real=0.00s
[1230.219s][info ][safepoint    ] Leaving safepoint region
[1230.219s][info ][safepoint    ] Total time for which application threads were stopped: 0.0030927 seconds, Stopping threads took: 0.0000166 seconds
[1231.219s][info ][safepoint    ] Application time: 1.0000888 seconds
[1231.219s][info ][safepoint    ] Entering safepoint region: Cleanup
[1231.219s][info ][safepoint    ] Leaving safepoint region
[1231.219s][info ][safepoint    ] Total time for which application threads were stopped: 0.0000800 seconds, Stopping threads took: 0.0000176 seconds
[1232.219s][info ][safepoint    ] Application time: 1.0000935 seconds
[1232.219s][info ][safepoint    ] Entering safepoint region: Cleanup
[1232.219s][info ][safepoint    ] Leaving safepoint region
[1232.219s][info ][safepoint    ] Total time for which application threads were stopped: 0.0001419 seconds, Stopping threads took: 0.0000867 seconds
[1233.220s][info ][safepoint    ] Application time: 1.0003235 seconds
[1233.220s][info ][safepoint    ] Entering safepoint region: Cleanup
[1233.220s][info ][safepoint    ] Leaving safepoint region
[1233.220s][info ][safepoint    ] Total time for which application threads were stopped: 0.0001754 seconds, Stopping threads took: 0.0000167 seconds
[1233.405s][info ][safepoint    ] Application time: 0.1852618 seconds
[1233.405s][info ][safepoint    ] Entering safepoint region: GenCollectForAllocation
[1233.405s][info ][gc,start     ] GC(523) Pause Young (Allocation Failure)
[1233.405s][info ][gc,task      ] GC(523) Using 4 workers of 4 for evacuation
[1233.408s][debug][gc,ref       ] GC(523) Skipped phase1 of Reference Processing due to unavailable references
[1233.408s][debug][gc,ref       ] GC(523) Skipped phase2 of Reference Processing due to unavailable references
[1233.408s][debug][gc,ref       ] GC(523) Skipped phase3 of Reference Processing due to unavailable references
[1233.408s][debug][gc,ref       ] GC(523) Skipped phase4 of Reference Processing due to unavailable references
[1233.408s][debug][gc,age       ] GC(523) Desired survivor size 15368192 bytes, new threshold 6 (max threshold 6)
[1233.408s][info ][gc,heap      ] GC(523) ParNew: 242586K->2577K(270336K)
[1233.408s][info ][gc,heap      ] GC(523) CMS: 229013K->229092K(600768K)
[1233.408s][info ][gc,metaspace ] GC(523) Metaspace: 58490K->58490K(1101824K)
[1233.408s][info ][gc           ] GC(523) Pause Young (Allocation Failure) 460M->226M(850M) 2.894ms
[1233.408s][info ][gc,cpu       ] GC(523) User=0.01s Sys=0.00s Real=0.00s
[1233.408s][info ][safepoint    ] Leaving safepoint region
[1233.408s][info ][safepoint    ] Total time for which application threads were stopped: 0.0030847 seconds, Stopping threads took: 0.0000363 seconds
[1234.408s][info ][safepoint    ] Application time: 1.0001133 seconds
[1234.408s][info ][safepoint    ] Entering safepoint region: Cleanup
[1234.408s][info ][safepoint    ] Leaving safepoint region
[1234.408s][info ][safepoint    ] Total time for which application threads were stopped: 0.0001202 seconds, Stopping threads took: 0.0000438 seconds
[1235.409s][info ][safepoint    ] Application time: 1.0001199 seconds
[1235.409s][info ][safepoint    ] Entering safepoint region: Cleanup
[1235.409s][info ][safepoint    ] Leaving safepoint region
[1235.409s][info ][safepoint    ] Total time for which application threads were stopped: 0.0001478 seconds, Stopping threads took: 0.0000834 seconds
[1236.409s][info ][safepoint    ] Application time: 1.0000689 seconds
[1236.409s][info ][safepoint    ] Entering safepoint region: Cleanup
[1236.409s][info ][safepoint    ] Leaving safepoint region
[1236.409s][info ][safepoint    ] Total time for which application threads were stopped: 0.0001298 seconds, Stopping threads took: 0.0000707 seconds
[1236.464s][info ][safepoint    ] Application time: 0.0551974 seconds
[1236.464s][info ][safepoint    ] Entering safepoint region: GenCollectForAllocation
[1236.464s][info ][gc,start     ] GC(524) Pause Young (Allocation Failure)
[1236.464s][info ][gc,task      ] GC(524) Using 4 workers of 4 for evacuation
[1236.467s][debug][gc,ref       ] GC(524) Skipped phase1 of Reference Processing due to unavailable references
[1236.467s][debug][gc,ref       ] GC(524) Skipped phase2 of Reference Processing due to unavailable references
[1236.467s][debug][gc,ref       ] GC(524) Skipped phase3 of Reference Processing due to unavailable references
[1236.467s][debug][gc,ref       ] GC(524) Skipped phase4 of Reference Processing due to unavailable references
[1236.467s][debug][gc,age       ] GC(524) Desired survivor size 15368192 bytes, new threshold 6 (max threshold 6)
[1236.467s][info ][gc,heap      ] GC(524) ParNew: 242897K->2211K(270336K)
[1236.467s][info ][gc,heap      ] GC(524) CMS: 229092K->229260K(600768K)
[1236.467s][info ][gc,metaspace ] GC(524) Metaspace: 58490K->58490K(1101824K)
[1236.467s][info ][gc           ] GC(524) Pause Young (Allocation Failure) 460M->226M(850M) 2.860ms
[1236.467s][info ][gc,cpu       ] GC(524) User=0.01s Sys=0.00s Real=0.00s
[1236.467s][info ][safepoint    ] Leaving safepoint region
[1236.467s][info ][safepoint    ] Total time for which application threads were stopped: 0.0030197 seconds, Stopping threads took: 0.0000163 seconds
[1237.467s][info ][safepoint    ] Application time: 1.0000999 seconds
[1237.467s][info ][safepoint    ] Entering safepoint region: Cleanup
[1237.467s][info ][safepoint    ] Leaving safepoint region
[1237.467s][info ][safepoint    ] Total time for which application threads were stopped: 0.0000768 seconds, Stopping threads took: 0.0000162 seconds
[1238.468s][info ][safepoint    ] Application time: 1.0000923 seconds
[1238.468s][info ][safepoint    ] Entering safepoint region: Cleanup
[1238.468s][info ][safepoint    ] Leaving safepoint region
[1238.468s][info ][safepoint    ] Total time for which application threads were stopped: 0.0000823 seconds, Stopping threads took: 0.0000286 seconds
[1239.468s][info ][safepoint    ] Application time: 1.0000860 seconds
[1239.468s][info ][safepoint    ] Entering safepoint region: Cleanup
[1239.468s][info ][safepoint    ] Leaving safepoint region
[1239.468s][info ][safepoint    ] Total time for which application threads were stopped: 0.0000680 seconds, Stopping threads took: 0.0000163 seconds
[1239.659s][info ][safepoint    ] Application time: 0.1914659 seconds
[1239.659s][info ][safepoint    ] Entering safepoint region: GenCollectForAllocation
[1239.660s][info ][gc,start     ] GC(525) Pause Young (Allocation Failure)
[1239.660s][info ][gc,task      ] GC(525) Using 4 workers of 4 for evacuation
[1239.663s][debug][gc,ref       ] GC(525) Skipped phase1 of Reference Processing due to unavailable references
[1239.663s][debug][gc,ref       ] GC(525) Skipped phase2 of Reference Processing due to unavailable references
[1239.663s][debug][gc,ref       ] GC(525) Skipped phase3 of Reference Processing due to unavailable references
[1239.663s][debug][gc,ref       ] GC(525) Skipped phase4 of Reference Processing due to unavailable references
[1239.663s][debug][gc,age       ] GC(525) Desired survivor size 15368192 bytes, new threshold 6 (max threshold 6)
[1239.663s][info ][gc,heap      ] GC(525) ParNew: 242531K->2040K(270336K)
[1239.663s][info ][gc,heap      ] GC(525) CMS: 229260K->229693K(600768K)
[1239.663s][info ][gc,metaspace ] GC(525) Metaspace: 58490K->58490K(1101824K)
[1239.663s][info ][gc           ] GC(525) Pause Young (Allocation Failure) 460M->226M(850M) 3.186ms
[1239.663s][info ][gc,cpu       ] GC(525) User=0.02s Sys=0.00s Real=0.01s
[1239.663s][info ][safepoint    ] Leaving safepoint region
[1239.663s][info ][safepoint    ] Total time for which application threads were stopped: 0.0033768 seconds, Stopping threads took: 0.0000148 seconds
[1240.663s][info ][safepoint    ] Application time: 1.0001001 seconds
[1240.663s][info ][safepoint    ] Entering safepoint region: Cleanup
[1240.663s][info ][safepoint    ] Leaving safepoint region
[1240.663s][info ][safepoint    ] Total time for which application threads were stopped: 0.0001621 seconds, Stopping threads took: 0.0000901 seconds
[1241.663s][info ][safepoint    ] Application time: 1.0000876 seconds
[1241.663s][info ][safepoint    ] Entering safepoint region: Cleanup
[1241.663s][info ][safepoint    ] Leaving safepoint region
[1241.663s][info ][safepoint    ] Total time for which application threads were stopped: 0.0001030 seconds, Stopping threads took: 0.0000418 seconds
[1242.663s][info ][safepoint    ] Application time: 1.0001261 seconds
[1242.664s][info ][safepoint    ] Entering safepoint region: Cleanup
[1242.664s][info ][safepoint    ] Leaving safepoint region
[1242.664s][info ][safepoint    ] Total time for which application threads were stopped: 0.0001185 seconds, Stopping threads took: 0.0000536 seconds
[1242.905s][info ][safepoint    ] Application time: 0.2416542 seconds
[1242.905s][info ][safepoint    ] Entering safepoint region: GenCollectForAllocation
[1242.905s][info ][gc,start     ] GC(526) Pause Young (Allocation Failure)
[1242.905s][info ][gc,task      ] GC(526) Using 4 workers of 4 for evacuation
[1242.908s][debug][gc,ref       ] GC(526) Skipped phase1 of Reference Processing due to unavailable references
[1242.908s][debug][gc,ref       ] GC(526) Skipped phase2 of Reference Processing due to unavailable references
[1242.908s][debug][gc,ref       ] GC(526) Skipped phase3 of Reference Processing due to unavailable references
[1242.908s][debug][gc,ref       ] GC(526) Skipped phase4 of Reference Processing due to unavailable references
[1242.908s][debug][gc,age       ] GC(526) Desired survivor size 15368192 bytes, new threshold 6 (max threshold 6)
[1242.908s][info ][gc,heap      ] GC(526) ParNew: 242360K->2010K(270336K)
[1242.908s][info ][gc,heap      ] GC(526) CMS: 229693K->230037K(600768K)
[1242.908s][info ][gc,metaspace ] GC(526) Metaspace: 58490K->58490K(1101824K)
[1242.908s][info ][gc           ] GC(526) Pause Young (Allocation Failure) 460M->226M(850M) 2.927ms
[1242.908s][info ][gc,cpu       ] GC(526) User=0.01s Sys=0.00s Real=0.00s
[1242.908s][info ][safepoint    ] Leaving safepoint region
[1242.908s][info ][safepoint    ] Total time for which application threads were stopped: 0.0030966 seconds, Stopping threads took: 0.0000168 seconds
[1243.908s][info ][safepoint    ] Application time: 1.0000717 seconds
[1243.909s][info ][safepoint    ] Entering safepoint region: Cleanup
[1243.909s][info ][safepoint    ] Leaving safepoint region
[1243.909s][info ][safepoint    ] Total time for which application threads were stopped: 0.0001245 seconds, Stopping threads took: 0.0000595 seconds
[1244.909s][info ][safepoint    ] Application time: 1.0001030 seconds
[1244.909s][info ][safepoint    ] Entering safepoint region: Cleanup
[1244.909s][info ][safepoint    ] Leaving safepoint region
[1244.909s][info ][safepoint    ] Total time for which application threads were stopped: 0.0001666 seconds, Stopping threads took: 0.0001007 seconds
[1245.909s][info ][safepoint    ] Application time: 1.0000879 seconds
[1245.909s][info ][safepoint    ] Entering safepoint region: Cleanup
[1245.909s][info ][safepoint    ] Leaving safepoint region
[1245.909s][info ][safepoint    ] Total time for which application threads were stopped: 0.0001078 seconds, Stopping threads took: 0.0000414 seconds
[1246.105s][info ][safepoint    ] Application time: 0.1957990 seconds
[1246.105s][info ][safepoint    ] Entering safepoint region: GenCollectForAllocation
[1246.105s][info ][gc,start     ] GC(527) Pause Young (Allocation Failure)
[1246.105s][info ][gc,task      ] GC(527) Using 4 workers of 4 for evacuation
[1246.107s][debug][gc,ref       ] GC(527) Skipped phase1 of Reference Processing due to unavailable references
[1246.107s][debug][gc,ref       ] GC(527) Skipped phase2 of Reference Processing due to unavailable references
[1246.107s][debug][gc,ref       ] GC(527) Skipped phase3 of Reference Processing due to unavailable references
[1246.107s][debug][gc,ref       ] GC(527) Skipped phase4 of Reference Processing due to unavailable references
[1246.108s][debug][gc,age       ] GC(527) Desired survivor size 15368192 bytes, new threshold 6 (max threshold 6)
[1246.108s][info ][gc,heap      ] GC(527) ParNew: 242330K->1534K(270336K)
[1246.108s][info ][gc,heap      ] GC(527) CMS: 230037K->230065K(600768K)
[1246.108s][info ][gc,metaspace ] GC(527) Metaspace: 58493K->58493K(1101824K)
[1246.108s][info ][gc           ] GC(527) Pause Young (Allocation Failure) 461M->226M(850M) 2.437ms
[1246.108s][info ][gc,cpu       ] GC(527) User=0.00s Sys=0.01s Real=0.00s
[1246.108s][info ][safepoint    ] Leaving safepoint region
[1246.108s][info ][safepoint    ] Total time for which application threads were stopped: 0.0026481 seconds, Stopping threads took: 0.0000832 seconds
[1247.108s][info ][safepoint    ] Application time: 1.0005851 seconds
[1247.108s][info ][safepoint    ] Entering safepoint region: Cleanup
[1247.108s][info ][safepoint    ] Leaving safepoint region
[1247.108s][info ][safepoint    ] Total time for which application threads were stopped: 0.0001149 seconds, Stopping threads took: 0.0000523 seconds
[1248.109s][info ][safepoint    ] Application time: 1.0001069 seconds
[1248.109s][info ][safepoint    ] Entering safepoint region: Cleanup
[1248.109s][info ][safepoint    ] Leaving safepoint region
[1248.109s][info ][safepoint    ] Total time for which application threads were stopped: 0.0001126 seconds, Stopping threads took: 0.0000479 seconds
[1249.109s][info ][safepoint    ] Application time: 1.0000910 seconds
[1249.109s][info ][safepoint    ] Entering safepoint region: Cleanup
[1249.109s][info ][safepoint    ] Leaving safepoint region
[1249.109s][info ][safepoint    ] Total time for which application threads were stopped: 0.0001152 seconds, Stopping threads took: 0.0000503 seconds
[1249.309s][info ][safepoint    ] Application time: 0.2005299 seconds
[1249.309s][info ][safepoint    ] Entering safepoint region: GenCollectForAllocation
[1249.310s][info ][gc,start     ] GC(528) Pause Young (Allocation Failure)
[1249.310s][info ][gc,task      ] GC(528) Using 4 workers of 4 for evacuation
[1249.312s][debug][gc,ref       ] GC(528) Skipped phase1 of Reference Processing due to unavailable references
[1249.312s][debug][gc,ref       ] GC(528) Skipped phase2 of Reference Processing due to unavailable references
[1249.312s][debug][gc,ref       ] GC(528) Skipped phase3 of Reference Processing due to unavailable references
[1249.312s][debug][gc,ref       ] GC(528) Skipped phase4 of Reference Processing due to unavailable references
[1249.312s][debug][gc,age       ] GC(528) Desired survivor size 15368192 bytes, new threshold 6 (max threshold 6)
[1249.312s][info ][gc,heap      ] GC(528) ParNew: 241854K->1419K(270336K)
[1249.312s][info ][gc,heap      ] GC(528) CMS: 230065K->230572K(600768K)
[1249.312s][info ][gc,metaspace ] GC(528) Metaspace: 58493K->58493K(1101824K)
[1249.312s][info ][gc           ] GC(528) Pause Young (Allocation Failure) 460M->226M(850M) 2.415ms
[1249.312s][info ][gc,cpu       ] GC(528) User=0.01s Sys=0.00s Real=0.01s
[1249.312s][info ][safepoint    ] Leaving safepoint region
[1249.312s][info ][safepoint    ] Total time for which application threads were stopped: 0.0025626 seconds, Stopping threads took: 0.0000155 seconds
[1250.312s][info ][safepoint    ] Application time: 1.0001106 seconds
[1250.312s][info ][safepoint    ] Entering safepoint region: Cleanup
[1250.312s][info ][safepoint    ] Leaving safepoint region
[1250.312s][info ][safepoint    ] Total time for which application threads were stopped: 0.0001180 seconds, Stopping threads took: 0.0000403 seconds
[1251.312s][info ][safepoint    ] Application time: 1.0001346 seconds
[1251.313s][info ][safepoint    ] Entering safepoint region: Cleanup
[1251.313s][info ][safepoint    ] Leaving safepoint region
[1251.313s][info ][safepoint    ] Total time for which application threads were stopped: 0.0001666 seconds, Stopping threads took: 0.0000825 seconds
[1252.313s][info ][safepoint    ] Application time: 1.0006221 seconds
[1252.313s][info ][safepoint    ] Entering safepoint region: Cleanup
[1252.313s][info ][safepoint    ] Leaving safepoint region
[1252.313s][info ][safepoint    ] Total time for which application threads were stopped: 0.0001343 seconds, Stopping threads took: 0.0000555 seconds
[1252.455s][info ][safepoint    ] Application time: 0.1418161 seconds
[1252.455s][info ][safepoint    ] Entering safepoint region: GenCollectForAllocation
[1252.455s][info ][gc,start     ] GC(529) Pause Young (Allocation Failure)
[1252.455s][info ][gc,task      ] GC(529) Using 4 workers of 4 for evacuation
[1252.457s][debug][gc,ref       ] GC(529) Skipped phase1 of Reference Processing due to unavailable references
[1252.457s][debug][gc,ref       ] GC(529) Skipped phase2 of Reference Processing due to unavailable references
[1252.457s][debug][gc,ref       ] GC(529) Skipped phase3 of Reference Processing due to unavailable references
[1252.457s][debug][gc,ref       ] GC(529) Skipped phase4 of Reference Processing due to unavailable references
[1252.458s][debug][gc,age       ] GC(529) Desired survivor size 15368192 bytes, new threshold 6 (max threshold 6)
[1252.458s][info ][gc,heap      ] GC(529) ParNew: 241739K->1284K(270336K)
[1252.458s][info ][gc,heap      ] GC(529) CMS: 230572K->230664K(600768K)
[1252.458s][info ][gc,metaspace ] GC(529) Metaspace: 58493K->58493K(1101824K)
[1252.458s][info ][gc           ] GC(529) Pause Young (Allocation Failure) 461M->226M(850M) 2.300ms
[1252.458s][info ][gc,cpu       ] GC(529) User=0.01s Sys=0.00s Real=0.00s
[1252.458s][info ][safepoint    ] Leaving safepoint region
[1252.458s][info ][safepoint    ] Total time for which application threads were stopped: 0.0024462 seconds, Stopping threads took: 0.0000182 seconds
[1253.458s][info ][safepoint    ] Application time: 1.0001504 seconds
[1253.458s][info ][safepoint    ] Entering safepoint region: Cleanup
[1253.458s][info ][safepoint    ] Leaving safepoint region
[1253.458s][info ][safepoint    ] Total time for which application threads were stopped: 0.0001212 seconds, Stopping threads took: 0.0000495 seconds
[1254.458s][info ][safepoint    ] Application time: 1.0000901 seconds
[1254.458s][info ][safepoint    ] Entering safepoint region: Cleanup
[1254.458s][info ][safepoint    ] Leaving safepoint region
[1254.458s][info ][safepoint    ] Total time for which application threads were stopped: 0.0001220 seconds, Stopping threads took: 0.0000625 seconds
[1255.458s][info ][safepoint    ] Application time: 1.0000918 seconds
[1255.458s][info ][safepoint    ] Entering safepoint region: Cleanup
[1255.458s][info ][safepoint    ] Leaving safepoint region
[1255.459s][info ][safepoint    ] Total time for which application threads were stopped: 0.0001076 seconds, Stopping threads took: 0.0000430 seconds
[1255.660s][info ][safepoint    ] Application time: 0.2012005 seconds
[1255.660s][info ][safepoint    ] Entering safepoint region: GenCollectForAllocation
[1255.660s][info ][gc,start     ] GC(530) Pause Young (Allocation Failure)
[1255.660s][info ][gc,task      ] GC(530) Using 4 workers of 4 for evacuation
[1255.662s][debug][gc,ref       ] GC(530) Skipped phase1 of Reference Processing due to unavailable references
[1255.662s][debug][gc,ref       ] GC(530) Skipped phase2 of Reference Processing due to unavailable references
[1255.662s][debug][gc,ref       ] GC(530) Skipped phase3 of Reference Processing due to unavailable references
[1255.662s][debug][gc,ref       ] GC(530) Skipped phase4 of Reference Processing due to unavailable references
[1255.662s][debug][gc,age       ] GC(530) Desired survivor size 15368192 bytes, new threshold 6 (max threshold 6)
[1255.663s][info ][gc,heap      ] GC(530) ParNew: 241604K->1212K(270336K)
[1255.663s][info ][gc,heap      ] GC(530) CMS: 230664K->230766K(600768K)
[1255.663s][info ][gc,metaspace ] GC(530) Metaspace: 58493K->58493K(1101824K)
[1255.663s][info ][gc           ] GC(530) Pause Young (Allocation Failure) 461M->226M(850M) 2.647ms
[1255.663s][info ][gc,cpu       ] GC(530) User=0.01s Sys=0.01s Real=0.01s
[1255.663s][info ][safepoint    ] Leaving safepoint region
[1255.663s][info ][safepoint    ] Total time for which application threads were stopped: 0.0028628 seconds, Stopping threads took: 0.0000170 seconds
[1256.663s][info ][safepoint    ] Application time: 1.0001072 seconds
[1256.663s][info ][safepoint    ] Entering safepoint region: Cleanup
[1256.663s][info ][safepoint    ] Leaving safepoint region
[1256.663s][info ][safepoint    ] Total time for which application threads were stopped: 0.0001661 seconds, Stopping threads took: 0.0000958 seconds
[1257.663s][info ][safepoint    ] Application time: 1.0000764 seconds
[1257.663s][info ][safepoint    ] Entering safepoint region: Cleanup
[1257.663s][info ][safepoint    ] Leaving safepoint region
[1257.663s][info ][safepoint    ] Total time for which application threads were stopped: 0.0001165 seconds, Stopping threads took: 0.0000446 seconds
[1258.663s][info ][safepoint    ] Application time: 1.0000957 seconds
[1258.663s][info ][safepoint    ] Entering safepoint region: Cleanup
[1258.663s][info ][safepoint    ] Leaving safepoint region
[1258.663s][info ][safepoint    ] Total time for which application threads were stopped: 0.0001074 seconds, Stopping threads took: 0.0000450 seconds
[1258.916s][info ][safepoint    ] Application time: 0.2529973 seconds
[1258.916s][info ][safepoint    ] Entering safepoint region: GenCollectForAllocation
[1258.917s][info ][gc,start     ] GC(531) Pause Young (Allocation Failure)
[1258.917s][info ][gc,task      ] GC(531) Using 4 workers of 4 for evacuation
[1258.930s][debug][gc,ref       ] GC(531) Skipped phase1 of Reference Processing due to unavailable references
[1258.930s][debug][gc,ref       ] GC(531) Skipped phase2 of Reference Processing due to unavailable references
[1258.930s][debug][gc,ref       ] GC(531) Skipped phase3 of Reference Processing due to unavailable references
[1258.930s][debug][gc,ref       ] GC(531) Skipped phase4 of Reference Processing due to unavailable references
[1258.930s][debug][gc,age       ] GC(531) Desired survivor size 15368192 bytes, new threshold 6 (max threshold 6)
[1258.930s][info ][gc,heap      ] GC(531) ParNew: 241532K->1159K(270336K)
[1258.930s][info ][gc,heap      ] GC(531) CMS: 230766K->230829K(600768K)
[1258.930s][info ][gc,metaspace ] GC(531) Metaspace: 58493K->58493K(1101824K)
[1258.930s][info ][gc           ] GC(531) Pause Young (Allocation Failure) 461M->226M(850M) 13.858ms
[1258.930s][info ][gc,cpu       ] GC(531) User=0.02s Sys=0.00s Real=0.02s
[1258.930s][info ][safepoint    ] Leaving safepoint region
[1258.930s][info ][safepoint    ] Total time for which application threads were stopped: 0.0140653 seconds, Stopping threads took: 0.0000243 seconds
[1259.931s][info ][safepoint    ] Application time: 1.0001004 seconds
[1259.931s][info ][safepoint    ] Entering safepoint region: Cleanup
[1259.931s][info ][safepoint    ] Leaving safepoint region
[1259.931s][info ][safepoint    ] Total time for which application threads were stopped: 0.0000772 seconds, Stopping threads took: 0.0000194 seconds
[1260.931s][info ][safepoint    ] Application time: 1.0000964 seconds
[1260.931s][info ][safepoint    ] Entering safepoint region: Cleanup
[1260.931s][info ][safepoint    ] Leaving safepoint region
[1260.931s][info ][safepoint    ] Total time for which application threads were stopped: 0.0001103 seconds, Stopping threads took: 0.0000236 seconds
[1261.931s][info ][safepoint    ] Application time: 1.0000928 seconds
[1261.931s][info ][safepoint    ] Entering safepoint region: Cleanup
[1261.931s][info ][safepoint    ] Leaving safepoint region
[1261.931s][info ][safepoint    ] Total time for which application threads were stopped: 0.0001051 seconds, Stopping threads took: 0.0000223 seconds
[1262.006s][info ][safepoint    ] Application time: 0.0746833 seconds
[1262.006s][info ][safepoint    ] Entering safepoint region: GenCollectForAllocation
[1262.006s][info ][gc,start     ] GC(532) Pause Young (Allocation Failure)
[1262.006s][info ][gc,task      ] GC(532) Using 4 workers of 4 for evacuation
[1262.009s][debug][gc,ref       ] GC(532) Skipped phase1 of Reference Processing due to unavailable references
[1262.009s][debug][gc,ref       ] GC(532) Skipped phase2 of Reference Processing due to unavailable references
[1262.009s][debug][gc,ref       ] GC(532) Skipped phase3 of Reference Processing due to unavailable references
[1262.009s][debug][gc,ref       ] GC(532) Skipped phase4 of Reference Processing due to unavailable references
[1262.009s][debug][gc,age       ] GC(532) Desired survivor size 15368192 bytes, new threshold 6 (max threshold 6)
[1262.009s][info ][gc,heap      ] GC(532) ParNew: 241479K->968K(270336K)
[1262.009s][info ][gc,heap      ] GC(532) CMS: 230829K->230967K(600768K)
[1262.009s][info ][gc,metaspace ] GC(532) Metaspace: 58493K->58493K(1101824K)
[1262.009s][info ][gc           ] GC(532) Pause Young (Allocation Failure) 461M->226M(850M) 3.247ms
[1262.009s][info ][gc,cpu       ] GC(532) User=0.01s Sys=0.00s Real=0.00s
[1262.009s][info ][safepoint    ] Leaving safepoint region
[1262.009s][info ][safepoint    ] Total time for which application threads were stopped: 0.0035431 seconds, Stopping threads took: 0.0000344 seconds
[1263.010s][info ][safepoint    ] Application time: 1.0001337 seconds
[1263.010s][info ][safepoint    ] Entering safepoint region: Cleanup
[1263.010s][info ][safepoint    ] Leaving safepoint region
[1263.010s][info ][safepoint    ] Total time for which application threads were stopped: 0.0002294 seconds, Stopping threads took: 0.0001251 seconds
[1264.010s][info ][safepoint    ] Application time: 1.0001292 seconds
[1264.010s][info ][safepoint    ] Entering safepoint region: Cleanup
[1264.010s][info ][safepoint    ] Leaving safepoint region
[1264.010s][info ][safepoint    ] Total time for which application threads were stopped: 0.0001554 seconds, Stopping threads took: 0.0000696 seconds
[1265.010s][info ][safepoint    ] Application time: 1.0001049 seconds
[1265.010s][info ][safepoint    ] Entering safepoint region: Cleanup
[1265.011s][info ][safepoint    ] Leaving safepoint region
[1265.011s][info ][safepoint    ] Total time for which application threads were stopped: 0.0001661 seconds, Stopping threads took: 0.0000675 seconds
[1265.157s][info ][safepoint    ] Application time: 0.1465854 seconds
[1265.157s][info ][safepoint    ] Entering safepoint region: GenCollectForAllocation
[1265.157s][info ][gc,start     ] GC(533) Pause Young (Allocation Failure)
[1265.157s][info ][gc,task      ] GC(533) Using 4 workers of 4 for evacuation
[1265.160s][debug][gc,ref       ] GC(533) Skipped phase1 of Reference Processing due to unavailable references
[1265.160s][debug][gc,ref       ] GC(533) Skipped phase2 of Reference Processing due to unavailable references
[1265.160s][debug][gc,ref       ] GC(533) Skipped phase3 of Reference Processing due to unavailable references
[1265.160s][debug][gc,ref       ] GC(533) Skipped phase4 of Reference Processing due to unavailable references
[1265.160s][debug][gc,age       ] GC(533) Desired survivor size 15368192 bytes, new threshold 6 (max threshold 6)
[1265.160s][info ][gc,heap      ] GC(533) ParNew: 241288K->1744K(270336K)
[1265.160s][info ][gc,heap      ] GC(533) CMS: 230967K->230994K(600768K)
[1265.160s][info ][gc,metaspace ] GC(533) Metaspace: 58493K->58493K(1101824K)
[1265.160s][info ][gc           ] GC(533) Pause Young (Allocation Failure) 461M->227M(850M) 2.583ms
[1265.160s][info ][gc,cpu       ] GC(533) User=0.01s Sys=0.00s Real=0.00s
[1265.160s][info ][safepoint    ] Leaving safepoint region
[1265.160s][info ][safepoint    ] Total time for which application threads were stopped: 0.0027465 seconds, Stopping threads took: 0.0000294 seconds
[1266.160s][info ][safepoint    ] Application time: 1.0001707 seconds
[1266.160s][info ][safepoint    ] Entering safepoint region: Cleanup
[1266.160s][info ][safepoint    ] Leaving safepoint region
[1266.160s][info ][safepoint    ] Total time for which application threads were stopped: 0.0001104 seconds, Stopping threads took: 0.0000420 seconds
[1267.160s][info ][safepoint    ] Application time: 1.0000929 seconds
[1267.160s][info ][safepoint    ] Entering safepoint region: Cleanup
[1267.161s][info ][safepoint    ] Leaving safepoint region
[1267.161s][info ][safepoint    ] Total time for which application threads were stopped: 0.0001414 seconds, Stopping threads took: 0.0000768 seconds
[1268.161s][info ][safepoint    ] Application time: 1.0000987 seconds
[1268.161s][info ][safepoint    ] Entering safepoint region: Cleanup
[1268.161s][info ][safepoint    ] Leaving safepoint region
[1268.161s][info ][safepoint    ] Total time for which application threads were stopped: 0.0001470 seconds, Stopping threads took: 0.0000776 seconds
[1268.354s][info ][safepoint    ] Application time: 0.1934650 seconds
[1268.354s][info ][safepoint    ] Entering safepoint region: GenCollectForAllocation
[1268.354s][info ][gc,start     ] GC(534) Pause Young (Allocation Failure)
[1268.354s][info ][gc,task      ] GC(534) Using 4 workers of 4 for evacuation
[1268.357s][debug][gc,ref       ] GC(534) Skipped phase1 of Reference Processing due to unavailable references
[1268.357s][debug][gc,ref       ] GC(534) Skipped phase2 of Reference Processing due to unavailable references
[1268.357s][debug][gc,ref       ] GC(534) Skipped phase3 of Reference Processing due to unavailable references
[1268.357s][debug][gc,ref       ] GC(534) Skipped phase4 of Reference Processing due to unavailable references
[1268.357s][debug][gc,age       ] GC(534) Desired survivor size 15368192 bytes, new threshold 6 (max threshold 6)
[1268.357s][info ][gc,heap      ] GC(534) ParNew: 242064K->1901K(270336K)
[1268.357s][info ][gc,heap      ] GC(534) CMS: 230994K->231142K(600768K)
[1268.357s][info ][gc,metaspace ] GC(534) Metaspace: 58493K->58493K(1101824K)
[1268.357s][info ][gc           ] GC(534) Pause Young (Allocation Failure) 461M->227M(850M) 2.605ms
[1268.357s][info ][gc,cpu       ] GC(534) User=0.00s Sys=0.00s Real=0.00s
[1268.357s][info ][safepoint    ] Leaving safepoint region
[1268.357s][info ][safepoint    ] Total time for which application threads were stopped: 0.0027628 seconds, Stopping threads took: 0.0000190 seconds
[1269.357s][info ][safepoint    ] Application time: 1.0001168 seconds
[1269.357s][info ][safepoint    ] Entering safepoint region: Cleanup
[1269.358s][info ][safepoint    ] Leaving safepoint region
[1269.358s][info ][safepoint    ] Total time for which application threads were stopped: 0.0004326 seconds, Stopping threads took: 0.0002218 seconds
[1270.358s][info ][safepoint    ] Application time: 1.0001188 seconds
[1270.358s][info ][safepoint    ] Entering safepoint region: Cleanup
[1270.358s][info ][safepoint    ] Leaving safepoint region
[1270.358s][info ][safepoint    ] Total time for which application threads were stopped: 0.0001461 seconds, Stopping threads took: 0.0000731 seconds
[1271.358s][info ][safepoint    ] Application time: 1.0000864 seconds
[1271.358s][info ][safepoint    ] Entering safepoint region: Cleanup
[1271.358s][info ][safepoint    ] Leaving safepoint region
[1271.358s][info ][safepoint    ] Total time for which application threads were stopped: 0.0001329 seconds, Stopping threads took: 0.0000616 seconds
[1271.615s][info ][safepoint    ] Application time: 0.2571036 seconds
[1271.615s][info ][safepoint    ] Entering safepoint region: GenCollectForAllocation
[1271.616s][info ][gc,start     ] GC(535) Pause Young (Allocation Failure)
[1271.616s][info ][gc,task      ] GC(535) Using 4 workers of 4 for evacuation
[1271.618s][debug][gc,ref       ] GC(535) Skipped phase1 of Reference Processing due to unavailable references
[1271.618s][debug][gc,ref       ] GC(535) Skipped phase2 of Reference Processing due to unavailable references
[1271.618s][debug][gc,ref       ] GC(535) Skipped phase3 of Reference Processing due to unavailable references
[1271.618s][debug][gc,ref       ] GC(535) Skipped phase4 of Reference Processing due to unavailable references
[1271.618s][debug][gc,age       ] GC(535) Desired survivor size 15368192 bytes, new threshold 6 (max threshold 6)
[1271.618s][info ][gc,heap      ] GC(535) ParNew: 242221K->2044K(270336K)
[1271.618s][info ][gc,heap      ] GC(535) CMS: 231142K->231159K(600768K)
[1271.618s][info ][gc,metaspace ] GC(535) Metaspace: 58493K->58493K(1101824K)
[1271.618s][info ][gc           ] GC(535) Pause Young (Allocation Failure) 462M->227M(850M) 2.596ms
[1271.618s][info ][gc,cpu       ] GC(535) User=0.01s Sys=0.00s Real=0.00s
[1271.618s][info ][safepoint    ] Leaving safepoint region
[1271.618s][info ][safepoint    ] Total time for which application threads were stopped: 0.0027422 seconds, Stopping threads took: 0.0000161 seconds
[1272.618s][info ][safepoint    ] Application time: 1.0001005 seconds
[1272.618s][info ][safepoint    ] Entering safepoint region: Cleanup
[1272.618s][info ][safepoint    ] Leaving safepoint region
[1272.618s][info ][safepoint    ] Total time for which application threads were stopped: 0.0000869 seconds, Stopping threads took: 0.0000177 seconds
[1273.618s][info ][safepoint    ] Application time: 1.0001001 seconds
[1273.619s][info ][safepoint    ] Entering safepoint region: Cleanup
[1273.619s][info ][safepoint    ] Leaving safepoint region
[1273.619s][info ][safepoint    ] Total time for which application threads were stopped: 0.0000704 seconds, Stopping threads took: 0.0000161 seconds
[1274.619s][info ][safepoint    ] Application time: 1.0000753 seconds
[1274.619s][info ][safepoint    ] Entering safepoint region: Cleanup
[1274.619s][info ][safepoint    ] Leaving safepoint region
[1274.619s][info ][safepoint    ] Total time for which application threads were stopped: 0.0000768 seconds, Stopping threads took: 0.0000182 seconds
[1274.858s][info ][safepoint    ] Application time: 0.2390263 seconds
[1274.858s][info ][safepoint    ] Entering safepoint region: GenCollectForAllocation
[1274.858s][info ][gc,start     ] GC(536) Pause Young (Allocation Failure)
[1274.858s][info ][gc,task      ] GC(536) Using 4 workers of 4 for evacuation
[1274.861s][debug][gc,ref       ] GC(536) Skipped phase1 of Reference Processing due to unavailable references
[1274.861s][debug][gc,ref       ] GC(536) Skipped phase2 of Reference Processing due to unavailable references
[1274.861s][debug][gc,ref       ] GC(536) Skipped phase3 of Reference Processing due to unavailable references
[1274.861s][debug][gc,ref       ] GC(536) Skipped phase4 of Reference Processing due to unavailable references
[1274.861s][debug][gc,age       ] GC(536) Desired survivor size 15368192 bytes, new threshold 6 (max threshold 6)
[1274.861s][info ][gc,heap      ] GC(536) ParNew: 242364K->2297K(270336K)
[1274.861s][info ][gc,heap      ] GC(536) CMS: 231159K->231232K(600768K)
[1274.861s][info ][gc,metaspace ] GC(536) Metaspace: 58493K->58493K(1101824K)
[1274.861s][info ][gc           ] GC(536) Pause Young (Allocation Failure) 462M->228M(850M) 2.851ms
[1274.861s][info ][gc,cpu       ] GC(536) User=0.01s Sys=0.00s Real=0.00s
[1274.861s][info ][safepoint    ] Leaving safepoint region
[1274.861s][info ][safepoint    ] Total time for which application threads were stopped: 0.0033860 seconds, Stopping threads took: 0.0000157 seconds
[1275.861s][info ][safepoint    ] Application time: 1.0001074 seconds
[1275.861s][info ][safepoint    ] Entering safepoint region: Cleanup
[1275.861s][info ][safepoint    ] Leaving safepoint region
[1275.861s][info ][safepoint    ] Total time for which application threads were stopped: 0.0001233 seconds, Stopping threads took: 0.0000423 seconds
[1276.862s][info ][safepoint    ] Application time: 1.0000993 seconds
[1276.862s][info ][safepoint    ] Entering safepoint region: Cleanup
[1276.862s][info ][safepoint    ] Leaving safepoint region
[1276.862s][info ][safepoint    ] Total time for which application threads were stopped: 0.0001204 seconds, Stopping threads took: 0.0000490 seconds
[1277.862s][info ][safepoint    ] Application time: 1.0001960 seconds
[1277.862s][info ][safepoint    ] Entering safepoint region: Cleanup
[1277.862s][info ][safepoint    ] Leaving safepoint region
[1277.862s][info ][safepoint    ] Total time for which application threads were stopped: 0.0001027 seconds, Stopping threads took: 0.0000402 seconds
[1278.069s][info ][safepoint    ] Application time: 0.2064356 seconds
[1278.069s][info ][safepoint    ] Entering safepoint region: GenCollectForAllocation
[1278.069s][info ][gc,start     ] GC(537) Pause Young (Allocation Failure)
[1278.069s][info ][gc,task      ] GC(537) Using 4 workers of 4 for evacuation
[1278.072s][debug][gc,ref       ] GC(537) Skipped phase1 of Reference Processing due to unavailable references
[1278.072s][debug][gc,ref       ] GC(537) Skipped phase2 of Reference Processing due to unavailable references
[1278.072s][debug][gc,ref       ] GC(537) Skipped phase3 of Reference Processing due to unavailable references
[1278.072s][debug][gc,ref       ] GC(537) Skipped phase4 of Reference Processing due to unavailable references
[1278.072s][debug][gc,age       ] GC(537) Desired survivor size 15368192 bytes, new threshold 6 (max threshold 6)
[1278.072s][info ][gc,heap      ] GC(537) ParNew: 242617K->2249K(270336K)
[1278.072s][info ][gc,heap      ] GC(537) CMS: 231232K->231313K(600768K)
[1278.072s][info ][gc,metaspace ] GC(537) Metaspace: 58493K->58493K(1101824K)
[1278.072s][info ][gc           ] GC(537) Pause Young (Allocation Failure) 462M->228M(850M) 3.097ms
[1278.072s][info ][gc,cpu       ] GC(537) User=0.01s Sys=0.00s Real=0.01s
[1278.072s][info ][safepoint    ] Leaving safepoint region
[1278.072s][info ][safepoint    ] Total time for which application threads were stopped: 0.0032376 seconds, Stopping threads took: 0.0000164 seconds
[1279.072s][info ][safepoint    ] Application time: 1.0001071 seconds
[1279.072s][info ][safepoint    ] Entering safepoint region: Cleanup
[1279.072s][info ][safepoint    ] Leaving safepoint region
[1279.072s][info ][safepoint    ] Total time for which application threads were stopped: 0.0000870 seconds, Stopping threads took: 0.0000171 seconds
[1280.072s][info ][safepoint    ] Application time: 1.0000910 seconds
[1280.072s][info ][safepoint    ] Entering safepoint region: Cleanup
[1280.072s][info ][safepoint    ] Leaving safepoint region
[1280.072s][info ][safepoint    ] Total time for which application threads were stopped: 0.0000745 seconds, Stopping threads took: 0.0000171 seconds
[1281.072s][info ][safepoint    ] Application time: 1.0000908 seconds
[1281.073s][info ][safepoint    ] Entering safepoint region: Cleanup
[1281.073s][info ][safepoint    ] Leaving safepoint region
[1281.073s][info ][safepoint    ] Total time for which application threads were stopped: 0.0000753 seconds, Stopping threads took: 0.0000180 seconds
[1281.361s][info ][safepoint    ] Application time: 0.2879469 seconds
[1281.361s][info ][safepoint    ] Entering safepoint region: GenCollectForAllocation
[1281.361s][info ][gc,start     ] GC(538) Pause Young (Allocation Failure)
[1281.361s][info ][gc,task      ] GC(538) Using 4 workers of 4 for evacuation
[1281.363s][debug][gc,ref       ] GC(538) Skipped phase1 of Reference Processing due to unavailable references
[1281.363s][debug][gc,ref       ] GC(538) Skipped phase2 of Reference Processing due to unavailable references
[1281.363s][debug][gc,ref       ] GC(538) Skipped phase3 of Reference Processing due to unavailable references
[1281.363s][debug][gc,ref       ] GC(538) Skipped phase4 of Reference Processing due to unavailable references
[1281.363s][debug][gc,age       ] GC(538) Desired survivor size 15368192 bytes, new threshold 6 (max threshold 6)
[1281.363s][info ][gc,heap      ] GC(538) ParNew: 242569K->2292K(270336K)
[1281.363s][info ][gc,heap      ] GC(538) CMS: 231313K->231459K(600768K)
[1281.363s][info ][gc,metaspace ] GC(538) Metaspace: 58493K->58493K(1101824K)
[1281.363s][info ][gc           ] GC(538) Pause Young (Allocation Failure) 462M->228M(850M) 2.671ms
[1281.363s][info ][gc,cpu       ] GC(538) User=0.01s Sys=0.00s Real=0.01s
[1281.363s][info ][safepoint    ] Leaving safepoint region
[1281.363s][info ][safepoint    ] Total time for which application threads were stopped: 0.0028241 seconds, Stopping threads took: 0.0000174 seconds
[1282.364s][info ][safepoint    ] Application time: 1.0001087 seconds
[1282.364s][info ][safepoint    ] Entering safepoint region: Cleanup
[1282.364s][info ][safepoint    ] Leaving safepoint region
[1282.364s][info ][safepoint    ] Total time for which application threads were stopped: 0.0001632 seconds, Stopping threads took: 0.0000922 seconds
[1284.611s][info ][safepoint    ] Application time: 2.2470534 seconds
[1284.611s][info ][safepoint    ] Entering safepoint region: GenCollectForAllocation
[1284.611s][info ][gc,start     ] GC(539) Pause Young (Allocation Failure)
[1284.611s][info ][gc,task      ] GC(539) Using 4 workers of 4 for evacuation
[1284.614s][debug][gc,ref       ] GC(539) Skipped phase1 of Reference Processing due to unavailable references
[1284.614s][debug][gc,ref       ] GC(539) Skipped phase2 of Reference Processing due to unavailable references
[1284.614s][debug][gc,ref       ] GC(539) Skipped phase3 of Reference Processing due to unavailable references
[1284.614s][debug][gc,ref       ] GC(539) Skipped phase4 of Reference Processing due to unavailable references
[1284.614s][debug][gc,age       ] GC(539) Desired survivor size 15368192 bytes, new threshold 6 (max threshold 6)
[1284.614s][info ][gc,heap      ] GC(539) ParNew: 242612K->1962K(270336K)
[1284.614s][info ][gc,heap      ] GC(539) CMS: 231459K->231533K(600768K)
[1284.614s][info ][gc,metaspace ] GC(539) Metaspace: 58493K->58493K(1101824K)
[1284.614s][info ][gc           ] GC(539) Pause Young (Allocation Failure) 462M->228M(850M) 2.984ms
[1284.614s][info ][gc,cpu       ] GC(539) User=0.01s Sys=0.00s Real=0.00s
[1284.614s][info ][safepoint    ] Leaving safepoint region
[1284.614s][info ][safepoint    ] Total time for which application threads were stopped: 0.0031577 seconds, Stopping threads took: 0.0000189 seconds
[1288.008s][info ][safepoint    ] Application time: 3.3939673 seconds
[1288.008s][info ][safepoint    ] Entering safepoint region: GenCollectForAllocation
[1288.008s][info ][gc,start     ] GC(540) Pause Young (Allocation Failure)
[1288.008s][info ][gc,task      ] GC(540) Using 4 workers of 4 for evacuation
[1288.010s][debug][gc,ref       ] GC(540) Skipped phase1 of Reference Processing due to unavailable references
[1288.010s][debug][gc,ref       ] GC(540) Skipped phase2 of Reference Processing due to unavailable references
[1288.010s][debug][gc,ref       ] GC(540) Skipped phase3 of Reference Processing due to unavailable references
[1288.010s][debug][gc,ref       ] GC(540) Skipped phase4 of Reference Processing due to unavailable references
[1288.011s][debug][gc,age       ] GC(540) Desired survivor size 15368192 bytes, new threshold 6 (max threshold 6)
[1288.011s][info ][gc,heap      ] GC(540) ParNew: 242282K->1915K(270336K)
[1288.011s][info ][gc,heap      ] GC(540) CMS: 231533K->231652K(600768K)
[1288.011s][info ][gc,metaspace ] GC(540) Metaspace: 58494K->58494K(1101824K)
[1288.011s][info ][gc           ] GC(540) Pause Young (Allocation Failure) 462M->228M(850M) 2.483ms
[1288.011s][info ][gc,cpu       ] GC(540) User=0.01s Sys=0.00s Real=0.01s
[1288.011s][info ][safepoint    ] Leaving safepoint region
[1288.011s][info ][safepoint    ] Total time for which application threads were stopped: 0.0026314 seconds, Stopping threads took: 0.0000164 seconds
[1289.011s][info ][safepoint    ] Application time: 1.0001518 seconds
[1289.011s][info ][safepoint    ] Entering safepoint region: Cleanup
[1289.011s][info ][safepoint    ] Leaving safepoint region
[1289.011s][info ][safepoint    ] Total time for which application threads were stopped: 0.0001668 seconds, Stopping threads took: 0.0000741 seconds
[1291.366s][info ][safepoint    ] Application time: 2.3552265 seconds
[1291.366s][info ][safepoint    ] Entering safepoint region: GenCollectForAllocation
[1291.366s][info ][gc,start     ] GC(541) Pause Young (Allocation Failure)
[1291.366s][info ][gc,task      ] GC(541) Using 4 workers of 4 for evacuation
[1291.368s][debug][gc,ref       ] GC(541) Skipped phase1 of Reference Processing due to unavailable references
[1291.368s][debug][gc,ref       ] GC(541) Skipped phase2 of Reference Processing due to unavailable references
[1291.368s][debug][gc,ref       ] GC(541) Skipped phase3 of Reference Processing due to unavailable references
[1291.368s][debug][gc,ref       ] GC(541) Skipped phase4 of Reference Processing due to unavailable references
[1291.369s][debug][gc,age       ] GC(541) Desired survivor size 15368192 bytes, new threshold 6 (max threshold 6)
[1291.369s][info ][gc,heap      ] GC(541) ParNew: 242235K->2134K(270336K)
[1291.369s][info ][gc,heap      ] GC(541) CMS: 231652K->231655K(600768K)
[1291.369s][info ][gc,metaspace ] GC(541) Metaspace: 58495K->58495K(1101824K)
[1291.369s][info ][gc           ] GC(541) Pause Young (Allocation Failure) 462M->228M(850M) 2.294ms
[1291.369s][info ][gc,cpu       ] GC(541) User=0.01s Sys=0.00s Real=0.00s
[1291.369s][info ][safepoint    ] Leaving safepoint region
[1291.369s][info ][safepoint    ] Total time for which application threads were stopped: 0.0024460 seconds, Stopping threads took: 0.0000163 seconds
[1294.705s][info ][safepoint    ] Application time: 3.3361285 seconds
[1294.705s][info ][safepoint    ] Entering safepoint region: GenCollectForAllocation
[1294.705s][info ][gc,start     ] GC(542) Pause Young (Allocation Failure)
[1294.705s][info ][gc,task      ] GC(542) Using 4 workers of 4 for evacuation
[1294.707s][debug][gc,ref       ] GC(542) Skipped phase1 of Reference Processing due to unavailable references
[1294.707s][debug][gc,ref       ] GC(542) Skipped phase2 of Reference Processing due to unavailable references
[1294.707s][debug][gc,ref       ] GC(542) Skipped phase3 of Reference Processing due to unavailable references
[1294.707s][debug][gc,ref       ] GC(542) Skipped phase4 of Reference Processing due to unavailable references
[1294.707s][debug][gc,age       ] GC(542) Desired survivor size 15368192 bytes, new threshold 6 (max threshold 6)
[1294.707s][info ][gc,heap      ] GC(542) ParNew: 242454K->1786K(270336K)
[1294.707s][info ][gc,heap      ] GC(542) CMS: 231655K->232257K(600768K)
[1294.707s][info ][gc,metaspace ] GC(542) Metaspace: 58495K->58495K(1101824K)
[1294.707s][info ][gc           ] GC(542) Pause Young (Allocation Failure) 462M->228M(850M) 2.516ms
[1294.707s][info ][gc,cpu       ] GC(542) User=0.01s Sys=0.00s Real=0.00s
[1294.708s][info ][safepoint    ] Leaving safepoint region
[1294.708s][info ][safepoint    ] Total time for which application threads were stopped: 0.0027018 seconds, Stopping threads took: 0.0000429 seconds
[1297.859s][info ][safepoint    ] Application time: 3.1510501 seconds
[1297.859s][info ][safepoint    ] Entering safepoint region: GenCollectForAllocation
[1297.859s][info ][gc,start     ] GC(543) Pause Young (Allocation Failure)
[1297.859s][info ][gc,task      ] GC(543) Using 4 workers of 4 for evacuation
[1297.861s][debug][gc,ref       ] GC(543) Skipped phase1 of Reference Processing due to unavailable references
[1297.861s][debug][gc,ref       ] GC(543) Skipped phase2 of Reference Processing due to unavailable references
[1297.861s][debug][gc,ref       ] GC(543) Skipped phase3 of Reference Processing due to unavailable references
[1297.861s][debug][gc,ref       ] GC(543) Skipped phase4 of Reference Processing due to unavailable references
[1297.861s][debug][gc,age       ] GC(543) Desired survivor size 15368192 bytes, new threshold 6 (max threshold 6)
[1297.861s][info ][gc,heap      ] GC(543) ParNew: 242106K->1701K(270336K)
[1297.861s][info ][gc,heap      ] GC(543) CMS: 232257K->232341K(600768K)
[1297.861s][info ][gc,metaspace ] GC(543) Metaspace: 58495K->58495K(1101824K)
[1297.861s][info ][gc           ] GC(543) Pause Young (Allocation Failure) 463M->228M(850M) 2.635ms
[1297.861s][info ][gc,cpu       ] GC(543) User=0.01s Sys=0.00s Real=0.00s
[1297.861s][info ][safepoint    ] Leaving safepoint region
[1297.861s][info ][safepoint    ] Total time for which application threads were stopped: 0.0027874 seconds, Stopping threads took: 0.0000187 seconds
[1300.962s][info ][safepoint    ] Application time: 3.1003036 seconds
[1300.962s][info ][safepoint    ] Entering safepoint region: GenCollectForAllocation
[1300.962s][info ][gc,start     ] GC(544) Pause Young (Allocation Failure)
[1300.962s][info ][gc,task      ] GC(544) Using 4 workers of 4 for evacuation
[1300.964s][debug][gc,ref       ] GC(544) Skipped phase1 of Reference Processing due to unavailable references
[1300.964s][debug][gc,ref       ] GC(544) Skipped phase2 of Reference Processing due to unavailable references
[1300.964s][debug][gc,ref       ] GC(544) Skipped phase3 of Reference Processing due to unavailable references
[1300.964s][debug][gc,ref       ] GC(544) Skipped phase4 of Reference Processing due to unavailable references
[1300.964s][debug][gc,age       ] GC(544) Desired survivor size 15368192 bytes, new threshold 6 (max threshold 6)
[1300.964s][info ][gc,heap      ] GC(544) ParNew: 242021K->1822K(270336K)
[1300.964s][info ][gc,heap      ] GC(544) CMS: 232341K->232353K(600768K)
[1300.964s][info ][gc,metaspace ] GC(544) Metaspace: 58495K->58495K(1101824K)
[1300.964s][info ][gc           ] GC(544) Pause Young (Allocation Failure) 463M->228M(850M) 2.560ms
[1300.964s][info ][gc,cpu       ] GC(544) User=0.01s Sys=0.00s Real=0.01s
[1300.964s][info ][safepoint    ] Leaving safepoint region
[1300.964s][info ][safepoint    ] Total time for which application threads were stopped: 0.0027043 seconds, Stopping threads took: 0.0000161 seconds
[1304.163s][info ][safepoint    ] Application time: 3.1990252 seconds
[1304.164s][info ][safepoint    ] Entering safepoint region: GenCollectForAllocation
[1304.164s][info ][gc,start     ] GC(545) Pause Young (Allocation Failure)
[1304.164s][info ][gc,task      ] GC(545) Using 4 workers of 4 for evacuation
[1304.166s][debug][gc,ref       ] GC(545) Skipped phase1 of Reference Processing due to unavailable references
[1304.166s][debug][gc,ref       ] GC(545) Skipped phase2 of Reference Processing due to unavailable references
[1304.166s][debug][gc,ref       ] GC(545) Skipped phase3 of Reference Processing due to unavailable references
[1304.166s][debug][gc,ref       ] GC(545) Skipped phase4 of Reference Processing due to unavailable references
[1304.166s][debug][gc,age       ] GC(545) Desired survivor size 15368192 bytes, new threshold 6 (max threshold 6)
[1304.166s][info ][gc,heap      ] GC(545) ParNew: 242142K->1925K(270336K)
[1304.166s][info ][gc,heap      ] GC(545) CMS: 232353K->232468K(600768K)
[1304.166s][info ][gc,metaspace ] GC(545) Metaspace: 58495K->58495K(1101824K)
[1304.166s][info ][gc           ] GC(545) Pause Young (Allocation Failure) 463M->228M(850M) 2.668ms
[1304.166s][info ][gc,cpu       ] GC(545) User=0.01s Sys=0.00s Real=0.00s
[1304.166s][info ][safepoint    ] Leaving safepoint region
[1304.166s][info ][safepoint    ] Total time for which application threads were stopped: 0.0028220 seconds, Stopping threads took: 0.0000155 seconds
[1307.414s][info ][safepoint    ] Application time: 3.2471858 seconds
[1307.414s][info ][safepoint    ] Entering safepoint region: GenCollectForAllocation
[1307.414s][info ][gc,start     ] GC(546) Pause Young (Allocation Failure)
[1307.414s][info ][gc,task      ] GC(546) Using 4 workers of 4 for evacuation
[1307.416s][debug][gc,ref       ] GC(546) Skipped phase1 of Reference Processing due to unavailable references
[1307.416s][debug][gc,ref       ] GC(546) Skipped phase2 of Reference Processing due to unavailable references
[1307.416s][debug][gc,ref       ] GC(546) Skipped phase3 of Reference Processing due to unavailable references
[1307.416s][debug][gc,ref       ] GC(546) Skipped phase4 of Reference Processing due to unavailable references
[1307.416s][debug][gc,age       ] GC(546) Desired survivor size 15368192 bytes, new threshold 6 (max threshold 6)
[1307.416s][info ][gc,heap      ] GC(546) ParNew: 242245K->1940K(270336K)
[1307.416s][info ][gc,heap      ] GC(546) CMS: 232468K->232491K(600768K)
[1307.416s][info ][gc,metaspace ] GC(546) Metaspace: 58495K->58495K(1101824K)
[1307.416s][info ][gc           ] GC(546) Pause Young (Allocation Failure) 463M->228M(850M) 2.588ms
[1307.416s][info ][gc,cpu       ] GC(546) User=0.01s Sys=0.00s Real=0.00s
[1307.416s][info ][safepoint    ] Leaving safepoint region
[1307.416s][info ][safepoint    ] Total time for which application threads were stopped: 0.0027313 seconds, Stopping threads took: 0.0000163 seconds
[1310.417s][info ][safepoint    ] Application time: 3.0002633 seconds
[1310.417s][info ][safepoint    ] Entering safepoint region: Cleanup
[1310.417s][info ][safepoint    ] Leaving safepoint region
[1310.417s][info ][safepoint    ] Total time for which application threads were stopped: 0.0000782 seconds, Stopping threads took: 0.0000173 seconds
[1310.758s][info ][safepoint    ] Application time: 0.3414434 seconds
[1310.758s][info ][safepoint    ] Entering safepoint region: GenCollectForAllocation
[1310.758s][info ][gc,start     ] GC(547) Pause Young (Allocation Failure)
[1310.758s][info ][gc,task      ] GC(547) Using 4 workers of 4 for evacuation
[1310.761s][debug][gc,ref       ] GC(547) Skipped phase1 of Reference Processing due to unavailable references
[1310.761s][debug][gc,ref       ] GC(547) Skipped phase2 of Reference Processing due to unavailable references
[1310.761s][debug][gc,ref       ] GC(547) Skipped phase3 of Reference Processing due to unavailable references
[1310.761s][debug][gc,ref       ] GC(547) Skipped phase4 of Reference Processing due to unavailable references
[1310.761s][debug][gc,age       ] GC(547) Desired survivor size 15368192 bytes, new threshold 6 (max threshold 6)
[1310.761s][info ][gc,heap      ] GC(547) ParNew: 242260K->2041K(270336K)
[1310.761s][info ][gc,heap      ] GC(547) CMS: 232491K->232558K(600768K)
[1310.761s][info ][gc,metaspace ] GC(547) Metaspace: 58495K->58495K(1101824K)
[1310.761s][info ][gc           ] GC(547) Pause Young (Allocation Failure) 463M->229M(850M) 2.608ms
[1310.761s][info ][gc,cpu       ] GC(547) User=0.01s Sys=0.00s Real=0.00s
[1310.761s][info ][safepoint    ] Leaving safepoint region
[1310.761s][info ][safepoint    ] Total time for which application threads were stopped: 0.0027588 seconds, Stopping threads took: 0.0000167 seconds
[1314.106s][info ][safepoint    ] Application time: 3.3455285 seconds
[1314.106s][info ][safepoint    ] Entering safepoint region: GenCollectForAllocation
[1314.107s][info ][gc,start     ] GC(548) Pause Young (Allocation Failure)
[1314.107s][info ][gc,task      ] GC(548) Using 4 workers of 4 for evacuation
[1314.109s][debug][gc,ref       ] GC(548) Skipped phase1 of Reference Processing due to unavailable references
[1314.109s][debug][gc,ref       ] GC(548) Skipped phase2 of Reference Processing due to unavailable references
[1314.109s][debug][gc,ref       ] GC(548) Skipped phase3 of Reference Processing due to unavailable references
[1314.109s][debug][gc,ref       ] GC(548) Skipped phase4 of Reference Processing due to unavailable references
[1314.109s][debug][gc,age       ] GC(548) Desired survivor size 15368192 bytes, new threshold 6 (max threshold 6)
[1314.109s][info ][gc,heap      ] GC(548) ParNew: 242361K->2110K(270336K)
[1314.109s][info ][gc,heap      ] GC(548) CMS: 232558K->232712K(600768K)
[1314.109s][info ][gc,metaspace ] GC(548) Metaspace: 58495K->58495K(1101824K)
[1314.109s][info ][gc           ] GC(548) Pause Young (Allocation Failure) 463M->229M(850M) 2.690ms
[1314.109s][info ][gc,cpu       ] GC(548) User=0.01s Sys=0.00s Real=0.00s
[1314.109s][info ][safepoint    ] Leaving safepoint region
[1314.109s][info ][safepoint    ] Total time for which application threads were stopped: 0.0028351 seconds, Stopping threads took: 0.0000164 seconds
[1317.412s][info ][safepoint    ] Application time: 3.3025147 seconds
[1317.412s][info ][safepoint    ] Entering safepoint region: GenCollectForAllocation
[1317.412s][info ][gc,start     ] GC(549) Pause Young (Allocation Failure)
[1317.412s][info ][gc,task      ] GC(549) Using 4 workers of 4 for evacuation
[1317.415s][debug][gc,ref       ] GC(549) Skipped phase1 of Reference Processing due to unavailable references
[1317.415s][debug][gc,ref       ] GC(549) Skipped phase2 of Reference Processing due to unavailable references
[1317.415s][debug][gc,ref       ] GC(549) Skipped phase3 of Reference Processing due to unavailable references
[1317.415s][debug][gc,ref       ] GC(549) Skipped phase4 of Reference Processing due to unavailable references
[1317.415s][debug][gc,age       ] GC(549) Desired survivor size 15368192 bytes, new threshold 6 (max threshold 6)
[1317.415s][info ][gc,heap      ] GC(549) ParNew: 242430K->2111K(270336K)
[1317.415s][info ][gc,heap      ] GC(549) CMS: 232712K->232882K(600768K)
[1317.415s][info ][gc,metaspace ] GC(549) Metaspace: 58495K->58495K(1101824K)
[1317.415s][info ][gc           ] GC(549) Pause Young (Allocation Failure) 464M->229M(850M) 2.846ms
[1317.415s][info ][gc,cpu       ] GC(549) User=0.01s Sys=0.00s Real=0.00s
[1317.415s][info ][safepoint    ] Leaving safepoint region
[1317.415s][info ][safepoint    ] Total time for which application threads were stopped: 0.0029937 seconds, Stopping threads took: 0.0000172 seconds
[1320.521s][info ][safepoint    ] Application time: 3.1059137 seconds
[1320.521s][info ][safepoint    ] Entering safepoint region: GenCollectForAllocation
[1320.521s][info ][gc,start     ] GC(550) Pause Young (Allocation Failure)
[1320.521s][info ][gc,task      ] GC(550) Using 4 workers of 4 for evacuation
[1320.523s][debug][gc,ref       ] GC(550) Skipped phase1 of Reference Processing due to unavailable references
[1320.523s][debug][gc,ref       ] GC(550) Skipped phase2 of Reference Processing due to unavailable references
[1320.523s][debug][gc,ref       ] GC(550) Skipped phase3 of Reference Processing due to unavailable references
[1320.523s][debug][gc,ref       ] GC(550) Skipped phase4 of Reference Processing due to unavailable references
[1320.524s][debug][gc,age       ] GC(550) Desired survivor size 15368192 bytes, new threshold 6 (max threshold 6)
[1320.524s][info ][gc,heap      ] GC(550) ParNew: 242431K->1750K(270336K)
[1320.524s][info ][gc,heap      ] GC(550) CMS: 232882K->233408K(600768K)
[1320.524s][info ][gc,metaspace ] GC(550) Metaspace: 58495K->58495K(1101824K)
[1320.524s][info ][gc           ] GC(550) Pause Young (Allocation Failure) 464M->229M(850M) 2.668ms
[1320.524s][info ][gc,cpu       ] GC(550) User=0.01s Sys=0.00s Real=0.01s
[1320.524s][info ][safepoint    ] Leaving safepoint region
[1320.524s][info ][safepoint    ] Total time for which application threads were stopped: 0.0028417 seconds, Stopping threads took: 0.0000398 seconds
[1323.505s][info ][safepoint    ] Application time: 2.9810831 seconds
[1323.505s][info ][safepoint    ] Entering safepoint region: GenCollectForAllocation
[1323.505s][info ][gc,start     ] GC(551) Pause Young (Allocation Failure)
[1323.505s][info ][gc,task      ] GC(551) Using 4 workers of 4 for evacuation
[1323.507s][debug][gc,ref       ] GC(551) Skipped phase1 of Reference Processing due to unavailable references
[1323.507s][debug][gc,ref       ] GC(551) Skipped phase2 of Reference Processing due to unavailable references
[1323.507s][debug][gc,ref       ] GC(551) Skipped phase3 of Reference Processing due to unavailable references
[1323.508s][debug][gc,ref       ] GC(551) Skipped phase4 of Reference Processing due to unavailable references
[1323.508s][debug][gc,age       ] GC(551) Desired survivor size 15368192 bytes, new threshold 6 (max threshold 6)
[1323.508s][info ][gc,heap      ] GC(551) ParNew: 242070K->1986K(270336K)
[1323.508s][info ][gc,heap      ] GC(551) CMS: 233408K->233511K(600768K)
[1323.508s][info ][gc,metaspace ] GC(551) Metaspace: 58495K->58495K(1101824K)
[1323.508s][info ][gc           ] GC(551) Pause Young (Allocation Failure) 464M->229M(850M) 2.746ms
[1323.508s][info ][gc,cpu       ] GC(551) User=0.01s Sys=0.00s Real=0.00s
[1323.508s][info ][safepoint    ] Leaving safepoint region
[1323.508s][info ][safepoint    ] Total time for which application threads were stopped: 0.0029290 seconds, Stopping threads took: 0.0000406 seconds
[1326.660s][info ][safepoint    ] Application time: 3.1520230 seconds
[1326.660s][info ][safepoint    ] Entering safepoint region: GenCollectForAllocation
[1326.660s][info ][gc,start     ] GC(552) Pause Young (Allocation Failure)
[1326.660s][info ][gc,task      ] GC(552) Using 4 workers of 4 for evacuation
[1326.663s][debug][gc,ref       ] GC(552) Skipped phase1 of Reference Processing due to unavailable references
[1326.663s][debug][gc,ref       ] GC(552) Skipped phase2 of Reference Processing due to unavailable references
[1326.663s][debug][gc,ref       ] GC(552) Skipped phase3 of Reference Processing due to unavailable references
[1326.663s][debug][gc,ref       ] GC(552) Skipped phase4 of Reference Processing due to unavailable references
[1326.663s][debug][gc,age       ] GC(552) Desired survivor size 15368192 bytes, new threshold 6 (max threshold 6)
[1326.663s][info ][gc,heap      ] GC(552) ParNew: 242306K->2179K(270336K)
[1326.663s][info ][gc,heap      ] GC(552) CMS: 233511K->233667K(600768K)
[1326.663s][info ][gc,metaspace ] GC(552) Metaspace: 58495K->58495K(1101824K)
[1326.663s][info ][gc           ] GC(552) Pause Young (Allocation Failure) 464M->230M(850M) 3.133ms
[1326.663s][info ][gc,cpu       ] GC(552) User=0.01s Sys=0.00s Real=0.01s
[1326.663s][info ][safepoint    ] Leaving safepoint region
[1326.663s][info ][safepoint    ] Total time for which application threads were stopped: 0.0032719 seconds, Stopping threads took: 0.0000158 seconds
[1329.855s][info ][safepoint    ] Application time: 3.1917742 seconds
[1329.855s][info ][safepoint    ] Entering safepoint region: GenCollectForAllocation
[1329.855s][info ][gc,start     ] GC(553) Pause Young (Allocation Failure)
[1329.855s][info ][gc,task      ] GC(553) Using 4 workers of 4 for evacuation
[1329.858s][debug][gc,ref       ] GC(553) Skipped phase1 of Reference Processing due to unavailable references
[1329.858s][debug][gc,ref       ] GC(553) Skipped phase2 of Reference Processing due to unavailable references
[1329.858s][debug][gc,ref       ] GC(553) Skipped phase3 of Reference Processing due to unavailable references
[1329.858s][debug][gc,ref       ] GC(553) Skipped phase4 of Reference Processing due to unavailable references
[1329.858s][debug][gc,age       ] GC(553) Desired survivor size 15368192 bytes, new threshold 6 (max threshold 6)
[1329.858s][info ][gc,heap      ] GC(553) ParNew: 242499K->2703K(270336K)
[1329.858s][info ][gc,heap      ] GC(553) CMS: 233667K->233790K(600768K)
[1329.858s][info ][gc,metaspace ] GC(553) Metaspace: 58495K->58495K(1101824K)
[1329.858s][info ][gc           ] GC(553) Pause Young (Allocation Failure) 465M->230M(850M) 2.944ms
[1329.858s][info ][gc,cpu       ] GC(553) User=0.01s Sys=0.00s Real=0.00s
[1329.858s][info ][safepoint    ] Leaving safepoint region
[1329.858s][info ][safepoint    ] Total time for which application threads were stopped: 0.0031166 seconds, Stopping threads took: 0.0000388 seconds
[1332.858s][info ][safepoint    ] Application time: 3.0002950 seconds
[1332.858s][info ][safepoint    ] Entering safepoint region: Cleanup
[1332.858s][info ][safepoint    ] Leaving safepoint region
[1332.858s][info ][safepoint    ] Total time for which application threads were stopped: 0.0001374 seconds, Stopping threads took: 0.0000666 seconds
[1333.107s][info ][safepoint    ] Application time: 0.2487930 seconds
[1333.107s][info ][safepoint    ] Entering safepoint region: GenCollectForAllocation
[1333.107s][info ][gc,start     ] GC(554) Pause Young (Allocation Failure)
[1333.107s][info ][gc,task      ] GC(554) Using 4 workers of 4 for evacuation
[1333.110s][debug][gc,ref       ] GC(554) Skipped phase1 of Reference Processing due to unavailable references
[1333.110s][debug][gc,ref       ] GC(554) Skipped phase2 of Reference Processing due to unavailable references
[1333.110s][debug][gc,ref       ] GC(554) Skipped phase3 of Reference Processing due to unavailable references
[1333.110s][debug][gc,ref       ] GC(554) Skipped phase4 of Reference Processing due to unavailable references
[1333.110s][debug][gc,age       ] GC(554) Desired survivor size 15368192 bytes, new threshold 6 (max threshold 6)
[1333.111s][info ][gc,heap      ] GC(554) ParNew: 243023K->2384K(270336K)
[1333.111s][info ][gc,heap      ] GC(554) CMS: 233790K->233943K(600768K)
[1333.111s][info ][gc,metaspace ] GC(554) Metaspace: 58495K->58495K(1101824K)
[1333.111s][info ][gc           ] GC(554) Pause Young (Allocation Failure) 465M->230M(850M) 3.189ms
[1333.111s][info ][gc,cpu       ] GC(554) User=0.02s Sys=0.00s Real=0.01s
[1333.111s][info ][safepoint    ] Leaving safepoint region
[1333.111s][info ][safepoint    ] Total time for which application threads were stopped: 0.0035057 seconds, Stopping threads took: 0.0000169 seconds
[1336.406s][info ][safepoint    ] Application time: 3.2947225 seconds
[1336.406s][info ][safepoint    ] Entering safepoint region: GenCollectForAllocation
[1336.406s][info ][gc,start     ] GC(555) Pause Young (Allocation Failure)
[1336.406s][info ][gc,task      ] GC(555) Using 4 workers of 4 for evacuation
[1336.408s][debug][gc,ref       ] GC(555) Skipped phase1 of Reference Processing due to unavailable references
[1336.408s][debug][gc,ref       ] GC(555) Skipped phase2 of Reference Processing due to unavailable references
[1336.408s][debug][gc,ref       ] GC(555) Skipped phase3 of Reference Processing due to unavailable references
[1336.408s][debug][gc,ref       ] GC(555) Skipped phase4 of Reference Processing due to unavailable references
[1336.408s][debug][gc,age       ] GC(555) Desired survivor size 15368192 bytes, new threshold 6 (max threshold 6)
[1336.408s][info ][gc,heap      ] GC(555) ParNew: 242704K->2416K(270336K)
[1336.408s][info ][gc,heap      ] GC(555) CMS: 233943K->234043K(600768K)
[1336.408s][info ][gc,metaspace ] GC(555) Metaspace: 58495K->58495K(1101824K)
[1336.409s][info ][gc           ] GC(555) Pause Young (Allocation Failure) 465M->230M(850M) 2.831ms
[1336.409s][info ][gc,cpu       ] GC(555) User=0.01s Sys=0.00s Real=0.00s
[1336.409s][info ][safepoint    ] Leaving safepoint region
[1336.409s][info ][safepoint    ] Total time for which application threads were stopped: 0.0030020 seconds, Stopping threads took: 0.0000230 seconds
[1339.761s][info ][safepoint    ] Application time: 3.3524346 seconds
[1339.761s][info ][safepoint    ] Entering safepoint region: GenCollectForAllocation
[1339.761s][info ][gc,start     ] GC(556) Pause Young (Allocation Failure)
[1339.761s][info ][gc,task      ] GC(556) Using 4 workers of 4 for evacuation
[1339.764s][debug][gc,ref       ] GC(556) Skipped phase1 of Reference Processing due to unavailable references
[1339.764s][debug][gc,ref       ] GC(556) Skipped phase2 of Reference Processing due to unavailable references
[1339.764s][debug][gc,ref       ] GC(556) Skipped phase3 of Reference Processing due to unavailable references
[1339.764s][debug][gc,ref       ] GC(556) Skipped phase4 of Reference Processing due to unavailable references
[1339.764s][debug][gc,age       ] GC(556) Desired survivor size 15368192 bytes, new threshold 6 (max threshold 6)
[1339.764s][info ][gc,heap      ] GC(556) ParNew: 242736K->2855K(270336K)
[1339.764s][info ][gc,heap      ] GC(556) CMS: 234043K->234147K(600768K)
[1339.764s][info ][gc,metaspace ] GC(556) Metaspace: 58495K->58495K(1101824K)
[1339.764s][info ][gc           ] GC(556) Pause Young (Allocation Failure) 465M->231M(850M) 2.884ms
[1339.764s][info ][gc,cpu       ] GC(556) User=0.01s Sys=0.01s Real=0.01s
[1339.764s][info ][safepoint    ] Leaving safepoint region
[1339.764s][info ][safepoint    ] Total time for which application threads were stopped: 0.0030261 seconds, Stopping threads took: 0.0000164 seconds
[1343.108s][info ][safepoint    ] Application time: 3.3441519 seconds
[1343.108s][info ][safepoint    ] Entering safepoint region: GenCollectForAllocation
[1343.108s][info ][gc,start     ] GC(557) Pause Young (Allocation Failure)
[1343.108s][info ][gc,task      ] GC(557) Using 4 workers of 4 for evacuation
[1343.111s][debug][gc,ref       ] GC(557) Skipped phase1 of Reference Processing due to unavailable references
[1343.111s][debug][gc,ref       ] GC(557) Skipped phase2 of Reference Processing due to unavailable references
[1343.111s][debug][gc,ref       ] GC(557) Skipped phase3 of Reference Processing due to unavailable references
[1343.111s][debug][gc,ref       ] GC(557) Skipped phase4 of Reference Processing due to unavailable references
[1343.111s][debug][gc,age       ] GC(557) Desired survivor size 15368192 bytes, new threshold 6 (max threshold 6)
[1343.111s][info ][gc,heap      ] GC(557) ParNew: 243175K->1746K(270336K)
[1343.111s][info ][gc,heap      ] GC(557) CMS: 234147K->234794K(600768K)
[1343.111s][info ][gc,metaspace ] GC(557) Metaspace: 58495K->58495K(1101824K)
[1343.111s][info ][gc           ] GC(557) Pause Young (Allocation Failure) 466M->230M(850M) 2.967ms
[1343.111s][info ][gc,cpu       ] GC(557) User=0.01s Sys=0.00s Real=0.01s
[1343.111s][info ][safepoint    ] Leaving safepoint region
[1343.111s][info ][safepoint    ] Total time for which application threads were stopped: 0.0031289 seconds, Stopping threads took: 0.0000165 seconds
[1346.459s][info ][safepoint    ] Application time: 3.3474620 seconds
[1346.459s][info ][safepoint    ] Entering safepoint region: GenCollectForAllocation
[1346.459s][info ][gc,start     ] GC(558) Pause Young (Allocation Failure)
[1346.459s][info ][gc,task      ] GC(558) Using 4 workers of 4 for evacuation
[1346.461s][debug][gc,ref       ] GC(558) Skipped phase1 of Reference Processing due to unavailable references
[1346.461s][debug][gc,ref       ] GC(558) Skipped phase2 of Reference Processing due to unavailable references
[1346.461s][debug][gc,ref       ] GC(558) Skipped phase3 of Reference Processing due to unavailable references
[1346.461s][debug][gc,ref       ] GC(558) Skipped phase4 of Reference Processing due to unavailable references
[1346.462s][debug][gc,age       ] GC(558) Desired survivor size 15368192 bytes, new threshold 6 (max threshold 6)
[1346.462s][info ][gc,heap      ] GC(558) ParNew: 242066K->1588K(270336K)
[1346.462s][info ][gc,heap      ] GC(558) CMS: 234794K->235175K(600768K)
[1346.462s][info ][gc,metaspace ] GC(558) Metaspace: 58495K->58495K(1101824K)
[1346.462s][info ][gc           ] GC(558) Pause Young (Allocation Failure) 465M->231M(850M) 2.514ms
[1346.462s][info ][gc,cpu       ] GC(558) User=0.01s Sys=0.00s Real=0.00s
[1346.462s][info ][safepoint    ] Leaving safepoint region
[1346.462s][info ][safepoint    ] Total time for which application threads were stopped: 0.0027452 seconds, Stopping threads took: 0.0000199 seconds
[1349.657s][info ][safepoint    ] Application time: 3.1955593 seconds
[1349.657s][info ][safepoint    ] Entering safepoint region: GenCollectForAllocation
[1349.657s][info ][gc,start     ] GC(559) Pause Young (Allocation Failure)
[1349.657s][info ][gc,task      ] GC(559) Using 4 workers of 4 for evacuation
[1349.660s][debug][gc,ref       ] GC(559) Skipped phase1 of Reference Processing due to unavailable references
[1349.660s][debug][gc,ref       ] GC(559) Skipped phase2 of Reference Processing due to unavailable references
[1349.660s][debug][gc,ref       ] GC(559) Skipped phase3 of Reference Processing due to unavailable references
[1349.660s][debug][gc,ref       ] GC(559) Skipped phase4 of Reference Processing due to unavailable references
[1349.660s][debug][gc,age       ] GC(559) Desired survivor size 15368192 bytes, new threshold 6 (max threshold 6)
[1349.660s][info ][gc,heap      ] GC(559) ParNew: 241908K->860K(270336K)
[1349.660s][info ][gc,heap      ] GC(559) CMS: 235175K->235828K(600768K)
[1349.660s][info ][gc,metaspace ] GC(559) Metaspace: 58495K->58495K(1101824K)
[1349.660s][info ][gc           ] GC(559) Pause Young (Allocation Failure) 465M->231M(850M) 2.521ms
[1349.660s][info ][gc,cpu       ] GC(559) User=0.01s Sys=0.00s Real=0.00s
[1349.660s][info ][safepoint    ] Leaving safepoint region
[1349.660s][info ][safepoint    ] Total time for which application threads were stopped: 0.0026710 seconds, Stopping threads took: 0.0000160 seconds
[1352.729s][info ][safepoint    ] Application time: 3.0691226 seconds
[1352.729s][info ][safepoint    ] Entering safepoint region: GenCollectForAllocation
[1352.729s][info ][gc,start     ] GC(560) Pause Young (Allocation Failure)
[1352.729s][info ][gc,task      ] GC(560) Using 4 workers of 4 for evacuation
[1352.731s][debug][gc,ref       ] GC(560) Skipped phase1 of Reference Processing due to unavailable references
[1352.731s][debug][gc,ref       ] GC(560) Skipped phase2 of Reference Processing due to unavailable references
[1352.731s][debug][gc,ref       ] GC(560) Skipped phase3 of Reference Processing due to unavailable references
[1352.731s][debug][gc,ref       ] GC(560) Skipped phase4 of Reference Processing due to unavailable references
[1352.731s][debug][gc,age       ] GC(560) Desired survivor size 15368192 bytes, new threshold 6 (max threshold 6)
[1352.731s][info ][gc,heap      ] GC(560) ParNew: 241180K->1140K(270336K)
[1352.731s][info ][gc,heap      ] GC(560) CMS: 235828K->235860K(600768K)
[1352.731s][info ][gc,metaspace ] GC(560) Metaspace: 58495K->58495K(1101824K)
[1352.731s][info ][gc           ] GC(560) Pause Young (Allocation Failure) 465M->231M(850M) 2.311ms
[1352.732s][info ][gc,cpu       ] GC(560) User=0.00s Sys=0.01s Real=0.01s
[1352.732s][info ][safepoint    ] Leaving safepoint region
[1352.732s][info ][safepoint    ] Total time for which application threads were stopped: 0.0024523 seconds, Stopping threads took: 0.0000160 seconds
[1353.732s][info ][safepoint    ] Application time: 1.0001248 seconds
[1353.732s][info ][safepoint    ] Entering safepoint region: Cleanup
[1353.732s][info ][safepoint    ] Leaving safepoint region
[1353.732s][info ][safepoint    ] Total time for which application threads were stopped: 0.0000808 seconds, Stopping threads took: 0.0000168 seconds
[1354.732s][info ][safepoint    ] Application time: 1.0001001 seconds
[1354.732s][info ][safepoint    ] Entering safepoint region: Cleanup
[1354.732s][info ][safepoint    ] Leaving safepoint region
[1354.732s][info ][safepoint    ] Total time for which application threads were stopped: 0.0000877 seconds, Stopping threads took: 0.0000176 seconds
[1355.732s][info ][safepoint    ] Application time: 1.0000839 seconds
[1355.732s][info ][safepoint    ] Entering safepoint region: Cleanup
[1355.732s][info ][safepoint    ] Leaving safepoint region
[1355.732s][info ][safepoint    ] Total time for which application threads were stopped: 0.0000995 seconds, Stopping threads took: 0.0000179 seconds
[1355.966s][info ][safepoint    ] Application time: 0.2335549 seconds
[1355.966s][info ][safepoint    ] Entering safepoint region: GenCollectForAllocation
[1355.966s][info ][gc,start     ] GC(561) Pause Young (Allocation Failure)
[1355.966s][info ][gc,task      ] GC(561) Using 4 workers of 4 for evacuation
[1355.968s][debug][gc,ref       ] GC(561) Skipped phase1 of Reference Processing due to unavailable references
[1355.968s][debug][gc,ref       ] GC(561) Skipped phase3 of Reference Processing due to unavailable references
[1355.968s][debug][gc,age       ] GC(561) Desired survivor size 15368192 bytes, new threshold 6 (max threshold 6)
[1355.968s][info ][gc,heap      ] GC(561) ParNew: 241460K->1172K(270336K)
[1355.968s][info ][gc,heap      ] GC(561) CMS: 235860K->235919K(600768K)
[1355.968s][info ][gc,metaspace ] GC(561) Metaspace: 58505K->58505K(1101824K)
[1355.968s][info ][gc           ] GC(561) Pause Young (Allocation Failure) 466M->231M(850M) 2.312ms
[1355.968s][info ][gc,cpu       ] GC(561) User=0.01s Sys=0.00s Real=0.00s
[1355.968s][info ][safepoint    ] Leaving safepoint region
[1355.968s][info ][safepoint    ] Total time for which application threads were stopped: 0.0025587 seconds, Stopping threads took: 0.0000290 seconds
[1356.968s][info ][safepoint    ] Application time: 1.0001036 seconds
[1356.969s][info ][safepoint    ] Entering safepoint region: Cleanup
[1356.969s][info ][safepoint    ] Leaving safepoint region
[1356.969s][info ][safepoint    ] Total time for which application threads were stopped: 0.0000781 seconds, Stopping threads took: 0.0000158 seconds
[1357.969s][info ][safepoint    ] Application time: 1.0000542 seconds
[1357.969s][info ][safepoint    ] Entering safepoint region: Cleanup
[1357.969s][info ][safepoint    ] Leaving safepoint region
[1357.969s][info ][safepoint    ] Total time for which application threads were stopped: 0.0000998 seconds, Stopping threads took: 0.0000300 seconds
[1358.969s][info ][safepoint    ] Application time: 1.0000722 seconds
[1358.969s][info ][safepoint    ] Entering safepoint region: Cleanup
[1358.969s][info ][safepoint    ] Leaving safepoint region
[1358.969s][info ][safepoint    ] Total time for which application threads were stopped: 0.0000952 seconds, Stopping threads took: 0.0000164 seconds
[1359.256s][info ][safepoint    ] Application time: 0.2867548 seconds
[1359.256s][info ][safepoint    ] Entering safepoint region: GenCollectForAllocation
[1359.256s][info ][gc,start     ] GC(562) Pause Young (Allocation Failure)
[1359.256s][info ][gc,task      ] GC(562) Using 4 workers of 4 for evacuation
[1359.258s][debug][gc,ref       ] GC(562) Skipped phase1 of Reference Processing due to unavailable references
[1359.258s][debug][gc,ref       ] GC(562) Skipped phase3 of Reference Processing due to unavailable references
[1359.258s][debug][gc,age       ] GC(562) Desired survivor size 15368192 bytes, new threshold 6 (max threshold 6)
[1359.258s][info ][gc,heap      ] GC(562) ParNew: 241492K->1532K(270336K)
[1359.258s][info ][gc,heap      ] GC(562) CMS: 235919K->236008K(600768K)
[1359.258s][info ][gc,metaspace ] GC(562) Metaspace: 58521K->58521K(1101824K)
[1359.258s][info ][gc           ] GC(562) Pause Young (Allocation Failure) 466M->231M(850M) 2.406ms
[1359.258s][info ][gc,cpu       ] GC(562) User=0.00s Sys=0.00s Real=0.00s
[1359.258s][info ][safepoint    ] Leaving safepoint region
[1359.258s][info ][safepoint    ] Total time for which application threads were stopped: 0.0025605 seconds, Stopping threads took: 0.0000165 seconds
[1360.258s][info ][safepoint    ] Application time: 1.0001036 seconds
[1360.259s][info ][safepoint    ] Entering safepoint region: Cleanup
[1360.259s][info ][safepoint    ] Leaving safepoint region
[1360.259s][info ][safepoint    ] Total time for which application threads were stopped: 0.0001195 seconds, Stopping threads took: 0.0000445 seconds
[1361.259s][info ][safepoint    ] Application time: 1.0000925 seconds
[1361.259s][info ][safepoint    ] Entering safepoint region: Cleanup
[1361.259s][info ][safepoint    ] Leaving safepoint region
[1361.259s][info ][safepoint    ] Total time for which application threads were stopped: 0.0001111 seconds, Stopping threads took: 0.0000411 seconds
[1362.505s][info ][safepoint    ] Application time: 1.2463933 seconds
[1362.505s][info ][safepoint    ] Entering safepoint region: GenCollectForAllocation
[1362.505s][info ][gc,start     ] GC(563) Pause Young (Allocation Failure)
[1362.505s][info ][gc,task      ] GC(563) Using 4 workers of 4 for evacuation
[1362.508s][debug][gc,ref       ] GC(563) Skipped phase1 of Reference Processing due to unavailable references
[1362.508s][debug][gc,ref       ] GC(563) Skipped phase2 of Reference Processing due to unavailable references
[1362.508s][debug][gc,ref       ] GC(563) Skipped phase3 of Reference Processing due to unavailable references
[1362.508s][debug][gc,ref       ] GC(563) Skipped phase4 of Reference Processing due to unavailable references
[1362.508s][debug][gc,age       ] GC(563) Desired survivor size 15368192 bytes, new threshold 6 (max threshold 6)
[1362.508s][info ][gc,heap      ] GC(563) ParNew: 241852K->1642K(270336K)
[1362.508s][info ][gc,heap      ] GC(563) CMS: 236008K->236119K(600768K)
[1362.508s][info ][gc,metaspace ] GC(563) Metaspace: 58522K->58522K(1101824K)
[1362.508s][info ][gc           ] GC(563) Pause Young (Allocation Failure) 466M->232M(850M) 2.462ms
[1362.508s][info ][gc,cpu       ] GC(563) User=0.01s Sys=0.00s Real=0.00s
[1362.508s][info ][safepoint    ] Leaving safepoint region
[1362.508s][info ][safepoint    ] Total time for which application threads were stopped: 0.0026349 seconds, Stopping threads took: 0.0000399 seconds
[1363.508s][info ][safepoint    ] Application time: 1.0001333 seconds
[1363.508s][info ][safepoint    ] Entering safepoint region: Cleanup
[1363.508s][info ][safepoint    ] Leaving safepoint region
[1363.508s][info ][safepoint    ] Total time for which application threads were stopped: 0.0001285 seconds, Stopping threads took: 0.0000527 seconds
[1365.815s][info ][safepoint    ] Application time: 2.3064673 seconds
[1365.815s][info ][safepoint    ] Entering safepoint region: GenCollectForAllocation
[1365.815s][info ][gc,start     ] GC(564) Pause Young (Allocation Failure)
[1365.815s][info ][gc,task      ] GC(564) Using 4 workers of 4 for evacuation
[1365.817s][debug][gc,ref       ] GC(564) Skipped phase1 of Reference Processing due to unavailable references
[1365.817s][debug][gc,ref       ] GC(564) Skipped phase2 of Reference Processing due to unavailable references
[1365.817s][debug][gc,ref       ] GC(564) Skipped phase3 of Reference Processing due to unavailable references
[1365.817s][debug][gc,ref       ] GC(564) Skipped phase4 of Reference Processing due to unavailable references
[1365.817s][debug][gc,age       ] GC(564) Desired survivor size 15368192 bytes, new threshold 6 (max threshold 6)
[1365.817s][info ][gc,heap      ] GC(564) ParNew: 241962K->1649K(270336K)
[1365.817s][info ][gc,heap      ] GC(564) CMS: 236119K->236186K(600768K)
[1365.817s][info ][gc,metaspace ] GC(564) Metaspace: 58524K->58524K(1101824K)
[1365.817s][info ][gc           ] GC(564) Pause Young (Allocation Failure) 466M->232M(850M) 2.335ms
[1365.817s][info ][gc,cpu       ] GC(564) User=0.01s Sys=0.00s Real=0.00s
[1365.817s][info ][safepoint    ] Leaving safepoint region
[1365.817s][info ][safepoint    ] Total time for which application threads were stopped: 0.0024881 seconds, Stopping threads took: 0.0000185 seconds
[1366.817s][info ][safepoint    ] Application time: 1.0000842 seconds
[1366.817s][info ][safepoint    ] Entering safepoint region: Cleanup
[1366.817s][info ][safepoint    ] Leaving safepoint region
[1366.817s][info ][safepoint    ] Total time for which application threads were stopped: 0.0000889 seconds, Stopping threads took: 0.0000171 seconds
[1369.113s][info ][safepoint    ] Application time: 2.2951577 seconds
[1369.113s][info ][safepoint    ] Entering safepoint region: GenCollectForAllocation
[1369.113s][info ][gc,start     ] GC(565) Pause Young (Allocation Failure)
[1369.113s][info ][gc,task      ] GC(565) Using 4 workers of 4 for evacuation
[1369.115s][debug][gc,ref       ] GC(565) Skipped phase1 of Reference Processing due to unavailable references
[1369.115s][debug][gc,ref       ] GC(565) Skipped phase3 of Reference Processing due to unavailable references
[1369.115s][debug][gc,age       ] GC(565) Desired survivor size 15368192 bytes, new threshold 6 (max threshold 6)
[1369.115s][info ][gc,heap      ] GC(565) ParNew: 241969K->1617K(270336K)
[1369.115s][info ][gc,heap      ] GC(565) CMS: 236186K->236261K(600768K)
[1369.115s][info ][gc,metaspace ] GC(565) Metaspace: 58526K->58526K(1101824K)
[1369.115s][info ][gc           ] GC(565) Pause Young (Allocation Failure) 466M->232M(850M) 2.415ms
[1369.115s][info ][gc,cpu       ] GC(565) User=0.01s Sys=0.00s Real=0.00s
[1369.115s][info ][safepoint    ] Leaving safepoint region
[1369.115s][info ][safepoint    ] Total time for which application threads were stopped: 0.0025736 seconds, Stopping threads took: 0.0000163 seconds
[1370.115s][info ][safepoint    ] Application time: 1.0001054 seconds
[1370.115s][info ][safepoint    ] Entering safepoint region: Cleanup
[1370.115s][info ][safepoint    ] Leaving safepoint region
[1370.115s][info ][safepoint    ] Total time for which application threads were stopped: 0.0001145 seconds, Stopping threads took: 0.0000429 seconds
[1372.116s][info ][safepoint    ] Application time: 2.0001691 seconds
[1372.116s][info ][safepoint    ] Entering safepoint region: Cleanup
[1372.116s][info ][safepoint    ] Leaving safepoint region
[1372.116s][info ][safepoint    ] Total time for which application threads were stopped: 0.0001578 seconds, Stopping threads took: 0.0000827 seconds
[1372.506s][info ][safepoint    ] Application time: 0.3898527 seconds
[1372.506s][info ][safepoint    ] Entering safepoint region: GenCollectForAllocation
[1372.506s][info ][gc,start     ] GC(566) Pause Young (Allocation Failure)
[1372.506s][info ][gc,task      ] GC(566) Using 4 workers of 4 for evacuation
[1372.508s][debug][gc,ref       ] GC(566) Skipped phase1 of Reference Processing due to unavailable references
[1372.508s][debug][gc,ref       ] GC(566) Skipped phase2 of Reference Processing due to unavailable references
[1372.508s][debug][gc,ref       ] GC(566) Skipped phase3 of Reference Processing due to unavailable references
[1372.508s][debug][gc,ref       ] GC(566) Skipped phase4 of Reference Processing due to unavailable references
[1372.508s][debug][gc,age       ] GC(566) Desired survivor size 15368192 bytes, new threshold 6 (max threshold 6)
[1372.508s][info ][gc,heap      ] GC(566) ParNew: 241937K->1516K(270336K)
[1372.508s][info ][gc,heap      ] GC(566) CMS: 236261K->236430K(600768K)
[1372.508s][info ][gc,metaspace ] GC(566) Metaspace: 58527K->58527K(1101824K)
[1372.508s][info ][gc           ] GC(566) Pause Young (Allocation Failure) 466M->232M(850M) 2.578ms
[1372.508s][info ][gc,cpu       ] GC(566) User=0.00s Sys=0.00s Real=0.00s
[1372.508s][info ][safepoint    ] Leaving safepoint region
[1372.508s][info ][safepoint    ] Total time for which application threads were stopped: 0.0027290 seconds, Stopping threads took: 0.0000166 seconds
[1375.817s][info ][safepoint    ] Application time: 3.3080492 seconds
[1375.817s][info ][safepoint    ] Entering safepoint region: GenCollectForAllocation
[1375.817s][info ][gc,start     ] GC(567) Pause Young (Allocation Failure)
[1375.817s][info ][gc,task      ] GC(567) Using 4 workers of 4 for evacuation
[1375.819s][debug][gc,ref       ] GC(567) Skipped phase1 of Reference Processing due to unavailable references
[1375.819s][debug][gc,ref       ] GC(567) Skipped phase2 of Reference Processing due to unavailable references
[1375.819s][debug][gc,ref       ] GC(567) Skipped phase3 of Reference Processing due to unavailable references
[1375.819s][debug][gc,ref       ] GC(567) Skipped phase4 of Reference Processing due to unavailable references
[1375.819s][debug][gc,age       ] GC(567) Desired survivor size 15368192 bytes, new threshold 6 (max threshold 6)
[1375.819s][info ][gc,heap      ] GC(567) ParNew: 241836K->1570K(270336K)
[1375.819s][info ][gc,heap      ] GC(567) CMS: 236430K->236452K(600768K)
[1375.819s][info ][gc,metaspace ] GC(567) Metaspace: 58527K->58527K(1101824K)
[1375.819s][info ][gc           ] GC(567) Pause Young (Allocation Failure) 467M->232M(850M) 2.405ms
[1375.819s][info ][gc,cpu       ] GC(567) User=0.01s Sys=0.00s Real=0.00s
[1375.819s][info ][safepoint    ] Leaving safepoint region
[1375.819s][info ][safepoint    ] Total time for which application threads were stopped: 0.0025594 seconds, Stopping threads took: 0.0000160 seconds
[1379.205s][info ][safepoint    ] Application time: 3.3858656 seconds
[1379.205s][info ][safepoint    ] Entering safepoint region: GenCollectForAllocation
[1379.205s][info ][gc,start     ] GC(568) Pause Young (Allocation Failure)
[1379.205s][info ][gc,task      ] GC(568) Using 4 workers of 4 for evacuation
[1379.207s][debug][gc,ref       ] GC(568) Skipped phase1 of Reference Processing due to unavailable references
[1379.207s][debug][gc,ref       ] GC(568) Skipped phase2 of Reference Processing due to unavailable references
[1379.207s][debug][gc,ref       ] GC(568) Skipped phase3 of Reference Processing due to unavailable references
[1379.207s][debug][gc,ref       ] GC(568) Skipped phase4 of Reference Processing due to unavailable references
[1379.207s][debug][gc,age       ] GC(568) Desired survivor size 15368192 bytes, new threshold 6 (max threshold 6)
[1379.208s][info ][gc,heap      ] GC(568) ParNew: 241890K->1456K(270336K)
[1379.208s][info ][gc,heap      ] GC(568) CMS: 236452K->236963K(600768K)
[1379.208s][info ][gc,metaspace ] GC(568) Metaspace: 58527K->58527K(1101824K)
[1379.208s][info ][gc           ] GC(568) Pause Young (Allocation Failure) 467M->232M(850M) 2.398ms
[1379.208s][info ][gc,cpu       ] GC(568) User=0.01s Sys=0.00s Real=0.00s
[1379.208s][info ][safepoint    ] Leaving safepoint region
[1379.208s][info ][safepoint    ] Total time for which application threads were stopped: 0.0025594 seconds, Stopping threads took: 0.0000373 seconds
[1382.454s][info ][safepoint    ] Application time: 3.2460391 seconds
[1382.454s][info ][safepoint    ] Entering safepoint region: GenCollectForAllocation
[1382.454s][info ][gc,start     ] GC(569) Pause Young (Allocation Failure)
[1382.454s][info ][gc,task      ] GC(569) Using 4 workers of 4 for evacuation
[1382.456s][debug][gc,ref       ] GC(569) Skipped phase1 of Reference Processing due to unavailable references
[1382.456s][debug][gc,ref       ] GC(569) Skipped phase2 of Reference Processing due to unavailable references
[1382.456s][debug][gc,ref       ] GC(569) Skipped phase3 of Reference Processing due to unavailable references
[1382.456s][debug][gc,ref       ] GC(569) Skipped phase4 of Reference Processing due to unavailable references
[1382.456s][debug][gc,age       ] GC(569) Desired survivor size 15368192 bytes, new threshold 6 (max threshold 6)
[1382.456s][info ][gc,heap      ] GC(569) ParNew: 241776K->1044K(270336K)
[1382.456s][info ][gc,heap      ] GC(569) CMS: 236963K->237078K(600768K)
[1382.456s][info ][gc,metaspace ] GC(569) Metaspace: 58528K->58528K(1101824K)
[1382.456s][info ][gc           ] GC(569) Pause Young (Allocation Failure) 467M->232M(850M) 2.266ms
[1382.456s][info ][gc,cpu       ] GC(569) User=0.01s Sys=0.00s Real=0.00s
[1382.456s][info ][safepoint    ] Leaving safepoint region
[1382.456s][info ][safepoint    ] Total time for which application threads were stopped: 0.0023989 seconds, Stopping threads took: 0.0000181 seconds
[1383.456s][info ][safepoint    ] Application time: 1.0000926 seconds
[1383.456s][info ][safepoint    ] Entering safepoint region: Cleanup
[1383.456s][info ][safepoint    ] Leaving safepoint region
[1383.456s][info ][safepoint    ] Total time for which application threads were stopped: 0.0001102 seconds, Stopping threads took: 0.0000407 seconds
[1384.456s][info ][safepoint    ] Application time: 1.0000869 seconds
[1384.456s][info ][safepoint    ] Entering safepoint region: Cleanup
[1384.457s][info ][safepoint    ] Leaving safepoint region
[1384.457s][info ][safepoint    ] Total time for which application threads were stopped: 0.0001067 seconds, Stopping threads took: 0.0000411 seconds
[1385.463s][info ][safepoint    ] Application time: 1.0066863 seconds
[1385.463s][info ][safepoint    ] Entering safepoint region: GenCollectForAllocation
[1385.463s][info ][gc,start     ] GC(570) Pause Young (Allocation Failure)
[1385.463s][info ][gc,task      ] GC(570) Using 4 workers of 4 for evacuation
[1385.466s][debug][gc,ref       ] GC(570) Skipped phase1 of Reference Processing due to unavailable references
[1385.466s][debug][gc,ref       ] GC(570) Skipped phase2 of Reference Processing due to unavailable references
[1385.466s][debug][gc,ref       ] GC(570) Skipped phase3 of Reference Processing due to unavailable references
[1385.466s][debug][gc,ref       ] GC(570) Skipped phase4 of Reference Processing due to unavailable references
[1385.466s][debug][gc,age       ] GC(570) Desired survivor size 15368192 bytes, new threshold 6 (max threshold 6)
[1385.466s][info ][gc,heap      ] GC(570) ParNew: 241364K->1220K(270336K)
[1385.466s][info ][gc,heap      ] GC(570) CMS: 237078K->237105K(600768K)
[1385.466s][info ][gc,metaspace ] GC(570) Metaspace: 58528K->58528K(1101824K)
[1385.466s][info ][gc           ] GC(570) Pause Young (Allocation Failure) 467M->232M(850M) 2.565ms
[1385.466s][info ][gc,cpu       ] GC(570) User=0.01s Sys=0.00s Real=0.00s
[1385.466s][info ][safepoint    ] Leaving safepoint region
[1385.466s][info ][safepoint    ] Total time for which application threads were stopped: 0.0027080 seconds, Stopping threads took: 0.0000176 seconds
[1386.466s][info ][safepoint    ] Application time: 1.0001141 seconds
[1386.466s][info ][safepoint    ] Entering safepoint region: Cleanup
[1386.466s][info ][safepoint    ] Leaving safepoint region
[1386.466s][info ][safepoint    ] Total time for which application threads were stopped: 0.0000816 seconds, Stopping threads took: 0.0000272 seconds
[1387.466s][info ][safepoint    ] Application time: 1.0000892 seconds
[1387.466s][info ][safepoint    ] Entering safepoint region: Cleanup
[1387.466s][info ][safepoint    ] Leaving safepoint region
[1387.466s][info ][safepoint    ] Total time for which application threads were stopped: 0.0000759 seconds, Stopping threads took: 0.0000195 seconds
[1388.467s][info ][safepoint    ] Application time: 1.0001150 seconds
[1388.467s][info ][safepoint    ] Entering safepoint region: Cleanup
[1388.467s][info ][safepoint    ] Leaving safepoint region
[1388.467s][info ][safepoint    ] Total time for which application threads were stopped: 0.0001370 seconds, Stopping threads took: 0.0000714 seconds
[1388.805s][info ][safepoint    ] Application time: 0.3386854 seconds
[1388.805s][info ][safepoint    ] Entering safepoint region: GenCollectForAllocation
[1388.806s][info ][gc,start     ] GC(571) Pause Young (Allocation Failure)
[1388.806s][info ][gc,task      ] GC(571) Using 4 workers of 4 for evacuation
[1388.808s][debug][gc,ref       ] GC(571) Skipped phase1 of Reference Processing due to unavailable references
[1388.808s][debug][gc,ref       ] GC(571) Skipped phase2 of Reference Processing due to unavailable references
[1388.808s][debug][gc,ref       ] GC(571) Skipped phase3 of Reference Processing due to unavailable references
[1388.808s][debug][gc,ref       ] GC(571) Skipped phase4 of Reference Processing due to unavailable references
[1388.808s][debug][gc,age       ] GC(571) Desired survivor size 15368192 bytes, new threshold 6 (max threshold 6)
[1388.808s][info ][gc,heap      ] GC(571) ParNew: 241540K->1169K(270336K)
[1388.808s][info ][gc,heap      ] GC(571) CMS: 237105K->237201K(600768K)
[1388.808s][info ][gc,metaspace ] GC(571) Metaspace: 58528K->58528K(1101824K)
[1388.808s][info ][gc           ] GC(571) Pause Young (Allocation Failure) 467M->232M(850M) 2.374ms
[1388.808s][info ][gc,cpu       ] GC(571) User=0.01s Sys=0.00s Real=0.00s
[1388.808s][info ][safepoint    ] Leaving safepoint region
[1388.808s][info ][safepoint    ] Total time for which application threads were stopped: 0.0025302 seconds, Stopping threads took: 0.0000161 seconds
[1389.808s][info ][safepoint    ] Application time: 1.0001003 seconds
[1389.808s][info ][safepoint    ] Entering safepoint region: Cleanup
[1389.808s][info ][safepoint    ] Leaving safepoint region
[1389.808s][info ][safepoint    ] Total time for which application threads were stopped: 0.0001078 seconds, Stopping threads took: 0.0000405 seconds
[1390.808s][info ][safepoint    ] Application time: 1.0001217 seconds
[1390.808s][info ][safepoint    ] Entering safepoint region: Cleanup
[1390.808s][info ][safepoint    ] Leaving safepoint region
[1390.808s][info ][safepoint    ] Total time for which application threads were stopped: 0.0000777 seconds, Stopping threads took: 0.0000173 seconds
[1391.809s][info ][safepoint    ] Application time: 1.0000854 seconds
[1391.809s][info ][safepoint    ] Entering safepoint region: Cleanup
[1391.809s][info ][safepoint    ] Leaving safepoint region
[1391.809s][info ][safepoint    ] Total time for which application threads were stopped: 0.0001846 seconds, Stopping threads took: 0.0000427 seconds
[1392.055s][info ][safepoint    ] Application time: 0.2461892 seconds
[1392.055s][info ][safepoint    ] Entering safepoint region: GenCollectForAllocation
[1392.055s][info ][gc,start     ] GC(572) Pause Young (Allocation Failure)
[1392.055s][info ][gc,task      ] GC(572) Using 4 workers of 4 for evacuation
[1392.057s][debug][gc,ref       ] GC(572) Skipped phase1 of Reference Processing due to unavailable references
[1392.057s][debug][gc,ref       ] GC(572) Skipped phase2 of Reference Processing due to unavailable references
[1392.057s][debug][gc,ref       ] GC(572) Skipped phase3 of Reference Processing due to unavailable references
[1392.057s][debug][gc,ref       ] GC(572) Skipped phase4 of Reference Processing due to unavailable references
[1392.058s][debug][gc,age       ] GC(572) Desired survivor size 15368192 bytes, new threshold 6 (max threshold 6)
[1392.058s][info ][gc,heap      ] GC(572) ParNew: 241489K->1198K(270336K)
[1392.058s][info ][gc,heap      ] GC(572) CMS: 237201K->237319K(600768K)
[1392.058s][info ][gc,metaspace ] GC(572) Metaspace: 58528K->58528K(1101824K)
[1392.058s][info ][gc           ] GC(572) Pause Young (Allocation Failure) 467M->232M(850M) 2.499ms
[1392.058s][info ][gc,cpu       ] GC(572) User=0.00s Sys=0.00s Real=0.00s
[1392.058s][info ][safepoint    ] Leaving safepoint region
[1392.058s][info ][safepoint    ] Total time for which application threads were stopped: 0.0026860 seconds, Stopping threads took: 0.0000406 seconds
[1393.058s][info ][safepoint    ] Application time: 1.0001011 seconds
[1393.058s][info ][safepoint    ] Entering safepoint region: Cleanup
[1393.058s][info ][safepoint    ] Leaving safepoint region
[1393.058s][info ][safepoint    ] Total time for which application threads were stopped: 0.0001378 seconds, Stopping threads took: 0.0000682 seconds
[1394.058s][info ][safepoint    ] Application time: 1.0000812 seconds
[1394.058s][info ][safepoint    ] Entering safepoint region: Cleanup
[1394.058s][info ][safepoint    ] Leaving safepoint region
[1394.058s][info ][safepoint    ] Total time for which application threads were stopped: 0.0001697 seconds, Stopping threads took: 0.0000657 seconds
[1395.058s][info ][safepoint    ] Application time: 1.0001381 seconds
[1395.064s][info ][safepoint    ] Entering safepoint region: Cleanup
[1395.064s][info ][safepoint    ] Leaving safepoint region
[1395.064s][info ][safepoint    ] Total time for which application threads were stopped: 0.0060284 seconds, Stopping threads took: 0.0059456 seconds
[1395.405s][info ][safepoint    ] Application time: 0.3405510 seconds
[1395.405s][info ][safepoint    ] Entering safepoint region: GenCollectForAllocation
[1395.405s][info ][gc,start     ] GC(573) Pause Young (Allocation Failure)
[1395.405s][info ][gc,task      ] GC(573) Using 4 workers of 4 for evacuation
[1395.407s][debug][gc,ref       ] GC(573) Skipped phase1 of Reference Processing due to unavailable references
[1395.408s][debug][gc,ref       ] GC(573) Skipped phase2 of Reference Processing due to unavailable references
[1395.408s][debug][gc,ref       ] GC(573) Skipped phase3 of Reference Processing due to unavailable references
[1395.408s][debug][gc,ref       ] GC(573) Skipped phase4 of Reference Processing due to unavailable references
[1395.408s][debug][gc,age       ] GC(573) Desired survivor size 15368192 bytes, new threshold 6 (max threshold 6)
[1395.408s][info ][gc,heap      ] GC(573) ParNew: 241518K->1179K(270336K)
[1395.408s][info ][gc,heap      ] GC(573) CMS: 237319K->237462K(600768K)
[1395.408s][info ][gc,metaspace ] GC(573) Metaspace: 58528K->58528K(1101824K)
[1395.408s][info ][gc           ] GC(573) Pause Young (Allocation Failure) 467M->233M(850M) 2.485ms
[1395.408s][info ][gc,cpu       ] GC(573) User=0.00s Sys=0.00s Real=0.00s
[1395.408s][info ][safepoint    ] Leaving safepoint region
[1395.408s][info ][safepoint    ] Total time for which application threads were stopped: 0.0026924 seconds, Stopping threads took: 0.0000632 seconds
[1396.408s][info ][safepoint    ] Application time: 1.0001042 seconds
[1396.408s][info ][safepoint    ] Entering safepoint region: Cleanup
[1396.408s][info ][safepoint    ] Leaving safepoint region
[1396.408s][info ][safepoint    ] Total time for which application threads were stopped: 0.0001381 seconds, Stopping threads took: 0.0000736 seconds
[1397.408s][info ][safepoint    ] Application time: 1.0001020 seconds
[1397.408s][info ][safepoint    ] Entering safepoint region: Cleanup
[1397.408s][info ][safepoint    ] Leaving safepoint region
[1397.408s][info ][safepoint    ] Total time for which application threads were stopped: 0.0001034 seconds, Stopping threads took: 0.0000415 seconds
[1398.408s][info ][safepoint    ] Application time: 1.0001015 seconds
[1398.408s][info ][safepoint    ] Entering safepoint region: Cleanup
[1398.409s][info ][safepoint    ] Leaving safepoint region
[1398.409s][info ][safepoint    ] Total time for which application threads were stopped: 0.0001415 seconds, Stopping threads took: 0.0000616 seconds
[1398.763s][info ][safepoint    ] Application time: 0.3547539 seconds
[1398.763s][info ][safepoint    ] Entering safepoint region: GenCollectForAllocation
[1398.763s][info ][gc,start     ] GC(574) Pause Young (Allocation Failure)
[1398.763s][info ][gc,task      ] GC(574) Using 4 workers of 4 for evacuation
[1398.766s][debug][gc,ref       ] GC(574) Skipped phase1 of Reference Processing due to unavailable references
[1398.766s][debug][gc,ref       ] GC(574) Skipped phase2 of Reference Processing due to unavailable references
[1398.766s][debug][gc,ref       ] GC(574) Skipped phase3 of Reference Processing due to unavailable references
[1398.766s][debug][gc,ref       ] GC(574) Skipped phase4 of Reference Processing due to unavailable references
[1398.766s][debug][gc,age       ] GC(574) Desired survivor size 15368192 bytes, new threshold 6 (max threshold 6)
[1398.766s][info ][gc,heap      ] GC(574) ParNew: 241499K->1121K(270336K)
[1398.766s][info ][gc,heap      ] GC(574) CMS: 237462K->237584K(600768K)
[1398.766s][info ][gc,metaspace ] GC(574) Metaspace: 58532K->58532K(1101824K)
[1398.766s][info ][gc           ] GC(574) Pause Young (Allocation Failure) 467M->233M(850M) 2.741ms
[1398.766s][info ][gc,cpu       ] GC(574) User=0.01s Sys=0.00s Real=0.00s
[1398.766s][info ][safepoint    ] Leaving safepoint region
[1398.766s][info ][safepoint    ] Total time for which application threads were stopped: 0.0029001 seconds, Stopping threads took: 0.0000172 seconds
[1399.766s][info ][safepoint    ] Application time: 1.0000955 seconds
[1399.766s][info ][safepoint    ] Entering safepoint region: Cleanup
[1399.766s][info ][safepoint    ] Leaving safepoint region
[1399.766s][info ][safepoint    ] Total time for which application threads were stopped: 0.0000749 seconds, Stopping threads took: 0.0000162 seconds
[1400.767s][info ][safepoint    ] Application time: 1.0000823 seconds
[1400.767s][info ][safepoint    ] Entering safepoint region: Cleanup
[1400.767s][info ][safepoint    ] Leaving safepoint region
[1400.767s][info ][safepoint    ] Total time for which application threads were stopped: 0.0001182 seconds, Stopping threads took: 0.0000547 seconds
[1401.767s][info ][safepoint    ] Application time: 1.0000733 seconds
[1401.767s][info ][safepoint    ] Entering safepoint region: Cleanup
[1401.767s][info ][safepoint    ] Leaving safepoint region
[1401.767s][info ][safepoint    ] Total time for which application threads were stopped: 0.0000821 seconds, Stopping threads took: 0.0000171 seconds
[1402.013s][info ][safepoint    ] Application time: 0.2462962 seconds
[1402.013s][info ][safepoint    ] Entering safepoint region: GenCollectForAllocation
[1402.013s][info ][gc,start     ] GC(575) Pause Young (Allocation Failure)
[1402.013s][info ][gc,task      ] GC(575) Using 4 workers of 4 for evacuation
[1402.016s][debug][gc,ref       ] GC(575) Skipped phase1 of Reference Processing due to unavailable references
[1402.016s][debug][gc,ref       ] GC(575) Skipped phase2 of Reference Processing due to unavailable references
[1402.016s][debug][gc,ref       ] GC(575) Skipped phase3 of Reference Processing due to unavailable references
[1402.016s][debug][gc,ref       ] GC(575) Skipped phase4 of Reference Processing due to unavailable references
[1402.016s][debug][gc,age       ] GC(575) Desired survivor size 15368192 bytes, new threshold 6 (max threshold 6)
[1402.016s][info ][gc,heap      ] GC(575) ParNew: 241441K->1259K(270336K)
[1402.016s][info ][gc,heap      ] GC(575) CMS: 237584K->237614K(600768K)
[1402.016s][info ][gc,metaspace ] GC(575) Metaspace: 58532K->58532K(1101824K)
[1402.016s][info ][gc           ] GC(575) Pause Young (Allocation Failure) 467M->233M(850M) 2.584ms
[1402.016s][info ][gc,cpu       ] GC(575) User=0.01s Sys=0.00s Real=0.00s
[1402.016s][info ][safepoint    ] Leaving safepoint region
[1402.016s][info ][safepoint    ] Total time for which application threads were stopped: 0.0027424 seconds, Stopping threads took: 0.0000168 seconds
[1403.016s][info ][safepoint    ] Application time: 1.0000887 seconds
[1403.016s][info ][safepoint    ] Entering safepoint region: Cleanup
[1403.016s][info ][safepoint    ] Leaving safepoint region
[1403.016s][info ][safepoint    ] Total time for which application threads were stopped: 0.0001877 seconds, Stopping threads took: 0.0001182 seconds
[1404.016s][info ][safepoint    ] Application time: 1.0000893 seconds
[1404.016s][info ][safepoint    ] Entering safepoint region: Cleanup
[1404.017s][info ][safepoint    ] Leaving safepoint region
[1404.017s][info ][safepoint    ] Total time for which application threads were stopped: 0.0000878 seconds, Stopping threads took: 0.0000160 seconds
[1405.017s][info ][safepoint    ] Application time: 1.0000878 seconds
[1405.017s][info ][safepoint    ] Entering safepoint region: Cleanup
[1405.017s][info ][safepoint    ] Leaving safepoint region
[1405.017s][info ][safepoint    ] Total time for which application threads were stopped: 0.0000893 seconds, Stopping threads took: 0.0000155 seconds
[1405.156s][info ][safepoint    ] Application time: 0.1396918 seconds
[1405.156s][info ][safepoint    ] Entering safepoint region: GenCollectForAllocation
[1405.157s][info ][gc,start     ] GC(576) Pause Young (Allocation Failure)
[1405.157s][info ][gc,task      ] GC(576) Using 4 workers of 4 for evacuation
[1405.159s][debug][gc,ref       ] GC(576) Skipped phase1 of Reference Processing due to unavailable references
[1405.159s][debug][gc,ref       ] GC(576) Skipped phase2 of Reference Processing due to unavailable references
[1405.159s][debug][gc,ref       ] GC(576) Skipped phase3 of Reference Processing due to unavailable references
[1405.159s][debug][gc,ref       ] GC(576) Skipped phase4 of Reference Processing due to unavailable references
[1405.159s][debug][gc,age       ] GC(576) Desired survivor size 15368192 bytes, new threshold 6 (max threshold 6)
[1405.159s][info ][gc,heap      ] GC(576) ParNew: 241579K->1365K(270336K)
[1405.159s][info ][gc,heap      ] GC(576) CMS: 237614K->237743K(600768K)
[1405.159s][info ][gc,metaspace ] GC(576) Metaspace: 58532K->58532K(1101824K)
[1405.159s][info ][gc           ] GC(576) Pause Young (Allocation Failure) 467M->233M(850M) 2.486ms
[1405.159s][info ][gc,cpu       ] GC(576) User=0.01s Sys=0.00s Real=0.00s
[1405.159s][info ][safepoint    ] Leaving safepoint region
[1405.159s][info ][safepoint    ] Total time for which application threads were stopped: 0.0026378 seconds, Stopping threads took: 0.0000206 seconds
[1406.159s][info ][safepoint    ] Application time: 1.0000937 seconds
[1406.159s][info ][safepoint    ] Entering safepoint region: Cleanup
[1406.159s][info ][safepoint    ] Leaving safepoint region
[1406.159s][info ][safepoint    ] Total time for which application threads were stopped: 0.0001103 seconds, Stopping threads took: 0.0000419 seconds
[1407.160s][info ][safepoint    ] Application time: 1.0001892 seconds
[1407.160s][info ][safepoint    ] Entering safepoint region: Cleanup
[1407.160s][info ][safepoint    ] Leaving safepoint region
[1407.160s][info ][safepoint    ] Total time for which application threads were stopped: 0.0001212 seconds, Stopping threads took: 0.0000532 seconds
[1408.160s][info ][safepoint    ] Application time: 1.0000959 seconds
[1408.160s][info ][safepoint    ] Entering safepoint region: Cleanup
[1408.160s][info ][safepoint    ] Leaving safepoint region
[1408.160s][info ][safepoint    ] Total time for which application threads were stopped: 0.0001185 seconds, Stopping threads took: 0.0000433 seconds
[1408.512s][info ][safepoint    ] Application time: 0.3515287 seconds
[1408.512s][info ][safepoint    ] Entering safepoint region: GenCollectForAllocation
[1408.512s][info ][gc,start     ] GC(577) Pause Young (Allocation Failure)
[1408.512s][info ][gc,task      ] GC(577) Using 4 workers of 4 for evacuation
[1408.515s][debug][gc,ref       ] GC(577) Skipped phase1 of Reference Processing due to unavailable references
[1408.515s][debug][gc,ref       ] GC(577) Skipped phase3 of Reference Processing due to unavailable references
[1408.515s][debug][gc,age       ] GC(577) Desired survivor size 15368192 bytes, new threshold 6 (max threshold 6)
[1408.515s][info ][gc,heap      ] GC(577) ParNew: 241685K->1234K(270336K)
[1408.515s][info ][gc,heap      ] GC(577) CMS: 237743K->237755K(600768K)
[1408.515s][info ][gc,metaspace ] GC(577) Metaspace: 58664K->58664K(1101824K)
[1408.515s][info ][gc           ] GC(577) Pause Young (Allocation Failure) 468M->233M(850M) 3.218ms
[1408.515s][info ][gc,cpu       ] GC(577) User=0.01s Sys=0.00s Real=0.00s
[1408.515s][info ][safepoint    ] Leaving safepoint region
[1408.515s][info ][safepoint    ] Total time for which application threads were stopped: 0.0033819 seconds, Stopping threads took: 0.0000168 seconds
[1409.515s][info ][safepoint    ] Application time: 1.0001453 seconds
[1409.516s][info ][safepoint    ] Entering safepoint region: Cleanup
[1409.516s][info ][safepoint    ] Leaving safepoint region
[1409.516s][info ][safepoint    ] Total time for which application threads were stopped: 0.0010630 seconds, Stopping threads took: 0.0009737 seconds
[1410.516s][info ][safepoint    ] Application time: 1.0001118 seconds
[1410.516s][info ][safepoint    ] Entering safepoint region: Cleanup
[1410.517s][info ][safepoint    ] Leaving safepoint region
[1410.517s][info ][safepoint    ] Total time for which application threads were stopped: 0.0002093 seconds, Stopping threads took: 0.0000897 seconds
[1411.517s][info ][safepoint    ] Application time: 1.0000913 seconds
[1411.517s][info ][safepoint    ] Entering safepoint region: Cleanup
[1411.517s][info ][safepoint    ] Leaving safepoint region
[1411.517s][info ][safepoint    ] Total time for which application threads were stopped: 0.0000848 seconds, Stopping threads took: 0.0000170 seconds
[1411.714s][info ][safepoint    ] Application time: 0.1976642 seconds
[1411.714s][info ][safepoint    ] Entering safepoint region: GenCollectForAllocation
[1411.715s][info ][gc,start     ] GC(578) Pause Young (Allocation Failure)
[1411.715s][info ][gc,task      ] GC(578) Using 4 workers of 4 for evacuation
[1411.717s][debug][gc,ref       ] GC(578) Skipped phase1 of Reference Processing due to unavailable references
[1411.717s][debug][gc,ref       ] GC(578) Skipped phase3 of Reference Processing due to unavailable references
[1411.717s][debug][gc,age       ] GC(578) Desired survivor size 15368192 bytes, new threshold 6 (max threshold 6)
[1411.717s][info ][gc,heap      ] GC(578) ParNew: 241554K->1258K(270336K)
[1411.717s][info ][gc,heap      ] GC(578) CMS: 237755K->237861K(600768K)
[1411.717s][info ][gc,metaspace ] GC(578) Metaspace: 58704K->58704K(1101824K)
[1411.717s][info ][gc           ] GC(578) Pause Young (Allocation Failure) 468M->233M(850M) 2.615ms
[1411.717s][info ][gc,cpu       ] GC(578) User=0.01s Sys=0.00s Real=0.00s
[1411.717s][info ][safepoint    ] Leaving safepoint region
[1411.717s][info ][safepoint    ] Total time for which application threads were stopped: 0.0027648 seconds, Stopping threads took: 0.0000176 seconds
[1412.717s][info ][safepoint    ] Application time: 1.0001029 seconds
[1412.717s][info ][safepoint    ] Entering safepoint region: Cleanup
[1412.717s][info ][safepoint    ] Leaving safepoint region
[1412.717s][info ][safepoint    ] Total time for which application threads were stopped: 0.0000771 seconds, Stopping threads took: 0.0000174 seconds
[1413.718s][info ][safepoint    ] Application time: 1.0000840 seconds
[1413.718s][info ][safepoint    ] Entering safepoint region: Cleanup
[1413.718s][info ][safepoint    ] Leaving safepoint region
[1413.718s][info ][safepoint    ] Total time for which application threads were stopped: 0.0001986 seconds, Stopping threads took: 0.0000437 seconds
[1414.718s][info ][safepoint    ] Application time: 1.0000933 seconds
[1414.718s][info ][safepoint    ] Entering safepoint region: Cleanup
[1414.718s][info ][safepoint    ] Leaving safepoint region
[1414.718s][info ][safepoint    ] Total time for which application threads were stopped: 0.0001001 seconds, Stopping threads took: 0.0000428 seconds
[1415.011s][info ][safepoint    ] Application time: 0.2927665 seconds
[1415.011s][info ][safepoint    ] Entering safepoint region: GenCollectForAllocation
[1415.011s][info ][gc,start     ] GC(579) Pause Young (Allocation Failure)
[1415.011s][info ][gc,task      ] GC(579) Using 4 workers of 4 for evacuation
[1415.013s][debug][gc,ref       ] GC(579) Skipped phase1 of Reference Processing due to unavailable references
[1415.013s][debug][gc,ref       ] GC(579) Skipped phase3 of Reference Processing due to unavailable references
[1415.013s][debug][gc,ref       ] GC(579) Skipped phase4 of Reference Processing due to unavailable references
[1415.014s][debug][gc,age       ] GC(579) Desired survivor size 15368192 bytes, new threshold 6 (max threshold 6)
[1415.014s][info ][gc,heap      ] GC(579) ParNew: 241578K->1362K(270336K)
[1415.014s][info ][gc,heap      ] GC(579) CMS: 237861K->237928K(600768K)
[1415.014s][info ][gc,metaspace ] GC(579) Metaspace: 58705K->58705K(1101824K)
[1415.014s][info ][gc           ] GC(579) Pause Young (Allocation Failure) 468M->233M(850M) 2.887ms
[1415.014s][info ][gc,cpu       ] GC(579) User=0.01s Sys=0.00s Real=0.00s
[1415.014s][info ][safepoint    ] Leaving safepoint region
[1415.014s][info ][safepoint    ] Total time for which application threads were stopped: 0.0030431 seconds, Stopping threads took: 0.0000151 seconds
[1416.014s][info ][safepoint    ] Application time: 1.0001308 seconds
[1416.014s][info ][safepoint    ] Entering safepoint region: Cleanup
[1416.014s][info ][safepoint    ] Leaving safepoint region
[1416.014s][info ][safepoint    ] Total time for which application threads were stopped: 0.0002239 seconds, Stopping threads took: 0.0000545 seconds
[1417.014s][info ][safepoint    ] Application time: 1.0000978 seconds
[1417.014s][info ][safepoint    ] Entering safepoint region: Cleanup
[1417.015s][info ][safepoint    ] Leaving safepoint region
[1417.015s][info ][safepoint    ] Total time for which application threads were stopped: 0.0002037 seconds, Stopping threads took: 0.0000507 seconds
[1418.015s][info ][safepoint    ] Application time: 1.0001340 seconds
[1418.015s][info ][safepoint    ] Entering safepoint region: Cleanup
[1418.015s][info ][safepoint    ] Leaving safepoint region
[1418.015s][info ][safepoint    ] Total time for which application threads were stopped: 0.0002943 seconds, Stopping threads took: 0.0002145 seconds
[1418.360s][info ][safepoint    ] Application time: 0.3449416 seconds
[1418.360s][info ][safepoint    ] Entering safepoint region: GenCollectForAllocation
[1418.360s][info ][gc,start     ] GC(580) Pause Young (Allocation Failure)
[1418.360s][info ][gc,task      ] GC(580) Using 4 workers of 4 for evacuation
[1418.363s][debug][gc,ref       ] GC(580) Skipped phase1 of Reference Processing due to unavailable references
[1418.363s][debug][gc,ref       ] GC(580) Skipped phase3 of Reference Processing due to unavailable references
[1418.363s][debug][gc,ref       ] GC(580) Skipped phase4 of Reference Processing due to unavailable references
[1418.363s][debug][gc,age       ] GC(580) Desired survivor size 15368192 bytes, new threshold 6 (max threshold 6)
[1418.363s][info ][gc,heap      ] GC(580) ParNew: 241682K->1448K(270336K)
[1418.363s][info ][gc,heap      ] GC(580) CMS: 237928K->238023K(600768K)
[1418.363s][info ][gc,metaspace ] GC(580) Metaspace: 58717K->58717K(1101824K)
[1418.363s][info ][gc           ] GC(580) Pause Young (Allocation Failure) 468M->233M(850M) 2.858ms
[1418.363s][info ][gc,cpu       ] GC(580) User=0.01s Sys=0.00s Real=0.01s
[1418.363s][info ][safepoint    ] Leaving safepoint region
[1418.363s][info ][safepoint    ] Total time for which application threads were stopped: 0.0030152 seconds, Stopping threads took: 0.0000182 seconds
[1419.363s][info ][safepoint    ] Application time: 1.0001302 seconds
[1419.363s][info ][safepoint    ] Entering safepoint region: Cleanup
[1419.363s][info ][safepoint    ] Leaving safepoint region
[1419.363s][info ][safepoint    ] Total time for which application threads were stopped: 0.0001127 seconds, Stopping threads took: 0.0000388 seconds
[1420.364s][info ][safepoint    ] Application time: 1.0001095 seconds
[1420.364s][info ][safepoint    ] Entering safepoint region: Cleanup
[1420.364s][info ][safepoint    ] Leaving safepoint region
[1420.364s][info ][safepoint    ] Total time for which application threads were stopped: 0.0001260 seconds, Stopping threads took: 0.0000562 seconds
[1421.364s][info ][safepoint    ] Application time: 1.0001235 seconds
[1421.364s][info ][safepoint    ] Entering safepoint region: Cleanup
[1421.364s][info ][safepoint    ] Leaving safepoint region
[1421.364s][info ][safepoint    ] Total time for which application threads were stopped: 0.0001118 seconds, Stopping threads took: 0.0000427 seconds
[1421.708s][info ][safepoint    ] Application time: 0.3438565 seconds
[1421.708s][info ][safepoint    ] Entering safepoint region: GenCollectForAllocation
[1421.708s][info ][gc,start     ] GC(581) Pause Young (Allocation Failure)
[1421.708s][info ][gc,task      ] GC(581) Using 4 workers of 4 for evacuation
[1421.710s][debug][gc,ref       ] GC(581) Skipped phase1 of Reference Processing due to unavailable references
[1421.710s][debug][gc,ref       ] GC(581) Skipped phase3 of Reference Processing due to unavailable references
[1421.710s][debug][gc,ref       ] GC(581) Skipped phase4 of Reference Processing due to unavailable references
[1421.711s][debug][gc,age       ] GC(581) Desired survivor size 15368192 bytes, new threshold 6 (max threshold 6)
[1421.711s][info ][gc,heap      ] GC(581) ParNew: 241768K->1225K(270336K)
[1421.711s][info ][gc,heap      ] GC(581) CMS: 238023K->238160K(600768K)
[1421.711s][info ][gc,metaspace ] GC(581) Metaspace: 58717K->58717K(1101824K)
[1421.711s][info ][gc           ] GC(581) Pause Young (Allocation Failure) 468M->233M(850M) 2.608ms
[1421.711s][info ][gc,cpu       ] GC(581) User=0.01s Sys=0.00s Real=0.01s
[1421.711s][info ][safepoint    ] Leaving safepoint region
[1421.711s][info ][safepoint    ] Total time for which application threads were stopped: 0.0027533 seconds, Stopping threads took: 0.0000162 seconds
[1422.711s][info ][safepoint    ] Application time: 1.0001089 seconds
[1422.711s][info ][safepoint    ] Entering safepoint region: Cleanup
[1422.711s][info ][safepoint    ] Leaving safepoint region
[1422.711s][info ][safepoint    ] Total time for which application threads were stopped: 0.0001393 seconds, Stopping threads took: 0.0000692 seconds
[1423.711s][info ][safepoint    ] Application time: 1.0001222 seconds
[1423.711s][info ][safepoint    ] Entering safepoint region: Cleanup
[1423.711s][info ][safepoint    ] Leaving safepoint region
[1423.711s][info ][safepoint    ] Total time for which application threads were stopped: 0.0001147 seconds, Stopping threads took: 0.0000542 seconds
[1424.711s][info ][safepoint    ] Application time: 1.0001038 seconds
[1424.711s][info ][safepoint    ] Entering safepoint region: Cleanup
[1424.711s][info ][safepoint    ] Leaving safepoint region
[1424.711s][info ][safepoint    ] Total time for which application threads were stopped: 0.0001228 seconds, Stopping threads took: 0.0000619 seconds
[1425.104s][info ][safepoint    ] Application time: 0.3926702 seconds
[1425.104s][info ][safepoint    ] Entering safepoint region: GenCollectForAllocation
[1425.104s][info ][gc,start     ] GC(582) Pause Young (Allocation Failure)
[1425.104s][info ][gc,task      ] GC(582) Using 4 workers of 4 for evacuation
[1425.107s][debug][gc,ref       ] GC(582) Skipped phase1 of Reference Processing due to unavailable references
[1425.107s][debug][gc,ref       ] GC(582) Skipped phase3 of Reference Processing due to unavailable references
[1425.107s][debug][gc,ref       ] GC(582) Skipped phase4 of Reference Processing due to unavailable references
[1425.107s][debug][gc,age       ] GC(582) Desired survivor size 15368192 bytes, new threshold 6 (max threshold 6)
[1425.107s][info ][gc,heap      ] GC(582) ParNew: 241545K->1308K(270336K)
[1425.107s][info ][gc,heap      ] GC(582) CMS: 238160K->238336K(600768K)
[1425.107s][info ][gc,metaspace ] GC(582) Metaspace: 58718K->58718K(1101824K)
[1425.107s][info ][gc           ] GC(582) Pause Young (Allocation Failure) 468M->234M(850M) 2.473ms
[1425.107s][info ][gc,cpu       ] GC(582) User=0.01s Sys=0.00s Real=0.00s
[1425.107s][info ][safepoint    ] Leaving safepoint region
[1425.107s][info ][safepoint    ] Total time for which application threads were stopped: 0.0026072 seconds, Stopping threads took: 0.0000165 seconds
[1426.107s][info ][safepoint    ] Application time: 1.0000961 seconds
[1426.107s][info ][safepoint    ] Entering safepoint region: Cleanup
[1426.107s][info ][safepoint    ] Leaving safepoint region
[1426.107s][info ][safepoint    ] Total time for which application threads were stopped: 0.0002349 seconds, Stopping threads took: 0.0001691 seconds
[1427.107s][info ][safepoint    ] Application time: 1.0001197 seconds
[1427.107s][info ][safepoint    ] Entering safepoint region: Cleanup
[1427.107s][info ][safepoint    ] Leaving safepoint region
[1427.107s][info ][safepoint    ] Total time for which application threads were stopped: 0.0001332 seconds, Stopping threads took: 0.0000673 seconds
[1428.108s][info ][safepoint    ] Application time: 1.0000966 seconds
[1428.108s][info ][safepoint    ] Entering safepoint region: Cleanup
[1428.108s][info ][safepoint    ] Leaving safepoint region
[1428.108s][info ][safepoint    ] Total time for which application threads were stopped: 0.0001008 seconds, Stopping threads took: 0.0000399 seconds
[1428.462s][info ][safepoint    ] Application time: 0.3540438 seconds
[1428.462s][info ][safepoint    ] Entering safepoint region: GenCollectForAllocation
[1428.462s][info ][gc,start     ] GC(583) Pause Young (Allocation Failure)
[1428.462s][info ][gc,task      ] GC(583) Using 4 workers of 4 for evacuation
[1428.464s][debug][gc,ref       ] GC(583) Skipped phase1 of Reference Processing due to unavailable references
[1428.464s][debug][gc,ref       ] GC(583) Skipped phase2 of Reference Processing due to unavailable references
[1428.464s][debug][gc,ref       ] GC(583) Skipped phase3 of Reference Processing due to unavailable references
[1428.464s][debug][gc,ref       ] GC(583) Skipped phase4 of Reference Processing due to unavailable references
[1428.465s][debug][gc,age       ] GC(583) Desired survivor size 15368192 bytes, new threshold 6 (max threshold 6)
[1428.465s][info ][gc,heap      ] GC(583) ParNew: 241628K->1154K(270336K)
[1428.465s][info ][gc,heap      ] GC(583) CMS: 238336K->238358K(600768K)
[1428.465s][info ][gc,metaspace ] GC(583) Metaspace: 58718K->58718K(1101824K)
[1428.465s][info ][gc           ] GC(583) Pause Young (Allocation Failure) 468M->233M(850M) 2.743ms
[1428.465s][info ][gc,cpu       ] GC(583) User=0.01s Sys=0.00s Real=0.01s
[1428.465s][info ][safepoint    ] Leaving safepoint region
[1428.465s][info ][safepoint    ] Total time for which application threads were stopped: 0.0029027 seconds, Stopping threads took: 0.0000179 seconds
[1429.465s][info ][safepoint    ] Application time: 1.0001059 seconds
[1429.465s][info ][safepoint    ] Entering safepoint region: Cleanup
[1429.465s][info ][safepoint    ] Leaving safepoint region
[1429.465s][info ][safepoint    ] Total time for which application threads were stopped: 0.0001293 seconds, Stopping threads took: 0.0000555 seconds
[1430.465s][info ][safepoint    ] Application time: 1.0001036 seconds
[1430.465s][info ][safepoint    ] Entering safepoint region: Cleanup
[1430.465s][info ][safepoint    ] Leaving safepoint region
[1430.465s][info ][safepoint    ] Total time for which application threads were stopped: 0.0001236 seconds, Stopping threads took: 0.0000427 seconds
[1431.465s][info ][safepoint    ] Application time: 1.0000959 seconds
[1431.465s][info ][safepoint    ] Entering safepoint region: Cleanup
[1431.465s][info ][safepoint    ] Leaving safepoint region
[1431.465s][info ][safepoint    ] Total time for which application threads were stopped: 0.0001113 seconds, Stopping threads took: 0.0000487 seconds
[1431.760s][info ][safepoint    ] Application time: 0.2950007 seconds
[1431.761s][info ][safepoint    ] Entering safepoint region: GenCollectForAllocation
[1431.761s][info ][gc,start     ] GC(584) Pause Young (Allocation Failure)
[1431.761s][info ][gc,task      ] GC(584) Using 4 workers of 4 for evacuation
[1431.763s][debug][gc,ref       ] GC(584) Skipped phase1 of Reference Processing due to unavailable references
[1431.763s][debug][gc,ref       ] GC(584) Skipped phase2 of Reference Processing due to unavailable references
[1431.763s][debug][gc,ref       ] GC(584) Skipped phase3 of Reference Processing due to unavailable references
[1431.763s][debug][gc,ref       ] GC(584) Skipped phase4 of Reference Processing due to unavailable references
[1431.763s][debug][gc,age       ] GC(584) Desired survivor size 15368192 bytes, new threshold 6 (max threshold 6)
[1431.763s][info ][gc,heap      ] GC(584) ParNew: 241474K->1076K(270336K)
[1431.763s][info ][gc,heap      ] GC(584) CMS: 238358K->238537K(600768K)
[1431.763s][info ][gc,metaspace ] GC(584) Metaspace: 58718K->58718K(1101824K)
[1431.763s][info ][gc           ] GC(584) Pause Young (Allocation Failure) 468M->233M(850M) 2.477ms
[1431.763s][info ][gc,cpu       ] GC(584) User=0.01s Sys=0.00s Real=0.01s
[1431.763s][info ][safepoint    ] Leaving safepoint region
[1431.763s][info ][safepoint    ] Total time for which application threads were stopped: 0.0026352 seconds, Stopping threads took: 0.0000295 seconds
[1432.763s][info ][safepoint    ] Application time: 1.0001009 seconds
[1432.763s][info ][safepoint    ] Entering safepoint region: Cleanup
[1432.763s][info ][safepoint    ] Leaving safepoint region
[1432.763s][info ][safepoint    ] Total time for which application threads were stopped: 0.0001492 seconds, Stopping threads took: 0.0000799 seconds
[1433.764s][info ][safepoint    ] Application time: 1.0000783 seconds
[1433.764s][info ][safepoint    ] Entering safepoint region: Cleanup
[1433.764s][info ][safepoint    ] Leaving safepoint region
[1433.764s][info ][safepoint    ] Total time for which application threads were stopped: 0.0001340 seconds, Stopping threads took: 0.0000684 seconds
[1434.764s][info ][safepoint    ] Application time: 1.0000981 seconds
[1434.764s][info ][safepoint    ] Entering safepoint region: Cleanup
[1434.764s][info ][safepoint    ] Leaving safepoint region
[1434.764s][info ][safepoint    ] Total time for which application threads were stopped: 0.0001258 seconds, Stopping threads took: 0.0000509 seconds
[1434.905s][info ][safepoint    ] Application time: 0.1411367 seconds
[1434.905s][info ][safepoint    ] Entering safepoint region: GenCollectForAllocation
[1434.905s][info ][gc,start     ] GC(585) Pause Young (Allocation Failure)
[1434.905s][info ][gc,task      ] GC(585) Using 4 workers of 4 for evacuation
[1434.908s][debug][gc,ref       ] GC(585) Skipped phase1 of Reference Processing due to unavailable references
[1434.908s][debug][gc,ref       ] GC(585) Skipped phase2 of Reference Processing due to unavailable references
[1434.908s][debug][gc,ref       ] GC(585) Skipped phase3 of Reference Processing due to unavailable references
[1434.908s][debug][gc,ref       ] GC(585) Skipped phase4 of Reference Processing due to unavailable references
[1434.908s][debug][gc,age       ] GC(585) Desired survivor size 15368192 bytes, new threshold 6 (max threshold 6)
[1434.908s][info ][gc,heap      ] GC(585) ParNew: 241396K->1177K(270336K)
[1434.908s][info ][gc,heap      ] GC(585) CMS: 238537K->238636K(600768K)
[1434.908s][info ][gc,metaspace ] GC(585) Metaspace: 58718K->58718K(1101824K)
[1434.908s][info ][gc           ] GC(585) Pause Young (Allocation Failure) 468M->234M(850M) 2.475ms
[1434.908s][info ][gc,cpu       ] GC(585) User=0.01s Sys=0.00s Real=0.00s
[1434.908s][info ][safepoint    ] Leaving safepoint region
[1434.908s][info ][safepoint    ] Total time for which application threads were stopped: 0.0026692 seconds, Stopping threads took: 0.0000396 seconds
[1435.908s][info ][safepoint    ] Application time: 1.0000996 seconds
[1435.908s][info ][safepoint    ] Entering safepoint region: Cleanup
[1435.908s][info ][safepoint    ] Leaving safepoint region
[1435.908s][info ][safepoint    ] Total time for which application threads were stopped: 0.0001019 seconds, Stopping threads took: 0.0000393 seconds
[1436.908s][info ][safepoint    ] Application time: 1.0000964 seconds
[1436.908s][info ][safepoint    ] Entering safepoint region: Cleanup
[1436.908s][info ][safepoint    ] Leaving safepoint region
[1436.908s][info ][safepoint    ] Total time for which application threads were stopped: 0.0001411 seconds, Stopping threads took: 0.0000620 seconds
[1437.908s][info ][safepoint    ] Application time: 1.0000975 seconds
[1437.909s][info ][safepoint    ] Entering safepoint region: Cleanup
[1437.909s][info ][safepoint    ] Leaving safepoint region
[1437.909s][info ][safepoint    ] Total time for which application threads were stopped: 0.0001803 seconds, Stopping threads took: 0.0000672 seconds
[1438.155s][info ][safepoint    ] Application time: 0.2459815 seconds
[1438.155s][info ][safepoint    ] Entering safepoint region: GenCollectForAllocation
[1438.155s][info ][gc,start     ] GC(586) Pause Young (Allocation Failure)
[1438.155s][info ][gc,task      ] GC(586) Using 4 workers of 4 for evacuation
[1438.157s][debug][gc,ref       ] GC(586) Skipped phase1 of Reference Processing due to unavailable references
[1438.157s][debug][gc,ref       ] GC(586) Skipped phase2 of Reference Processing due to unavailable references
[1438.157s][debug][gc,ref       ] GC(586) Skipped phase3 of Reference Processing due to unavailable references
[1438.157s][debug][gc,ref       ] GC(586) Skipped phase4 of Reference Processing due to unavailable references
[1438.157s][debug][gc,age       ] GC(586) Desired survivor size 15368192 bytes, new threshold 6 (max threshold 6)
[1438.157s][info ][gc,heap      ] GC(586) ParNew: 241497K->1293K(270336K)
[1438.157s][info ][gc,heap      ] GC(586) CMS: 238636K->238713K(600768K)
[1438.157s][info ][gc,metaspace ] GC(586) Metaspace: 58719K->58719K(1101824K)
[1438.157s][info ][gc           ] GC(586) Pause Young (Allocation Failure) 468M->234M(850M) 2.483ms
[1438.157s][info ][gc,cpu       ] GC(586) User=0.00s Sys=0.00s Real=0.00s
[1438.157s][info ][safepoint    ] Leaving safepoint region
[1438.157s][info ][safepoint    ] Total time for which application threads were stopped: 0.0026228 seconds, Stopping threads took: 0.0000161 seconds
[1439.157s][info ][safepoint    ] Application time: 1.0000977 seconds
[1439.157s][info ][safepoint    ] Entering safepoint region: Cleanup
[1439.158s][info ][safepoint    ] Leaving safepoint region
[1439.158s][info ][safepoint    ] Total time for which application threads were stopped: 0.0001193 seconds, Stopping threads took: 0.0000411 seconds
[1440.158s][info ][safepoint    ] Application time: 1.0001019 seconds
[1440.158s][info ][safepoint    ] Entering safepoint region: Cleanup
[1440.158s][info ][safepoint    ] Leaving safepoint region
[1440.158s][info ][safepoint    ] Total time for which application threads were stopped: 0.0001336 seconds, Stopping threads took: 0.0000706 seconds
[1441.158s][info ][safepoint    ] Application time: 1.0000964 seconds
[1441.158s][info ][safepoint    ] Entering safepoint region: Cleanup
[1441.158s][info ][safepoint    ] Leaving safepoint region
[1441.158s][info ][safepoint    ] Total time for which application threads were stopped: 0.0001407 seconds, Stopping threads took: 0.0000670 seconds
[1441.415s][info ][safepoint    ] Application time: 0.2570605 seconds
[1441.415s][info ][safepoint    ] Entering safepoint region: GenCollectForAllocation
[1441.415s][info ][gc,start     ] GC(587) Pause Young (Allocation Failure)
[1441.415s][info ][gc,task      ] GC(587) Using 4 workers of 4 for evacuation
[1441.417s][debug][gc,ref       ] GC(587) Skipped phase1 of Reference Processing due to unavailable references
[1441.417s][debug][gc,ref       ] GC(587) Skipped phase2 of Reference Processing due to unavailable references
[1441.417s][debug][gc,ref       ] GC(587) Skipped phase3 of Reference Processing due to unavailable references
[1441.417s][debug][gc,ref       ] GC(587) Skipped phase4 of Reference Processing due to unavailable references
[1441.417s][debug][gc,age       ] GC(587) Desired survivor size 15368192 bytes, new threshold 6 (max threshold 6)
[1441.417s][info ][gc,heap      ] GC(587) ParNew: 241613K->1308K(270336K)
[1441.417s][info ][gc,heap      ] GC(587) CMS: 238713K->238715K(600768K)
[1441.417s][info ][gc,metaspace ] GC(587) Metaspace: 58738K->58738K(1101824K)
[1441.417s][info ][gc           ] GC(587) Pause Young (Allocation Failure) 469M->234M(850M) 2.169ms
[1441.417s][info ][gc,cpu       ] GC(587) User=0.01s Sys=0.00s Real=0.00s
[1441.418s][info ][safepoint    ] Leaving safepoint region
[1441.418s][info ][safepoint    ] Total time for which application threads were stopped: 0.0023252 seconds, Stopping threads took: 0.0000157 seconds
[1442.418s][info ][safepoint    ] Application time: 1.0001057 seconds
[1442.418s][info ][safepoint    ] Entering safepoint region: Cleanup
[1442.418s][info ][safepoint    ] Leaving safepoint region
[1442.418s][info ][safepoint    ] Total time for which application threads were stopped: 0.0000734 seconds, Stopping threads took: 0.0000167 seconds
[1443.418s][info ][safepoint    ] Application time: 1.0000963 seconds
[1443.418s][info ][safepoint    ] Entering safepoint region: Cleanup
[1443.418s][info ][safepoint    ] Leaving safepoint region
[1443.418s][info ][safepoint    ] Total time for which application threads were stopped: 0.0000787 seconds, Stopping threads took: 0.0000191 seconds
[1444.418s][info ][safepoint    ] Application time: 1.0000475 seconds
[1444.418s][info ][safepoint    ] Entering safepoint region: Cleanup
[1444.418s][info ][safepoint    ] Leaving safepoint region
[1444.418s][info ][safepoint    ] Total time for which application threads were stopped: 0.0001443 seconds, Stopping threads took: 0.0000676 seconds
[1444.605s][info ][safepoint    ] Application time: 0.1869328 seconds
[1444.605s][info ][safepoint    ] Entering safepoint region: GenCollectForAllocation
[1444.605s][info ][gc,start     ] GC(588) Pause Young (Allocation Failure)
[1444.605s][info ][gc,task      ] GC(588) Using 4 workers of 4 for evacuation
[1444.613s][debug][gc,ref       ] GC(588) Skipped phase1 of Reference Processing due to unavailable references
[1444.613s][debug][gc,ref       ] GC(588) Skipped phase2 of Reference Processing due to unavailable references
[1444.613s][debug][gc,ref       ] GC(588) Skipped phase3 of Reference Processing due to unavailable references
[1444.613s][debug][gc,ref       ] GC(588) Skipped phase4 of Reference Processing due to unavailable references
[1444.613s][debug][gc,age       ] GC(588) Desired survivor size 15368192 bytes, new threshold 6 (max threshold 6)
[1444.613s][info ][gc,heap      ] GC(588) ParNew: 241628K->1380K(270336K)
[1444.613s][info ][gc,heap      ] GC(588) CMS: 238715K->238763K(600768K)
[1444.613s][info ][gc,metaspace ] GC(588) Metaspace: 58738K->58738K(1101824K)
[1444.613s][info ][gc           ] GC(588) Pause Young (Allocation Failure) 469M->234M(850M) 7.557ms
[1444.613s][info ][gc,cpu       ] GC(588) User=0.01s Sys=0.00s Real=0.01s
[1444.613s][info ][safepoint    ] Leaving safepoint region
[1444.613s][info ][safepoint    ] Total time for which application threads were stopped: 0.0078607 seconds, Stopping threads took: 0.0001255 seconds
[1445.613s][info ][safepoint    ] Application time: 1.0001008 seconds
[1445.613s][info ][safepoint    ] Entering safepoint region: Cleanup
[1445.613s][info ][safepoint    ] Leaving safepoint region
[1445.613s][info ][safepoint    ] Total time for which application threads were stopped: 0.0002454 seconds, Stopping threads took: 0.0001031 seconds
[1446.614s][info ][safepoint    ] Application time: 1.0001079 seconds
[1446.614s][info ][safepoint    ] Entering safepoint region: Cleanup
[1446.614s][info ][safepoint    ] Leaving safepoint region
[1446.614s][info ][safepoint    ] Total time for which application threads were stopped: 0.0001835 seconds, Stopping threads took: 0.0000950 seconds
[1447.615s][info ][safepoint    ] Application time: 1.0009344 seconds
[1447.615s][info ][safepoint    ] Entering safepoint region: Cleanup
[1447.615s][info ][safepoint    ] Leaving safepoint region
[1447.615s][info ][safepoint    ] Total time for which application threads were stopped: 0.0001497 seconds, Stopping threads took: 0.0000497 seconds
[1447.814s][info ][safepoint    ] Application time: 0.1993335 seconds
[1447.814s][info ][safepoint    ] Entering safepoint region: GenCollectForAllocation
[1447.815s][info ][gc,start     ] GC(589) Pause Young (Allocation Failure)
[1447.815s][info ][gc,task      ] GC(589) Using 4 workers of 4 for evacuation
[1447.818s][debug][gc,ref       ] GC(589) Skipped phase1 of Reference Processing due to unavailable references
[1447.818s][debug][gc,ref       ] GC(589) Skipped phase2 of Reference Processing due to unavailable references
[1447.818s][debug][gc,ref       ] GC(589) Skipped phase3 of Reference Processing due to unavailable references
[1447.818s][debug][gc,ref       ] GC(589) Skipped phase4 of Reference Processing due to unavailable references
[1447.818s][debug][gc,age       ] GC(589) Desired survivor size 15368192 bytes, new threshold 6 (max threshold 6)
[1447.818s][info ][gc,heap      ] GC(589) ParNew: 241700K->1532K(270336K)
[1447.818s][info ][gc,heap      ] GC(589) CMS: 238763K->238930K(600768K)
[1447.818s][info ][gc,metaspace ] GC(589) Metaspace: 58738K->58738K(1101824K)
[1447.818s][info ][gc           ] GC(589) Pause Young (Allocation Failure) 469M->234M(850M) 3.185ms
[1447.818s][info ][gc,cpu       ] GC(589) User=0.01s Sys=0.00s Real=0.00s
[1447.818s][info ][safepoint    ] Leaving safepoint region
[1447.818s][info ][safepoint    ] Total time for which application threads were stopped: 0.0035142 seconds, Stopping threads took: 0.0001318 seconds
[1448.818s][info ][safepoint    ] Application time: 1.0001186 seconds
[1448.818s][info ][safepoint    ] Entering safepoint region: Cleanup
[1448.818s][info ][safepoint    ] Leaving safepoint region
[1448.818s][info ][safepoint    ] Total time for which application threads were stopped: 0.0001973 seconds, Stopping threads took: 0.0000922 seconds
[1449.821s][info ][safepoint    ] Application time: 1.0024165 seconds
[1449.821s][info ][safepoint    ] Entering safepoint region: Cleanup
[1449.821s][info ][safepoint    ] Leaving safepoint region
[1449.821s][info ][safepoint    ] Total time for which application threads were stopped: 0.0001382 seconds, Stopping threads took: 0.0000405 seconds
[1450.821s][info ][safepoint    ] Application time: 1.0000940 seconds
[1450.821s][info ][safepoint    ] Entering safepoint region: Cleanup
[1450.821s][info ][safepoint    ] Leaving safepoint region
[1450.821s][info ][safepoint    ] Total time for which application threads were stopped: 0.0000718 seconds, Stopping threads took: 0.0000174 seconds
[1451.010s][info ][safepoint    ] Application time: 0.1893015 seconds
[1451.010s][info ][safepoint    ] Entering safepoint region: GenCollectForAllocation
[1451.011s][info ][gc,start     ] GC(590) Pause Young (Allocation Failure)
[1451.011s][info ][gc,task      ] GC(590) Using 4 workers of 4 for evacuation
[1451.013s][debug][gc,ref       ] GC(590) Skipped phase1 of Reference Processing due to unavailable references
[1451.013s][debug][gc,ref       ] GC(590) Skipped phase2 of Reference Processing due to unavailable references
[1451.013s][debug][gc,ref       ] GC(590) Skipped phase3 of Reference Processing due to unavailable references
[1451.013s][debug][gc,ref       ] GC(590) Skipped phase4 of Reference Processing due to unavailable references
[1451.013s][debug][gc,age       ] GC(590) Desired survivor size 15368192 bytes, new threshold 6 (max threshold 6)
[1451.013s][info ][gc,heap      ] GC(590) ParNew: 241852K->1447K(270336K)
[1451.013s][info ][gc,heap      ] GC(590) CMS: 238930K->239095K(600768K)
[1451.013s][info ][gc,metaspace ] GC(590) Metaspace: 58738K->58738K(1101824K)
[1451.013s][info ][gc           ] GC(590) Pause Young (Allocation Failure) 469M->234M(850M) 2.957ms
[1451.013s][info ][gc,cpu       ] GC(590) User=0.01s Sys=0.00s Real=0.00s
[1451.013s][info ][safepoint    ] Leaving safepoint region
[1451.013s][info ][safepoint    ] Total time for which application threads were stopped: 0.0031098 seconds, Stopping threads took: 0.0000151 seconds
[1452.014s][info ][safepoint    ] Application time: 1.0002006 seconds
[1452.014s][info ][safepoint    ] Entering safepoint region: Cleanup
[1452.014s][info ][safepoint    ] Leaving safepoint region
[1452.014s][info ][safepoint    ] Total time for which application threads were stopped: 0.0001973 seconds, Stopping threads took: 0.0001087 seconds
[1453.014s][info ][safepoint    ] Application time: 1.0000770 seconds
[1453.014s][info ][safepoint    ] Entering safepoint region: Cleanup
[1453.014s][info ][safepoint    ] Leaving safepoint region
[1453.014s][info ][safepoint    ] Total time for which application threads were stopped: 0.0001168 seconds, Stopping threads took: 0.0000465 seconds
[1454.014s][info ][safepoint    ] Application time: 1.0000881 seconds
[1454.014s][info ][safepoint    ] Entering safepoint region: Cleanup
[1454.015s][info ][safepoint    ] Leaving safepoint region
[1454.015s][info ][safepoint    ] Total time for which application threads were stopped: 0.0001102 seconds, Stopping threads took: 0.0000401 seconds
[1454.305s][info ][safepoint    ] Application time: 0.2904671 seconds
[1454.305s][info ][safepoint    ] Entering safepoint region: GenCollectForAllocation
[1454.305s][info ][gc,start     ] GC(591) Pause Young (Allocation Failure)
[1454.305s][info ][gc,task      ] GC(591) Using 4 workers of 4 for evacuation
[1454.308s][debug][gc,ref       ] GC(591) Skipped phase1 of Reference Processing due to unavailable references
[1454.308s][debug][gc,ref       ] GC(591) Skipped phase2 of Reference Processing due to unavailable references
[1454.308s][debug][gc,ref       ] GC(591) Skipped phase3 of Reference Processing due to unavailable references
[1454.308s][debug][gc,ref       ] GC(591) Skipped phase4 of Reference Processing due to unavailable references
[1454.308s][debug][gc,age       ] GC(591) Desired survivor size 15368192 bytes, new threshold 6 (max threshold 6)
[1454.308s][info ][gc,heap      ] GC(591) ParNew: 241767K->1397K(270336K)
[1454.308s][info ][gc,heap      ] GC(591) CMS: 239095K->239229K(600768K)
[1454.308s][info ][gc,metaspace ] GC(591) Metaspace: 58738K->58738K(1101824K)
[1454.308s][info ][gc           ] GC(591) Pause Young (Allocation Failure) 469M->234M(850M) 2.714ms
[1454.308s][info ][gc,cpu       ] GC(591) User=0.01s Sys=0.00s Real=0.00s
[1454.308s][info ][safepoint    ] Leaving safepoint region
[1454.308s][info ][safepoint    ] Total time for which application threads were stopped: 0.0029517 seconds, Stopping threads took: 0.0000801 seconds
[1455.308s][info ][safepoint    ] Application time: 1.0000960 seconds
[1455.308s][info ][safepoint    ] Entering safepoint region: Cleanup
[1455.308s][info ][safepoint    ] Leaving safepoint region
[1455.308s][info ][safepoint    ] Total time for which application threads were stopped: 0.0001421 seconds, Stopping threads took: 0.0000786 seconds
[1456.308s][info ][safepoint    ] Application time: 1.0000920 seconds
[1456.308s][info ][safepoint    ] Entering safepoint region: Cleanup
[1456.308s][info ][safepoint    ] Leaving safepoint region
[1456.309s][info ][safepoint    ] Total time for which application threads were stopped: 0.0001340 seconds, Stopping threads took: 0.0000593 seconds
[1457.309s][info ][safepoint    ] Application time: 1.0000940 seconds
[1457.309s][info ][safepoint    ] Entering safepoint region: Cleanup
[1457.309s][info ][safepoint    ] Leaving safepoint region
[1457.309s][info ][safepoint    ] Total time for which application threads were stopped: 0.0001111 seconds, Stopping threads took: 0.0000389 seconds
[1457.405s][info ][safepoint    ] Application time: 0.0967342 seconds
[1457.406s][info ][safepoint    ] Entering safepoint region: GenCollectForAllocation
[1457.406s][info ][gc,start     ] GC(592) Pause Young (Allocation Failure)
[1457.406s][info ][gc,task      ] GC(592) Using 4 workers of 4 for evacuation
[1457.408s][debug][gc,ref       ] GC(592) Skipped phase1 of Reference Processing due to unavailable references
[1457.408s][debug][gc,ref       ] GC(592) Skipped phase3 of Reference Processing due to unavailable references
[1457.408s][debug][gc,age       ] GC(592) Desired survivor size 15368192 bytes, new threshold 6 (max threshold 6)
[1457.408s][info ][gc,heap      ] GC(592) ParNew: 241717K->1866K(270336K)
[1457.408s][info ][gc,heap      ] GC(592) CMS: 239229K->239295K(600768K)
[1457.408s][info ][gc,metaspace ] GC(592) Metaspace: 58742K->58742K(1101824K)
[1457.408s][info ][gc           ] GC(592) Pause Young (Allocation Failure) 469M->235M(850M) 2.787ms
[1457.408s][info ][gc,cpu       ] GC(592) User=0.01s Sys=0.00s Real=0.00s
[1457.408s][info ][safepoint    ] Leaving safepoint region
[1457.408s][info ][safepoint    ] Total time for which application threads were stopped: 0.0029632 seconds, Stopping threads took: 0.0000364 seconds
[1458.409s][info ][safepoint    ] Application time: 1.0001109 seconds
[1458.409s][info ][safepoint    ] Entering safepoint region: Cleanup
[1458.409s][info ][safepoint    ] Leaving safepoint region
[1458.409s][info ][safepoint    ] Total time for which application threads were stopped: 0.0001304 seconds, Stopping threads took: 0.0000447 seconds
[1459.409s][info ][safepoint    ] Application time: 1.0000956 seconds
[1459.409s][info ][safepoint    ] Entering safepoint region: Cleanup
[1459.409s][info ][safepoint    ] Leaving safepoint region
[1459.409s][info ][safepoint    ] Total time for which application threads were stopped: 0.0001105 seconds, Stopping threads took: 0.0000406 seconds
[1460.409s][info ][safepoint    ] Application time: 1.0000879 seconds
[1460.409s][info ][safepoint    ] Entering safepoint region: Cleanup
[1460.409s][info ][safepoint    ] Leaving safepoint region
[1460.409s][info ][safepoint    ] Total time for which application threads were stopped: 0.0001052 seconds, Stopping threads took: 0.0000408 seconds
[1460.610s][info ][safepoint    ] Application time: 0.2011854 seconds
[1460.611s][info ][safepoint    ] Entering safepoint region: GenCollectForAllocation
[1460.611s][info ][gc,start     ] GC(593) Pause Young (Allocation Failure)
[1460.611s][info ][gc,task      ] GC(593) Using 4 workers of 4 for evacuation
[1460.613s][debug][gc,ref       ] GC(593) Skipped phase1 of Reference Processing due to unavailable references
[1460.613s][debug][gc,ref       ] GC(593) Skipped phase2 of Reference Processing due to unavailable references
[1460.613s][debug][gc,ref       ] GC(593) Skipped phase3 of Reference Processing due to unavailable references
[1460.613s][debug][gc,ref       ] GC(593) Skipped phase4 of Reference Processing due to unavailable references
[1460.613s][debug][gc,age       ] GC(593) Desired survivor size 15368192 bytes, new threshold 6 (max threshold 6)
[1460.613s][info ][gc,heap      ] GC(593) ParNew: 242186K->1907K(270336K)
[1460.613s][info ][gc,heap      ] GC(593) CMS: 239295K->239317K(600768K)
[1460.613s][info ][gc,metaspace ] GC(593) Metaspace: 58742K->58742K(1101824K)
[1460.613s][info ][gc           ] GC(593) Pause Young (Allocation Failure) 470M->235M(850M) 2.574ms
[1460.613s][info ][gc,cpu       ] GC(593) User=0.01s Sys=0.01s Real=0.00s
[1460.613s][info ][safepoint    ] Leaving safepoint region
[1460.613s][info ][safepoint    ] Total time for which application threads were stopped: 0.0027257 seconds, Stopping threads took: 0.0000144 seconds
[1461.613s][info ][safepoint    ] Application time: 1.0000881 seconds
[1461.613s][info ][safepoint    ] Entering safepoint region: Cleanup
[1461.613s][info ][safepoint    ] Leaving safepoint region
[1461.613s][info ][safepoint    ] Total time for which application threads were stopped: 0.0001217 seconds, Stopping threads took: 0.0000540 seconds
[1462.614s][info ][safepoint    ] Application time: 1.0000824 seconds
[1462.614s][info ][safepoint    ] Entering safepoint region: Cleanup
[1462.614s][info ][safepoint    ] Leaving safepoint region
[1462.614s][info ][safepoint    ] Total time for which application threads were stopped: 0.0001448 seconds, Stopping threads took: 0.0000801 seconds
[1463.614s][info ][safepoint    ] Application time: 1.0000975 seconds
[1463.614s][info ][safepoint    ] Entering safepoint region: Cleanup
[1463.614s][info ][safepoint    ] Leaving safepoint region
[1463.614s][info ][safepoint    ] Total time for which application threads were stopped: 0.0001012 seconds, Stopping threads took: 0.0000412 seconds
[1463.914s][info ][safepoint    ] Application time: 0.2995930 seconds
[1463.914s][info ][safepoint    ] Entering safepoint region: GenCollectForAllocation
[1463.914s][info ][gc,start     ] GC(594) Pause Young (Allocation Failure)
[1463.914s][info ][gc,task      ] GC(594) Using 4 workers of 4 for evacuation
[1463.917s][debug][gc,ref       ] GC(594) Skipped phase1 of Reference Processing due to unavailable references
[1463.917s][debug][gc,ref       ] GC(594) Skipped phase2 of Reference Processing due to unavailable references
[1463.917s][debug][gc,ref       ] GC(594) Skipped phase3 of Reference Processing due to unavailable references
[1463.917s][debug][gc,ref       ] GC(594) Skipped phase4 of Reference Processing due to unavailable references
[1463.917s][debug][gc,age       ] GC(594) Desired survivor size 15368192 bytes, new threshold 6 (max threshold 6)
[1463.917s][info ][gc,heap      ] GC(594) ParNew: 242227K->1954K(270336K)
[1463.917s][info ][gc,heap      ] GC(594) CMS: 239317K->239487K(600768K)
[1463.917s][info ][gc,metaspace ] GC(594) Metaspace: 58742K->58742K(1101824K)
[1463.917s][info ][gc           ] GC(594) Pause Young (Allocation Failure) 470M->235M(850M) 3.318ms
[1463.917s][info ][gc,cpu       ] GC(594) User=0.01s Sys=0.00s Real=0.00s
[1463.917s][info ][safepoint    ] Leaving safepoint region
[1463.917s][info ][safepoint    ] Total time for which application threads were stopped: 0.0034643 seconds, Stopping threads took: 0.0000172 seconds
[1464.917s][info ][safepoint    ] Application time: 1.0000921 seconds
[1464.917s][info ][safepoint    ] Entering safepoint region: Cleanup
[1464.917s][info ][safepoint    ] Leaving safepoint region
[1464.917s][info ][safepoint    ] Total time for which application threads were stopped: 0.0000899 seconds, Stopping threads took: 0.0000162 seconds
[1465.917s][info ][safepoint    ] Application time: 1.0000886 seconds
[1465.917s][info ][safepoint    ] Entering safepoint region: Cleanup
[1465.917s][info ][safepoint    ] Leaving safepoint region
[1465.917s][info ][safepoint    ] Total time for which application threads were stopped: 0.0000822 seconds, Stopping threads took: 0.0000204 seconds
[1466.918s][info ][safepoint    ] Application time: 1.0000691 seconds
[1466.918s][info ][safepoint    ] Entering safepoint region: Cleanup
[1466.918s][info ][safepoint    ] Leaving safepoint region
[1466.918s][info ][safepoint    ] Total time for which application threads were stopped: 0.0000674 seconds, Stopping threads took: 0.0000150 seconds
[1467.309s][info ][safepoint    ] Application time: 0.3908951 seconds
[1467.309s][info ][safepoint    ] Entering safepoint region: GenCollectForAllocation
[1467.309s][info ][gc,start     ] GC(595) Pause Young (Allocation Failure)
[1467.309s][info ][gc,task      ] GC(595) Using 4 workers of 4 for evacuation
[1467.311s][debug][gc,ref       ] GC(595) Skipped phase1 of Reference Processing due to unavailable references
[1467.311s][debug][gc,ref       ] GC(595) Skipped phase2 of Reference Processing due to unavailable references
[1467.311s][debug][gc,ref       ] GC(595) Skipped phase3 of Reference Processing due to unavailable references
[1467.311s][debug][gc,ref       ] GC(595) Skipped phase4 of Reference Processing due to unavailable references
[1467.311s][debug][gc,age       ] GC(595) Desired survivor size 15368192 bytes, new threshold 6 (max threshold 6)
[1467.311s][info ][gc,heap      ] GC(595) ParNew: 242274K->2091K(270336K)
[1467.311s][info ][gc,heap      ] GC(595) CMS: 239487K->239536K(600768K)
[1467.311s][info ][gc,metaspace ] GC(595) Metaspace: 58743K->58743K(1101824K)
[1467.311s][info ][gc           ] GC(595) Pause Young (Allocation Failure) 470M->235M(850M) 2.518ms
[1467.311s][info ][gc,cpu       ] GC(595) User=0.01s Sys=0.00s Real=0.01s
[1467.311s][info ][safepoint    ] Leaving safepoint region
[1467.311s][info ][safepoint    ] Total time for which application threads were stopped: 0.0026560 seconds, Stopping threads took: 0.0000168 seconds
[1468.311s][info ][safepoint    ] Application time: 1.0001202 seconds
[1468.312s][info ][safepoint    ] Entering safepoint region: Cleanup
[1468.312s][info ][safepoint    ] Leaving safepoint region
[1468.312s][info ][safepoint    ] Total time for which application threads were stopped: 0.0001043 seconds, Stopping threads took: 0.0000414 seconds
[1469.312s][info ][safepoint    ] Application time: 1.0001059 seconds
[1469.317s][info ][safepoint    ] Entering safepoint region: Cleanup
[1469.317s][info ][safepoint    ] Leaving safepoint region
[1469.317s][info ][safepoint    ] Total time for which application threads were stopped: 0.0054732 seconds, Stopping threads took: 0.0053644 seconds
[1470.317s][info ][safepoint    ] Application time: 1.0001540 seconds
[1470.318s][info ][safepoint    ] Entering safepoint region: Cleanup
[1470.318s][info ][safepoint    ] Leaving safepoint region
[1470.318s][info ][safepoint    ] Total time for which application threads were stopped: 0.0007049 seconds, Stopping threads took: 0.0006170 seconds
[1470.756s][info ][safepoint    ] Application time: 0.4381390 seconds
[1470.756s][info ][safepoint    ] Entering safepoint region: GenCollectForAllocation
[1470.757s][info ][gc,start     ] GC(596) Pause Young (Allocation Failure)
[1470.757s][info ][gc,task      ] GC(596) Using 4 workers of 4 for evacuation
[1470.763s][debug][gc,ref       ] GC(596) Skipped phase1 of Reference Processing due to unavailable references
[1470.763s][debug][gc,ref       ] GC(596) Skipped phase2 of Reference Processing due to unavailable references
[1470.763s][debug][gc,ref       ] GC(596) Skipped phase3 of Reference Processing due to unavailable references
[1470.763s][debug][gc,ref       ] GC(596) Skipped phase4 of Reference Processing due to unavailable references
[1470.763s][debug][gc,age       ] GC(596) Desired survivor size 15368192 bytes, new threshold 6 (max threshold 6)
[1470.763s][info ][gc,heap      ] GC(596) ParNew: 242411K->1884K(270336K)
[1470.763s][info ][gc,heap      ] GC(596) CMS: 239536K->239679K(600768K)
[1470.763s][info ][gc,metaspace ] GC(596) Metaspace: 58744K->58744K(1101824K)
[1470.763s][info ][gc           ] GC(596) Pause Young (Allocation Failure) 470M->235M(850M) 6.417ms
[1470.763s][info ][gc,cpu       ] GC(596) User=0.02s Sys=0.00s Real=0.01s
[1470.763s][info ][safepoint    ] Leaving safepoint region
[1470.763s][info ][safepoint    ] Total time for which application threads were stopped: 0.0066599 seconds, Stopping threads took: 0.0000220 seconds
[1471.763s][info ][safepoint    ] Application time: 1.0001048 seconds
[1471.763s][info ][safepoint    ] Entering safepoint region: Cleanup
[1471.763s][info ][safepoint    ] Leaving safepoint region
[1471.763s][info ][safepoint    ] Total time for which application threads were stopped: 0.0001107 seconds, Stopping threads took: 0.0000394 seconds
[1472.763s][info ][safepoint    ] Application time: 1.0000955 seconds
[1472.763s][info ][safepoint    ] Entering safepoint region: Cleanup
[1472.764s][info ][safepoint    ] Leaving safepoint region
[1472.764s][info ][safepoint    ] Total time for which application threads were stopped: 0.0001222 seconds, Stopping threads took: 0.0000600 seconds
[1473.764s][info ][safepoint    ] Application time: 1.0000989 seconds
[1473.764s][info ][safepoint    ] Entering safepoint region: Cleanup
[1473.764s][info ][safepoint    ] Leaving safepoint region
[1473.764s][info ][safepoint    ] Total time for which application threads were stopped: 0.0001279 seconds, Stopping threads took: 0.0000689 seconds
[1474.166s][info ][safepoint    ] Application time: 0.4018385 seconds
[1474.166s][info ][safepoint    ] Entering safepoint region: GenCollectForAllocation
[1474.166s][info ][gc,start     ] GC(597) Pause Young (Allocation Failure)
[1474.166s][info ][gc,task      ] GC(597) Using 4 workers of 4 for evacuation
[1474.168s][debug][gc,ref       ] GC(597) Skipped phase1 of Reference Processing due to unavailable references
[1474.168s][debug][gc,ref       ] GC(597) Skipped phase2 of Reference Processing due to unavailable references
[1474.168s][debug][gc,ref       ] GC(597) Skipped phase3 of Reference Processing due to unavailable references
[1474.168s][debug][gc,ref       ] GC(597) Skipped phase4 of Reference Processing due to unavailable references
[1474.168s][debug][gc,age       ] GC(597) Desired survivor size 15368192 bytes, new threshold 6 (max threshold 6)
[1474.168s][info ][gc,heap      ] GC(597) ParNew: 242204K->2263K(270336K)
[1474.168s][info ][gc,heap      ] GC(597) CMS: 239679K->239862K(600768K)
[1474.168s][info ][gc,metaspace ] GC(597) Metaspace: 58744K->58744K(1101824K)
[1474.168s][info ][gc           ] GC(597) Pause Young (Allocation Failure) 470M->236M(850M) 2.663ms
[1474.168s][info ][gc,cpu       ] GC(597) User=0.01s Sys=0.00s Real=0.00s
[1474.168s][info ][safepoint    ] Leaving safepoint region
[1474.168s][info ][safepoint    ] Total time for which application threads were stopped: 0.0028049 seconds, Stopping threads took: 0.0000176 seconds
[1475.169s][info ][safepoint    ] Application time: 1.0000841 seconds
[1475.169s][info ][safepoint    ] Entering safepoint region: Cleanup
[1475.169s][info ][safepoint    ] Leaving safepoint region
[1475.169s][info ][safepoint    ] Total time for which application threads were stopped: 0.0000918 seconds, Stopping threads took: 0.0000163 seconds
[1476.169s][info ][safepoint    ] Application time: 1.0001091 seconds
[1476.169s][info ][safepoint    ] Entering safepoint region: Cleanup
[1476.169s][info ][safepoint    ] Leaving safepoint region
[1476.169s][info ][safepoint    ] Total time for which application threads were stopped: 0.0000707 seconds, Stopping threads took: 0.0000168 seconds
[1477.169s][info ][safepoint    ] Application time: 1.0000924 seconds
[1477.169s][info ][safepoint    ] Entering safepoint region: Cleanup
[1477.169s][info ][safepoint    ] Leaving safepoint region
[1477.169s][info ][safepoint    ] Total time for which application threads were stopped: 0.0000844 seconds, Stopping threads took: 0.0000184 seconds
[1477.562s][info ][safepoint    ] Application time: 0.3931680 seconds
[1477.562s][info ][safepoint    ] Entering safepoint region: GenCollectForAllocation
[1477.562s][info ][gc,start     ] GC(598) Pause Young (Allocation Failure)
[1477.562s][info ][gc,task      ] GC(598) Using 4 workers of 4 for evacuation
[1477.565s][debug][gc,ref       ] GC(598) Skipped phase1 of Reference Processing due to unavailable references
[1477.565s][debug][gc,ref       ] GC(598) Skipped phase2 of Reference Processing due to unavailable references
[1477.565s][debug][gc,ref       ] GC(598) Skipped phase3 of Reference Processing due to unavailable references
[1477.565s][debug][gc,ref       ] GC(598) Skipped phase4 of Reference Processing due to unavailable references
[1477.565s][debug][gc,age       ] GC(598) Desired survivor size 15368192 bytes, new threshold 6 (max threshold 6)
[1477.565s][info ][gc,heap      ] GC(598) ParNew: 242583K->2610K(270336K)
[1477.565s][info ][gc,heap      ] GC(598) CMS: 239862K->240077K(600768K)
[1477.565s][info ][gc,metaspace ] GC(598) Metaspace: 58745K->58745K(1101824K)
[1477.565s][info ][gc           ] GC(598) Pause Young (Allocation Failure) 471M->236M(850M) 2.643ms
[1477.565s][info ][gc,cpu       ] GC(598) User=0.01s Sys=0.00s Real=0.00s
[1477.565s][info ][safepoint    ] Leaving safepoint region
[1477.565s][info ][safepoint    ] Total time for which application threads were stopped: 0.0027748 seconds, Stopping threads took: 0.0000151 seconds
[1478.565s][info ][safepoint    ] Application time: 1.0001268 seconds
[1478.565s][info ][safepoint    ] Entering safepoint region: Cleanup
[1478.565s][info ][safepoint    ] Leaving safepoint region
[1478.565s][info ][safepoint    ] Total time for which application threads were stopped: 0.0000708 seconds, Stopping threads took: 0.0000169 seconds
[1479.565s][info ][safepoint    ] Application time: 1.0000876 seconds
[1479.565s][info ][safepoint    ] Entering safepoint region: Cleanup
[1479.566s][info ][safepoint    ] Leaving safepoint region
[1479.566s][info ][safepoint    ] Total time for which application threads were stopped: 0.0001205 seconds, Stopping threads took: 0.0000574 seconds
[1480.566s][info ][safepoint    ] Application time: 1.0000733 seconds
[1480.566s][info ][safepoint    ] Entering safepoint region: Cleanup
[1480.566s][info ][safepoint    ] Leaving safepoint region
[1480.566s][info ][safepoint    ] Total time for which application threads were stopped: 0.0001137 seconds, Stopping threads took: 0.0000353 seconds
[1480.863s][info ][safepoint    ] Application time: 0.2971288 seconds
[1480.863s][info ][safepoint    ] Entering safepoint region: GenCollectForAllocation
[1480.863s][info ][gc,start     ] GC(599) Pause Young (Allocation Failure)
[1480.863s][info ][gc,task      ] GC(599) Using 4 workers of 4 for evacuation
[1480.865s][debug][gc,ref       ] GC(599) Skipped phase1 of Reference Processing due to unavailable references
[1480.865s][debug][gc,ref       ] GC(599) Skipped phase2 of Reference Processing due to unavailable references
[1480.865s][debug][gc,ref       ] GC(599) Skipped phase3 of Reference Processing due to unavailable references
[1480.865s][debug][gc,ref       ] GC(599) Skipped phase4 of Reference Processing due to unavailable references
[1480.866s][debug][gc,age       ] GC(599) Desired survivor size 15368192 bytes, new threshold 6 (max threshold 6)
[1480.866s][info ][gc,heap      ] GC(599) ParNew: 242930K->2599K(270336K)
[1480.866s][info ][gc,heap      ] GC(599) CMS: 240077K->240100K(600768K)
[1480.866s][info ][gc,metaspace ] GC(599) Metaspace: 58745K->58745K(1101824K)
[1480.866s][info ][gc           ] GC(599) Pause Young (Allocation Failure) 471M->237M(850M) 2.584ms
[1480.866s][info ][gc,cpu       ] GC(599) User=0.01s Sys=0.01s Real=0.00s
[1480.866s][info ][safepoint    ] Leaving safepoint region
[1480.866s][info ][safepoint    ] Total time for which application threads were stopped: 0.0027383 seconds, Stopping threads took: 0.0000156 seconds
[1481.866s][info ][safepoint    ] Application time: 1.0001033 seconds
[1481.866s][info ][safepoint    ] Entering safepoint region: Cleanup
[1481.866s][info ][safepoint    ] Leaving safepoint region
[1481.866s][info ][safepoint    ] Total time for which application threads were stopped: 0.0001270 seconds, Stopping threads took: 0.0000420 seconds
[1482.866s][info ][safepoint    ] Application time: 1.0000709 seconds
[1482.866s][info ][safepoint    ] Entering safepoint region: Cleanup
[1482.866s][info ][safepoint    ] Leaving safepoint region
[1482.866s][info ][safepoint    ] Total time for which application threads were stopped: 0.0001552 seconds, Stopping threads took: 0.0000582 seconds
[1483.866s][info ][safepoint    ] Application time: 1.0000894 seconds
[1483.866s][info ][safepoint    ] Entering safepoint region: Cleanup
[1483.866s][info ][safepoint    ] Leaving safepoint region
[1483.866s][info ][safepoint    ] Total time for which application threads were stopped: 0.0001050 seconds, Stopping threads took: 0.0000494 seconds
[1484.255s][info ][safepoint    ] Application time: 0.3882743 seconds
[1484.255s][info ][safepoint    ] Entering safepoint region: GenCollectForAllocation
[1484.255s][info ][gc,start     ] GC(600) Pause Young (Allocation Failure)
[1484.255s][info ][gc,task      ] GC(600) Using 4 workers of 4 for evacuation
[1484.257s][debug][gc,ref       ] GC(600) Skipped phase1 of Reference Processing due to unavailable references
[1484.257s][debug][gc,ref       ] GC(600) Skipped phase2 of Reference Processing due to unavailable references
[1484.257s][debug][gc,ref       ] GC(600) Skipped phase3 of Reference Processing due to unavailable references
[1484.257s][debug][gc,ref       ] GC(600) Skipped phase4 of Reference Processing due to unavailable references
[1484.257s][debug][gc,age       ] GC(600) Desired survivor size 15368192 bytes, new threshold 6 (max threshold 6)
[1484.257s][info ][gc,heap      ] GC(600) ParNew: 242919K->2118K(270336K)
[1484.257s][info ][gc,heap      ] GC(600) CMS: 240100K->240660K(600768K)
[1484.257s][info ][gc,metaspace ] GC(600) Metaspace: 58745K->58745K(1101824K)
[1484.257s][info ][gc           ] GC(600) Pause Young (Allocation Failure) 471M->237M(850M) 2.513ms
[1484.257s][info ][gc,cpu       ] GC(600) User=0.01s Sys=0.00s Real=0.00s
[1484.257s][info ][safepoint    ] Leaving safepoint region
[1484.257s][info ][safepoint    ] Total time for which application threads were stopped: 0.0026850 seconds, Stopping threads took: 0.0000385 seconds
[1485.258s][info ][safepoint    ] Application time: 1.0001249 seconds
[1485.258s][info ][safepoint    ] Entering safepoint region: Cleanup
[1485.258s][info ][safepoint    ] Leaving safepoint region
[1485.258s][info ][safepoint    ] Total time for which application threads were stopped: 0.0001034 seconds, Stopping threads took: 0.0000389 seconds
[1486.258s][info ][safepoint    ] Application time: 1.0000852 seconds
[1486.258s][info ][safepoint    ] Entering safepoint region: Cleanup
[1486.258s][info ][safepoint    ] Leaving safepoint region
[1486.258s][info ][safepoint    ] Total time for which application threads were stopped: 0.0001515 seconds, Stopping threads took: 0.0000685 seconds
[1487.258s][info ][safepoint    ] Application time: 1.0001189 seconds
[1487.258s][info ][safepoint    ] Entering safepoint region: Cleanup
[1487.258s][info ][safepoint    ] Leaving safepoint region
[1487.258s][info ][safepoint    ] Total time for which application threads were stopped: 0.0001329 seconds, Stopping threads took: 0.0000656 seconds
[1487.705s][info ][safepoint    ] Application time: 0.4465758 seconds
[1487.705s][info ][safepoint    ] Entering safepoint region: GenCollectForAllocation
[1487.705s][info ][gc,start     ] GC(601) Pause Young (Allocation Failure)
[1487.705s][info ][gc,task      ] GC(601) Using 4 workers of 4 for evacuation
[1487.707s][debug][gc,ref       ] GC(601) Skipped phase1 of Reference Processing due to unavailable references
[1487.707s][debug][gc,ref       ] GC(601) Skipped phase2 of Reference Processing due to unavailable references
[1487.708s][debug][gc,ref       ] GC(601) Skipped phase3 of Reference Processing due to unavailable references
[1487.708s][debug][gc,ref       ] GC(601) Skipped phase4 of Reference Processing due to unavailable references
[1487.708s][debug][gc,age       ] GC(601) Desired survivor size 15368192 bytes, new threshold 6 (max threshold 6)
[1487.708s][info ][gc,heap      ] GC(601) ParNew: 242438K->1519K(270336K)
[1487.708s][info ][gc,heap      ] GC(601) CMS: 240660K->240864K(600768K)
[1487.708s][info ][gc,metaspace ] GC(601) Metaspace: 58745K->58745K(1101824K)
[1487.708s][info ][gc           ] GC(601) Pause Young (Allocation Failure) 471M->236M(850M) 2.542ms
[1487.708s][info ][gc,cpu       ] GC(601) User=0.01s Sys=0.00s Real=0.00s
[1487.708s][info ][safepoint    ] Leaving safepoint region
[1487.708s][info ][safepoint    ] Total time for which application threads were stopped: 0.0027493 seconds, Stopping threads took: 0.0000567 seconds
[1488.708s][info ][safepoint    ] Application time: 1.0000900 seconds
[1488.708s][info ][safepoint    ] Entering safepoint region: Cleanup
[1488.708s][info ][safepoint    ] Leaving safepoint region
[1488.708s][info ][safepoint    ] Total time for which application threads were stopped: 0.0002324 seconds, Stopping threads took: 0.0001516 seconds
[1489.708s][info ][safepoint    ] Application time: 1.0001005 seconds
[1489.708s][info ][safepoint    ] Entering safepoint region: Cleanup
[1489.708s][info ][safepoint    ] Leaving safepoint region
[1489.708s][info ][safepoint    ] Total time for which application threads were stopped: 0.0001484 seconds, Stopping threads took: 0.0000673 seconds
[1490.708s][info ][safepoint    ] Application time: 1.0000868 seconds
[1490.710s][info ][safepoint    ] Entering safepoint region: Cleanup
[1490.710s][info ][safepoint    ] Leaving safepoint region
[1490.710s][info ][safepoint    ] Total time for which application threads were stopped: 0.0014925 seconds, Stopping threads took: 0.0014206 seconds
[1490.902s][info ][safepoint    ] Application time: 0.1925079 seconds
[1490.903s][info ][safepoint    ] Entering safepoint region: GenCollectForAllocation
[1490.903s][info ][gc,start     ] GC(602) Pause Young (Allocation Failure)
[1490.903s][info ][gc,task      ] GC(602) Using 4 workers of 4 for evacuation
[1490.905s][debug][gc,ref       ] GC(602) Skipped phase1 of Reference Processing due to unavailable references
[1490.905s][debug][gc,ref       ] GC(602) Skipped phase2 of Reference Processing due to unavailable references
[1490.905s][debug][gc,ref       ] GC(602) Skipped phase3 of Reference Processing due to unavailable references
[1490.905s][debug][gc,ref       ] GC(602) Skipped phase4 of Reference Processing due to unavailable references
[1490.905s][debug][gc,age       ] GC(602) Desired survivor size 15368192 bytes, new threshold 6 (max threshold 6)
[1490.905s][info ][gc,heap      ] GC(602) ParNew: 241839K->1987K(270336K)
[1490.905s][info ][gc,heap      ] GC(602) CMS: 240864K->240940K(600768K)
[1490.905s][info ][gc,metaspace ] GC(602) Metaspace: 58746K->58746K(1101824K)
[1490.905s][info ][gc           ] GC(602) Pause Young (Allocation Failure) 471M->237M(850M) 2.449ms
[1490.905s][info ][gc,cpu       ] GC(602) User=0.01s Sys=0.00s Real=0.00s
[1490.905s][info ][safepoint    ] Leaving safepoint region
[1490.905s][info ][safepoint    ] Total time for which application threads were stopped: 0.0025878 seconds, Stopping threads took: 0.0000146 seconds
[1491.905s][info ][safepoint    ] Application time: 1.0001013 seconds
[1491.905s][info ][safepoint    ] Entering safepoint region: Cleanup
[1491.905s][info ][safepoint    ] Leaving safepoint region
[1491.905s][info ][safepoint    ] Total time for which application threads were stopped: 0.0001286 seconds, Stopping threads took: 0.0000436 seconds
[1492.905s][info ][safepoint    ] Application time: 1.0000868 seconds
[1492.906s][info ][safepoint    ] Entering safepoint region: Cleanup
[1492.906s][info ][safepoint    ] Leaving safepoint region
[1492.906s][info ][safepoint    ] Total time for which application threads were stopped: 0.0001083 seconds, Stopping threads took: 0.0000390 seconds
[1493.906s][info ][safepoint    ] Application time: 1.0000942 seconds
[1493.906s][info ][safepoint    ] Entering safepoint region: Cleanup
[1493.906s][info ][safepoint    ] Leaving safepoint region
[1493.906s][info ][safepoint    ] Total time for which application threads were stopped: 0.0001101 seconds, Stopping threads took: 0.0000403 seconds
[1494.257s][info ][safepoint    ] Application time: 0.3513444 seconds
[1494.257s][info ][safepoint    ] Entering safepoint region: GenCollectForAllocation
[1494.257s][info ][gc,start     ] GC(603) Pause Young (Allocation Failure)
[1494.257s][info ][gc,task      ] GC(603) Using 4 workers of 4 for evacuation
[1494.260s][debug][gc,ref       ] GC(603) Skipped phase1 of Reference Processing due to unavailable references
[1494.260s][debug][gc,ref       ] GC(603) Skipped phase2 of Reference Processing due to unavailable references
[1494.260s][debug][gc,ref       ] GC(603) Skipped phase3 of Reference Processing due to unavailable references
[1494.260s][debug][gc,ref       ] GC(603) Skipped phase4 of Reference Processing due to unavailable references
[1494.260s][debug][gc,age       ] GC(603) Desired survivor size 15368192 bytes, new threshold 6 (max threshold 6)
[1494.260s][info ][gc,heap      ] GC(603) ParNew: 242307K->2024K(270336K)
[1494.260s][info ][gc,heap      ] GC(603) CMS: 240940K->241112K(600768K)
[1494.260s][info ][gc,metaspace ] GC(603) Metaspace: 58746K->58746K(1101824K)
[1494.260s][info ][gc           ] GC(603) Pause Young (Allocation Failure) 471M->237M(850M) 2.451ms
[1494.260s][info ][gc,cpu       ] GC(603) User=0.01s Sys=0.00s Real=0.00s
[1494.260s][info ][safepoint    ] Leaving safepoint region
[1494.260s][info ][safepoint    ] Total time for which application threads were stopped: 0.0025951 seconds, Stopping threads took: 0.0000151 seconds
[1495.260s][info ][safepoint    ] Application time: 1.0001119 seconds
[1495.260s][info ][safepoint    ] Entering safepoint region: Cleanup
[1495.260s][info ][safepoint    ] Leaving safepoint region
[1495.260s][info ][safepoint    ] Total time for which application threads were stopped: 0.0001446 seconds, Stopping threads took: 0.0000821 seconds
[1496.260s][info ][safepoint    ] Application time: 1.0000956 seconds
[1496.260s][info ][safepoint    ] Entering safepoint region: Cleanup
[1496.260s][info ][safepoint    ] Leaving safepoint region
[1496.260s][info ][safepoint    ] Total time for which application threads were stopped: 0.0001048 seconds, Stopping threads took: 0.0000406 seconds
[1497.260s][info ][safepoint    ] Application time: 1.0000922 seconds
[1497.261s][info ][safepoint    ] Entering safepoint region: Cleanup
[1497.261s][info ][safepoint    ] Leaving safepoint region
[1497.261s][info ][safepoint    ] Total time for which application threads were stopped: 0.0001187 seconds, Stopping threads took: 0.0000540 seconds
[1497.555s][info ][safepoint    ] Application time: 0.2947858 seconds
[1497.555s][info ][safepoint    ] Entering safepoint region: GenCollectForAllocation
[1497.556s][info ][gc,start     ] GC(604) Pause Young (Allocation Failure)
[1497.556s][info ][gc,task      ] GC(604) Using 4 workers of 4 for evacuation
[1497.558s][debug][gc,ref       ] GC(604) Skipped phase1 of Reference Processing due to unavailable references
[1497.558s][debug][gc,ref       ] GC(604) Skipped phase2 of Reference Processing due to unavailable references
[1497.558s][debug][gc,ref       ] GC(604) Skipped phase3 of Reference Processing due to unavailable references
[1497.558s][debug][gc,ref       ] GC(604) Skipped phase4 of Reference Processing due to unavailable references
[1497.558s][debug][gc,age       ] GC(604) Desired survivor size 15368192 bytes, new threshold 6 (max threshold 6)
[1497.558s][info ][gc,heap      ] GC(604) ParNew: 242344K->1576K(270336K)
[1497.558s][info ][gc,heap      ] GC(604) CMS: 241112K->241468K(600768K)
[1497.558s][info ][gc,metaspace ] GC(604) Metaspace: 58746K->58746K(1101824K)
[1497.558s][info ][gc           ] GC(604) Pause Young (Allocation Failure) 472M->237M(850M) 2.541ms
[1497.558s][info ][gc,cpu       ] GC(604) User=0.01s Sys=0.00s Real=0.00s
[1497.558s][info ][safepoint    ] Leaving safepoint region
[1497.558s][info ][safepoint    ] Total time for which application threads were stopped: 0.0027070 seconds, Stopping threads took: 0.0000363 seconds
[1498.558s][info ][safepoint    ] Application time: 1.0000983 seconds
[1498.558s][info ][safepoint    ] Entering safepoint region: Cleanup
[1498.558s][info ][safepoint    ] Leaving safepoint region
[1498.558s][info ][safepoint    ] Total time for which application threads were stopped: 0.0001137 seconds, Stopping threads took: 0.0000375 seconds
[1499.559s][info ][safepoint    ] Application time: 1.0000919 seconds
[1499.559s][info ][safepoint    ] Entering safepoint region: Cleanup
[1499.559s][info ][safepoint    ] Leaving safepoint region
[1499.559s][info ][safepoint    ] Total time for which application threads were stopped: 0.0001444 seconds, Stopping threads took: 0.0000672 seconds
[1500.559s][info ][safepoint    ] Application time: 1.0000938 seconds
[1500.559s][info ][safepoint    ] Entering safepoint region: Cleanup
[1500.559s][info ][safepoint    ] Leaving safepoint region
[1500.559s][info ][safepoint    ] Total time for which application threads were stopped: 0.0001030 seconds, Stopping threads took: 0.0000399 seconds
[1500.856s][info ][safepoint    ] Application time: 0.2967869 seconds
[1500.856s][info ][safepoint    ] Entering safepoint region: GenCollectForAllocation
[1500.856s][info ][gc,start     ] GC(605) Pause Young (Allocation Failure)
[1500.856s][info ][gc,task      ] GC(605) Using 4 workers of 4 for evacuation
[1500.858s][debug][gc,ref       ] GC(605) Skipped phase1 of Reference Processing due to unavailable references
[1500.858s][debug][gc,ref       ] GC(605) Skipped phase2 of Reference Processing due to unavailable references
[1500.858s][debug][gc,ref       ] GC(605) Skipped phase3 of Reference Processing due to unavailable references
[1500.858s][debug][gc,ref       ] GC(605) Skipped phase4 of Reference Processing due to unavailable references
[1500.858s][debug][gc,age       ] GC(605) Desired survivor size 15368192 bytes, new threshold 6 (max threshold 6)
[1500.858s][info ][gc,heap      ] GC(605) ParNew: 241896K->1582K(270336K)
[1500.858s][info ][gc,heap      ] GC(605) CMS: 241468K->241504K(600768K)
[1500.858s][info ][gc,metaspace ] GC(605) Metaspace: 58748K->58748K(1101824K)
[1500.858s][info ][gc           ] GC(605) Pause Young (Allocation Failure) 472M->237M(850M) 2.373ms
[1500.858s][info ][gc,cpu       ] GC(605) User=0.01s Sys=0.00s Real=0.00s
[1500.858s][info ][safepoint    ] Leaving safepoint region
[1500.858s][info ][safepoint    ] Total time for which application threads were stopped: 0.0025388 seconds, Stopping threads took: 0.0000164 seconds
[1501.858s][info ][safepoint    ] Application time: 1.0000933 seconds
[1501.858s][info ][safepoint    ] Entering safepoint region: Cleanup
[1501.858s][info ][safepoint    ] Leaving safepoint region
[1501.859s][info ][safepoint    ] Total time for which application threads were stopped: 0.0001109 seconds, Stopping threads took: 0.0000416 seconds
[1502.859s][info ][safepoint    ] Application time: 1.0000885 seconds
[1502.859s][info ][safepoint    ] Entering safepoint region: Cleanup
[1502.859s][info ][safepoint    ] Leaving safepoint region
[1502.859s][info ][safepoint    ] Total time for which application threads were stopped: 0.0001382 seconds, Stopping threads took: 0.0000707 seconds
[1503.859s][info ][safepoint    ] Application time: 1.0000981 seconds
[1503.859s][info ][safepoint    ] Entering safepoint region: Cleanup
[1503.859s][info ][safepoint    ] Leaving safepoint region
[1503.859s][info ][safepoint    ] Total time for which application threads were stopped: 0.0000980 seconds, Stopping threads took: 0.0000384 seconds
[1504.255s][info ][safepoint    ] Application time: 0.3957595 seconds
[1504.255s][info ][safepoint    ] Entering safepoint region: GenCollectForAllocation
[1504.255s][info ][gc,start     ] GC(606) Pause Young (Allocation Failure)
[1504.255s][info ][gc,task      ] GC(606) Using 4 workers of 4 for evacuation
[1504.257s][debug][gc,ref       ] GC(606) Skipped phase1 of Reference Processing due to unavailable references
[1504.257s][debug][gc,ref       ] GC(606) Skipped phase2 of Reference Processing due to unavailable references
[1504.257s][debug][gc,ref       ] GC(606) Skipped phase3 of Reference Processing due to unavailable references
[1504.257s][debug][gc,ref       ] GC(606) Skipped phase4 of Reference Processing due to unavailable references
[1504.257s][debug][gc,age       ] GC(606) Desired survivor size 15368192 bytes, new threshold 6 (max threshold 6)
[1504.258s][info ][gc,heap      ] GC(606) ParNew: 241902K->1913K(270336K)
[1504.258s][info ][gc,heap      ] GC(606) CMS: 241504K->241536K(600768K)
[1504.258s][info ][gc,metaspace ] GC(606) Metaspace: 58748K->58748K(1101824K)
[1504.258s][info ][gc           ] GC(606) Pause Young (Allocation Failure) 472M->237M(850M) 2.677ms
[1504.258s][info ][gc,cpu       ] GC(606) User=0.01s Sys=0.00s Real=0.00s
[1504.258s][info ][safepoint    ] Leaving safepoint region
[1504.258s][info ][safepoint    ] Total time for which application threads were stopped: 0.0028401 seconds, Stopping threads took: 0.0000378 seconds
[1505.258s][info ][safepoint    ] Application time: 1.0001004 seconds
[1505.258s][info ][safepoint    ] Entering safepoint region: Cleanup
[1505.258s][info ][safepoint    ] Leaving safepoint region
[1505.258s][info ][safepoint    ] Total time for which application threads were stopped: 0.0001184 seconds, Stopping threads took: 0.0000508 seconds
[1506.258s][info ][safepoint    ] Application time: 1.0001315 seconds
[1506.258s][info ][safepoint    ] Entering safepoint region: Cleanup
[1506.258s][info ][safepoint    ] Leaving safepoint region
[1506.258s][info ][safepoint    ] Total time for which application threads were stopped: 0.0001008 seconds, Stopping threads took: 0.0000389 seconds
[1507.258s][info ][safepoint    ] Application time: 1.0000924 seconds
[1507.259s][info ][safepoint    ] Entering safepoint region: Cleanup
[1507.259s][info ][safepoint    ] Leaving safepoint region
[1507.259s][info ][safepoint    ] Total time for which application threads were stopped: 0.0003126 seconds, Stopping threads took: 0.0002391 seconds
[1507.516s][info ][safepoint    ] Application time: 0.2570045 seconds
[1507.516s][info ][safepoint    ] Entering safepoint region: GenCollectForAllocation
[1507.516s][info ][gc,start     ] GC(607) Pause Young (Allocation Failure)
[1507.516s][info ][gc,task      ] GC(607) Using 4 workers of 4 for evacuation
[1507.522s][debug][gc,ref       ] GC(607) Skipped phase1 of Reference Processing due to unavailable references
[1507.522s][debug][gc,ref       ] GC(607) Skipped phase2 of Reference Processing due to unavailable references
[1507.522s][debug][gc,ref       ] GC(607) Skipped phase3 of Reference Processing due to unavailable references
[1507.522s][debug][gc,ref       ] GC(607) Skipped phase4 of Reference Processing due to unavailable references
[1507.522s][debug][gc,age       ] GC(607) Desired survivor size 15368192 bytes, new threshold 6 (max threshold 6)
[1507.522s][info ][gc,heap      ] GC(607) ParNew: 242233K->2061K(270336K)
[1507.522s][info ][gc,heap      ] GC(607) CMS: 241536K->241637K(600768K)
[1507.522s][info ][gc,metaspace ] GC(607) Metaspace: 58748K->58748K(1101824K)
[1507.522s][info ][gc           ] GC(607) Pause Young (Allocation Failure) 472M->237M(850M) 6.588ms
[1507.522s][info ][gc,cpu       ] GC(607) User=0.01s Sys=0.00s Real=0.01s
[1507.522s][info ][safepoint    ] Leaving safepoint region
[1507.522s][info ][safepoint    ] Total time for which application threads were stopped: 0.0067457 seconds, Stopping threads took: 0.0000181 seconds
[1508.522s][info ][safepoint    ] Application time: 1.0001003 seconds
[1508.523s][info ][safepoint    ] Entering safepoint region: Cleanup
[1508.523s][info ][safepoint    ] Leaving safepoint region
[1508.523s][info ][safepoint    ] Total time for which application threads were stopped: 0.0000756 seconds, Stopping threads took: 0.0000167 seconds
[1509.530s][info ][safepoint    ] Application time: 1.0074826 seconds
[1509.530s][info ][safepoint    ] Entering safepoint region: Cleanup
[1509.530s][info ][safepoint    ] Leaving safepoint region
[1509.530s][info ][safepoint    ] Total time for which application threads were stopped: 0.0000833 seconds, Stopping threads took: 0.0000187 seconds
[1510.534s][info ][safepoint    ] Application time: 1.0038402 seconds
[1510.534s][info ][safepoint    ] Entering safepoint region: Cleanup
[1510.534s][info ][safepoint    ] Leaving safepoint region
[1510.534s][info ][safepoint    ] Total time for which application threads were stopped: 0.0000799 seconds, Stopping threads took: 0.0000182 seconds
[1510.867s][info ][safepoint    ] Application time: 0.3326934 seconds
[1510.867s][info ][safepoint    ] Entering safepoint region: GenCollectForAllocation
[1510.867s][info ][gc,start     ] GC(608) Pause Young (Allocation Failure)
[1510.867s][info ][gc,task      ] GC(608) Using 4 workers of 4 for evacuation
[1510.870s][debug][gc,ref       ] GC(608) Skipped phase1 of Reference Processing due to unavailable references
[1510.870s][debug][gc,ref       ] GC(608) Skipped phase2 of Reference Processing due to unavailable references
[1510.870s][debug][gc,ref       ] GC(608) Skipped phase3 of Reference Processing due to unavailable references
[1510.870s][debug][gc,ref       ] GC(608) Skipped phase4 of Reference Processing due to unavailable references
[1510.871s][debug][gc,age       ] GC(608) Desired survivor size 15368192 bytes, new threshold 6 (max threshold 6)
[1510.871s][info ][gc,heap      ] GC(608) ParNew: 242381K->1522K(270336K)
[1510.871s][info ][gc,heap      ] GC(608) CMS: 241637K->242079K(600768K)
[1510.871s][info ][gc,metaspace ] GC(608) Metaspace: 58748K->58748K(1101824K)
[1510.871s][info ][gc           ] GC(608) Pause Young (Allocation Failure) 472M->237M(850M) 3.601ms
[1510.871s][info ][gc,cpu       ] GC(608) User=0.01s Sys=0.00s Real=0.01s
[1510.871s][info ][safepoint    ] Leaving safepoint region
[1510.871s][info ][safepoint    ] Total time for which application threads were stopped: 0.0037663 seconds, Stopping threads took: 0.0000306 seconds
[1511.871s][info ][safepoint    ] Application time: 1.0001298 seconds
[1511.871s][info ][safepoint    ] Entering safepoint region: Cleanup
[1511.871s][info ][safepoint    ] Leaving safepoint region
[1511.871s][info ][safepoint    ] Total time for which application threads were stopped: 0.0000926 seconds, Stopping threads took: 0.0000212 seconds
[1512.871s][info ][safepoint    ] Application time: 1.0001665 seconds
[1512.871s][info ][safepoint    ] Entering safepoint region: Cleanup
[1512.871s][info ][safepoint    ] Leaving safepoint region
[1512.871s][info ][safepoint    ] Total time for which application threads were stopped: 0.0001796 seconds, Stopping threads took: 0.0000863 seconds
[1513.266s][info ][safepoint    ] Application time: 0.3946484 seconds
[1513.266s][info ][safepoint    ] Entering safepoint region: GenCollectForAllocation
[1513.266s][info ][gc,start     ] GC(609) Pause Young (Allocation Failure)
[1513.266s][info ][gc,task      ] GC(609) Using 4 workers of 4 for evacuation
[1513.282s][debug][gc,ref       ] GC(609) Skipped phase1 of Reference Processing due to unavailable references
[1513.282s][debug][gc,ref       ] GC(609) Skipped phase2 of Reference Processing due to unavailable references
[1513.282s][debug][gc,ref       ] GC(609) Skipped phase3 of Reference Processing due to unavailable references
[1513.282s][debug][gc,ref       ] GC(609) Skipped phase4 of Reference Processing due to unavailable references
[1513.282s][debug][gc,age       ] GC(609) Desired survivor size 15368192 bytes, new threshold 6 (max threshold 6)
[1513.282s][info ][gc,heap      ] GC(609) ParNew: 241842K->1965K(270336K)
[1513.282s][info ][gc,heap      ] GC(609) CMS: 242079K->242104K(600768K)
[1513.282s][info ][gc,metaspace ] GC(609) Metaspace: 58750K->58750K(1101824K)
[1513.282s][info ][gc           ] GC(609) Pause Young (Allocation Failure) 472M->238M(850M) 15.814ms
[1513.282s][info ][gc,cpu       ] GC(609) User=0.01s Sys=0.00s Real=0.02s
[1513.282s][info ][safepoint    ] Leaving safepoint region
[1513.282s][info ][safepoint    ] Total time for which application threads were stopped: 0.0160429 seconds, Stopping threads took: 0.0000187 seconds
[1514.287s][info ][safepoint    ] Application time: 1.0047236 seconds
[1514.287s][info ][safepoint    ] Entering safepoint region: Cleanup
[1514.287s][info ][safepoint    ] Leaving safepoint region
[1514.287s][info ][safepoint    ] Total time for which application threads were stopped: 0.0001025 seconds, Stopping threads took: 0.0000228 seconds
[1515.287s][info ][safepoint    ] Application time: 1.0001086 seconds
[1515.287s][info ][safepoint    ] Entering safepoint region: Cleanup
[1515.287s][info ][safepoint    ] Leaving safepoint region
[1515.287s][info ][safepoint    ] Total time for which application threads were stopped: 0.0000849 seconds, Stopping threads took: 0.0000309 seconds
[1516.287s][info ][safepoint    ] Application time: 1.0001091 seconds
[1516.287s][info ][safepoint    ] Entering safepoint region: Cleanup
[1516.287s][info ][safepoint    ] Leaving safepoint region
[1516.287s][info ][safepoint    ] Total time for which application threads were stopped: 0.0000840 seconds, Stopping threads took: 0.0000185 seconds
[1516.655s][info ][safepoint    ] Application time: 0.3675658 seconds
[1516.655s][info ][safepoint    ] Entering safepoint region: GenCollectForAllocation
[1516.655s][info ][gc,start     ] GC(610) Pause Young (Allocation Failure)
[1516.655s][info ][gc,task      ] GC(610) Using 4 workers of 4 for evacuation
[1516.658s][debug][gc,ref       ] GC(610) Skipped phase1 of Reference Processing due to unavailable references
[1516.658s][debug][gc,ref       ] GC(610) Skipped phase2 of Reference Processing due to unavailable references
[1516.658s][debug][gc,ref       ] GC(610) Skipped phase3 of Reference Processing due to unavailable references
[1516.658s][debug][gc,ref       ] GC(610) Skipped phase4 of Reference Processing due to unavailable references
[1516.658s][debug][gc,age       ] GC(610) Desired survivor size 15368192 bytes, new threshold 6 (max threshold 6)
[1516.658s][info ][gc,heap      ] GC(610) ParNew: 242285K->2007K(270336K)
[1516.658s][info ][gc,heap      ] GC(610) CMS: 242104K->242255K(600768K)
[1516.658s][info ][gc,metaspace ] GC(610) Metaspace: 58752K->58752K(1101824K)
[1516.658s][info ][gc           ] GC(610) Pause Young (Allocation Failure) 473M->238M(850M) 2.830ms
[1516.658s][info ][gc,cpu       ] GC(610) User=0.01s Sys=0.00s Real=0.00s
[1516.658s][info ][safepoint    ] Leaving safepoint region
[1516.658s][info ][safepoint    ] Total time for which application threads were stopped: 0.0030791 seconds, Stopping threads took: 0.0000739 seconds
[1517.658s][info ][safepoint    ] Application time: 1.0001037 seconds
[1517.658s][info ][safepoint    ] Entering safepoint region: Cleanup
[1517.658s][info ][safepoint    ] Leaving safepoint region
[1517.658s][info ][safepoint    ] Total time for which application threads were stopped: 0.0001062 seconds, Stopping threads took: 0.0000396 seconds
[1518.658s][info ][safepoint    ] Application time: 1.0001047 seconds
[1518.659s][info ][safepoint    ] Entering safepoint region: Cleanup
[1518.659s][info ][safepoint    ] Leaving safepoint region
[1518.659s][info ][safepoint    ] Total time for which application threads were stopped: 0.0001419 seconds, Stopping threads took: 0.0000725 seconds
[1519.661s][info ][safepoint    ] Application time: 1.0019221 seconds
[1519.661s][info ][safepoint    ] Entering safepoint region: Cleanup
[1519.661s][info ][safepoint    ] Leaving safepoint region
[1519.661s][info ][safepoint    ] Total time for which application threads were stopped: 0.0001162 seconds, Stopping threads took: 0.0000372 seconds
[1519.968s][info ][safepoint    ] Application time: 0.3077116 seconds
[1519.969s][info ][safepoint    ] Entering safepoint region: GenCollectForAllocation
[1519.969s][info ][gc,start     ] GC(611) Pause Young (Allocation Failure)
[1519.969s][info ][gc,task      ] GC(611) Using 4 workers of 4 for evacuation
[1519.971s][debug][gc,ref       ] GC(611) Skipped phase1 of Reference Processing due to unavailable references
[1519.971s][debug][gc,ref       ] GC(611) Skipped phase2 of Reference Processing due to unavailable references
[1519.971s][debug][gc,ref       ] GC(611) Skipped phase3 of Reference Processing due to unavailable references
[1519.971s][debug][gc,ref       ] GC(611) Skipped phase4 of Reference Processing due to unavailable references
[1519.971s][debug][gc,age       ] GC(611) Desired survivor size 15368192 bytes, new threshold 6 (max threshold 6)
[1519.971s][info ][gc,heap      ] GC(611) ParNew: 242327K->1841K(270336K)
[1519.971s][info ][gc,heap      ] GC(611) CMS: 242255K->242770K(600768K)
[1519.971s][info ][gc,metaspace ] GC(611) Metaspace: 58752K->58752K(1101824K)
[1519.971s][info ][gc           ] GC(611) Pause Young (Allocation Failure) 473M->238M(850M) 2.796ms
[1519.971s][info ][gc,cpu       ] GC(611) User=0.01s Sys=0.00s Real=0.01s
[1519.972s][info ][safepoint    ] Leaving safepoint region
[1519.972s][info ][safepoint    ] Total time for which application threads were stopped: 0.0029987 seconds, Stopping threads took: 0.0000782 seconds
[1520.972s][info ][safepoint    ] Application time: 1.0001023 seconds
[1520.972s][info ][safepoint    ] Entering safepoint region: Cleanup
[1520.972s][info ][safepoint    ] Leaving safepoint region
[1520.972s][info ][safepoint    ] Total time for which application threads were stopped: 0.0000710 seconds, Stopping threads took: 0.0000167 seconds
[1521.972s][info ][safepoint    ] Application time: 1.0000974 seconds
[1521.972s][info ][safepoint    ] Entering safepoint region: Cleanup
[1521.972s][info ][safepoint    ] Leaving safepoint region
[1521.972s][info ][safepoint    ] Total time for which application threads were stopped: 0.0000735 seconds, Stopping threads took: 0.0000180 seconds
[1522.972s][info ][safepoint    ] Application time: 1.0000848 seconds
[1522.972s][info ][safepoint    ] Entering safepoint region: Cleanup
[1522.972s][info ][safepoint    ] Leaving safepoint region
[1522.972s][info ][safepoint    ] Total time for which application threads were stopped: 0.0000694 seconds, Stopping threads took: 0.0000166 seconds
[1523.007s][info ][safepoint    ] Application time: 0.0350216 seconds
[1523.007s][info ][safepoint    ] Entering safepoint region: GenCollectForAllocation
[1523.007s][info ][gc,start     ] GC(612) Pause Young (Allocation Failure)
[1523.007s][info ][gc,task      ] GC(612) Using 4 workers of 4 for evacuation
[1523.010s][debug][gc,ref       ] GC(612) Skipped phase1 of Reference Processing due to unavailable references
[1523.010s][debug][gc,ref       ] GC(612) Skipped phase2 of Reference Processing due to unavailable references
[1523.010s][debug][gc,ref       ] GC(612) Skipped phase3 of Reference Processing due to unavailable references
[1523.010s][debug][gc,ref       ] GC(612) Skipped phase4 of Reference Processing due to unavailable references
[1523.010s][debug][gc,age       ] GC(612) Desired survivor size 15368192 bytes, new threshold 6 (max threshold 6)
[1523.010s][info ][gc,heap      ] GC(612) ParNew: 242161K->1866K(270336K)
[1523.010s][info ][gc,heap      ] GC(612) CMS: 242770K->242970K(600768K)
[1523.010s][info ][gc,metaspace ] GC(612) Metaspace: 58754K->58754K(1101824K)
[1523.010s][info ][gc           ] GC(612) Pause Young (Allocation Failure) 473M->239M(850M) 2.832ms
[1523.010s][info ][gc,cpu       ] GC(612) User=0.01s Sys=0.00s Real=0.01s
[1523.010s][info ][safepoint    ] Leaving safepoint region
[1523.010s][info ][safepoint    ] Total time for which application threads were stopped: 0.0029865 seconds, Stopping threads took: 0.0000327 seconds
[1524.010s][info ][safepoint    ] Application time: 1.0000899 seconds
[1524.010s][info ][safepoint    ] Entering safepoint region: Cleanup
[1524.010s][info ][safepoint    ] Leaving safepoint region
[1524.010s][info ][safepoint    ] Total time for which application threads were stopped: 0.0000983 seconds, Stopping threads took: 0.0000409 seconds
[1525.010s][info ][safepoint    ] Application time: 1.0000815 seconds
[1525.011s][info ][safepoint    ] Entering safepoint region: Cleanup
[1525.011s][info ][safepoint    ] Leaving safepoint region
[1525.011s][info ][safepoint    ] Total time for which application threads were stopped: 0.0001610 seconds, Stopping threads took: 0.0000935 seconds
[1526.011s][info ][safepoint    ] Application time: 1.0001078 seconds
[1526.011s][info ][safepoint    ] Entering safepoint region: Cleanup
[1526.011s][info ][safepoint    ] Leaving safepoint region
[1526.011s][info ][safepoint    ] Total time for which application threads were stopped: 0.0001762 seconds, Stopping threads took: 0.0000986 seconds
[1526.166s][info ][safepoint    ] Application time: 0.1547080 seconds
[1526.166s][info ][safepoint    ] Entering safepoint region: GenCollectForAllocation
[1526.166s][info ][gc,start     ] GC(613) Pause Young (Allocation Failure)
[1526.166s][info ][gc,task      ] GC(613) Using 4 workers of 4 for evacuation
[1526.169s][debug][gc,ref       ] GC(613) Skipped phase1 of Reference Processing due to unavailable references
[1526.169s][debug][gc,ref       ] GC(613) Skipped phase2 of Reference Processing due to unavailable references
[1526.169s][debug][gc,ref       ] GC(613) Skipped phase3 of Reference Processing due to unavailable references
[1526.169s][debug][gc,ref       ] GC(613) Skipped phase4 of Reference Processing due to unavailable references
[1526.169s][debug][gc,age       ] GC(613) Desired survivor size 15368192 bytes, new threshold 6 (max threshold 6)
[1526.169s][info ][gc,heap      ] GC(613) ParNew: 242186K->1830K(270336K)
[1526.169s][info ][gc,heap      ] GC(613) CMS: 242970K->243138K(600768K)
[1526.169s][info ][gc,metaspace ] GC(613) Metaspace: 58754K->58754K(1101824K)
[1526.169s][info ][gc           ] GC(613) Pause Young (Allocation Failure) 473M->239M(850M) 3.409ms
[1526.169s][info ][gc,cpu       ] GC(613) User=0.01s Sys=0.00s Real=0.00s
[1526.169s][info ][safepoint    ] Leaving safepoint region
[1526.169s][info ][safepoint    ] Total time for which application threads were stopped: 0.0035601 seconds, Stopping threads took: 0.0000180 seconds
[1527.170s][info ][safepoint    ] Application time: 1.0002856 seconds
[1527.170s][info ][safepoint    ] Entering safepoint region: Cleanup
[1527.170s][info ][safepoint    ] Leaving safepoint region
[1527.170s][info ][safepoint    ] Total time for which application threads were stopped: 0.0000768 seconds, Stopping threads took: 0.0000177 seconds
[1528.170s][info ][safepoint    ] Application time: 1.0000954 seconds
[1528.170s][info ][safepoint    ] Entering safepoint region: Cleanup
[1528.170s][info ][safepoint    ] Leaving safepoint region
[1528.170s][info ][safepoint    ] Total time for which application threads were stopped: 0.0000986 seconds, Stopping threads took: 0.0000344 seconds
[1529.170s][info ][safepoint    ] Application time: 1.0001081 seconds
[1529.170s][info ][safepoint    ] Entering safepoint region: Cleanup
[1529.170s][info ][safepoint    ] Leaving safepoint region
[1529.170s][info ][safepoint    ] Total time for which application threads were stopped: 0.0001408 seconds, Stopping threads took: 0.0000209 seconds
[1529.364s][info ][safepoint    ] Application time: 0.1941527 seconds
[1529.365s][info ][safepoint    ] Entering safepoint region: GenCollectForAllocation
[1529.365s][info ][gc,start     ] GC(614) Pause Young (Allocation Failure)
[1529.365s][info ][gc,task      ] GC(614) Using 4 workers of 4 for evacuation
[1529.367s][debug][gc,ref       ] GC(614) Skipped phase1 of Reference Processing due to unavailable references
[1529.367s][debug][gc,ref       ] GC(614) Skipped phase2 of Reference Processing due to unavailable references
[1529.367s][debug][gc,ref       ] GC(614) Skipped phase3 of Reference Processing due to unavailable references
[1529.367s][debug][gc,ref       ] GC(614) Skipped phase4 of Reference Processing due to unavailable references
[1529.367s][debug][gc,age       ] GC(614) Desired survivor size 15368192 bytes, new threshold 6 (max threshold 6)
[1529.367s][info ][gc,heap      ] GC(614) ParNew: 242150K->1713K(270336K)
[1529.367s][info ][gc,heap      ] GC(614) CMS: 243138K->243186K(600768K)
[1529.367s][info ][gc,metaspace ] GC(614) Metaspace: 58754K->58754K(1101824K)
[1529.367s][info ][gc           ] GC(614) Pause Young (Allocation Failure) 473M->239M(850M) 2.735ms
[1529.367s][info ][gc,cpu       ] GC(614) User=0.01s Sys=0.00s Real=0.00s
[1529.367s][info ][safepoint    ] Leaving safepoint region
[1529.367s][info ][safepoint    ] Total time for which application threads were stopped: 0.0028809 seconds, Stopping threads took: 0.0000177 seconds
[1530.367s][info ][safepoint    ] Application time: 1.0000951 seconds
[1530.368s][info ][safepoint    ] Entering safepoint region: Cleanup
[1530.368s][info ][safepoint    ] Leaving safepoint region
[1530.368s][info ][safepoint    ] Total time for which application threads were stopped: 0.0000831 seconds, Stopping threads took: 0.0000159 seconds
[1531.368s][info ][safepoint    ] Application time: 1.0000931 seconds
[1531.368s][info ][safepoint    ] Entering safepoint region: Cleanup
[1531.368s][info ][safepoint    ] Leaving safepoint region
[1531.368s][info ][safepoint    ] Total time for which application threads were stopped: 0.0000838 seconds, Stopping threads took: 0.0000174 seconds
[1532.368s][info ][safepoint    ] Application time: 1.0000604 seconds
[1532.368s][info ][safepoint    ] Entering safepoint region: Cleanup
[1532.368s][info ][safepoint    ] Leaving safepoint region
[1532.368s][info ][safepoint    ] Total time for which application threads were stopped: 0.0000780 seconds, Stopping threads took: 0.0000162 seconds
[1532.563s][info ][safepoint    ] Application time: 0.1953301 seconds
[1532.563s][info ][safepoint    ] Entering safepoint region: GenCollectForAllocation
[1532.563s][info ][gc,start     ] GC(615) Pause Young (Allocation Failure)
[1532.563s][info ][gc,task      ] GC(615) Using 4 workers of 4 for evacuation
[1532.566s][debug][gc,ref       ] GC(615) Skipped phase1 of Reference Processing due to unavailable references
[1532.566s][debug][gc,ref       ] GC(615) Skipped phase2 of Reference Processing due to unavailable references
[1532.566s][debug][gc,ref       ] GC(615) Skipped phase3 of Reference Processing due to unavailable references
[1532.566s][debug][gc,ref       ] GC(615) Skipped phase4 of Reference Processing due to unavailable references
[1532.566s][debug][gc,age       ] GC(615) Desired survivor size 15368192 bytes, new threshold 6 (max threshold 6)
[1532.566s][info ][gc,heap      ] GC(615) ParNew: 242033K->1782K(270336K)
[1532.566s][info ][gc,heap      ] GC(615) CMS: 243186K->243327K(600768K)
[1532.566s][info ][gc,metaspace ] GC(615) Metaspace: 58755K->58755K(1101824K)
[1532.566s][info ][gc           ] GC(615) Pause Young (Allocation Failure) 473M->239M(850M) 2.664ms
[1532.566s][info ][gc,cpu       ] GC(615) User=0.01s Sys=0.00s Real=0.00s
[1532.566s][info ][safepoint    ] Leaving safepoint region
[1532.566s][info ][safepoint    ] Total time for which application threads were stopped: 0.0028080 seconds, Stopping threads took: 0.0000161 seconds
[1533.566s][info ][safepoint    ] Application time: 1.0001002 seconds
[1533.566s][info ][safepoint    ] Entering safepoint region: Cleanup
[1533.566s][info ][safepoint    ] Leaving safepoint region
[1533.566s][info ][safepoint    ] Total time for which application threads were stopped: 0.0000699 seconds, Stopping threads took: 0.0000159 seconds
[1534.566s][info ][safepoint    ] Application time: 1.0000860 seconds
[1534.567s][info ][safepoint    ] Entering safepoint region: Cleanup
[1534.567s][info ][safepoint    ] Leaving safepoint region
[1534.567s][info ][safepoint    ] Total time for which application threads were stopped: 0.0000708 seconds, Stopping threads took: 0.0000167 seconds
[1535.567s][info ][safepoint    ] Application time: 1.0001020 seconds
[1535.567s][info ][safepoint    ] Entering safepoint region: Cleanup
[1535.567s][info ][safepoint    ] Leaving safepoint region
[1535.567s][info ][safepoint    ] Total time for which application threads were stopped: 0.0000911 seconds, Stopping threads took: 0.0000357 seconds
[1535.865s][info ][safepoint    ] Application time: 0.2983264 seconds
[1535.865s][info ][safepoint    ] Entering safepoint region: GenCollectForAllocation
[1535.865s][info ][gc,start     ] GC(616) Pause Young (Allocation Failure)
[1535.865s][info ][gc,task      ] GC(616) Using 4 workers of 4 for evacuation
[1535.868s][debug][gc,ref       ] GC(616) Skipped phase1 of Reference Processing due to unavailable references
[1535.868s][debug][gc,ref       ] GC(616) Skipped phase2 of Reference Processing due to unavailable references
[1535.868s][debug][gc,ref       ] GC(616) Skipped phase3 of Reference Processing due to unavailable references
[1535.868s][debug][gc,ref       ] GC(616) Skipped phase4 of Reference Processing due to unavailable references
[1535.868s][debug][gc,age       ] GC(616) Desired survivor size 15368192 bytes, new threshold 6 (max threshold 6)
[1535.868s][info ][gc,heap      ] GC(616) ParNew: 242102K->1793K(270336K)
[1535.868s][info ][gc,heap      ] GC(616) CMS: 243327K->243535K(600768K)
[1535.868s][info ][gc,metaspace ] GC(616) Metaspace: 58757K->58757K(1101824K)
[1535.868s][info ][gc           ] GC(616) Pause Young (Allocation Failure) 474M->239M(850M) 2.558ms
[1535.868s][info ][gc,cpu       ] GC(616) User=0.01s Sys=0.00s Real=0.00s
[1535.868s][info ][safepoint    ] Leaving safepoint region
[1535.868s][info ][safepoint    ] Total time for which application threads were stopped: 0.0026991 seconds, Stopping threads took: 0.0000162 seconds
[1536.868s][info ][safepoint    ] Application time: 1.0001098 seconds
[1536.868s][info ][safepoint    ] Entering safepoint region: Cleanup
[1536.868s][info ][safepoint    ] Leaving safepoint region
[1536.868s][info ][safepoint    ] Total time for which application threads were stopped: 0.0000761 seconds, Stopping threads took: 0.0000168 seconds
[1537.868s][info ][safepoint    ] Application time: 1.0000917 seconds
[1537.868s][info ][safepoint    ] Entering safepoint region: Cleanup
[1537.868s][info ][safepoint    ] Leaving safepoint region
[1537.868s][info ][safepoint    ] Total time for which application threads were stopped: 0.0000834 seconds, Stopping threads took: 0.0000167 seconds
[1538.868s][info ][safepoint    ] Application time: 1.0000857 seconds
[1538.868s][info ][safepoint    ] Entering safepoint region: Cleanup
[1538.869s][info ][safepoint    ] Leaving safepoint region
[1538.869s][info ][safepoint    ] Total time for which application threads were stopped: 0.0001038 seconds, Stopping threads took: 0.0000160 seconds
[1539.207s][info ][safepoint    ] Application time: 0.3388258 seconds
[1539.207s][info ][safepoint    ] Entering safepoint region: GenCollectForAllocation
[1539.208s][info ][gc,start     ] GC(617) Pause Young (Allocation Failure)
[1539.208s][info ][gc,task      ] GC(617) Using 4 workers of 4 for evacuation
[1539.210s][debug][gc,ref       ] GC(617) Skipped phase1 of Reference Processing due to unavailable references
[1539.210s][debug][gc,ref       ] GC(617) Skipped phase2 of Reference Processing due to unavailable references
[1539.210s][debug][gc,ref       ] GC(617) Skipped phase3 of Reference Processing due to unavailable references
[1539.210s][debug][gc,age       ] GC(617) Desired survivor size 15368192 bytes, new threshold 6 (max threshold 6)
[1539.210s][info ][gc,heap      ] GC(617) ParNew: 242113K->1472K(270336K)
[1539.210s][info ][gc,heap      ] GC(617) CMS: 243535K->243612K(600768K)
[1539.210s][info ][gc,metaspace ] GC(617) Metaspace: 58759K->58759K(1101824K)
[1539.210s][info ][gc           ] GC(617) Pause Young (Allocation Failure) 474M->239M(850M) 2.597ms
[1539.210s][info ][gc,cpu       ] GC(617) User=0.01s Sys=0.00s Real=0.01s
[1539.210s][info ][safepoint    ] Leaving safepoint region
[1539.210s][info ][safepoint    ] Total time for which application threads were stopped: 0.0027694 seconds, Stopping threads took: 0.0000330 seconds
[1540.210s][info ][safepoint    ] Application time: 1.0000946 seconds
[1540.210s][info ][safepoint    ] Entering safepoint region: Cleanup
[1540.210s][info ][safepoint    ] Leaving safepoint region
[1540.210s][info ][safepoint    ] Total time for which application threads were stopped: 0.0001074 seconds, Stopping threads took: 0.0000433 seconds
[1541.211s][info ][safepoint    ] Application time: 1.0000914 seconds
[1541.211s][info ][safepoint    ] Entering safepoint region: Cleanup
[1541.211s][info ][safepoint    ] Leaving safepoint region
[1541.211s][info ][safepoint    ] Total time for which application threads were stopped: 0.0001230 seconds, Stopping threads took: 0.0000516 seconds
[1542.211s][info ][safepoint    ] Application time: 1.0000895 seconds
[1542.211s][info ][safepoint    ] Entering safepoint region: Cleanup
[1542.211s][info ][safepoint    ] Leaving safepoint region
[1542.211s][info ][safepoint    ] Total time for which application threads were stopped: 0.0001156 seconds, Stopping threads took: 0.0000403 seconds
[1542.510s][info ][safepoint    ] Application time: 0.2988242 seconds
[1542.510s][info ][safepoint    ] Entering safepoint region: GenCollectForAllocation
[1542.510s][info ][gc,start     ] GC(618) Pause Young (Allocation Failure)
[1542.510s][info ][gc,task      ] GC(618) Using 4 workers of 4 for evacuation
[1542.512s][debug][gc,ref       ] GC(618) Skipped phase1 of Reference Processing due to unavailable references
[1542.512s][debug][gc,ref       ] GC(618) Skipped phase2 of Reference Processing due to unavailable references
[1542.512s][debug][gc,ref       ] GC(618) Skipped phase3 of Reference Processing due to unavailable references
[1542.512s][debug][gc,ref       ] GC(618) Skipped phase4 of Reference Processing due to unavailable references
[1542.512s][debug][gc,age       ] GC(618) Desired survivor size 15368192 bytes, new threshold 6 (max threshold 6)
[1542.512s][info ][gc,heap      ] GC(618) ParNew: 241792K->1652K(270336K)
[1542.512s][info ][gc,heap      ] GC(618) CMS: 243612K->243753K(600768K)
[1542.512s][info ][gc,metaspace ] GC(618) Metaspace: 58759K->58759K(1101824K)
[1542.512s][info ][gc           ] GC(618) Pause Young (Allocation Failure) 474M->239M(850M) 2.396ms
[1542.512s][info ][gc,cpu       ] GC(618) User=0.01s Sys=0.00s Real=0.01s
[1542.512s][info ][safepoint    ] Leaving safepoint region
[1542.512s][info ][safepoint    ] Total time for which application threads were stopped: 0.0025381 seconds, Stopping threads took: 0.0000155 seconds
[1543.512s][info ][safepoint    ] Application time: 1.0001223 seconds
[1543.513s][info ][safepoint    ] Entering safepoint region: Cleanup
[1543.513s][info ][safepoint    ] Leaving safepoint region
[1543.513s][info ][safepoint    ] Total time for which application threads were stopped: 0.0001175 seconds, Stopping threads took: 0.0000467 seconds
[1544.513s][info ][safepoint    ] Application time: 1.0000886 seconds
[1544.513s][info ][safepoint    ] Entering safepoint region: Cleanup
[1544.513s][info ][safepoint    ] Leaving safepoint region
[1544.513s][info ][safepoint    ] Total time for which application threads were stopped: 0.0001456 seconds, Stopping threads took: 0.0000859 seconds
[1545.513s][info ][safepoint    ] Application time: 1.0000964 seconds
[1545.513s][info ][safepoint    ] Entering safepoint region: Cleanup
[1545.513s][info ][safepoint    ] Leaving safepoint region
[1545.513s][info ][safepoint    ] Total time for which application threads were stopped: 0.0001149 seconds, Stopping threads took: 0.0000447 seconds
[1545.806s][info ][safepoint    ] Application time: 0.2927162 seconds
[1545.806s][info ][safepoint    ] Entering safepoint region: GenCollectForAllocation
[1545.806s][info ][gc,start     ] GC(619) Pause Young (Allocation Failure)
[1545.806s][info ][gc,task      ] GC(619) Using 4 workers of 4 for evacuation
[1545.809s][debug][gc,ref       ] GC(619) Skipped phase1 of Reference Processing due to unavailable references
[1545.809s][debug][gc,ref       ] GC(619) Skipped phase2 of Reference Processing due to unavailable references
[1545.809s][debug][gc,ref       ] GC(619) Skipped phase3 of Reference Processing due to unavailable references
[1545.809s][debug][gc,ref       ] GC(619) Skipped phase4 of Reference Processing due to unavailable references
[1545.809s][debug][gc,age       ] GC(619) Desired survivor size 15368192 bytes, new threshold 6 (max threshold 6)
[1545.809s][info ][gc,heap      ] GC(619) ParNew: 241972K->1512K(270336K)
[1545.809s][info ][gc,heap      ] GC(619) CMS: 243753K->244107K(600768K)
[1545.809s][info ][gc,metaspace ] GC(619) Metaspace: 58760K->58760K(1101824K)
[1545.809s][info ][gc           ] GC(619) Pause Young (Allocation Failure) 474M->239M(850M) 2.680ms
[1545.809s][info ][gc,cpu       ] GC(619) User=0.01s Sys=0.00s Real=0.00s
[1545.809s][info ][safepoint    ] Leaving safepoint region
[1545.809s][info ][safepoint    ] Total time for which application threads were stopped: 0.0028499 seconds, Stopping threads took: 0.0000191 seconds
[1546.809s][info ][safepoint    ] Application time: 1.0000994 seconds
[1546.809s][info ][safepoint    ] Entering safepoint region: Cleanup
[1546.809s][info ][safepoint    ] Leaving safepoint region
[1546.809s][info ][safepoint    ] Total time for which application threads were stopped: 0.0001155 seconds, Stopping threads took: 0.0000436 seconds
[1547.809s][info ][safepoint    ] Application time: 1.0001363 seconds
[1547.809s][info ][safepoint    ] Entering safepoint region: Cleanup
[1547.809s][info ][safepoint    ] Leaving safepoint region
[1547.809s][info ][safepoint    ] Total time for which application threads were stopped: 0.0001122 seconds, Stopping threads took: 0.0000421 seconds
[1548.809s][info ][safepoint    ] Application time: 1.0000633 seconds
[1548.810s][info ][safepoint    ] Entering safepoint region: Cleanup
[1548.810s][info ][safepoint    ] Leaving safepoint region
[1548.810s][info ][safepoint    ] Total time for which application threads were stopped: 0.0001164 seconds, Stopping threads took: 0.0000506 seconds
[1549.056s][info ][safepoint    ] Application time: 0.2464763 seconds
[1549.056s][info ][safepoint    ] Entering safepoint region: GenCollectForAllocation
[1549.056s][info ][gc,start     ] GC(620) Pause Young (Allocation Failure)
[1549.056s][info ][gc,task      ] GC(620) Using 4 workers of 4 for evacuation
[1549.058s][debug][gc,ref       ] GC(620) Skipped phase1 of Reference Processing due to unavailable references
[1549.058s][debug][gc,ref       ] GC(620) Skipped phase2 of Reference Processing due to unavailable references
[1549.058s][debug][gc,ref       ] GC(620) Skipped phase3 of Reference Processing due to unavailable references
[1549.058s][debug][gc,ref       ] GC(620) Skipped phase4 of Reference Processing due to unavailable references
[1549.059s][debug][gc,age       ] GC(620) Desired survivor size 15368192 bytes, new threshold 6 (max threshold 6)
[1549.059s][info ][gc,heap      ] GC(620) ParNew: 241832K->1381K(270336K)
[1549.059s][info ][gc,heap      ] GC(620) CMS: 244107K->244249K(600768K)
[1549.059s][info ][gc,metaspace ] GC(620) Metaspace: 58760K->58760K(1101824K)
[1549.059s][info ][gc           ] GC(620) Pause Young (Allocation Failure) 474M->239M(850M) 2.318ms
[1549.059s][info ][gc,cpu       ] GC(620) User=0.01s Sys=0.00s Real=0.00s
[1549.059s][info ][safepoint    ] Leaving safepoint region
[1549.059s][info ][safepoint    ] Total time for which application threads were stopped: 0.0024776 seconds, Stopping threads took: 0.0000177 seconds
[1550.059s][info ][safepoint    ] Application time: 1.0001041 seconds
[1550.059s][info ][safepoint    ] Entering safepoint region: Cleanup
[1550.059s][info ][safepoint    ] Leaving safepoint region
[1550.059s][info ][safepoint    ] Total time for which application threads were stopped: 0.0001408 seconds, Stopping threads took: 0.0000595 seconds
[1551.059s][info ][safepoint    ] Application time: 1.0000891 seconds
[1551.059s][info ][safepoint    ] Entering safepoint region: Cleanup
[1551.059s][info ][safepoint    ] Leaving safepoint region
[1551.059s][info ][safepoint    ] Total time for which application threads were stopped: 0.0001305 seconds, Stopping threads took: 0.0000696 seconds
[1552.059s][info ][safepoint    ] Application time: 1.0001046 seconds
[1552.059s][info ][safepoint    ] Entering safepoint region: Cleanup
[1552.059s][info ][safepoint    ] Leaving safepoint region
[1552.059s][info ][safepoint    ] Total time for which application threads were stopped: 0.0001001 seconds, Stopping threads took: 0.0000388 seconds
[1552.309s][info ][safepoint    ] Application time: 0.2492992 seconds
[1552.309s][info ][safepoint    ] Entering safepoint region: GenCollectForAllocation
[1552.309s][info ][gc,start     ] GC(621) Pause Young (Allocation Failure)
[1552.309s][info ][gc,task      ] GC(621) Using 4 workers of 4 for evacuation
[1552.311s][debug][gc,ref       ] GC(621) Skipped phase1 of Reference Processing due to unavailable references
[1552.311s][debug][gc,ref       ] GC(621) Skipped phase2 of Reference Processing due to unavailable references
[1552.311s][debug][gc,ref       ] GC(621) Skipped phase3 of Reference Processing due to unavailable references
[1552.311s][debug][gc,ref       ] GC(621) Skipped phase4 of Reference Processing due to unavailable references
[1552.311s][debug][gc,age       ] GC(621) Desired survivor size 15368192 bytes, new threshold 6 (max threshold 6)
[1552.311s][info ][gc,heap      ] GC(621) ParNew: 241701K->1062K(270336K)
[1552.311s][info ][gc,heap      ] GC(621) CMS: 244249K->244505K(600768K)
[1552.311s][info ][gc,metaspace ] GC(621) Metaspace: 58761K->58761K(1101824K)
[1552.311s][info ][gc           ] GC(621) Pause Young (Allocation Failure) 474M->239M(850M) 2.574ms
[1552.311s][info ][gc,cpu       ] GC(621) User=0.01s Sys=0.00s Real=0.01s
[1552.311s][info ][safepoint    ] Leaving safepoint region
[1552.311s][info ][safepoint    ] Total time for which application threads were stopped: 0.0027195 seconds, Stopping threads took: 0.0000179 seconds
[1553.313s][info ][safepoint    ] Application time: 1.0014049 seconds
[1553.313s][info ][safepoint    ] Entering safepoint region: Cleanup
[1553.313s][info ][safepoint    ] Leaving safepoint region
[1553.313s][info ][safepoint    ] Total time for which application threads were stopped: 0.0000983 seconds, Stopping threads took: 0.0000390 seconds
[1554.313s][info ][safepoint    ] Application time: 1.0001272 seconds
[1554.313s][info ][safepoint    ] Entering safepoint region: Cleanup
[1554.313s][info ][safepoint    ] Leaving safepoint region
[1554.313s][info ][safepoint    ] Total time for which application threads were stopped: 0.0001028 seconds, Stopping threads took: 0.0000405 seconds
[1555.313s][info ][safepoint    ] Application time: 1.0001079 seconds
[1555.313s][info ][safepoint    ] Entering safepoint region: Cleanup
[1555.314s][info ][safepoint    ] Leaving safepoint region
[1555.314s][info ][safepoint    ] Total time for which application threads were stopped: 0.0001026 seconds, Stopping threads took: 0.0000425 seconds
[1555.455s][info ][safepoint    ] Application time: 0.1414386 seconds
[1555.455s][info ][safepoint    ] Entering safepoint region: GenCollectForAllocation
[1555.455s][info ][gc,start     ] GC(622) Pause Young (Allocation Failure)
[1555.455s][info ][gc,task      ] GC(622) Using 4 workers of 4 for evacuation
[1555.457s][debug][gc,ref       ] GC(622) Skipped phase1 of Reference Processing due to unavailable references
[1555.457s][debug][gc,ref       ] GC(622) Skipped phase2 of Reference Processing due to unavailable references
[1555.457s][debug][gc,ref       ] GC(622) Skipped phase3 of Reference Processing due to unavailable references
[1555.457s][debug][gc,ref       ] GC(622) Skipped phase4 of Reference Processing due to unavailable references
[1555.457s][debug][gc,age       ] GC(622) Desired survivor size 15368192 bytes, new threshold 6 (max threshold 6)
[1555.457s][info ][gc,heap      ] GC(622) ParNew: 241382K->1293K(270336K)
[1555.457s][info ][gc,heap      ] GC(622) CMS: 244505K->244537K(600768K)
[1555.458s][info ][gc,metaspace ] GC(622) Metaspace: 58766K->58766K(1101824K)
[1555.458s][info ][gc           ] GC(622) Pause Young (Allocation Failure) 474M->240M(850M) 2.335ms
[1555.458s][info ][gc,cpu       ] GC(622) User=0.01s Sys=0.00s Real=0.00s
[1555.458s][info ][safepoint    ] Leaving safepoint region
[1555.458s][info ][safepoint    ] Total time for which application threads were stopped: 0.0025017 seconds, Stopping threads took: 0.0000387 seconds
[1556.458s][info ][safepoint    ] Application time: 1.0000962 seconds
[1556.458s][info ][safepoint    ] Entering safepoint region: Cleanup
[1556.458s][info ][safepoint    ] Leaving safepoint region
[1556.458s][info ][safepoint    ] Total time for which application threads were stopped: 0.0001428 seconds, Stopping threads took: 0.0000572 seconds
[1557.458s][info ][safepoint    ] Application time: 1.0001026 seconds
[1557.458s][info ][safepoint    ] Entering safepoint region: Cleanup
[1557.458s][info ][safepoint    ] Leaving safepoint region
[1557.458s][info ][safepoint    ] Total time for which application threads were stopped: 0.0001354 seconds, Stopping threads took: 0.0000644 seconds
[1558.458s][info ][safepoint    ] Application time: 1.0000831 seconds
[1558.458s][info ][safepoint    ] Entering safepoint region: Cleanup
[1558.458s][info ][safepoint    ] Leaving safepoint region
[1558.458s][info ][safepoint    ] Total time for which application threads were stopped: 0.0001071 seconds, Stopping threads took: 0.0000402 seconds
[1558.606s][info ][safepoint    ] Application time: 0.1473472 seconds
[1558.606s][info ][safepoint    ] Entering safepoint region: GenCollectForAllocation
[1558.606s][info ][gc,start     ] GC(623) Pause Young (Allocation Failure)
[1558.606s][info ][gc,task      ] GC(623) Using 4 workers of 4 for evacuation
[1558.608s][debug][gc,ref       ] GC(623) Skipped phase1 of Reference Processing due to unavailable references
[1558.608s][debug][gc,ref       ] GC(623) Skipped phase2 of Reference Processing due to unavailable references
[1558.608s][debug][gc,ref       ] GC(623) Skipped phase3 of Reference Processing due to unavailable references
[1558.608s][debug][gc,ref       ] GC(623) Skipped phase4 of Reference Processing due to unavailable references
[1558.608s][debug][gc,age       ] GC(623) Desired survivor size 15368192 bytes, new threshold 6 (max threshold 6)
[1558.608s][info ][gc,heap      ] GC(623) ParNew: 241613K->1185K(270336K)
[1558.608s][info ][gc,heap      ] GC(623) CMS: 244537K->244939K(600768K)
[1558.608s][info ][gc,metaspace ] GC(623) Metaspace: 58767K->58767K(1101824K)
[1558.608s][info ][gc           ] GC(623) Pause Young (Allocation Failure) 474M->240M(850M) 2.637ms
[1558.608s][info ][gc,cpu       ] GC(623) User=0.01s Sys=0.00s Real=0.00s
[1558.609s][info ][safepoint    ] Leaving safepoint region
[1558.609s][info ][safepoint    ] Total time for which application threads were stopped: 0.0027854 seconds, Stopping threads took: 0.0000146 seconds
[1559.609s][info ][safepoint    ] Application time: 1.0000962 seconds
[1559.609s][info ][safepoint    ] Entering safepoint region: Cleanup
[1559.609s][info ][safepoint    ] Leaving safepoint region
[1559.609s][info ][safepoint    ] Total time for which application threads were stopped: 0.0001411 seconds, Stopping threads took: 0.0000705 seconds
[1560.609s][info ][safepoint    ] Application time: 1.0000947 seconds
[1560.609s][info ][safepoint    ] Entering safepoint region: Cleanup
[1560.609s][info ][safepoint    ] Leaving safepoint region
[1560.609s][info ][safepoint    ] Total time for which application threads were stopped: 0.0001268 seconds, Stopping threads took: 0.0000390 seconds
[1561.609s][info ][safepoint    ] Application time: 1.0000952 seconds
[1561.609s][info ][safepoint    ] Entering safepoint region: Cleanup
[1561.609s][info ][safepoint    ] Leaving safepoint region
[1561.609s][info ][safepoint    ] Total time for which application threads were stopped: 0.0001449 seconds, Stopping threads took: 0.0000722 seconds
[1561.724s][info ][safepoint    ] Application time: 0.1149787 seconds
[1561.724s][info ][safepoint    ] Entering safepoint region: GenCollectForAllocation
[1561.725s][info ][gc,start     ] GC(624) Pause Young (Allocation Failure)
[1561.725s][info ][gc,task      ] GC(624) Using 4 workers of 4 for evacuation
[1561.733s][debug][gc,ref       ] GC(624) Skipped phase1 of Reference Processing due to unavailable references
[1561.733s][debug][gc,ref       ] GC(624) Skipped phase2 of Reference Processing due to unavailable references
[1561.733s][debug][gc,ref       ] GC(624) Skipped phase3 of Reference Processing due to unavailable references
[1561.733s][debug][gc,ref       ] GC(624) Skipped phase4 of Reference Processing due to unavailable references
[1561.733s][debug][gc,age       ] GC(624) Desired survivor size 15368192 bytes, new threshold 6 (max threshold 6)
[1561.733s][info ][gc,heap      ] GC(624) ParNew: 241505K->1253K(270336K)
[1561.733s][info ][gc,heap      ] GC(624) CMS: 244939K->245013K(600768K)
[1561.733s][info ][gc,metaspace ] GC(624) Metaspace: 58767K->58767K(1101824K)
[1561.733s][info ][gc           ] GC(624) Pause Young (Allocation Failure) 475M->240M(850M) 8.805ms
[1561.733s][info ][gc,cpu       ] GC(624) User=0.01s Sys=0.00s Real=0.01s
[1561.733s][info ][safepoint    ] Leaving safepoint region
[1561.733s][info ][safepoint    ] Total time for which application threads were stopped: 0.0090645 seconds, Stopping threads took: 0.0001275 seconds
[1562.734s][info ][safepoint    ] Application time: 1.0001092 seconds
[1562.734s][info ][safepoint    ] Entering safepoint region: Cleanup
[1562.734s][info ][safepoint    ] Leaving safepoint region
[1562.734s][info ][safepoint    ] Total time for which application threads were stopped: 0.0000724 seconds, Stopping threads took: 0.0000170 seconds
[1563.734s][info ][safepoint    ] Application time: 1.0001009 seconds
[1563.734s][info ][safepoint    ] Entering safepoint region: Cleanup
[1563.734s][info ][safepoint    ] Leaving safepoint region
[1563.734s][info ][safepoint    ] Total time for which application threads were stopped: 0.0000701 seconds, Stopping threads took: 0.0000168 seconds
[1564.859s][info ][safepoint    ] Application time: 1.1253793 seconds
[1564.859s][info ][safepoint    ] Entering safepoint region: GenCollectForAllocation
[1564.859s][info ][gc,start     ] GC(625) Pause Young (Allocation Failure)
[1564.859s][info ][gc,task      ] GC(625) Using 4 workers of 4 for evacuation
[1564.862s][debug][gc,ref       ] GC(625) Skipped phase1 of Reference Processing due to unavailable references
[1564.862s][debug][gc,ref       ] GC(625) Skipped phase2 of Reference Processing due to unavailable references
[1564.862s][debug][gc,ref       ] GC(625) Skipped phase3 of Reference Processing due to unavailable references
[1564.862s][debug][gc,ref       ] GC(625) Skipped phase4 of Reference Processing due to unavailable references
[1564.862s][debug][gc,age       ] GC(625) Desired survivor size 15368192 bytes, new threshold 6 (max threshold 6)
[1564.862s][info ][gc,heap      ] GC(625) ParNew: 241573K->1197K(270336K)
[1564.862s][info ][gc,heap      ] GC(625) CMS: 245013K->245198K(600768K)
[1564.862s][info ][gc,metaspace ] GC(625) Metaspace: 58767K->58767K(1101824K)
[1564.862s][info ][gc           ] GC(625) Pause Young (Allocation Failure) 475M->240M(850M) 2.523ms
[1564.862s][info ][gc,cpu       ] GC(625) User=0.01s Sys=0.00s Real=0.00s
[1564.862s][info ][safepoint    ] Leaving safepoint region
[1564.862s][info ][safepoint    ] Total time for which application threads were stopped: 0.0026766 seconds, Stopping threads took: 0.0000162 seconds
[1567.862s][info ][safepoint    ] Application time: 3.0002825 seconds
[1567.862s][info ][safepoint    ] Entering safepoint region: Cleanup
[1567.862s][info ][safepoint    ] Leaving safepoint region
[1567.862s][info ][safepoint    ] Total time for which application threads were stopped: 0.0001706 seconds, Stopping threads took: 0.0000691 seconds
[1568.063s][info ][safepoint    ] Application time: 0.2007547 seconds
[1568.063s][info ][safepoint    ] Entering safepoint region: GenCollectForAllocation
[1568.063s][info ][gc,start     ] GC(626) Pause Young (Allocation Failure)
[1568.063s][info ][gc,task      ] GC(626) Using 4 workers of 4 for evacuation
[1568.066s][debug][gc,ref       ] GC(626) Skipped phase1 of Reference Processing due to unavailable references
[1568.066s][debug][gc,ref       ] GC(626) Skipped phase2 of Reference Processing due to unavailable references
[1568.066s][debug][gc,ref       ] GC(626) Skipped phase3 of Reference Processing due to unavailable references
[1568.066s][debug][gc,ref       ] GC(626) Skipped phase4 of Reference Processing due to unavailable references
[1568.066s][debug][gc,age       ] GC(626) Desired survivor size 15368192 bytes, new threshold 6 (max threshold 6)
[1568.066s][info ][gc,heap      ] GC(626) ParNew: 241517K->2075K(270336K)
[1568.066s][info ][gc,heap      ] GC(626) CMS: 245198K->245229K(600768K)
[1568.066s][info ][gc,metaspace ] GC(626) Metaspace: 58767K->58767K(1101824K)
[1568.066s][info ][gc           ] GC(626) Pause Young (Allocation Failure) 475M->241M(850M) 2.570ms
[1568.066s][info ][gc,cpu       ] GC(626) User=0.01s Sys=0.00s Real=0.00s
[1568.066s][info ][safepoint    ] Leaving safepoint region
[1568.066s][info ][safepoint    ] Total time for which application threads were stopped: 0.0027080 seconds, Stopping threads took: 0.0000158 seconds
[1571.363s][info ][safepoint    ] Application time: 3.2967637 seconds
[1571.363s][info ][safepoint    ] Entering safepoint region: GenCollectForAllocation
[1571.363s][info ][gc,start     ] GC(627) Pause Young (Allocation Failure)
[1571.363s][info ][gc,task      ] GC(627) Using 4 workers of 4 for evacuation
[1571.366s][debug][gc,ref       ] GC(627) Skipped phase1 of Reference Processing due to unavailable references
[1571.366s][debug][gc,ref       ] GC(627) Skipped phase2 of Reference Processing due to unavailable references
[1571.366s][debug][gc,ref       ] GC(627) Skipped phase3 of Reference Processing due to unavailable references
[1571.366s][debug][gc,ref       ] GC(627) Skipped phase4 of Reference Processing due to unavailable references
[1571.366s][debug][gc,age       ] GC(627) Desired survivor size 15368192 bytes, new threshold 6 (max threshold 6)
[1571.366s][info ][gc,heap      ] GC(627) ParNew: 242395K->2219K(270336K)
[1571.366s][info ][gc,heap      ] GC(627) CMS: 245229K->245265K(600768K)
[1571.366s][info ][gc,metaspace ] GC(627) Metaspace: 58767K->58767K(1101824K)
[1571.366s][info ][gc           ] GC(627) Pause Young (Allocation Failure) 476M->241M(850M) 2.850ms
[1571.366s][info ][gc,cpu       ] GC(627) User=0.01s Sys=0.00s Real=0.00s
[1571.366s][info ][safepoint    ] Leaving safepoint region
[1571.366s][info ][safepoint    ] Total time for which application threads were stopped: 0.0029893 seconds, Stopping threads took: 0.0000165 seconds
[1574.366s][info ][safepoint    ] Application time: 3.0002805 seconds
[1574.366s][info ][safepoint    ] Entering safepoint region: Cleanup
[1574.366s][info ][safepoint    ] Leaving safepoint region
[1574.366s][info ][safepoint    ] Total time for which application threads were stopped: 0.0000826 seconds, Stopping threads took: 0.0000179 seconds
[1574.656s][info ][safepoint    ] Application time: 0.2902399 seconds
[1574.656s][info ][safepoint    ] Entering safepoint region: GenCollectForAllocation
[1574.657s][info ][gc,start     ] GC(628) Pause Young (Allocation Failure)
[1574.657s][info ][gc,task      ] GC(628) Using 4 workers of 4 for evacuation
[1574.659s][debug][gc,ref       ] GC(628) Skipped phase1 of Reference Processing due to unavailable references
[1574.659s][debug][gc,ref       ] GC(628) Skipped phase2 of Reference Processing due to unavailable references
[1574.659s][debug][gc,ref       ] GC(628) Skipped phase3 of Reference Processing due to unavailable references
[1574.659s][debug][gc,ref       ] GC(628) Skipped phase4 of Reference Processing due to unavailable references
[1574.659s][debug][gc,age       ] GC(628) Desired survivor size 15368192 bytes, new threshold 6 (max threshold 6)
[1574.659s][info ][gc,heap      ] GC(628) ParNew: 242539K->2381K(270336K)
[1574.659s][info ][gc,heap      ] GC(628) CMS: 245265K->245353K(600768K)
[1574.659s][info ][gc,metaspace ] GC(628) Metaspace: 58767K->58767K(1101824K)
[1574.659s][info ][gc           ] GC(628) Pause Young (Allocation Failure) 476M->241M(850M) 2.645ms
[1574.659s][info ][gc,cpu       ] GC(628) User=0.00s Sys=0.00s Real=0.00s
[1574.659s][info ][safepoint    ] Leaving safepoint region
[1574.659s][info ][safepoint    ] Total time for which application threads were stopped: 0.0027927 seconds, Stopping threads took: 0.0000163 seconds
[1576.659s][info ][safepoint    ] Application time: 2.0001451 seconds
[1576.660s][info ][safepoint    ] Entering safepoint region: Cleanup
[1576.660s][info ][safepoint    ] Leaving safepoint region
[1576.660s][info ][safepoint    ] Total time for which application threads were stopped: 0.0001608 seconds, Stopping threads took: 0.0000868 seconds
[1577.859s][info ][safepoint    ] Application time: 1.1993385 seconds
[1577.859s][info ][safepoint    ] Entering safepoint region: GenCollectForAllocation
[1577.859s][info ][gc,start     ] GC(629) Pause Young (Allocation Failure)
[1577.859s][info ][gc,task      ] GC(629) Using 4 workers of 4 for evacuation
[1577.862s][debug][gc,ref       ] GC(629) Skipped phase1 of Reference Processing due to unavailable references
[1577.862s][debug][gc,ref       ] GC(629) Skipped phase2 of Reference Processing due to unavailable references
[1577.862s][debug][gc,ref       ] GC(629) Skipped phase3 of Reference Processing due to unavailable references
[1577.862s][debug][gc,ref       ] GC(629) Skipped phase4 of Reference Processing due to unavailable references
[1577.862s][debug][gc,age       ] GC(629) Desired survivor size 15368192 bytes, new threshold 6 (max threshold 6)
[1577.862s][info ][gc,heap      ] GC(629) ParNew: 242701K->1900K(270336K)
[1577.862s][info ][gc,heap      ] GC(629) CMS: 245353K->245572K(600768K)
[1577.862s][info ][gc,metaspace ] GC(629) Metaspace: 58767K->58767K(1101824K)
[1577.862s][info ][gc           ] GC(629) Pause Young (Allocation Failure) 476M->241M(850M) 2.798ms
[1577.862s][info ][gc,cpu       ] GC(629) User=0.01s Sys=0.00s Real=0.00s
[1577.862s][info ][safepoint    ] Leaving safepoint region
[1577.862s][info ][safepoint    ] Total time for which application threads were stopped: 0.0030213 seconds, Stopping threads took: 0.0000157 seconds
[1580.821s][info ][safepoint    ] Application time: 2.9586084 seconds
[1580.821s][info ][safepoint    ] Entering safepoint region: GenCollectForAllocation
[1580.821s][info ][gc,start     ] GC(630) Pause Young (Allocation Failure)
[1580.821s][info ][gc,task      ] GC(630) Using 4 workers of 4 for evacuation
[1580.826s][debug][gc,ref       ] GC(630) Skipped phase1 of Reference Processing due to unavailable references
[1580.826s][debug][gc,ref       ] GC(630) Skipped phase2 of Reference Processing due to unavailable references
[1580.826s][debug][gc,ref       ] GC(630) Skipped phase3 of Reference Processing due to unavailable references
[1580.826s][debug][gc,ref       ] GC(630) Skipped phase4 of Reference Processing due to unavailable references
[1580.826s][debug][gc,age       ] GC(630) Desired survivor size 15368192 bytes, new threshold 6 (max threshold 6)
[1580.826s][info ][gc,heap      ] GC(630) ParNew: 242220K->4338K(270336K)
[1580.826s][info ][gc,heap      ] GC(630) CMS: 245572K->245679K(600768K)
[1580.826s][info ][gc,metaspace ] GC(630) Metaspace: 58767K->58767K(1101824K)
[1580.826s][info ][gc           ] GC(630) Pause Young (Allocation Failure) 476M->244M(850M) 4.998ms
[1580.826s][info ][gc,cpu       ] GC(630) User=0.02s Sys=0.01s Real=0.01s
[1580.826s][info ][safepoint    ] Leaving safepoint region
[1580.826s][info ][safepoint    ] Total time for which application threads were stopped: 0.0051764 seconds, Stopping threads took: 0.0000290 seconds
[1584.112s][info ][safepoint    ] Application time: 3.2858159 seconds
[1584.112s][info ][safepoint    ] Entering safepoint region: GenCollectForAllocation
[1584.112s][info ][gc,start     ] GC(631) Pause Young (Allocation Failure)
[1584.112s][info ][gc,task      ] GC(631) Using 4 workers of 4 for evacuation
[1584.115s][debug][gc,ref       ] GC(631) Skipped phase1 of Reference Processing due to unavailable references
[1584.115s][debug][gc,ref       ] GC(631) Skipped phase2 of Reference Processing due to unavailable references
[1584.115s][debug][gc,ref       ] GC(631) Skipped phase3 of Reference Processing due to unavailable references
[1584.115s][debug][gc,ref       ] GC(631) Skipped phase4 of Reference Processing due to unavailable references
[1584.115s][debug][gc,age       ] GC(631) Desired survivor size 15368192 bytes, new threshold 6 (max threshold 6)
[1584.115s][info ][gc,heap      ] GC(631) ParNew: 244658K->5562K(270336K)
[1584.115s][info ][gc,heap      ] GC(631) CMS: 245679K->245745K(600768K)
[1584.115s][info ][gc,metaspace ] GC(631) Metaspace: 58767K->58767K(1101824K)
[1584.115s][info ][gc           ] GC(631) Pause Young (Allocation Failure) 478M->245M(850M) 3.368ms
[1584.115s][info ][gc,cpu       ] GC(631) User=0.02s Sys=0.00s Real=0.00s
[1584.115s][info ][safepoint    ] Leaving safepoint region
[1584.115s][info ][safepoint    ] Total time for which application threads were stopped: 0.0035167 seconds, Stopping threads took: 0.0000167 seconds
[1587.366s][info ][safepoint    ] Application time: 3.2507364 seconds
[1587.366s][info ][safepoint    ] Entering safepoint region: GenCollectForAllocation
[1587.366s][info ][gc,start     ] GC(632) Pause Young (Allocation Failure)
[1587.366s][info ][gc,task      ] GC(632) Using 4 workers of 4 for evacuation
[1587.369s][debug][gc,ref       ] GC(632) Skipped phase1 of Reference Processing due to unavailable references
[1587.369s][debug][gc,ref       ] GC(632) Skipped phase2 of Reference Processing due to unavailable references
[1587.369s][debug][gc,ref       ] GC(632) Skipped phase3 of Reference Processing due to unavailable references
[1587.369s][debug][gc,ref       ] GC(632) Skipped phase4 of Reference Processing due to unavailable references
[1587.370s][debug][gc,age       ] GC(632) Desired survivor size 15368192 bytes, new threshold 6 (max threshold 6)
[1587.370s][info ][gc,heap      ] GC(632) ParNew: 245882K->5633K(270336K)
[1587.370s][info ][gc,heap      ] GC(632) CMS: 245745K->245882K(600768K)
[1587.370s][info ][gc,metaspace ] GC(632) Metaspace: 58767K->58767K(1101824K)
[1587.370s][info ][gc           ] GC(632) Pause Young (Allocation Failure) 480M->245M(850M) 3.473ms
[1587.370s][info ][gc,cpu       ] GC(632) User=0.01s Sys=0.00s Real=0.00s
[1587.370s][info ][safepoint    ] Leaving safepoint region
[1587.370s][info ][safepoint    ] Total time for which application threads were stopped: 0.0036371 seconds, Stopping threads took: 0.0000302 seconds
[1590.465s][info ][safepoint    ] Application time: 3.0950974 seconds
[1590.465s][info ][safepoint    ] Entering safepoint region: GenCollectForAllocation
[1590.465s][info ][gc,start     ] GC(633) Pause Young (Allocation Failure)
[1590.465s][info ][gc,task      ] GC(633) Using 4 workers of 4 for evacuation
[1590.468s][debug][gc,ref       ] GC(633) Skipped phase1 of Reference Processing due to unavailable references
[1590.468s][debug][gc,ref       ] GC(633) Skipped phase2 of Reference Processing due to unavailable references
[1590.468s][debug][gc,ref       ] GC(633) Skipped phase3 of Reference Processing due to unavailable references
[1590.468s][debug][gc,ref       ] GC(633) Skipped phase4 of Reference Processing due to unavailable references
[1590.469s][debug][gc,age       ] GC(633) Desired survivor size 15368192 bytes, new threshold 6 (max threshold 6)
[1590.469s][info ][gc,heap      ] GC(633) ParNew: 245953K->5039K(270336K)
[1590.469s][info ][gc,heap      ] GC(633) CMS: 245882K->245978K(600768K)
[1590.469s][info ][gc,metaspace ] GC(633) Metaspace: 58767K->58767K(1101824K)
[1590.469s][info ][gc           ] GC(633) Pause Young (Allocation Failure) 480M->245M(850M) 3.780ms
[1590.469s][info ][gc,cpu       ] GC(633) User=0.01s Sys=0.00s Real=0.00s
[1590.469s][info ][safepoint    ] Leaving safepoint region
[1590.469s][info ][safepoint    ] Total time for which application threads were stopped: 0.0039402 seconds, Stopping threads took: 0.0000162 seconds
[1593.527s][info ][safepoint    ] Application time: 3.0580266 seconds
[1593.527s][info ][safepoint    ] Entering safepoint region: GenCollectForAllocation
[1593.527s][info ][safepoint    ] Leaving safepoint region
[1593.527s][info ][safepoint    ] Total time for which application threads were stopped: 0.0002305 seconds, Stopping threads took: 0.0001222 seconds
[1593.527s][info ][safepoint    ] Application time: 0.0001977 seconds
[1593.527s][info ][safepoint    ] Entering safepoint region: GenCollectFull
[1593.527s][info ][gc,start     ] GC(634) Pause Young (GCLocker Initiated GC)
[1593.527s][info ][gc,task      ] GC(634) Using 4 workers of 4 for evacuation
[1593.531s][debug][gc,ref       ] GC(634) Skipped phase1 of Reference Processing due to unavailable references
[1593.531s][debug][gc,ref       ] GC(634) Skipped phase2 of Reference Processing due to unavailable references
[1593.531s][debug][gc,ref       ] GC(634) Skipped phase3 of Reference Processing due to unavailable references
[1593.531s][debug][gc,ref       ] GC(634) Skipped phase4 of Reference Processing due to unavailable references
[1593.531s][debug][gc,age       ] GC(634) Desired survivor size 15368192 bytes, new threshold 6 (max threshold 6)
[1593.531s][info ][gc,heap      ] GC(634) ParNew: 245360K->5841K(270336K)
[1593.531s][info ][gc,heap      ] GC(634) CMS: 245978K->246016K(600768K)
[1593.531s][info ][gc,metaspace ] GC(634) Metaspace: 58767K->58767K(1101824K)
[1593.531s][info ][gc           ] GC(634) Pause Young (GCLocker Initiated GC) 479M->245M(850M) 3.598ms
[1593.531s][info ][gc,cpu       ] GC(634) User=0.02s Sys=0.00s Real=0.01s
[1593.531s][info ][safepoint    ] Leaving safepoint region
[1593.531s][info ][safepoint    ] Total time for which application threads were stopped: 0.0037173 seconds, Stopping threads took: 0.0000105 seconds
[1595.531s][info ][safepoint    ] Application time: 2.0002399 seconds
[1595.531s][info ][safepoint    ] Entering safepoint region: Cleanup
[1595.531s][info ][safepoint    ] Leaving safepoint region
[1595.531s][info ][safepoint    ] Total time for which application threads were stopped: 0.0001554 seconds, Stopping threads took: 0.0000915 seconds
[1596.705s][info ][safepoint    ] Application time: 1.1735777 seconds
[1596.705s][info ][safepoint    ] Entering safepoint region: GenCollectForAllocation
[1596.705s][info ][gc,start     ] GC(635) Pause Young (Allocation Failure)
[1596.705s][info ][gc,task      ] GC(635) Using 4 workers of 4 for evacuation
[1596.708s][debug][gc,ref       ] GC(635) Skipped phase1 of Reference Processing due to unavailable references
[1596.708s][debug][gc,ref       ] GC(635) Skipped phase2 of Reference Processing due to unavailable references
[1596.708s][debug][gc,ref       ] GC(635) Skipped phase3 of Reference Processing due to unavailable references
[1596.708s][debug][gc,ref       ] GC(635) Skipped phase4 of Reference Processing due to unavailable references
[1596.708s][debug][gc,age       ] GC(635) Desired survivor size 15368192 bytes, new threshold 6 (max threshold 6)
[1596.708s][info ][gc,heap      ] GC(635) ParNew: 246161K->5384K(270336K)
[1596.709s][info ][gc,heap      ] GC(635) CMS: 246016K->246249K(600768K)
[1596.709s][info ][gc,metaspace ] GC(635) Metaspace: 58767K->58767K(1101824K)
[1596.709s][info ][gc           ] GC(635) Pause Young (Allocation Failure) 480M->245M(850M) 3.386ms
[1596.709s][info ][gc,cpu       ] GC(635) User=0.01s Sys=0.00s Real=0.00s
[1596.709s][info ][safepoint    ] Leaving safepoint region
[1596.709s][info ][safepoint    ] Total time for which application threads were stopped: 0.0035897 seconds, Stopping threads took: 0.0000678 seconds
[1599.907s][info ][safepoint    ] Application time: 3.1988471 seconds
[1599.907s][info ][safepoint    ] Entering safepoint region: GenCollectForAllocation
[1599.908s][info ][gc,start     ] GC(636) Pause Young (Allocation Failure)
[1599.908s][info ][gc,task      ] GC(636) Using 4 workers of 4 for evacuation
[1599.911s][debug][gc,ref       ] GC(636) Skipped phase1 of Reference Processing due to unavailable references
[1599.911s][debug][gc,ref       ] GC(636) Skipped phase2 of Reference Processing due to unavailable references
[1599.911s][debug][gc,ref       ] GC(636) Skipped phase3 of Reference Processing due to unavailable references
[1599.911s][debug][gc,ref       ] GC(636) Skipped phase4 of Reference Processing due to unavailable references
[1599.911s][debug][gc,age       ] GC(636) Desired survivor size 15368192 bytes, new threshold 6 (max threshold 6)
[1599.911s][info ][gc,heap      ] GC(636) ParNew: 245704K->3893K(270336K)
[1599.911s][info ][gc,heap      ] GC(636) CMS: 246249K->248553K(600768K)
[1599.911s][info ][gc,metaspace ] GC(636) Metaspace: 58767K->58767K(1101824K)
[1599.911s][info ][gc           ] GC(636) Pause Young (Allocation Failure) 480M->246M(850M) 3.911ms
[1599.911s][info ][gc,cpu       ] GC(636) User=0.01s Sys=0.00s Real=0.01s
[1599.912s][info ][safepoint    ] Leaving safepoint region
[1599.912s][info ][safepoint    ] Total time for which application threads were stopped: 0.0040584 seconds, Stopping threads took: 0.0000156 seconds
[1603.060s][info ][safepoint    ] Application time: 3.1481809 seconds
[1603.060s][info ][safepoint    ] Entering safepoint region: GenCollectForAllocation
[1603.060s][info ][gc,start     ] GC(637) Pause Young (Allocation Failure)
[1603.060s][info ][gc,task      ] GC(637) Using 4 workers of 4 for evacuation
[1603.062s][debug][gc,ref       ] GC(637) Skipped phase1 of Reference Processing due to unavailable references
[1603.063s][debug][gc,ref       ] GC(637) Skipped phase2 of Reference Processing due to unavailable references
[1603.063s][debug][gc,ref       ] GC(637) Skipped phase3 of Reference Processing due to unavailable references
[1603.063s][debug][gc,ref       ] GC(637) Skipped phase4 of Reference Processing due to unavailable references
[1603.063s][debug][gc,age       ] GC(637) Desired survivor size 15368192 bytes, new threshold 6 (max threshold 6)
[1603.063s][info ][gc,heap      ] GC(637) ParNew: 244213K->2451K(270336K)
[1603.063s][info ][gc,heap      ] GC(637) CMS: 248553K->248603K(600768K)
[1603.063s][info ][gc,metaspace ] GC(637) Metaspace: 58767K->58767K(1101824K)
[1603.063s][info ][gc           ] GC(637) Pause Young (Allocation Failure) 481M->245M(850M) 3.365ms
[1603.063s][info ][gc,cpu       ] GC(637) User=0.01s Sys=0.00s Real=0.01s
[1603.063s][info ][safepoint    ] Leaving safepoint region
[1603.063s][info ][safepoint    ] Total time for which application threads were stopped: 0.0034996 seconds, Stopping threads took: 0.0000152 seconds
[1606.205s][info ][safepoint    ] Application time: 3.1417483 seconds
[1606.205s][info ][safepoint    ] Entering safepoint region: GenCollectForAllocation
[1606.205s][info ][gc,start     ] GC(638) Pause Young (Allocation Failure)
[1606.205s][info ][gc,task      ] GC(638) Using 4 workers of 4 for evacuation
[1606.208s][debug][gc,ref       ] GC(638) Skipped phase1 of Reference Processing due to unavailable references
[1606.208s][debug][gc,ref       ] GC(638) Skipped phase2 of Reference Processing due to unavailable references
[1606.208s][debug][gc,ref       ] GC(638) Skipped phase3 of Reference Processing due to unavailable references
[1606.208s][debug][gc,ref       ] GC(638) Skipped phase4 of Reference Processing due to unavailable references
[1606.208s][debug][gc,age       ] GC(638) Desired survivor size 15368192 bytes, new threshold 6 (max threshold 6)
[1606.208s][info ][gc,heap      ] GC(638) ParNew: 242771K->2920K(270336K)
[1606.208s][info ][gc,heap      ] GC(638) CMS: 248603K->248802K(600768K)
[1606.208s][info ][gc,metaspace ] GC(638) Metaspace: 58767K->58767K(1101824K)
[1606.208s][info ][gc           ] GC(638) Pause Young (Allocation Failure) 479M->245M(850M) 2.614ms
[1606.208s][info ][gc,cpu       ] GC(638) User=0.01s Sys=0.00s Real=0.00s
[1606.208s][info ][safepoint    ] Leaving safepoint region
[1606.208s][info ][safepoint    ] Total time for which application threads were stopped: 0.0028939 seconds, Stopping threads took: 0.0001120 seconds
[1609.504s][info ][safepoint    ] Application time: 3.2957335 seconds
[1609.504s][info ][safepoint    ] Entering safepoint region: GenCollectForAllocation
[1609.504s][info ][gc,start     ] GC(639) Pause Young (Allocation Failure)
[1609.504s][info ][gc,task      ] GC(639) Using 4 workers of 4 for evacuation
[1609.507s][debug][gc,ref       ] GC(639) Skipped phase1 of Reference Processing due to unavailable references
[1609.507s][debug][gc,ref       ] GC(639) Skipped phase2 of Reference Processing due to unavailable references
[1609.507s][debug][gc,ref       ] GC(639) Skipped phase3 of Reference Processing due to unavailable references
[1609.507s][debug][gc,ref       ] GC(639) Skipped phase4 of Reference Processing due to unavailable references
[1609.507s][debug][gc,age       ] GC(639) Desired survivor size 15368192 bytes, new threshold 6 (max threshold 6)
[1609.507s][info ][gc,heap      ] GC(639) ParNew: 243240K->1147K(270336K)
[1609.507s][info ][gc,heap      ] GC(639) CMS: 248802K->249828K(600768K)
[1609.507s][info ][gc,metaspace ] GC(639) Metaspace: 58767K->58767K(1101824K)
[1609.507s][info ][gc           ] GC(639) Pause Young (Allocation Failure) 480M->245M(850M) 3.249ms
[1609.507s][info ][gc,cpu       ] GC(639) User=0.01s Sys=0.00s Real=0.00s
[1609.507s][info ][safepoint    ] Leaving safepoint region
[1609.507s][info ][safepoint    ] Total time for which application threads were stopped: 0.0033965 seconds, Stopping threads took: 0.0000167 seconds
[1612.662s][info ][safepoint    ] Application time: 3.1544627 seconds
[1612.662s][info ][safepoint    ] Entering safepoint region: GenCollectForAllocation
[1612.662s][info ][gc,start     ] GC(640) Pause Young (Allocation Failure)
[1612.662s][info ][gc,task      ] GC(640) Using 4 workers of 4 for evacuation
[1612.664s][debug][gc,ref       ] GC(640) Skipped phase1 of Reference Processing due to unavailable references
[1612.664s][debug][gc,ref       ] GC(640) Skipped phase2 of Reference Processing due to unavailable references
[1612.664s][debug][gc,ref       ] GC(640) Skipped phase3 of Reference Processing due to unavailable references
[1612.664s][debug][gc,ref       ] GC(640) Skipped phase4 of Reference Processing due to unavailable references
[1612.664s][debug][gc,age       ] GC(640) Desired survivor size 15368192 bytes, new threshold 6 (max threshold 6)
[1612.664s][info ][gc,heap      ] GC(640) ParNew: 241467K->1125K(270336K)
[1612.664s][info ][gc,heap      ] GC(640) CMS: 249828K->249898K(600768K)
[1612.664s][info ][gc,metaspace ] GC(640) Metaspace: 58767K->58767K(1101824K)
[1612.664s][info ][gc           ] GC(640) Pause Young (Allocation Failure) 479M->245M(850M) 2.321ms
[1612.664s][info ][gc,cpu       ] GC(640) User=0.01s Sys=0.00s Real=0.01s
[1612.664s][info ][safepoint    ] Leaving safepoint region
[1612.664s][info ][safepoint    ] Total time for which application threads were stopped: 0.0024773 seconds, Stopping threads took: 0.0000161 seconds
[1614.664s][info ][safepoint    ] Application time: 2.0001775 seconds
[1614.664s][info ][safepoint    ] Entering safepoint region: Cleanup
[1614.664s][info ][safepoint    ] Leaving safepoint region
[1614.664s][info ][safepoint    ] Total time for which application threads were stopped: 0.0001269 seconds, Stopping threads took: 0.0000419 seconds
[1615.860s][info ][safepoint    ] Application time: 1.1951512 seconds
[1615.860s][info ][safepoint    ] Entering safepoint region: GenCollectForAllocation
[1615.860s][info ][gc,start     ] GC(641) Pause Young (Allocation Failure)
[1615.860s][info ][gc,task      ] GC(641) Using 4 workers of 4 for evacuation
[1615.863s][debug][gc,ref       ] GC(641) Skipped phase1 of Reference Processing due to unavailable references
[1615.863s][debug][gc,ref       ] GC(641) Skipped phase2 of Reference Processing due to unavailable references
[1615.863s][debug][gc,ref       ] GC(641) Skipped phase3 of Reference Processing due to unavailable references
[1615.863s][debug][gc,ref       ] GC(641) Skipped phase4 of Reference Processing due to unavailable references
[1615.863s][debug][gc,age       ] GC(641) Desired survivor size 15368192 bytes, new threshold 6 (max threshold 6)
[1615.863s][info ][gc,heap      ] GC(641) ParNew: 241445K->1078K(270336K)
[1615.863s][info ][gc,heap      ] GC(641) CMS: 249898K->249966K(600768K)
[1615.863s][info ][gc,metaspace ] GC(641) Metaspace: 58769K->58769K(1101824K)
[1615.863s][info ][gc           ] GC(641) Pause Young (Allocation Failure) 479M->245M(850M) 3.657ms
[1615.863s][info ][gc,cpu       ] GC(641) User=0.01s Sys=0.00s Real=0.01s
[1615.863s][info ][safepoint    ] Leaving safepoint region
[1615.863s][info ][safepoint    ] Total time for which application threads were stopped: 0.0037986 seconds, Stopping threads took: 0.0000154 seconds
[1617.864s][info ][safepoint    ] Application time: 2.0001723 seconds
[1617.864s][info ][safepoint    ] Entering safepoint region: Cleanup
[1617.864s][info ][safepoint    ] Leaving safepoint region
[1617.864s][info ][safepoint    ] Total time for which application threads were stopped: 0.0001212 seconds, Stopping threads took: 0.0000520 seconds
[1619.062s][info ][safepoint    ] Application time: 1.1982090 seconds
[1619.062s][info ][safepoint    ] Entering safepoint region: GenCollectForAllocation
[1619.062s][info ][gc,start     ] GC(642) Pause Young (Allocation Failure)
[1619.062s][info ][gc,task      ] GC(642) Using 4 workers of 4 for evacuation
[1619.064s][debug][gc,ref       ] GC(642) Skipped phase1 of Reference Processing due to unavailable references
[1619.064s][debug][gc,ref       ] GC(642) Skipped phase2 of Reference Processing due to unavailable references
[1619.064s][debug][gc,ref       ] GC(642) Skipped phase3 of Reference Processing due to unavailable references
[1619.064s][debug][gc,ref       ] GC(642) Skipped phase4 of Reference Processing due to unavailable references
[1619.065s][debug][gc,age       ] GC(642) Desired survivor size 15368192 bytes, new threshold 6 (max threshold 6)
[1619.065s][info ][gc,heap      ] GC(642) ParNew: 241398K->1168K(270336K)
[1619.065s][info ][gc,heap      ] GC(642) CMS: 249966K->250107K(600768K)
[1619.065s][info ][gc,metaspace ] GC(642) Metaspace: 58769K->58769K(1101824K)
[1619.065s][info ][gc           ] GC(642) Pause Young (Allocation Failure) 479M->245M(850M) 2.472ms
[1619.065s][info ][gc,cpu       ] GC(642) User=0.01s Sys=0.00s Real=0.00s
[1619.065s][info ][safepoint    ] Leaving safepoint region
[1619.065s][info ][safepoint    ] Total time for which application threads were stopped: 0.0026285 seconds, Stopping threads took: 0.0000160 seconds
[1622.157s][info ][safepoint    ] Application time: 3.0928364 seconds
[1622.157s][info ][safepoint    ] Entering safepoint region: GenCollectForAllocation
[1622.158s][info ][gc,start     ] GC(643) Pause Young (Allocation Failure)
[1622.158s][info ][gc,task      ] GC(643) Using 4 workers of 4 for evacuation
[1622.160s][debug][gc,ref       ] GC(643) Skipped phase1 of Reference Processing due to unavailable references
[1622.160s][debug][gc,ref       ] GC(643) Skipped phase2 of Reference Processing due to unavailable references
[1622.160s][debug][gc,ref       ] GC(643) Skipped phase3 of Reference Processing due to unavailable references
[1622.160s][debug][gc,ref       ] GC(643) Skipped phase4 of Reference Processing due to unavailable references
[1622.160s][debug][gc,age       ] GC(643) Desired survivor size 15368192 bytes, new threshold 6 (max threshold 6)
[1622.160s][info ][gc,heap      ] GC(643) ParNew: 241488K->1210K(270336K)
[1622.160s][info ][gc,heap      ] GC(643) CMS: 250107K->250198K(600768K)
[1622.160s][info ][gc,metaspace ] GC(643) Metaspace: 58769K->58769K(1101824K)
[1622.160s][info ][gc           ] GC(643) Pause Young (Allocation Failure) 480M->245M(850M) 2.579ms
[1622.160s][info ][gc,cpu       ] GC(643) User=0.00s Sys=0.00s Real=0.00s
[1622.160s][info ][safepoint    ] Leaving safepoint region
[1622.160s][info ][safepoint    ] Total time for which application threads were stopped: 0.0027192 seconds, Stopping threads took: 0.0000186 seconds
[1625.315s][info ][safepoint    ] Application time: 3.1549639 seconds
[1625.315s][info ][safepoint    ] Entering safepoint region: GenCollectForAllocation
[1625.315s][info ][gc,start     ] GC(644) Pause Young (Allocation Failure)
[1625.315s][info ][gc,task      ] GC(644) Using 4 workers of 4 for evacuation
[1625.317s][debug][gc,ref       ] GC(644) Skipped phase1 of Reference Processing due to unavailable references
[1625.317s][debug][gc,ref       ] GC(644) Skipped phase2 of Reference Processing due to unavailable references
[1625.317s][debug][gc,ref       ] GC(644) Skipped phase3 of Reference Processing due to unavailable references
[1625.317s][debug][gc,ref       ] GC(644) Skipped phase4 of Reference Processing due to unavailable references
[1625.318s][debug][gc,age       ] GC(644) Desired survivor size 15368192 bytes, new threshold 6 (max threshold 6)
[1625.318s][info ][gc,heap      ] GC(644) ParNew: 241530K->1233K(270336K)
[1625.318s][info ][gc,heap      ] GC(644) CMS: 250198K->250218K(600768K)
[1625.318s][info ][gc,metaspace ] GC(644) Metaspace: 58769K->58769K(1101824K)
[1625.318s][info ][gc           ] GC(644) Pause Young (Allocation Failure) 480M->245M(850M) 2.285ms
[1625.318s][info ][gc,cpu       ] GC(644) User=0.01s Sys=0.00s Real=0.00s
[1625.318s][info ][safepoint    ] Leaving safepoint region
[1625.318s][info ][safepoint    ] Total time for which application threads were stopped: 0.0024217 seconds, Stopping threads took: 0.0000166 seconds
[1628.461s][info ][safepoint    ] Application time: 3.1428891 seconds
[1628.461s][info ][safepoint    ] Entering safepoint region: GenCollectForAllocation
[1628.461s][info ][gc,start     ] GC(645) Pause Young (Allocation Failure)
[1628.461s][info ][gc,task      ] GC(645) Using 4 workers of 4 for evacuation
[1628.463s][debug][gc,ref       ] GC(645) Skipped phase1 of Reference Processing due to unavailable references
[1628.463s][debug][gc,ref       ] GC(645) Skipped phase2 of Reference Processing due to unavailable references
[1628.463s][debug][gc,ref       ] GC(645) Skipped phase3 of Reference Processing due to unavailable references
[1628.463s][debug][gc,ref       ] GC(645) Skipped phase4 of Reference Processing due to unavailable references
[1628.463s][debug][gc,age       ] GC(645) Desired survivor size 15368192 bytes, new threshold 6 (max threshold 6)
[1628.463s][info ][gc,heap      ] GC(645) ParNew: 241553K->1287K(270336K)
[1628.463s][info ][gc,heap      ] GC(645) CMS: 250218K->250235K(600768K)
[1628.463s][info ][gc,metaspace ] GC(645) Metaspace: 58769K->58769K(1101824K)
[1628.463s][info ][gc           ] GC(645) Pause Young (Allocation Failure) 480M->245M(850M) 2.447ms
[1628.463s][info ][gc,cpu       ] GC(645) User=0.01s Sys=0.00s Real=0.01s
[1628.463s][info ][safepoint    ] Leaving safepoint region
[1628.463s][info ][safepoint    ] Total time for which application threads were stopped: 0.0026134 seconds, Stopping threads took: 0.0000162 seconds
[1631.513s][info ][safepoint    ] Application time: 3.0501267 seconds
[1631.513s][info ][safepoint    ] Entering safepoint region: GenCollectForAllocation
[1631.513s][info ][gc,start     ] GC(646) Pause Young (Allocation Failure)
[1631.513s][info ][gc,task      ] GC(646) Using 4 workers of 4 for evacuation
[1631.524s][debug][gc,ref       ] GC(646) Skipped phase1 of Reference Processing due to unavailable references
[1631.524s][debug][gc,ref       ] GC(646) Skipped phase2 of Reference Processing due to unavailable references
[1631.524s][debug][gc,ref       ] GC(646) Skipped phase3 of Reference Processing due to unavailable references
[1631.524s][debug][gc,ref       ] GC(646) Skipped phase4 of Reference Processing due to unavailable references
[1631.524s][debug][gc,age       ] GC(646) Desired survivor size 15368192 bytes, new threshold 6 (max threshold 6)
[1631.525s][info ][gc,heap      ] GC(646) ParNew: 241607K->2051K(270336K)
[1631.525s][info ][gc,heap      ] GC(646) CMS: 250235K->250400K(600768K)
[1631.525s][info ][gc,metaspace ] GC(646) Metaspace: 58769K->58769K(1101824K)
[1631.525s][info ][gc           ] GC(646) Pause Young (Allocation Failure) 480M->246M(850M) 11.095ms
[1631.525s][info ][gc,cpu       ] GC(646) User=0.01s Sys=0.00s Real=0.01s
[1631.525s][info ][safepoint    ] Leaving safepoint region
[1631.525s][info ][safepoint    ] Total time for which application threads were stopped: 0.0112491 seconds, Stopping threads took: 0.0000173 seconds
[1632.525s][info ][safepoint    ] Application time: 1.0000813 seconds
[1632.525s][info ][safepoint    ] Entering safepoint region: Cleanup
[1632.525s][info ][safepoint    ] Leaving safepoint region
[1632.525s][info ][safepoint    ] Total time for which application threads were stopped: 0.0000847 seconds, Stopping threads took: 0.0000174 seconds
[1633.525s][info ][safepoint    ] Application time: 1.0001778 seconds
[1633.525s][info ][safepoint    ] Entering safepoint region: Cleanup
[1633.525s][info ][safepoint    ] Leaving safepoint region
[1633.525s][info ][safepoint    ] Total time for which application threads were stopped: 0.0000966 seconds, Stopping threads took: 0.0000336 seconds
[1634.510s][info ][safepoint    ] Application time: 0.9848576 seconds
[1634.510s][info ][safepoint    ] Entering safepoint region: GenCollectForAllocation
[1634.510s][info ][gc,start     ] GC(647) Pause Young (Allocation Failure)
[1634.510s][info ][gc,task      ] GC(647) Using 4 workers of 4 for evacuation
[1634.513s][debug][gc,ref       ] GC(647) Skipped phase1 of Reference Processing due to unavailable references
[1634.513s][debug][gc,ref       ] GC(647) Skipped phase2 of Reference Processing due to unavailable references
[1634.513s][debug][gc,ref       ] GC(647) Skipped phase3 of Reference Processing due to unavailable references
[1634.513s][debug][gc,ref       ] GC(647) Skipped phase4 of Reference Processing due to unavailable references
[1634.513s][debug][gc,age       ] GC(647) Desired survivor size 15368192 bytes, new threshold 6 (max threshold 6)
[1634.513s][info ][gc,heap      ] GC(647) ParNew: 242371K->2355K(270336K)
[1634.513s][info ][gc,heap      ] GC(647) CMS: 250400K->250431K(600768K)
[1634.513s][info ][gc,metaspace ] GC(647) Metaspace: 58769K->58769K(1101824K)
[1634.513s][info ][gc           ] GC(647) Pause Young (Allocation Failure) 481M->246M(850M) 3.336ms
[1634.513s][info ][gc,cpu       ] GC(647) User=0.01s Sys=0.00s Real=0.00s
[1634.514s][info ][safepoint    ] Leaving safepoint region
[1634.514s][info ][safepoint    ] Total time for which application threads were stopped: 0.0035029 seconds, Stopping threads took: 0.0000212 seconds
[1637.501s][info ][safepoint    ] Application time: 2.9874534 seconds
[1637.501s][info ][safepoint    ] Entering safepoint region: GenCollectForAllocation
[1637.501s][info ][gc,start     ] GC(648) Pause Young (Allocation Failure)
[1637.501s][info ][gc,task      ] GC(648) Using 4 workers of 4 for evacuation
[1637.503s][debug][gc,ref       ] GC(648) Skipped phase1 of Reference Processing due to unavailable references
[1637.503s][debug][gc,ref       ] GC(648) Skipped phase2 of Reference Processing due to unavailable references
[1637.503s][debug][gc,ref       ] GC(648) Skipped phase3 of Reference Processing due to unavailable references
[1637.504s][debug][gc,ref       ] GC(648) Skipped phase4 of Reference Processing due to unavailable references
[1637.504s][debug][gc,age       ] GC(648) Desired survivor size 15368192 bytes, new threshold 6 (max threshold 6)
[1637.504s][info ][gc,heap      ] GC(648) ParNew: 242675K->2294K(270336K)
[1637.504s][info ][gc,heap      ] GC(648) CMS: 250431K->250588K(600768K)
[1637.504s][info ][gc,metaspace ] GC(648) Metaspace: 58769K->58769K(1101824K)
[1637.504s][info ][gc           ] GC(648) Pause Young (Allocation Failure) 481M->246M(850M) 2.561ms
[1637.504s][info ][gc,cpu       ] GC(648) User=0.01s Sys=0.00s Real=0.01s
[1637.504s][info ][safepoint    ] Leaving safepoint region
[1637.504s][info ][safepoint    ] Total time for which application threads were stopped: 0.0026884 seconds, Stopping threads took: 0.0000173 seconds
[1639.506s][info ][safepoint    ] Application time: 2.0026345 seconds
[1639.508s][info ][safepoint    ] Entering safepoint region: Cleanup
[1639.508s][info ][safepoint    ] Leaving safepoint region
[1639.508s][info ][safepoint    ] Total time for which application threads were stopped: 0.0012968 seconds, Stopping threads took: 0.0012252 seconds
[1640.555s][info ][safepoint    ] Application time: 1.0476384 seconds
[1640.555s][info ][safepoint    ] Entering safepoint region: GenCollectForAllocation
[1640.555s][info ][gc,start     ] GC(649) Pause Young (Allocation Failure)
[1640.555s][info ][gc,task      ] GC(649) Using 4 workers of 4 for evacuation
[1640.558s][debug][gc,ref       ] GC(649) Skipped phase1 of Reference Processing due to unavailable references
[1640.558s][debug][gc,ref       ] GC(649) Skipped phase2 of Reference Processing due to unavailable references
[1640.558s][debug][gc,ref       ] GC(649) Skipped phase3 of Reference Processing due to unavailable references
[1640.558s][debug][gc,ref       ] GC(649) Skipped phase4 of Reference Processing due to unavailable references
[1640.558s][debug][gc,age       ] GC(649) Desired survivor size 15368192 bytes, new threshold 6 (max threshold 6)
[1640.558s][info ][gc,heap      ] GC(649) ParNew: 242614K->2423K(270336K)
[1640.558s][info ][gc,heap      ] GC(649) CMS: 250588K->250765K(600768K)
[1640.558s][info ][gc,metaspace ] GC(649) Metaspace: 58769K->58769K(1101824K)
[1640.558s][info ][gc           ] GC(649) Pause Young (Allocation Failure) 481M->247M(850M) 2.604ms
[1640.558s][info ][gc,cpu       ] GC(649) User=0.01s Sys=0.00s Real=0.00s
[1640.558s][info ][safepoint    ] Leaving safepoint region
[1640.558s][info ][safepoint    ] Total time for which application threads were stopped: 0.0027587 seconds, Stopping threads took: 0.0000154 seconds
[1643.655s][info ][safepoint    ] Application time: 3.0971878 seconds
[1643.655s][info ][safepoint    ] Entering safepoint region: GenCollectForAllocation
[1643.655s][info ][gc,start     ] GC(650) Pause Young (Allocation Failure)
[1643.655s][info ][gc,task      ] GC(650) Using 4 workers of 4 for evacuation
[1643.658s][debug][gc,ref       ] GC(650) Skipped phase1 of Reference Processing due to unavailable references
[1643.658s][debug][gc,ref       ] GC(650) Skipped phase2 of Reference Processing due to unavailable references
[1643.658s][debug][gc,ref       ] GC(650) Skipped phase3 of Reference Processing due to unavailable references
[1643.658s][debug][gc,ref       ] GC(650) Skipped phase4 of Reference Processing due to unavailable references
[1643.658s][debug][gc,age       ] GC(650) Desired survivor size 15368192 bytes, new threshold 6 (max threshold 6)
[1643.658s][info ][gc,heap      ] GC(650) ParNew: 242743K->1975K(270336K)
[1643.658s][info ][gc,heap      ] GC(650) CMS: 250765K->250802K(600768K)
[1643.658s][info ][gc,metaspace ] GC(650) Metaspace: 58769K->58769K(1101824K)
[1643.658s][info ][gc           ] GC(650) Pause Young (Allocation Failure) 481M->246M(850M) 2.759ms
[1643.658s][info ][gc,cpu       ] GC(650) User=0.01s Sys=0.01s Real=0.00s
[1643.658s][info ][safepoint    ] Leaving safepoint region
[1643.658s][info ][safepoint    ] Total time for which application threads were stopped: 0.0029387 seconds, Stopping threads took: 0.0000390 seconds
[1646.805s][info ][safepoint    ] Application time: 3.1469789 seconds
[1646.805s][info ][safepoint    ] Entering safepoint region: GenCollectForAllocation
[1646.805s][info ][gc,start     ] GC(651) Pause Young (Allocation Failure)
[1646.805s][info ][gc,task      ] GC(651) Using 4 workers of 4 for evacuation
[1646.808s][debug][gc,ref       ] GC(651) Skipped phase1 of Reference Processing due to unavailable references
[1646.808s][debug][gc,ref       ] GC(651) Skipped phase2 of Reference Processing due to unavailable references
[1646.808s][debug][gc,ref       ] GC(651) Skipped phase3 of Reference Processing due to unavailable references
[1646.808s][debug][gc,ref       ] GC(651) Skipped phase4 of Reference Processing due to unavailable references
[1646.808s][debug][gc,age       ] GC(651) Desired survivor size 15368192 bytes, new threshold 6 (max threshold 6)
[1646.808s][info ][gc,heap      ] GC(651) ParNew: 242295K->2082K(270336K)
[1646.808s][info ][gc,heap      ] GC(651) CMS: 250802K->250877K(600768K)
[1646.808s][info ][gc,metaspace ] GC(651) Metaspace: 58769K->58769K(1101824K)
[1646.808s][info ][gc           ] GC(651) Pause Young (Allocation Failure) 481M->247M(850M) 2.567ms
[1646.808s][info ][gc,cpu       ] GC(651) User=0.00s Sys=0.00s Real=0.00s
[1646.808s][info ][safepoint    ] Leaving safepoint region
[1646.808s][info ][safepoint    ] Total time for which application threads were stopped: 0.0027808 seconds, Stopping threads took: 0.0000786 seconds
[1649.956s][info ][safepoint    ] Application time: 3.1481627 seconds
[1649.956s][info ][safepoint    ] Entering safepoint region: GenCollectForAllocation
[1649.956s][info ][gc,start     ] GC(652) Pause Young (Allocation Failure)
[1649.956s][info ][gc,task      ] GC(652) Using 4 workers of 4 for evacuation
[1649.959s][debug][gc,ref       ] GC(652) Skipped phase1 of Reference Processing due to unavailable references
[1649.959s][debug][gc,ref       ] GC(652) Skipped phase2 of Reference Processing due to unavailable references
[1649.959s][debug][gc,ref       ] GC(652) Skipped phase3 of Reference Processing due to unavailable references
[1649.959s][debug][gc,ref       ] GC(652) Skipped phase4 of Reference Processing due to unavailable references
[1649.959s][debug][gc,age       ] GC(652) Desired survivor size 15368192 bytes, new threshold 6 (max threshold 6)
[1649.959s][info ][gc,heap      ] GC(652) ParNew: 242402K->1958K(270336K)
[1649.959s][info ][gc,heap      ] GC(652) CMS: 250877K->251248K(600768K)
[1649.959s][info ][gc,metaspace ] GC(652) Metaspace: 58769K->58769K(1101824K)
[1649.959s][info ][gc           ] GC(652) Pause Young (Allocation Failure) 481M->247M(850M) 2.494ms
[1649.959s][info ][gc,cpu       ] GC(652) User=0.01s Sys=0.00s Real=0.00s
[1649.959s][info ][safepoint    ] Leaving safepoint region
[1649.959s][info ][safepoint    ] Total time for which application threads were stopped: 0.0026354 seconds, Stopping threads took: 0.0000166 seconds
[1650.959s][info ][safepoint    ] Application time: 1.0001035 seconds
[1650.959s][info ][safepoint    ] Entering safepoint region: Cleanup
[1650.959s][info ][safepoint    ] Leaving safepoint region
[1650.959s][info ][safepoint    ] Total time for which application threads were stopped: 0.0001335 seconds, Stopping threads took: 0.0000510 seconds
[1653.059s][info ][safepoint    ] Application time: 2.0997726 seconds
[1653.059s][info ][safepoint    ] Entering safepoint region: GenCollectForAllocation
[1653.059s][info ][gc,start     ] GC(653) Pause Young (Allocation Failure)
[1653.059s][info ][gc,task      ] GC(653) Using 4 workers of 4 for evacuation
[1653.069s][debug][gc,ref       ] GC(653) Skipped phase1 of Reference Processing due to unavailable references
[1653.069s][debug][gc,ref       ] GC(653) Skipped phase2 of Reference Processing due to unavailable references
[1653.069s][debug][gc,ref       ] GC(653) Skipped phase3 of Reference Processing due to unavailable references
[1653.069s][debug][gc,ref       ] GC(653) Skipped phase4 of Reference Processing due to unavailable references
[1653.070s][debug][gc,age       ] GC(653) Desired survivor size 15368192 bytes, new threshold 6 (max threshold 6)
[1653.070s][info ][gc,heap      ] GC(653) ParNew: 242278K->1358K(270336K)
[1653.070s][info ][gc,heap      ] GC(653) CMS: 251248K->251494K(600768K)
[1653.070s][info ][gc,metaspace ] GC(653) Metaspace: 58769K->58769K(1101824K)
[1653.070s][info ][gc           ] GC(653) Pause Young (Allocation Failure) 481M->246M(850M) 10.586ms
[1653.070s][info ][gc,cpu       ] GC(653) User=0.04s Sys=0.00s Real=0.01s
[1653.070s][info ][safepoint    ] Leaving safepoint region
[1653.070s][info ][safepoint    ] Total time for which application threads were stopped: 0.0107554 seconds, Stopping threads took: 0.0000187 seconds
[1656.165s][info ][safepoint    ] Application time: 3.0948503 seconds
[1656.165s][info ][safepoint    ] Entering safepoint region: GenCollectForAllocation
[1656.165s][info ][gc,start     ] GC(654) Pause Young (Allocation Failure)
[1656.165s][info ][gc,task      ] GC(654) Using 4 workers of 4 for evacuation
[1656.167s][debug][gc,ref       ] GC(654) Skipped phase1 of Reference Processing due to unavailable references
[1656.167s][debug][gc,ref       ] GC(654) Skipped phase2 of Reference Processing due to unavailable references
[1656.167s][debug][gc,ref       ] GC(654) Skipped phase3 of Reference Processing due to unavailable references
[1656.167s][debug][gc,ref       ] GC(654) Skipped phase4 of Reference Processing due to unavailable references
[1656.167s][debug][gc,age       ] GC(654) Desired survivor size 15368192 bytes, new threshold 6 (max threshold 6)
[1656.167s][info ][gc,heap      ] GC(654) ParNew: 241678K->1336K(270336K)
[1656.167s][info ][gc,heap      ] GC(654) CMS: 251494K->251585K(600768K)
[1656.167s][info ][gc,metaspace ] GC(654) Metaspace: 58769K->58769K(1101824K)
[1656.167s][info ][gc           ] GC(654) Pause Young (Allocation Failure) 481M->246M(850M) 2.221ms
[1656.167s][info ][gc,cpu       ] GC(654) User=0.01s Sys=0.00s Real=0.00s
[1656.167s][info ][safepoint    ] Leaving safepoint region
[1656.167s][info ][safepoint    ] Total time for which application threads were stopped: 0.0023681 seconds, Stopping threads took: 0.0000182 seconds
[1659.314s][info ][safepoint    ] Application time: 3.1472598 seconds
[1659.314s][info ][safepoint    ] Entering safepoint region: GenCollectForAllocation
[1659.314s][info ][gc,start     ] GC(655) Pause Young (Allocation Failure)
[1659.314s][info ][gc,task      ] GC(655) Using 4 workers of 4 for evacuation
[1659.317s][debug][gc,ref       ] GC(655) Skipped phase1 of Reference Processing due to unavailable references
[1659.317s][debug][gc,ref       ] GC(655) Skipped phase2 of Reference Processing due to unavailable references
[1659.317s][debug][gc,ref       ] GC(655) Skipped phase3 of Reference Processing due to unavailable references
[1659.317s][debug][gc,ref       ] GC(655) Skipped phase4 of Reference Processing due to unavailable references
[1659.317s][debug][gc,age       ] GC(655) Desired survivor size 15368192 bytes, new threshold 6 (max threshold 6)
[1659.317s][info ][gc,heap      ] GC(655) ParNew: 241656K->1438K(270336K)
[1659.317s][info ][gc,heap      ] GC(655) CMS: 251585K->251592K(600768K)
[1659.317s][info ][gc,metaspace ] GC(655) Metaspace: 58769K->58769K(1101824K)
[1659.317s][info ][gc           ] GC(655) Pause Young (Allocation Failure) 481M->247M(850M) 2.370ms
[1659.317s][info ][gc,cpu       ] GC(655) User=0.00s Sys=0.00s Real=0.00s
[1659.317s][info ][safepoint    ] Leaving safepoint region
[1659.317s][info ][safepoint    ] Total time for which application threads were stopped: 0.0025320 seconds, Stopping threads took: 0.0000312 seconds
[1661.317s][info ][safepoint    ] Application time: 2.0001735 seconds
[1661.317s][info ][safepoint    ] Entering safepoint region: Cleanup
[1661.317s][info ][safepoint    ] Leaving safepoint region
[1661.317s][info ][safepoint    ] Total time for which application threads were stopped: 0.0000750 seconds, Stopping threads took: 0.0000163 seconds
[1662.455s][info ][safepoint    ] Application time: 1.1378354 seconds
[1662.455s][info ][safepoint    ] Entering safepoint region: GenCollectForAllocation
[1662.455s][info ][gc,start     ] GC(656) Pause Young (Allocation Failure)
[1662.455s][info ][gc,task      ] GC(656) Using 4 workers of 4 for evacuation
[1662.457s][debug][gc,ref       ] GC(656) Skipped phase1 of Reference Processing due to unavailable references
[1662.457s][debug][gc,ref       ] GC(656) Skipped phase2 of Reference Processing due to unavailable references
[1662.457s][debug][gc,ref       ] GC(656) Skipped phase3 of Reference Processing due to unavailable references
[1662.457s][debug][gc,ref       ] GC(656) Skipped phase4 of Reference Processing due to unavailable references
[1662.457s][debug][gc,age       ] GC(656) Desired survivor size 15368192 bytes, new threshold 6 (max threshold 6)
[1662.457s][info ][gc,heap      ] GC(656) ParNew: 241758K->1424K(270336K)
[1662.457s][info ][gc,heap      ] GC(656) CMS: 251592K->251632K(600768K)
[1662.457s][info ][gc,metaspace ] GC(656) Metaspace: 58771K->58771K(1101824K)
[1662.457s][info ][gc           ] GC(656) Pause Young (Allocation Failure) 481M->247M(850M) 2.127ms
[1662.457s][info ][gc,cpu       ] GC(656) User=0.00s Sys=0.00s Real=0.00s
[1662.457s][info ][safepoint    ] Leaving safepoint region
[1662.457s][info ][safepoint    ] Total time for which application threads were stopped: 0.0022960 seconds, Stopping threads took: 0.0000520 seconds
[1665.655s][info ][safepoint    ] Application time: 3.1977314 seconds
[1665.655s][info ][safepoint    ] Entering safepoint region: GenCollectForAllocation
[1665.655s][info ][gc,start     ] GC(657) Pause Young (Allocation Failure)
[1665.655s][info ][gc,task      ] GC(657) Using 4 workers of 4 for evacuation
[1665.657s][debug][gc,ref       ] GC(657) Skipped phase1 of Reference Processing due to unavailable references
[1665.657s][debug][gc,ref       ] GC(657) Skipped phase2 of Reference Processing due to unavailable references
[1665.657s][debug][gc,ref       ] GC(657) Skipped phase3 of Reference Processing due to unavailable references
[1665.657s][debug][gc,ref       ] GC(657) Skipped phase4 of Reference Processing due to unavailable references
[1665.657s][debug][gc,age       ] GC(657) Desired survivor size 15368192 bytes, new threshold 6 (max threshold 6)
[1665.657s][info ][gc,heap      ] GC(657) ParNew: 241744K->1383K(270336K)
[1665.657s][info ][gc,heap      ] GC(657) CMS: 251632K->251752K(600768K)
[1665.657s][info ][gc,metaspace ] GC(657) Metaspace: 58771K->58771K(1101824K)
[1665.657s][info ][gc           ] GC(657) Pause Young (Allocation Failure) 481M->247M(850M) 2.233ms
[1665.657s][info ][gc,cpu       ] GC(657) User=0.01s Sys=0.00s Real=0.00s
[1665.657s][info ][safepoint    ] Leaving safepoint region
[1665.657s][info ][safepoint    ] Total time for which application threads were stopped: 0.0024261 seconds, Stopping threads took: 0.0000641 seconds
[1667.658s][info ][safepoint    ] Application time: 2.0001807 seconds
[1667.658s][info ][safepoint    ] Entering safepoint region: Cleanup
[1667.658s][info ][safepoint    ] Leaving safepoint region
[1667.658s][info ][safepoint    ] Total time for which application threads were stopped: 0.0001327 seconds, Stopping threads took: 0.0000543 seconds
[1668.955s][info ][safepoint    ] Application time: 1.2971269 seconds
[1668.955s][info ][safepoint    ] Entering safepoint region: GenCollectForAllocation
[1668.955s][info ][gc,start     ] GC(658) Pause Young (Allocation Failure)
[1668.955s][info ][gc,task      ] GC(658) Using 4 workers of 4 for evacuation
[1668.957s][debug][gc,ref       ] GC(658) Skipped phase1 of Reference Processing due to unavailable references
[1668.957s][debug][gc,ref       ] GC(658) Skipped phase2 of Reference Processing due to unavailable references
[1668.957s][debug][gc,ref       ] GC(658) Skipped phase3 of Reference Processing due to unavailable references
[1668.957s][debug][gc,ref       ] GC(658) Skipped phase4 of Reference Processing due to unavailable references
[1668.957s][debug][gc,age       ] GC(658) Desired survivor size 15368192 bytes, new threshold 6 (max threshold 6)
[1668.957s][info ][gc,heap      ] GC(658) ParNew: 241703K->1348K(270336K)
[1668.957s][info ][gc,heap      ] GC(658) CMS: 251752K->251759K(600768K)
[1668.957s][info ][gc,metaspace ] GC(658) Metaspace: 58771K->58771K(1101824K)
[1668.957s][info ][gc           ] GC(658) Pause Young (Allocation Failure) 481M->247M(850M) 2.231ms
[1668.957s][info ][gc,cpu       ] GC(658) User=0.01s Sys=0.00s Real=0.00s
[1668.957s][info ][safepoint    ] Leaving safepoint region
[1668.957s][info ][safepoint    ] Total time for which application threads were stopped: 0.0024058 seconds, Stopping threads took: 0.0000393 seconds
[1672.205s][info ][safepoint    ] Application time: 3.2474376 seconds
[1672.205s][info ][safepoint    ] Entering safepoint region: GenCollectForAllocation
[1672.205s][info ][gc,start     ] GC(659) Pause Young (Allocation Failure)
[1672.205s][info ][gc,task      ] GC(659) Using 4 workers of 4 for evacuation
[1672.207s][debug][gc,ref       ] GC(659) Skipped phase1 of Reference Processing due to unavailable references
[1672.207s][debug][gc,ref       ] GC(659) Skipped phase2 of Reference Processing due to unavailable references
[1672.207s][debug][gc,ref       ] GC(659) Skipped phase3 of Reference Processing due to unavailable references
[1672.207s][debug][gc,ref       ] GC(659) Skipped phase4 of Reference Processing due to unavailable references
[1672.207s][debug][gc,age       ] GC(659) Desired survivor size 15368192 bytes, new threshold 6 (max threshold 6)
[1672.207s][info ][gc,heap      ] GC(659) ParNew: 241668K->1545K(270336K)
[1672.207s][info ][gc,heap      ] GC(659) CMS: 251759K->251831K(600768K)
[1672.207s][info ][gc,metaspace ] GC(659) Metaspace: 58771K->58771K(1101824K)
[1672.207s][info ][gc           ] GC(659) Pause Young (Allocation Failure) 481M->247M(850M) 2.275ms
[1672.207s][info ][gc,cpu       ] GC(659) User=0.01s Sys=0.00s Real=0.00s
[1672.207s][info ][safepoint    ] Leaving safepoint region
[1672.207s][info ][safepoint    ] Total time for which application threads were stopped: 0.0024454 seconds, Stopping threads took: 0.0000463 seconds
[1675.265s][info ][safepoint    ] Application time: 3.0573854 seconds
[1675.265s][info ][safepoint    ] Entering safepoint region: GenCollectForAllocation
[1675.265s][info ][gc,start     ] GC(660) Pause Young (Allocation Failure)
[1675.265s][info ][gc,task      ] GC(660) Using 4 workers of 4 for evacuation
[1675.267s][debug][gc,ref       ] GC(660) Skipped phase1 of Reference Processing due to unavailable references
[1675.267s][debug][gc,ref       ] GC(660) Skipped phase2 of Reference Processing due to unavailable references
[1675.267s][debug][gc,ref       ] GC(660) Skipped phase3 of Reference Processing due to unavailable references
[1675.267s][debug][gc,ref       ] GC(660) Skipped phase4 of Reference Processing due to unavailable references
[1675.267s][debug][gc,age       ] GC(660) Desired survivor size 15368192 bytes, new threshold 6 (max threshold 6)
[1675.267s][info ][gc,heap      ] GC(660) ParNew: 241865K->1504K(270336K)
[1675.267s][info ][gc,heap      ] GC(660) CMS: 251831K->251833K(600768K)
[1675.267s][info ][gc,metaspace ] GC(660) Metaspace: 58771K->58771K(1101824K)
[1675.267s][info ][gc           ] GC(660) Pause Young (Allocation Failure) 482M->247M(850M) 2.225ms
[1675.267s][info ][gc,cpu       ] GC(660) User=0.01s Sys=0.00s Real=0.00s
[1675.267s][info ][safepoint    ] Leaving safepoint region
[1675.267s][info ][safepoint    ] Total time for which application threads were stopped: 0.0023718 seconds, Stopping threads took: 0.0000165 seconds
[1678.454s][info ][safepoint    ] Application time: 3.1872141 seconds
[1678.454s][info ][safepoint    ] Entering safepoint region: GenCollectForAllocation
[1678.454s][info ][gc,start     ] GC(661) Pause Young (Allocation Failure)
[1678.454s][info ][gc,task      ] GC(661) Using 4 workers of 4 for evacuation
[1678.457s][debug][gc,ref       ] GC(661) Skipped phase1 of Reference Processing due to unavailable references
[1678.457s][debug][gc,ref       ] GC(661) Skipped phase2 of Reference Processing due to unavailable references
[1678.457s][debug][gc,ref       ] GC(661) Skipped phase3 of Reference Processing due to unavailable references
[1678.457s][debug][gc,ref       ] GC(661) Skipped phase4 of Reference Processing due to unavailable references
[1678.457s][debug][gc,age       ] GC(661) Desired survivor size 15368192 bytes, new threshold 6 (max threshold 6)
[1678.457s][info ][gc,heap      ] GC(661) ParNew: 241824K->1657K(270336K)
[1678.457s][info ][gc,heap      ] GC(661) CMS: 251833K->251907K(600768K)
[1678.457s][info ][gc,metaspace ] GC(661) Metaspace: 58771K->58771K(1101824K)
[1678.457s][info ][gc           ] GC(661) Pause Young (Allocation Failure) 482M->247M(850M) 2.471ms
[1678.457s][info ][gc,cpu       ] GC(661) User=0.01s Sys=0.00s Real=0.00s
[1678.457s][info ][safepoint    ] Leaving safepoint region
[1678.457s][info ][safepoint    ] Total time for which application threads were stopped: 0.0026051 seconds, Stopping threads took: 0.0000158 seconds
[1681.455s][info ][safepoint    ] Application time: 2.9979986 seconds
[1681.455s][info ][safepoint    ] Entering safepoint region: GenCollectForAllocation
[1681.455s][info ][gc,start     ] GC(662) Pause Young (Allocation Failure)
[1681.455s][info ][gc,task      ] GC(662) Using 4 workers of 4 for evacuation
[1681.457s][debug][gc,ref       ] GC(662) Skipped phase1 of Reference Processing due to unavailable references
[1681.457s][debug][gc,ref       ] GC(662) Skipped phase2 of Reference Processing due to unavailable references
[1681.457s][debug][gc,ref       ] GC(662) Skipped phase3 of Reference Processing due to unavailable references
[1681.457s][debug][gc,ref       ] GC(662) Skipped phase4 of Reference Processing due to unavailable references
[1681.458s][debug][gc,age       ] GC(662) Desired survivor size 15368192 bytes, new threshold 6 (max threshold 6)
[1681.458s][info ][gc,heap      ] GC(662) ParNew: 241977K->1682K(270336K)
[1681.458s][info ][gc,heap      ] GC(662) CMS: 251907K->252008K(600768K)
[1681.458s][info ][gc,metaspace ] GC(662) Metaspace: 58771K->58771K(1101824K)
[1681.458s][info ][gc           ] GC(662) Pause Young (Allocation Failure) 482M->247M(850M) 2.438ms
[1681.458s][info ][gc,cpu       ] GC(662) User=0.01s Sys=0.00s Real=0.00s
[1681.458s][info ][safepoint    ] Leaving safepoint region
[1681.458s][info ][safepoint    ] Total time for which application threads were stopped: 0.0026040 seconds, Stopping threads took: 0.0000391 seconds
[1684.416s][info ][safepoint    ] Application time: 2.9584116 seconds
[1684.416s][info ][safepoint    ] Entering safepoint region: GenCollectForAllocation
[1684.416s][info ][gc,start     ] GC(663) Pause Young (Allocation Failure)
[1684.416s][info ][gc,task      ] GC(663) Using 4 workers of 4 for evacuation
[1684.419s][debug][gc,ref       ] GC(663) Skipped phase1 of Reference Processing due to unavailable references
[1684.419s][debug][gc,ref       ] GC(663) Skipped phase2 of Reference Processing due to unavailable references
[1684.419s][debug][gc,ref       ] GC(663) Skipped phase3 of Reference Processing due to unavailable references
[1684.419s][debug][gc,ref       ] GC(663) Skipped phase4 of Reference Processing due to unavailable references
[1684.419s][debug][gc,age       ] GC(663) Desired survivor size 15368192 bytes, new threshold 6 (max threshold 6)
[1684.419s][info ][gc,heap      ] GC(663) ParNew: 242002K->1902K(270336K)
[1684.419s][info ][gc,heap      ] GC(663) CMS: 252008K->252063K(600768K)
[1684.419s][info ][gc,metaspace ] GC(663) Metaspace: 58771K->58771K(1101824K)
[1684.419s][info ][gc           ] GC(663) Pause Young (Allocation Failure) 482M->248M(850M) 2.944ms
[1684.419s][info ][gc,cpu       ] GC(663) User=0.01s Sys=0.00s Real=0.00s
[1684.419s][info ][safepoint    ] Leaving safepoint region
[1684.419s][info ][safepoint    ] Total time for which application threads were stopped: 0.0031087 seconds, Stopping threads took: 0.0000165 seconds
[1687.406s][info ][safepoint    ] Application time: 2.9866736 seconds
[1687.406s][info ][safepoint    ] Entering safepoint region: GenCollectForAllocation
[1687.406s][info ][gc,start     ] GC(664) Pause Young (Allocation Failure)
[1687.406s][info ][gc,task      ] GC(664) Using 4 workers of 4 for evacuation
[1687.408s][debug][gc,ref       ] GC(664) Skipped phase1 of Reference Processing due to unavailable references
[1687.409s][debug][gc,ref       ] GC(664) Skipped phase2 of Reference Processing due to unavailable references
[1687.409s][debug][gc,ref       ] GC(664) Skipped phase3 of Reference Processing due to unavailable references
[1687.409s][debug][gc,ref       ] GC(664) Skipped phase4 of Reference Processing due to unavailable references
[1687.409s][debug][gc,age       ] GC(664) Desired survivor size 15368192 bytes, new threshold 6 (max threshold 6)
[1687.409s][info ][gc,heap      ] GC(664) ParNew: 242222K->1931K(270336K)
[1687.409s][info ][gc,heap      ] GC(664) CMS: 252063K->252124K(600768K)
[1687.409s][info ][gc,metaspace ] GC(664) Metaspace: 58771K->58771K(1101824K)
[1687.409s][info ][gc           ] GC(664) Pause Young (Allocation Failure) 482M->248M(850M) 2.671ms
[1687.409s][info ][gc,cpu       ] GC(664) User=0.01s Sys=0.00s Real=0.00s
[1687.409s][info ][safepoint    ] Leaving safepoint region
[1687.409s][info ][safepoint    ] Total time for which application threads were stopped: 0.0028433 seconds, Stopping threads took: 0.0000424 seconds
[1690.415s][info ][safepoint    ] Application time: 3.0063071 seconds
[1690.415s][info ][safepoint    ] Entering safepoint region: GenCollectForAllocation
[1690.415s][info ][gc,start     ] GC(665) Pause Young (Allocation Failure)
[1690.415s][info ][gc,task      ] GC(665) Using 4 workers of 4 for evacuation
[1690.418s][debug][gc,ref       ] GC(665) Skipped phase1 of Reference Processing due to unavailable references
[1690.418s][debug][gc,ref       ] GC(665) Skipped phase2 of Reference Processing due to unavailable references
[1690.418s][debug][gc,ref       ] GC(665) Skipped phase3 of Reference Processing due to unavailable references
[1690.418s][debug][gc,ref       ] GC(665) Skipped phase4 of Reference Processing due to unavailable references
[1690.418s][debug][gc,age       ] GC(665) Desired survivor size 15368192 bytes, new threshold 6 (max threshold 6)
[1690.418s][info ][gc,heap      ] GC(665) ParNew: 242251K->2055K(270336K)
[1690.418s][info ][gc,heap      ] GC(665) CMS: 252124K->252201K(600768K)
[1690.418s][info ][gc,metaspace ] GC(665) Metaspace: 58771K->58771K(1101824K)
[1690.418s][info ][gc           ] GC(665) Pause Young (Allocation Failure) 482M->248M(850M) 2.761ms
[1690.418s][info ][gc,cpu       ] GC(665) User=0.01s Sys=0.00s Real=0.00s
[1690.418s][info ][safepoint    ] Leaving safepoint region
[1690.418s][info ][safepoint    ] Total time for which application threads were stopped: 0.0029072 seconds, Stopping threads took: 0.0000159 seconds
[1691.418s][info ][safepoint    ] Application time: 1.0001223 seconds
[1691.418s][info ][safepoint    ] Entering safepoint region: Cleanup
[1691.418s][info ][safepoint    ] Leaving safepoint region
[1691.418s][info ][safepoint    ] Total time for which application threads were stopped: 0.0000911 seconds, Stopping threads took: 0.0000164 seconds
[1692.421s][info ][safepoint    ] Application time: 1.0023257 seconds
[1692.421s][info ][safepoint    ] Entering safepoint region: Cleanup
[1692.421s][info ][safepoint    ] Leaving safepoint region
[1692.421s][info ][safepoint    ] Total time for which application threads were stopped: 0.0001244 seconds, Stopping threads took: 0.0000223 seconds
[1693.421s][info ][safepoint    ] Application time: 1.0002849 seconds
[1693.421s][info ][safepoint    ] Entering safepoint region: Cleanup
[1693.421s][info ][safepoint    ] Leaving safepoint region
[1693.421s][info ][safepoint    ] Total time for which application threads were stopped: 0.0002146 seconds, Stopping threads took: 0.0000501 seconds
[1693.611s][info ][safepoint    ] Application time: 0.1893113 seconds
[1693.611s][info ][safepoint    ] Entering safepoint region: GenCollectForAllocation
[1693.611s][info ][gc,start     ] GC(666) Pause Young (Allocation Failure)
[1693.611s][info ][gc,task      ] GC(666) Using 4 workers of 4 for evacuation
[1693.613s][debug][gc,ref       ] GC(666) Skipped phase1 of Reference Processing due to unavailable references
[1693.613s][debug][gc,ref       ] GC(666) Skipped phase2 of Reference Processing due to unavailable references
[1693.613s][debug][gc,ref       ] GC(666) Skipped phase3 of Reference Processing due to unavailable references
[1693.613s][debug][gc,ref       ] GC(666) Skipped phase4 of Reference Processing due to unavailable references
[1693.613s][debug][gc,age       ] GC(666) Desired survivor size 15368192 bytes, new threshold 6 (max threshold 6)
[1693.613s][info ][gc,heap      ] GC(666) ParNew: 242375K->2178K(270336K)
[1693.613s][info ][gc,heap      ] GC(666) CMS: 252201K->252342K(600768K)
[1693.613s][info ][gc,metaspace ] GC(666) Metaspace: 58771K->58771K(1101824K)
[1693.613s][info ][gc           ] GC(666) Pause Young (Allocation Failure) 482M->248M(850M) 2.589ms
[1693.613s][info ][gc,cpu       ] GC(666) User=0.00s Sys=0.01s Real=0.00s
[1693.613s][info ][safepoint    ] Leaving safepoint region
[1693.613s][info ][safepoint    ] Total time for which application threads were stopped: 0.0027293 seconds, Stopping threads took: 0.0000164 seconds
[1694.614s][info ][safepoint    ] Application time: 1.0000849 seconds
[1694.614s][info ][safepoint    ] Entering safepoint region: Cleanup
[1694.614s][info ][safepoint    ] Leaving safepoint region
[1694.614s][info ][safepoint    ] Total time for which application threads were stopped: 0.0001236 seconds, Stopping threads took: 0.0000419 seconds
[1695.614s][info ][safepoint    ] Application time: 1.0000630 seconds
[1695.614s][info ][safepoint    ] Entering safepoint region: Cleanup
[1695.614s][info ][safepoint    ] Leaving safepoint region
[1695.614s][info ][safepoint    ] Total time for which application threads were stopped: 0.0001533 seconds, Stopping threads took: 0.0000708 seconds
[1696.614s][info ][safepoint    ] Application time: 1.0000939 seconds
[1696.614s][info ][safepoint    ] Entering safepoint region: Cleanup
[1696.614s][info ][safepoint    ] Leaving safepoint region
[1696.614s][info ][safepoint    ] Total time for which application threads were stopped: 0.0001765 seconds, Stopping threads took: 0.0000789 seconds
[1696.766s][info ][safepoint    ] Application time: 0.1516259 seconds
[1696.766s][info ][safepoint    ] Entering safepoint region: GenCollectForAllocation
[1696.766s][info ][gc,start     ] GC(667) Pause Young (Allocation Failure)
[1696.766s][info ][gc,task      ] GC(667) Using 4 workers of 4 for evacuation
[1696.768s][debug][gc,ref       ] GC(667) Skipped phase1 of Reference Processing due to unavailable references
[1696.768s][debug][gc,ref       ] GC(667) Skipped phase2 of Reference Processing due to unavailable references
[1696.768s][debug][gc,ref       ] GC(667) Skipped phase3 of Reference Processing due to unavailable references
[1696.768s][debug][gc,ref       ] GC(667) Skipped phase4 of Reference Processing due to unavailable references
[1696.769s][debug][gc,age       ] GC(667) Desired survivor size 15368192 bytes, new threshold 6 (max threshold 6)
[1696.769s][info ][gc,heap      ] GC(667) ParNew: 242498K->2091K(270336K)
[1696.769s][info ][gc,heap      ] GC(667) CMS: 252342K->252405K(600768K)
[1696.769s][info ][gc,metaspace ] GC(667) Metaspace: 58771K->58771K(1101824K)
[1696.769s][info ][gc           ] GC(667) Pause Young (Allocation Failure) 483M->248M(850M) 2.577ms
[1696.769s][info ][gc,cpu       ] GC(667) User=0.01s Sys=0.00s Real=0.00s
[1696.769s][info ][safepoint    ] Leaving safepoint region
[1696.769s][info ][safepoint    ] Total time for which application threads were stopped: 0.0027267 seconds, Stopping threads took: 0.0000153 seconds
[1697.769s][info ][safepoint    ] Application time: 1.0001075 seconds
[1697.769s][info ][safepoint    ] Entering safepoint region: Cleanup
[1697.769s][info ][safepoint    ] Leaving safepoint region
[1697.769s][info ][safepoint    ] Total time for which application threads were stopped: 0.0000959 seconds, Stopping threads took: 0.0000167 seconds
[1698.769s][info ][safepoint    ] Application time: 1.0000848 seconds
[1698.769s][info ][safepoint    ] Entering safepoint region: Cleanup
[1698.769s][info ][safepoint    ] Leaving safepoint region
[1698.769s][info ][safepoint    ] Total time for which application threads were stopped: 0.0000873 seconds, Stopping threads took: 0.0000170 seconds
[1699.769s][info ][safepoint    ] Application time: 1.0001025 seconds
[1699.769s][info ][safepoint    ] Entering safepoint region: Cleanup
[1699.769s][info ][safepoint    ] Leaving safepoint region
[1699.769s][info ][safepoint    ] Total time for which application threads were stopped: 0.0000717 seconds, Stopping threads took: 0.0000164 seconds
[1700.013s][info ][safepoint    ] Application time: 0.2435717 seconds
[1700.013s][info ][safepoint    ] Entering safepoint region: GenCollectForAllocation
[1700.013s][info ][gc,start     ] GC(668) Pause Young (Allocation Failure)
[1700.013s][info ][gc,task      ] GC(668) Using 4 workers of 4 for evacuation
[1700.015s][debug][gc,ref       ] GC(668) Skipped phase1 of Reference Processing due to unavailable references
[1700.015s][debug][gc,ref       ] GC(668) Skipped phase2 of Reference Processing due to unavailable references
[1700.015s][debug][gc,ref       ] GC(668) Skipped phase3 of Reference Processing due to unavailable references
[1700.015s][debug][gc,ref       ] GC(668) Skipped phase4 of Reference Processing due to unavailable references
[1700.016s][debug][gc,age       ] GC(668) Desired survivor size 15368192 bytes, new threshold 6 (max threshold 6)
[1700.016s][info ][gc,heap      ] GC(668) ParNew: 242411K->1993K(270336K)
[1700.016s][info ][gc,heap      ] GC(668) CMS: 252405K->252513K(600768K)
[1700.016s][info ][gc,metaspace ] GC(668) Metaspace: 58774K->58774K(1101824K)
[1700.016s][info ][gc           ] GC(668) Pause Young (Allocation Failure) 483M->248M(850M) 2.522ms
[1700.016s][info ][gc,cpu       ] GC(668) User=0.01s Sys=0.00s Real=0.00s
[1700.016s][info ][safepoint    ] Leaving safepoint region
[1700.016s][info ][safepoint    ] Total time for which application threads were stopped: 0.0026621 seconds, Stopping threads took: 0.0000153 seconds
[1701.016s][info ][safepoint    ] Application time: 1.0000923 seconds
[1701.016s][info ][safepoint    ] Entering safepoint region: Cleanup
[1701.016s][info ][safepoint    ] Leaving safepoint region
[1701.016s][info ][safepoint    ] Total time for which application threads were stopped: 0.0000764 seconds, Stopping threads took: 0.0000174 seconds
[1702.016s][info ][safepoint    ] Application time: 1.0000854 seconds
[1702.016s][info ][safepoint    ] Entering safepoint region: Cleanup
[1702.016s][info ][safepoint    ] Leaving safepoint region
[1702.016s][info ][safepoint    ] Total time for which application threads were stopped: 0.0001388 seconds, Stopping threads took: 0.0000613 seconds
[1703.016s][info ][safepoint    ] Application time: 1.0001426 seconds
[1703.016s][info ][safepoint    ] Entering safepoint region: Cleanup
[1703.016s][info ][safepoint    ] Leaving safepoint region
[1703.016s][info ][safepoint    ] Total time for which application threads were stopped: 0.0000726 seconds, Stopping threads took: 0.0000161 seconds
[1703.155s][info ][safepoint    ] Application time: 0.1389892 seconds
[1703.155s][info ][safepoint    ] Entering safepoint region: GenCollectForAllocation
[1703.155s][info ][gc,start     ] GC(669) Pause Young (Allocation Failure)
[1703.155s][info ][gc,task      ] GC(669) Using 4 workers of 4 for evacuation
[1703.158s][debug][gc,ref       ] GC(669) Skipped phase1 of Reference Processing due to unavailable references
[1703.158s][debug][gc,ref       ] GC(669) Skipped phase2 of Reference Processing due to unavailable references
[1703.158s][debug][gc,ref       ] GC(669) Skipped phase3 of Reference Processing due to unavailable references
[1703.158s][debug][gc,ref       ] GC(669) Skipped phase4 of Reference Processing due to unavailable references
[1703.158s][debug][gc,age       ] GC(669) Desired survivor size 15368192 bytes, new threshold 6 (max threshold 6)
[1703.158s][info ][gc,heap      ] GC(669) ParNew: 242313K->1951K(270336K)
[1703.158s][info ][gc,heap      ] GC(669) CMS: 252513K->252632K(600768K)
[1703.158s][info ][gc,metaspace ] GC(669) Metaspace: 58774K->58774K(1101824K)
[1703.158s][info ][gc           ] GC(669) Pause Young (Allocation Failure) 483M->248M(850M) 2.674ms
[1703.158s][info ][gc,cpu       ] GC(669) User=0.01s Sys=0.00s Real=0.00s
[1703.158s][info ][safepoint    ] Leaving safepoint region
[1703.158s][info ][safepoint    ] Total time for which application threads were stopped: 0.0028629 seconds, Stopping threads took: 0.0000372 seconds
[1704.158s][info ][safepoint    ] Application time: 1.0001073 seconds
[1704.158s][info ][safepoint    ] Entering safepoint region: Cleanup
[1704.158s][info ][safepoint    ] Leaving safepoint region
[1704.158s][info ][safepoint    ] Total time for which application threads were stopped: 0.0001069 seconds, Stopping threads took: 0.0000403 seconds
[1705.159s][info ][safepoint    ] Application time: 1.0003419 seconds
[1705.159s][info ][safepoint    ] Entering safepoint region: Cleanup
[1705.159s][info ][safepoint    ] Leaving safepoint region
[1705.159s][info ][safepoint    ] Total time for which application threads were stopped: 0.0001457 seconds, Stopping threads took: 0.0000671 seconds
[1706.159s][info ][safepoint    ] Application time: 1.0000962 seconds
[1706.159s][info ][safepoint    ] Entering safepoint region: Cleanup
[1706.159s][info ][safepoint    ] Leaving safepoint region
[1706.159s][info ][safepoint    ] Total time for which application threads were stopped: 0.0001030 seconds, Stopping threads took: 0.0000368 seconds
[1706.264s][info ][safepoint    ] Application time: 0.1044715 seconds
[1706.264s][info ][safepoint    ] Entering safepoint region: GenCollectForAllocation
[1706.264s][info ][gc,start     ] GC(670) Pause Young (Allocation Failure)
[1706.264s][info ][gc,task      ] GC(670) Using 4 workers of 4 for evacuation
[1706.266s][debug][gc,ref       ] GC(670) Skipped phase1 of Reference Processing due to unavailable references
[1706.266s][debug][gc,ref       ] GC(670) Skipped phase2 of Reference Processing due to unavailable references
[1706.266s][debug][gc,ref       ] GC(670) Skipped phase3 of Reference Processing due to unavailable references
[1706.266s][debug][gc,ref       ] GC(670) Skipped phase4 of Reference Processing due to unavailable references
[1706.266s][debug][gc,age       ] GC(670) Desired survivor size 15368192 bytes, new threshold 6 (max threshold 6)
[1706.266s][info ][gc,heap      ] GC(670) ParNew: 242271K->1884K(270336K)
[1706.266s][info ][gc,heap      ] GC(670) CMS: 252632K->252703K(600768K)
[1706.266s][info ][gc,metaspace ] GC(670) Metaspace: 58774K->58774K(1101824K)
[1706.266s][info ][gc           ] GC(670) Pause Young (Allocation Failure) 483M->248M(850M) 2.583ms
[1706.266s][info ][gc,cpu       ] GC(670) User=0.01s Sys=0.00s Real=0.00s
[1706.266s][info ][safepoint    ] Leaving safepoint region
[1706.266s][info ][safepoint    ] Total time for which application threads were stopped: 0.0027211 seconds, Stopping threads took: 0.0000163 seconds
[1707.267s][info ][safepoint    ] Application time: 1.0000955 seconds
[1707.267s][info ][safepoint    ] Entering safepoint region: Cleanup
[1707.267s][info ][safepoint    ] Leaving safepoint region
[1707.267s][info ][safepoint    ] Total time for which application threads were stopped: 0.0001162 seconds, Stopping threads took: 0.0000521 seconds
[1708.267s][info ][safepoint    ] Application time: 1.0001197 seconds
[1708.267s][info ][safepoint    ] Entering safepoint region: Cleanup
[1708.267s][info ][safepoint    ] Leaving safepoint region
[1708.267s][info ][safepoint    ] Total time for which application threads were stopped: 0.0000716 seconds, Stopping threads took: 0.0000172 seconds
[1709.267s][info ][safepoint    ] Application time: 1.0001250 seconds
[1709.267s][info ][safepoint    ] Entering safepoint region: Cleanup
[1709.267s][info ][safepoint    ] Leaving safepoint region
[1709.267s][info ][safepoint    ] Total time for which application threads were stopped: 0.0000714 seconds, Stopping threads took: 0.0000166 seconds
[1709.509s][info ][safepoint    ] Application time: 0.2416895 seconds
[1709.509s][info ][safepoint    ] Entering safepoint region: GenCollectForAllocation
[1709.509s][info ][gc,start     ] GC(671) Pause Young (Allocation Failure)
[1709.509s][info ][gc,task      ] GC(671) Using 4 workers of 4 for evacuation
[1709.511s][debug][gc,ref       ] GC(671) Skipped phase1 of Reference Processing due to unavailable references
[1709.511s][debug][gc,ref       ] GC(671) Skipped phase2 of Reference Processing due to unavailable references
[1709.511s][debug][gc,ref       ] GC(671) Skipped phase3 of Reference Processing due to unavailable references
[1709.511s][debug][gc,ref       ] GC(671) Skipped phase4 of Reference Processing due to unavailable references
[1709.512s][debug][gc,age       ] GC(671) Desired survivor size 15368192 bytes, new threshold 6 (max threshold 6)
[1709.512s][info ][gc,heap      ] GC(671) ParNew: 242204K->1903K(270336K)
[1709.512s][info ][gc,heap      ] GC(671) CMS: 252703K->252936K(600768K)
[1709.512s][info ][gc,metaspace ] GC(671) Metaspace: 58774K->58774K(1101824K)
[1709.512s][info ][gc           ] GC(671) Pause Young (Allocation Failure) 483M->248M(850M) 2.606ms
[1709.512s][info ][gc,cpu       ] GC(671) User=0.01s Sys=0.00s Real=0.01s
[1709.512s][info ][safepoint    ] Leaving safepoint region
[1709.512s][info ][safepoint    ] Total time for which application threads were stopped: 0.0027624 seconds, Stopping threads took: 0.0000160 seconds
[1710.512s][info ][safepoint    ] Application time: 1.0000918 seconds
[1710.512s][info ][safepoint    ] Entering safepoint region: Cleanup
[1710.512s][info ][safepoint    ] Leaving safepoint region
[1710.512s][info ][safepoint    ] Total time for which application threads were stopped: 0.0001328 seconds, Stopping threads took: 0.0000674 seconds
[1711.512s][info ][safepoint    ] Application time: 1.0000893 seconds
[1711.512s][info ][safepoint    ] Entering safepoint region: Cleanup
[1711.512s][info ][safepoint    ] Leaving safepoint region
[1711.512s][info ][safepoint    ] Total time for which application threads were stopped: 0.0001480 seconds, Stopping threads took: 0.0000810 seconds
[1712.512s][info ][safepoint    ] Application time: 1.0000967 seconds
[1712.512s][info ][safepoint    ] Entering safepoint region: Cleanup
[1712.512s][info ][safepoint    ] Leaving safepoint region
[1712.512s][info ][safepoint    ] Total time for which application threads were stopped: 0.0001328 seconds, Stopping threads took: 0.0000677 seconds
[1712.718s][info ][safepoint    ] Application time: 0.2052609 seconds
[1712.718s][info ][safepoint    ] Entering safepoint region: GenCollectForAllocation
[1712.718s][info ][gc,start     ] GC(672) Pause Young (Allocation Failure)
[1712.718s][info ][gc,task      ] GC(672) Using 4 workers of 4 for evacuation
[1712.720s][debug][gc,ref       ] GC(672) Skipped phase1 of Reference Processing due to unavailable references
[1712.720s][debug][gc,ref       ] GC(672) Skipped phase2 of Reference Processing due to unavailable references
[1712.720s][debug][gc,ref       ] GC(672) Skipped phase3 of Reference Processing due to unavailable references
[1712.720s][debug][gc,ref       ] GC(672) Skipped phase4 of Reference Processing due to unavailable references
[1712.721s][debug][gc,age       ] GC(672) Desired survivor size 15368192 bytes, new threshold 6 (max threshold 6)
[1712.721s][info ][gc,heap      ] GC(672) ParNew: 242223K->2072K(270336K)
[1712.721s][info ][gc,heap      ] GC(672) CMS: 252936K->252961K(600768K)
[1712.721s][info ][gc,metaspace ] GC(672) Metaspace: 58775K->58775K(1101824K)
[1712.721s][info ][gc           ] GC(672) Pause Young (Allocation Failure) 483M->249M(850M) 2.558ms
[1712.721s][info ][gc,cpu       ] GC(672) User=0.01s Sys=0.00s Real=0.00s
[1712.721s][info ][safepoint    ] Leaving safepoint region
[1712.721s][info ][safepoint    ] Total time for which application threads were stopped: 0.0028477 seconds, Stopping threads took: 0.0000780 seconds
[1713.721s][info ][safepoint    ] Application time: 1.0000966 seconds
[1713.721s][info ][safepoint    ] Entering safepoint region: Cleanup
[1713.721s][info ][safepoint    ] Leaving safepoint region
[1713.721s][info ][safepoint    ] Total time for which application threads were stopped: 0.0000706 seconds, Stopping threads took: 0.0000168 seconds
[1714.721s][info ][safepoint    ] Application time: 1.0001218 seconds
[1714.721s][info ][safepoint    ] Entering safepoint region: Cleanup
[1714.721s][info ][safepoint    ] Leaving safepoint region
[1714.721s][info ][safepoint    ] Total time for which application threads were stopped: 0.0000696 seconds, Stopping threads took: 0.0000167 seconds
[1715.721s][info ][safepoint    ] Application time: 1.0000843 seconds
[1715.721s][info ][safepoint    ] Entering safepoint region: Cleanup
[1715.721s][info ][safepoint    ] Leaving safepoint region
[1715.721s][info ][safepoint    ] Total time for which application threads were stopped: 0.0000801 seconds, Stopping threads took: 0.0000198 seconds
[1715.954s][info ][safepoint    ] Application time: 0.2326055 seconds
[1715.954s][info ][safepoint    ] Entering safepoint region: GenCollectForAllocation
[1715.954s][info ][gc,start     ] GC(673) Pause Young (Allocation Failure)
[1715.954s][info ][gc,task      ] GC(673) Using 4 workers of 4 for evacuation
[1715.957s][debug][gc,ref       ] GC(673) Skipped phase1 of Reference Processing due to unavailable references
[1715.957s][debug][gc,ref       ] GC(673) Skipped phase2 of Reference Processing due to unavailable references
[1715.957s][debug][gc,ref       ] GC(673) Skipped phase3 of Reference Processing due to unavailable references
[1715.957s][debug][gc,ref       ] GC(673) Skipped phase4 of Reference Processing due to unavailable references
[1715.957s][debug][gc,age       ] GC(673) Desired survivor size 15368192 bytes, new threshold 6 (max threshold 6)
[1715.957s][info ][gc,heap      ] GC(673) ParNew: 242392K->2004K(270336K)
[1715.957s][info ][gc,heap      ] GC(673) CMS: 252961K->253081K(600768K)
[1715.957s][info ][gc,metaspace ] GC(673) Metaspace: 58776K->58776K(1101824K)
[1715.957s][info ][gc           ] GC(673) Pause Young (Allocation Failure) 483M->249M(850M) 2.728ms
[1715.957s][info ][gc,cpu       ] GC(673) User=0.01s Sys=0.00s Real=0.00s
[1715.957s][info ][safepoint    ] Leaving safepoint region
[1715.957s][info ][safepoint    ] Total time for which application threads were stopped: 0.0028782 seconds, Stopping threads took: 0.0000164 seconds
[1716.957s][info ][safepoint    ] Application time: 1.0000894 seconds
[1716.957s][info ][safepoint    ] Entering safepoint region: Cleanup
[1716.957s][info ][safepoint    ] Leaving safepoint region
[1716.957s][info ][safepoint    ] Total time for which application threads were stopped: 0.0001085 seconds, Stopping threads took: 0.0000428 seconds
[1717.957s][info ][safepoint    ] Application time: 1.0000882 seconds
[1717.957s][info ][safepoint    ] Entering safepoint region: Cleanup
[1717.957s][info ][safepoint    ] Leaving safepoint region
[1717.957s][info ][safepoint    ] Total time for which application threads were stopped: 0.0001279 seconds, Stopping threads took: 0.0000552 seconds
[1718.957s][info ][safepoint    ] Application time: 1.0001164 seconds
[1718.957s][info ][safepoint    ] Entering safepoint region: Cleanup
[1718.958s][info ][safepoint    ] Leaving safepoint region
[1718.958s][info ][safepoint    ] Total time for which application threads were stopped: 0.0001083 seconds, Stopping threads took: 0.0000364 seconds
[1719.261s][info ][safepoint    ] Application time: 0.3030128 seconds
[1719.261s][info ][safepoint    ] Entering safepoint region: GenCollectForAllocation
[1719.261s][info ][gc,start     ] GC(674) Pause Young (Allocation Failure)
[1719.261s][info ][gc,task      ] GC(674) Using 4 workers of 4 for evacuation
[1719.264s][debug][gc,ref       ] GC(674) Skipped phase1 of Reference Processing due to unavailable references
[1719.264s][debug][gc,ref       ] GC(674) Skipped phase2 of Reference Processing due to unavailable references
[1719.264s][debug][gc,ref       ] GC(674) Skipped phase3 of Reference Processing due to unavailable references
[1719.264s][debug][gc,ref       ] GC(674) Skipped phase4 of Reference Processing due to unavailable references
[1719.264s][debug][gc,age       ] GC(674) Desired survivor size 15368192 bytes, new threshold 6 (max threshold 6)
[1719.264s][info ][gc,heap      ] GC(674) ParNew: 242324K->2041K(270336K)
[1719.264s][info ][gc,heap      ] GC(674) CMS: 253081K->253092K(600768K)
[1719.264s][info ][gc,metaspace ] GC(674) Metaspace: 58776K->58776K(1101824K)
[1719.264s][info ][gc           ] GC(674) Pause Young (Allocation Failure) 483M->249M(850M) 2.601ms
[1719.264s][info ][gc,cpu       ] GC(674) User=0.01s Sys=0.00s Real=0.01s
[1719.264s][info ][safepoint    ] Leaving safepoint region
[1719.264s][info ][safepoint    ] Total time for which application threads were stopped: 0.0029068 seconds, Stopping threads took: 0.0000182 seconds
[1720.264s][info ][safepoint    ] Application time: 1.0001016 seconds
[1720.264s][info ][safepoint    ] Entering safepoint region: Cleanup
[1720.264s][info ][safepoint    ] Leaving safepoint region
[1720.264s][info ][safepoint    ] Total time for which application threads were stopped: 0.0001489 seconds, Stopping threads took: 0.0000831 seconds
[1721.264s][info ][safepoint    ] Application time: 1.0000928 seconds
[1721.264s][info ][safepoint    ] Entering safepoint region: Cleanup
[1721.264s][info ][safepoint    ] Leaving safepoint region
[1721.264s][info ][safepoint    ] Total time for which application threads were stopped: 0.0001300 seconds, Stopping threads took: 0.0000633 seconds
[1722.265s][info ][safepoint    ] Application time: 1.0000906 seconds
[1722.265s][info ][safepoint    ] Entering safepoint region: Cleanup
[1722.265s][info ][safepoint    ] Leaving safepoint region
[1722.265s][info ][safepoint    ] Total time for which application threads were stopped: 0.0001195 seconds, Stopping threads took: 0.0000414 seconds
[1722.605s][info ][safepoint    ] Application time: 0.3405361 seconds
[1722.605s][info ][safepoint    ] Entering safepoint region: GenCollectForAllocation
[1722.605s][info ][gc,start     ] GC(675) Pause Young (Allocation Failure)
[1722.605s][info ][gc,task      ] GC(675) Using 4 workers of 4 for evacuation
[1722.608s][debug][gc,ref       ] GC(675) Skipped phase1 of Reference Processing due to unavailable references
[1722.608s][debug][gc,ref       ] GC(675) Skipped phase2 of Reference Processing due to unavailable references
[1722.608s][debug][gc,ref       ] GC(675) Skipped phase3 of Reference Processing due to unavailable references
[1722.608s][debug][gc,ref       ] GC(675) Skipped phase4 of Reference Processing due to unavailable references
[1722.608s][debug][gc,age       ] GC(675) Desired survivor size 15368192 bytes, new threshold 6 (max threshold 6)
[1722.608s][info ][gc,heap      ] GC(675) ParNew: 242361K->2113K(270336K)
[1722.608s][info ][gc,heap      ] GC(675) CMS: 253092K->253145K(600768K)
[1722.608s][info ][gc,metaspace ] GC(675) Metaspace: 58776K->58776K(1101824K)
[1722.608s][info ][gc           ] GC(675) Pause Young (Allocation Failure) 483M->249M(850M) 2.587ms
[1722.608s][info ][gc,cpu       ] GC(675) User=0.01s Sys=0.00s Real=0.00s
[1722.608s][info ][safepoint    ] Leaving safepoint region
[1722.608s][info ][safepoint    ] Total time for which application threads were stopped: 0.0027330 seconds, Stopping threads took: 0.0000182 seconds
[1723.608s][info ][safepoint    ] Application time: 1.0000988 seconds
[1723.608s][info ][safepoint    ] Entering safepoint region: Cleanup
[1723.608s][info ][safepoint    ] Leaving safepoint region
[1723.608s][info ][safepoint    ] Total time for which application threads were stopped: 0.0001502 seconds, Stopping threads took: 0.0000870 seconds
[1724.608s][info ][safepoint    ] Application time: 1.0001121 seconds
[1724.608s][info ][safepoint    ] Entering safepoint region: Cleanup
[1724.608s][info ][safepoint    ] Leaving safepoint region
[1724.609s][info ][safepoint    ] Total time for which application threads were stopped: 0.0001070 seconds, Stopping threads took: 0.0000406 seconds
[1725.609s][info ][safepoint    ] Application time: 1.0000951 seconds
[1725.609s][info ][safepoint    ] Entering safepoint region: Cleanup
[1725.609s][info ][safepoint    ] Leaving safepoint region
[1725.609s][info ][safepoint    ] Total time for which application threads were stopped: 0.0001319 seconds, Stopping threads took: 0.0000653 seconds
[1725.856s][info ][safepoint    ] Application time: 0.2470145 seconds
[1725.856s][info ][safepoint    ] Entering safepoint region: GenCollectForAllocation
[1725.856s][info ][gc,start     ] GC(676) Pause Young (Allocation Failure)
[1725.856s][info ][gc,task      ] GC(676) Using 4 workers of 4 for evacuation
[1725.859s][debug][gc,ref       ] GC(676) Skipped phase1 of Reference Processing due to unavailable references
[1725.859s][debug][gc,ref       ] GC(676) Skipped phase2 of Reference Processing due to unavailable references
[1725.859s][debug][gc,ref       ] GC(676) Skipped phase3 of Reference Processing due to unavailable references
[1725.859s][debug][gc,ref       ] GC(676) Skipped phase4 of Reference Processing due to unavailable references
[1725.859s][debug][gc,age       ] GC(676) Desired survivor size 15368192 bytes, new threshold 6 (max threshold 6)
[1725.859s][info ][gc,heap      ] GC(676) ParNew: 242433K->2315K(270336K)
[1725.859s][info ][gc,heap      ] GC(676) CMS: 253145K->253220K(600768K)
[1725.859s][info ][gc,metaspace ] GC(676) Metaspace: 58776K->58776K(1101824K)
[1725.859s][info ][gc           ] GC(676) Pause Young (Allocation Failure) 483M->249M(850M) 2.723ms
[1725.859s][info ][gc,cpu       ] GC(676) User=0.01s Sys=0.00s Real=0.00s
[1725.859s][info ][safepoint    ] Leaving safepoint region
[1725.859s][info ][safepoint    ] Total time for which application threads were stopped: 0.0028961 seconds, Stopping threads took: 0.0000400 seconds
[1726.859s][info ][safepoint    ] Application time: 1.0000977 seconds
[1726.859s][info ][safepoint    ] Entering safepoint region: Cleanup
[1726.859s][info ][safepoint    ] Leaving safepoint region
[1726.859s][info ][safepoint    ] Total time for which application threads were stopped: 0.0001232 seconds, Stopping threads took: 0.0000404 seconds
[1727.859s][info ][safepoint    ] Application time: 1.0001590 seconds
[1727.859s][info ][safepoint    ] Entering safepoint region: Cleanup
[1727.859s][info ][safepoint    ] Leaving safepoint region
[1727.859s][info ][safepoint    ] Total time for which application threads were stopped: 0.0001402 seconds, Stopping threads took: 0.0000659 seconds
[1728.859s][info ][safepoint    ] Application time: 1.0001011 seconds
[1728.860s][info ][safepoint    ] Entering safepoint region: Cleanup
[1728.860s][info ][safepoint    ] Leaving safepoint region
[1728.860s][info ][safepoint    ] Total time for which application threads were stopped: 0.0001432 seconds, Stopping threads took: 0.0000722 seconds
[1729.006s][info ][safepoint    ] Application time: 0.1459429 seconds
[1729.006s][info ][safepoint    ] Entering safepoint region: GenCollectForAllocation
[1729.006s][info ][gc,start     ] GC(677) Pause Young (Allocation Failure)
[1729.006s][info ][gc,task      ] GC(677) Using 4 workers of 4 for evacuation
[1729.008s][debug][gc,ref       ] GC(677) Skipped phase1 of Reference Processing due to unavailable references
[1729.008s][debug][gc,ref       ] GC(677) Skipped phase2 of Reference Processing due to unavailable references
[1729.008s][debug][gc,ref       ] GC(677) Skipped phase3 of Reference Processing due to unavailable references
[1729.008s][debug][gc,ref       ] GC(677) Skipped phase4 of Reference Processing due to unavailable references
[1729.008s][debug][gc,age       ] GC(677) Desired survivor size 15368192 bytes, new threshold 6 (max threshold 6)
[1729.008s][info ][gc,heap      ] GC(677) ParNew: 242635K->2427K(270336K)
[1729.008s][info ][gc,heap      ] GC(677) CMS: 253220K->253226K(600768K)
[1729.008s][info ][gc,metaspace ] GC(677) Metaspace: 58777K->58777K(1101824K)
[1729.008s][info ][gc           ] GC(677) Pause Young (Allocation Failure) 484M->249M(850M) 2.572ms
[1729.008s][info ][gc,cpu       ] GC(677) User=0.01s Sys=0.00s Real=0.00s
[1729.008s][info ][safepoint    ] Leaving safepoint region
[1729.008s][info ][safepoint    ] Total time for which application threads were stopped: 0.0027074 seconds, Stopping threads took: 0.0000150 seconds
[1730.008s][info ][safepoint    ] Application time: 1.0000995 seconds
[1730.008s][info ][safepoint    ] Entering safepoint region: Cleanup
[1730.009s][info ][safepoint    ] Leaving safepoint region
[1730.009s][info ][safepoint    ] Total time for which application threads were stopped: 0.0001208 seconds, Stopping threads took: 0.0000507 seconds
[1731.009s][info ][safepoint    ] Application time: 1.0000831 seconds
[1731.009s][info ][safepoint    ] Entering safepoint region: Cleanup
[1731.009s][info ][safepoint    ] Leaving safepoint region
[1731.009s][info ][safepoint    ] Total time for which application threads were stopped: 0.0001154 seconds, Stopping threads took: 0.0000422 seconds
[1732.009s][info ][safepoint    ] Application time: 1.0001281 seconds
[1732.009s][info ][safepoint    ] Entering safepoint region: Cleanup
[1732.009s][info ][safepoint    ] Leaving safepoint region
[1732.009s][info ][safepoint    ] Total time for which application threads were stopped: 0.0001049 seconds, Stopping threads took: 0.0000395 seconds
[1732.105s][info ][safepoint    ] Application time: 0.0960393 seconds
[1732.105s][info ][safepoint    ] Entering safepoint region: GenCollectForAllocation
[1732.105s][info ][gc,start     ] GC(678) Pause Young (Allocation Failure)
[1732.105s][info ][gc,task      ] GC(678) Using 4 workers of 4 for evacuation
[1732.108s][debug][gc,ref       ] GC(678) Skipped phase1 of Reference Processing due to unavailable references
[1732.108s][debug][gc,ref       ] GC(678) Skipped phase2 of Reference Processing due to unavailable references
[1732.108s][debug][gc,ref       ] GC(678) Skipped phase3 of Reference Processing due to unavailable references
[1732.108s][debug][gc,ref       ] GC(678) Skipped phase4 of Reference Processing due to unavailable references
[1732.108s][debug][gc,age       ] GC(678) Desired survivor size 15368192 bytes, new threshold 6 (max threshold 6)
[1732.108s][info ][gc,heap      ] GC(678) ParNew: 242747K->2608K(270336K)
[1732.108s][info ][gc,heap      ] GC(678) CMS: 253226K->253353K(600768K)
[1732.108s][info ][gc,metaspace ] GC(678) Metaspace: 58778K->58778K(1101824K)
[1732.108s][info ][gc           ] GC(678) Pause Young (Allocation Failure) 484M->249M(850M) 2.756ms
[1732.108s][info ][gc,cpu       ] GC(678) User=0.01s Sys=0.01s Real=0.00s
[1732.108s][info ][safepoint    ] Leaving safepoint region
[1732.108s][info ][safepoint    ] Total time for which application threads were stopped: 0.0029942 seconds, Stopping threads took: 0.0000851 seconds
[1733.108s][info ][safepoint    ] Application time: 1.0001054 seconds
[1733.108s][info ][safepoint    ] Entering safepoint region: Cleanup
[1733.108s][info ][safepoint    ] Leaving safepoint region
[1733.108s][info ][safepoint    ] Total time for which application threads were stopped: 0.0001354 seconds, Stopping threads took: 0.0000726 seconds
[1734.109s][info ][safepoint    ] Application time: 1.0000883 seconds
[1734.109s][info ][safepoint    ] Entering safepoint region: Cleanup
[1734.109s][info ][safepoint    ] Leaving safepoint region
[1734.109s][info ][safepoint    ] Total time for which application threads were stopped: 0.0001286 seconds, Stopping threads took: 0.0000636 seconds
[1735.109s][info ][safepoint    ] Application time: 1.0000967 seconds
[1735.109s][info ][safepoint    ] Entering safepoint region: Cleanup
[1735.109s][info ][safepoint    ] Leaving safepoint region
[1735.109s][info ][safepoint    ] Total time for which application threads were stopped: 0.0001070 seconds, Stopping threads took: 0.0000421 seconds
[1735.215s][info ][safepoint    ] Application time: 0.1057834 seconds
[1735.215s][info ][safepoint    ] Entering safepoint region: GenCollectForAllocation
[1735.215s][info ][gc,start     ] GC(679) Pause Young (Allocation Failure)
[1735.215s][info ][gc,task      ] GC(679) Using 4 workers of 4 for evacuation
[1735.217s][debug][gc,ref       ] GC(679) Skipped phase1 of Reference Processing due to unavailable references
[1735.217s][debug][gc,ref       ] GC(679) Skipped phase2 of Reference Processing due to unavailable references
[1735.217s][debug][gc,ref       ] GC(679) Skipped phase3 of Reference Processing due to unavailable references
[1735.217s][debug][gc,ref       ] GC(679) Skipped phase4 of Reference Processing due to unavailable references
[1735.218s][debug][gc,age       ] GC(679) Desired survivor size 15368192 bytes, new threshold 6 (max threshold 6)
[1735.218s][info ][gc,heap      ] GC(679) ParNew: 242928K->2367K(270336K)
[1735.218s][info ][gc,heap      ] GC(679) CMS: 253353K->253566K(600768K)
[1735.218s][info ][gc,metaspace ] GC(679) Metaspace: 58778K->58778K(1101824K)
[1735.218s][info ][gc           ] GC(679) Pause Young (Allocation Failure) 484M->249M(850M) 2.791ms
[1735.218s][info ][gc,cpu       ] GC(679) User=0.01s Sys=0.00s Real=0.00s
[1735.218s][info ][safepoint    ] Leaving safepoint region
[1735.218s][info ][safepoint    ] Total time for which application threads were stopped: 0.0029396 seconds, Stopping threads took: 0.0000153 seconds
[1736.218s][info ][safepoint    ] Application time: 1.0000819 seconds
[1736.218s][info ][safepoint    ] Entering safepoint region: Cleanup
[1736.218s][info ][safepoint    ] Leaving safepoint region
[1736.218s][info ][safepoint    ] Total time for which application threads were stopped: 0.0000706 seconds, Stopping threads took: 0.0000156 seconds
[1737.218s][info ][safepoint    ] Application time: 1.0000561 seconds
[1737.218s][info ][safepoint    ] Entering safepoint region: Cleanup
[1737.218s][info ][safepoint    ] Leaving safepoint region
[1737.218s][info ][safepoint    ] Total time for which application threads were stopped: 0.0000788 seconds, Stopping threads took: 0.0000183 seconds
[1738.218s][info ][safepoint    ] Application time: 1.0000806 seconds
[1738.218s][info ][safepoint    ] Entering safepoint region: Cleanup
[1738.218s][info ][safepoint    ] Leaving safepoint region
[1738.218s][info ][safepoint    ] Total time for which application threads were stopped: 0.0000781 seconds, Stopping threads took: 0.0000182 seconds
[1738.411s][info ][safepoint    ] Application time: 0.1931470 seconds
[1738.412s][info ][safepoint    ] Entering safepoint region: GenCollectForAllocation
[1738.412s][info ][gc,start     ] GC(680) Pause Young (Allocation Failure)
[1738.412s][info ][gc,task      ] GC(680) Using 4 workers of 4 for evacuation
[1738.414s][debug][gc,ref       ] GC(680) Skipped phase1 of Reference Processing due to unavailable references
[1738.414s][debug][gc,ref       ] GC(680) Skipped phase2 of Reference Processing due to unavailable references
[1738.414s][debug][gc,ref       ] GC(680) Skipped phase3 of Reference Processing due to unavailable references
[1738.414s][debug][gc,ref       ] GC(680) Skipped phase4 of Reference Processing due to unavailable references
[1738.414s][debug][gc,age       ] GC(680) Desired survivor size 15368192 bytes, new threshold 6 (max threshold 6)
[1738.414s][info ][gc,heap      ] GC(680) ParNew: 242687K->2361K(270336K)
[1738.414s][info ][gc,heap      ] GC(680) CMS: 253566K->253652K(600768K)
[1738.414s][info ][gc,metaspace ] GC(680) Metaspace: 58778K->58778K(1101824K)
[1738.414s][info ][gc           ] GC(680) Pause Young (Allocation Failure) 484M->250M(850M) 2.577ms
[1738.414s][info ][gc,cpu       ] GC(680) User=0.01s Sys=0.00s Real=0.00s
[1738.414s][info ][safepoint    ] Leaving safepoint region
[1738.414s][info ][safepoint    ] Total time for which application threads were stopped: 0.0027301 seconds, Stopping threads took: 0.0000166 seconds
[1739.414s][info ][safepoint    ] Application time: 1.0000972 seconds
[1739.414s][info ][safepoint    ] Entering safepoint region: Cleanup
[1739.414s][info ][safepoint    ] Leaving safepoint region
[1739.414s][info ][safepoint    ] Total time for which application threads were stopped: 0.0001166 seconds, Stopping threads took: 0.0000532 seconds
[1740.415s][info ][safepoint    ] Application time: 1.0000883 seconds
[1740.415s][info ][safepoint    ] Entering safepoint region: Cleanup
[1740.415s][info ][safepoint    ] Leaving safepoint region
[1740.415s][info ][safepoint    ] Total time for which application threads were stopped: 0.0001026 seconds, Stopping threads took: 0.0000395 seconds
[1741.415s][info ][safepoint    ] Application time: 1.0000959 seconds
[1741.415s][info ][safepoint    ] Entering safepoint region: Cleanup
[1741.415s][info ][safepoint    ] Leaving safepoint region
[1741.415s][info ][safepoint    ] Total time for which application threads were stopped: 0.0001096 seconds, Stopping threads took: 0.0000505 seconds
[1741.555s][info ][safepoint    ] Application time: 0.1402532 seconds
[1741.555s][info ][safepoint    ] Entering safepoint region: GenCollectForAllocation
[1741.555s][info ][gc,start     ] GC(681) Pause Young (Allocation Failure)
[1741.555s][info ][gc,task      ] GC(681) Using 4 workers of 4 for evacuation
[1741.558s][debug][gc,ref       ] GC(681) Skipped phase1 of Reference Processing due to unavailable references
[1741.558s][debug][gc,ref       ] GC(681) Skipped phase2 of Reference Processing due to unavailable references
[1741.558s][debug][gc,ref       ] GC(681) Skipped phase3 of Reference Processing due to unavailable references
[1741.558s][debug][gc,ref       ] GC(681) Skipped phase4 of Reference Processing due to unavailable references
[1741.558s][debug][gc,age       ] GC(681) Desired survivor size 15368192 bytes, new threshold 6 (max threshold 6)
[1741.558s][info ][gc,heap      ] GC(681) ParNew: 242681K->1963K(270336K)
[1741.558s][info ][gc,heap      ] GC(681) CMS: 253652K->253812K(600768K)
[1741.558s][info ][gc,metaspace ] GC(681) Metaspace: 58778K->58778K(1101824K)
[1741.558s][info ][gc           ] GC(681) Pause Young (Allocation Failure) 484M->249M(850M) 2.948ms
[1741.558s][info ][gc,cpu       ] GC(681) User=0.01s Sys=0.01s Real=0.00s
[1741.558s][info ][safepoint    ] Leaving safepoint region
[1741.558s][info ][safepoint    ] Total time for which application threads were stopped: 0.0031729 seconds, Stopping threads took: 0.0000831 seconds
[1742.559s][info ][safepoint    ] Application time: 1.0001198 seconds
[1742.559s][info ][safepoint    ] Entering safepoint region: Cleanup
[1742.559s][info ][safepoint    ] Leaving safepoint region
[1742.559s][info ][safepoint    ] Total time for which application threads were stopped: 0.0001185 seconds, Stopping threads took: 0.0000375 seconds
[1743.559s][info ][safepoint    ] Application time: 1.0000862 seconds
[1743.559s][info ][safepoint    ] Entering safepoint region: Cleanup
[1743.559s][info ][safepoint    ] Leaving safepoint region
[1743.559s][info ][safepoint    ] Total time for which application threads were stopped: 0.0001424 seconds, Stopping threads took: 0.0000780 seconds
[1744.559s][info ][safepoint    ] Application time: 1.0001418 seconds
[1744.559s][info ][safepoint    ] Entering safepoint region: Cleanup
[1744.559s][info ][safepoint    ] Leaving safepoint region
[1744.559s][info ][safepoint    ] Total time for which application threads were stopped: 0.0001002 seconds, Stopping threads took: 0.0000342 seconds
[1744.705s][info ][safepoint    ] Application time: 0.1455758 seconds
[1744.705s][info ][safepoint    ] Entering safepoint region: GenCollectForAllocation
[1744.705s][info ][gc,start     ] GC(682) Pause Young (Allocation Failure)
[1744.705s][info ][gc,task      ] GC(682) Using 4 workers of 4 for evacuation
[1744.707s][debug][gc,ref       ] GC(682) Skipped phase1 of Reference Processing due to unavailable references
[1744.707s][debug][gc,ref       ] GC(682) Skipped phase2 of Reference Processing due to unavailable references
[1744.707s][debug][gc,ref       ] GC(682) Skipped phase3 of Reference Processing due to unavailable references
[1744.707s][debug][gc,ref       ] GC(682) Skipped phase4 of Reference Processing due to unavailable references
[1744.707s][debug][gc,age       ] GC(682) Desired survivor size 15368192 bytes, new threshold 6 (max threshold 6)
[1744.707s][info ][gc,heap      ] GC(682) ParNew: 242283K->2048K(270336K)
[1744.707s][info ][gc,heap      ] GC(682) CMS: 253812K->254135K(600768K)
[1744.707s][info ][gc,metaspace ] GC(682) Metaspace: 58778K->58778K(1101824K)
[1744.707s][info ][gc           ] GC(682) Pause Young (Allocation Failure) 484M->250M(850M) 2.421ms
[1744.707s][info ][gc,cpu       ] GC(682) User=0.01s Sys=0.00s Real=0.00s
[1744.707s][info ][safepoint    ] Leaving safepoint region
[1744.707s][info ][safepoint    ] Total time for which application threads were stopped: 0.0026055 seconds, Stopping threads took: 0.0000380 seconds
[1745.708s][info ][safepoint    ] Application time: 1.0001088 seconds
[1745.708s][info ][safepoint    ] Entering safepoint region: Cleanup
[1745.708s][info ][safepoint    ] Leaving safepoint region
[1745.708s][info ][safepoint    ] Total time for which application threads were stopped: 0.0001086 seconds, Stopping threads took: 0.0000410 seconds
[1746.708s][info ][safepoint    ] Application time: 1.0001217 seconds
[1746.708s][info ][safepoint    ] Entering safepoint region: Cleanup
[1746.708s][info ][safepoint    ] Leaving safepoint region
[1746.708s][info ][safepoint    ] Total time for which application threads were stopped: 0.0001048 seconds, Stopping threads took: 0.0000368 seconds
[1747.708s][info ][safepoint    ] Application time: 1.0000969 seconds
[1747.708s][info ][safepoint    ] Entering safepoint region: Cleanup
[1747.708s][info ][safepoint    ] Leaving safepoint region
[1747.708s][info ][safepoint    ] Total time for which application threads were stopped: 0.0001042 seconds, Stopping threads took: 0.0000411 seconds
[1747.966s][info ][safepoint    ] Application time: 0.2577932 seconds
[1747.966s][info ][safepoint    ] Entering safepoint region: GenCollectForAllocation
[1747.966s][info ][gc,start     ] GC(683) Pause Young (Allocation Failure)
[1747.966s][info ][gc,task      ] GC(683) Using 4 workers of 4 for evacuation
[1747.968s][debug][gc,ref       ] GC(683) Skipped phase1 of Reference Processing due to unavailable references
[1747.968s][debug][gc,ref       ] GC(683) Skipped phase2 of Reference Processing due to unavailable references
[1747.968s][debug][gc,ref       ] GC(683) Skipped phase3 of Reference Processing due to unavailable references
[1747.968s][debug][gc,ref       ] GC(683) Skipped phase4 of Reference Processing due to unavailable references
[1747.969s][debug][gc,age       ] GC(683) Desired survivor size 15368192 bytes, new threshold 6 (max threshold 6)
[1747.969s][info ][gc,heap      ] GC(683) ParNew: 242368K->1879K(270336K)
[1747.969s][info ][gc,heap      ] GC(683) CMS: 254135K->254246K(600768K)
[1747.969s][info ][gc,metaspace ] GC(683) Metaspace: 58779K->58779K(1101824K)
[1747.969s][info ][gc           ] GC(683) Pause Young (Allocation Failure) 484M->250M(850M) 2.465ms
[1747.969s][info ][gc,cpu       ] GC(683) User=0.00s Sys=0.00s Real=0.00s
[1747.969s][info ][safepoint    ] Leaving safepoint region
[1747.969s][info ][safepoint    ] Total time for which application threads were stopped: 0.0026149 seconds, Stopping threads took: 0.0000160 seconds
[1748.969s][info ][safepoint    ] Application time: 1.0001041 seconds
[1748.969s][info ][safepoint    ] Entering safepoint region: Cleanup
[1748.969s][info ][safepoint    ] Leaving safepoint region
[1748.969s][info ][safepoint    ] Total time for which application threads were stopped: 0.0000786 seconds, Stopping threads took: 0.0000164 seconds
[1749.969s][info ][safepoint    ] Application time: 1.0000427 seconds
[1749.969s][info ][safepoint    ] Entering safepoint region: Cleanup
[1749.969s][info ][safepoint    ] Leaving safepoint region
[1749.969s][info ][safepoint    ] Total time for which application threads were stopped: 0.0000816 seconds, Stopping threads took: 0.0000171 seconds
[1750.969s][info ][safepoint    ] Application time: 1.0001143 seconds
[1750.969s][info ][safepoint    ] Entering safepoint region: Cleanup
[1750.969s][info ][safepoint    ] Leaving safepoint region
[1750.969s][info ][safepoint    ] Total time for which application threads were stopped: 0.0000904 seconds, Stopping threads took: 0.0000313 seconds
[1751.155s][info ][safepoint    ] Application time: 0.1855358 seconds
[1751.155s][info ][safepoint    ] Entering safepoint region: GenCollectForAllocation
[1751.155s][info ][gc,start     ] GC(684) Pause Young (Allocation Failure)
[1751.155s][info ][gc,task      ] GC(684) Using 4 workers of 4 for evacuation
[1751.157s][debug][gc,ref       ] GC(684) Skipped phase1 of Reference Processing due to unavailable references
[1751.157s][debug][gc,ref       ] GC(684) Skipped phase2 of Reference Processing due to unavailable references
[1751.157s][debug][gc,ref       ] GC(684) Skipped phase3 of Reference Processing due to unavailable references
[1751.157s][debug][gc,ref       ] GC(684) Skipped phase4 of Reference Processing due to unavailable references
[1751.157s][debug][gc,age       ] GC(684) Desired survivor size 15368192 bytes, new threshold 6 (max threshold 6)
[1751.157s][info ][gc,heap      ] GC(684) ParNew: 242199K->1766K(270336K)
[1751.157s][info ][gc,heap      ] GC(684) CMS: 254246K->254343K(600768K)
[1751.157s][info ][gc,metaspace ] GC(684) Metaspace: 58779K->58779K(1101824K)
[1751.157s][info ][gc           ] GC(684) Pause Young (Allocation Failure) 484M->250M(850M) 2.310ms
[1751.157s][info ][gc,cpu       ] GC(684) User=0.01s Sys=0.00s Real=0.00s
[1751.157s][info ][safepoint    ] Leaving safepoint region
[1751.157s][info ][safepoint    ] Total time for which application threads were stopped: 0.0024722 seconds, Stopping threads took: 0.0000378 seconds
[1752.157s][info ][safepoint    ] Application time: 1.0001001 seconds
[1752.158s][info ][safepoint    ] Entering safepoint region: Cleanup
[1752.158s][info ][safepoint    ] Leaving safepoint region
[1752.158s][info ][safepoint    ] Total time for which application threads were stopped: 0.0001046 seconds, Stopping threads took: 0.0000394 seconds
[1753.158s][info ][safepoint    ] Application time: 1.0000982 seconds
[1753.158s][info ][safepoint    ] Entering safepoint region: Cleanup
[1753.158s][info ][safepoint    ] Leaving safepoint region
[1753.158s][info ][safepoint    ] Total time for which application threads were stopped: 0.0001149 seconds, Stopping threads took: 0.0000405 seconds
[1754.158s][info ][safepoint    ] Application time: 1.0000803 seconds
[1754.158s][info ][safepoint    ] Entering safepoint region: Cleanup
[1754.158s][info ][safepoint    ] Leaving safepoint region
[1754.158s][info ][safepoint    ] Total time for which application threads were stopped: 0.0001309 seconds, Stopping threads took: 0.0000697 seconds
[1754.255s][info ][safepoint    ] Application time: 0.0966235 seconds
[1754.255s][info ][safepoint    ] Entering safepoint region: GenCollectForAllocation
[1754.255s][info ][gc,start     ] GC(685) Pause Young (Allocation Failure)
[1754.255s][info ][gc,task      ] GC(685) Using 4 workers of 4 for evacuation
[1754.257s][debug][gc,ref       ] GC(685) Skipped phase1 of Reference Processing due to unavailable references
[1754.257s][debug][gc,ref       ] GC(685) Skipped phase2 of Reference Processing due to unavailable references
[1754.257s][debug][gc,ref       ] GC(685) Skipped phase3 of Reference Processing due to unavailable references
[1754.257s][debug][gc,ref       ] GC(685) Skipped phase4 of Reference Processing due to unavailable references
[1754.257s][debug][gc,age       ] GC(685) Desired survivor size 15368192 bytes, new threshold 6 (max threshold 6)
[1754.257s][info ][gc,heap      ] GC(685) ParNew: 242086K->1582K(270336K)
[1754.257s][info ][gc,heap      ] GC(685) CMS: 254343K->254493K(600768K)
[1754.257s][info ][gc,metaspace ] GC(685) Metaspace: 58779K->58779K(1101824K)
[1754.257s][info ][gc           ] GC(685) Pause Young (Allocation Failure) 484M->250M(850M) 2.428ms
[1754.257s][info ][gc,cpu       ] GC(685) User=0.01s Sys=0.00s Real=0.00s
[1754.257s][info ][safepoint    ] Leaving safepoint region
[1754.257s][info ][safepoint    ] Total time for which application threads were stopped: 0.0025951 seconds, Stopping threads took: 0.0000384 seconds
[1755.257s][info ][safepoint    ] Application time: 1.0001264 seconds
[1755.258s][info ][safepoint    ] Entering safepoint region: Cleanup
[1755.258s][info ][safepoint    ] Leaving safepoint region
[1755.258s][info ][safepoint    ] Total time for which application threads were stopped: 0.0001140 seconds, Stopping threads took: 0.0000387 seconds
[1756.258s][info ][safepoint    ] Application time: 1.0001069 seconds
[1756.258s][info ][safepoint    ] Entering safepoint region: Cleanup
[1756.258s][info ][safepoint    ] Leaving safepoint region
[1756.258s][info ][safepoint    ] Total time for which application threads were stopped: 0.0001101 seconds, Stopping threads took: 0.0000435 seconds
[1757.258s][info ][safepoint    ] Application time: 1.0001220 seconds
[1757.258s][info ][safepoint    ] Entering safepoint region: Cleanup
[1757.258s][info ][safepoint    ] Leaving safepoint region
[1757.258s][info ][safepoint    ] Total time for which application threads were stopped: 0.0001080 seconds, Stopping threads took: 0.0000412 seconds
[1757.405s][info ][safepoint    ] Application time: 0.1467782 seconds
[1757.405s][info ][safepoint    ] Entering safepoint region: GenCollectForAllocation
[1757.405s][info ][gc,start     ] GC(686) Pause Young (Allocation Failure)
[1757.405s][info ][gc,task      ] GC(686) Using 4 workers of 4 for evacuation
[1757.407s][debug][gc,ref       ] GC(686) Skipped phase1 of Reference Processing due to unavailable references
[1757.407s][debug][gc,ref       ] GC(686) Skipped phase2 of Reference Processing due to unavailable references
[1757.407s][debug][gc,ref       ] GC(686) Skipped phase3 of Reference Processing due to unavailable references
[1757.407s][debug][gc,ref       ] GC(686) Skipped phase4 of Reference Processing due to unavailable references
[1757.407s][debug][gc,age       ] GC(686) Desired survivor size 15368192 bytes, new threshold 6 (max threshold 6)
[1757.407s][info ][gc,heap      ] GC(686) ParNew: 241902K->1695K(270336K)
[1757.407s][info ][gc,heap      ] GC(686) CMS: 254493K->254534K(600768K)
[1757.407s][info ][gc,metaspace ] GC(686) Metaspace: 58779K->58779K(1101824K)
[1757.407s][info ][gc           ] GC(686) Pause Young (Allocation Failure) 484M->250M(850M) 2.368ms
[1757.407s][info ][gc,cpu       ] GC(686) User=0.01s Sys=0.00s Real=0.00s
[1757.408s][info ][safepoint    ] Leaving safepoint region
[1757.408s][info ][safepoint    ] Total time for which application threads were stopped: 0.0025373 seconds, Stopping threads took: 0.0000407 seconds
[1758.408s][info ][safepoint    ] Application time: 1.0001034 seconds
[1758.408s][info ][safepoint    ] Entering safepoint region: Cleanup
[1758.408s][info ][safepoint    ] Leaving safepoint region
[1758.408s][info ][safepoint    ] Total time for which application threads were stopped: 0.0001534 seconds, Stopping threads took: 0.0000856 seconds
[1759.408s][info ][safepoint    ] Application time: 1.0000896 seconds
[1759.408s][info ][safepoint    ] Entering safepoint region: Cleanup
[1759.408s][info ][safepoint    ] Leaving safepoint region
[1759.408s][info ][safepoint    ] Total time for which application threads were stopped: 0.0001278 seconds, Stopping threads took: 0.0000597 seconds
[1760.408s][info ][safepoint    ] Application time: 1.0000928 seconds
[1760.408s][info ][safepoint    ] Entering safepoint region: Cleanup
[1760.408s][info ][safepoint    ] Leaving safepoint region
[1760.408s][info ][safepoint    ] Total time for which application threads were stopped: 0.0001098 seconds, Stopping threads took: 0.0000418 seconds
[1760.505s][info ][safepoint    ] Application time: 0.0964832 seconds
[1760.505s][info ][safepoint    ] Entering safepoint region: GenCollectForAllocation
[1760.505s][info ][gc,start     ] GC(687) Pause Young (Allocation Failure)
[1760.505s][info ][gc,task      ] GC(687) Using 4 workers of 4 for evacuation
[1760.507s][debug][gc,ref       ] GC(687) Skipped phase1 of Reference Processing due to unavailable references
[1760.507s][debug][gc,ref       ] GC(687) Skipped phase2 of Reference Processing due to unavailable references
[1760.507s][debug][gc,ref       ] GC(687) Skipped phase3 of Reference Processing due to unavailable references
[1760.507s][debug][gc,ref       ] GC(687) Skipped phase4 of Reference Processing due to unavailable references
[1760.508s][debug][gc,age       ] GC(687) Desired survivor size 15368192 bytes, new threshold 6 (max threshold 6)
[1760.508s][info ][gc,heap      ] GC(687) ParNew: 242015K->1591K(270336K)
[1760.508s][info ][gc,heap      ] GC(687) CMS: 254534K->255032K(600768K)
[1760.508s][info ][gc,metaspace ] GC(687) Metaspace: 58779K->58779K(1101824K)
[1760.508s][info ][gc           ] GC(687) Pause Young (Allocation Failure) 484M->250M(850M) 2.631ms
[1760.508s][info ][gc,cpu       ] GC(687) User=0.01s Sys=0.00s Real=0.00s
[1760.508s][info ][safepoint    ] Leaving safepoint region
[1760.508s][info ][safepoint    ] Total time for which application threads were stopped: 0.0028354 seconds, Stopping threads took: 0.0000681 seconds
[1761.508s][info ][safepoint    ] Application time: 1.0001050 seconds
[1761.508s][info ][safepoint    ] Entering safepoint region: Cleanup
[1761.508s][info ][safepoint    ] Leaving safepoint region
[1761.508s][info ][safepoint    ] Total time for which application threads were stopped: 0.0001184 seconds, Stopping threads took: 0.0000481 seconds
[1762.508s][info ][safepoint    ] Application time: 1.0000551 seconds
[1762.508s][info ][safepoint    ] Entering safepoint region: Cleanup
[1762.508s][info ][safepoint    ] Leaving safepoint region
[1762.508s][info ][safepoint    ] Total time for which application threads were stopped: 0.0001360 seconds, Stopping threads took: 0.0000665 seconds
[1763.508s][info ][safepoint    ] Application time: 1.0000900 seconds
[1763.508s][info ][safepoint    ] Entering safepoint region: Cleanup
[1763.508s][info ][safepoint    ] Leaving safepoint region
[1763.508s][info ][safepoint    ] Total time for which application threads were stopped: 0.0001092 seconds, Stopping threads took: 0.0000413 seconds
[1763.805s][info ][safepoint    ] Application time: 0.2968488 seconds
[1763.805s][info ][safepoint    ] Entering safepoint region: GenCollectForAllocation
[1763.805s][info ][gc,start     ] GC(688) Pause Young (Allocation Failure)
[1763.805s][info ][gc,task      ] GC(688) Using 4 workers of 4 for evacuation
[1763.808s][debug][gc,ref       ] GC(688) Skipped phase1 of Reference Processing due to unavailable references
[1763.808s][debug][gc,ref       ] GC(688) Skipped phase2 of Reference Processing due to unavailable references
[1763.808s][debug][gc,ref       ] GC(688) Skipped phase3 of Reference Processing due to unavailable references
[1763.808s][debug][gc,ref       ] GC(688) Skipped phase4 of Reference Processing due to unavailable references
[1763.808s][debug][gc,age       ] GC(688) Desired survivor size 15368192 bytes, new threshold 6 (max threshold 6)
[1763.808s][info ][gc,heap      ] GC(688) ParNew: 241911K->1578K(270336K)
[1763.808s][info ][gc,heap      ] GC(688) CMS: 255032K->255045K(600768K)
[1763.808s][info ][gc,metaspace ] GC(688) Metaspace: 58779K->58779K(1101824K)
[1763.808s][info ][gc           ] GC(688) Pause Young (Allocation Failure) 485M->250M(850M) 2.582ms
[1763.808s][info ][gc,cpu       ] GC(688) User=0.01s Sys=0.00s Real=0.00s
[1763.808s][info ][safepoint    ] Leaving safepoint region
[1763.808s][info ][safepoint    ] Total time for which application threads were stopped: 0.0027490 seconds, Stopping threads took: 0.0000360 seconds
[1764.808s][info ][safepoint    ] Application time: 1.0000987 seconds
[1764.808s][info ][safepoint    ] Entering safepoint region: Cleanup
[1764.808s][info ][safepoint    ] Leaving safepoint region
[1764.808s][info ][safepoint    ] Total time for which application threads were stopped: 0.0001058 seconds, Stopping threads took: 0.0000394 seconds
[1765.808s][info ][safepoint    ] Application time: 1.0000860 seconds
[1765.808s][info ][safepoint    ] Entering safepoint region: Cleanup
[1765.809s][info ][safepoint    ] Leaving safepoint region
[1765.809s][info ][safepoint    ] Total time for which application threads were stopped: 0.0001278 seconds, Stopping threads took: 0.0000609 seconds
[1766.809s][info ][safepoint    ] Application time: 1.0001020 seconds
[1766.809s][info ][safepoint    ] Entering safepoint region: Cleanup
[1766.809s][info ][safepoint    ] Leaving safepoint region
[1766.809s][info ][safepoint    ] Total time for which application threads were stopped: 0.0001371 seconds, Stopping threads took: 0.0000458 seconds
[1767.116s][info ][safepoint    ] Application time: 0.3074010 seconds
[1767.116s][info ][safepoint    ] Entering safepoint region: GenCollectForAllocation
[1767.116s][info ][gc,start     ] GC(689) Pause Young (Allocation Failure)
[1767.116s][info ][gc,task      ] GC(689) Using 4 workers of 4 for evacuation
[1767.119s][debug][gc,ref       ] GC(689) Skipped phase1 of Reference Processing due to unavailable references
[1767.119s][debug][gc,ref       ] GC(689) Skipped phase2 of Reference Processing due to unavailable references
[1767.119s][debug][gc,ref       ] GC(689) Skipped phase3 of Reference Processing due to unavailable references
[1767.119s][debug][gc,ref       ] GC(689) Skipped phase4 of Reference Processing due to unavailable references
[1767.119s][debug][gc,age       ] GC(689) Desired survivor size 15368192 bytes, new threshold 6 (max threshold 6)
[1767.119s][info ][gc,heap      ] GC(689) ParNew: 241898K->1845K(270336K)
[1767.119s][info ][gc,heap      ] GC(689) CMS: 255045K->255075K(600768K)
[1767.119s][info ][gc,metaspace ] GC(689) Metaspace: 58779K->58779K(1101824K)
[1767.119s][info ][gc           ] GC(689) Pause Young (Allocation Failure) 485M->250M(850M) 2.653ms
[1767.119s][info ][gc,cpu       ] GC(689) User=0.01s Sys=0.00s Real=0.00s
[1767.119s][info ][safepoint    ] Leaving safepoint region
[1767.119s][info ][safepoint    ] Total time for which application threads were stopped: 0.0028016 seconds, Stopping threads took: 0.0000158 seconds
[1768.119s][info ][safepoint    ] Application time: 1.0000965 seconds
[1768.119s][info ][safepoint    ] Entering safepoint region: Cleanup
[1768.119s][info ][safepoint    ] Leaving safepoint region
[1768.119s][info ][safepoint    ] Total time for which application threads were stopped: 0.0001153 seconds, Stopping threads took: 0.0000417 seconds
[1769.120s][info ][safepoint    ] Application time: 1.0002830 seconds
[1769.120s][info ][safepoint    ] Entering safepoint region: Cleanup
[1769.120s][info ][safepoint    ] Leaving safepoint region
[1769.120s][info ][safepoint    ] Total time for which application threads were stopped: 0.0000737 seconds, Stopping threads took: 0.0000167 seconds
[1770.120s][info ][safepoint    ] Application time: 1.0001128 seconds
[1770.120s][info ][safepoint    ] Entering safepoint region: Cleanup
[1770.120s][info ][safepoint    ] Leaving safepoint region
[1770.120s][info ][safepoint    ] Total time for which application threads were stopped: 0.0000965 seconds, Stopping threads took: 0.0000221 seconds
[1770.354s][info ][safepoint    ] Application time: 0.2338094 seconds
[1770.354s][info ][safepoint    ] Entering safepoint region: GenCollectForAllocation
[1770.354s][info ][gc,start     ] GC(690) Pause Young (Allocation Failure)
[1770.354s][info ][gc,task      ] GC(690) Using 4 workers of 4 for evacuation
[1770.358s][debug][gc,ref       ] GC(690) Skipped phase1 of Reference Processing due to unavailable references
[1770.358s][debug][gc,ref       ] GC(690) Skipped phase2 of Reference Processing due to unavailable references
[1770.358s][debug][gc,ref       ] GC(690) Skipped phase3 of Reference Processing due to unavailable references
[1770.358s][debug][gc,ref       ] GC(690) Skipped phase4 of Reference Processing due to unavailable references
[1770.358s][debug][gc,age       ] GC(690) Desired survivor size 15368192 bytes, new threshold 6 (max threshold 6)
[1770.358s][info ][gc,heap      ] GC(690) ParNew: 242165K->1852K(270336K)
[1770.358s][info ][gc,heap      ] GC(690) CMS: 255075K->255304K(600768K)
[1770.358s][info ][gc,metaspace ] GC(690) Metaspace: 58779K->58779K(1101824K)
[1770.358s][info ][gc           ] GC(690) Pause Young (Allocation Failure) 485M->251M(850M) 4.324ms
[1770.358s][info ][gc,cpu       ] GC(690) User=0.01s Sys=0.00s Real=0.00s
[1770.358s][info ][safepoint    ] Leaving safepoint region
[1770.358s][info ][safepoint    ] Total time for which application threads were stopped: 0.0045186 seconds, Stopping threads took: 0.0000184 seconds
[1771.359s][info ][safepoint    ] Application time: 1.0001475 seconds
[1771.359s][info ][safepoint    ] Entering safepoint region: Cleanup
[1771.359s][info ][safepoint    ] Leaving safepoint region
[1771.359s][info ][safepoint    ] Total time for which application threads were stopped: 0.0001844 seconds, Stopping threads took: 0.0000923 seconds
[1772.359s][info ][safepoint    ] Application time: 1.0001583 seconds
[1772.359s][info ][safepoint    ] Entering safepoint region: Cleanup
[1772.359s][info ][safepoint    ] Leaving safepoint region
[1772.359s][info ][safepoint    ] Total time for which application threads were stopped: 0.0001401 seconds, Stopping threads took: 0.0000729 seconds
[1773.359s][info ][safepoint    ] Application time: 1.0000978 seconds
[1773.359s][info ][safepoint    ] Entering safepoint region: Cleanup
[1773.359s][info ][safepoint    ] Leaving safepoint region
[1773.359s][info ][safepoint    ] Total time for which application threads were stopped: 0.0001080 seconds, Stopping threads took: 0.0000390 seconds
[1773.619s][info ][safepoint    ] Application time: 0.2598714 seconds
[1773.619s][info ][safepoint    ] Entering safepoint region: GenCollectForAllocation
[1773.619s][info ][gc,start     ] GC(691) Pause Young (Allocation Failure)
[1773.619s][info ][gc,task      ] GC(691) Using 4 workers of 4 for evacuation
[1773.622s][debug][gc,ref       ] GC(691) Skipped phase1 of Reference Processing due to unavailable references
[1773.622s][debug][gc,ref       ] GC(691) Skipped phase2 of Reference Processing due to unavailable references
[1773.622s][debug][gc,ref       ] GC(691) Skipped phase3 of Reference Processing due to unavailable references
[1773.622s][debug][gc,ref       ] GC(691) Skipped phase4 of Reference Processing due to unavailable references
[1773.622s][debug][gc,age       ] GC(691) Desired survivor size 15368192 bytes, new threshold 6 (max threshold 6)
[1773.622s][info ][gc,heap      ] GC(691) ParNew: 242172K->1819K(270336K)
[1773.622s][info ][gc,heap      ] GC(691) CMS: 255304K->255398K(600768K)
[1773.622s][info ][gc,metaspace ] GC(691) Metaspace: 58779K->58779K(1101824K)
[1773.622s][info ][gc           ] GC(691) Pause Young (Allocation Failure) 485M->251M(850M) 3.077ms
[1773.623s][info ][gc,cpu       ] GC(691) User=0.01s Sys=0.00s Real=0.01s
[1773.623s][info ][safepoint    ] Leaving safepoint region
[1773.623s][info ][safepoint    ] Total time for which application threads were stopped: 0.0032651 seconds, Stopping threads took: 0.0000213 seconds
[1774.623s][info ][safepoint    ] Application time: 1.0001119 seconds
[1774.623s][info ][safepoint    ] Entering safepoint region: Cleanup
[1774.623s][info ][safepoint    ] Leaving safepoint region
[1774.623s][info ][safepoint    ] Total time for which application threads were stopped: 0.0000994 seconds, Stopping threads took: 0.0000217 seconds
[1775.623s][info ][safepoint    ] Application time: 1.0000735 seconds
[1775.623s][info ][safepoint    ] Entering safepoint region: Cleanup
[1775.623s][info ][safepoint    ] Leaving safepoint region
[1775.623s][info ][safepoint    ] Total time for which application threads were stopped: 0.0002223 seconds, Stopping threads took: 0.0000176 seconds
[1776.623s][info ][safepoint    ] Application time: 1.0000839 seconds
[1776.623s][info ][safepoint    ] Entering safepoint region: Cleanup
[1776.623s][info ][safepoint    ] Leaving safepoint region
[1776.623s][info ][safepoint    ] Total time for which application threads were stopped: 0.0001318 seconds, Stopping threads took: 0.0000594 seconds
[1776.914s][info ][safepoint    ] Application time: 0.2908058 seconds
[1776.914s][info ][safepoint    ] Entering safepoint region: GenCollectForAllocation
[1776.914s][info ][gc,start     ] GC(692) Pause Young (Allocation Failure)
[1776.914s][info ][gc,task      ] GC(692) Using 4 workers of 4 for evacuation
[1776.919s][debug][gc,ref       ] GC(692) Skipped phase1 of Reference Processing due to unavailable references
[1776.919s][debug][gc,ref       ] GC(692) Skipped phase2 of Reference Processing due to unavailable references
[1776.919s][debug][gc,ref       ] GC(692) Skipped phase3 of Reference Processing due to unavailable references
[1776.919s][debug][gc,ref       ] GC(692) Skipped phase4 of Reference Processing due to unavailable references
[1776.919s][debug][gc,age       ] GC(692) Desired survivor size 15368192 bytes, new threshold 6 (max threshold 6)
[1776.919s][info ][gc,heap      ] GC(692) ParNew: 242139K->1844K(270336K)
[1776.919s][info ][gc,heap      ] GC(692) CMS: 255398K->255553K(600768K)
[1776.919s][info ][gc,metaspace ] GC(692) Metaspace: 58779K->58779K(1101824K)
[1776.919s][info ][gc           ] GC(692) Pause Young (Allocation Failure) 485M->251M(850M) 4.738ms
[1776.919s][info ][gc,cpu       ] GC(692) User=0.01s Sys=0.00s Real=0.00s
[1776.919s][info ][safepoint    ] Leaving safepoint region
[1776.919s][info ][safepoint    ] Total time for which application threads were stopped: 0.0049211 seconds, Stopping threads took: 0.0000204 seconds
[1777.919s][info ][safepoint    ] Application time: 1.0001002 seconds
[1777.919s][info ][safepoint    ] Entering safepoint region: Cleanup
[1777.919s][info ][safepoint    ] Leaving safepoint region
[1777.919s][info ][safepoint    ] Total time for which application threads were stopped: 0.0000902 seconds, Stopping threads took: 0.0000184 seconds
[1778.920s][info ][safepoint    ] Application time: 1.0001103 seconds
[1778.920s][info ][safepoint    ] Entering safepoint region: Cleanup
[1778.920s][info ][safepoint    ] Leaving safepoint region
[1778.920s][info ][safepoint    ] Total time for which application threads were stopped: 0.0000961 seconds, Stopping threads took: 0.0000344 seconds
[1779.922s][info ][safepoint    ] Application time: 1.0024226 seconds
[1779.922s][info ][safepoint    ] Entering safepoint region: Cleanup
[1779.922s][info ][safepoint    ] Leaving safepoint region
[1779.922s][info ][safepoint    ] Total time for which application threads were stopped: 0.0000800 seconds, Stopping threads took: 0.0000167 seconds
[1780.158s][info ][safepoint    ] Application time: 0.2361454 seconds
[1780.158s][info ][safepoint    ] Entering safepoint region: GenCollectForAllocation
[1780.159s][info ][gc,start     ] GC(693) Pause Young (Allocation Failure)
[1780.159s][info ][gc,task      ] GC(693) Using 4 workers of 4 for evacuation
[1780.164s][debug][gc,ref       ] GC(693) Skipped phase1 of Reference Processing due to unavailable references
[1780.164s][debug][gc,ref       ] GC(693) Skipped phase2 of Reference Processing due to unavailable references
[1780.164s][debug][gc,ref       ] GC(693) Skipped phase3 of Reference Processing due to unavailable references
[1780.164s][debug][gc,ref       ] GC(693) Skipped phase4 of Reference Processing due to unavailable references
[1780.164s][debug][gc,age       ] GC(693) Desired survivor size 15368192 bytes, new threshold 6 (max threshold 6)
[1780.164s][info ][gc,heap      ] GC(693) ParNew: 242164K->1820K(270336K)
[1780.164s][info ][gc,heap      ] GC(693) CMS: 255553K->255584K(600768K)
[1780.164s][info ][gc,metaspace ] GC(693) Metaspace: 58779K->58779K(1101824K)
[1780.164s][info ][gc           ] GC(693) Pause Young (Allocation Failure) 486M->251M(850M) 5.474ms
[1780.164s][info ][gc,cpu       ] GC(693) User=0.01s Sys=0.00s Real=0.01s
[1780.164s][info ][safepoint    ] Leaving safepoint region
[1780.164s][info ][safepoint    ] Total time for which application threads were stopped: 0.0057086 seconds, Stopping threads took: 0.0000579 seconds
[1781.164s][info ][safepoint    ] Application time: 1.0001179 seconds
[1781.164s][info ][safepoint    ] Entering safepoint region: Cleanup
[1781.164s][info ][safepoint    ] Leaving safepoint region
[1781.164s][info ][safepoint    ] Total time for which application threads were stopped: 0.0001268 seconds, Stopping threads took: 0.0000540 seconds
[1782.164s][info ][safepoint    ] Application time: 1.0001082 seconds
[1782.165s][info ][safepoint    ] Entering safepoint region: Cleanup
[1782.165s][info ][safepoint    ] Leaving safepoint region
[1782.165s][info ][safepoint    ] Total time for which application threads were stopped: 0.0002805 seconds, Stopping threads took: 0.0001965 seconds
[1783.165s][info ][safepoint    ] Application time: 1.0001147 seconds
[1783.165s][info ][safepoint    ] Entering safepoint region: Cleanup
[1783.165s][info ][safepoint    ] Leaving safepoint region
[1783.165s][info ][safepoint    ] Total time for which application threads were stopped: 0.0001629 seconds, Stopping threads took: 0.0000922 seconds
[1783.217s][info ][safepoint    ] Application time: 0.0515926 seconds
[1783.217s][info ][safepoint    ] Entering safepoint region: GenCollectForAllocation
[1783.217s][info ][gc,start     ] GC(694) Pause Young (Allocation Failure)
[1783.217s][info ][gc,task      ] GC(694) Using 4 workers of 4 for evacuation
[1783.220s][debug][gc,ref       ] GC(694) Skipped phase1 of Reference Processing due to unavailable references
[1783.220s][debug][gc,ref       ] GC(694) Skipped phase2 of Reference Processing due to unavailable references
[1783.220s][debug][gc,ref       ] GC(694) Skipped phase3 of Reference Processing due to unavailable references
[1783.220s][debug][gc,ref       ] GC(694) Skipped phase4 of Reference Processing due to unavailable references
[1783.220s][debug][gc,age       ] GC(694) Desired survivor size 15368192 bytes, new threshold 6 (max threshold 6)
[1783.220s][info ][gc,heap      ] GC(694) ParNew: 242140K->1592K(270336K)
[1783.220s][info ][gc,heap      ] GC(694) CMS: 255584K->256158K(600768K)
[1783.220s][info ][gc,metaspace ] GC(694) Metaspace: 58779K->58779K(1101824K)
[1783.220s][info ][gc           ] GC(694) Pause Young (Allocation Failure) 486M->251M(850M) 3.173ms
[1783.220s][info ][gc,cpu       ] GC(694) User=0.01s Sys=0.00s Real=0.00s
[1783.220s][info ][safepoint    ] Leaving safepoint region
[1783.220s][info ][safepoint    ] Total time for which application threads were stopped: 0.0033350 seconds, Stopping threads took: 0.0000173 seconds
[1784.220s][info ][safepoint    ] Application time: 1.0000737 seconds
[1784.220s][info ][safepoint    ] Entering safepoint region: Cleanup
[1784.220s][info ][safepoint    ] Leaving safepoint region
[1784.220s][info ][safepoint    ] Total time for which application threads were stopped: 0.0001677 seconds, Stopping threads took: 0.0000221 seconds
[1785.220s][info ][safepoint    ] Application time: 1.0000985 seconds
[1785.221s][info ][safepoint    ] Entering safepoint region: Cleanup
[1785.221s][info ][safepoint    ] Leaving safepoint region
[1785.221s][info ][safepoint    ] Total time for which application threads were stopped: 0.0000817 seconds, Stopping threads took: 0.0000172 seconds
[1786.226s][info ][safepoint    ] Application time: 1.0054448 seconds
[1786.226s][info ][safepoint    ] Entering safepoint region: Cleanup
[1786.226s][info ][safepoint    ] Leaving safepoint region
[1786.226s][info ][safepoint    ] Total time for which application threads were stopped: 0.0000783 seconds, Stopping threads took: 0.0000185 seconds
[1786.375s][info ][safepoint    ] Application time: 0.1488482 seconds
[1786.375s][info ][safepoint    ] Entering safepoint region: GenCollectForAllocation
[1786.375s][info ][gc,start     ] GC(695) Pause Young (Allocation Failure)
[1786.375s][info ][gc,task      ] GC(695) Using 4 workers of 4 for evacuation
[1786.378s][debug][gc,ref       ] GC(695) Skipped phase1 of Reference Processing due to unavailable references
[1786.378s][debug][gc,ref       ] GC(695) Skipped phase2 of Reference Processing due to unavailable references
[1786.378s][debug][gc,ref       ] GC(695) Skipped phase3 of Reference Processing due to unavailable references
[1786.378s][debug][gc,ref       ] GC(695) Skipped phase4 of Reference Processing due to unavailable references
[1786.378s][debug][gc,age       ] GC(695) Desired survivor size 15368192 bytes, new threshold 6 (max threshold 6)
[1786.378s][info ][gc,heap      ] GC(695) ParNew: 241912K->1148K(270336K)
[1786.378s][info ][gc,heap      ] GC(695) CMS: 256158K->256227K(600768K)
[1786.378s][info ][gc,metaspace ] GC(695) Metaspace: 58779K->58779K(1101824K)
[1786.378s][info ][gc           ] GC(695) Pause Young (Allocation Failure) 486M->251M(850M) 2.802ms
[1786.378s][info ][gc,cpu       ] GC(695) User=0.01s Sys=0.00s Real=0.00s
[1786.378s][info ][safepoint    ] Leaving safepoint region
[1786.378s][info ][safepoint    ] Total time for which application threads were stopped: 0.0030029 seconds, Stopping threads took: 0.0000165 seconds
[1787.378s][info ][safepoint    ] Application time: 1.0000982 seconds
[1787.378s][info ][safepoint    ] Entering safepoint region: Cleanup
[1787.378s][info ][safepoint    ] Leaving safepoint region
[1787.378s][info ][safepoint    ] Total time for which application threads were stopped: 0.0000782 seconds, Stopping threads took: 0.0000199 seconds
[1788.378s][info ][safepoint    ] Application time: 1.0000846 seconds
[1788.378s][info ][safepoint    ] Entering safepoint region: Cleanup
[1788.378s][info ][safepoint    ] Leaving safepoint region
[1788.378s][info ][safepoint    ] Total time for which application threads were stopped: 0.0000812 seconds, Stopping threads took: 0.0000196 seconds
[1789.379s][info ][safepoint    ] Application time: 1.0000975 seconds
[1789.379s][info ][safepoint    ] Entering safepoint region: Cleanup
[1789.379s][info ][safepoint    ] Leaving safepoint region
[1789.379s][info ][safepoint    ] Total time for which application threads were stopped: 0.0000765 seconds, Stopping threads took: 0.0000194 seconds
[1789.555s][info ][safepoint    ] Application time: 0.1764267 seconds
[1789.555s][info ][safepoint    ] Entering safepoint region: GenCollectForAllocation
[1789.555s][info ][gc,start     ] GC(696) Pause Young (Allocation Failure)
[1789.555s][info ][gc,task      ] GC(696) Using 4 workers of 4 for evacuation
[1789.558s][debug][gc,ref       ] GC(696) Skipped phase1 of Reference Processing due to unavailable references
[1789.558s][debug][gc,ref       ] GC(696) Skipped phase2 of Reference Processing due to unavailable references
[1789.558s][debug][gc,ref       ] GC(696) Skipped phase3 of Reference Processing due to unavailable references
[1789.558s][debug][gc,ref       ] GC(696) Skipped phase4 of Reference Processing due to unavailable references
[1789.558s][debug][gc,age       ] GC(696) Desired survivor size 15368192 bytes, new threshold 6 (max threshold 6)
[1789.558s][info ][gc,heap      ] GC(696) ParNew: 241468K->1421K(270336K)
[1789.558s][info ][gc,heap      ] GC(696) CMS: 256227K->256389K(600768K)
[1789.558s][info ][gc,metaspace ] GC(696) Metaspace: 58779K->58779K(1101824K)
[1789.558s][info ][gc           ] GC(696) Pause Young (Allocation Failure) 486M->251M(850M) 2.868ms
[1789.558s][info ][gc,cpu       ] GC(696) User=0.01s Sys=0.00s Real=0.00s
[1789.558s][info ][safepoint    ] Leaving safepoint region
[1789.558s][info ][safepoint    ] Total time for which application threads were stopped: 0.0031897 seconds, Stopping threads took: 0.0001677 seconds
[1790.558s][info ][safepoint    ] Application time: 1.0001001 seconds
[1790.559s][info ][safepoint    ] Entering safepoint region: Cleanup
[1790.559s][info ][safepoint    ] Leaving safepoint region
[1790.559s][info ][safepoint    ] Total time for which application threads were stopped: 0.0001341 seconds, Stopping threads took: 0.0000408 seconds
[1791.559s][info ][safepoint    ] Application time: 1.0000876 seconds
[1791.559s][info ][safepoint    ] Entering safepoint region: Cleanup
[1791.559s][info ][safepoint    ] Leaving safepoint region
[1791.559s][info ][safepoint    ] Total time for which application threads were stopped: 0.0002075 seconds, Stopping threads took: 0.0001404 seconds
[1792.559s][info ][safepoint    ] Application time: 1.0000828 seconds
[1792.559s][info ][safepoint    ] Entering safepoint region: Cleanup
[1792.559s][info ][safepoint    ] Leaving safepoint region
[1792.559s][info ][safepoint    ] Total time for which application threads were stopped: 0.0001086 seconds, Stopping threads took: 0.0000408 seconds
[1792.713s][info ][safepoint    ] Application time: 0.1537134 seconds
[1792.713s][info ][safepoint    ] Entering safepoint region: GenCollectForAllocation
[1792.713s][info ][gc,start     ] GC(697) Pause Young (Allocation Failure)
[1792.713s][info ][gc,task      ] GC(697) Using 4 workers of 4 for evacuation
[1792.716s][debug][gc,ref       ] GC(697) Skipped phase1 of Reference Processing due to unavailable references
[1792.716s][debug][gc,ref       ] GC(697) Skipped phase2 of Reference Processing due to unavailable references
[1792.716s][debug][gc,ref       ] GC(697) Skipped phase3 of Reference Processing due to unavailable references
[1792.716s][debug][gc,ref       ] GC(697) Skipped phase4 of Reference Processing due to unavailable references
[1792.716s][debug][gc,age       ] GC(697) Desired survivor size 15368192 bytes, new threshold 6 (max threshold 6)
[1792.716s][info ][gc,heap      ] GC(697) ParNew: 241741K->2393K(270336K)
[1792.716s][info ][gc,heap      ] GC(697) CMS: 256389K->256470K(600768K)
[1792.716s][info ][gc,metaspace ] GC(697) Metaspace: 58779K->58779K(1101824K)
[1792.716s][info ][gc           ] GC(697) Pause Young (Allocation Failure) 486M->252M(850M) 2.705ms
[1792.716s][info ][gc,cpu       ] GC(697) User=0.01s Sys=0.00s Real=0.00s
[1792.716s][info ][safepoint    ] Leaving safepoint region
[1792.716s][info ][safepoint    ] Total time for which application threads were stopped: 0.0028507 seconds, Stopping threads took: 0.0000157 seconds
[1793.716s][info ][safepoint    ] Application time: 1.0000915 seconds
[1793.716s][info ][safepoint    ] Entering safepoint region: Cleanup
[1793.716s][info ][safepoint    ] Leaving safepoint region
[1793.716s][info ][safepoint    ] Total time for which application threads were stopped: 0.0000857 seconds, Stopping threads took: 0.0000171 seconds
[1794.716s][info ][safepoint    ] Application time: 1.0000600 seconds
[1794.716s][info ][safepoint    ] Entering safepoint region: Cleanup
[1794.716s][info ][safepoint    ] Leaving safepoint region
[1794.716s][info ][safepoint    ] Total time for which application threads were stopped: 0.0001251 seconds, Stopping threads took: 0.0000613 seconds
[1795.716s][info ][safepoint    ] Application time: 1.0000821 seconds
[1795.716s][info ][safepoint    ] Entering safepoint region: Cleanup
[1795.716s][info ][safepoint    ] Leaving safepoint region
[1795.716s][info ][safepoint    ] Total time for which application threads were stopped: 0.0000849 seconds, Stopping threads took: 0.0000164 seconds
[1795.817s][info ][safepoint    ] Application time: 0.1003044 seconds
[1795.817s][info ][safepoint    ] Entering safepoint region: GenCollectForAllocation
[1795.817s][info ][gc,start     ] GC(698) Pause Young (Allocation Failure)
[1795.817s][info ][gc,task      ] GC(698) Using 4 workers of 4 for evacuation
[1795.819s][debug][gc,ref       ] GC(698) Skipped phase1 of Reference Processing due to unavailable references
[1795.819s][debug][gc,ref       ] GC(698) Skipped phase2 of Reference Processing due to unavailable references
[1795.819s][debug][gc,ref       ] GC(698) Skipped phase3 of Reference Processing due to unavailable references
[1795.819s][debug][gc,ref       ] GC(698) Skipped phase4 of Reference Processing due to unavailable references
[1795.819s][debug][gc,age       ] GC(698) Desired survivor size 15368192 bytes, new threshold 6 (max threshold 6)
[1795.819s][info ][gc,heap      ] GC(698) ParNew: 242713K->2508K(270336K)
[1795.819s][info ][gc,heap      ] GC(698) CMS: 256470K->256588K(600768K)
[1795.819s][info ][gc,metaspace ] GC(698) Metaspace: 58780K->58780K(1101824K)
[1795.819s][info ][gc           ] GC(698) Pause Young (Allocation Failure) 487M->253M(850M) 2.593ms
[1795.819s][info ][gc,cpu       ] GC(698) User=0.01s Sys=0.00s Real=0.00s
[1795.820s][info ][safepoint    ] Leaving safepoint region
[1795.820s][info ][safepoint    ] Total time for which application threads were stopped: 0.0027451 seconds, Stopping threads took: 0.0000144 seconds
[1796.820s][info ][safepoint    ] Application time: 1.0001186 seconds
[1796.820s][info ][safepoint    ] Entering safepoint region: Cleanup
[1796.820s][info ][safepoint    ] Leaving safepoint region
[1796.820s][info ][safepoint    ] Total time for which application threads were stopped: 0.0000749 seconds, Stopping threads took: 0.0000194 seconds
[1797.823s][info ][safepoint    ] Application time: 1.0029876 seconds
[1797.823s][info ][safepoint    ] Entering safepoint region: Cleanup
[1797.823s][info ][safepoint    ] Leaving safepoint region
[1797.823s][info ][safepoint    ] Total time for which application threads were stopped: 0.0000937 seconds, Stopping threads took: 0.0000177 seconds
[1798.823s][info ][safepoint    ] Application time: 1.0001034 seconds
[1798.823s][info ][safepoint    ] Entering safepoint region: Cleanup
[1798.823s][info ][safepoint    ] Leaving safepoint region
[1798.823s][info ][safepoint    ] Total time for which application threads were stopped: 0.0000943 seconds, Stopping threads took: 0.0000172 seconds
[1798.962s][info ][safepoint    ] Application time: 0.1386893 seconds
[1798.962s][info ][safepoint    ] Entering safepoint region: GenCollectForAllocation
[1798.962s][info ][gc,start     ] GC(699) Pause Young (Allocation Failure)
[1798.962s][info ][gc,task      ] GC(699) Using 4 workers of 4 for evacuation
[1798.965s][debug][gc,ref       ] GC(699) Skipped phase1 of Reference Processing due to unavailable references
[1798.965s][debug][gc,ref       ] GC(699) Skipped phase2 of Reference Processing due to unavailable references
[1798.965s][debug][gc,ref       ] GC(699) Skipped phase3 of Reference Processing due to unavailable references
[1798.965s][debug][gc,ref       ] GC(699) Skipped phase4 of Reference Processing due to unavailable references
[1798.965s][debug][gc,age       ] GC(699) Desired survivor size 15368192 bytes, new threshold 6 (max threshold 6)
[1798.965s][info ][gc,heap      ] GC(699) ParNew: 242828K->2274K(270336K)
[1798.965s][info ][gc,heap      ] GC(699) CMS: 256588K->256664K(600768K)
[1798.965s][info ][gc,metaspace ] GC(699) Metaspace: 58781K->58781K(1101824K)
[1798.965s][info ][gc           ] GC(699) Pause Young (Allocation Failure) 487M->252M(850M) 3.416ms
[1798.965s][info ][gc,cpu       ] GC(699) User=0.01s Sys=0.00s Real=0.01s
[1798.965s][info ][safepoint    ] Leaving safepoint region
[1798.965s][info ][safepoint    ] Total time for which application threads were stopped: 0.0035706 seconds, Stopping threads took: 0.0000168 seconds
[1799.965s][info ][safepoint    ] Application time: 1.0000503 seconds
[1799.966s][info ][safepoint    ] Entering safepoint region: Cleanup
[1799.966s][info ][safepoint    ] Leaving safepoint region
[1799.966s][info ][safepoint    ] Total time for which application threads were stopped: 0.0001659 seconds, Stopping threads took: 0.0000637 seconds
[1800.966s][info ][safepoint    ] Application time: 1.0001034 seconds
[1800.966s][info ][safepoint    ] Entering safepoint region: Cleanup
[1800.966s][info ][safepoint    ] Leaving safepoint region
[1800.966s][info ][safepoint    ] Total time for which application threads were stopped: 0.0001978 seconds, Stopping threads took: 0.0000959 seconds
[1801.966s][info ][safepoint    ] Application time: 1.0000987 seconds
[1801.966s][info ][safepoint    ] Entering safepoint region: Cleanup
[1801.966s][info ][safepoint    ] Leaving safepoint region
[1801.966s][info ][safepoint    ] Total time for which application threads were stopped: 0.0001024 seconds, Stopping threads took: 0.0000415 seconds
[1802.110s][info ][safepoint    ] Application time: 0.1441426 seconds
[1802.110s][info ][safepoint    ] Entering safepoint region: GenCollectForAllocation
[1802.111s][info ][gc,start     ] GC(700) Pause Young (Allocation Failure)
[1802.111s][info ][gc,task      ] GC(700) Using 4 workers of 4 for evacuation
[1802.113s][debug][gc,ref       ] GC(700) Skipped phase1 of Reference Processing due to unavailable references
[1802.113s][debug][gc,ref       ] GC(700) Skipped phase2 of Reference Processing due to unavailable references
[1802.113s][debug][gc,ref       ] GC(700) Skipped phase3 of Reference Processing due to unavailable references
[1802.113s][debug][gc,ref       ] GC(700) Skipped phase4 of Reference Processing due to unavailable references
[1802.114s][debug][gc,age       ] GC(700) Desired survivor size 15368192 bytes, new threshold 6 (max threshold 6)
[1802.114s][info ][gc,heap      ] GC(700) ParNew: 242594K->2243K(270336K)
[1802.114s][info ][gc,heap      ] GC(700) CMS: 256664K->256873K(600768K)
[1802.114s][info ][gc,metaspace ] GC(700) Metaspace: 58781K->58781K(1101824K)
[1802.114s][info ][gc           ] GC(700) Pause Young (Allocation Failure) 487M->253M(850M) 3.059ms
[1802.114s][info ][gc,cpu       ] GC(700) User=0.01s Sys=0.00s Real=0.00s
[1802.114s][info ][safepoint    ] Leaving safepoint region
[1802.114s][info ][safepoint    ] Total time for which application threads were stopped: 0.0032393 seconds, Stopping threads took: 0.0000166 seconds
[1803.114s][info ][safepoint    ] Application time: 1.0000991 seconds
[1803.114s][info ][safepoint    ] Entering safepoint region: Cleanup
[1803.114s][info ][safepoint    ] Leaving safepoint region
[1803.114s][info ][safepoint    ] Total time for which application threads were stopped: 0.0001382 seconds, Stopping threads took: 0.0000696 seconds
[1804.114s][info ][safepoint    ] Application time: 1.0000823 seconds
[1804.114s][info ][safepoint    ] Entering safepoint region: Cleanup
[1804.114s][info ][safepoint    ] Leaving safepoint region
[1804.114s][info ][safepoint    ] Total time for which application threads were stopped: 0.0001368 seconds, Stopping threads took: 0.0000709 seconds
[1805.114s][info ][safepoint    ] Application time: 1.0001306 seconds
[1805.114s][info ][safepoint    ] Entering safepoint region: Cleanup
[1805.115s][info ][safepoint    ] Leaving safepoint region
[1805.115s][info ][safepoint    ] Total time for which application threads were stopped: 0.0001236 seconds, Stopping threads took: 0.0000503 seconds
[1805.265s][info ][safepoint    ] Application time: 0.1508167 seconds
[1805.265s][info ][safepoint    ] Entering safepoint region: GenCollectForAllocation
[1805.266s][info ][gc,start     ] GC(701) Pause Young (Allocation Failure)
[1805.266s][info ][gc,task      ] GC(701) Using 4 workers of 4 for evacuation
[1805.268s][debug][gc,ref       ] GC(701) Skipped phase1 of Reference Processing due to unavailable references
[1805.268s][debug][gc,ref       ] GC(701) Skipped phase2 of Reference Processing due to unavailable references
[1805.268s][debug][gc,ref       ] GC(701) Skipped phase3 of Reference Processing due to unavailable references
[1805.268s][debug][gc,ref       ] GC(701) Skipped phase4 of Reference Processing due to unavailable references
[1805.268s][debug][gc,age       ] GC(701) Desired survivor size 15368192 bytes, new threshold 6 (max threshold 6)
[1805.268s][info ][gc,heap      ] GC(701) ParNew: 242563K->2129K(270336K)
[1805.268s][info ][gc,heap      ] GC(701) CMS: 256873K->257116K(600768K)
[1805.268s][info ][gc,metaspace ] GC(701) Metaspace: 58781K->58781K(1101824K)
[1805.268s][info ][gc           ] GC(701) Pause Young (Allocation Failure) 487M->253M(850M) 2.398ms
[1805.268s][info ][gc,cpu       ] GC(701) User=0.01s Sys=0.00s Real=0.00s
[1805.268s][info ][safepoint    ] Leaving safepoint region
[1805.268s][info ][safepoint    ] Total time for which application threads were stopped: 0.0025643 seconds, Stopping threads took: 0.0000271 seconds
[1806.268s][info ][safepoint    ] Application time: 1.0001004 seconds
[1806.268s][info ][safepoint    ] Entering safepoint region: Cleanup
[1806.268s][info ][safepoint    ] Leaving safepoint region
[1806.268s][info ][safepoint    ] Total time for which application threads were stopped: 0.0000946 seconds, Stopping threads took: 0.0000292 seconds
[1807.268s][info ][safepoint    ] Application time: 1.0000453 seconds
[1807.268s][info ][safepoint    ] Entering safepoint region: Cleanup
[1807.268s][info ][safepoint    ] Leaving safepoint region
[1807.268s][info ][safepoint    ] Total time for which application threads were stopped: 0.0000828 seconds, Stopping threads took: 0.0000163 seconds
[1808.268s][info ][safepoint    ] Application time: 1.0000877 seconds
[1808.269s][info ][safepoint    ] Entering safepoint region: Cleanup
[1808.269s][info ][safepoint    ] Leaving safepoint region
[1808.269s][info ][safepoint    ] Total time for which application threads were stopped: 0.0000878 seconds, Stopping threads took: 0.0000297 seconds
[1808.459s][info ][safepoint    ] Application time: 0.1905479 seconds
[1808.459s][info ][safepoint    ] Entering safepoint region: GenCollectForAllocation
[1808.459s][info ][gc,start     ] GC(702) Pause Young (Allocation Failure)
[1808.459s][info ][gc,task      ] GC(702) Using 4 workers of 4 for evacuation
[1808.462s][debug][gc,ref       ] GC(702) Skipped phase1 of Reference Processing due to unavailable references
[1808.462s][debug][gc,ref       ] GC(702) Skipped phase2 of Reference Processing due to unavailable references
[1808.462s][debug][gc,ref       ] GC(702) Skipped phase3 of Reference Processing due to unavailable references
[1808.462s][debug][gc,ref       ] GC(702) Skipped phase4 of Reference Processing due to unavailable references
[1808.462s][debug][gc,age       ] GC(702) Desired survivor size 15368192 bytes, new threshold 6 (max threshold 6)
[1808.462s][info ][gc,heap      ] GC(702) ParNew: 242449K->1891K(270336K)
[1808.462s][info ][gc,heap      ] GC(702) CMS: 257116K->257316K(600768K)
[1808.462s][info ][gc,metaspace ] GC(702) Metaspace: 58781K->58781K(1101824K)
[1808.462s][info ][gc           ] GC(702) Pause Young (Allocation Failure) 487M->253M(850M) 2.457ms
[1808.462s][info ][gc,cpu       ] GC(702) User=0.01s Sys=0.01s Real=0.00s
[1808.462s][info ][safepoint    ] Leaving safepoint region
[1808.462s][info ][safepoint    ] Total time for which application threads were stopped: 0.0026253 seconds, Stopping threads took: 0.0000301 seconds
[1809.462s][info ][safepoint    ] Application time: 1.0000990 seconds
[1809.462s][info ][safepoint    ] Entering safepoint region: Cleanup
[1809.462s][info ][safepoint    ] Leaving safepoint region
[1809.462s][info ][safepoint    ] Total time for which application threads were stopped: 0.0001352 seconds, Stopping threads took: 0.0000770 seconds
[1810.462s][info ][safepoint    ] Application time: 1.0000909 seconds
[1810.462s][info ][safepoint    ] Entering safepoint region: Cleanup
[1810.462s][info ][safepoint    ] Leaving safepoint region
[1810.462s][info ][safepoint    ] Total time for which application threads were stopped: 0.0001395 seconds, Stopping threads took: 0.0000719 seconds
[1811.462s][info ][safepoint    ] Application time: 1.0000915 seconds
[1811.463s][info ][safepoint    ] Entering safepoint region: Cleanup
[1811.463s][info ][safepoint    ] Leaving safepoint region
[1811.463s][info ][safepoint    ] Total time for which application threads were stopped: 0.0001481 seconds, Stopping threads took: 0.0000792 seconds
[1811.604s][info ][safepoint    ] Application time: 0.1416348 seconds
[1811.604s][info ][safepoint    ] Entering safepoint region: GenCollectForAllocation
[1811.604s][info ][gc,start     ] GC(703) Pause Young (Allocation Failure)
[1811.604s][info ][gc,task      ] GC(703) Using 4 workers of 4 for evacuation
[1811.607s][debug][gc,ref       ] GC(703) Skipped phase1 of Reference Processing due to unavailable references
[1811.607s][debug][gc,ref       ] GC(703) Skipped phase2 of Reference Processing due to unavailable references
[1811.607s][debug][gc,ref       ] GC(703) Skipped phase3 of Reference Processing due to unavailable references
[1811.607s][debug][gc,ref       ] GC(703) Skipped phase4 of Reference Processing due to unavailable references
[1811.607s][debug][gc,age       ] GC(703) Desired survivor size 15368192 bytes, new threshold 6 (max threshold 6)
[1811.607s][info ][gc,heap      ] GC(703) ParNew: 242211K->1671K(270336K)
[1811.607s][info ][gc,heap      ] GC(703) CMS: 257316K->257438K(600768K)
[1811.607s][info ][gc,metaspace ] GC(703) Metaspace: 58781K->58781K(1101824K)
[1811.607s][info ][gc           ] GC(703) Pause Young (Allocation Failure) 487M->253M(850M) 2.368ms
[1811.607s][info ][gc,cpu       ] GC(703) User=0.00s Sys=0.00s Real=0.00s
[1811.607s][info ][safepoint    ] Leaving safepoint region
[1811.607s][info ][safepoint    ] Total time for which application threads were stopped: 0.0025106 seconds, Stopping threads took: 0.0000166 seconds
[1812.607s][info ][safepoint    ] Application time: 1.0001015 seconds
[1812.607s][info ][safepoint    ] Entering safepoint region: Cleanup
[1812.607s][info ][safepoint    ] Leaving safepoint region
[1812.607s][info ][safepoint    ] Total time for which application threads were stopped: 0.0001116 seconds, Stopping threads took: 0.0000536 seconds
[1813.607s][info ][safepoint    ] Application time: 1.0000812 seconds
[1813.607s][info ][safepoint    ] Entering safepoint region: Cleanup
[1813.607s][info ][safepoint    ] Leaving safepoint region
[1813.607s][info ][safepoint    ] Total time for which application threads were stopped: 0.0001706 seconds, Stopping threads took: 0.0000891 seconds
[1813.956s][info ][safepoint    ] Application time: 0.3486294 seconds
[1813.956s][info ][safepoint    ] Entering safepoint region: GenCollectForAllocation
[1813.956s][info ][gc,start     ] GC(704) Pause Young (Allocation Failure)
[1813.956s][info ][gc,task      ] GC(704) Using 4 workers of 4 for evacuation
[1813.959s][debug][gc,ref       ] GC(704) Skipped phase1 of Reference Processing due to unavailable references
[1813.959s][debug][gc,ref       ] GC(704) Skipped phase2 of Reference Processing due to unavailable references
[1813.959s][debug][gc,ref       ] GC(704) Skipped phase3 of Reference Processing due to unavailable references
[1813.959s][debug][gc,ref       ] GC(704) Skipped phase4 of Reference Processing due to unavailable references
[1813.959s][debug][gc,age       ] GC(704) Desired survivor size 15368192 bytes, new threshold 6 (max threshold 6)
[1813.959s][info ][gc,heap      ] GC(704) ParNew: 241991K->1827K(270336K)
[1813.959s][info ][gc,heap      ] GC(704) CMS: 257438K->257488K(600768K)
[1813.959s][info ][gc,metaspace ] GC(704) Metaspace: 58786K->58786K(1101824K)
[1813.959s][info ][gc           ] GC(704) Pause Young (Allocation Failure) 487M->253M(850M) 2.800ms
[1813.959s][info ][gc,cpu       ] GC(704) User=0.01s Sys=0.00s Real=0.00s
[1813.959s][info ][safepoint    ] Leaving safepoint region
[1813.959s][info ][safepoint    ] Total time for which application threads were stopped: 0.0029407 seconds, Stopping threads took: 0.0000154 seconds
[1814.959s][info ][safepoint    ] Application time: 1.0001238 seconds
[1814.959s][info ][safepoint    ] Entering safepoint region: Cleanup
[1814.959s][info ][safepoint    ] Leaving safepoint region
[1814.959s][info ][safepoint    ] Total time for which application threads were stopped: 0.0001098 seconds, Stopping threads took: 0.0000406 seconds
[1815.959s][info ][safepoint    ] Application time: 1.0000939 seconds
[1815.959s][info ][safepoint    ] Entering safepoint region: Cleanup
[1815.960s][info ][safepoint    ] Leaving safepoint region
[1815.960s][info ][safepoint    ] Total time for which application threads were stopped: 0.0001214 seconds, Stopping threads took: 0.0000509 seconds
[1816.960s][info ][safepoint    ] Application time: 1.0000827 seconds
[1816.960s][info ][safepoint    ] Entering safepoint region: Cleanup
[1816.960s][info ][safepoint    ] Leaving safepoint region
[1816.960s][info ][safepoint    ] Total time for which application threads were stopped: 0.0001369 seconds, Stopping threads took: 0.0000658 seconds
[1817.155s][info ][safepoint    ] Application time: 0.1952232 seconds
[1817.155s][info ][safepoint    ] Entering safepoint region: GenCollectForAllocation
[1817.155s][info ][gc,start     ] GC(705) Pause Young (Allocation Failure)
[1817.155s][info ][gc,task      ] GC(705) Using 4 workers of 4 for evacuation
[1817.158s][debug][gc,ref       ] GC(705) Skipped phase1 of Reference Processing due to unavailable references
[1817.158s][debug][gc,ref       ] GC(705) Skipped phase2 of Reference Processing due to unavailable references
[1817.158s][debug][gc,ref       ] GC(705) Skipped phase3 of Reference Processing due to unavailable references
[1817.158s][debug][gc,ref       ] GC(705) Skipped phase4 of Reference Processing due to unavailable references
[1817.158s][debug][gc,age       ] GC(705) Desired survivor size 15368192 bytes, new threshold 6 (max threshold 6)
[1817.158s][info ][gc,heap      ] GC(705) ParNew: 242147K->1785K(270336K)
[1817.158s][info ][gc,heap      ] GC(705) CMS: 257488K->257614K(600768K)
[1817.158s][info ][gc,metaspace ] GC(705) Metaspace: 58787K->58787K(1101824K)
[1817.158s][info ][gc           ] GC(705) Pause Young (Allocation Failure) 487M->253M(850M) 2.534ms
[1817.158s][info ][gc,cpu       ] GC(705) User=0.00s Sys=0.01s Real=0.00s
[1817.158s][info ][safepoint    ] Leaving safepoint region
[1817.158s][info ][safepoint    ] Total time for which application threads were stopped: 0.0027345 seconds, Stopping threads took: 0.0000371 seconds
[1818.158s][info ][safepoint    ] Application time: 1.0000811 seconds
[1818.158s][info ][safepoint    ] Entering safepoint region: Cleanup
[1818.158s][info ][safepoint    ] Leaving safepoint region
[1818.158s][info ][safepoint    ] Total time for which application threads were stopped: 0.0000996 seconds, Stopping threads took: 0.0000390 seconds
[1819.158s][info ][safepoint    ] Application time: 1.0001387 seconds
[1819.158s][info ][safepoint    ] Entering safepoint region: Cleanup
[1819.158s][info ][safepoint    ] Leaving safepoint region
[1819.158s][info ][safepoint    ] Total time for which application threads were stopped: 0.0001039 seconds, Stopping threads took: 0.0000394 seconds
[1820.158s][info ][safepoint    ] Application time: 1.0000937 seconds
[1820.158s][info ][safepoint    ] Entering safepoint region: Cleanup
[1820.159s][info ][safepoint    ] Leaving safepoint region
[1820.159s][info ][safepoint    ] Total time for which application threads were stopped: 0.0001123 seconds, Stopping threads took: 0.0000428 seconds
[1820.360s][info ][safepoint    ] Application time: 0.2010604 seconds
[1820.360s][info ][safepoint    ] Entering safepoint region: GenCollectForAllocation
[1820.360s][info ][gc,start     ] GC(706) Pause Young (Allocation Failure)
[1820.360s][info ][gc,task      ] GC(706) Using 4 workers of 4 for evacuation
[1820.363s][debug][gc,ref       ] GC(706) Skipped phase1 of Reference Processing due to unavailable references
[1820.363s][debug][gc,ref       ] GC(706) Skipped phase2 of Reference Processing due to unavailable references
[1820.363s][debug][gc,ref       ] GC(706) Skipped phase3 of Reference Processing due to unavailable references
[1820.363s][debug][gc,ref       ] GC(706) Skipped phase4 of Reference Processing due to unavailable references
[1820.363s][debug][gc,age       ] GC(706) Desired survivor size 15368192 bytes, new threshold 6 (max threshold 6)
[1820.363s][info ][gc,heap      ] GC(706) ParNew: 242105K->1545K(270336K)
[1820.363s][info ][gc,heap      ] GC(706) CMS: 257614K->257645K(600768K)
[1820.363s][info ][gc,metaspace ] GC(706) Metaspace: 58788K->58788K(1101824K)
[1820.363s][info ][gc           ] GC(706) Pause Young (Allocation Failure) 488M->253M(850M) 3.008ms
[1820.363s][info ][gc,cpu       ] GC(706) User=0.02s Sys=0.00s Real=0.01s
[1820.363s][info ][safepoint    ] Leaving safepoint region
[1820.363s][info ][safepoint    ] Total time for which application threads were stopped: 0.0033699 seconds, Stopping threads took: 0.0002077 seconds
[1821.363s][info ][safepoint    ] Application time: 1.0001467 seconds
[1821.367s][info ][safepoint    ] Entering safepoint region: Cleanup
[1821.367s][info ][safepoint    ] Leaving safepoint region
[1821.367s][info ][safepoint    ] Total time for which application threads were stopped: 0.0042511 seconds, Stopping threads took: 0.0041725 seconds
[1822.368s][info ][safepoint    ] Application time: 1.0001059 seconds
[1822.368s][info ][safepoint    ] Entering safepoint region: Cleanup
[1822.368s][info ][safepoint    ] Leaving safepoint region
[1822.368s][info ][safepoint    ] Total time for which application threads were stopped: 0.0001595 seconds, Stopping threads took: 0.0000919 seconds
[1823.368s][info ][safepoint    ] Application time: 1.0001340 seconds
[1823.368s][info ][safepoint    ] Entering safepoint region: Cleanup
[1823.368s][info ][safepoint    ] Leaving safepoint region
[1823.368s][info ][safepoint    ] Total time for which application threads were stopped: 0.0001904 seconds, Stopping threads took: 0.0001069 seconds
[1823.456s][info ][safepoint    ] Application time: 0.0877209 seconds
[1823.456s][info ][safepoint    ] Entering safepoint region: GenCollectForAllocation
[1823.456s][info ][gc,start     ] GC(707) Pause Young (Allocation Failure)
[1823.456s][info ][gc,task      ] GC(707) Using 4 workers of 4 for evacuation
[1823.459s][debug][gc,ref       ] GC(707) Skipped phase1 of Reference Processing due to unavailable references
[1823.459s][debug][gc,ref       ] GC(707) Skipped phase2 of Reference Processing due to unavailable references
[1823.459s][debug][gc,ref       ] GC(707) Skipped phase3 of Reference Processing due to unavailable references
[1823.459s][debug][gc,ref       ] GC(707) Skipped phase4 of Reference Processing due to unavailable references
[1823.459s][debug][gc,age       ] GC(707) Desired survivor size 15368192 bytes, new threshold 6 (max threshold 6)
[1823.459s][info ][gc,heap      ] GC(707) ParNew: 241865K->1780K(270336K)
[1823.459s][info ][gc,heap      ] GC(707) CMS: 257645K->257716K(600768K)
[1823.459s][info ][gc,metaspace ] GC(707) Metaspace: 58788K->58788K(1101824K)
[1823.459s][info ][gc           ] GC(707) Pause Young (Allocation Failure) 487M->253M(850M) 3.318ms
[1823.459s][info ][gc,cpu       ] GC(707) User=0.01s Sys=0.00s Real=0.00s
[1823.459s][info ][safepoint    ] Leaving safepoint region
[1823.459s][info ][safepoint    ] Total time for which application threads were stopped: 0.0035242 seconds, Stopping threads took: 0.0000426 seconds
[1824.460s][info ][safepoint    ] Application time: 1.0001020 seconds
[1824.460s][info ][safepoint    ] Entering safepoint region: Cleanup
[1824.460s][info ][safepoint    ] Leaving safepoint region
[1824.460s][info ][safepoint    ] Total time for which application threads were stopped: 0.0001433 seconds, Stopping threads took: 0.0000751 seconds
[1825.460s][info ][safepoint    ] Application time: 1.0000988 seconds
[1825.460s][info ][safepoint    ] Entering safepoint region: Cleanup
[1825.460s][info ][safepoint    ] Leaving safepoint region
[1825.460s][info ][safepoint    ] Total time for which application threads were stopped: 0.0001840 seconds, Stopping threads took: 0.0000992 seconds
[1826.460s][info ][safepoint    ] Application time: 1.0000993 seconds
[1826.460s][info ][safepoint    ] Entering safepoint region: Cleanup
[1826.460s][info ][safepoint    ] Leaving safepoint region
[1826.460s][info ][safepoint    ] Total time for which application threads were stopped: 0.0001297 seconds, Stopping threads took: 0.0000647 seconds
[1826.606s][info ][safepoint    ] Application time: 0.1452191 seconds
[1826.606s][info ][safepoint    ] Entering safepoint region: GenCollectForAllocation
[1826.606s][info ][gc,start     ] GC(708) Pause Young (Allocation Failure)
[1826.606s][info ][gc,task      ] GC(708) Using 4 workers of 4 for evacuation
[1826.609s][debug][gc,ref       ] GC(708) Skipped phase1 of Reference Processing due to unavailable references
[1826.609s][debug][gc,ref       ] GC(708) Skipped phase2 of Reference Processing due to unavailable references
[1826.609s][debug][gc,ref       ] GC(708) Skipped phase3 of Reference Processing due to unavailable references
[1826.609s][debug][gc,ref       ] GC(708) Skipped phase4 of Reference Processing due to unavailable references
[1826.609s][debug][gc,age       ] GC(708) Desired survivor size 15368192 bytes, new threshold 6 (max threshold 6)
[1826.609s][info ][gc,heap      ] GC(708) ParNew: 242100K->1779K(270336K)
[1826.609s][info ][gc,heap      ] GC(708) CMS: 257716K->257832K(600768K)
[1826.609s][info ][gc,metaspace ] GC(708) Metaspace: 58788K->58788K(1101824K)
[1826.609s][info ][gc           ] GC(708) Pause Young (Allocation Failure) 488M->253M(850M) 2.904ms
[1826.609s][info ][gc,cpu       ] GC(708) User=0.01s Sys=0.00s Real=0.00s
[1826.609s][info ][safepoint    ] Leaving safepoint region
[1826.609s][info ][safepoint    ] Total time for which application threads were stopped: 0.0031670 seconds, Stopping threads took: 0.0001325 seconds
[1827.609s][info ][safepoint    ] Application time: 1.0000956 seconds
[1827.614s][info ][safepoint    ] Entering safepoint region: Cleanup
[1827.614s][info ][safepoint    ] Leaving safepoint region
[1827.614s][info ][safepoint    ] Total time for which application threads were stopped: 0.0054544 seconds, Stopping threads took: 0.0053642 seconds
[1828.615s][info ][safepoint    ] Application time: 1.0001260 seconds
[1828.618s][info ][safepoint    ] Entering safepoint region: Cleanup
[1828.618s][info ][safepoint    ] Leaving safepoint region
[1828.618s][info ][safepoint    ] Total time for which application threads were stopped: 0.0031826 seconds, Stopping threads took: 0.0030906 seconds
[1829.618s][info ][safepoint    ] Application time: 1.0001152 seconds
[1829.618s][info ][safepoint    ] Entering safepoint region: Cleanup
[1829.618s][info ][safepoint    ] Leaving safepoint region
[1829.618s][info ][safepoint    ] Total time for which application threads were stopped: 0.0002236 seconds, Stopping threads took: 0.0001441 seconds
[1829.712s][info ][safepoint    ] Application time: 0.0940878 seconds
[1829.712s][info ][safepoint    ] Entering safepoint region: GenCollectForAllocation
[1829.712s][info ][gc,start     ] GC(709) Pause Young (Allocation Failure)
[1829.712s][info ][gc,task      ] GC(709) Using 4 workers of 4 for evacuation
[1829.716s][debug][gc,ref       ] GC(709) Skipped phase1 of Reference Processing due to unavailable references
[1829.716s][debug][gc,ref       ] GC(709) Skipped phase2 of Reference Processing due to unavailable references
[1829.716s][debug][gc,ref       ] GC(709) Skipped phase3 of Reference Processing due to unavailable references
[1829.716s][debug][gc,ref       ] GC(709) Skipped phase4 of Reference Processing due to unavailable references
[1829.716s][debug][gc,age       ] GC(709) Desired survivor size 15368192 bytes, new threshold 6 (max threshold 6)
[1829.716s][info ][gc,heap      ] GC(709) ParNew: 242099K->1099K(270336K)
[1829.716s][info ][gc,heap      ] GC(709) CMS: 257832K->258792K(600768K)
[1829.716s][info ][gc,metaspace ] GC(709) Metaspace: 58788K->58788K(1101824K)
[1829.716s][info ][gc           ] GC(709) Pause Young (Allocation Failure) 488M->253M(850M) 3.682ms
[1829.716s][info ][gc,cpu       ] GC(709) User=0.01s Sys=0.00s Real=0.00s
[1829.716s][info ][safepoint    ] Leaving safepoint region
[1829.716s][info ][safepoint    ] Total time for which application threads were stopped: 0.0038508 seconds, Stopping threads took: 0.0000189 seconds
[1830.716s][info ][safepoint    ] Application time: 1.0001140 seconds
[1830.716s][info ][safepoint    ] Entering safepoint region: Cleanup
[1830.716s][info ][safepoint    ] Leaving safepoint region
[1830.716s][info ][safepoint    ] Total time for which application threads were stopped: 0.0001382 seconds, Stopping threads took: 0.0000468 seconds
[1831.717s][info ][safepoint    ] Application time: 1.0000941 seconds
[1831.717s][info ][safepoint    ] Entering safepoint region: Cleanup
[1831.717s][info ][safepoint    ] Leaving safepoint region
[1831.717s][info ][safepoint    ] Total time for which application threads were stopped: 0.0001280 seconds, Stopping threads took: 0.0000609 seconds
[1832.717s][info ][safepoint    ] Application time: 1.0000915 seconds
[1832.717s][info ][safepoint    ] Entering safepoint region: Cleanup
[1832.717s][info ][safepoint    ] Leaving safepoint region
[1832.717s][info ][safepoint    ] Total time for which application threads were stopped: 0.0001854 seconds, Stopping threads took: 0.0001041 seconds
[1832.817s][info ][safepoint    ] Application time: 0.1002544 seconds
[1832.817s][info ][safepoint    ] Entering safepoint region: GenCollectForAllocation
[1832.817s][info ][gc,start     ] GC(710) Pause Young (Allocation Failure)
[1832.818s][info ][gc,task      ] GC(710) Using 4 workers of 4 for evacuation
[1832.820s][debug][gc,ref       ] GC(710) Skipped phase1 of Reference Processing due to unavailable references
[1832.820s][debug][gc,ref       ] GC(710) Skipped phase2 of Reference Processing due to unavailable references
[1832.820s][debug][gc,ref       ] GC(710) Skipped phase3 of Reference Processing due to unavailable references
[1832.820s][debug][gc,ref       ] GC(710) Skipped phase4 of Reference Processing due to unavailable references
[1832.820s][debug][gc,age       ] GC(710) Desired survivor size 15368192 bytes, new threshold 6 (max threshold 6)
[1832.820s][info ][gc,heap      ] GC(710) ParNew: 241419K->1093K(270336K)
[1832.820s][info ][gc,heap      ] GC(710) CMS: 258792K->258842K(600768K)
[1832.820s][info ][gc,metaspace ] GC(710) Metaspace: 58798K->58798K(1101824K)
[1832.820s][info ][gc           ] GC(710) Pause Young (Allocation Failure) 488M->253M(850M) 2.993ms
[1832.820s][info ][gc,cpu       ] GC(710) User=0.01s Sys=0.00s Real=0.00s
[1832.821s][info ][safepoint    ] Leaving safepoint region
[1832.821s][info ][safepoint    ] Total time for which application threads were stopped: 0.0032210 seconds, Stopping threads took: 0.0001038 seconds
[1833.821s][info ][safepoint    ] Application time: 1.0000932 seconds
[1833.821s][info ][safepoint    ] Entering safepoint region: Cleanup
[1833.821s][info ][safepoint    ] Leaving safepoint region
[1833.821s][info ][safepoint    ] Total time for which application threads were stopped: 0.0001206 seconds, Stopping threads took: 0.0000482 seconds
[1834.821s][info ][safepoint    ] Application time: 1.0001118 seconds
[1834.821s][info ][safepoint    ] Entering safepoint region: Cleanup
[1834.821s][info ][safepoint    ] Leaving safepoint region
[1834.821s][info ][safepoint    ] Total time for which application threads were stopped: 0.0000726 seconds, Stopping threads took: 0.0000165 seconds
[1835.821s][info ][safepoint    ] Application time: 1.0001049 seconds
[1835.821s][info ][safepoint    ] Entering safepoint region: Cleanup
[1835.821s][info ][safepoint    ] Leaving safepoint region
[1835.821s][info ][safepoint    ] Total time for which application threads were stopped: 0.0002312 seconds, Stopping threads took: 0.0001382 seconds
[1835.965s][info ][safepoint    ] Application time: 0.1439978 seconds
[1835.965s][info ][safepoint    ] Entering safepoint region: GenCollectForAllocation
[1835.966s][info ][gc,start     ] GC(711) Pause Young (Allocation Failure)
[1835.966s][info ][gc,task      ] GC(711) Using 4 workers of 4 for evacuation
[1835.970s][debug][gc,ref       ] GC(711) Skipped phase1 of Reference Processing due to unavailable references
[1835.971s][debug][gc,ref       ] GC(711) Skipped phase2 of Reference Processing due to unavailable references
[1835.971s][debug][gc,ref       ] GC(711) Skipped phase3 of Reference Processing due to unavailable references
[1835.971s][debug][gc,ref       ] GC(711) Skipped phase4 of Reference Processing due to unavailable references
[1835.971s][debug][gc,age       ] GC(711) Desired survivor size 15368192 bytes, new threshold 6 (max threshold 6)
[1835.971s][info ][gc,heap      ] GC(711) ParNew: 241413K->1113K(270336K)
[1835.971s][info ][gc,heap      ] GC(711) CMS: 258842K->258864K(600768K)
[1835.971s][info ][gc,metaspace ] GC(711) Metaspace: 58798K->58798K(1101824K)
[1835.971s][info ][gc           ] GC(711) Pause Young (Allocation Failure) 488M->253M(850M) 5.229ms
[1835.971s][info ][gc,cpu       ] GC(711) User=0.01s Sys=0.00s Real=0.01s
[1835.971s][info ][safepoint    ] Leaving safepoint region
[1835.971s][info ][safepoint    ] Total time for which application threads were stopped: 0.0053933 seconds, Stopping threads took: 0.0000164 seconds
[1836.971s][info ][safepoint    ] Application time: 1.0001048 seconds
[1836.971s][info ][safepoint    ] Entering safepoint region: Cleanup
[1836.971s][info ][safepoint    ] Leaving safepoint region
[1836.971s][info ][safepoint    ] Total time for which application threads were stopped: 0.0000740 seconds, Stopping threads took: 0.0000175 seconds
[1837.971s][info ][safepoint    ] Application time: 1.0000828 seconds
[1837.971s][info ][safepoint    ] Entering safepoint region: Cleanup
[1837.971s][info ][safepoint    ] Leaving safepoint region
[1837.971s][info ][safepoint    ] Total time for which application threads were stopped: 0.0001492 seconds, Stopping threads took: 0.0000702 seconds
[1838.971s][info ][safepoint    ] Application time: 1.0000929 seconds
[1838.971s][info ][safepoint    ] Entering safepoint region: Cleanup
[1838.971s][info ][safepoint    ] Leaving safepoint region
[1838.971s][info ][safepoint    ] Total time for which application threads were stopped: 0.0000763 seconds, Stopping threads took: 0.0000171 seconds
[1839.170s][info ][safepoint    ] Application time: 0.1982736 seconds
[1839.170s][info ][safepoint    ] Entering safepoint region: GenCollectForAllocation
[1839.170s][info ][gc,start     ] GC(712) Pause Young (Allocation Failure)
[1839.170s][info ][gc,task      ] GC(712) Using 4 workers of 4 for evacuation
[1839.182s][debug][gc,ref       ] GC(712) Skipped phase1 of Reference Processing due to unavailable references
[1839.182s][debug][gc,ref       ] GC(712) Skipped phase2 of Reference Processing due to unavailable references
[1839.182s][debug][gc,ref       ] GC(712) Skipped phase3 of Reference Processing due to unavailable references
[1839.182s][debug][gc,ref       ] GC(712) Skipped phase4 of Reference Processing due to unavailable references
[1839.182s][debug][gc,age       ] GC(712) Desired survivor size 15368192 bytes, new threshold 6 (max threshold 6)
[1839.182s][info ][gc,heap      ] GC(712) ParNew: 241433K->953K(270336K)
[1839.182s][info ][gc,heap      ] GC(712) CMS: 258864K->258940K(600768K)
[1839.182s][info ][gc,metaspace ] GC(712) Metaspace: 58798K->58798K(1101824K)
[1839.182s][info ][gc           ] GC(712) Pause Young (Allocation Failure) 488M->253M(850M) 12.469ms
[1839.182s][info ][gc,cpu       ] GC(712) User=0.01s Sys=0.00s Real=0.02s
[1839.182s][info ][safepoint    ] Leaving safepoint region
[1839.182s][info ][safepoint    ] Total time for which application threads were stopped: 0.0126246 seconds, Stopping threads took: 0.0000167 seconds
[1840.183s][info ][safepoint    ] Application time: 1.0001200 seconds
[1840.183s][info ][safepoint    ] Entering safepoint region: Cleanup
[1840.183s][info ][safepoint    ] Leaving safepoint region
[1840.183s][info ][safepoint    ] Total time for which application threads were stopped: 0.0001048 seconds, Stopping threads took: 0.0000233 seconds
[1841.183s][info ][safepoint    ] Application time: 1.0000902 seconds
[1841.183s][info ][safepoint    ] Entering safepoint region: Cleanup
[1841.183s][info ][safepoint    ] Leaving safepoint region
[1841.183s][info ][safepoint    ] Total time for which application threads were stopped: 0.0001269 seconds, Stopping threads took: 0.0000677 seconds
[1842.183s][info ][safepoint    ] Application time: 1.0001473 seconds
[1842.184s][info ][safepoint    ] Entering safepoint region: Cleanup
[1842.184s][info ][safepoint    ] Leaving safepoint region
[1842.184s][info ][safepoint    ] Total time for which application threads were stopped: 0.0004696 seconds, Stopping threads took: 0.0003792 seconds
[1842.356s][info ][safepoint    ] Application time: 0.1720407 seconds
[1842.356s][info ][safepoint    ] Entering safepoint region: GenCollectForAllocation
[1842.356s][info ][gc,start     ] GC(713) Pause Young (Allocation Failure)
[1842.356s][info ][gc,task      ] GC(713) Using 4 workers of 4 for evacuation
[1842.359s][debug][gc,ref       ] GC(713) Skipped phase1 of Reference Processing due to unavailable references
[1842.359s][debug][gc,ref       ] GC(713) Skipped phase2 of Reference Processing due to unavailable references
[1842.359s][debug][gc,ref       ] GC(713) Skipped phase3 of Reference Processing due to unavailable references
[1842.359s][debug][gc,ref       ] GC(713) Skipped phase4 of Reference Processing due to unavailable references
[1842.359s][debug][gc,age       ] GC(713) Desired survivor size 15368192 bytes, new threshold 6 (max threshold 6)
[1842.359s][info ][gc,heap      ] GC(713) ParNew: 241273K->861K(270336K)
[1842.359s][info ][gc,heap      ] GC(713) CMS: 258940K->259125K(600768K)
[1842.359s][info ][gc,metaspace ] GC(713) Metaspace: 58799K->58799K(1101824K)
[1842.359s][info ][gc           ] GC(713) Pause Young (Allocation Failure) 488M->253M(850M) 3.258ms
[1842.359s][info ][gc,cpu       ] GC(713) User=0.01s Sys=0.00s Real=0.00s
[1842.359s][info ][safepoint    ] Leaving safepoint region
[1842.359s][info ][safepoint    ] Total time for which application threads were stopped: 0.0035631 seconds, Stopping threads took: 0.0000486 seconds
[1843.359s][info ][safepoint    ] Application time: 1.0001360 seconds
[1843.359s][info ][safepoint    ] Entering safepoint region: Cleanup
[1843.360s][info ][safepoint    ] Leaving safepoint region
[1843.360s][info ][safepoint    ] Total time for which application threads were stopped: 0.0001211 seconds, Stopping threads took: 0.0000530 seconds
[1844.360s][info ][safepoint    ] Application time: 1.0000965 seconds
[1844.360s][info ][safepoint    ] Entering safepoint region: Cleanup
[1844.360s][info ][safepoint    ] Leaving safepoint region
[1844.360s][info ][safepoint    ] Total time for which application threads were stopped: 0.0001093 seconds, Stopping threads took: 0.0000405 seconds
[1845.360s][info ][safepoint    ] Application time: 1.0001024 seconds
[1845.360s][info ][safepoint    ] Entering safepoint region: Cleanup
[1845.360s][info ][safepoint    ] Leaving safepoint region
[1845.360s][info ][safepoint    ] Total time for which application threads were stopped: 0.0001458 seconds, Stopping threads took: 0.0000448 seconds
[1845.558s][info ][safepoint    ] Application time: 0.1983747 seconds
[1845.559s][info ][safepoint    ] Entering safepoint region: GenCollectForAllocation
[1845.559s][info ][gc,start     ] GC(714) Pause Young (Allocation Failure)
[1845.559s][info ][gc,task      ] GC(714) Using 4 workers of 4 for evacuation
[1845.573s][debug][gc,ref       ] GC(714) Skipped phase1 of Reference Processing due to unavailable references
[1845.573s][debug][gc,ref       ] GC(714) Skipped phase2 of Reference Processing due to unavailable references
[1845.573s][debug][gc,ref       ] GC(714) Skipped phase3 of Reference Processing due to unavailable references
[1845.573s][debug][gc,ref       ] GC(714) Skipped phase4 of Reference Processing due to unavailable references
[1845.573s][debug][gc,age       ] GC(714) Desired survivor size 15368192 bytes, new threshold 6 (max threshold 6)
[1845.573s][info ][gc,heap      ] GC(714) ParNew: 241181K->717K(270336K)
[1845.573s][info ][gc,heap      ] GC(714) CMS: 259125K->259250K(600768K)
[1845.573s][info ][gc,metaspace ] GC(714) Metaspace: 58799K->58799K(1101824K)
[1845.573s][info ][gc           ] GC(714) Pause Young (Allocation Failure) 488M->253M(850M) 14.442ms
[1845.573s][info ][gc,cpu       ] GC(714) User=0.01s Sys=0.00s Real=0.02s
[1845.573s][info ][safepoint    ] Leaving safepoint region
[1845.573s][info ][safepoint    ] Total time for which application threads were stopped: 0.0146464 seconds, Stopping threads took: 0.0000612 seconds
[1846.573s][info ][safepoint    ] Application time: 1.0001628 seconds
[1846.574s][info ][safepoint    ] Entering safepoint region: Cleanup
[1846.574s][info ][safepoint    ] Leaving safepoint region
[1846.574s][info ][safepoint    ] Total time for which application threads were stopped: 0.0003004 seconds, Stopping threads took: 0.0002036 seconds
[1847.574s][info ][safepoint    ] Application time: 1.0001128 seconds
[1847.574s][info ][safepoint    ] Entering safepoint region: Cleanup
[1847.574s][info ][safepoint    ] Leaving safepoint region
[1847.574s][info ][safepoint    ] Total time for which application threads were stopped: 0.0004807 seconds, Stopping threads took: 0.0001246 seconds
[1848.574s][info ][safepoint    ] Application time: 1.0000923 seconds
[1848.574s][info ][safepoint    ] Entering safepoint region: Cleanup
[1848.575s][info ][safepoint    ] Leaving safepoint region
[1848.575s][info ][safepoint    ] Total time for which application threads were stopped: 0.0001164 seconds, Stopping threads took: 0.0000433 seconds
[1848.659s][info ][safepoint    ] Application time: 0.0839778 seconds
[1848.659s][info ][safepoint    ] Entering safepoint region: GenCollectForAllocation
[1848.659s][info ][gc,start     ] GC(715) Pause Young (Allocation Failure)
[1848.659s][info ][gc,task      ] GC(715) Using 4 workers of 4 for evacuation
[1848.661s][debug][gc,ref       ] GC(715) Skipped phase1 of Reference Processing due to unavailable references
[1848.661s][debug][gc,ref       ] GC(715) Skipped phase2 of Reference Processing due to unavailable references
[1848.661s][debug][gc,ref       ] GC(715) Skipped phase3 of Reference Processing due to unavailable references
[1848.661s][debug][gc,ref       ] GC(715) Skipped phase4 of Reference Processing due to unavailable references
[1848.661s][debug][gc,age       ] GC(715) Desired survivor size 15368192 bytes, new threshold 6 (max threshold 6)
[1848.661s][info ][gc,heap      ] GC(715) ParNew: 241037K->727K(270336K)
[1848.661s][info ][gc,heap      ] GC(715) CMS: 259250K->259379K(600768K)
[1848.661s][info ][gc,metaspace ] GC(715) Metaspace: 58799K->58799K(1101824K)
[1848.661s][info ][gc           ] GC(715) Pause Young (Allocation Failure) 488M->254M(850M) 2.653ms
[1848.661s][info ][gc,cpu       ] GC(715) User=0.01s Sys=0.00s Real=0.00s
[1848.661s][info ][safepoint    ] Leaving safepoint region
[1848.661s][info ][safepoint    ] Total time for which application threads were stopped: 0.0028323 seconds, Stopping threads took: 0.0000324 seconds
[1849.662s][info ][safepoint    ] Application time: 1.0001582 seconds
[1849.662s][info ][safepoint    ] Entering safepoint region: Cleanup
[1849.662s][info ][safepoint    ] Leaving safepoint region
[1849.662s][info ][safepoint    ] Total time for which application threads were stopped: 0.0003762 seconds, Stopping threads took: 0.0001934 seconds
[1850.662s][info ][safepoint    ] Application time: 1.0001170 seconds
[1850.662s][info ][safepoint    ] Entering safepoint region: Cleanup
[1850.662s][info ][safepoint    ] Leaving safepoint region
[1850.662s][info ][safepoint    ] Total time for which application threads were stopped: 0.0001855 seconds, Stopping threads took: 0.0000999 seconds
[1851.662s][info ][safepoint    ] Application time: 1.0000966 seconds
[1851.663s][info ][safepoint    ] Entering safepoint region: Cleanup
[1851.663s][info ][safepoint    ] Leaving safepoint region
[1851.663s][info ][safepoint    ] Total time for which application threads were stopped: 0.0001975 seconds, Stopping threads took: 0.0001052 seconds
[1851.860s][info ][safepoint    ] Application time: 0.1968334 seconds
[1851.860s][info ][safepoint    ] Entering safepoint region: GenCollectForAllocation
[1851.860s][info ][gc,start     ] GC(716) Pause Young (Allocation Failure)
[1851.860s][info ][gc,task      ] GC(716) Using 4 workers of 4 for evacuation
[1851.862s][debug][gc,ref       ] GC(716) Skipped phase1 of Reference Processing due to unavailable references
[1851.862s][debug][gc,ref       ] GC(716) Skipped phase2 of Reference Processing due to unavailable references
[1851.862s][debug][gc,ref       ] GC(716) Skipped phase3 of Reference Processing due to unavailable references
[1851.862s][debug][gc,ref       ] GC(716) Skipped phase4 of Reference Processing due to unavailable references
[1851.863s][debug][gc,age       ] GC(716) Desired survivor size 15368192 bytes, new threshold 6 (max threshold 6)
[1851.863s][info ][gc,heap      ] GC(716) ParNew: 241047K->721K(270336K)
[1851.863s][info ][gc,heap      ] GC(716) CMS: 259379K->259408K(600768K)
[1851.863s][info ][gc,metaspace ] GC(716) Metaspace: 58799K->58799K(1101824K)
[1851.863s][info ][gc           ] GC(716) Pause Young (Allocation Failure) 488M->254M(850M) 2.846ms
[1851.863s][info ][gc,cpu       ] GC(716) User=0.01s Sys=0.00s Real=0.01s
[1851.863s][info ][safepoint    ] Leaving safepoint region
[1851.863s][info ][safepoint    ] Total time for which application threads were stopped: 0.0031024 seconds, Stopping threads took: 0.0000344 seconds
[1852.863s][info ][safepoint    ] Application time: 1.0001143 seconds
[1852.863s][info ][safepoint    ] Entering safepoint region: Cleanup
[1852.863s][info ][safepoint    ] Leaving safepoint region
[1852.863s][info ][safepoint    ] Total time for which application threads were stopped: 0.0001553 seconds, Stopping threads took: 0.0000844 seconds
[1853.863s][info ][safepoint    ] Application time: 1.0000951 seconds
[1853.863s][info ][safepoint    ] Entering safepoint region: Cleanup
[1853.863s][info ][safepoint    ] Leaving safepoint region
[1853.863s][info ][safepoint    ] Total time for which application threads were stopped: 0.0001475 seconds, Stopping threads took: 0.0000768 seconds
[1854.863s][info ][safepoint    ] Application time: 1.0001291 seconds
[1854.864s][info ][safepoint    ] Entering safepoint region: Cleanup
[1854.864s][info ][safepoint    ] Leaving safepoint region
[1854.864s][info ][safepoint    ] Total time for which application threads were stopped: 0.0001143 seconds, Stopping threads took: 0.0000454 seconds
[1855.107s][info ][safepoint    ] Application time: 0.2434031 seconds
[1855.107s][info ][safepoint    ] Entering safepoint region: GenCollectForAllocation
[1855.107s][info ][gc,start     ] GC(717) Pause Young (Allocation Failure)
[1855.107s][info ][gc,task      ] GC(717) Using 4 workers of 4 for evacuation
[1855.110s][debug][gc,ref       ] GC(717) Skipped phase1 of Reference Processing due to unavailable references
[1855.110s][debug][gc,ref       ] GC(717) Skipped phase2 of Reference Processing due to unavailable references
[1855.110s][debug][gc,ref       ] GC(717) Skipped phase3 of Reference Processing due to unavailable references
[1855.110s][debug][gc,ref       ] GC(717) Skipped phase4 of Reference Processing due to unavailable references
[1855.110s][debug][gc,age       ] GC(717) Desired survivor size 15368192 bytes, new threshold 6 (max threshold 6)
[1855.110s][info ][gc,heap      ] GC(717) ParNew: 241041K->746K(270336K)
[1855.110s][info ][gc,heap      ] GC(717) CMS: 259408K->259499K(600768K)
[1855.110s][info ][gc,metaspace ] GC(717) Metaspace: 58799K->58799K(1101824K)
[1855.110s][info ][gc           ] GC(717) Pause Young (Allocation Failure) 488M->254M(850M) 2.630ms
[1855.110s][info ][gc,cpu       ] GC(717) User=0.01s Sys=0.00s Real=0.00s
[1855.110s][info ][safepoint    ] Leaving safepoint region
[1855.110s][info ][safepoint    ] Total time for which application threads were stopped: 0.0027899 seconds, Stopping threads took: 0.0000162 seconds
[1856.110s][info ][safepoint    ] Application time: 1.0001056 seconds
[1856.110s][info ][safepoint    ] Entering safepoint region: Cleanup
[1856.110s][info ][safepoint    ] Leaving safepoint region
[1856.110s][info ][safepoint    ] Total time for which application threads were stopped: 0.0001426 seconds, Stopping threads took: 0.0000523 seconds
[1857.110s][info ][safepoint    ] Application time: 1.0000982 seconds
[1857.110s][info ][safepoint    ] Entering safepoint region: Cleanup
[1857.110s][info ][safepoint    ] Leaving safepoint region
[1857.110s][info ][safepoint    ] Total time for which application threads were stopped: 0.0001441 seconds, Stopping threads took: 0.0000663 seconds
[1858.110s][info ][safepoint    ] Application time: 1.0000862 seconds
[1858.111s][info ][safepoint    ] Entering safepoint region: Cleanup
[1858.111s][info ][safepoint    ] Leaving safepoint region
[1858.111s][info ][safepoint    ] Total time for which application threads were stopped: 0.0001163 seconds, Stopping threads took: 0.0000459 seconds
[1858.210s][info ][safepoint    ] Application time: 0.0993040 seconds
[1858.210s][info ][safepoint    ] Entering safepoint region: GenCollectForAllocation
[1858.210s][info ][gc,start     ] GC(718) Pause Young (Allocation Failure)
[1858.210s][info ][gc,task      ] GC(718) Using 4 workers of 4 for evacuation
[1858.212s][debug][gc,ref       ] GC(718) Skipped phase1 of Reference Processing due to unavailable references
[1858.212s][debug][gc,ref       ] GC(718) Skipped phase2 of Reference Processing due to unavailable references
[1858.212s][debug][gc,ref       ] GC(718) Skipped phase3 of Reference Processing due to unavailable references
[1858.212s][debug][gc,ref       ] GC(718) Skipped phase4 of Reference Processing due to unavailable references
[1858.213s][debug][gc,age       ] GC(718) Desired survivor size 15368192 bytes, new threshold 6 (max threshold 6)
[1858.213s][info ][gc,heap      ] GC(718) ParNew: 241066K->946K(270336K)
[1858.213s][info ][gc,heap      ] GC(718) CMS: 259499K->259515K(600768K)
[1858.213s][info ][gc,metaspace ] GC(718) Metaspace: 58799K->58799K(1101824K)
[1858.213s][info ][gc           ] GC(718) Pause Young (Allocation Failure) 488M->254M(850M) 2.417ms
[1858.213s][info ][gc,cpu       ] GC(718) User=0.01s Sys=0.00s Real=0.00s
[1858.213s][info ][safepoint    ] Leaving safepoint region
[1858.213s][info ][safepoint    ] Total time for which application threads were stopped: 0.0026040 seconds, Stopping threads took: 0.0000158 seconds
[1859.213s][info ][safepoint    ] Application time: 1.0000952 seconds
[1859.213s][info ][safepoint    ] Entering safepoint region: Cleanup
[1859.213s][info ][safepoint    ] Leaving safepoint region
[1859.213s][info ][safepoint    ] Total time for which application threads were stopped: 0.0001337 seconds, Stopping threads took: 0.0000596 seconds
[1860.213s][info ][safepoint    ] Application time: 1.0001062 seconds
[1860.213s][info ][safepoint    ] Entering safepoint region: Cleanup
[1860.213s][info ][safepoint    ] Leaving safepoint region
[1860.213s][info ][safepoint    ] Total time for which application threads were stopped: 0.0001613 seconds, Stopping threads took: 0.0000498 seconds
[1861.213s][info ][safepoint    ] Application time: 1.0000929 seconds
[1861.213s][info ][safepoint    ] Entering safepoint region: Cleanup
[1861.214s][info ][safepoint    ] Leaving safepoint region
[1861.214s][info ][safepoint    ] Total time for which application threads were stopped: 0.0001079 seconds, Stopping threads took: 0.0000433 seconds
[1861.361s][info ][safepoint    ] Application time: 0.1469717 seconds
[1861.361s][info ][safepoint    ] Entering safepoint region: GenCollectForAllocation
[1861.361s][info ][gc,start     ] GC(719) Pause Young (Allocation Failure)
[1861.361s][info ][gc,task      ] GC(719) Using 4 workers of 4 for evacuation
[1861.363s][debug][gc,ref       ] GC(719) Skipped phase1 of Reference Processing due to unavailable references
[1861.363s][debug][gc,ref       ] GC(719) Skipped phase2 of Reference Processing due to unavailable references
[1861.363s][debug][gc,ref       ] GC(719) Skipped phase3 of Reference Processing due to unavailable references
[1861.363s][debug][gc,ref       ] GC(719) Skipped phase4 of Reference Processing due to unavailable references
[1861.363s][debug][gc,age       ] GC(719) Desired survivor size 15368192 bytes, new threshold 6 (max threshold 6)
[1861.364s][info ][gc,heap      ] GC(719) ParNew: 241266K->799K(270336K)
[1861.364s][info ][gc,heap      ] GC(719) CMS: 259515K->259585K(600768K)
[1861.364s][info ][gc,metaspace ] GC(719) Metaspace: 58799K->58799K(1101824K)
[1861.364s][info ][gc           ] GC(719) Pause Young (Allocation Failure) 489M->254M(850M) 2.890ms
[1861.364s][info ][gc,cpu       ] GC(719) User=0.01s Sys=0.00s Real=0.01s
[1861.364s][info ][safepoint    ] Leaving safepoint region
[1861.364s][info ][safepoint    ] Total time for which application threads were stopped: 0.0030408 seconds, Stopping threads took: 0.0000170 seconds
[1862.364s][info ][safepoint    ] Application time: 1.0001191 seconds
[1862.364s][info ][safepoint    ] Entering safepoint region: Cleanup
[1862.364s][info ][safepoint    ] Leaving safepoint region
[1862.364s][info ][safepoint    ] Total time for which application threads were stopped: 0.0001941 seconds, Stopping threads took: 0.0000524 seconds
[1863.364s][info ][safepoint    ] Application time: 1.0000907 seconds
[1863.367s][info ][safepoint    ] Entering safepoint region: Cleanup
[1863.367s][info ][safepoint    ] Leaving safepoint region
[1863.367s][info ][safepoint    ] Total time for which application threads were stopped: 0.0031584 seconds, Stopping threads took: 0.0029969 seconds
[1864.367s][info ][safepoint    ] Application time: 1.0000897 seconds
[1864.367s][info ][safepoint    ] Entering safepoint region: Cleanup
[1864.368s][info ][safepoint    ] Leaving safepoint region
[1864.368s][info ][safepoint    ] Total time for which application threads were stopped: 0.0002076 seconds, Stopping threads took: 0.0001332 seconds
[1864.562s][info ][safepoint    ] Application time: 0.1943782 seconds
[1864.562s][info ][safepoint    ] Entering safepoint region: GenCollectForAllocation
[1864.562s][info ][gc,start     ] GC(720) Pause Young (Allocation Failure)
[1864.562s][info ][gc,task      ] GC(720) Using 4 workers of 4 for evacuation
[1864.565s][debug][gc,ref       ] GC(720) Skipped phase1 of Reference Processing due to unavailable references
[1864.565s][debug][gc,ref       ] GC(720) Skipped phase2 of Reference Processing due to unavailable references
[1864.565s][debug][gc,ref       ] GC(720) Skipped phase3 of Reference Processing due to unavailable references
[1864.565s][debug][gc,ref       ] GC(720) Skipped phase4 of Reference Processing due to unavailable references
[1864.565s][debug][gc,age       ] GC(720) Desired survivor size 15368192 bytes, new threshold 6 (max threshold 6)
[1864.565s][info ][gc,heap      ] GC(720) ParNew: 241119K->910K(270336K)
[1864.565s][info ][gc,heap      ] GC(720) CMS: 259585K->259613K(600768K)
[1864.565s][info ][gc,metaspace ] GC(720) Metaspace: 58799K->58799K(1101824K)
[1864.565s][info ][gc           ] GC(720) Pause Young (Allocation Failure) 488M->254M(850M) 2.593ms
[1864.565s][info ][gc,cpu       ] GC(720) User=0.01s Sys=0.00s Real=0.00s
[1864.565s][info ][safepoint    ] Leaving safepoint region
[1864.565s][info ][safepoint    ] Total time for which application threads were stopped: 0.0028016 seconds, Stopping threads took: 0.0000423 seconds
[1865.565s][info ][safepoint    ] Application time: 1.0000989 seconds
[1865.565s][info ][safepoint    ] Entering safepoint region: Cleanup
[1865.565s][info ][safepoint    ] Leaving safepoint region
[1865.565s][info ][safepoint    ] Total time for which application threads were stopped: 0.0001364 seconds, Stopping threads took: 0.0000675 seconds
[1866.565s][info ][safepoint    ] Application time: 1.0000896 seconds
[1866.565s][info ][safepoint    ] Entering safepoint region: Cleanup
[1866.565s][info ][safepoint    ] Leaving safepoint region
[1866.565s][info ][safepoint    ] Total time for which application threads were stopped: 0.0001036 seconds, Stopping threads took: 0.0000397 seconds
[1867.565s][info ][safepoint    ] Application time: 1.0000871 seconds
[1867.565s][info ][safepoint    ] Entering safepoint region: Cleanup
[1867.566s][info ][safepoint    ] Leaving safepoint region
[1867.566s][info ][safepoint    ] Total time for which application threads were stopped: 0.0001214 seconds, Stopping threads took: 0.0000403 seconds
[1867.755s][info ][safepoint    ] Application time: 0.1895265 seconds
[1867.755s][info ][safepoint    ] Entering safepoint region: GenCollectForAllocation
[1867.755s][info ][gc,start     ] GC(721) Pause Young (Allocation Failure)
[1867.755s][info ][gc,task      ] GC(721) Using 4 workers of 4 for evacuation
[1867.758s][debug][gc,ref       ] GC(721) Skipped phase1 of Reference Processing due to unavailable references
[1867.758s][debug][gc,ref       ] GC(721) Skipped phase2 of Reference Processing due to unavailable references
[1867.758s][debug][gc,ref       ] GC(721) Skipped phase3 of Reference Processing due to unavailable references
[1867.758s][debug][gc,ref       ] GC(721) Skipped phase4 of Reference Processing due to unavailable references
[1867.758s][debug][gc,age       ] GC(721) Desired survivor size 15368192 bytes, new threshold 6 (max threshold 6)
[1867.758s][info ][gc,heap      ] GC(721) ParNew: 241230K->1326K(270336K)
[1867.758s][info ][gc,heap      ] GC(721) CMS: 259613K->259746K(600768K)
[1867.758s][info ][gc,metaspace ] GC(721) Metaspace: 58799K->58799K(1101824K)
[1867.758s][info ][gc           ] GC(721) Pause Young (Allocation Failure) 489M->254M(850M) 2.989ms
[1867.758s][info ][gc,cpu       ] GC(721) User=0.01s Sys=0.01s Real=0.00s
[1867.758s][info ][safepoint    ] Leaving safepoint region
[1867.758s][info ][safepoint    ] Total time for which application threads were stopped: 0.0031810 seconds, Stopping threads took: 0.0000394 seconds
[1868.758s][info ][safepoint    ] Application time: 1.0001301 seconds
[1868.758s][info ][safepoint    ] Entering safepoint region: Cleanup
[1868.759s][info ][safepoint    ] Leaving safepoint region
[1868.759s][info ][safepoint    ] Total time for which application threads were stopped: 0.0001101 seconds, Stopping threads took: 0.0000413 seconds
[1869.759s][info ][safepoint    ] Application time: 1.0001064 seconds
[1869.759s][info ][safepoint    ] Entering safepoint region: Cleanup
[1869.759s][info ][safepoint    ] Leaving safepoint region
[1869.759s][info ][safepoint    ] Total time for which application threads were stopped: 0.0001357 seconds, Stopping threads took: 0.0000574 seconds
[1870.759s][info ][safepoint    ] Application time: 1.0001872 seconds
[1870.759s][info ][safepoint    ] Entering safepoint region: Cleanup
[1870.759s][info ][safepoint    ] Leaving safepoint region
[1870.759s][info ][safepoint    ] Total time for which application threads were stopped: 0.0001378 seconds, Stopping threads took: 0.0000381 seconds
[1870.916s][info ][safepoint    ] Application time: 0.1570819 seconds
[1870.916s][info ][safepoint    ] Entering safepoint region: GenCollectForAllocation
[1870.917s][info ][gc,start     ] GC(722) Pause Young (Allocation Failure)
[1870.917s][info ][gc,task      ] GC(722) Using 4 workers of 4 for evacuation
[1870.919s][debug][gc,ref       ] GC(722) Skipped phase1 of Reference Processing due to unavailable references
[1870.919s][debug][gc,ref       ] GC(722) Skipped phase2 of Reference Processing due to unavailable references
[1870.919s][debug][gc,ref       ] GC(722) Skipped phase3 of Reference Processing due to unavailable references
[1870.919s][debug][gc,ref       ] GC(722) Skipped phase4 of Reference Processing due to unavailable references
[1870.919s][debug][gc,age       ] GC(722) Desired survivor size 15368192 bytes, new threshold 6 (max threshold 6)
[1870.919s][info ][gc,heap      ] GC(722) ParNew: 241646K->1105K(270336K)
[1870.919s][info ][gc,heap      ] GC(722) CMS: 259746K->259800K(600768K)
[1870.919s][info ][gc,metaspace ] GC(722) Metaspace: 58799K->58799K(1101824K)
[1870.919s][info ][gc           ] GC(722) Pause Young (Allocation Failure) 489M->254M(850M) 2.947ms
[1870.919s][info ][gc,cpu       ] GC(722) User=0.01s Sys=0.00s Real=0.00s
[1870.920s][info ][safepoint    ] Leaving safepoint region
[1870.920s][info ][safepoint    ] Total time for which application threads were stopped: 0.0031590 seconds, Stopping threads took: 0.0000621 seconds
[1871.920s][info ][safepoint    ] Application time: 1.0001623 seconds
[1871.920s][info ][safepoint    ] Entering safepoint region: Cleanup
[1871.920s][info ][safepoint    ] Leaving safepoint region
[1871.920s][info ][safepoint    ] Total time for which application threads were stopped: 0.0001483 seconds, Stopping threads took: 0.0000756 seconds
[1872.920s][info ][safepoint    ] Application time: 1.0000499 seconds
[1872.920s][info ][safepoint    ] Entering safepoint region: Cleanup
[1872.920s][info ][safepoint    ] Leaving safepoint region
[1872.920s][info ][safepoint    ] Total time for which application threads were stopped: 0.0002101 seconds, Stopping threads took: 0.0001091 seconds
[1873.920s][info ][safepoint    ] Application time: 1.0001075 seconds
[1873.920s][info ][safepoint    ] Entering safepoint region: Cleanup
[1873.921s][info ][safepoint    ] Leaving safepoint region
[1873.921s][info ][safepoint    ] Total time for which application threads were stopped: 0.0002384 seconds, Stopping threads took: 0.0001026 seconds
[1874.205s][info ][safepoint    ] Application time: 0.2848810 seconds
[1874.206s][info ][safepoint    ] Entering safepoint region: GenCollectForAllocation
[1874.206s][info ][gc,start     ] GC(723) Pause Young (Allocation Failure)
[1874.206s][info ][gc,task      ] GC(723) Using 4 workers of 4 for evacuation
[1874.214s][debug][gc,ref       ] GC(723) Skipped phase1 of Reference Processing due to unavailable references
[1874.214s][debug][gc,ref       ] GC(723) Skipped phase2 of Reference Processing due to unavailable references
[1874.214s][debug][gc,ref       ] GC(723) Skipped phase3 of Reference Processing due to unavailable references
[1874.214s][debug][gc,ref       ] GC(723) Skipped phase4 of Reference Processing due to unavailable references
[1874.214s][debug][gc,age       ] GC(723) Desired survivor size 15368192 bytes, new threshold 6 (max threshold 6)
[1874.214s][info ][gc,heap      ] GC(723) ParNew: 241425K->1053K(270336K)
[1874.214s][info ][gc,heap      ] GC(723) CMS: 259800K->259940K(600768K)
[1874.214s][info ][gc,metaspace ] GC(723) Metaspace: 58799K->58799K(1101824K)
[1874.214s][info ][gc           ] GC(723) Pause Young (Allocation Failure) 489M->254M(850M) 8.705ms
[1874.214s][info ][gc,cpu       ] GC(723) User=0.01s Sys=0.00s Real=0.01s
[1874.214s][info ][safepoint    ] Leaving safepoint region
[1874.214s][info ][safepoint    ] Total time for which application threads were stopped: 0.0089546 seconds, Stopping threads took: 0.0000983 seconds
[1875.215s][info ][safepoint    ] Application time: 1.0001645 seconds
[1875.215s][info ][safepoint    ] Entering safepoint region: Cleanup
[1875.215s][info ][safepoint    ] Leaving safepoint region
[1875.215s][info ][safepoint    ] Total time for which application threads were stopped: 0.0001642 seconds, Stopping threads took: 0.0000506 seconds
[1876.215s][info ][safepoint    ] Application time: 1.0001011 seconds
[1876.215s][info ][safepoint    ] Entering safepoint region: Cleanup
[1876.215s][info ][safepoint    ] Leaving safepoint region
[1876.215s][info ][safepoint    ] Total time for which application threads were stopped: 0.0001767 seconds, Stopping threads took: 0.0000757 seconds
[1877.216s][info ][safepoint    ] Application time: 1.0000994 seconds
[1877.216s][info ][safepoint    ] Entering safepoint region: Cleanup
[1877.216s][info ][safepoint    ] Leaving safepoint region
[1877.216s][info ][safepoint    ] Total time for which application threads were stopped: 0.0002228 seconds, Stopping threads took: 0.0001137 seconds
[1877.365s][info ][safepoint    ] Application time: 0.1495390 seconds
[1877.365s][info ][safepoint    ] Entering safepoint region: GenCollectForAllocation
[1877.366s][info ][gc,start     ] GC(724) Pause Young (Allocation Failure)
[1877.366s][info ][gc,task      ] GC(724) Using 4 workers of 4 for evacuation
[1877.368s][debug][gc,ref       ] GC(724) Skipped phase1 of Reference Processing due to unavailable references
[1877.368s][debug][gc,ref       ] GC(724) Skipped phase2 of Reference Processing due to unavailable references
[1877.368s][debug][gc,ref       ] GC(724) Skipped phase3 of Reference Processing due to unavailable references
[1877.368s][debug][gc,ref       ] GC(724) Skipped phase4 of Reference Processing due to unavailable references
[1877.369s][debug][gc,age       ] GC(724) Desired survivor size 15368192 bytes, new threshold 6 (max threshold 6)
[1877.369s][info ][gc,heap      ] GC(724) ParNew: 241373K->1046K(270336K)
[1877.369s][info ][gc,heap      ] GC(724) CMS: 259940K->260057K(600768K)
[1877.369s][info ][gc,metaspace ] GC(724) Metaspace: 58800K->58800K(1101824K)
[1877.369s][info ][gc           ] GC(724) Pause Young (Allocation Failure) 489M->254M(850M) 3.107ms
[1877.369s][info ][gc,cpu       ] GC(724) User=0.01s Sys=0.00s Real=0.00s
[1877.369s][info ][safepoint    ] Leaving safepoint region
[1877.369s][info ][safepoint    ] Total time for which application threads were stopped: 0.0032762 seconds, Stopping threads took: 0.0000165 seconds
[1878.369s][info ][safepoint    ] Application time: 1.0000979 seconds
[1878.369s][info ][safepoint    ] Entering safepoint region: Cleanup
[1878.369s][info ][safepoint    ] Leaving safepoint region
[1878.369s][info ][safepoint    ] Total time for which application threads were stopped: 0.0001877 seconds, Stopping threads took: 0.0000836 seconds
[1879.369s][info ][safepoint    ] Application time: 1.0001051 seconds
[1879.369s][info ][safepoint    ] Entering safepoint region: Cleanup
[1879.369s][info ][safepoint    ] Leaving safepoint region
[1879.369s][info ][safepoint    ] Total time for which application threads were stopped: 0.0001660 seconds, Stopping threads took: 0.0000785 seconds
[1880.007s][info ][safepoint    ] Application time: 0.6378527 seconds
[1880.007s][info ][safepoint    ] Entering safepoint region: GenCollectForAllocation
[1880.008s][info ][gc,start     ] GC(725) Pause Young (Allocation Failure)
[1880.008s][info ][gc,task      ] GC(725) Using 4 workers of 4 for evacuation
[1880.014s][debug][gc,ref       ] GC(725) Skipped phase1 of Reference Processing due to unavailable references
[1880.014s][debug][gc,ref       ] GC(725) Skipped phase2 of Reference Processing due to unavailable references
[1880.014s][debug][gc,ref       ] GC(725) Skipped phase3 of Reference Processing due to unavailable references
[1880.014s][debug][gc,ref       ] GC(725) Skipped phase4 of Reference Processing due to unavailable references
[1880.015s][debug][gc,age       ] GC(725) Desired survivor size 15368192 bytes, new threshold 6 (max threshold 6)
[1880.015s][info ][gc,heap      ] GC(725) ParNew: 241366K->1481K(270336K)
[1880.015s][info ][gc,heap      ] GC(725) CMS: 260057K->260084K(600768K)
[1880.015s][info ][gc,metaspace ] GC(725) Metaspace: 58804K->58804K(1101824K)
[1880.015s][info ][gc           ] GC(725) Pause Young (Allocation Failure) 489M->255M(850M) 6.680ms
[1880.015s][info ][gc,cpu       ] GC(725) User=0.01s Sys=0.00s Real=0.01s
[1880.015s][info ][safepoint    ] Leaving safepoint region
[1880.015s][info ][safepoint    ] Total time for which application threads were stopped: 0.0074172 seconds, Stopping threads took: 0.0000701 seconds
[1881.015s][info ][safepoint    ] Application time: 1.0001111 seconds
[1881.015s][info ][safepoint    ] Entering safepoint region: Cleanup
[1881.015s][info ][safepoint    ] Leaving safepoint region
[1881.015s][info ][safepoint    ] Total time for which application threads were stopped: 0.0001058 seconds, Stopping threads took: 0.0000401 seconds
[1882.015s][info ][safepoint    ] Application time: 1.0000974 seconds
[1882.015s][info ][safepoint    ] Entering safepoint region: Cleanup
[1882.015s][info ][safepoint    ] Leaving safepoint region
[1882.015s][info ][safepoint    ] Total time for which application threads were stopped: 0.0001242 seconds, Stopping threads took: 0.0000453 seconds
[1883.015s][info ][safepoint    ] Application time: 1.0001012 seconds
[1883.015s][info ][safepoint    ] Entering safepoint region: Cleanup
[1883.015s][info ][safepoint    ] Leaving safepoint region
[1883.015s][info ][safepoint    ] Total time for which application threads were stopped: 0.0001051 seconds, Stopping threads took: 0.0000414 seconds
[1883.159s][info ][safepoint    ] Application time: 0.1440487 seconds
[1883.160s][info ][safepoint    ] Entering safepoint region: GenCollectForAllocation
[1883.160s][info ][gc,start     ] GC(726) Pause Young (Allocation Failure)
[1883.160s][info ][gc,task      ] GC(726) Using 4 workers of 4 for evacuation
[1883.162s][debug][gc,ref       ] GC(726) Skipped phase1 of Reference Processing due to unavailable references
[1883.162s][debug][gc,ref       ] GC(726) Skipped phase2 of Reference Processing due to unavailable references
[1883.162s][debug][gc,ref       ] GC(726) Skipped phase3 of Reference Processing due to unavailable references
[1883.162s][debug][gc,ref       ] GC(726) Skipped phase4 of Reference Processing due to unavailable references
[1883.162s][debug][gc,age       ] GC(726) Desired survivor size 15368192 bytes, new threshold 6 (max threshold 6)
[1883.162s][info ][gc,heap      ] GC(726) ParNew: 241801K->1216K(270336K)
[1883.162s][info ][gc,heap      ] GC(726) CMS: 260084K->260173K(600768K)
[1883.162s][info ][gc,metaspace ] GC(726) Metaspace: 58804K->58804K(1101824K)
[1883.162s][info ][gc           ] GC(726) Pause Young (Allocation Failure) 490M->255M(850M) 2.382ms
[1883.162s][info ][gc,cpu       ] GC(726) User=0.00s Sys=0.00s Real=0.01s
[1883.162s][info ][safepoint    ] Leaving safepoint region
[1883.162s][info ][safepoint    ] Total time for which application threads were stopped: 0.0025342 seconds, Stopping threads took: 0.0000171 seconds
[1884.162s][info ][safepoint    ] Application time: 1.0001318 seconds
[1884.162s][info ][safepoint    ] Entering safepoint region: Cleanup
[1884.162s][info ][safepoint    ] Leaving safepoint region
[1884.162s][info ][safepoint    ] Total time for which application threads were stopped: 0.0001864 seconds, Stopping threads took: 0.0000971 seconds
[1885.163s][info ][safepoint    ] Application time: 1.0001089 seconds
[1885.163s][info ][safepoint    ] Entering safepoint region: Cleanup
[1885.163s][info ][safepoint    ] Leaving safepoint region
[1885.163s][info ][safepoint    ] Total time for which application threads were stopped: 0.0001260 seconds, Stopping threads took: 0.0000583 seconds
[1886.163s][info ][safepoint    ] Application time: 1.0000909 seconds
[1886.163s][info ][safepoint    ] Entering safepoint region: Cleanup
[1886.163s][info ][safepoint    ] Leaving safepoint region
[1886.163s][info ][safepoint    ] Total time for which application threads were stopped: 0.0001073 seconds, Stopping threads took: 0.0000414 seconds
[1886.454s][info ][safepoint    ] Application time: 0.2914867 seconds
[1886.454s][info ][safepoint    ] Entering safepoint region: GenCollectForAllocation
[1886.455s][info ][gc,start     ] GC(727) Pause Young (Allocation Failure)
[1886.455s][info ][gc,task      ] GC(727) Using 4 workers of 4 for evacuation
[1886.462s][debug][gc,ref       ] GC(727) Skipped phase1 of Reference Processing due to unavailable references
[1886.462s][debug][gc,ref       ] GC(727) Skipped phase2 of Reference Processing due to unavailable references
[1886.462s][debug][gc,ref       ] GC(727) Skipped phase3 of Reference Processing due to unavailable references
[1886.462s][debug][gc,ref       ] GC(727) Skipped phase4 of Reference Processing due to unavailable references
[1886.462s][debug][gc,age       ] GC(727) Desired survivor size 15368192 bytes, new threshold 6 (max threshold 6)
[1886.462s][info ][gc,heap      ] GC(727) ParNew: 241536K->1153K(270336K)
[1886.462s][info ][gc,heap      ] GC(727) CMS: 260173K->260188K(600768K)
[1886.462s][info ][gc,metaspace ] GC(727) Metaspace: 58804K->58804K(1101824K)
[1886.462s][info ][gc           ] GC(727) Pause Young (Allocation Failure) 489M->255M(850M) 7.784ms
[1886.462s][info ][gc,cpu       ] GC(727) User=0.01s Sys=0.00s Real=0.01s
[1886.462s][info ][safepoint    ] Leaving safepoint region
[1886.462s][info ][safepoint    ] Total time for which application threads were stopped: 0.0079525 seconds, Stopping threads took: 0.0000308 seconds
[1887.466s][info ][safepoint    ] Application time: 1.0037062 seconds
[1887.466s][info ][safepoint    ] Entering safepoint region: Cleanup
[1887.466s][info ][safepoint    ] Leaving safepoint region
[1887.466s][info ][safepoint    ] Total time for which application threads were stopped: 0.0001180 seconds, Stopping threads took: 0.0000389 seconds
[1888.466s][info ][safepoint    ] Application time: 1.0001208 seconds
[1888.466s][info ][safepoint    ] Entering safepoint region: Cleanup
[1888.467s][info ][safepoint    ] Leaving safepoint region
[1888.467s][info ][safepoint    ] Total time for which application threads were stopped: 0.0000711 seconds, Stopping threads took: 0.0000160 seconds
[1889.467s][info ][safepoint    ] Application time: 1.0000921 seconds
[1889.467s][info ][safepoint    ] Entering safepoint region: Cleanup
[1889.467s][info ][safepoint    ] Leaving safepoint region
[1889.467s][info ][safepoint    ] Total time for which application threads were stopped: 0.0000761 seconds, Stopping threads took: 0.0000172 seconds
[1889.613s][info ][safepoint    ] Application time: 0.1463954 seconds
[1889.613s][info ][safepoint    ] Entering safepoint region: GenCollectForAllocation
[1889.613s][info ][gc,start     ] GC(728) Pause Young (Allocation Failure)
[1889.613s][info ][gc,task      ] GC(728) Using 4 workers of 4 for evacuation
[1889.616s][debug][gc,ref       ] GC(728) Skipped phase1 of Reference Processing due to unavailable references
[1889.616s][debug][gc,ref       ] GC(728) Skipped phase2 of Reference Processing due to unavailable references
[1889.616s][debug][gc,ref       ] GC(728) Skipped phase3 of Reference Processing due to unavailable references
[1889.616s][debug][gc,ref       ] GC(728) Skipped phase4 of Reference Processing due to unavailable references
[1889.616s][debug][gc,age       ] GC(728) Desired survivor size 15368192 bytes, new threshold 6 (max threshold 6)
[1889.616s][info ][gc,heap      ] GC(728) ParNew: 241473K->1348K(270336K)
[1889.616s][info ][gc,heap      ] GC(728) CMS: 260188K->260270K(600768K)
[1889.616s][info ][gc,metaspace ] GC(728) Metaspace: 58804K->58804K(1101824K)
[1889.616s][info ][gc           ] GC(728) Pause Young (Allocation Failure) 489M->255M(850M) 2.513ms
[1889.616s][info ][gc,cpu       ] GC(728) User=0.01s Sys=0.00s Real=0.00s
[1889.616s][info ][safepoint    ] Leaving safepoint region
[1889.616s][info ][safepoint    ] Total time for which application threads were stopped: 0.0026615 seconds, Stopping threads took: 0.0000172 seconds
[1890.616s][info ][safepoint    ] Application time: 1.0001170 seconds
[1890.616s][info ][safepoint    ] Entering safepoint region: Cleanup
[1890.616s][info ][safepoint    ] Leaving safepoint region
[1890.616s][info ][safepoint    ] Total time for which application threads were stopped: 0.0001197 seconds, Stopping threads took: 0.0000487 seconds
[1891.616s][info ][safepoint    ] Application time: 1.0000974 seconds
[1891.616s][info ][safepoint    ] Entering safepoint region: Cleanup
[1891.616s][info ][safepoint    ] Leaving safepoint region
[1891.616s][info ][safepoint    ] Total time for which application threads were stopped: 0.0001034 seconds, Stopping threads took: 0.0000398 seconds
[1892.616s][info ][safepoint    ] Application time: 1.0001076 seconds
[1892.617s][info ][safepoint    ] Entering safepoint region: Cleanup
[1892.617s][info ][safepoint    ] Leaving safepoint region
[1892.617s][info ][safepoint    ] Total time for which application threads were stopped: 0.0001278 seconds, Stopping threads took: 0.0000404 seconds
[1892.768s][info ][safepoint    ] Application time: 0.1518229 seconds
[1892.769s][info ][safepoint    ] Entering safepoint region: GenCollectForAllocation
[1892.769s][info ][gc,start     ] GC(729) Pause Young (Allocation Failure)
[1892.769s][info ][gc,task      ] GC(729) Using 4 workers of 4 for evacuation
[1892.778s][debug][gc,ref       ] GC(729) Skipped phase1 of Reference Processing due to unavailable references
[1892.778s][debug][gc,ref       ] GC(729) Skipped phase2 of Reference Processing due to unavailable references
[1892.778s][debug][gc,ref       ] GC(729) Skipped phase3 of Reference Processing due to unavailable references
[1892.778s][debug][gc,ref       ] GC(729) Skipped phase4 of Reference Processing due to unavailable references
[1892.778s][debug][gc,age       ] GC(729) Desired survivor size 15368192 bytes, new threshold 6 (max threshold 6)
[1892.778s][info ][gc,heap      ] GC(729) ParNew: 241668K->2011K(270336K)
[1892.778s][info ][gc,heap      ] GC(729) CMS: 260270K->260341K(600768K)
[1892.778s][info ][gc,metaspace ] GC(729) Metaspace: 58804K->58804K(1101824K)
[1892.778s][info ][gc           ] GC(729) Pause Young (Allocation Failure) 490M->256M(850M) 9.683ms
[1892.778s][info ][gc,cpu       ] GC(729) User=0.01s Sys=0.00s Real=0.01s
[1892.778s][info ][safepoint    ] Leaving safepoint region
[1892.778s][info ][safepoint    ] Total time for which application threads were stopped: 0.0098692 seconds, Stopping threads took: 0.0000202 seconds
[1893.778s][info ][safepoint    ] Application time: 1.0000987 seconds
[1893.779s][info ][safepoint    ] Entering safepoint region: Cleanup
[1893.779s][info ][safepoint    ] Leaving safepoint region
[1893.779s][info ][safepoint    ] Total time for which application threads were stopped: 0.0000888 seconds, Stopping threads took: 0.0000309 seconds
[1894.779s][info ][safepoint    ] Application time: 1.0000939 seconds
[1894.779s][info ][safepoint    ] Entering safepoint region: Cleanup
[1894.779s][info ][safepoint    ] Leaving safepoint region
[1894.779s][info ][safepoint    ] Total time for which application threads were stopped: 0.0000795 seconds, Stopping threads took: 0.0000184 seconds
[1895.779s][info ][safepoint    ] Application time: 1.0000909 seconds
[1895.779s][info ][safepoint    ] Entering safepoint region: Cleanup
[1895.779s][info ][safepoint    ] Leaving safepoint region
[1895.779s][info ][safepoint    ] Total time for which application threads were stopped: 0.0000796 seconds, Stopping threads took: 0.0000181 seconds
[1895.855s][info ][safepoint    ] Application time: 0.0760329 seconds
[1895.855s][info ][safepoint    ] Entering safepoint region: GenCollectForAllocation
[1895.855s][info ][gc,start     ] GC(730) Pause Young (Allocation Failure)
[1895.855s][info ][gc,task      ] GC(730) Using 4 workers of 4 for evacuation
[1895.858s][debug][gc,ref       ] GC(730) Skipped phase1 of Reference Processing due to unavailable references
[1895.858s][debug][gc,ref       ] GC(730) Skipped phase2 of Reference Processing due to unavailable references
[1895.858s][debug][gc,ref       ] GC(730) Skipped phase3 of Reference Processing due to unavailable references
[1895.858s][debug][gc,ref       ] GC(730) Skipped phase4 of Reference Processing due to unavailable references
[1895.858s][debug][gc,age       ] GC(730) Desired survivor size 15368192 bytes, new threshold 6 (max threshold 6)
[1895.858s][info ][gc,heap      ] GC(730) ParNew: 242331K->2049K(270336K)
[1895.858s][info ][gc,heap      ] GC(730) CMS: 260341K->260463K(600768K)
[1895.858s][info ][gc,metaspace ] GC(730) Metaspace: 58808K->58808K(1101824K)
[1895.858s][info ][gc           ] GC(730) Pause Young (Allocation Failure) 490M->256M(850M) 2.694ms
[1895.858s][info ][gc,cpu       ] GC(730) User=0.01s Sys=0.01s Real=0.00s
[1895.858s][info ][safepoint    ] Leaving safepoint region
[1895.858s][info ][safepoint    ] Total time for which application threads were stopped: 0.0028589 seconds, Stopping threads took: 0.0000366 seconds
[1896.858s][info ][safepoint    ] Application time: 1.0001195 seconds
[1896.858s][info ][safepoint    ] Entering safepoint region: Cleanup
[1896.858s][info ][safepoint    ] Leaving safepoint region
[1896.858s][info ][safepoint    ] Total time for which application threads were stopped: 0.0001588 seconds, Stopping threads took: 0.0000702 seconds
[1897.858s][info ][safepoint    ] Application time: 1.0000935 seconds
[1897.859s][info ][safepoint    ] Entering safepoint region: Cleanup
[1897.859s][info ][safepoint    ] Leaving safepoint region
[1897.859s][info ][safepoint    ] Total time for which application threads were stopped: 0.0002003 seconds, Stopping threads took: 0.0001127 seconds
[1898.859s][info ][safepoint    ] Application time: 1.0000973 seconds
[1898.859s][info ][safepoint    ] Entering safepoint region: Cleanup
[1898.859s][info ][safepoint    ] Leaving safepoint region
[1898.859s][info ][safepoint    ] Total time for which application threads were stopped: 0.0001093 seconds, Stopping threads took: 0.0000494 seconds
[1899.024s][info ][safepoint    ] Application time: 0.1652583 seconds
[1899.024s][info ][safepoint    ] Entering safepoint region: GenCollectForAllocation
[1899.024s][info ][gc,start     ] GC(731) Pause Young (Allocation Failure)
[1899.024s][info ][gc,task      ] GC(731) Using 4 workers of 4 for evacuation
[1899.034s][debug][gc,ref       ] GC(731) Skipped phase1 of Reference Processing due to unavailable references
[1899.034s][debug][gc,ref       ] GC(731) Skipped phase2 of Reference Processing due to unavailable references
[1899.034s][debug][gc,ref       ] GC(731) Skipped phase3 of Reference Processing due to unavailable references
[1899.034s][debug][gc,ref       ] GC(731) Skipped phase4 of Reference Processing due to unavailable references
[1899.034s][debug][gc,age       ] GC(731) Desired survivor size 15368192 bytes, new threshold 6 (max threshold 6)
[1899.034s][info ][gc,heap      ] GC(731) ParNew: 242369K->2326K(270336K)
[1899.034s][info ][gc,heap      ] GC(731) CMS: 260463K->260657K(600768K)
[1899.034s][info ][gc,metaspace ] GC(731) Metaspace: 58808K->58808K(1101824K)
[1899.034s][info ][gc           ] GC(731) Pause Young (Allocation Failure) 491M->256M(850M) 10.099ms
[1899.034s][info ][gc,cpu       ] GC(731) User=0.01s Sys=0.01s Real=0.01s
[1899.034s][info ][safepoint    ] Leaving safepoint region
[1899.035s][info ][safepoint    ] Total time for which application threads were stopped: 0.0102908 seconds, Stopping threads took: 0.0000213 seconds
[1900.035s][info ][safepoint    ] Application time: 1.0001151 seconds
[1900.035s][info ][safepoint    ] Entering safepoint region: Cleanup
[1900.035s][info ][safepoint    ] Leaving safepoint region
[1900.035s][info ][safepoint    ] Total time for which application threads were stopped: 0.0001272 seconds, Stopping threads took: 0.0000237 seconds
[1901.035s][info ][safepoint    ] Application time: 1.0000894 seconds
[1901.035s][info ][safepoint    ] Entering safepoint region: Cleanup
[1901.035s][info ][safepoint    ] Leaving safepoint region
[1901.035s][info ][safepoint    ] Total time for which application threads were stopped: 0.0000905 seconds, Stopping threads took: 0.0000195 seconds
[1902.035s][info ][safepoint    ] Application time: 1.0002557 seconds
[1902.035s][info ][safepoint    ] Entering safepoint region: Cleanup
[1902.035s][info ][safepoint    ] Leaving safepoint region
[1902.035s][info ][safepoint    ] Total time for which application threads were stopped: 0.0000798 seconds, Stopping threads took: 0.0000191 seconds
[1902.311s][info ][safepoint    ] Application time: 0.2757470 seconds
[1902.311s][info ][safepoint    ] Entering safepoint region: GenCollectForAllocation
[1902.311s][info ][gc,start     ] GC(732) Pause Young (Allocation Failure)
[1902.311s][info ][gc,task      ] GC(732) Using 4 workers of 4 for evacuation
[1902.314s][debug][gc,ref       ] GC(732) Skipped phase1 of Reference Processing due to unavailable references
[1902.314s][debug][gc,ref       ] GC(732) Skipped phase2 of Reference Processing due to unavailable references
[1902.314s][debug][gc,ref       ] GC(732) Skipped phase3 of Reference Processing due to unavailable references
[1902.314s][debug][gc,ref       ] GC(732) Skipped phase4 of Reference Processing due to unavailable references
[1902.314s][debug][gc,age       ] GC(732) Desired survivor size 15368192 bytes, new threshold 6 (max threshold 6)
[1902.314s][info ][gc,heap      ] GC(732) ParNew: 242646K->1710K(270336K)
[1902.314s][info ][gc,heap      ] GC(732) CMS: 260657K->261074K(600768K)
[1902.314s][info ][gc,metaspace ] GC(732) Metaspace: 58808K->58808K(1101824K)
[1902.314s][info ][gc           ] GC(732) Pause Young (Allocation Failure) 491M->256M(850M) 2.949ms
[1902.314s][info ][gc,cpu       ] GC(732) User=0.01s Sys=0.01s Real=0.00s
[1902.314s][info ][safepoint    ] Leaving safepoint region
[1902.314s][info ][safepoint    ] Total time for which application threads were stopped: 0.0030998 seconds, Stopping threads took: 0.0000160 seconds
[1903.314s][info ][safepoint    ] Application time: 1.0001020 seconds
[1903.315s][info ][safepoint    ] Entering safepoint region: Cleanup
[1903.315s][info ][safepoint    ] Leaving safepoint region
[1903.315s][info ][safepoint    ] Total time for which application threads were stopped: 0.0001364 seconds, Stopping threads took: 0.0000654 seconds
[1904.315s][info ][safepoint    ] Application time: 1.0000981 seconds
[1904.315s][info ][safepoint    ] Entering safepoint region: Cleanup
[1904.315s][info ][safepoint    ] Leaving safepoint region
[1904.315s][info ][safepoint    ] Total time for which application threads were stopped: 0.0004240 seconds, Stopping threads took: 0.0003550 seconds
[1905.315s][info ][safepoint    ] Application time: 1.0001598 seconds
[1905.315s][info ][safepoint    ] Entering safepoint region: Cleanup
[1905.315s][info ][safepoint    ] Leaving safepoint region
[1905.315s][info ][safepoint    ] Total time for which application threads were stopped: 0.0001068 seconds, Stopping threads took: 0.0000369 seconds
[1905.605s][info ][safepoint    ] Application time: 0.2896239 seconds
[1905.605s][info ][safepoint    ] Entering safepoint region: GenCollectForAllocation
[1905.605s][info ][gc,start     ] GC(733) Pause Young (Allocation Failure)
[1905.605s][info ][gc,task      ] GC(733) Using 4 workers of 4 for evacuation
[1905.608s][debug][gc,ref       ] GC(733) Skipped phase1 of Reference Processing due to unavailable references
[1905.608s][debug][gc,ref       ] GC(733) Skipped phase2 of Reference Processing due to unavailable references
[1905.608s][debug][gc,ref       ] GC(733) Skipped phase3 of Reference Processing due to unavailable references
[1905.608s][debug][gc,ref       ] GC(733) Skipped phase4 of Reference Processing due to unavailable references
[1905.608s][debug][gc,age       ] GC(733) Desired survivor size 15368192 bytes, new threshold 6 (max threshold 6)
[1905.608s][info ][gc,heap      ] GC(733) ParNew: 242030K->2168K(270336K)
[1905.608s][info ][gc,heap      ] GC(733) CMS: 261074K->261144K(600768K)
[1905.608s][info ][gc,metaspace ] GC(733) Metaspace: 58808K->58808K(1101824K)
[1905.608s][info ][gc           ] GC(733) Pause Young (Allocation Failure) 491M->257M(850M) 2.905ms
[1905.608s][info ][gc,cpu       ] GC(733) User=0.01s Sys=0.01s Real=0.00s
[1905.608s][info ][safepoint    ] Leaving safepoint region
[1905.608s][info ][safepoint    ] Total time for which application threads were stopped: 0.0031008 seconds, Stopping threads took: 0.0000394 seconds
[1906.608s][info ][safepoint    ] Application time: 1.0001211 seconds
[1906.609s][info ][safepoint    ] Entering safepoint region: Cleanup
[1906.609s][info ][safepoint    ] Leaving safepoint region
[1906.609s][info ][safepoint    ] Total time for which application threads were stopped: 0.0001656 seconds, Stopping threads took: 0.0000640 seconds
[1907.609s][info ][safepoint    ] Application time: 1.0000997 seconds
[1907.609s][info ][safepoint    ] Entering safepoint region: Cleanup
[1907.609s][info ][safepoint    ] Leaving safepoint region
[1907.609s][info ][safepoint    ] Total time for which application threads were stopped: 0.0001342 seconds, Stopping threads took: 0.0000660 seconds
[1908.609s][info ][safepoint    ] Application time: 1.0002319 seconds
[1908.609s][info ][safepoint    ] Entering safepoint region: Cleanup
[1908.609s][info ][safepoint    ] Leaving safepoint region
[1908.609s][info ][safepoint    ] Total time for which application threads were stopped: 0.0001414 seconds, Stopping threads took: 0.0000672 seconds
[1908.809s][info ][safepoint    ] Application time: 0.1992083 seconds
[1908.809s][info ][safepoint    ] Entering safepoint region: GenCollectForAllocation
[1908.809s][info ][gc,start     ] GC(734) Pause Young (Allocation Failure)
[1908.809s][info ][gc,task      ] GC(734) Using 4 workers of 4 for evacuation
[1908.811s][debug][gc,ref       ] GC(734) Skipped phase1 of Reference Processing due to unavailable references
[1908.811s][debug][gc,ref       ] GC(734) Skipped phase2 of Reference Processing due to unavailable references
[1908.811s][debug][gc,ref       ] GC(734) Skipped phase3 of Reference Processing due to unavailable references
[1908.811s][debug][gc,ref       ] GC(734) Skipped phase4 of Reference Processing due to unavailable references
[1908.811s][debug][gc,age       ] GC(734) Desired survivor size 15368192 bytes, new threshold 6 (max threshold 6)
[1908.811s][info ][gc,heap      ] GC(734) ParNew: 242488K->1959K(270336K)
[1908.811s][info ][gc,heap      ] GC(734) CMS: 261144K->261299K(600768K)
[1908.811s][info ][gc,metaspace ] GC(734) Metaspace: 58809K->58809K(1101824K)
[1908.811s][info ][gc           ] GC(734) Pause Young (Allocation Failure) 491M->257M(850M) 2.582ms
[1908.811s][info ][gc,cpu       ] GC(734) User=0.01s Sys=0.00s Real=0.01s
[1908.811s][info ][safepoint    ] Leaving safepoint region
[1908.811s][info ][safepoint    ] Total time for which application threads were stopped: 0.0027410 seconds, Stopping threads took: 0.0000170 seconds
[1909.811s][info ][safepoint    ] Application time: 1.0001075 seconds
[1909.812s][info ][safepoint    ] Entering safepoint region: Cleanup
[1909.812s][info ][safepoint    ] Leaving safepoint region
[1909.812s][info ][safepoint    ] Total time for which application threads were stopped: 0.0001792 seconds, Stopping threads took: 0.0000722 seconds
[1910.812s][info ][safepoint    ] Application time: 1.0001026 seconds
[1910.812s][info ][safepoint    ] Entering safepoint region: Cleanup
[1910.812s][info ][safepoint    ] Leaving safepoint region
[1910.812s][info ][safepoint    ] Total time for which application threads were stopped: 0.0001758 seconds, Stopping threads took: 0.0001040 seconds
[1911.812s][info ][safepoint    ] Application time: 1.0002775 seconds
[1911.812s][info ][safepoint    ] Entering safepoint region: Cleanup
[1911.812s][info ][safepoint    ] Leaving safepoint region
[1911.812s][info ][safepoint    ] Total time for which application threads were stopped: 0.0001277 seconds, Stopping threads took: 0.0000562 seconds
[1912.013s][info ][safepoint    ] Application time: 0.2003200 seconds
[1912.013s][info ][safepoint    ] Entering safepoint region: GenCollectForAllocation
[1912.013s][info ][gc,start     ] GC(735) Pause Young (Allocation Failure)
[1912.013s][info ][gc,task      ] GC(735) Using 4 workers of 4 for evacuation
[1912.016s][debug][gc,ref       ] GC(735) Skipped phase1 of Reference Processing due to unavailable references
[1912.016s][debug][gc,ref       ] GC(735) Skipped phase2 of Reference Processing due to unavailable references
[1912.016s][debug][gc,ref       ] GC(735) Skipped phase3 of Reference Processing due to unavailable references
[1912.016s][debug][gc,ref       ] GC(735) Skipped phase4 of Reference Processing due to unavailable references
[1912.016s][debug][gc,age       ] GC(735) Desired survivor size 15368192 bytes, new threshold 6 (max threshold 6)
[1912.016s][info ][gc,heap      ] GC(735) ParNew: 242279K->1799K(270336K)
[1912.016s][info ][gc,heap      ] GC(735) CMS: 261299K->261838K(600768K)
[1912.016s][info ][gc,metaspace ] GC(735) Metaspace: 58809K->58809K(1101824K)
[1912.016s][info ][gc           ] GC(735) Pause Young (Allocation Failure) 491M->257M(850M) 3.148ms
[1912.016s][info ][gc,cpu       ] GC(735) User=0.01s Sys=0.00s Real=0.00s
[1912.016s][info ][safepoint    ] Leaving safepoint region
[1912.016s][info ][safepoint    ] Total time for which application threads were stopped: 0.0033027 seconds, Stopping threads took: 0.0000172 seconds
[1913.016s][info ][safepoint    ] Application time: 1.0000788 seconds
[1913.016s][info ][safepoint    ] Entering safepoint region: Cleanup
[1913.016s][info ][safepoint    ] Leaving safepoint region
[1913.016s][info ][safepoint    ] Total time for which application threads were stopped: 0.0000895 seconds, Stopping threads took: 0.0000180 seconds
[1914.016s][info ][safepoint    ] Application time: 1.0001271 seconds
[1914.017s][info ][safepoint    ] Entering safepoint region: Cleanup
[1914.017s][info ][safepoint    ] Leaving safepoint region
[1914.017s][info ][safepoint    ] Total time for which application threads were stopped: 0.0001438 seconds, Stopping threads took: 0.0000698 seconds
[1915.017s][info ][safepoint    ] Application time: 1.0000962 seconds
[1915.018s][info ][safepoint    ] Entering safepoint region: Cleanup
[1915.018s][info ][safepoint    ] Leaving safepoint region
[1915.018s][info ][safepoint    ] Total time for which application threads were stopped: 0.0008676 seconds, Stopping threads took: 0.0007894 seconds
[1915.162s][info ][safepoint    ] Application time: 0.1440810 seconds
[1915.162s][info ][safepoint    ] Entering safepoint region: GenCollectForAllocation
[1915.162s][info ][gc,start     ] GC(736) Pause Young (Allocation Failure)
[1915.162s][info ][gc,task      ] GC(736) Using 4 workers of 4 for evacuation
[1915.165s][debug][gc,ref       ] GC(736) Skipped phase1 of Reference Processing due to unavailable references
[1915.165s][debug][gc,ref       ] GC(736) Skipped phase2 of Reference Processing due to unavailable references
[1915.165s][debug][gc,ref       ] GC(736) Skipped phase3 of Reference Processing due to unavailable references
[1915.165s][debug][gc,ref       ] GC(736) Skipped phase4 of Reference Processing due to unavailable references
[1915.165s][debug][gc,age       ] GC(736) Desired survivor size 15368192 bytes, new threshold 6 (max threshold 6)
[1915.165s][info ][gc,heap      ] GC(736) ParNew: 242119K->1584K(270336K)
[1915.165s][info ][gc,heap      ] GC(736) CMS: 261838K->262128K(600768K)
[1915.165s][info ][gc,metaspace ] GC(736) Metaspace: 58809K->58809K(1101824K)
[1915.165s][info ][gc           ] GC(736) Pause Young (Allocation Failure) 492M->257M(850M) 3.450ms
[1915.165s][info ][gc,cpu       ] GC(736) User=0.01s Sys=0.00s Real=0.01s
[1915.165s][info ][safepoint    ] Leaving safepoint region
[1915.165s][info ][safepoint    ] Total time for which application threads were stopped: 0.0036133 seconds, Stopping threads took: 0.0000177 seconds
[1916.166s][info ][safepoint    ] Application time: 1.0001020 seconds
[1916.166s][info ][safepoint    ] Entering safepoint region: Cleanup
[1916.166s][info ][safepoint    ] Leaving safepoint region
[1916.166s][info ][safepoint    ] Total time for which application threads were stopped: 0.0001446 seconds, Stopping threads took: 0.0000489 seconds
[1917.166s][info ][safepoint    ] Application time: 1.0001010 seconds
[1917.166s][info ][safepoint    ] Entering safepoint region: Cleanup
[1917.166s][info ][safepoint    ] Leaving safepoint region
[1917.166s][info ][safepoint    ] Total time for which application threads were stopped: 0.0001199 seconds, Stopping threads took: 0.0000463 seconds
[1918.166s][info ][safepoint    ] Application time: 1.0001103 seconds
[1918.166s][info ][safepoint    ] Entering safepoint region: Cleanup
[1918.166s][info ][safepoint    ] Leaving safepoint region
[1918.166s][info ][safepoint    ] Total time for which application threads were stopped: 0.0001534 seconds, Stopping threads took: 0.0000714 seconds
[1918.406s][info ][safepoint    ] Application time: 0.2395606 seconds
[1918.406s][info ][safepoint    ] Entering safepoint region: GenCollectForAllocation
[1918.406s][info ][gc,start     ] GC(737) Pause Young (Allocation Failure)
[1918.406s][info ][gc,task      ] GC(737) Using 4 workers of 4 for evacuation
[1918.408s][debug][gc,ref       ] GC(737) Skipped phase1 of Reference Processing due to unavailable references
[1918.408s][debug][gc,ref       ] GC(737) Skipped phase2 of Reference Processing due to unavailable references
[1918.408s][debug][gc,ref       ] GC(737) Skipped phase3 of Reference Processing due to unavailable references
[1918.408s][debug][gc,ref       ] GC(737) Skipped phase4 of Reference Processing due to unavailable references
[1918.408s][debug][gc,age       ] GC(737) Desired survivor size 15368192 bytes, new threshold 6 (max threshold 6)
[1918.408s][info ][gc,heap      ] GC(737) ParNew: 241904K->1254K(270336K)
[1918.408s][info ][gc,heap      ] GC(737) CMS: 262128K->262174K(600768K)
[1918.408s][info ][gc,metaspace ] GC(737) Metaspace: 58809K->58809K(1101824K)
[1918.408s][info ][gc           ] GC(737) Pause Young (Allocation Failure) 492M->257M(850M) 2.403ms
[1918.408s][info ][gc,cpu       ] GC(737) User=0.01s Sys=0.00s Real=0.00s
[1918.408s][info ][safepoint    ] Leaving safepoint region
[1918.408s][info ][safepoint    ] Total time for which application threads were stopped: 0.0025462 seconds, Stopping threads took: 0.0000158 seconds
[1919.409s][info ][safepoint    ] Application time: 1.0001027 seconds
[1919.409s][info ][safepoint    ] Entering safepoint region: Cleanup
[1919.409s][info ][safepoint    ] Leaving safepoint region
[1919.409s][info ][safepoint    ] Total time for which application threads were stopped: 0.0001031 seconds, Stopping threads took: 0.0000428 seconds
[1920.409s][info ][safepoint    ] Application time: 1.0000711 seconds
[1920.409s][info ][safepoint    ] Entering safepoint region: Cleanup
[1920.409s][info ][safepoint    ] Leaving safepoint region
[1920.409s][info ][safepoint    ] Total time for which application threads were stopped: 0.0001283 seconds, Stopping threads took: 0.0000561 seconds
[1921.409s][info ][safepoint    ] Application time: 1.0002802 seconds
[1921.409s][info ][safepoint    ] Entering safepoint region: Cleanup
[1921.409s][info ][safepoint    ] Leaving safepoint region
[1921.409s][info ][safepoint    ] Total time for which application threads were stopped: 0.0001488 seconds, Stopping threads took: 0.0000769 seconds
[1921.758s][info ][safepoint    ] Application time: 0.3486140 seconds
[1921.758s][info ][safepoint    ] Entering safepoint region: GenCollectForAllocation
[1921.758s][info ][gc,start     ] GC(738) Pause Young (Allocation Failure)
[1921.758s][info ][gc,task      ] GC(738) Using 4 workers of 4 for evacuation
[1921.760s][debug][gc,ref       ] GC(738) Skipped phase1 of Reference Processing due to unavailable references
[1921.761s][debug][gc,ref       ] GC(738) Skipped phase2 of Reference Processing due to unavailable references
[1921.761s][debug][gc,ref       ] GC(738) Skipped phase3 of Reference Processing due to unavailable references
[1921.761s][debug][gc,ref       ] GC(738) Skipped phase4 of Reference Processing due to unavailable references
[1921.761s][debug][gc,age       ] GC(738) Desired survivor size 15368192 bytes, new threshold 6 (max threshold 6)
[1921.761s][info ][gc,heap      ] GC(738) ParNew: 241574K->1190K(270336K)
[1921.761s][info ][gc,heap      ] GC(738) CMS: 262174K->262258K(600768K)
[1921.761s][info ][gc,metaspace ] GC(738) Metaspace: 58809K->58809K(1101824K)
[1921.761s][info ][gc           ] GC(738) Pause Young (Allocation Failure) 491M->257M(850M) 2.555ms
[1921.761s][info ][gc,cpu       ] GC(738) User=0.00s Sys=0.00s Real=0.00s
[1921.761s][info ][safepoint    ] Leaving safepoint region
[1921.761s][info ][safepoint    ] Total time for which application threads were stopped: 0.0027080 seconds, Stopping threads took: 0.0000168 seconds
[1922.761s][info ][safepoint    ] Application time: 1.0001032 seconds
[1922.761s][info ][safepoint    ] Entering safepoint region: Cleanup
[1922.761s][info ][safepoint    ] Leaving safepoint region
[1922.761s][info ][safepoint    ] Total time for which application threads were stopped: 0.0001224 seconds, Stopping threads took: 0.0000462 seconds
[1923.761s][info ][safepoint    ] Application time: 1.0000921 seconds
[1923.761s][info ][safepoint    ] Entering safepoint region: Cleanup
[1923.761s][info ][safepoint    ] Leaving safepoint region
[1923.761s][info ][safepoint    ] Total time for which application threads were stopped: 0.0001314 seconds, Stopping threads took: 0.0000637 seconds
[1924.761s][info ][safepoint    ] Application time: 1.0000981 seconds
[1924.761s][info ][safepoint    ] Entering safepoint region: Cleanup
[1924.762s][info ][safepoint    ] Leaving safepoint region
[1924.762s][info ][safepoint    ] Total time for which application threads were stopped: 0.0001153 seconds, Stopping threads took: 0.0000513 seconds
[1925.005s][info ][safepoint    ] Application time: 0.2433656 seconds
[1925.005s][info ][safepoint    ] Entering safepoint region: GenCollectForAllocation
[1925.005s][info ][gc,start     ] GC(739) Pause Young (Allocation Failure)
[1925.005s][info ][gc,task      ] GC(739) Using 4 workers of 4 for evacuation
[1925.007s][debug][gc,ref       ] GC(739) Skipped phase1 of Reference Processing due to unavailable references
[1925.007s][debug][gc,ref       ] GC(739) Skipped phase2 of Reference Processing due to unavailable references
[1925.007s][debug][gc,ref       ] GC(739) Skipped phase3 of Reference Processing due to unavailable references
[1925.007s][debug][gc,ref       ] GC(739) Skipped phase4 of Reference Processing due to unavailable references
[1925.007s][debug][gc,age       ] GC(739) Desired survivor size 15368192 bytes, new threshold 6 (max threshold 6)
[1925.007s][info ][gc,heap      ] GC(739) ParNew: 241510K->1307K(270336K)
[1925.007s][info ][gc,heap      ] GC(739) CMS: 262258K->262696K(600768K)
[1925.007s][info ][gc,metaspace ] GC(739) Metaspace: 58809K->58809K(1101824K)
[1925.007s][info ][gc           ] GC(739) Pause Young (Allocation Failure) 491M->257M(850M) 2.309ms
[1925.007s][info ][gc,cpu       ] GC(739) User=0.01s Sys=0.00s Real=0.00s
[1925.007s][info ][safepoint    ] Leaving safepoint region
[1925.007s][info ][safepoint    ] Total time for which application threads were stopped: 0.0024839 seconds, Stopping threads took: 0.0000403 seconds
[1926.008s][info ][safepoint    ] Application time: 1.0000809 seconds
[1926.008s][info ][safepoint    ] Entering safepoint region: Cleanup
[1926.008s][info ][safepoint    ] Leaving safepoint region
[1926.008s][info ][safepoint    ] Total time for which application threads were stopped: 0.0001586 seconds, Stopping threads took: 0.0000836 seconds
[1927.008s][info ][safepoint    ] Application time: 1.0000902 seconds
[1927.008s][info ][safepoint    ] Entering safepoint region: Cleanup
[1927.008s][info ][safepoint    ] Leaving safepoint region
[1927.008s][info ][safepoint    ] Total time for which application threads were stopped: 0.0001471 seconds, Stopping threads took: 0.0000624 seconds
[1928.008s][info ][safepoint    ] Application time: 1.0000999 seconds
[1928.008s][info ][safepoint    ] Entering safepoint region: Cleanup
[1928.008s][info ][safepoint    ] Leaving safepoint region
[1928.008s][info ][safepoint    ] Total time for which application threads were stopped: 0.0001198 seconds, Stopping threads took: 0.0000486 seconds
[1928.204s][info ][safepoint    ] Application time: 0.1961550 seconds
[1928.204s][info ][safepoint    ] Entering safepoint region: GenCollectForAllocation
[1928.205s][info ][gc,start     ] GC(740) Pause Young (Allocation Failure)
[1928.205s][info ][gc,task      ] GC(740) Using 4 workers of 4 for evacuation
[1928.207s][debug][gc,ref       ] GC(740) Skipped phase1 of Reference Processing due to unavailable references
[1928.207s][debug][gc,ref       ] GC(740) Skipped phase2 of Reference Processing due to unavailable references
[1928.207s][debug][gc,ref       ] GC(740) Skipped phase3 of Reference Processing due to unavailable references
[1928.207s][debug][gc,ref       ] GC(740) Skipped phase4 of Reference Processing due to unavailable references
[1928.207s][debug][gc,age       ] GC(740) Desired survivor size 15368192 bytes, new threshold 6 (max threshold 6)
[1928.207s][info ][gc,heap      ] GC(740) ParNew: 241627K->1491K(270336K)
[1928.207s][info ][gc,heap      ] GC(740) CMS: 262696K->262735K(600768K)
[1928.207s][info ][gc,metaspace ] GC(740) Metaspace: 58809K->58809K(1101824K)
[1928.207s][info ][gc           ] GC(740) Pause Young (Allocation Failure) 492M->258M(850M) 2.585ms
[1928.207s][info ][gc,cpu       ] GC(740) User=0.01s Sys=0.00s Real=0.00s
[1928.207s][info ][safepoint    ] Leaving safepoint region
[1928.207s][info ][safepoint    ] Total time for which application threads were stopped: 0.0027414 seconds, Stopping threads took: 0.0000166 seconds
[1929.207s][info ][safepoint    ] Application time: 1.0000696 seconds
[1929.207s][info ][safepoint    ] Entering safepoint region: Cleanup
[1929.207s][info ][safepoint    ] Leaving safepoint region
[1929.207s][info ][safepoint    ] Total time for which application threads were stopped: 0.0001075 seconds, Stopping threads took: 0.0000381 seconds
[1930.207s][info ][safepoint    ] Application time: 1.0000925 seconds
[1930.208s][info ][safepoint    ] Entering safepoint region: Cleanup
[1930.208s][info ][safepoint    ] Leaving safepoint region
[1930.208s][info ][safepoint    ] Total time for which application threads were stopped: 0.0001722 seconds, Stopping threads took: 0.0001040 seconds
[1931.208s][info ][safepoint    ] Application time: 1.0001323 seconds
[1931.208s][info ][safepoint    ] Entering safepoint region: Cleanup
[1931.208s][info ][safepoint    ] Leaving safepoint region
[1931.208s][info ][safepoint    ] Total time for which application threads were stopped: 0.0001239 seconds, Stopping threads took: 0.0000553 seconds
[1931.419s][info ][safepoint    ] Application time: 0.2106512 seconds
[1931.419s][info ][safepoint    ] Entering safepoint region: GenCollectForAllocation
[1931.419s][info ][gc,start     ] GC(741) Pause Young (Allocation Failure)
[1931.419s][info ][gc,task      ] GC(741) Using 4 workers of 4 for evacuation
[1931.421s][debug][gc,ref       ] GC(741) Skipped phase1 of Reference Processing due to unavailable references
[1931.421s][debug][gc,ref       ] GC(741) Skipped phase2 of Reference Processing due to unavailable references
[1931.421s][debug][gc,ref       ] GC(741) Skipped phase3 of Reference Processing due to unavailable references
[1931.421s][debug][gc,ref       ] GC(741) Skipped phase4 of Reference Processing due to unavailable references
[1931.422s][debug][gc,age       ] GC(741) Desired survivor size 15368192 bytes, new threshold 6 (max threshold 6)
[1931.422s][info ][gc,heap      ] GC(741) ParNew: 241811K->1309K(270336K)
[1931.422s][info ][gc,heap      ] GC(741) CMS: 262735K->262983K(600768K)
[1931.422s][info ][gc,metaspace ] GC(741) Metaspace: 58809K->58809K(1101824K)
[1931.422s][info ][gc           ] GC(741) Pause Young (Allocation Failure) 492M->258M(850M) 2.776ms
[1931.422s][info ][gc,cpu       ] GC(741) User=0.01s Sys=0.00s Real=0.00s
[1931.422s][info ][safepoint    ] Leaving safepoint region
[1931.422s][info ][safepoint    ] Total time for which application threads were stopped: 0.0029308 seconds, Stopping threads took: 0.0000158 seconds
[1932.422s][info ][safepoint    ] Application time: 1.0001059 seconds
[1932.422s][info ][safepoint    ] Entering safepoint region: Cleanup
[1932.422s][info ][safepoint    ] Leaving safepoint region
[1932.422s][info ][safepoint    ] Total time for which application threads were stopped: 0.0000869 seconds, Stopping threads took: 0.0000206 seconds
[1933.422s][info ][safepoint    ] Application time: 1.0000907 seconds
[1933.422s][info ][safepoint    ] Entering safepoint region: Cleanup
[1933.422s][info ][safepoint    ] Leaving safepoint region
[1933.422s][info ][safepoint    ] Total time for which application threads were stopped: 0.0000935 seconds, Stopping threads took: 0.0000330 seconds
[1934.422s][info ][safepoint    ] Application time: 1.0001145 seconds
[1934.422s][info ][safepoint    ] Entering safepoint region: Cleanup
[1934.422s][info ][safepoint    ] Leaving safepoint region
[1934.422s][info ][safepoint    ] Total time for which application threads were stopped: 0.0000775 seconds, Stopping threads took: 0.0000180 seconds
[1934.763s][info ][safepoint    ] Application time: 0.3404548 seconds
[1934.763s][info ][safepoint    ] Entering safepoint region: GenCollectForAllocation
[1934.763s][info ][gc,start     ] GC(742) Pause Young (Allocation Failure)
[1934.763s][info ][gc,task      ] GC(742) Using 4 workers of 4 for evacuation
[1934.765s][debug][gc,ref       ] GC(742) Skipped phase1 of Reference Processing due to unavailable references
[1934.765s][debug][gc,ref       ] GC(742) Skipped phase2 of Reference Processing due to unavailable references
[1934.765s][debug][gc,ref       ] GC(742) Skipped phase3 of Reference Processing due to unavailable references
[1934.765s][debug][gc,ref       ] GC(742) Skipped phase4 of Reference Processing due to unavailable references
[1934.765s][debug][gc,age       ] GC(742) Desired survivor size 15368192 bytes, new threshold 6 (max threshold 6)
[1934.765s][info ][gc,heap      ] GC(742) ParNew: 241629K->1071K(270336K)
[1934.765s][info ][gc,heap      ] GC(742) CMS: 262983K->263028K(600768K)
[1934.765s][info ][gc,metaspace ] GC(742) Metaspace: 58809K->58809K(1101824K)
[1934.765s][info ][gc           ] GC(742) Pause Young (Allocation Failure) 492M->257M(850M) 2.079ms
[1934.765s][info ][gc,cpu       ] GC(742) User=0.01s Sys=0.00s Real=0.00s
[1934.765s][info ][safepoint    ] Leaving safepoint region
[1934.765s][info ][safepoint    ] Total time for which application threads were stopped: 0.0022348 seconds, Stopping threads took: 0.0000163 seconds
[1935.765s][info ][safepoint    ] Application time: 1.0000936 seconds
[1935.765s][info ][safepoint    ] Entering safepoint region: Cleanup
[1935.765s][info ][safepoint    ] Leaving safepoint region
[1935.765s][info ][safepoint    ] Total time for which application threads were stopped: 0.0001071 seconds, Stopping threads took: 0.0000413 seconds
[1936.765s][info ][safepoint    ] Application time: 1.0000893 seconds
[1936.765s][info ][safepoint    ] Entering safepoint region: Cleanup
[1936.766s][info ][safepoint    ] Leaving safepoint region
[1936.766s][info ][safepoint    ] Total time for which application threads were stopped: 0.0001334 seconds, Stopping threads took: 0.0000671 seconds
[1937.766s][info ][safepoint    ] Application time: 1.0001248 seconds
[1937.766s][info ][safepoint    ] Entering safepoint region: Cleanup
[1937.766s][info ][safepoint    ] Leaving safepoint region
[1937.766s][info ][safepoint    ] Total time for which application threads were stopped: 0.0001109 seconds, Stopping threads took: 0.0000410 seconds
[1938.058s][info ][safepoint    ] Application time: 0.2920298 seconds
[1938.058s][info ][safepoint    ] Entering safepoint region: GenCollectForAllocation
[1938.058s][info ][gc,start     ] GC(743) Pause Young (Allocation Failure)
[1938.058s][info ][gc,task      ] GC(743) Using 4 workers of 4 for evacuation
[1938.060s][debug][gc,ref       ] GC(743) Skipped phase1 of Reference Processing due to unavailable references
[1938.060s][debug][gc,ref       ] GC(743) Skipped phase2 of Reference Processing due to unavailable references
[1938.060s][debug][gc,ref       ] GC(743) Skipped phase3 of Reference Processing due to unavailable references
[1938.060s][debug][gc,ref       ] GC(743) Skipped phase4 of Reference Processing due to unavailable references
[1938.060s][debug][gc,age       ] GC(743) Desired survivor size 15368192 bytes, new threshold 6 (max threshold 6)
[1938.060s][info ][gc,heap      ] GC(743) ParNew: 241391K->1219K(270336K)
[1938.060s][info ][gc,heap      ] GC(743) CMS: 263028K->263042K(600768K)
[1938.060s][info ][gc,metaspace ] GC(743) Metaspace: 58809K->58809K(1101824K)
[1938.060s][info ][gc           ] GC(743) Pause Young (Allocation Failure) 492M->258M(850M) 2.309ms
[1938.060s][info ][gc,cpu       ] GC(743) User=0.00s Sys=0.00s Real=0.00s
[1938.060s][info ][safepoint    ] Leaving safepoint region
[1938.060s][info ][safepoint    ] Total time for which application threads were stopped: 0.0024936 seconds, Stopping threads took: 0.0000311 seconds
[1939.061s][info ][safepoint    ] Application time: 1.0001238 seconds
[1939.061s][info ][safepoint    ] Entering safepoint region: Cleanup
[1939.061s][info ][safepoint    ] Leaving safepoint region
[1939.061s][info ][safepoint    ] Total time for which application threads were stopped: 0.0001777 seconds, Stopping threads took: 0.0001056 seconds
[1940.061s][info ][safepoint    ] Application time: 1.0000995 seconds
[1940.061s][info ][safepoint    ] Entering safepoint region: Cleanup
[1940.061s][info ][safepoint    ] Leaving safepoint region
[1940.061s][info ][safepoint    ] Total time for which application threads were stopped: 0.0001471 seconds, Stopping threads took: 0.0000585 seconds
[1941.061s][info ][safepoint    ] Application time: 1.0001021 seconds
[1941.061s][info ][safepoint    ] Entering safepoint region: Cleanup
[1941.061s][info ][safepoint    ] Leaving safepoint region
[1941.061s][info ][safepoint    ] Total time for which application threads were stopped: 0.0002582 seconds, Stopping threads took: 0.0001277 seconds
[1941.305s][info ][safepoint    ] Application time: 0.2434342 seconds
[1941.305s][info ][safepoint    ] Entering safepoint region: GenCollectForAllocation
[1941.305s][info ][gc,start     ] GC(744) Pause Young (Allocation Failure)
[1941.305s][info ][gc,task      ] GC(744) Using 4 workers of 4 for evacuation
[1941.308s][debug][gc,ref       ] GC(744) Skipped phase1 of Reference Processing due to unavailable references
[1941.308s][debug][gc,ref       ] GC(744) Skipped phase2 of Reference Processing due to unavailable references
[1941.308s][debug][gc,ref       ] GC(744) Skipped phase3 of Reference Processing due to unavailable references
[1941.308s][debug][gc,ref       ] GC(744) Skipped phase4 of Reference Processing due to unavailable references
[1941.308s][debug][gc,age       ] GC(744) Desired survivor size 15368192 bytes, new threshold 6 (max threshold 6)
[1941.308s][info ][gc,heap      ] GC(744) ParNew: 241539K->1638K(270336K)
[1941.308s][info ][gc,heap      ] GC(744) CMS: 263042K->263098K(600768K)
[1941.308s][info ][gc,metaspace ] GC(744) Metaspace: 58809K->58809K(1101824K)
[1941.308s][info ][gc           ] GC(744) Pause Young (Allocation Failure) 492M->258M(850M) 2.751ms
[1941.308s][info ][gc,cpu       ] GC(744) User=0.01s Sys=0.00s Real=0.00s
[1941.308s][info ][safepoint    ] Leaving safepoint region
[1941.308s][info ][safepoint    ] Total time for which application threads were stopped: 0.0029206 seconds, Stopping threads took: 0.0000372 seconds
[1942.308s][info ][safepoint    ] Application time: 1.0001801 seconds
[1942.308s][info ][safepoint    ] Entering safepoint region: Cleanup
[1942.308s][info ][safepoint    ] Leaving safepoint region
[1942.308s][info ][safepoint    ] Total time for which application threads were stopped: 0.0001851 seconds, Stopping threads took: 0.0000570 seconds
[1943.310s][info ][safepoint    ] Application time: 1.0017536 seconds
[1943.313s][info ][safepoint    ] Entering safepoint region: Cleanup
[1943.313s][info ][safepoint    ] Leaving safepoint region
[1943.313s][info ][safepoint    ] Total time for which application threads were stopped: 0.0031377 seconds, Stopping threads took: 0.0030453 seconds
[1944.313s][info ][safepoint    ] Application time: 1.0001079 seconds
[1944.319s][info ][safepoint    ] Entering safepoint region: Cleanup
[1944.319s][info ][safepoint    ] Leaving safepoint region
[1944.319s][info ][safepoint    ] Total time for which application threads were stopped: 0.0052854 seconds, Stopping threads took: 0.0051880 seconds
[1944.664s][info ][safepoint    ] Application time: 0.3454541 seconds
[1944.664s][info ][safepoint    ] Entering safepoint region: GenCollectForAllocation
[1944.664s][info ][gc,start     ] GC(745) Pause Young (Allocation Failure)
[1944.664s][info ][gc,task      ] GC(745) Using 4 workers of 4 for evacuation
[1944.667s][debug][gc,ref       ] GC(745) Skipped phase1 of Reference Processing due to unavailable references
[1944.667s][debug][gc,ref       ] GC(745) Skipped phase2 of Reference Processing due to unavailable references
[1944.667s][debug][gc,ref       ] GC(745) Skipped phase3 of Reference Processing due to unavailable references
[1944.667s][debug][gc,ref       ] GC(745) Skipped phase4 of Reference Processing due to unavailable references
[1944.667s][debug][gc,age       ] GC(745) Desired survivor size 15368192 bytes, new threshold 6 (max threshold 6)
[1944.667s][info ][gc,heap      ] GC(745) ParNew: 241958K->1131K(270336K)
[1944.667s][info ][gc,heap      ] GC(745) CMS: 263098K->263660K(600768K)
[1944.667s][info ][gc,metaspace ] GC(745) Metaspace: 58809K->58809K(1101824K)
[1944.667s][info ][gc           ] GC(745) Pause Young (Allocation Failure) 493M->258M(850M) 3.100ms
[1944.667s][info ][gc,cpu       ] GC(745) User=0.01s Sys=0.00s Real=0.00s
[1944.667s][info ][safepoint    ] Leaving safepoint region
[1944.667s][info ][safepoint    ] Total time for which application threads were stopped: 0.0032470 seconds, Stopping threads took: 0.0000160 seconds
[1945.667s][info ][safepoint    ] Application time: 1.0001100 seconds
[1945.668s][info ][safepoint    ] Entering safepoint region: Cleanup
[1945.668s][info ][safepoint    ] Leaving safepoint region
[1945.668s][info ][safepoint    ] Total time for which application threads were stopped: 0.0001019 seconds, Stopping threads took: 0.0000349 seconds
[1946.668s][info ][safepoint    ] Application time: 1.0000625 seconds
[1946.668s][info ][safepoint    ] Entering safepoint region: Cleanup
[1946.668s][info ][safepoint    ] Leaving safepoint region
[1946.668s][info ][safepoint    ] Total time for which application threads were stopped: 0.0000834 seconds, Stopping threads took: 0.0000216 seconds
[1947.668s][info ][safepoint    ] Application time: 1.0001541 seconds
[1947.668s][info ][safepoint    ] Entering safepoint region: Cleanup
[1947.668s][info ][safepoint    ] Leaving safepoint region
[1947.668s][info ][safepoint    ] Total time for which application threads were stopped: 0.0000751 seconds, Stopping threads took: 0.0000169 seconds
[1948.011s][info ][safepoint    ] Application time: 0.3431823 seconds
[1948.011s][info ][safepoint    ] Entering safepoint region: GenCollectForAllocation
[1948.011s][info ][gc,start     ] GC(746) Pause Young (Allocation Failure)
[1948.011s][info ][gc,task      ] GC(746) Using 4 workers of 4 for evacuation
[1948.014s][debug][gc,ref       ] GC(746) Skipped phase1 of Reference Processing due to unavailable references
[1948.014s][debug][gc,ref       ] GC(746) Skipped phase2 of Reference Processing due to unavailable references
[1948.014s][debug][gc,ref       ] GC(746) Skipped phase3 of Reference Processing due to unavailable references
[1948.014s][debug][gc,ref       ] GC(746) Skipped phase4 of Reference Processing due to unavailable references
[1948.014s][debug][gc,age       ] GC(746) Desired survivor size 15368192 bytes, new threshold 6 (max threshold 6)
[1948.014s][info ][gc,heap      ] GC(746) ParNew: 241451K->1101K(270336K)
[1948.014s][info ][gc,heap      ] GC(746) CMS: 263660K->263821K(600768K)
[1948.014s][info ][gc,metaspace ] GC(746) Metaspace: 58809K->58809K(1101824K)
[1948.014s][info ][gc           ] GC(746) Pause Young (Allocation Failure) 493M->258M(850M) 2.803ms
[1948.014s][info ][gc,cpu       ] GC(746) User=0.00s Sys=0.00s Real=0.00s
[1948.014s][info ][safepoint    ] Leaving safepoint region
[1948.014s][info ][safepoint    ] Total time for which application threads were stopped: 0.0029471 seconds, Stopping threads took: 0.0000161 seconds
[1949.014s][info ][safepoint    ] Application time: 1.0000935 seconds
[1949.014s][info ][safepoint    ] Entering safepoint region: Cleanup
[1949.015s][info ][safepoint    ] Leaving safepoint region
[1949.015s][info ][safepoint    ] Total time for which application threads were stopped: 0.0001459 seconds, Stopping threads took: 0.0000810 seconds
[1950.015s][info ][safepoint    ] Application time: 1.0001102 seconds
[1950.015s][info ][safepoint    ] Entering safepoint region: Cleanup
[1950.015s][info ][safepoint    ] Leaving safepoint region
[1950.015s][info ][safepoint    ] Total time for which application threads were stopped: 0.0001224 seconds, Stopping threads took: 0.0000558 seconds
[1951.015s][info ][safepoint    ] Application time: 1.0000989 seconds
[1951.015s][info ][safepoint    ] Entering safepoint region: Cleanup
[1951.015s][info ][safepoint    ] Leaving safepoint region
[1951.015s][info ][safepoint    ] Total time for which application threads were stopped: 0.0001562 seconds, Stopping threads took: 0.0000827 seconds
[1951.414s][info ][safepoint    ] Application time: 0.3984768 seconds
[1951.414s][info ][safepoint    ] Entering safepoint region: GenCollectForAllocation
[1951.414s][info ][gc,start     ] GC(747) Pause Young (Allocation Failure)
[1951.414s][info ][gc,task      ] GC(747) Using 4 workers of 4 for evacuation
[1951.416s][debug][gc,ref       ] GC(747) Skipped phase1 of Reference Processing due to unavailable references
[1951.416s][debug][gc,ref       ] GC(747) Skipped phase2 of Reference Processing due to unavailable references
[1951.416s][debug][gc,ref       ] GC(747) Skipped phase3 of Reference Processing due to unavailable references
[1951.416s][debug][gc,ref       ] GC(747) Skipped phase4 of Reference Processing due to unavailable references
[1951.416s][debug][gc,age       ] GC(747) Desired survivor size 15368192 bytes, new threshold 6 (max threshold 6)
[1951.416s][info ][gc,heap      ] GC(747) ParNew: 241421K->1160K(270336K)
[1951.416s][info ][gc,heap      ] GC(747) CMS: 263821K->263851K(600768K)
[1951.416s][info ][gc,metaspace ] GC(747) Metaspace: 58809K->58809K(1101824K)
[1951.416s][info ][gc           ] GC(747) Pause Young (Allocation Failure) 493M->258M(850M) 2.498ms
[1951.416s][info ][gc,cpu       ] GC(747) User=0.01s Sys=0.00s Real=0.00s
[1951.416s][info ][safepoint    ] Leaving safepoint region
[1951.416s][info ][safepoint    ] Total time for which application threads were stopped: 0.0026632 seconds, Stopping threads took: 0.0000174 seconds
[1952.416s][info ][safepoint    ] Application time: 1.0001089 seconds
[1952.416s][info ][safepoint    ] Entering safepoint region: Cleanup
[1952.417s][info ][safepoint    ] Leaving safepoint region
[1952.417s][info ][safepoint    ] Total time for which application threads were stopped: 0.0001310 seconds, Stopping threads took: 0.0000418 seconds
[1953.417s][info ][safepoint    ] Application time: 1.0001026 seconds
[1953.417s][info ][safepoint    ] Entering safepoint region: Cleanup
[1953.417s][info ][safepoint    ] Leaving safepoint region
[1953.417s][info ][safepoint    ] Total time for which application threads were stopped: 0.0002208 seconds, Stopping threads took: 0.0001544 seconds
[1954.417s][info ][safepoint    ] Application time: 1.0000937 seconds
[1954.417s][info ][safepoint    ] Entering safepoint region: Cleanup
[1954.417s][info ][safepoint    ] Leaving safepoint region
[1954.417s][info ][safepoint    ] Total time for which application threads were stopped: 0.0001219 seconds, Stopping threads took: 0.0000451 seconds
[1954.760s][info ][safepoint    ] Application time: 0.3423973 seconds
[1954.760s][info ][safepoint    ] Entering safepoint region: GenCollectForAllocation
[1954.760s][info ][gc,start     ] GC(748) Pause Young (Allocation Failure)
[1954.760s][info ][gc,task      ] GC(748) Using 4 workers of 4 for evacuation
[1954.762s][debug][gc,ref       ] GC(748) Skipped phase1 of Reference Processing due to unavailable references
[1954.762s][debug][gc,ref       ] GC(748) Skipped phase2 of Reference Processing due to unavailable references
[1954.762s][debug][gc,ref       ] GC(748) Skipped phase3 of Reference Processing due to unavailable references
[1954.762s][debug][gc,ref       ] GC(748) Skipped phase4 of Reference Processing due to unavailable references
[1954.762s][debug][gc,age       ] GC(748) Desired survivor size 15368192 bytes, new threshold 6 (max threshold 6)
[1954.762s][info ][gc,heap      ] GC(748) ParNew: 241480K->1433K(270336K)
[1954.762s][info ][gc,heap      ] GC(748) CMS: 263851K->263866K(600768K)
[1954.762s][info ][gc,metaspace ] GC(748) Metaspace: 58809K->58809K(1101824K)
[1954.762s][info ][gc           ] GC(748) Pause Young (Allocation Failure) 493M->259M(850M) 2.720ms
[1954.762s][info ][gc,cpu       ] GC(748) User=0.01s Sys=0.00s Real=0.01s
[1954.762s][info ][safepoint    ] Leaving safepoint region
[1954.762s][info ][safepoint    ] Total time for which application threads were stopped: 0.0029004 seconds, Stopping threads took: 0.0000167 seconds
[1955.763s][info ][safepoint    ] Application time: 1.0000956 seconds
[1955.763s][info ][safepoint    ] Entering safepoint region: Cleanup
[1955.763s][info ][safepoint    ] Leaving safepoint region
[1955.763s][info ][safepoint    ] Total time for which application threads were stopped: 0.0001116 seconds, Stopping threads took: 0.0000412 seconds
[1956.763s][info ][safepoint    ] Application time: 1.0000868 seconds
[1956.763s][info ][safepoint    ] Entering safepoint region: Cleanup
[1956.763s][info ][safepoint    ] Leaving safepoint region
[1956.763s][info ][safepoint    ] Total time for which application threads were stopped: 0.0001515 seconds, Stopping threads took: 0.0000763 seconds
[1957.763s][info ][safepoint    ] Application time: 1.0000638 seconds
[1957.763s][info ][safepoint    ] Entering safepoint region: Cleanup
[1957.763s][info ][safepoint    ] Leaving safepoint region
[1957.763s][info ][safepoint    ] Total time for which application threads were stopped: 0.0001122 seconds, Stopping threads took: 0.0000398 seconds
[1958.065s][info ][safepoint    ] Application time: 0.3017543 seconds
[1958.065s][info ][safepoint    ] Entering safepoint region: GenCollectForAllocation
[1958.065s][info ][gc,start     ] GC(749) Pause Young (Allocation Failure)
[1958.065s][info ][gc,task      ] GC(749) Using 4 workers of 4 for evacuation
[1958.068s][debug][gc,ref       ] GC(749) Skipped phase1 of Reference Processing due to unavailable references
[1958.068s][debug][gc,ref       ] GC(749) Skipped phase2 of Reference Processing due to unavailable references
[1958.068s][debug][gc,ref       ] GC(749) Skipped phase3 of Reference Processing due to unavailable references
[1958.068s][debug][gc,ref       ] GC(749) Skipped phase4 of Reference Processing due to unavailable references
[1958.068s][debug][gc,age       ] GC(749) Desired survivor size 15368192 bytes, new threshold 6 (max threshold 6)
[1958.068s][info ][gc,heap      ] GC(749) ParNew: 241753K->1667K(270336K)
[1958.068s][info ][gc,heap      ] GC(749) CMS: 263866K->264025K(600768K)
[1958.068s][info ][gc,metaspace ] GC(749) Metaspace: 58809K->58809K(1101824K)
[1958.068s][info ][gc           ] GC(749) Pause Young (Allocation Failure) 493M->259M(850M) 3.084ms
[1958.068s][info ][gc,cpu       ] GC(749) User=0.01s Sys=0.00s Real=0.00s
[1958.068s][info ][safepoint    ] Leaving safepoint region
[1958.068s][info ][safepoint    ] Total time for which application threads were stopped: 0.0032381 seconds, Stopping threads took: 0.0000167 seconds
[1959.069s][info ][safepoint    ] Application time: 1.0002351 seconds
[1959.069s][info ][safepoint    ] Entering safepoint region: Cleanup
[1959.069s][info ][safepoint    ] Leaving safepoint region
[1959.069s][info ][safepoint    ] Total time for which application threads were stopped: 0.0000758 seconds, Stopping threads took: 0.0000159 seconds
[1960.069s][info ][safepoint    ] Application time: 1.0000963 seconds
[1960.069s][info ][safepoint    ] Entering safepoint region: Cleanup
[1960.069s][info ][safepoint    ] Leaving safepoint region
[1960.069s][info ][safepoint    ] Total time for which application threads were stopped: 0.0001234 seconds, Stopping threads took: 0.0000208 seconds
[1961.069s][info ][safepoint    ] Application time: 1.0000843 seconds
[1961.071s][info ][safepoint    ] Entering safepoint region: Cleanup
[1961.071s][info ][safepoint    ] Leaving safepoint region
[1961.071s][info ][safepoint    ] Total time for which application threads were stopped: 0.0018183 seconds, Stopping threads took: 0.0016943 seconds
[1961.422s][info ][safepoint    ] Application time: 0.3509476 seconds
[1961.422s][info ][safepoint    ] Entering safepoint region: GenCollectForAllocation
[1961.422s][info ][gc,start     ] GC(750) Pause Young (Allocation Failure)
[1961.422s][info ][gc,task      ] GC(750) Using 4 workers of 4 for evacuation
[1961.425s][debug][gc,ref       ] GC(750) Skipped phase1 of Reference Processing due to unavailable references
[1961.425s][debug][gc,ref       ] GC(750) Skipped phase2 of Reference Processing due to unavailable references
[1961.425s][debug][gc,ref       ] GC(750) Skipped phase3 of Reference Processing due to unavailable references
[1961.425s][debug][gc,ref       ] GC(750) Skipped phase4 of Reference Processing due to unavailable references
[1961.425s][debug][gc,age       ] GC(750) Desired survivor size 15368192 bytes, new threshold 6 (max threshold 6)
[1961.425s][info ][gc,heap      ] GC(750) ParNew: 241987K->1561K(270336K)
[1961.425s][info ][gc,heap      ] GC(750) CMS: 264025K->264301K(600768K)
[1961.425s][info ][gc,metaspace ] GC(750) Metaspace: 58809K->58809K(1101824K)
[1961.425s][info ][gc           ] GC(750) Pause Young (Allocation Failure) 494M->259M(850M) 2.935ms
[1961.425s][info ][gc,cpu       ] GC(750) User=0.00s Sys=0.01s Real=0.01s
[1961.425s][info ][safepoint    ] Leaving safepoint region
[1961.425s][info ][safepoint    ] Total time for which application threads were stopped: 0.0030956 seconds, Stopping threads took: 0.0000175 seconds
[1962.429s][info ][safepoint    ] Application time: 1.0037641 seconds
[1962.431s][info ][safepoint    ] Entering safepoint region: Cleanup
[1962.431s][info ][safepoint    ] Leaving safepoint region
[1962.431s][info ][safepoint    ] Total time for which application threads were stopped: 0.0022649 seconds, Stopping threads took: 0.0021852 seconds
[1963.431s][info ][safepoint    ] Application time: 1.0000921 seconds
[1963.431s][info ][safepoint    ] Entering safepoint region: Cleanup
[1963.431s][info ][safepoint    ] Leaving safepoint region
[1963.431s][info ][safepoint    ] Total time for which application threads were stopped: 0.0000764 seconds, Stopping threads took: 0.0000187 seconds
[1964.431s][info ][safepoint    ] Application time: 1.0000414 seconds
[1964.434s][info ][safepoint    ] Entering safepoint region: Cleanup
[1964.434s][info ][safepoint    ] Leaving safepoint region
[1964.434s][info ][safepoint    ] Total time for which application threads were stopped: 0.0028760 seconds, Stopping threads took: 0.0027932 seconds
[1964.824s][info ][safepoint    ] Application time: 0.3902338 seconds
[1964.824s][info ][safepoint    ] Entering safepoint region: GenCollectForAllocation
[1964.825s][info ][gc,start     ] GC(751) Pause Young (Allocation Failure)
[1964.825s][info ][gc,task      ] GC(751) Using 4 workers of 4 for evacuation
[1964.827s][debug][gc,ref       ] GC(751) Skipped phase1 of Reference Processing due to unavailable references
[1964.827s][debug][gc,ref       ] GC(751) Skipped phase2 of Reference Processing due to unavailable references
[1964.827s][debug][gc,ref       ] GC(751) Skipped phase3 of Reference Processing due to unavailable references
[1964.827s][debug][gc,ref       ] GC(751) Skipped phase4 of Reference Processing due to unavailable references
[1964.827s][debug][gc,age       ] GC(751) Desired survivor size 15368192 bytes, new threshold 6 (max threshold 6)
[1964.827s][info ][gc,heap      ] GC(751) ParNew: 241881K->1560K(270336K)
[1964.827s][info ][gc,heap      ] GC(751) CMS: 264301K->264340K(600768K)
[1964.827s][info ][gc,metaspace ] GC(751) Metaspace: 58809K->58809K(1101824K)
[1964.827s][info ][gc           ] GC(751) Pause Young (Allocation Failure) 494M->259M(850M) 2.723ms
[1964.827s][info ][gc,cpu       ] GC(751) User=0.01s Sys=0.00s Real=0.00s
[1964.827s][info ][safepoint    ] Leaving safepoint region
[1964.827s][info ][safepoint    ] Total time for which application threads were stopped: 0.0028724 seconds, Stopping threads took: 0.0000176 seconds
[1965.831s][info ][safepoint    ] Application time: 1.0035163 seconds
[1965.831s][info ][safepoint    ] Entering safepoint region: Cleanup
[1965.831s][info ][safepoint    ] Leaving safepoint region
[1965.831s][info ][safepoint    ] Total time for which application threads were stopped: 0.0000753 seconds, Stopping threads took: 0.0000177 seconds
[1966.831s][info ][safepoint    ] Application time: 1.0000808 seconds
[1966.831s][info ][safepoint    ] Entering safepoint region: Cleanup
[1966.831s][info ][safepoint    ] Leaving safepoint region
[1966.831s][info ][safepoint    ] Total time for which application threads were stopped: 0.0000756 seconds, Stopping threads took: 0.0000188 seconds
[1967.835s][info ][safepoint    ] Application time: 1.0035105 seconds
[1967.835s][info ][safepoint    ] Entering safepoint region: Cleanup
[1967.835s][info ][safepoint    ] Leaving safepoint region
[1967.835s][info ][safepoint    ] Total time for which application threads were stopped: 0.0000865 seconds, Stopping threads took: 0.0000190 seconds
[1968.262s][info ][safepoint    ] Application time: 0.4270082 seconds
[1968.262s][info ][safepoint    ] Entering safepoint region: GenCollectForAllocation
[1968.262s][info ][gc,start     ] GC(752) Pause Young (Allocation Failure)
[1968.262s][info ][gc,task      ] GC(752) Using 4 workers of 4 for evacuation
[1968.264s][debug][gc,ref       ] GC(752) Skipped phase1 of Reference Processing due to unavailable references
[1968.264s][debug][gc,ref       ] GC(752) Skipped phase2 of Reference Processing due to unavailable references
[1968.264s][debug][gc,ref       ] GC(752) Skipped phase3 of Reference Processing due to unavailable references
[1968.264s][debug][gc,ref       ] GC(752) Skipped phase4 of Reference Processing due to unavailable references
[1968.264s][debug][gc,age       ] GC(752) Desired survivor size 15368192 bytes, new threshold 6 (max threshold 6)
[1968.264s][info ][gc,heap      ] GC(752) ParNew: 241880K->1344K(270336K)
[1968.265s][info ][gc,heap      ] GC(752) CMS: 264340K->264374K(600768K)
[1968.265s][info ][gc,metaspace ] GC(752) Metaspace: 58809K->58809K(1101824K)
[1968.265s][info ][gc           ] GC(752) Pause Young (Allocation Failure) 494M->259M(850M) 2.630ms
[1968.265s][info ][gc,cpu       ] GC(752) User=0.01s Sys=0.00s Real=0.01s
[1968.265s][info ][safepoint    ] Leaving safepoint region
[1968.265s][info ][safepoint    ] Total time for which application threads were stopped: 0.0027731 seconds, Stopping threads took: 0.0000157 seconds
[1969.265s][info ][safepoint    ] Application time: 1.0001020 seconds
[1969.265s][info ][safepoint    ] Entering safepoint region: Cleanup
[1969.265s][info ][safepoint    ] Leaving safepoint region
[1969.265s][info ][safepoint    ] Total time for which application threads were stopped: 0.0001202 seconds, Stopping threads took: 0.0000435 seconds
[1970.265s][info ][safepoint    ] Application time: 1.0001182 seconds
[1970.265s][info ][safepoint    ] Entering safepoint region: Cleanup
[1970.265s][info ][safepoint    ] Leaving safepoint region
[1970.265s][info ][safepoint    ] Total time for which application threads were stopped: 0.0002069 seconds, Stopping threads took: 0.0000547 seconds
[1971.265s][info ][safepoint    ] Application time: 1.0001199 seconds
[1971.265s][info ][safepoint    ] Entering safepoint region: Cleanup
[1971.266s][info ][safepoint    ] Leaving safepoint region
[1971.266s][info ][safepoint    ] Total time for which application threads were stopped: 0.0001151 seconds, Stopping threads took: 0.0000398 seconds
[1971.656s][info ][safepoint    ] Application time: 0.3901214 seconds
[1971.656s][info ][safepoint    ] Entering safepoint region: GenCollectForAllocation
[1971.656s][info ][gc,start     ] GC(753) Pause Young (Allocation Failure)
[1971.656s][info ][gc,task      ] GC(753) Using 4 workers of 4 for evacuation
[1971.658s][debug][gc,ref       ] GC(753) Skipped phase1 of Reference Processing due to unavailable references
[1971.658s][debug][gc,ref       ] GC(753) Skipped phase2 of Reference Processing due to unavailable references
[1971.658s][debug][gc,ref       ] GC(753) Skipped phase3 of Reference Processing due to unavailable references
[1971.658s][debug][gc,ref       ] GC(753) Skipped phase4 of Reference Processing due to unavailable references
[1971.659s][debug][gc,age       ] GC(753) Desired survivor size 15368192 bytes, new threshold 6 (max threshold 6)
[1971.659s][info ][gc,heap      ] GC(753) ParNew: 241664K->1584K(270336K)
[1971.659s][info ][gc,heap      ] GC(753) CMS: 264374K->264487K(600768K)
[1971.659s][info ][gc,metaspace ] GC(753) Metaspace: 58809K->58809K(1101824K)
[1971.659s][info ][gc           ] GC(753) Pause Young (Allocation Failure) 494M->259M(850M) 2.697ms
[1971.659s][info ][gc,cpu       ] GC(753) User=0.01s Sys=0.00s Real=0.00s
[1971.659s][info ][safepoint    ] Leaving safepoint region
[1971.659s][info ][safepoint    ] Total time for which application threads were stopped: 0.0029533 seconds, Stopping threads took: 0.0000795 seconds
[1972.659s][info ][safepoint    ] Application time: 1.0000945 seconds
[1972.659s][info ][safepoint    ] Entering safepoint region: Cleanup
[1972.659s][info ][safepoint    ] Leaving safepoint region
[1972.659s][info ][safepoint    ] Total time for which application threads were stopped: 0.0001289 seconds, Stopping threads took: 0.0000617 seconds
[1973.659s][info ][safepoint    ] Application time: 1.0001013 seconds
[1973.659s][info ][safepoint    ] Entering safepoint region: Cleanup
[1973.659s][info ][safepoint    ] Leaving safepoint region
[1973.659s][info ][safepoint    ] Total time for which application threads were stopped: 0.0001282 seconds, Stopping threads took: 0.0000588 seconds
[1974.659s][info ][safepoint    ] Application time: 1.0001132 seconds
[1974.659s][info ][safepoint    ] Entering safepoint region: Cleanup
[1974.659s][info ][safepoint    ] Leaving safepoint region
[1974.659s][info ][safepoint    ] Total time for which application threads were stopped: 0.0001027 seconds, Stopping threads took: 0.0000404 seconds
[1975.005s][info ][safepoint    ] Application time: 0.3455099 seconds
[1975.005s][info ][safepoint    ] Entering safepoint region: GenCollectForAllocation
[1975.005s][info ][gc,start     ] GC(754) Pause Young (Allocation Failure)
[1975.005s][info ][gc,task      ] GC(754) Using 4 workers of 4 for evacuation
[1975.007s][debug][gc,ref       ] GC(754) Skipped phase1 of Reference Processing due to unavailable references
[1975.007s][debug][gc,ref       ] GC(754) Skipped phase2 of Reference Processing due to unavailable references
[1975.007s][debug][gc,ref       ] GC(754) Skipped phase3 of Reference Processing due to unavailable references
[1975.007s][debug][gc,ref       ] GC(754) Skipped phase4 of Reference Processing due to unavailable references
[1975.008s][debug][gc,age       ] GC(754) Desired survivor size 15368192 bytes, new threshold 6 (max threshold 6)
[1975.008s][info ][gc,heap      ] GC(754) ParNew: 241904K->1562K(270336K)
[1975.008s][info ][gc,heap      ] GC(754) CMS: 264487K->265021K(600768K)
[1975.008s][info ][gc,metaspace ] GC(754) Metaspace: 58809K->58809K(1101824K)
[1975.008s][info ][gc           ] GC(754) Pause Young (Allocation Failure) 494M->260M(850M) 2.527ms
[1975.008s][info ][gc,cpu       ] GC(754) User=0.01s Sys=0.00s Real=0.00s
[1975.008s][info ][safepoint    ] Leaving safepoint region
[1975.008s][info ][safepoint    ] Total time for which application threads were stopped: 0.0027198 seconds, Stopping threads took: 0.0000417 seconds
[1976.008s][info ][safepoint    ] Application time: 1.0000985 seconds
[1976.008s][info ][safepoint    ] Entering safepoint region: Cleanup
[1976.008s][info ][safepoint    ] Leaving safepoint region
[1976.008s][info ][safepoint    ] Total time for which application threads were stopped: 0.0001256 seconds, Stopping threads took: 0.0000558 seconds
[1977.008s][info ][safepoint    ] Application time: 1.0001714 seconds
[1977.008s][info ][safepoint    ] Entering safepoint region: Cleanup
[1977.008s][info ][safepoint    ] Leaving safepoint region
[1977.008s][info ][safepoint    ] Total time for which application threads were stopped: 0.0001024 seconds, Stopping threads took: 0.0000426 seconds
[1978.008s][info ][safepoint    ] Application time: 1.0000946 seconds
[1978.008s][info ][safepoint    ] Entering safepoint region: Cleanup
[1978.009s][info ][safepoint    ] Leaving safepoint region
[1978.009s][info ][safepoint    ] Total time for which application threads were stopped: 0.0001098 seconds, Stopping threads took: 0.0000386 seconds
[1978.265s][info ][safepoint    ] Application time: 0.2569645 seconds
[1978.266s][info ][safepoint    ] Entering safepoint region: GenCollectForAllocation
[1978.266s][info ][gc,start     ] GC(755) Pause Young (Allocation Failure)
[1978.266s][info ][gc,task      ] GC(755) Using 4 workers of 4 for evacuation
[1978.269s][debug][gc,ref       ] GC(755) Skipped phase1 of Reference Processing due to unavailable references
[1978.269s][debug][gc,ref       ] GC(755) Skipped phase2 of Reference Processing due to unavailable references
[1978.269s][debug][gc,ref       ] GC(755) Skipped phase3 of Reference Processing due to unavailable references
[1978.269s][debug][gc,ref       ] GC(755) Skipped phase4 of Reference Processing due to unavailable references
[1978.269s][debug][gc,age       ] GC(755) Desired survivor size 15368192 bytes, new threshold 6 (max threshold 6)
[1978.269s][info ][gc,heap      ] GC(755) ParNew: 241882K->1503K(270336K)
[1978.269s][info ][gc,heap      ] GC(755) CMS: 265021K->265236K(600768K)
[1978.269s][info ][gc,metaspace ] GC(755) Metaspace: 58809K->58809K(1101824K)
[1978.269s][info ][gc           ] GC(755) Pause Young (Allocation Failure) 495M->260M(850M) 3.237ms
[1978.269s][info ][gc,cpu       ] GC(755) User=0.01s Sys=0.00s Real=0.00s
[1978.269s][info ][safepoint    ] Leaving safepoint region
[1978.269s][info ][safepoint    ] Total time for which application threads were stopped: 0.0033979 seconds, Stopping threads took: 0.0000165 seconds
[1979.269s][info ][safepoint    ] Application time: 1.0000784 seconds
[1979.269s][info ][safepoint    ] Entering safepoint region: Cleanup
[1979.269s][info ][safepoint    ] Leaving safepoint region
[1979.269s][info ][safepoint    ] Total time for which application threads were stopped: 0.0001099 seconds, Stopping threads took: 0.0000409 seconds
[1980.269s][info ][safepoint    ] Application time: 1.0000941 seconds
[1980.269s][info ][safepoint    ] Entering safepoint region: Cleanup
[1980.269s][info ][safepoint    ] Leaving safepoint region
[1980.269s][info ][safepoint    ] Total time for which application threads were stopped: 0.0000732 seconds, Stopping threads took: 0.0000183 seconds
[1981.269s][info ][safepoint    ] Application time: 1.0001077 seconds
[1981.270s][info ][safepoint    ] Entering safepoint region: Cleanup
[1981.270s][info ][safepoint    ] Leaving safepoint region
[1981.270s][info ][safepoint    ] Total time for which application threads were stopped: 0.0000850 seconds, Stopping threads took: 0.0000175 seconds
[1981.510s][info ][safepoint    ] Application time: 0.2408730 seconds
[1981.511s][info ][safepoint    ] Entering safepoint region: GenCollectForAllocation
[1981.511s][info ][gc,start     ] GC(756) Pause Young (Allocation Failure)
[1981.511s][info ][gc,task      ] GC(756) Using 4 workers of 4 for evacuation
[1981.513s][debug][gc,ref       ] GC(756) Skipped phase1 of Reference Processing due to unavailable references
[1981.513s][debug][gc,ref       ] GC(756) Skipped phase2 of Reference Processing due to unavailable references
[1981.513s][debug][gc,ref       ] GC(756) Skipped phase3 of Reference Processing due to unavailable references
[1981.513s][debug][gc,ref       ] GC(756) Skipped phase4 of Reference Processing due to unavailable references
[1981.513s][debug][gc,age       ] GC(756) Desired survivor size 15368192 bytes, new threshold 6 (max threshold 6)
[1981.513s][info ][gc,heap      ] GC(756) ParNew: 241823K->1611K(270336K)
[1981.513s][info ][gc,heap      ] GC(756) CMS: 265236K->265339K(600768K)
[1981.513s][info ][gc,metaspace ] GC(756) Metaspace: 58809K->58809K(1101824K)
[1981.513s][info ][gc           ] GC(756) Pause Young (Allocation Failure) 495M->260M(850M) 2.813ms
[1981.513s][info ][gc,cpu       ] GC(756) User=0.01s Sys=0.00s Real=0.00s
[1981.513s][info ][safepoint    ] Leaving safepoint region
[1981.513s][info ][safepoint    ] Total time for which application threads were stopped: 0.0029747 seconds, Stopping threads took: 0.0000171 seconds
[1982.514s][info ][safepoint    ] Application time: 1.0000965 seconds
[1982.514s][info ][safepoint    ] Entering safepoint region: Cleanup
[1982.514s][info ][safepoint    ] Leaving safepoint region
[1982.514s][info ][safepoint    ] Total time for which application threads were stopped: 0.0000991 seconds, Stopping threads took: 0.0000416 seconds
[1983.514s][info ][safepoint    ] Application time: 1.0000975 seconds
[1983.514s][info ][safepoint    ] Entering safepoint region: Cleanup
[1983.514s][info ][safepoint    ] Leaving safepoint region
[1983.514s][info ][safepoint    ] Total time for which application threads were stopped: 0.0001669 seconds, Stopping threads took: 0.0000806 seconds
[1984.514s][info ][safepoint    ] Application time: 1.0000993 seconds
[1984.514s][info ][safepoint    ] Entering safepoint region: Cleanup
[1984.514s][info ][safepoint    ] Leaving safepoint region
[1984.514s][info ][safepoint    ] Total time for which application threads were stopped: 0.0001109 seconds, Stopping threads took: 0.0000415 seconds
[1984.796s][info ][safepoint    ] Application time: 0.2820746 seconds
[1984.796s][info ][safepoint    ] Entering safepoint region: GenCollectForAllocation
[1984.797s][info ][gc,start     ] GC(757) Pause Young (Allocation Failure)
[1984.797s][info ][gc,task      ] GC(757) Using 4 workers of 4 for evacuation
[1984.799s][debug][gc,ref       ] GC(757) Skipped phase1 of Reference Processing due to unavailable references
[1984.799s][debug][gc,ref       ] GC(757) Skipped phase2 of Reference Processing due to unavailable references
[1984.799s][debug][gc,ref       ] GC(757) Skipped phase3 of Reference Processing due to unavailable references
[1984.799s][debug][gc,ref       ] GC(757) Skipped phase4 of Reference Processing due to unavailable references
[1984.799s][debug][gc,age       ] GC(757) Desired survivor size 15368192 bytes, new threshold 6 (max threshold 6)
[1984.799s][info ][gc,heap      ] GC(757) ParNew: 241931K->1317K(270336K)
[1984.799s][info ][gc,heap      ] GC(757) CMS: 265339K->265441K(600768K)
[1984.799s][info ][gc,metaspace ] GC(757) Metaspace: 58809K->58809K(1101824K)
[1984.799s][info ][gc           ] GC(757) Pause Young (Allocation Failure) 495M->260M(850M) 2.429ms
[1984.799s][info ][gc,cpu       ] GC(757) User=0.01s Sys=0.00s Real=0.00s
[1984.799s][info ][safepoint    ] Leaving safepoint region
[1984.799s][info ][safepoint    ] Total time for which application threads were stopped: 0.0026015 seconds, Stopping threads took: 0.0000384 seconds
[1985.799s][info ][safepoint    ] Application time: 1.0001077 seconds
[1985.799s][info ][safepoint    ] Entering safepoint region: Cleanup
[1985.799s][info ][safepoint    ] Leaving safepoint region
[1985.799s][info ][safepoint    ] Total time for which application threads were stopped: 0.0000809 seconds, Stopping threads took: 0.0000205 seconds
[1986.799s][info ][safepoint    ] Application time: 1.0000705 seconds
[1986.799s][info ][safepoint    ] Entering safepoint region: Cleanup
[1986.799s][info ][safepoint    ] Leaving safepoint region
[1986.799s][info ][safepoint    ] Total time for which application threads were stopped: 0.0000732 seconds, Stopping threads took: 0.0000173 seconds
[1987.799s][info ][safepoint    ] Application time: 1.0000518 seconds
[1987.800s][info ][safepoint    ] Entering safepoint region: Cleanup
[1987.800s][info ][safepoint    ] Leaving safepoint region
[1987.800s][info ][safepoint    ] Total time for which application threads were stopped: 0.0000897 seconds, Stopping threads took: 0.0000177 seconds
[1988.055s][info ][safepoint    ] Application time: 0.2550680 seconds
[1988.055s][info ][safepoint    ] Entering safepoint region: GenCollectForAllocation
[1988.055s][info ][gc,start     ] GC(758) Pause Young (Allocation Failure)
[1988.055s][info ][gc,task      ] GC(758) Using 4 workers of 4 for evacuation
[1988.057s][debug][gc,ref       ] GC(758) Skipped phase1 of Reference Processing due to unavailable references
[1988.057s][debug][gc,ref       ] GC(758) Skipped phase2 of Reference Processing due to unavailable references
[1988.057s][debug][gc,ref       ] GC(758) Skipped phase3 of Reference Processing due to unavailable references
[1988.057s][debug][gc,ref       ] GC(758) Skipped phase4 of Reference Processing due to unavailable references
[1988.058s][debug][gc,age       ] GC(758) Desired survivor size 15368192 bytes, new threshold 6 (max threshold 6)
[1988.058s][info ][gc,heap      ] GC(758) ParNew: 241637K->2119K(270336K)
[1988.058s][info ][gc,heap      ] GC(758) CMS: 265441K->265536K(600768K)
[1988.058s][info ][gc,metaspace ] GC(758) Metaspace: 58810K->58810K(1101824K)
[1988.058s][info ][gc           ] GC(758) Pause Young (Allocation Failure) 495M->261M(850M) 2.689ms
[1988.058s][info ][gc,cpu       ] GC(758) User=0.01s Sys=0.00s Real=0.00s
[1988.058s][info ][safepoint    ] Leaving safepoint region
[1988.058s][info ][safepoint    ] Total time for which application threads were stopped: 0.0029723 seconds, Stopping threads took: 0.0000469 seconds
[1989.058s][info ][safepoint    ] Application time: 1.0001154 seconds
[1989.058s][info ][safepoint    ] Entering safepoint region: Cleanup
[1989.058s][info ][safepoint    ] Leaving safepoint region
[1989.058s][info ][safepoint    ] Total time for which application threads were stopped: 0.0001344 seconds, Stopping threads took: 0.0000635 seconds
[1990.058s][info ][safepoint    ] Application time: 1.0001209 seconds
[1990.058s][info ][safepoint    ] Entering safepoint region: Cleanup
[1990.058s][info ][safepoint    ] Leaving safepoint region
[1990.058s][info ][safepoint    ] Total time for which application threads were stopped: 0.0001153 seconds, Stopping threads took: 0.0000433 seconds
[1991.058s][info ][safepoint    ] Application time: 1.0000870 seconds
[1991.058s][info ][safepoint    ] Entering safepoint region: Cleanup
[1991.058s][info ][safepoint    ] Leaving safepoint region
[1991.058s][info ][safepoint    ] Total time for which application threads were stopped: 0.0001355 seconds, Stopping threads took: 0.0000599 seconds
[1991.467s][info ][safepoint    ] Application time: 0.4080178 seconds
[1991.467s][info ][safepoint    ] Entering safepoint region: GenCollectForAllocation
[1991.467s][info ][gc,start     ] GC(759) Pause Young (Allocation Failure)
[1991.467s][info ][gc,task      ] GC(759) Using 4 workers of 4 for evacuation
[1991.469s][debug][gc,ref       ] GC(759) Skipped phase1 of Reference Processing due to unavailable references
[1991.469s][debug][gc,ref       ] GC(759) Skipped phase2 of Reference Processing due to unavailable references
[1991.469s][debug][gc,ref       ] GC(759) Skipped phase3 of Reference Processing due to unavailable references
[1991.469s][debug][gc,ref       ] GC(759) Skipped phase4 of Reference Processing due to unavailable references
[1991.469s][debug][gc,age       ] GC(759) Desired survivor size 15368192 bytes, new threshold 6 (max threshold 6)
[1991.469s][info ][gc,heap      ] GC(759) ParNew: 242439K->2073K(270336K)
[1991.469s][info ][gc,heap      ] GC(759) CMS: 265536K->265763K(600768K)
[1991.469s][info ][gc,metaspace ] GC(759) Metaspace: 58810K->58810K(1101824K)
[1991.469s][info ][gc           ] GC(759) Pause Young (Allocation Failure) 496M->261M(850M) 2.780ms
[1991.469s][info ][gc,cpu       ] GC(759) User=0.01s Sys=0.00s Real=0.00s
[1991.469s][info ][safepoint    ] Leaving safepoint region
[1991.469s][info ][safepoint    ] Total time for which application threads were stopped: 0.0029338 seconds, Stopping threads took: 0.0000170 seconds
[1992.470s][info ][safepoint    ] Application time: 1.0000977 seconds
[1992.470s][info ][safepoint    ] Entering safepoint region: Cleanup
[1992.470s][info ][safepoint    ] Leaving safepoint region
[1992.470s][info ][safepoint    ] Total time for which application threads were stopped: 0.0000778 seconds, Stopping threads took: 0.0000168 seconds
[1993.470s][info ][safepoint    ] Application time: 1.0000955 seconds
[1993.470s][info ][safepoint    ] Entering safepoint region: Cleanup
[1993.470s][info ][safepoint    ] Leaving safepoint region
[1993.470s][info ][safepoint    ] Total time for which application threads were stopped: 0.0001085 seconds, Stopping threads took: 0.0000459 seconds
[1994.470s][info ][safepoint    ] Application time: 1.0000875 seconds
[1994.470s][info ][safepoint    ] Entering safepoint region: Cleanup
[1994.470s][info ][safepoint    ] Leaving safepoint region
[1994.470s][info ][safepoint    ] Total time for which application threads were stopped: 0.0001313 seconds, Stopping threads took: 0.0000713 seconds
[1994.955s][info ][safepoint    ] Application time: 0.4846052 seconds
[1994.955s][info ][safepoint    ] Entering safepoint region: GenCollectForAllocation
[1994.955s][info ][gc,start     ] GC(760) Pause Young (Allocation Failure)
[1994.955s][info ][gc,task      ] GC(760) Using 4 workers of 4 for evacuation
[1994.958s][debug][gc,ref       ] GC(760) Skipped phase1 of Reference Processing due to unavailable references
[1994.958s][debug][gc,ref       ] GC(760) Skipped phase2 of Reference Processing due to unavailable references
[1994.958s][debug][gc,ref       ] GC(760) Skipped phase3 of Reference Processing due to unavailable references
[1994.958s][debug][gc,ref       ] GC(760) Skipped phase4 of Reference Processing due to unavailable references
[1994.958s][debug][gc,age       ] GC(760) Desired survivor size 15368192 bytes, new threshold 6 (max threshold 6)
[1994.958s][info ][gc,heap      ] GC(760) ParNew: 242393K->1718K(270336K)
[1994.958s][info ][gc,heap      ] GC(760) CMS: 265763K->266023K(600768K)
[1994.958s][info ][gc,metaspace ] GC(760) Metaspace: 58810K->58810K(1101824K)
[1994.958s][info ][gc           ] GC(760) Pause Young (Allocation Failure) 496M->261M(850M) 2.894ms
[1994.958s][info ][gc,cpu       ] GC(760) User=0.01s Sys=0.00s Real=0.00s
[1994.958s][info ][safepoint    ] Leaving safepoint region
[1994.958s][info ][safepoint    ] Total time for which application threads were stopped: 0.0032273 seconds, Stopping threads took: 0.0001003 seconds
[1995.958s][info ][safepoint    ] Application time: 1.0001100 seconds
[1995.958s][info ][safepoint    ] Entering safepoint region: Cleanup
[1995.958s][info ][safepoint    ] Leaving safepoint region
[1995.958s][info ][safepoint    ] Total time for which application threads were stopped: 0.0001143 seconds, Stopping threads took: 0.0000502 seconds
[1996.958s][info ][safepoint    ] Application time: 1.0000951 seconds
[1996.959s][info ][safepoint    ] Entering safepoint region: Cleanup
[1996.959s][info ][safepoint    ] Leaving safepoint region
[1996.959s][info ][safepoint    ] Total time for which application threads were stopped: 0.0001130 seconds, Stopping threads took: 0.0000420 seconds
[1997.959s][info ][safepoint    ] Application time: 1.0000986 seconds
[1997.959s][info ][safepoint    ] Entering safepoint region: Cleanup
[1997.959s][info ][safepoint    ] Leaving safepoint region
[1997.959s][info ][safepoint    ] Total time for which application threads were stopped: 0.0001116 seconds, Stopping threads took: 0.0000414 seconds
[1998.357s][info ][safepoint    ] Application time: 0.3977084 seconds
[1998.357s][info ][safepoint    ] Entering safepoint region: GenCollectForAllocation
[1998.357s][info ][gc,start     ] GC(761) Pause Young (Allocation Failure)
[1998.357s][info ][gc,task      ] GC(761) Using 4 workers of 4 for evacuation
[1998.359s][debug][gc,ref       ] GC(761) Skipped phase1 of Reference Processing due to unavailable references
[1998.359s][debug][gc,ref       ] GC(761) Skipped phase2 of Reference Processing due to unavailable references
[1998.359s][debug][gc,ref       ] GC(761) Skipped phase3 of Reference Processing due to unavailable references
[1998.359s][debug][gc,ref       ] GC(761) Skipped phase4 of Reference Processing due to unavailable references
[1998.360s][debug][gc,age       ] GC(761) Desired survivor size 15368192 bytes, new threshold 6 (max threshold 6)
[1998.360s][info ][gc,heap      ] GC(761) ParNew: 242038K->1567K(270336K)
[1998.360s][info ][gc,heap      ] GC(761) CMS: 266023K->266267K(600768K)
[1998.360s][info ][gc,metaspace ] GC(761) Metaspace: 58812K->58812K(1101824K)
[1998.360s][info ][gc           ] GC(761) Pause Young (Allocation Failure) 496M->261M(850M) 2.791ms
[1998.360s][info ][gc,cpu       ] GC(761) User=0.01s Sys=0.00s Real=0.00s
[1998.360s][info ][safepoint    ] Leaving safepoint region
[1998.360s][info ][safepoint    ] Total time for which application threads were stopped: 0.0031979 seconds, Stopping threads took: 0.0001095 seconds
[1999.360s][info ][safepoint    ] Application time: 1.0001258 seconds
[1999.360s][info ][safepoint    ] Entering safepoint region: Cleanup
[1999.360s][info ][safepoint    ] Leaving safepoint region
[1999.360s][info ][safepoint    ] Total time for which application threads were stopped: 0.0001322 seconds, Stopping threads took: 0.0000562 seconds
[2000.360s][info ][safepoint    ] Application time: 1.0000906 seconds
[2000.360s][info ][safepoint    ] Entering safepoint region: Cleanup
[2000.360s][info ][safepoint    ] Leaving safepoint region
[2000.360s][info ][safepoint    ] Total time for which application threads were stopped: 0.0001250 seconds, Stopping threads took: 0.0000627 seconds
[2001.361s][info ][safepoint    ] Application time: 1.0001119 seconds
[2001.361s][info ][safepoint    ] Entering safepoint region: Cleanup
[2001.361s][info ][safepoint    ] Leaving safepoint region
[2001.361s][info ][safepoint    ] Total time for which application threads were stopped: 0.0001975 seconds, Stopping threads took: 0.0001069 seconds
[2001.661s][info ][safepoint    ] Application time: 0.2998986 seconds
[2001.661s][info ][safepoint    ] Entering safepoint region: GenCollectForAllocation
[2001.661s][info ][gc,start     ] GC(762) Pause Young (Allocation Failure)
[2001.661s][info ][gc,task      ] GC(762) Using 4 workers of 4 for evacuation
[2001.663s][debug][gc,ref       ] GC(762) Skipped phase1 of Reference Processing due to unavailable references
[2001.663s][debug][gc,ref       ] GC(762) Skipped phase2 of Reference Processing due to unavailable references
[2001.663s][debug][gc,ref       ] GC(762) Skipped phase3 of Reference Processing due to unavailable references
[2001.663s][debug][gc,ref       ] GC(762) Skipped phase4 of Reference Processing due to unavailable references
[2001.664s][debug][gc,age       ] GC(762) Desired survivor size 15368192 bytes, new threshold 6 (max threshold 6)
[2001.664s][info ][gc,heap      ] GC(762) ParNew: 241887K->1562K(270336K)
[2001.664s][info ][gc,heap      ] GC(762) CMS: 266267K->266290K(600768K)
[2001.664s][info ][gc,metaspace ] GC(762) Metaspace: 58812K->58812K(1101824K)
[2001.664s][info ][gc           ] GC(762) Pause Young (Allocation Failure) 496M->261M(850M) 2.867ms
[2001.664s][info ][gc,cpu       ] GC(762) User=0.01s Sys=0.00s Real=0.01s
[2001.664s][info ][safepoint    ] Leaving safepoint region
[2001.664s][info ][safepoint    ] Total time for which application threads were stopped: 0.0030269 seconds, Stopping threads took: 0.0000165 seconds
[2002.664s][info ][safepoint    ] Application time: 1.0001081 seconds
[2002.664s][info ][safepoint    ] Entering safepoint region: Cleanup
[2002.664s][info ][safepoint    ] Leaving safepoint region
[2002.664s][info ][safepoint    ] Total time for which application threads were stopped: 0.0001987 seconds, Stopping threads took: 0.0000455 seconds
[2003.664s][info ][safepoint    ] Application time: 1.0001565 seconds
[2003.664s][info ][safepoint    ] Entering safepoint region: Cleanup
[2003.664s][info ][safepoint    ] Leaving safepoint region
[2003.664s][info ][safepoint    ] Total time for which application threads were stopped: 0.0001219 seconds, Stopping threads took: 0.0000547 seconds
[2004.665s][info ][safepoint    ] Application time: 1.0000914 seconds
[2004.665s][info ][safepoint    ] Entering safepoint region: Cleanup
[2004.665s][info ][safepoint    ] Leaving safepoint region
[2004.665s][info ][safepoint    ] Total time for which application threads were stopped: 0.0001534 seconds, Stopping threads took: 0.0000738 seconds
[2005.010s][info ][safepoint    ] Application time: 0.3453617 seconds
[2005.010s][info ][safepoint    ] Entering safepoint region: GenCollectForAllocation
[2005.010s][info ][gc,start     ] GC(763) Pause Young (Allocation Failure)
[2005.010s][info ][gc,task      ] GC(763) Using 4 workers of 4 for evacuation
[2005.013s][debug][gc,ref       ] GC(763) Skipped phase1 of Reference Processing due to unavailable references
[2005.013s][debug][gc,ref       ] GC(763) Skipped phase2 of Reference Processing due to unavailable references
[2005.013s][debug][gc,ref       ] GC(763) Skipped phase3 of Reference Processing due to unavailable references
[2005.013s][debug][gc,ref       ] GC(763) Skipped phase4 of Reference Processing due to unavailable references
[2005.013s][debug][gc,age       ] GC(763) Desired survivor size 15368192 bytes, new threshold 6 (max threshold 6)
[2005.013s][info ][gc,heap      ] GC(763) ParNew: 241882K->1577K(270336K)
[2005.013s][info ][gc,heap      ] GC(763) CMS: 266290K->266326K(600768K)
[2005.013s][info ][gc,metaspace ] GC(763) Metaspace: 58812K->58812K(1101824K)
[2005.013s][info ][gc           ] GC(763) Pause Young (Allocation Failure) 496M->261M(850M) 2.609ms
[2005.013s][info ][gc,cpu       ] GC(763) User=0.01s Sys=0.00s Real=0.00s
[2005.013s][info ][safepoint    ] Leaving safepoint region
[2005.013s][info ][safepoint    ] Total time for which application threads were stopped: 0.0027613 seconds, Stopping threads took: 0.0000162 seconds
[2006.014s][info ][safepoint    ] Application time: 1.0007110 seconds
[2006.014s][info ][safepoint    ] Entering safepoint region: Cleanup
[2006.014s][info ][safepoint    ] Leaving safepoint region
[2006.014s][info ][safepoint    ] Total time for which application threads were stopped: 0.0001189 seconds, Stopping threads took: 0.0000451 seconds
[2007.014s][info ][safepoint    ] Application time: 1.0001146 seconds
[2007.014s][info ][safepoint    ] Entering safepoint region: Cleanup
[2007.014s][info ][safepoint    ] Leaving safepoint region
[2007.014s][info ][safepoint    ] Total time for which application threads were stopped: 0.0001311 seconds, Stopping threads took: 0.0000364 seconds
[2008.014s][info ][safepoint    ] Application time: 1.0000997 seconds
[2008.014s][info ][safepoint    ] Entering safepoint region: Cleanup
[2008.014s][info ][safepoint    ] Leaving safepoint region
[2008.014s][info ][safepoint    ] Total time for which application threads were stopped: 0.0001193 seconds, Stopping threads took: 0.0000420 seconds
[2008.364s][info ][safepoint    ] Application time: 0.3494808 seconds
[2008.364s][info ][safepoint    ] Entering safepoint region: GenCollectForAllocation
[2008.364s][info ][gc,start     ] GC(764) Pause Young (Allocation Failure)
[2008.364s][info ][gc,task      ] GC(764) Using 4 workers of 4 for evacuation
[2008.367s][debug][gc,ref       ] GC(764) Skipped phase1 of Reference Processing due to unavailable references
[2008.367s][debug][gc,ref       ] GC(764) Skipped phase2 of Reference Processing due to unavailable references
[2008.367s][debug][gc,ref       ] GC(764) Skipped phase3 of Reference Processing due to unavailable references
[2008.367s][debug][gc,ref       ] GC(764) Skipped phase4 of Reference Processing due to unavailable references
[2008.367s][debug][gc,age       ] GC(764) Desired survivor size 15368192 bytes, new threshold 6 (max threshold 6)
[2008.367s][info ][gc,heap      ] GC(764) ParNew: 241897K->1587K(270336K)
[2008.367s][info ][gc,heap      ] GC(764) CMS: 266326K->266352K(600768K)
[2008.367s][info ][gc,metaspace ] GC(764) Metaspace: 58812K->58812K(1101824K)
[2008.367s][info ][gc           ] GC(764) Pause Young (Allocation Failure) 496M->261M(850M) 2.908ms
[2008.367s][info ][gc,cpu       ] GC(764) User=0.01s Sys=0.00s Real=0.00s
[2008.367s][info ][safepoint    ] Leaving safepoint region
[2008.367s][info ][safepoint    ] Total time for which application threads were stopped: 0.0031422 seconds, Stopping threads took: 0.0000302 seconds
[2009.367s][info ][safepoint    ] Application time: 1.0002100 seconds
[2009.367s][info ][safepoint    ] Entering safepoint region: Cleanup
[2009.367s][info ][safepoint    ] Leaving safepoint region
[2009.367s][info ][safepoint    ] Total time for which application threads were stopped: 0.0000827 seconds, Stopping threads took: 0.0000160 seconds
[2010.367s][info ][safepoint    ] Application time: 1.0000892 seconds
[2010.367s][info ][safepoint    ] Entering safepoint region: Cleanup
[2010.368s][info ][safepoint    ] Leaving safepoint region
[2010.368s][info ][safepoint    ] Total time for which application threads were stopped: 0.0000731 seconds, Stopping threads took: 0.0000163 seconds
[2011.368s][info ][safepoint    ] Application time: 1.0001074 seconds
[2011.368s][info ][safepoint    ] Entering safepoint region: Cleanup
[2011.368s][info ][safepoint    ] Leaving safepoint region
[2011.368s][info ][safepoint    ] Total time for which application threads were stopped: 0.0000852 seconds, Stopping threads took: 0.0000180 seconds
[2011.688s][info ][safepoint    ] Application time: 0.3205933 seconds
[2011.688s][info ][safepoint    ] Entering safepoint region: GenCollectForAllocation
[2011.689s][info ][gc,start     ] GC(765) Pause Young (Allocation Failure)
[2011.689s][info ][gc,task      ] GC(765) Using 4 workers of 4 for evacuation
[2011.691s][debug][gc,ref       ] GC(765) Skipped phase1 of Reference Processing due to unavailable references
[2011.691s][debug][gc,ref       ] GC(765) Skipped phase2 of Reference Processing due to unavailable references
[2011.692s][debug][gc,ref       ] GC(765) Skipped phase3 of Reference Processing due to unavailable references
[2011.692s][debug][gc,ref       ] GC(765) Skipped phase4 of Reference Processing due to unavailable references
[2011.692s][debug][gc,age       ] GC(765) Desired survivor size 15368192 bytes, new threshold 6 (max threshold 6)
[2011.692s][info ][gc,heap      ] GC(765) ParNew: 241907K->1936K(270336K)
[2011.692s][info ][gc,heap      ] GC(765) CMS: 266352K->266441K(600768K)
[2011.692s][info ][gc,metaspace ] GC(765) Metaspace: 58812K->58812K(1101824K)
[2011.692s][info ][gc           ] GC(765) Pause Young (Allocation Failure) 496M->262M(850M) 2.862ms
[2011.692s][info ][gc,cpu       ] GC(765) User=0.00s Sys=0.00s Real=0.01s
[2011.692s][info ][safepoint    ] Leaving safepoint region
[2011.692s][info ][safepoint    ] Total time for which application threads were stopped: 0.0032880 seconds, Stopping threads took: 0.0002006 seconds
[2012.692s][info ][safepoint    ] Application time: 1.0001080 seconds
[2012.692s][info ][safepoint    ] Entering safepoint region: Cleanup
[2012.692s][info ][safepoint    ] Leaving safepoint region
[2012.692s][info ][safepoint    ] Total time for which application threads were stopped: 0.0000944 seconds, Stopping threads took: 0.0000183 seconds
[2013.694s][info ][safepoint    ] Application time: 1.0022161 seconds
[2013.694s][info ][safepoint    ] Entering safepoint region: Cleanup
[2013.694s][info ][safepoint    ] Leaving safepoint region
[2013.694s][info ][safepoint    ] Total time for which application threads were stopped: 0.0000814 seconds, Stopping threads took: 0.0000178 seconds
[2014.694s][info ][safepoint    ] Application time: 1.0001252 seconds
[2014.695s][info ][safepoint    ] Entering safepoint region: Cleanup
[2014.695s][info ][safepoint    ] Leaving safepoint region
[2014.695s][info ][safepoint    ] Total time for which application threads were stopped: 0.0000789 seconds, Stopping threads took: 0.0000184 seconds
[2014.955s][info ][safepoint    ] Application time: 0.2605084 seconds
[2014.955s][info ][safepoint    ] Entering safepoint region: GenCollectForAllocation
[2014.955s][info ][gc,start     ] GC(766) Pause Young (Allocation Failure)
[2014.955s][info ][gc,task      ] GC(766) Using 4 workers of 4 for evacuation
[2014.959s][debug][gc,ref       ] GC(766) Skipped phase1 of Reference Processing due to unavailable references
[2014.959s][debug][gc,ref       ] GC(766) Skipped phase2 of Reference Processing due to unavailable references
[2014.959s][debug][gc,ref       ] GC(766) Skipped phase3 of Reference Processing due to unavailable references
[2014.959s][debug][gc,ref       ] GC(766) Skipped phase4 of Reference Processing due to unavailable references
[2014.959s][debug][gc,age       ] GC(766) Desired survivor size 15368192 bytes, new threshold 6 (max threshold 6)
[2014.959s][info ][gc,heap      ] GC(766) ParNew: 242256K->1814K(270336K)
[2014.959s][info ][gc,heap      ] GC(766) CMS: 266441K->266447K(600768K)
[2014.959s][info ][gc,metaspace ] GC(766) Metaspace: 58812K->58812K(1101824K)
[2014.959s][info ][gc           ] GC(766) Pause Young (Allocation Failure) 496M->261M(850M) 4.106ms
[2014.959s][info ][gc,cpu       ] GC(766) User=0.01s Sys=0.00s Real=0.00s
[2014.959s][info ][safepoint    ] Leaving safepoint region
[2014.960s][info ][safepoint    ] Total time for which application threads were stopped: 0.0043759 seconds, Stopping threads took: 0.0000715 seconds
[2015.960s][info ][safepoint    ] Application time: 1.0001101 seconds
[2015.960s][info ][safepoint    ] Entering safepoint region: Cleanup
[2015.960s][info ][safepoint    ] Leaving safepoint region
[2015.960s][info ][safepoint    ] Total time for which application threads were stopped: 0.0001296 seconds, Stopping threads took: 0.0000425 seconds
[2016.960s][info ][safepoint    ] Application time: 1.0000936 seconds
[2016.960s][info ][safepoint    ] Entering safepoint region: Cleanup
[2016.960s][info ][safepoint    ] Leaving safepoint region
[2016.960s][info ][safepoint    ] Total time for which application threads were stopped: 0.0002138 seconds, Stopping threads took: 0.0001134 seconds
[2017.960s][info ][safepoint    ] Application time: 1.0000926 seconds
[2017.960s][info ][safepoint    ] Entering safepoint region: Cleanup
[2017.960s][info ][safepoint    ] Leaving safepoint region
[2017.960s][info ][safepoint    ] Total time for which application threads were stopped: 0.0001358 seconds, Stopping threads took: 0.0000663 seconds
[2018.265s][info ][safepoint    ] Application time: 0.3048165 seconds
[2018.265s][info ][safepoint    ] Entering safepoint region: GenCollectForAllocation
[2018.265s][info ][gc,start     ] GC(767) Pause Young (Allocation Failure)
[2018.265s][info ][gc,task      ] GC(767) Using 4 workers of 4 for evacuation
[2018.268s][debug][gc,ref       ] GC(767) Skipped phase1 of Reference Processing due to unavailable references
[2018.268s][debug][gc,ref       ] GC(767) Skipped phase2 of Reference Processing due to unavailable references
[2018.268s][debug][gc,ref       ] GC(767) Skipped phase3 of Reference Processing due to unavailable references
[2018.268s][debug][gc,ref       ] GC(767) Skipped phase4 of Reference Processing due to unavailable references
[2018.268s][debug][gc,age       ] GC(767) Desired survivor size 15368192 bytes, new threshold 6 (max threshold 6)
[2018.268s][info ][gc,heap      ] GC(767) ParNew: 242134K->2021K(270336K)
[2018.268s][info ][gc,heap      ] GC(767) CMS: 266447K->266549K(600768K)
[2018.268s][info ][gc,metaspace ] GC(767) Metaspace: 58812K->58812K(1101824K)
[2018.268s][info ][gc           ] GC(767) Pause Young (Allocation Failure) 496M->262M(850M) 2.548ms
[2018.268s][info ][gc,cpu       ] GC(767) User=0.01s Sys=0.00s Real=0.00s
[2018.268s][info ][safepoint    ] Leaving safepoint region
[2018.268s][info ][safepoint    ] Total time for which application threads were stopped: 0.0027158 seconds, Stopping threads took: 0.0000163 seconds
[2019.268s][info ][safepoint    ] Application time: 1.0000880 seconds
[2019.268s][info ][safepoint    ] Entering safepoint region: Cleanup
[2019.268s][info ][safepoint    ] Leaving safepoint region
[2019.268s][info ][safepoint    ] Total time for which application threads were stopped: 0.0000846 seconds, Stopping threads took: 0.0000161 seconds
[2020.268s][info ][safepoint    ] Application time: 1.0000969 seconds
[2020.268s][info ][safepoint    ] Entering safepoint region: Cleanup
[2020.268s][info ][safepoint    ] Leaving safepoint region
[2020.268s][info ][safepoint    ] Total time for which application threads were stopped: 0.0000913 seconds, Stopping threads took: 0.0000202 seconds
[2021.269s][info ][safepoint    ] Application time: 1.0001220 seconds
[2021.269s][info ][safepoint    ] Entering safepoint region: Cleanup
[2021.269s][info ][safepoint    ] Leaving safepoint region
[2021.269s][info ][safepoint    ] Total time for which application threads were stopped: 0.0000759 seconds, Stopping threads took: 0.0000170 seconds
[2021.569s][info ][safepoint    ] Application time: 0.3001112 seconds
[2021.569s][info ][safepoint    ] Entering safepoint region: GenCollectForAllocation
[2021.569s][info ][gc,start     ] GC(768) Pause Young (Allocation Failure)
[2021.569s][info ][gc,task      ] GC(768) Using 4 workers of 4 for evacuation
[2021.578s][debug][gc,ref       ] GC(768) Skipped phase1 of Reference Processing due to unavailable references
[2021.578s][debug][gc,ref       ] GC(768) Skipped phase2 of Reference Processing due to unavailable references
[2021.578s][debug][gc,ref       ] GC(768) Skipped phase3 of Reference Processing due to unavailable references
[2021.578s][debug][gc,ref       ] GC(768) Skipped phase4 of Reference Processing due to unavailable references
[2021.578s][debug][gc,age       ] GC(768) Desired survivor size 15368192 bytes, new threshold 6 (max threshold 6)
[2021.578s][info ][gc,heap      ] GC(768) ParNew: 242341K->1887K(270336K)
[2021.578s][info ][gc,heap      ] GC(768) CMS: 266549K->266670K(600768K)
[2021.578s][info ][gc,metaspace ] GC(768) Metaspace: 58812K->58812K(1101824K)
[2021.578s][info ][gc           ] GC(768) Pause Young (Allocation Failure) 496M->262M(850M) 9.173ms
[2021.578s][info ][gc,cpu       ] GC(768) User=0.01s Sys=0.00s Real=0.01s
[2021.578s][info ][safepoint    ] Leaving safepoint region
[2021.578s][info ][safepoint    ] Total time for which application threads were stopped: 0.0095204 seconds, Stopping threads took: 0.0001028 seconds
[2022.579s][info ][safepoint    ] Application time: 1.0009660 seconds
[2022.579s][info ][safepoint    ] Entering safepoint region: Cleanup
[2022.579s][info ][safepoint    ] Leaving safepoint region
[2022.579s][info ][safepoint    ] Total time for which application threads were stopped: 0.0001177 seconds, Stopping threads took: 0.0000586 seconds
[2023.580s][info ][safepoint    ] Application time: 1.0000893 seconds
[2023.580s][info ][safepoint    ] Entering safepoint region: Cleanup
[2023.580s][info ][safepoint    ] Leaving safepoint region
[2023.580s][info ][safepoint    ] Total time for which application threads were stopped: 0.0001243 seconds, Stopping threads took: 0.0000644 seconds
[2024.580s][info ][safepoint    ] Application time: 1.0000914 seconds
[2024.580s][info ][safepoint    ] Entering safepoint region: Cleanup
[2024.580s][info ][safepoint    ] Leaving safepoint region
[2024.580s][info ][safepoint    ] Total time for which application threads were stopped: 0.0001161 seconds, Stopping threads took: 0.0000572 seconds
[2024.859s][info ][safepoint    ] Application time: 0.2788382 seconds
[2024.859s][info ][safepoint    ] Entering safepoint region: GenCollectForAllocation
[2024.859s][info ][gc,start     ] GC(769) Pause Young (Allocation Failure)
[2024.859s][info ][gc,task      ] GC(769) Using 4 workers of 4 for evacuation
[2024.861s][debug][gc,ref       ] GC(769) Skipped phase1 of Reference Processing due to unavailable references
[2024.861s][debug][gc,ref       ] GC(769) Skipped phase2 of Reference Processing due to unavailable references
[2024.861s][debug][gc,ref       ] GC(769) Skipped phase3 of Reference Processing due to unavailable references
[2024.861s][debug][gc,ref       ] GC(769) Skipped phase4 of Reference Processing due to unavailable references
[2024.862s][debug][gc,age       ] GC(769) Desired survivor size 15368192 bytes, new threshold 6 (max threshold 6)
[2024.862s][info ][gc,heap      ] GC(769) ParNew: 242207K->1600K(270336K)
[2024.862s][info ][gc,heap      ] GC(769) CMS: 266670K->267208K(600768K)
[2024.862s][info ][gc,metaspace ] GC(769) Metaspace: 58812K->58812K(1101824K)
[2024.862s][info ][gc           ] GC(769) Pause Young (Allocation Failure) 496M->262M(850M) 2.591ms
[2024.862s][info ][gc,cpu       ] GC(769) User=0.01s Sys=0.00s Real=0.00s
[2024.862s][info ][safepoint    ] Leaving safepoint region
[2024.862s][info ][safepoint    ] Total time for which application threads were stopped: 0.0027671 seconds, Stopping threads took: 0.0000383 seconds
[2025.862s][info ][safepoint    ] Application time: 1.0001044 seconds
[2025.862s][info ][safepoint    ] Entering safepoint region: Cleanup
[2025.862s][info ][safepoint    ] Leaving safepoint region
[2025.862s][info ][safepoint    ] Total time for which application threads were stopped: 0.0001398 seconds, Stopping threads took: 0.0000551 seconds
[2026.862s][info ][safepoint    ] Application time: 1.0001283 seconds
[2026.862s][info ][safepoint    ] Entering safepoint region: Cleanup
[2026.862s][info ][safepoint    ] Leaving safepoint region
[2026.862s][info ][safepoint    ] Total time for which application threads were stopped: 0.0001375 seconds, Stopping threads took: 0.0000712 seconds
[2027.862s][info ][safepoint    ] Application time: 1.0001368 seconds
[2027.862s][info ][safepoint    ] Entering safepoint region: Cleanup
[2027.863s][info ][safepoint    ] Leaving safepoint region
[2027.863s][info ][safepoint    ] Total time for which application threads were stopped: 0.0001242 seconds, Stopping threads took: 0.0000404 seconds
[2028.255s][info ][safepoint    ] Application time: 0.3922576 seconds
[2028.255s][info ][safepoint    ] Entering safepoint region: GenCollectForAllocation
[2028.255s][info ][gc,start     ] GC(770) Pause Young (Allocation Failure)
[2028.255s][info ][gc,task      ] GC(770) Using 4 workers of 4 for evacuation
[2028.257s][debug][gc,ref       ] GC(770) Skipped phase1 of Reference Processing due to unavailable references
[2028.257s][debug][gc,ref       ] GC(770) Skipped phase2 of Reference Processing due to unavailable references
[2028.257s][debug][gc,ref       ] GC(770) Skipped phase3 of Reference Processing due to unavailable references
[2028.257s][debug][gc,ref       ] GC(770) Skipped phase4 of Reference Processing due to unavailable references
[2028.257s][debug][gc,age       ] GC(770) Desired survivor size 15368192 bytes, new threshold 6 (max threshold 6)
[2028.257s][info ][gc,heap      ] GC(770) ParNew: 241920K->2007K(270336K)
[2028.257s][info ][gc,heap      ] GC(770) CMS: 267208K->267251K(600768K)
[2028.257s][info ][gc,metaspace ] GC(770) Metaspace: 58812K->58812K(1101824K)
[2028.257s][info ][gc           ] GC(770) Pause Young (Allocation Failure) 497M->262M(850M) 2.410ms
[2028.257s][info ][gc,cpu       ] GC(770) User=0.01s Sys=0.00s Real=0.00s
[2028.257s][info ][safepoint    ] Leaving safepoint region
[2028.257s][info ][safepoint    ] Total time for which application threads were stopped: 0.0025628 seconds, Stopping threads took: 0.0000162 seconds
[2029.258s][info ][safepoint    ] Application time: 1.0001751 seconds
[2029.258s][info ][safepoint    ] Entering safepoint region: Cleanup
[2029.258s][info ][safepoint    ] Leaving safepoint region
[2029.258s][info ][safepoint    ] Total time for which application threads were stopped: 0.0001300 seconds, Stopping threads took: 0.0000495 seconds
[2030.258s][info ][safepoint    ] Application time: 1.0001033 seconds
[2030.258s][info ][safepoint    ] Entering safepoint region: Cleanup
[2030.258s][info ][safepoint    ] Leaving safepoint region
[2030.258s][info ][safepoint    ] Total time for which application threads were stopped: 0.0001674 seconds, Stopping threads took: 0.0000949 seconds
[2031.258s][info ][safepoint    ] Application time: 1.0000932 seconds
[2031.258s][info ][safepoint    ] Entering safepoint region: Cleanup
[2031.258s][info ][safepoint    ] Leaving safepoint region
[2031.258s][info ][safepoint    ] Total time for which application threads were stopped: 0.0001328 seconds, Stopping threads took: 0.0000678 seconds
[2031.655s][info ][safepoint    ] Application time: 0.3965639 seconds
[2031.655s][info ][safepoint    ] Entering safepoint region: GenCollectForAllocation
[2031.655s][info ][gc,start     ] GC(771) Pause Young (Allocation Failure)
[2031.655s][info ][gc,task      ] GC(771) Using 4 workers of 4 for evacuation
[2031.657s][debug][gc,ref       ] GC(771) Skipped phase1 of Reference Processing due to unavailable references
[2031.657s][debug][gc,ref       ] GC(771) Skipped phase2 of Reference Processing due to unavailable references
[2031.657s][debug][gc,ref       ] GC(771) Skipped phase3 of Reference Processing due to unavailable references
[2031.657s][debug][gc,ref       ] GC(771) Skipped phase4 of Reference Processing due to unavailable references
[2031.658s][debug][gc,age       ] GC(771) Desired survivor size 15368192 bytes, new threshold 6 (max threshold 6)
[2031.658s][info ][gc,heap      ] GC(771) ParNew: 242327K->2045K(270336K)
[2031.658s][info ][gc,heap      ] GC(771) CMS: 267251K->267375K(600768K)
[2031.658s][info ][gc,metaspace ] GC(771) Metaspace: 58812K->58812K(1101824K)
[2031.658s][info ][gc           ] GC(771) Pause Young (Allocation Failure) 497M->263M(850M) 2.518ms
[2031.658s][info ][gc,cpu       ] GC(771) User=0.01s Sys=0.00s Real=0.00s
[2031.658s][info ][safepoint    ] Leaving safepoint region
[2031.658s][info ][safepoint    ] Total time for which application threads were stopped: 0.0027053 seconds, Stopping threads took: 0.0000556 seconds
[2032.662s][info ][safepoint    ] Application time: 1.0042964 seconds
[2032.662s][info ][safepoint    ] Entering safepoint region: Cleanup
[2032.662s][info ][safepoint    ] Leaving safepoint region
[2032.662s][info ][safepoint    ] Total time for which application threads were stopped: 0.0001760 seconds, Stopping threads took: 0.0000789 seconds
[2033.662s][info ][safepoint    ] Application time: 1.0001001 seconds
[2033.662s][info ][safepoint    ] Entering safepoint region: Cleanup
[2033.662s][info ][safepoint    ] Leaving safepoint region
[2033.662s][info ][safepoint    ] Total time for which application threads were stopped: 0.0001150 seconds, Stopping threads took: 0.0000491 seconds
[2034.663s][info ][safepoint    ] Application time: 1.0000912 seconds
[2034.663s][info ][safepoint    ] Entering safepoint region: Cleanup
[2034.663s][info ][safepoint    ] Leaving safepoint region
[2034.663s][info ][safepoint    ] Total time for which application threads were stopped: 0.0001545 seconds, Stopping threads took: 0.0000453 seconds
[2034.956s][info ][safepoint    ] Application time: 0.2934470 seconds
[2034.956s][info ][safepoint    ] Entering safepoint region: GenCollectForAllocation
[2034.957s][info ][gc,start     ] GC(772) Pause Young (Allocation Failure)
[2034.957s][info ][gc,task      ] GC(772) Using 4 workers of 4 for evacuation
[2034.961s][debug][gc,ref       ] GC(772) Skipped phase1 of Reference Processing due to unavailable references
[2034.961s][debug][gc,ref       ] GC(772) Skipped phase2 of Reference Processing due to unavailable references
[2034.961s][debug][gc,ref       ] GC(772) Skipped phase3 of Reference Processing due to unavailable references
[2034.961s][debug][gc,ref       ] GC(772) Skipped phase4 of Reference Processing due to unavailable references
[2034.961s][debug][gc,age       ] GC(772) Desired survivor size 15368192 bytes, new threshold 6 (max threshold 6)
[2034.961s][info ][gc,heap      ] GC(772) ParNew: 242365K->1935K(270336K)
[2034.961s][info ][gc,heap      ] GC(772) CMS: 267375K->267618K(600768K)
[2034.961s][info ][gc,metaspace ] GC(772) Metaspace: 58812K->58812K(1101824K)
[2034.961s][info ][gc           ] GC(772) Pause Young (Allocation Failure) 497M->263M(850M) 4.641ms
[2034.961s][info ][gc,cpu       ] GC(772) User=0.02s Sys=0.00s Real=0.00s
[2034.961s][info ][safepoint    ] Leaving safepoint region
[2034.961s][info ][safepoint    ] Total time for which application threads were stopped: 0.0050129 seconds, Stopping threads took: 0.0000955 seconds
[2035.961s][info ][safepoint    ] Application time: 1.0001451 seconds
[2035.962s][info ][safepoint    ] Entering safepoint region: Cleanup
[2035.962s][info ][safepoint    ] Leaving safepoint region
[2035.962s][info ][safepoint    ] Total time for which application threads were stopped: 0.0001762 seconds, Stopping threads took: 0.0000741 seconds
[2036.962s][info ][safepoint    ] Application time: 1.0001045 seconds
[2036.962s][info ][safepoint    ] Entering safepoint region: Cleanup
[2036.962s][info ][safepoint    ] Leaving safepoint region
[2036.962s][info ][safepoint    ] Total time for which application threads were stopped: 0.0001923 seconds, Stopping threads took: 0.0001031 seconds
[2037.962s][info ][safepoint    ] Application time: 1.0000573 seconds
[2037.962s][info ][safepoint    ] Entering safepoint region: Cleanup
[2037.962s][info ][safepoint    ] Leaving safepoint region
[2037.962s][info ][safepoint    ] Total time for which application threads were stopped: 0.0001971 seconds, Stopping threads took: 0.0001064 seconds
[2038.306s][info ][safepoint    ] Application time: 0.3434603 seconds
[2038.306s][info ][safepoint    ] Entering safepoint region: GenCollectForAllocation
[2038.306s][info ][gc,start     ] GC(773) Pause Young (Allocation Failure)
[2038.306s][info ][gc,task      ] GC(773) Using 4 workers of 4 for evacuation
[2038.309s][debug][gc,ref       ] GC(773) Skipped phase1 of Reference Processing due to unavailable references
[2038.309s][debug][gc,ref       ] GC(773) Skipped phase2 of Reference Processing due to unavailable references
[2038.309s][debug][gc,ref       ] GC(773) Skipped phase3 of Reference Processing due to unavailable references
[2038.309s][debug][gc,ref       ] GC(773) Skipped phase4 of Reference Processing due to unavailable references
[2038.309s][debug][gc,age       ] GC(773) Desired survivor size 15368192 bytes, new threshold 6 (max threshold 6)
[2038.309s][info ][gc,heap      ] GC(773) ParNew: 242255K->1932K(270336K)
[2038.309s][info ][gc,heap      ] GC(773) CMS: 267618K->267648K(600768K)
[2038.309s][info ][gc,metaspace ] GC(773) Metaspace: 58813K->58813K(1101824K)
[2038.309s][info ][gc           ] GC(773) Pause Young (Allocation Failure) 497M->263M(850M) 3.332ms
[2038.309s][info ][gc,cpu       ] GC(773) User=0.01s Sys=0.00s Real=0.00s
[2038.309s][info ][safepoint    ] Leaving safepoint region
[2038.309s][info ][safepoint    ] Total time for which application threads were stopped: 0.0036204 seconds, Stopping threads took: 0.0001077 seconds
[2039.310s][info ][safepoint    ] Application time: 1.0001134 seconds
[2039.310s][info ][safepoint    ] Entering safepoint region: Cleanup
[2039.310s][info ][safepoint    ] Leaving safepoint region
[2039.310s][info ][safepoint    ] Total time for which application threads were stopped: 0.0001219 seconds, Stopping threads took: 0.0000422 seconds
[2040.310s][info ][safepoint    ] Application time: 1.0000982 seconds
[2040.910s][info ][safepoint    ] Entering safepoint region: Cleanup
[2040.910s][info ][safepoint    ] Leaving safepoint region
[2040.910s][info ][safepoint    ] Total time for which application threads were stopped: 0.0001673 seconds, Stopping threads took: 0.0000724 seconds
[2041.608s][info ][safepoint    ] Application time: 0.6978390 seconds
[2041.608s][info ][safepoint    ] Entering safepoint region: GenCollectForAllocation
[2041.608s][info ][gc,start     ] GC(774) Pause Young (Allocation Failure)
[2041.608s][info ][gc,task      ] GC(774) Using 4 workers of 4 for evacuation
[2041.611s][debug][gc,ref       ] GC(774) Skipped phase1 of Reference Processing due to unavailable references
[2041.611s][debug][gc,ref       ] GC(774) Skipped phase2 of Reference Processing due to unavailable references
[2041.611s][debug][gc,ref       ] GC(774) Skipped phase3 of Reference Processing due to unavailable references
[2041.611s][debug][gc,ref       ] GC(774) Skipped phase4 of Reference Processing due to unavailable references
[2041.611s][debug][gc,age       ] GC(774) Desired survivor size 15368192 bytes, new threshold 6 (max threshold 6)
[2041.611s][info ][gc,heap      ] GC(774) ParNew: 242252K->1908K(270336K)
[2041.611s][info ][gc,heap      ] GC(774) CMS: 267648K->267830K(600768K)
[2041.611s][info ][gc,metaspace ] GC(774) Metaspace: 58814K->58814K(1101824K)
[2041.611s][info ][gc           ] GC(774) Pause Young (Allocation Failure) 497M->263M(850M) 2.814ms
[2041.611s][info ][gc,cpu       ] GC(774) User=0.02s Sys=0.00s Real=0.01s
[2041.611s][info ][safepoint    ] Leaving safepoint region
[2041.611s][info ][safepoint    ] Total time for which application threads were stopped: 0.0029621 seconds, Stopping threads took: 0.0000179 seconds
[2042.611s][info ][safepoint    ] Application time: 1.0001053 seconds
[2042.611s][info ][safepoint    ] Entering safepoint region: Cleanup
[2042.611s][info ][safepoint    ] Leaving safepoint region
[2042.611s][info ][safepoint    ] Total time for which application threads were stopped: 0.0001070 seconds, Stopping threads took: 0.0000442 seconds
[2043.612s][info ][safepoint    ] Application time: 1.0000909 seconds
[2043.612s][info ][safepoint    ] Entering safepoint region: Cleanup
[2043.612s][info ][safepoint    ] Leaving safepoint region
[2043.612s][info ][safepoint    ] Total time for which application threads were stopped: 0.0002567 seconds, Stopping threads took: 0.0000647 seconds
[2044.616s][info ][safepoint    ] Application time: 1.0044675 seconds
[2044.616s][info ][safepoint    ] Entering safepoint region: Cleanup
[2044.616s][info ][safepoint    ] Leaving safepoint region
[2044.616s][info ][safepoint    ] Total time for which application threads were stopped: 0.0000705 seconds, Stopping threads took: 0.0000155 seconds
[2044.916s][info ][safepoint    ] Application time: 0.2998022 seconds
[2044.916s][info ][safepoint    ] Entering safepoint region: GenCollectForAllocation
[2044.916s][info ][gc,start     ] GC(775) Pause Young (Allocation Failure)
[2044.916s][info ][gc,task      ] GC(775) Using 4 workers of 4 for evacuation
[2044.919s][debug][gc,ref       ] GC(775) Skipped phase1 of Reference Processing due to unavailable references
[2044.919s][debug][gc,ref       ] GC(775) Skipped phase2 of Reference Processing due to unavailable references
[2044.919s][debug][gc,ref       ] GC(775) Skipped phase3 of Reference Processing due to unavailable references
[2044.919s][debug][gc,ref       ] GC(775) Skipped phase4 of Reference Processing due to unavailable references
[2044.919s][debug][gc,age       ] GC(775) Desired survivor size 15368192 bytes, new threshold 6 (max threshold 6)
[2044.919s][info ][gc,heap      ] GC(775) ParNew: 242228K->2256K(270336K)
[2044.919s][info ][gc,heap      ] GC(775) CMS: 267830K->267834K(600768K)
[2044.919s][info ][gc,metaspace ] GC(775) Metaspace: 58815K->58815K(1101824K)
[2044.919s][info ][gc           ] GC(775) Pause Young (Allocation Failure) 498M->263M(850M) 2.599ms
[2044.919s][info ][gc,cpu       ] GC(775) User=0.01s Sys=0.00s Real=0.00s
[2044.919s][info ][safepoint    ] Leaving safepoint region
[2044.919s][info ][safepoint    ] Total time for which application threads were stopped: 0.0027643 seconds, Stopping threads took: 0.0000164 seconds
[2045.919s][info ][safepoint    ] Application time: 1.0001009 seconds
[2045.919s][info ][safepoint    ] Entering safepoint region: Cleanup
[2045.919s][info ][safepoint    ] Leaving safepoint region
[2045.919s][info ][safepoint    ] Total time for which application threads were stopped: 0.0000779 seconds, Stopping threads took: 0.0000195 seconds
[2046.919s][info ][safepoint    ] Application time: 1.0000934 seconds
[2046.919s][info ][safepoint    ] Entering safepoint region: Cleanup
[2046.919s][info ][safepoint    ] Leaving safepoint region
[2046.919s][info ][safepoint    ] Total time for which application threads were stopped: 0.0000930 seconds, Stopping threads took: 0.0000336 seconds
[2047.920s][info ][safepoint    ] Application time: 1.0004375 seconds
[2047.920s][info ][safepoint    ] Entering safepoint region: Cleanup
[2047.920s][info ][safepoint    ] Leaving safepoint region
[2047.920s][info ][safepoint    ] Total time for which application threads were stopped: 0.0002163 seconds, Stopping threads took: 0.0000326 seconds
[2048.221s][info ][safepoint    ] Application time: 0.3007687 seconds
[2048.221s][info ][safepoint    ] Entering safepoint region: GenCollectForAllocation
[2048.221s][info ][gc,start     ] GC(776) Pause Young (Allocation Failure)
[2048.221s][info ][gc,task      ] GC(776) Using 4 workers of 4 for evacuation
[2048.224s][debug][gc,ref       ] GC(776) Skipped phase1 of Reference Processing due to unavailable references
[2048.224s][debug][gc,ref       ] GC(776) Skipped phase2 of Reference Processing due to unavailable references
[2048.224s][debug][gc,ref       ] GC(776) Skipped phase3 of Reference Processing due to unavailable references
[2048.224s][debug][gc,ref       ] GC(776) Skipped phase4 of Reference Processing due to unavailable references
[2048.224s][debug][gc,age       ] GC(776) Desired survivor size 15368192 bytes, new threshold 6 (max threshold 6)
[2048.224s][info ][gc,heap      ] GC(776) ParNew: 242576K->2281K(270336K)
[2048.224s][info ][gc,heap      ] GC(776) CMS: 267834K->267968K(600768K)
[2048.224s][info ][gc,metaspace ] GC(776) Metaspace: 58815K->58815K(1101824K)
[2048.224s][info ][gc           ] GC(776) Pause Young (Allocation Failure) 498M->263M(850M) 2.821ms
[2048.224s][info ][gc,cpu       ] GC(776) User=0.01s Sys=0.00s Real=0.01s
[2048.224s][info ][safepoint    ] Leaving safepoint region
[2048.224s][info ][safepoint    ] Total time for which application threads were stopped: 0.0029818 seconds, Stopping threads took: 0.0000164 seconds
[2049.224s][info ][safepoint    ] Application time: 1.0000953 seconds
[2049.224s][info ][safepoint    ] Entering safepoint region: Cleanup
[2049.224s][info ][safepoint    ] Leaving safepoint region
[2049.224s][info ][safepoint    ] Total time for which application threads were stopped: 0.0000840 seconds, Stopping threads took: 0.0000174 seconds
[2050.224s][info ][safepoint    ] Application time: 1.0000942 seconds
[2050.224s][info ][safepoint    ] Entering safepoint region: Cleanup
[2050.224s][info ][safepoint    ] Leaving safepoint region
[2050.224s][info ][safepoint    ] Total time for which application threads were stopped: 0.0000810 seconds, Stopping threads took: 0.0000183 seconds
[2051.225s][info ][safepoint    ] Application time: 1.0000911 seconds
[2051.225s][info ][safepoint    ] Entering safepoint region: Cleanup
[2051.225s][info ][safepoint    ] Leaving safepoint region
[2051.225s][info ][safepoint    ] Total time for which application threads were stopped: 0.0000735 seconds, Stopping threads took: 0.0000176 seconds
[2051.555s][info ][safepoint    ] Application time: 0.3305830 seconds
[2051.555s][info ][safepoint    ] Entering safepoint region: GenCollectForAllocation
[2051.555s][info ][gc,start     ] GC(777) Pause Young (Allocation Failure)
[2051.555s][info ][gc,task      ] GC(777) Using 4 workers of 4 for evacuation
[2051.558s][debug][gc,ref       ] GC(777) Skipped phase1 of Reference Processing due to unavailable references
[2051.558s][debug][gc,ref       ] GC(777) Skipped phase2 of Reference Processing due to unavailable references
[2051.558s][debug][gc,ref       ] GC(777) Skipped phase3 of Reference Processing due to unavailable references
[2051.558s][debug][gc,ref       ] GC(777) Skipped phase4 of Reference Processing due to unavailable references
[2051.558s][debug][gc,age       ] GC(777) Desired survivor size 15368192 bytes, new threshold 6 (max threshold 6)
[2051.558s][info ][gc,heap      ] GC(777) ParNew: 242601K->2145K(270336K)
[2051.558s][info ][gc,heap      ] GC(777) CMS: 267968K->268107K(600768K)
[2051.558s][info ][gc,metaspace ] GC(777) Metaspace: 58815K->58815K(1101824K)
[2051.558s][info ][gc           ] GC(777) Pause Young (Allocation Failure) 498M->263M(850M) 2.804ms
[2051.558s][info ][gc,cpu       ] GC(777) User=0.01s Sys=0.00s Real=0.00s
[2051.558s][info ][safepoint    ] Leaving safepoint region
[2051.558s][info ][safepoint    ] Total time for which application threads were stopped: 0.0029957 seconds, Stopping threads took: 0.0000405 seconds
[2052.558s][info ][safepoint    ] Application time: 1.0001105 seconds
[2052.558s][info ][safepoint    ] Entering safepoint region: Cleanup
[2052.558s][info ][safepoint    ] Leaving safepoint region
[2052.559s][info ][safepoint    ] Total time for which application threads were stopped: 0.0001197 seconds, Stopping threads took: 0.0000481 seconds
[2053.559s][info ][safepoint    ] Application time: 1.0001001 seconds
[2053.559s][info ][safepoint    ] Entering safepoint region: Cleanup
[2053.559s][info ][safepoint    ] Leaving safepoint region
[2053.559s][info ][safepoint    ] Total time for which application threads were stopped: 0.0001201 seconds, Stopping threads took: 0.0000491 seconds
[2054.559s][info ][safepoint    ] Application time: 1.0001070 seconds
[2054.564s][info ][safepoint    ] Entering safepoint region: Cleanup
[2054.564s][info ][safepoint    ] Leaving safepoint region
[2054.564s][info ][safepoint    ] Total time for which application threads were stopped: 0.0053470 seconds, Stopping threads took: 0.0052708 seconds
[2054.806s][info ][safepoint    ] Application time: 0.2411370 seconds
[2054.806s][info ][safepoint    ] Entering safepoint region: GenCollectForAllocation
[2054.806s][info ][gc,start     ] GC(778) Pause Young (Allocation Failure)
[2054.806s][info ][gc,task      ] GC(778) Using 4 workers of 4 for evacuation
[2054.808s][debug][gc,ref       ] GC(778) Skipped phase1 of Reference Processing due to unavailable references
[2054.808s][debug][gc,ref       ] GC(778) Skipped phase2 of Reference Processing due to unavailable references
[2054.808s][debug][gc,ref       ] GC(778) Skipped phase3 of Reference Processing due to unavailable references
[2054.808s][debug][gc,ref       ] GC(778) Skipped phase4 of Reference Processing due to unavailable references
[2054.808s][debug][gc,age       ] GC(778) Desired survivor size 15368192 bytes, new threshold 6 (max threshold 6)
[2054.808s][info ][gc,heap      ] GC(778) ParNew: 242465K->2309K(270336K)
[2054.808s][info ][gc,heap      ] GC(778) CMS: 268107K->268221K(600768K)
[2054.808s][info ][gc,metaspace ] GC(778) Metaspace: 58815K->58815K(1101824K)
[2054.808s][info ][gc           ] GC(778) Pause Young (Allocation Failure) 498M->264M(850M) 2.568ms
[2054.808s][info ][gc,cpu       ] GC(778) User=0.01s Sys=0.00s Real=0.00s
[2054.808s][info ][safepoint    ] Leaving safepoint region
[2054.808s][info ][safepoint    ] Total time for which application threads were stopped: 0.0027274 seconds, Stopping threads took: 0.0000154 seconds
[2055.808s][info ][safepoint    ] Application time: 1.0000633 seconds
[2055.808s][info ][safepoint    ] Entering safepoint region: Cleanup
[2055.809s][info ][safepoint    ] Leaving safepoint region
[2055.809s][info ][safepoint    ] Total time for which application threads were stopped: 0.0001870 seconds, Stopping threads took: 0.0000789 seconds
[2056.809s][info ][safepoint    ] Application time: 1.0000954 seconds
[2056.809s][info ][safepoint    ] Entering safepoint region: Cleanup
[2056.809s][info ][safepoint    ] Leaving safepoint region
[2056.809s][info ][safepoint    ] Total time for which application threads were stopped: 0.0001397 seconds, Stopping threads took: 0.0000727 seconds
[2057.809s][info ][safepoint    ] Application time: 1.0000937 seconds
[2057.809s][info ][safepoint    ] Entering safepoint region: Cleanup
[2057.809s][info ][safepoint    ] Leaving safepoint region
[2057.809s][info ][safepoint    ] Total time for which application threads were stopped: 0.0001350 seconds, Stopping threads took: 0.0000650 seconds
[2058.158s][info ][safepoint    ] Application time: 0.3488582 seconds
[2058.158s][info ][safepoint    ] Entering safepoint region: GenCollectForAllocation
[2058.158s][info ][gc,start     ] GC(779) Pause Young (Allocation Failure)
[2058.158s][info ][gc,task      ] GC(779) Using 4 workers of 4 for evacuation
[2058.161s][debug][gc,ref       ] GC(779) Skipped phase1 of Reference Processing due to unavailable references
[2058.161s][debug][gc,ref       ] GC(779) Skipped phase2 of Reference Processing due to unavailable references
[2058.161s][debug][gc,ref       ] GC(779) Skipped phase3 of Reference Processing due to unavailable references
[2058.161s][debug][gc,ref       ] GC(779) Skipped phase4 of Reference Processing due to unavailable references
[2058.161s][debug][gc,age       ] GC(779) Desired survivor size 15368192 bytes, new threshold 6 (max threshold 6)
[2058.161s][info ][gc,heap      ] GC(779) ParNew: 242629K->2237K(270336K)
[2058.161s][info ][gc,heap      ] GC(779) CMS: 268221K->268354K(600768K)
[2058.161s][info ][gc,metaspace ] GC(779) Metaspace: 58815K->58815K(1101824K)
[2058.161s][info ][gc           ] GC(779) Pause Young (Allocation Failure) 498M->264M(850M) 2.593ms
[2058.161s][info ][gc,cpu       ] GC(779) User=0.01s Sys=0.00s Real=0.00s
[2058.161s][info ][safepoint    ] Leaving safepoint region
[2058.161s][info ][safepoint    ] Total time for which application threads were stopped: 0.0027798 seconds, Stopping threads took: 0.0000543 seconds
[2059.161s][info ][safepoint    ] Application time: 1.0000950 seconds
[2059.162s][info ][safepoint    ] Entering safepoint region: Cleanup
[2059.163s][info ][safepoint    ] Leaving safepoint region
[2059.163s][info ][safepoint    ] Total time for which application threads were stopped: 0.0016325 seconds, Stopping threads took: 0.0015530 seconds
[2060.163s][info ][safepoint    ] Application time: 1.0001083 seconds
[2060.163s][info ][safepoint    ] Entering safepoint region: Cleanup
[2060.163s][info ][safepoint    ] Leaving safepoint region
[2060.163s][info ][safepoint    ] Total time for which application threads were stopped: 0.0001488 seconds, Stopping threads took: 0.0000557 seconds
[2061.163s][info ][safepoint    ] Application time: 1.0001058 seconds
[2061.163s][info ][safepoint    ] Entering safepoint region: Cleanup
[2061.163s][info ][safepoint    ] Leaving safepoint region
[2061.163s][info ][safepoint    ] Total time for which application threads were stopped: 0.0001369 seconds, Stopping threads took: 0.0000633 seconds
[2061.348s][info ][safepoint    ] Application time: 0.1850696 seconds
[2061.348s][info ][safepoint    ] Entering safepoint region: GenCollectForAllocation
[2061.348s][info ][gc,start     ] GC(780) Pause Young (Allocation Failure)
[2061.348s][info ][gc,task      ] GC(780) Using 4 workers of 4 for evacuation
[2061.353s][debug][gc,ref       ] GC(780) Skipped phase1 of Reference Processing due to unavailable references
[2061.353s][debug][gc,ref       ] GC(780) Skipped phase2 of Reference Processing due to unavailable references
[2061.353s][debug][gc,ref       ] GC(780) Skipped phase3 of Reference Processing due to unavailable references
[2061.353s][debug][gc,ref       ] GC(780) Skipped phase4 of Reference Processing due to unavailable references
[2061.353s][debug][gc,age       ] GC(780) Desired survivor size 15368192 bytes, new threshold 6 (max threshold 6)
[2061.353s][info ][gc,heap      ] GC(780) ParNew: 242557K->2955K(270336K)
[2061.354s][info ][gc,heap      ] GC(780) CMS: 268354K->268412K(600768K)
[2061.354s][info ][gc,metaspace ] GC(780) Metaspace: 58815K->58815K(1101824K)
[2061.354s][info ][gc           ] GC(780) Pause Young (Allocation Failure) 498M->265M(850M) 5.126ms
[2061.354s][info ][gc,cpu       ] GC(780) User=0.01s Sys=0.00s Real=0.01s
[2061.354s][info ][safepoint    ] Leaving safepoint region
[2061.354s][info ][safepoint    ] Total time for which application threads were stopped: 0.0053164 seconds, Stopping threads took: 0.0000221 seconds
[2062.354s][info ][safepoint    ] Application time: 1.0000927 seconds
[2062.354s][info ][safepoint    ] Entering safepoint region: Cleanup
[2062.354s][info ][safepoint    ] Leaving safepoint region
[2062.354s][info ][safepoint    ] Total time for which application threads were stopped: 0.0001364 seconds, Stopping threads took: 0.0000453 seconds
[2063.354s][info ][safepoint    ] Application time: 1.0000939 seconds
[2063.354s][info ][safepoint    ] Entering safepoint region: Cleanup
[2063.354s][info ][safepoint    ] Leaving safepoint region
[2063.354s][info ][safepoint    ] Total time for which application threads were stopped: 0.0001067 seconds, Stopping threads took: 0.0000450 seconds
[2064.354s][info ][safepoint    ] Application time: 1.0000989 seconds
[2064.354s][info ][safepoint    ] Entering safepoint region: Cleanup
[2064.354s][info ][safepoint    ] Leaving safepoint region
[2064.354s][info ][safepoint    ] Total time for which application threads were stopped: 0.0001018 seconds, Stopping threads took: 0.0000411 seconds
[2064.655s][info ][safepoint    ] Application time: 0.3008403 seconds
[2064.655s][info ][safepoint    ] Entering safepoint region: GenCollectForAllocation
[2064.655s][info ][gc,start     ] GC(781) Pause Young (Allocation Failure)
[2064.655s][info ][gc,task      ] GC(781) Using 4 workers of 4 for evacuation
[2064.658s][debug][gc,ref       ] GC(781) Skipped phase1 of Reference Processing due to unavailable references
[2064.658s][debug][gc,ref       ] GC(781) Skipped phase2 of Reference Processing due to unavailable references
[2064.658s][debug][gc,ref       ] GC(781) Skipped phase3 of Reference Processing due to unavailable references
[2064.658s][debug][gc,ref       ] GC(781) Skipped phase4 of Reference Processing due to unavailable references
[2064.658s][debug][gc,age       ] GC(781) Desired survivor size 15368192 bytes, new threshold 6 (max threshold 6)
[2064.658s][info ][gc,heap      ] GC(781) ParNew: 243275K->2094K(270336K)
[2064.658s][info ][gc,heap      ] GC(781) CMS: 268412K->268515K(600768K)
[2064.658s][info ][gc,metaspace ] GC(781) Metaspace: 58815K->58815K(1101824K)
[2064.658s][info ][gc           ] GC(781) Pause Young (Allocation Failure) 499M->264M(850M) 2.582ms
[2064.658s][info ][gc,cpu       ] GC(781) User=0.01s Sys=0.00s Real=0.00s
[2064.658s][info ][safepoint    ] Leaving safepoint region
[2064.658s][info ][safepoint    ] Total time for which application threads were stopped: 0.0027791 seconds, Stopping threads took: 0.0000401 seconds
[2065.658s][info ][safepoint    ] Application time: 1.0001021 seconds
[2065.658s][info ][safepoint    ] Entering safepoint region: Cleanup
[2065.658s][info ][safepoint    ] Leaving safepoint region
[2065.658s][info ][safepoint    ] Total time for which application threads were stopped: 0.0001624 seconds, Stopping threads took: 0.0001028 seconds
[2066.658s][info ][safepoint    ] Application time: 1.0000994 seconds
[2066.659s][info ][safepoint    ] Entering safepoint region: Cleanup
[2066.659s][info ][safepoint    ] Leaving safepoint region
[2066.659s][info ][safepoint    ] Total time for which application threads were stopped: 0.0001047 seconds, Stopping threads took: 0.0000423 seconds
[2067.659s][info ][safepoint    ] Application time: 1.0000970 seconds
[2067.659s][info ][safepoint    ] Entering safepoint region: Cleanup
[2067.659s][info ][safepoint    ] Leaving safepoint region
[2067.659s][info ][safepoint    ] Total time for which application threads were stopped: 0.0001211 seconds, Stopping threads took: 0.0000520 seconds
[2067.959s][info ][safepoint    ] Application time: 0.3003535 seconds
[2067.959s][info ][safepoint    ] Entering safepoint region: GenCollectForAllocation
[2067.959s][info ][gc,start     ] GC(782) Pause Young (Allocation Failure)
[2067.959s][info ][gc,task      ] GC(782) Using 4 workers of 4 for evacuation
[2067.962s][debug][gc,ref       ] GC(782) Skipped phase1 of Reference Processing due to unavailable references
[2067.962s][debug][gc,ref       ] GC(782) Skipped phase2 of Reference Processing due to unavailable references
[2067.962s][debug][gc,ref       ] GC(782) Skipped phase3 of Reference Processing due to unavailable references
[2067.962s][debug][gc,ref       ] GC(782) Skipped phase4 of Reference Processing due to unavailable references
[2067.962s][debug][gc,age       ] GC(782) Desired survivor size 15368192 bytes, new threshold 6 (max threshold 6)
[2067.962s][info ][gc,heap      ] GC(782) ParNew: 242414K->2318K(270336K)
[2067.962s][info ][gc,heap      ] GC(782) CMS: 268515K->268616K(600768K)
[2067.962s][info ][gc,metaspace ] GC(782) Metaspace: 58815K->58815K(1101824K)
[2067.962s][info ][gc           ] GC(782) Pause Young (Allocation Failure) 498M->264M(850M) 2.931ms
[2067.962s][info ][gc,cpu       ] GC(782) User=0.01s Sys=0.01s Real=0.01s
[2067.962s][info ][safepoint    ] Leaving safepoint region
[2067.962s][info ][safepoint    ] Total time for which application threads were stopped: 0.0030737 seconds, Stopping threads took: 0.0000164 seconds
[2068.962s][info ][safepoint    ] Application time: 1.0000947 seconds
[2068.962s][info ][safepoint    ] Entering safepoint region: Cleanup
[2068.963s][info ][safepoint    ] Leaving safepoint region
[2068.963s][info ][safepoint    ] Total time for which application threads were stopped: 0.0001057 seconds, Stopping threads took: 0.0000429 seconds
[2069.963s][info ][safepoint    ] Application time: 1.0000998 seconds
[2069.963s][info ][safepoint    ] Entering safepoint region: Cleanup
[2069.963s][info ][safepoint    ] Leaving safepoint region
[2069.963s][info ][safepoint    ] Total time for which application threads were stopped: 0.0001736 seconds, Stopping threads took: 0.0000911 seconds
[2070.963s][info ][safepoint    ] Application time: 1.0001156 seconds
[2070.963s][info ][safepoint    ] Entering safepoint region: Cleanup
[2070.963s][info ][safepoint    ] Leaving safepoint region
[2070.963s][info ][safepoint    ] Total time for which application threads were stopped: 0.0001178 seconds, Stopping threads took: 0.0000526 seconds
[2071.254s][info ][safepoint    ] Application time: 0.2908696 seconds
[2071.254s][info ][safepoint    ] Entering safepoint region: GenCollectForAllocation
[2071.254s][info ][gc,start     ] GC(783) Pause Young (Allocation Failure)
[2071.254s][info ][gc,task      ] GC(783) Using 4 workers of 4 for evacuation
[2071.257s][debug][gc,ref       ] GC(783) Skipped phase1 of Reference Processing due to unavailable references
[2071.257s][debug][gc,ref       ] GC(783) Skipped phase2 of Reference Processing due to unavailable references
[2071.257s][debug][gc,ref       ] GC(783) Skipped phase3 of Reference Processing due to unavailable references
[2071.257s][debug][gc,ref       ] GC(783) Skipped phase4 of Reference Processing due to unavailable references
[2071.257s][debug][gc,age       ] GC(783) Desired survivor size 15368192 bytes, new threshold 6 (max threshold 6)
[2071.257s][info ][gc,heap      ] GC(783) ParNew: 242638K->2673K(270336K)
[2071.257s][info ][gc,heap      ] GC(783) CMS: 268616K->268746K(600768K)
[2071.257s][info ][gc,metaspace ] GC(783) Metaspace: 58815K->58815K(1101824K)
[2071.257s][info ][gc           ] GC(783) Pause Young (Allocation Failure) 499M->265M(850M) 2.691ms
[2071.257s][info ][gc,cpu       ] GC(783) User=0.00s Sys=0.00s Real=0.00s
[2071.257s][info ][safepoint    ] Leaving safepoint region
[2071.257s][info ][safepoint    ] Total time for which application threads were stopped: 0.0028286 seconds, Stopping threads took: 0.0000174 seconds
[2072.257s][info ][safepoint    ] Application time: 1.0001096 seconds
[2072.257s][info ][safepoint    ] Entering safepoint region: Cleanup
[2072.257s][info ][safepoint    ] Leaving safepoint region
[2072.257s][info ][safepoint    ] Total time for which application threads were stopped: 0.0001293 seconds, Stopping threads took: 0.0000648 seconds
[2073.257s][info ][safepoint    ] Application time: 1.0000966 seconds
[2073.257s][info ][safepoint    ] Entering safepoint region: Cleanup
[2073.257s][info ][safepoint    ] Leaving safepoint region
[2073.257s][info ][safepoint    ] Total time for which application threads were stopped: 0.0000992 seconds, Stopping threads took: 0.0000384 seconds
[2074.257s][info ][safepoint    ] Application time: 1.0000966 seconds
[2074.258s][info ][safepoint    ] Entering safepoint region: Cleanup
[2074.258s][info ][safepoint    ] Leaving safepoint region
[2074.258s][info ][safepoint    ] Total time for which application threads were stopped: 0.0001188 seconds, Stopping threads took: 0.0000403 seconds
[2074.555s][info ][safepoint    ] Application time: 0.2973440 seconds
[2074.555s][info ][safepoint    ] Entering safepoint region: GenCollectForAllocation
[2074.555s][info ][gc,start     ] GC(784) Pause Young (Allocation Failure)
[2074.555s][info ][gc,task      ] GC(784) Using 4 workers of 4 for evacuation
[2074.558s][debug][gc,ref       ] GC(784) Skipped phase1 of Reference Processing due to unavailable references
[2074.558s][debug][gc,ref       ] GC(784) Skipped phase2 of Reference Processing due to unavailable references
[2074.558s][debug][gc,ref       ] GC(784) Skipped phase3 of Reference Processing due to unavailable references
[2074.558s][debug][gc,ref       ] GC(784) Skipped phase4 of Reference Processing due to unavailable references
[2074.558s][debug][gc,age       ] GC(784) Desired survivor size 15368192 bytes, new threshold 6 (max threshold 6)
[2074.558s][info ][gc,heap      ] GC(784) ParNew: 242993K->2269K(270336K)
[2074.558s][info ][gc,heap      ] GC(784) CMS: 268746K->268805K(600768K)
[2074.558s][info ][gc,metaspace ] GC(784) Metaspace: 58815K->58815K(1101824K)
[2074.558s][info ][gc           ] GC(784) Pause Young (Allocation Failure) 499M->264M(850M) 3.014ms
[2074.558s][info ][gc,cpu       ] GC(784) User=0.01s Sys=0.00s Real=0.00s
[2074.558s][info ][safepoint    ] Leaving safepoint region
[2074.558s][info ][safepoint    ] Total time for which application threads were stopped: 0.0031842 seconds, Stopping threads took: 0.0000379 seconds
[2075.558s][info ][safepoint    ] Application time: 1.0001233 seconds
[2075.558s][info ][safepoint    ] Entering safepoint region: Cleanup
[2075.559s][info ][safepoint    ] Leaving safepoint region
[2075.559s][info ][safepoint    ] Total time for which application threads were stopped: 0.0001676 seconds, Stopping threads took: 0.0000953 seconds
[2076.559s][info ][safepoint    ] Application time: 1.0001736 seconds
[2076.559s][info ][safepoint    ] Entering safepoint region: Cleanup
[2076.559s][info ][safepoint    ] Leaving safepoint region
[2076.559s][info ][safepoint    ] Total time for which application threads were stopped: 0.0003153 seconds, Stopping threads took: 0.0002358 seconds
[2077.559s][info ][safepoint    ] Application time: 1.0000939 seconds
[2077.559s][info ][safepoint    ] Entering safepoint region: Cleanup
[2077.559s][info ][safepoint    ] Leaving safepoint region
[2077.559s][info ][safepoint    ] Total time for which application threads were stopped: 0.0001127 seconds, Stopping threads took: 0.0000434 seconds
[2077.913s][info ][safepoint    ] Application time: 0.3539011 seconds
[2077.913s][info ][safepoint    ] Entering safepoint region: GenCollectForAllocation
[2077.913s][info ][gc,start     ] GC(785) Pause Young (Allocation Failure)
[2077.913s][info ][gc,task      ] GC(785) Using 4 workers of 4 for evacuation
[2077.916s][debug][gc,ref       ] GC(785) Skipped phase1 of Reference Processing due to unavailable references
[2077.916s][debug][gc,ref       ] GC(785) Skipped phase2 of Reference Processing due to unavailable references
[2077.916s][debug][gc,ref       ] GC(785) Skipped phase3 of Reference Processing due to unavailable references
[2077.916s][debug][gc,ref       ] GC(785) Skipped phase4 of Reference Processing due to unavailable references
[2077.916s][debug][gc,age       ] GC(785) Desired survivor size 15368192 bytes, new threshold 6 (max threshold 6)
[2077.916s][info ][gc,heap      ] GC(785) ParNew: 242589K->2574K(270336K)
[2077.916s][info ][gc,heap      ] GC(785) CMS: 268805K->269014K(600768K)
[2077.916s][info ][gc,metaspace ] GC(785) Metaspace: 58815K->58815K(1101824K)
[2077.916s][info ][gc           ] GC(785) Pause Young (Allocation Failure) 499M->265M(850M) 2.992ms
[2077.916s][info ][gc,cpu       ] GC(785) User=0.01s Sys=0.00s Real=0.00s
[2077.916s][info ][safepoint    ] Leaving safepoint region
[2077.916s][info ][safepoint    ] Total time for which application threads were stopped: 0.0031449 seconds, Stopping threads took: 0.0000176 seconds
[2078.917s][info ][safepoint    ] Application time: 1.0001032 seconds
[2078.917s][info ][safepoint    ] Entering safepoint region: Cleanup
[2078.917s][info ][safepoint    ] Leaving safepoint region
[2078.917s][info ][safepoint    ] Total time for which application threads were stopped: 0.0000737 seconds, Stopping threads took: 0.0000170 seconds
[2079.917s][info ][safepoint    ] Application time: 1.0001160 seconds
[2079.917s][info ][safepoint    ] Entering safepoint region: Cleanup
[2079.917s][info ][safepoint    ] Leaving safepoint region
[2079.917s][info ][safepoint    ] Total time for which application threads were stopped: 0.0001369 seconds, Stopping threads took: 0.0000770 seconds
[2080.917s][info ][safepoint    ] Application time: 1.0001012 seconds
[2080.917s][info ][safepoint    ] Entering safepoint region: Cleanup
[2080.917s][info ][safepoint    ] Leaving safepoint region
[2080.917s][info ][safepoint    ] Total time for which application threads were stopped: 0.0000899 seconds, Stopping threads took: 0.0000170 seconds
[2081.205s][info ][safepoint    ] Application time: 0.2877990 seconds
[2081.205s][info ][safepoint    ] Entering safepoint region: GenCollectForAllocation
[2081.205s][info ][gc,start     ] GC(786) Pause Young (Allocation Failure)
[2081.205s][info ][gc,task      ] GC(786) Using 4 workers of 4 for evacuation
[2081.208s][debug][gc,ref       ] GC(786) Skipped phase1 of Reference Processing due to unavailable references
[2081.208s][debug][gc,ref       ] GC(786) Skipped phase2 of Reference Processing due to unavailable references
[2081.208s][debug][gc,ref       ] GC(786) Skipped phase3 of Reference Processing due to unavailable references
[2081.208s][debug][gc,ref       ] GC(786) Skipped phase4 of Reference Processing due to unavailable references
[2081.208s][debug][gc,age       ] GC(786) Desired survivor size 15368192 bytes, new threshold 6 (max threshold 6)
[2081.208s][info ][gc,heap      ] GC(786) ParNew: 242894K->1465K(270336K)
[2081.208s][info ][gc,heap      ] GC(786) CMS: 269014K->269501K(600768K)
[2081.208s][info ][gc,metaspace ] GC(786) Metaspace: 58816K->58816K(1101824K)
[2081.208s][info ][gc           ] GC(786) Pause Young (Allocation Failure) 499M->264M(850M) 2.947ms
[2081.208s][info ][gc,cpu       ] GC(786) User=0.01s Sys=0.00s Real=0.00s
[2081.208s][info ][safepoint    ] Leaving safepoint region
[2081.208s][info ][safepoint    ] Total time for which application threads were stopped: 0.0031127 seconds, Stopping threads took: 0.0000404 seconds
[2082.208s][info ][safepoint    ] Application time: 1.0001334 seconds
[2082.208s][info ][safepoint    ] Entering safepoint region: Cleanup
[2082.208s][info ][safepoint    ] Leaving safepoint region
[2082.208s][info ][safepoint    ] Total time for which application threads were stopped: 0.0001404 seconds, Stopping threads took: 0.0000687 seconds
[2083.209s][info ][safepoint    ] Application time: 1.0000925 seconds
[2083.209s][info ][safepoint    ] Entering safepoint region: Cleanup
[2083.209s][info ][safepoint    ] Leaving safepoint region
[2083.209s][info ][safepoint    ] Total time for which application threads were stopped: 0.0001516 seconds, Stopping threads took: 0.0000820 seconds
[2084.209s][info ][safepoint    ] Application time: 1.0001045 seconds
[2084.209s][info ][safepoint    ] Entering safepoint region: Cleanup
[2084.209s][info ][safepoint    ] Leaving safepoint region
[2084.209s][info ][safepoint    ] Total time for which application threads were stopped: 0.0001096 seconds, Stopping threads took: 0.0000419 seconds
[2084.559s][info ][safepoint    ] Application time: 0.3498248 seconds
[2084.559s][info ][safepoint    ] Entering safepoint region: GenCollectForAllocation
[2084.559s][info ][gc,start     ] GC(787) Pause Young (Allocation Failure)
[2084.559s][info ][gc,task      ] GC(787) Using 4 workers of 4 for evacuation
[2084.561s][debug][gc,ref       ] GC(787) Skipped phase1 of Reference Processing due to unavailable references
[2084.561s][debug][gc,ref       ] GC(787) Skipped phase2 of Reference Processing due to unavailable references
[2084.561s][debug][gc,ref       ] GC(787) Skipped phase3 of Reference Processing due to unavailable references
[2084.561s][debug][gc,ref       ] GC(787) Skipped phase4 of Reference Processing due to unavailable references
[2084.562s][debug][gc,age       ] GC(787) Desired survivor size 15368192 bytes, new threshold 6 (max threshold 6)
[2084.562s][info ][gc,heap      ] GC(787) ParNew: 241785K->1688K(270336K)
[2084.562s][info ][gc,heap      ] GC(787) CMS: 269501K->269555K(600768K)
[2084.562s][info ][gc,metaspace ] GC(787) Metaspace: 58816K->58816K(1101824K)
[2084.562s][info ][gc           ] GC(787) Pause Young (Allocation Failure) 499M->264M(850M) 2.554ms
[2084.562s][info ][gc,cpu       ] GC(787) User=0.00s Sys=0.00s Real=0.00s
[2084.562s][info ][safepoint    ] Leaving safepoint region
[2084.562s][info ][safepoint    ] Total time for which application threads were stopped: 0.0027688 seconds, Stopping threads took: 0.0000236 seconds
[2085.562s][info ][safepoint    ] Application time: 1.0001073 seconds
[2085.562s][info ][safepoint    ] Entering safepoint region: Cleanup
[2085.562s][info ][safepoint    ] Leaving safepoint region
[2085.562s][info ][safepoint    ] Total time for which application threads were stopped: 0.0001163 seconds, Stopping threads took: 0.0000466 seconds
[2086.562s][info ][safepoint    ] Application time: 1.0000928 seconds
[2086.562s][info ][safepoint    ] Entering safepoint region: Cleanup
[2086.562s][info ][safepoint    ] Leaving safepoint region
[2086.562s][info ][safepoint    ] Total time for which application threads were stopped: 0.0001372 seconds, Stopping threads took: 0.0000624 seconds
[2087.562s][info ][safepoint    ] Application time: 1.0000969 seconds
[2087.562s][info ][safepoint    ] Entering safepoint region: Cleanup
[2087.562s][info ][safepoint    ] Leaving safepoint region
[2087.562s][info ][safepoint    ] Total time for which application threads were stopped: 0.0001268 seconds, Stopping threads took: 0.0000578 seconds
[2087.911s][info ][safepoint    ] Application time: 0.3487897 seconds
[2087.911s][info ][safepoint    ] Entering safepoint region: GenCollectForAllocation
[2087.911s][info ][gc,start     ] GC(788) Pause Young (Allocation Failure)
[2087.911s][info ][gc,task      ] GC(788) Using 4 workers of 4 for evacuation
[2087.914s][debug][gc,ref       ] GC(788) Skipped phase1 of Reference Processing due to unavailable references
[2087.915s][debug][gc,ref       ] GC(788) Skipped phase2 of Reference Processing due to unavailable references
[2087.915s][debug][gc,ref       ] GC(788) Skipped phase3 of Reference Processing due to unavailable references
[2087.915s][debug][gc,ref       ] GC(788) Skipped phase4 of Reference Processing due to unavailable references
[2087.915s][debug][gc,age       ] GC(788) Desired survivor size 15368192 bytes, new threshold 6 (max threshold 6)
[2087.915s][info ][gc,heap      ] GC(788) ParNew: 242008K->1699K(270336K)
[2087.915s][info ][gc,heap      ] GC(788) CMS: 269555K->269630K(600768K)
[2087.915s][info ][gc,metaspace ] GC(788) Metaspace: 58816K->58816K(1101824K)
[2087.915s][info ][gc           ] GC(788) Pause Young (Allocation Failure) 499M->264M(850M) 4.007ms
[2087.915s][info ][gc,cpu       ] GC(788) User=0.01s Sys=0.01s Real=0.00s
[2087.916s][info ][safepoint    ] Leaving safepoint region
[2087.916s][info ][safepoint    ] Total time for which application threads were stopped: 0.0041758 seconds, Stopping threads took: 0.0000185 seconds
[2088.916s][info ][safepoint    ] Application time: 1.0001011 seconds
[2088.916s][info ][safepoint    ] Entering safepoint region: Cleanup
[2088.916s][info ][safepoint    ] Leaving safepoint region
[2088.916s][info ][safepoint    ] Total time for which application threads were stopped: 0.0001349 seconds, Stopping threads took: 0.0000654 seconds
[2089.916s][info ][safepoint    ] Application time: 1.0000685 seconds
[2089.916s][info ][safepoint    ] Entering safepoint region: Cleanup
[2089.916s][info ][safepoint    ] Leaving safepoint region
[2089.916s][info ][safepoint    ] Total time for which application threads were stopped: 0.0001341 seconds, Stopping threads took: 0.0000504 seconds
[2090.916s][info ][safepoint    ] Application time: 1.0000883 seconds
[2090.916s][info ][safepoint    ] Entering safepoint region: Cleanup
[2090.916s][info ][safepoint    ] Leaving safepoint region
[2090.916s][info ][safepoint    ] Total time for which application threads were stopped: 0.0000873 seconds, Stopping threads took: 0.0000294 seconds
[2091.205s][info ][safepoint    ] Application time: 0.2888762 seconds
[2091.205s][info ][safepoint    ] Entering safepoint region: GenCollectForAllocation
[2091.205s][info ][gc,start     ] GC(789) Pause Young (Allocation Failure)
[2091.205s][info ][gc,task      ] GC(789) Using 4 workers of 4 for evacuation
[2091.214s][debug][gc,ref       ] GC(789) Skipped phase1 of Reference Processing due to unavailable references
[2091.214s][debug][gc,ref       ] GC(789) Skipped phase2 of Reference Processing due to unavailable references
[2091.214s][debug][gc,ref       ] GC(789) Skipped phase3 of Reference Processing due to unavailable references
[2091.214s][debug][gc,ref       ] GC(789) Skipped phase4 of Reference Processing due to unavailable references
[2091.214s][debug][gc,age       ] GC(789) Desired survivor size 15368192 bytes, new threshold 6 (max threshold 6)
[2091.214s][info ][gc,heap      ] GC(789) ParNew: 242019K->1765K(270336K)
[2091.214s][info ][gc,heap      ] GC(789) CMS: 269630K->269951K(600768K)
[2091.214s][info ][gc,metaspace ] GC(789) Metaspace: 58816K->58816K(1101824K)
[2091.214s][info ][gc           ] GC(789) Pause Young (Allocation Failure) 499M->265M(850M) 8.865ms
[2091.214s][info ][gc,cpu       ] GC(789) User=0.02s Sys=0.01s Real=0.01s
[2091.214s][info ][safepoint    ] Leaving safepoint region
[2091.214s][info ][safepoint    ] Total time for which application threads were stopped: 0.0090600 seconds, Stopping threads took: 0.0000628 seconds
[2092.214s][info ][safepoint    ] Application time: 1.0001027 seconds
[2092.214s][info ][safepoint    ] Entering safepoint region: Cleanup
[2092.214s][info ][safepoint    ] Leaving safepoint region
[2092.214s][info ][safepoint    ] Total time for which application threads were stopped: 0.0001040 seconds, Stopping threads took: 0.0000418 seconds
[2093.215s][info ][safepoint    ] Application time: 1.0000802 seconds
[2093.215s][info ][safepoint    ] Entering safepoint region: Cleanup
[2093.215s][info ][safepoint    ] Leaving safepoint region
[2093.215s][info ][safepoint    ] Total time for which application threads were stopped: 0.0001457 seconds, Stopping threads took: 0.0000867 seconds
[2094.215s][info ][safepoint    ] Application time: 1.0000796 seconds
[2094.215s][info ][safepoint    ] Entering safepoint region: Cleanup
[2094.215s][info ][safepoint    ] Leaving safepoint region
[2094.215s][info ][safepoint    ] Total time for which application threads were stopped: 0.0001112 seconds, Stopping threads took: 0.0000429 seconds
[2094.465s][info ][safepoint    ] Application time: 0.2498258 seconds
[2094.465s][info ][safepoint    ] Entering safepoint region: GenCollectForAllocation
[2094.465s][info ][gc,start     ] GC(790) Pause Young (Allocation Failure)
[2094.465s][info ][gc,task      ] GC(790) Using 4 workers of 4 for evacuation
[2094.467s][debug][gc,ref       ] GC(790) Skipped phase1 of Reference Processing due to unavailable references
[2094.467s][debug][gc,ref       ] GC(790) Skipped phase2 of Reference Processing due to unavailable references
[2094.467s][debug][gc,ref       ] GC(790) Skipped phase3 of Reference Processing due to unavailable references
[2094.467s][debug][gc,ref       ] GC(790) Skipped phase4 of Reference Processing due to unavailable references
[2094.467s][debug][gc,age       ] GC(790) Desired survivor size 15368192 bytes, new threshold 6 (max threshold 6)
[2094.467s][info ][gc,heap      ] GC(790) ParNew: 242085K->1731K(270336K)
[2094.467s][info ][gc,heap      ] GC(790) CMS: 269951K->269966K(600768K)
[2094.467s][info ][gc,metaspace ] GC(790) Metaspace: 58816K->58816K(1101824K)
[2094.467s][info ][gc           ] GC(790) Pause Young (Allocation Failure) 500M->265M(850M) 2.410ms
[2094.467s][info ][gc,cpu       ] GC(790) User=0.01s Sys=0.00s Real=0.00s
[2094.467s][info ][safepoint    ] Leaving safepoint region
[2094.467s][info ][safepoint    ] Total time for which application threads were stopped: 0.0025872 seconds, Stopping threads took: 0.0000159 seconds
[2095.468s][info ][safepoint    ] Application time: 1.0000981 seconds
[2095.468s][info ][safepoint    ] Entering safepoint region: Cleanup
[2095.468s][info ][safepoint    ] Leaving safepoint region
[2095.468s][info ][safepoint    ] Total time for which application threads were stopped: 0.0001047 seconds, Stopping threads took: 0.0000194 seconds
[2096.468s][info ][safepoint    ] Application time: 1.0000822 seconds
[2096.468s][info ][safepoint    ] Entering safepoint region: Cleanup
[2096.468s][info ][safepoint    ] Leaving safepoint region
[2096.468s][info ][safepoint    ] Total time for which application threads were stopped: 0.0000883 seconds, Stopping threads took: 0.0000167 seconds
[2097.468s][info ][safepoint    ] Application time: 1.0000864 seconds
[2097.468s][info ][safepoint    ] Entering safepoint region: Cleanup
[2097.468s][info ][safepoint    ] Leaving safepoint region
[2097.468s][info ][safepoint    ] Total time for which application threads were stopped: 0.0000749 seconds, Stopping threads took: 0.0000170 seconds
[2097.758s][info ][safepoint    ] Application time: 0.2898915 seconds
[2097.758s][info ][safepoint    ] Entering safepoint region: GenCollectForAllocation
[2097.758s][info ][gc,start     ] GC(791) Pause Young (Allocation Failure)
[2097.758s][info ][gc,task      ] GC(791) Using 4 workers of 4 for evacuation
[2097.760s][debug][gc,ref       ] GC(791) Skipped phase1 of Reference Processing due to unavailable references
[2097.760s][debug][gc,ref       ] GC(791) Skipped phase2 of Reference Processing due to unavailable references
[2097.760s][debug][gc,ref       ] GC(791) Skipped phase3 of Reference Processing due to unavailable references
[2097.760s][debug][gc,ref       ] GC(791) Skipped phase4 of Reference Processing due to unavailable references
[2097.761s][debug][gc,age       ] GC(791) Desired survivor size 15368192 bytes, new threshold 6 (max threshold 6)
[2097.761s][info ][gc,heap      ] GC(791) ParNew: 242051K->981K(270336K)
[2097.761s][info ][gc,heap      ] GC(791) CMS: 269966K->270443K(600768K)
[2097.761s][info ][gc,metaspace ] GC(791) Metaspace: 58816K->58816K(1101824K)
[2097.761s][info ][gc           ] GC(791) Pause Young (Allocation Failure) 500M->265M(850M) 2.523ms
[2097.761s][info ][gc,cpu       ] GC(791) User=0.01s Sys=0.00s Real=0.00s
[2097.761s][info ][safepoint    ] Leaving safepoint region
[2097.761s][info ][safepoint    ] Total time for which application threads were stopped: 0.0026665 seconds, Stopping threads took: 0.0000168 seconds
[2098.761s][info ][safepoint    ] Application time: 1.0001027 seconds
[2098.761s][info ][safepoint    ] Entering safepoint region: Cleanup
[2098.761s][info ][safepoint    ] Leaving safepoint region
[2098.761s][info ][safepoint    ] Total time for which application threads were stopped: 0.0001462 seconds, Stopping threads took: 0.0000447 seconds
[2099.761s][info ][safepoint    ] Application time: 1.0000904 seconds
[2099.761s][info ][safepoint    ] Entering safepoint region: Cleanup
[2099.761s][info ][safepoint    ] Leaving safepoint region
[2099.761s][info ][safepoint    ] Total time for which application threads were stopped: 0.0001218 seconds, Stopping threads took: 0.0000415 seconds
[2100.761s][info ][safepoint    ] Application time: 1.0000872 seconds
[2100.761s][info ][safepoint    ] Entering safepoint region: Cleanup
[2100.762s][info ][safepoint    ] Leaving safepoint region
[2100.762s][info ][safepoint    ] Total time for which application threads were stopped: 0.0001355 seconds, Stopping threads took: 0.0000612 seconds
[2101.064s][info ][safepoint    ] Application time: 0.3025847 seconds
[2101.064s][info ][safepoint    ] Entering safepoint region: GenCollectForAllocation
[2101.064s][info ][gc,start     ] GC(792) Pause Young (Allocation Failure)
[2101.064s][info ][gc,task      ] GC(792) Using 4 workers of 4 for evacuation
[2101.067s][debug][gc,ref       ] GC(792) Skipped phase1 of Reference Processing due to unavailable references
[2101.067s][debug][gc,ref       ] GC(792) Skipped phase2 of Reference Processing due to unavailable references
[2101.067s][debug][gc,ref       ] GC(792) Skipped phase3 of Reference Processing due to unavailable references
[2101.067s][debug][gc,ref       ] GC(792) Skipped phase4 of Reference Processing due to unavailable references
[2101.067s][debug][gc,age       ] GC(792) Desired survivor size 15368192 bytes, new threshold 6 (max threshold 6)
[2101.067s][info ][gc,heap      ] GC(792) ParNew: 241301K->1043K(270336K)
[2101.067s][info ][gc,heap      ] GC(792) CMS: 270443K->270785K(600768K)
[2101.067s][info ][gc,metaspace ] GC(792) Metaspace: 58816K->58816K(1101824K)
[2101.067s][info ][gc           ] GC(792) Pause Young (Allocation Failure) 499M->265M(850M) 2.558ms
[2101.067s][info ][gc,cpu       ] GC(792) User=0.01s Sys=0.00s Real=0.00s
[2101.067s][info ][safepoint    ] Leaving safepoint region
[2101.067s][info ][safepoint    ] Total time for which application threads were stopped: 0.0027024 seconds, Stopping threads took: 0.0000163 seconds
[2102.067s][info ][safepoint    ] Application time: 1.0001012 seconds
[2102.067s][info ][safepoint    ] Entering safepoint region: Cleanup
[2102.067s][info ][safepoint    ] Leaving safepoint region
[2102.067s][info ][safepoint    ] Total time for which application threads were stopped: 0.0001074 seconds, Stopping threads took: 0.0000394 seconds
[2103.067s][info ][safepoint    ] Application time: 1.0001022 seconds
[2103.067s][info ][safepoint    ] Entering safepoint region: Cleanup
[2103.067s][info ][safepoint    ] Leaving safepoint region
[2103.067s][info ][safepoint    ] Total time for which application threads were stopped: 0.0000715 seconds, Stopping threads took: 0.0000163 seconds
[2104.067s][info ][safepoint    ] Application time: 1.0000867 seconds
[2104.067s][info ][safepoint    ] Entering safepoint region: Cleanup
[2104.068s][info ][safepoint    ] Leaving safepoint region
[2104.068s][info ][safepoint    ] Total time for which application threads were stopped: 0.0001177 seconds, Stopping threads took: 0.0000462 seconds
[2104.365s][info ][safepoint    ] Application time: 0.2974888 seconds
[2104.365s][info ][safepoint    ] Entering safepoint region: GenCollectForAllocation
[2104.365s][info ][gc,start     ] GC(793) Pause Young (Allocation Failure)
[2104.365s][info ][gc,task      ] GC(793) Using 4 workers of 4 for evacuation
[2104.370s][debug][gc,ref       ] GC(793) Skipped phase1 of Reference Processing due to unavailable references
[2104.370s][debug][gc,ref       ] GC(793) Skipped phase2 of Reference Processing due to unavailable references
[2104.370s][debug][gc,ref       ] GC(793) Skipped phase3 of Reference Processing due to unavailable references
[2104.370s][debug][gc,ref       ] GC(793) Skipped phase4 of Reference Processing due to unavailable references
[2104.370s][debug][gc,age       ] GC(793) Desired survivor size 15368192 bytes, new threshold 6 (max threshold 6)
[2104.370s][info ][gc,heap      ] GC(793) ParNew: 241363K->948K(270336K)
[2104.370s][info ][gc,heap      ] GC(793) CMS: 270785K->270800K(600768K)
[2104.370s][info ][gc,metaspace ] GC(793) Metaspace: 58816K->58816K(1101824K)
[2104.370s][info ][gc           ] GC(793) Pause Young (Allocation Failure) 500M->265M(850M) 5.220ms
[2104.370s][info ][gc,cpu       ] GC(793) User=0.01s Sys=0.00s Real=0.01s
[2104.370s][info ][safepoint    ] Leaving safepoint region
[2104.370s][info ][safepoint    ] Total time for which application threads were stopped: 0.0054206 seconds, Stopping threads took: 0.0000210 seconds
[2105.371s][info ][safepoint    ] Application time: 1.0001312 seconds
[2105.371s][info ][safepoint    ] Entering safepoint region: Cleanup
[2105.371s][info ][safepoint    ] Leaving safepoint region
[2105.371s][info ][safepoint    ] Total time for which application threads were stopped: 0.0001836 seconds, Stopping threads took: 0.0001008 seconds
[2106.371s][info ][safepoint    ] Application time: 1.0001055 seconds
[2106.371s][info ][safepoint    ] Entering safepoint region: Cleanup
[2106.371s][info ][safepoint    ] Leaving safepoint region
[2106.371s][info ][safepoint    ] Total time for which application threads were stopped: 0.0000760 seconds, Stopping threads took: 0.0000178 seconds
[2107.371s][info ][safepoint    ] Application time: 1.0002364 seconds
[2107.371s][info ][safepoint    ] Entering safepoint region: Cleanup
[2107.371s][info ][safepoint    ] Leaving safepoint region
[2107.371s][info ][safepoint    ] Total time for which application threads were stopped: 0.0001365 seconds, Stopping threads took: 0.0000556 seconds
[2107.665s][info ][safepoint    ] Application time: 0.2933645 seconds
[2107.665s][info ][safepoint    ] Entering safepoint region: GenCollectForAllocation
[2107.665s][info ][gc,start     ] GC(794) Pause Young (Allocation Failure)
[2107.665s][info ][gc,task      ] GC(794) Using 4 workers of 4 for evacuation
[2107.674s][debug][gc,ref       ] GC(794) Skipped phase1 of Reference Processing due to unavailable references
[2107.674s][debug][gc,ref       ] GC(794) Skipped phase2 of Reference Processing due to unavailable references
[2107.674s][debug][gc,ref       ] GC(794) Skipped phase3 of Reference Processing due to unavailable references
[2107.674s][debug][gc,ref       ] GC(794) Skipped phase4 of Reference Processing due to unavailable references
[2107.674s][debug][gc,age       ] GC(794) Desired survivor size 15368192 bytes, new threshold 6 (max threshold 6)
[2107.674s][info ][gc,heap      ] GC(794) ParNew: 241268K->1317K(270336K)
[2107.674s][info ][gc,heap      ] GC(794) CMS: 270800K->270855K(600768K)
[2107.674s][info ][gc,metaspace ] GC(794) Metaspace: 58816K->58816K(1101824K)
[2107.674s][info ][gc           ] GC(794) Pause Young (Allocation Failure) 500M->265M(850M) 9.480ms
[2107.674s][info ][gc,cpu       ] GC(794) User=0.02s Sys=0.00s Real=0.01s
[2107.675s][info ][safepoint    ] Leaving safepoint region
[2107.675s][info ][safepoint    ] Total time for which application threads were stopped: 0.0096654 seconds, Stopping threads took: 0.0000206 seconds
[2108.675s][info ][safepoint    ] Application time: 1.0001132 seconds
[2108.676s][info ][safepoint    ] Entering safepoint region: Cleanup
[2108.676s][info ][safepoint    ] Leaving safepoint region
[2108.676s][info ][safepoint    ] Total time for which application threads were stopped: 0.0015887 seconds, Stopping threads took: 0.0014819 seconds
[2109.678s][info ][safepoint    ] Application time: 1.0020038 seconds
[2109.678s][info ][safepoint    ] Entering safepoint region: Cleanup
[2109.678s][info ][safepoint    ] Leaving safepoint region
[2109.678s][info ][safepoint    ] Total time for which application threads were stopped: 0.0000750 seconds, Stopping threads took: 0.0000171 seconds
[2110.679s][info ][safepoint    ] Application time: 1.0000887 seconds
[2110.679s][info ][safepoint    ] Entering safepoint region: Cleanup
[2110.679s][info ][safepoint    ] Leaving safepoint region
[2110.679s][info ][safepoint    ] Total time for which application threads were stopped: 0.0000747 seconds, Stopping threads took: 0.0000165 seconds
[2110.963s][info ][safepoint    ] Application time: 0.2840524 seconds
[2110.963s][info ][safepoint    ] Entering safepoint region: GenCollectForAllocation
[2110.963s][info ][gc,start     ] GC(795) Pause Young (Allocation Failure)
[2110.963s][info ][gc,task      ] GC(795) Using 4 workers of 4 for evacuation
[2110.992s][debug][gc,ref       ] GC(795) Skipped phase1 of Reference Processing due to unavailable references
[2110.992s][debug][gc,ref       ] GC(795) Skipped phase2 of Reference Processing due to unavailable references
[2110.992s][debug][gc,ref       ] GC(795) Skipped phase3 of Reference Processing due to unavailable references
[2110.992s][debug][gc,ref       ] GC(795) Skipped phase4 of Reference Processing due to unavailable references
[2110.992s][debug][gc,age       ] GC(795) Desired survivor size 15368192 bytes, new threshold 6 (max threshold 6)
[2110.992s][info ][gc,heap      ] GC(795) ParNew: 241637K->1273K(270336K)
[2110.992s][info ][gc,heap      ] GC(795) CMS: 270855K->271075K(600768K)
[2110.992s][info ][gc,metaspace ] GC(795) Metaspace: 58816K->58816K(1101824K)
[2110.992s][info ][gc           ] GC(795) Pause Young (Allocation Failure) 500M->265M(850M) 29.497ms
[2110.992s][info ][gc,cpu       ] GC(795) User=0.03s Sys=0.00s Real=0.03s
[2110.992s][info ][safepoint    ] Leaving safepoint region
[2110.992s][info ][safepoint    ] Total time for which application threads were stopped: 0.0296583 seconds, Stopping threads took: 0.0000170 seconds
[2111.994s][info ][safepoint    ] Application time: 1.0018010 seconds
[2111.994s][info ][safepoint    ] Entering safepoint region: Cleanup
[2111.994s][info ][safepoint    ] Leaving safepoint region
[2111.994s][info ][safepoint    ] Total time for which application threads were stopped: 0.0000764 seconds, Stopping threads took: 0.0000175 seconds
[2112.994s][info ][safepoint    ] Application time: 1.0000470 seconds
[2112.994s][info ][safepoint    ] Entering safepoint region: Cleanup
[2112.994s][info ][safepoint    ] Leaving safepoint region
[2112.995s][info ][safepoint    ] Total time for which application threads were stopped: 0.0001578 seconds, Stopping threads took: 0.0000184 seconds
[2113.371s][info ][safepoint    ] Application time: 0.3763105 seconds
[2113.371s][info ][safepoint    ] Entering safepoint region: GenCollectForAllocation
[2113.371s][info ][gc,start     ] GC(796) Pause Young (Allocation Failure)
[2113.371s][info ][gc,task      ] GC(796) Using 4 workers of 4 for evacuation
[2113.374s][debug][gc,ref       ] GC(796) Skipped phase1 of Reference Processing due to unavailable references
[2113.374s][debug][gc,ref       ] GC(796) Skipped phase2 of Reference Processing due to unavailable references
[2113.374s][debug][gc,ref       ] GC(796) Skipped phase3 of Reference Processing due to unavailable references
[2113.374s][debug][gc,ref       ] GC(796) Skipped phase4 of Reference Processing due to unavailable references
[2113.374s][debug][gc,age       ] GC(796) Desired survivor size 15368192 bytes, new threshold 6 (max threshold 6)
[2113.374s][info ][gc,heap      ] GC(796) ParNew: 241593K->1812K(270336K)
[2113.374s][info ][gc,heap      ] GC(796) CMS: 271075K->271118K(600768K)
[2113.374s][info ][gc,metaspace ] GC(796) Metaspace: 58818K->58818K(1101824K)
[2113.374s][info ][gc           ] GC(796) Pause Young (Allocation Failure) 500M->266M(850M) 3.152ms
[2113.374s][info ][gc,cpu       ] GC(796) User=0.01s Sys=0.00s Real=0.00s
[2113.374s][info ][safepoint    ] Leaving safepoint region
[2113.374s][info ][safepoint    ] Total time for which application threads were stopped: 0.0033060 seconds, Stopping threads took: 0.0000166 seconds
[2114.374s][info ][safepoint    ] Application time: 1.0000983 seconds
[2114.374s][info ][safepoint    ] Entering safepoint region: Cleanup
[2114.374s][info ][safepoint    ] Leaving safepoint region
[2114.374s][info ][safepoint    ] Total time for which application threads were stopped: 0.0000765 seconds, Stopping threads took: 0.0000172 seconds
[2115.375s][info ][safepoint    ] Application time: 1.0000913 seconds
[2115.375s][info ][safepoint    ] Entering safepoint region: Cleanup
[2115.375s][info ][safepoint    ] Leaving safepoint region
[2115.375s][info ][safepoint    ] Total time for which application threads were stopped: 0.0000857 seconds, Stopping threads took: 0.0000245 seconds
[2116.375s][info ][safepoint    ] Application time: 1.0005407 seconds
[2116.375s][info ][safepoint    ] Entering safepoint region: Cleanup
[2116.375s][info ][safepoint    ] Leaving safepoint region
[2116.375s][info ][safepoint    ] Total time for which application threads were stopped: 0.0000737 seconds, Stopping threads took: 0.0000173 seconds
[2116.513s][info ][safepoint    ] Application time: 0.1378968 seconds
[2116.513s][info ][safepoint    ] Entering safepoint region: GenCollectForAllocation
[2116.513s][info ][gc,start     ] GC(797) Pause Young (Allocation Failure)
[2116.513s][info ][gc,task      ] GC(797) Using 4 workers of 4 for evacuation
[2116.517s][debug][gc,ref       ] GC(797) Skipped phase1 of Reference Processing due to unavailable references
[2116.517s][debug][gc,ref       ] GC(797) Skipped phase2 of Reference Processing due to unavailable references
[2116.517s][debug][gc,ref       ] GC(797) Skipped phase3 of Reference Processing due to unavailable references
[2116.517s][debug][gc,ref       ] GC(797) Skipped phase4 of Reference Processing due to unavailable references
[2116.517s][debug][gc,age       ] GC(797) Desired survivor size 15368192 bytes, new threshold 6 (max threshold 6)
[2116.517s][info ][gc,heap      ] GC(797) ParNew: 242132K->1614K(270336K)
[2116.517s][info ][gc,heap      ] GC(797) CMS: 271118K->271219K(600768K)
[2116.517s][info ][gc,metaspace ] GC(797) Metaspace: 58819K->58819K(1101824K)
[2116.517s][info ][gc           ] GC(797) Pause Young (Allocation Failure) 501M->266M(850M) 3.643ms
[2116.517s][info ][gc,cpu       ] GC(797) User=0.01s Sys=0.00s Real=0.00s
[2116.517s][info ][safepoint    ] Leaving safepoint region
[2116.517s][info ][safepoint    ] Total time for which application threads were stopped: 0.0038831 seconds, Stopping threads took: 0.0000628 seconds
[2117.517s][info ][safepoint    ] Application time: 1.0001147 seconds
[2117.517s][info ][safepoint    ] Entering safepoint region: Cleanup
[2117.517s][info ][safepoint    ] Leaving safepoint region
[2117.517s][info ][safepoint    ] Total time for which application threads were stopped: 0.0000865 seconds, Stopping threads took: 0.0000161 seconds
[2118.517s][info ][safepoint    ] Application time: 1.0000933 seconds
[2118.518s][info ][safepoint    ] Entering safepoint region: Cleanup
[2118.518s][info ][safepoint    ] Leaving safepoint region
[2118.518s][info ][safepoint    ] Total time for which application threads were stopped: 0.0000803 seconds, Stopping threads took: 0.0000185 seconds
[2119.518s][info ][safepoint    ] Application time: 1.0001021 seconds
[2119.518s][info ][safepoint    ] Entering safepoint region: Cleanup
[2119.518s][info ][safepoint    ] Leaving safepoint region
[2119.518s][info ][safepoint    ] Total time for which application threads were stopped: 0.0000841 seconds, Stopping threads took: 0.0000175 seconds
[2119.757s][info ][safepoint    ] Application time: 0.2396481 seconds
[2119.758s][info ][safepoint    ] Entering safepoint region: GenCollectForAllocation
[2119.758s][info ][gc,start     ] GC(798) Pause Young (Allocation Failure)
[2119.758s][info ][gc,task      ] GC(798) Using 4 workers of 4 for evacuation
[2119.760s][debug][gc,ref       ] GC(798) Skipped phase1 of Reference Processing due to unavailable references
[2119.761s][debug][gc,ref       ] GC(798) Skipped phase2 of Reference Processing due to unavailable references
[2119.761s][debug][gc,ref       ] GC(798) Skipped phase3 of Reference Processing due to unavailable references
[2119.761s][debug][gc,ref       ] GC(798) Skipped phase4 of Reference Processing due to unavailable references
[2119.761s][debug][gc,age       ] GC(798) Desired survivor size 15368192 bytes, new threshold 6 (max threshold 6)
[2119.761s][info ][gc,heap      ] GC(798) ParNew: 241934K->1689K(270336K)
[2119.761s][info ][gc,heap      ] GC(798) CMS: 271219K->271293K(600768K)
[2119.761s][info ][gc,metaspace ] GC(798) Metaspace: 58819K->58819K(1101824K)
[2119.761s][info ][gc           ] GC(798) Pause Young (Allocation Failure) 501M->266M(850M) 3.053ms
[2119.761s][info ][gc,cpu       ] GC(798) User=0.01s Sys=0.00s Real=0.00s
[2119.761s][info ][safepoint    ] Leaving safepoint region
[2119.761s][info ][safepoint    ] Total time for which application threads were stopped: 0.0032273 seconds, Stopping threads took: 0.0000163 seconds
[2120.761s][info ][safepoint    ] Application time: 1.0001229 seconds
[2120.761s][info ][safepoint    ] Entering safepoint region: Cleanup
[2120.762s][info ][safepoint    ] Leaving safepoint region
[2120.762s][info ][safepoint    ] Total time for which application threads were stopped: 0.0006103 seconds, Stopping threads took: 0.0005451 seconds
[2121.762s][info ][safepoint    ] Application time: 1.0001120 seconds
[2121.762s][info ][safepoint    ] Entering safepoint region: Cleanup
[2121.762s][info ][safepoint    ] Leaving safepoint region
[2121.762s][info ][safepoint    ] Total time for which application threads were stopped: 0.0001623 seconds, Stopping threads took: 0.0000688 seconds
[2122.762s][info ][safepoint    ] Application time: 1.0001370 seconds
[2122.762s][info ][safepoint    ] Entering safepoint region: Cleanup
[2122.762s][info ][safepoint    ] Leaving safepoint region
[2122.762s][info ][safepoint    ] Total time for which application threads were stopped: 0.0001026 seconds, Stopping threads took: 0.0000389 seconds
[2122.889s][info ][safepoint    ] Application time: 0.1266375 seconds
[2122.889s][info ][safepoint    ] Entering safepoint region: GenCollectForAllocation
[2122.889s][info ][gc,start     ] GC(799) Pause Young (Allocation Failure)
[2122.889s][info ][gc,task      ] GC(799) Using 4 workers of 4 for evacuation
[2122.891s][debug][gc,ref       ] GC(799) Skipped phase1 of Reference Processing due to unavailable references
[2122.891s][debug][gc,ref       ] GC(799) Skipped phase2 of Reference Processing due to unavailable references
[2122.891s][debug][gc,ref       ] GC(799) Skipped phase3 of Reference Processing due to unavailable references
[2122.891s][debug][gc,ref       ] GC(799) Skipped phase4 of Reference Processing due to unavailable references
[2122.892s][debug][gc,age       ] GC(799) Desired survivor size 15368192 bytes, new threshold 6 (max threshold 6)
[2122.892s][info ][gc,heap      ] GC(799) ParNew: 242006K->1735K(270336K)
[2122.892s][info ][gc,heap      ] GC(799) CMS: 271293K->271444K(600768K)
[2122.892s][info ][gc,metaspace ] GC(799) Metaspace: 58819K->58819K(1101824K)
[2122.892s][info ][gc           ] GC(799) Pause Young (Allocation Failure) 501M->266M(850M) 2.632ms
[2122.892s][info ][gc,cpu       ] GC(799) User=0.01s Sys=0.00s Real=0.01s
[2122.892s][info ][safepoint    ] Leaving safepoint region
[2122.892s][info ][safepoint    ] Total time for which application threads were stopped: 0.0027755 seconds, Stopping threads took: 0.0000150 seconds
[2123.892s][info ][safepoint    ] Application time: 1.0001198 seconds
[2123.892s][info ][safepoint    ] Entering safepoint region: Cleanup
[2123.892s][info ][safepoint    ] Leaving safepoint region
[2123.892s][info ][safepoint    ] Total time for which application threads were stopped: 0.0000995 seconds, Stopping threads took: 0.0000368 seconds
[2124.892s][info ][safepoint    ] Application time: 1.0000859 seconds
[2124.892s][info ][safepoint    ] Entering safepoint region: Cleanup
[2124.892s][info ][safepoint    ] Leaving safepoint region
[2124.892s][info ][safepoint    ] Total time for which application threads were stopped: 0.0000883 seconds, Stopping threads took: 0.0000182 seconds
[2125.892s][info ][safepoint    ] Application time: 1.0000978 seconds
[2125.892s][info ][safepoint    ] Entering safepoint region: Cleanup
[2125.892s][info ][safepoint    ] Leaving safepoint region
[2125.892s][info ][safepoint    ] Total time for which application threads were stopped: 0.0000715 seconds, Stopping threads took: 0.0000171 seconds
[2126.161s][info ][safepoint    ] Application time: 0.2684936 seconds
[2126.161s][info ][safepoint    ] Entering safepoint region: GenCollectForAllocation
[2126.161s][info ][gc,start     ] GC(800) Pause Young (Allocation Failure)
[2126.161s][info ][gc,task      ] GC(800) Using 4 workers of 4 for evacuation
[2126.163s][debug][gc,ref       ] GC(800) Skipped phase1 of Reference Processing due to unavailable references
[2126.163s][debug][gc,ref       ] GC(800) Skipped phase2 of Reference Processing due to unavailable references
[2126.163s][debug][gc,ref       ] GC(800) Skipped phase3 of Reference Processing due to unavailable references
[2126.163s][debug][gc,ref       ] GC(800) Skipped phase4 of Reference Processing due to unavailable references
[2126.164s][debug][gc,age       ] GC(800) Desired survivor size 15368192 bytes, new threshold 6 (max threshold 6)
[2126.164s][info ][gc,heap      ] GC(800) ParNew: 242055K->1797K(270336K)
[2126.164s][info ][gc,heap      ] GC(800) CMS: 271444K->271576K(600768K)
[2126.164s][info ][gc,metaspace ] GC(800) Metaspace: 58819K->58819K(1101824K)
[2126.164s][info ][gc           ] GC(800) Pause Young (Allocation Failure) 501M->266M(850M) 2.706ms
[2126.164s][info ][gc,cpu       ] GC(800) User=0.01s Sys=0.00s Real=0.01s
[2126.164s][info ][safepoint    ] Leaving safepoint region
[2126.164s][info ][safepoint    ] Total time for which application threads were stopped: 0.0028521 seconds, Stopping threads took: 0.0000184 seconds
[2127.164s][info ][safepoint    ] Application time: 1.0000964 seconds
[2127.164s][info ][safepoint    ] Entering safepoint region: Cleanup
[2127.164s][info ][safepoint    ] Leaving safepoint region
[2127.164s][info ][safepoint    ] Total time for which application threads were stopped: 0.0001137 seconds, Stopping threads took: 0.0000515 seconds
[2128.164s][info ][safepoint    ] Application time: 1.0000975 seconds
[2128.164s][info ][safepoint    ] Entering safepoint region: Cleanup
[2128.164s][info ][safepoint    ] Leaving safepoint region
[2128.164s][info ][safepoint    ] Total time for which application threads were stopped: 0.0001213 seconds, Stopping threads took: 0.0000428 seconds
[2129.164s][info ][safepoint    ] Application time: 1.0000916 seconds
[2129.164s][info ][safepoint    ] Entering safepoint region: Cleanup
[2129.164s][info ][safepoint    ] Leaving safepoint region
[2129.164s][info ][safepoint    ] Total time for which application threads were stopped: 0.0001028 seconds, Stopping threads took: 0.0000386 seconds
[2129.466s][info ][safepoint    ] Application time: 0.3012581 seconds
[2129.466s][info ][safepoint    ] Entering safepoint region: GenCollectForAllocation
[2129.466s][info ][gc,start     ] GC(801) Pause Young (Allocation Failure)
[2129.466s][info ][gc,task      ] GC(801) Using 4 workers of 4 for evacuation
[2129.469s][debug][gc,ref       ] GC(801) Skipped phase1 of Reference Processing due to unavailable references
[2129.469s][debug][gc,ref       ] GC(801) Skipped phase2 of Reference Processing due to unavailable references
[2129.469s][debug][gc,ref       ] GC(801) Skipped phase3 of Reference Processing due to unavailable references
[2129.469s][debug][gc,ref       ] GC(801) Skipped phase4 of Reference Processing due to unavailable references
[2129.469s][debug][gc,age       ] GC(801) Desired survivor size 15368192 bytes, new threshold 6 (max threshold 6)
[2129.469s][info ][gc,heap      ] GC(801) ParNew: 242117K->1477K(270336K)
[2129.469s][info ][gc,heap      ] GC(801) CMS: 271576K->271656K(600768K)
[2129.469s][info ][gc,metaspace ] GC(801) Metaspace: 58819K->58819K(1101824K)
[2129.469s][info ][gc           ] GC(801) Pause Young (Allocation Failure) 501M->266M(850M) 2.783ms
[2129.469s][info ][gc,cpu       ] GC(801) User=0.01s Sys=0.00s Real=0.00s
[2129.469s][info ][safepoint    ] Leaving safepoint region
[2129.469s][info ][safepoint    ] Total time for which application threads were stopped: 0.0030414 seconds, Stopping threads took: 0.0000284 seconds
[2130.469s][info ][safepoint    ] Application time: 1.0001165 seconds
[2130.469s][info ][safepoint    ] Entering safepoint region: Cleanup
[2130.469s][info ][safepoint    ] Leaving safepoint region
[2130.469s][info ][safepoint    ] Total time for which application threads were stopped: 0.0001102 seconds, Stopping threads took: 0.0000432 seconds
[2131.469s][info ][safepoint    ] Application time: 1.0001019 seconds
[2131.469s][info ][safepoint    ] Entering safepoint region: Cleanup
[2131.469s][info ][safepoint    ] Leaving safepoint region
[2131.469s][info ][safepoint    ] Total time for which application threads were stopped: 0.0000736 seconds, Stopping threads took: 0.0000170 seconds
[2132.469s][info ][safepoint    ] Application time: 1.0000894 seconds
[2132.469s][info ][safepoint    ] Entering safepoint region: Cleanup
[2132.470s][info ][safepoint    ] Leaving safepoint region
[2132.470s][info ][safepoint    ] Total time for which application threads were stopped: 0.0000930 seconds, Stopping threads took: 0.0000324 seconds
[2132.654s][info ][safepoint    ] Application time: 0.1847853 seconds
[2132.654s][info ][safepoint    ] Entering safepoint region: GenCollectForAllocation
[2132.654s][info ][gc,start     ] GC(802) Pause Young (Allocation Failure)
[2132.654s][info ][gc,task      ] GC(802) Using 4 workers of 4 for evacuation
[2132.657s][debug][gc,ref       ] GC(802) Skipped phase1 of Reference Processing due to unavailable references
[2132.657s][debug][gc,ref       ] GC(802) Skipped phase2 of Reference Processing due to unavailable references
[2132.657s][debug][gc,ref       ] GC(802) Skipped phase3 of Reference Processing due to unavailable references
[2132.657s][debug][gc,ref       ] GC(802) Skipped phase4 of Reference Processing due to unavailable references
[2132.657s][debug][gc,age       ] GC(802) Desired survivor size 15368192 bytes, new threshold 6 (max threshold 6)
[2132.657s][info ][gc,heap      ] GC(802) ParNew: 241797K->1826K(270336K)
[2132.657s][info ][gc,heap      ] GC(802) CMS: 271656K->271783K(600768K)
[2132.658s][info ][gc,metaspace ] GC(802) Metaspace: 58819K->58819K(1101824K)
[2132.658s][info ][gc           ] GC(802) Pause Young (Allocation Failure) 501M->267M(850M) 3.045ms
[2132.658s][info ][gc,cpu       ] GC(802) User=0.01s Sys=0.00s Real=0.00s
[2132.658s][info ][safepoint    ] Leaving safepoint region
[2132.658s][info ][safepoint    ] Total time for which application threads were stopped: 0.0031923 seconds, Stopping threads took: 0.0000159 seconds
[2133.658s][info ][safepoint    ] Application time: 1.0001098 seconds
[2133.658s][info ][safepoint    ] Entering safepoint region: Cleanup
[2133.658s][info ][safepoint    ] Leaving safepoint region
[2133.658s][info ][safepoint    ] Total time for which application threads were stopped: 0.0001156 seconds, Stopping threads took: 0.0000520 seconds
[2134.658s][info ][safepoint    ] Application time: 1.0001007 seconds
[2134.658s][info ][safepoint    ] Entering safepoint region: Cleanup
[2134.658s][info ][safepoint    ] Leaving safepoint region
[2134.658s][info ][safepoint    ] Total time for which application threads were stopped: 0.0001168 seconds, Stopping threads took: 0.0000553 seconds
[2135.658s][info ][safepoint    ] Application time: 1.0000989 seconds
[2135.658s][info ][safepoint    ] Entering safepoint region: Cleanup
[2135.658s][info ][safepoint    ] Leaving safepoint region
[2135.658s][info ][safepoint    ] Total time for which application threads were stopped: 0.0001090 seconds, Stopping threads took: 0.0000421 seconds
[2135.814s][info ][safepoint    ] Application time: 0.1551555 seconds
[2135.814s][info ][safepoint    ] Entering safepoint region: GenCollectForAllocation
[2135.814s][info ][gc,start     ] GC(803) Pause Young (Allocation Failure)
[2135.814s][info ][gc,task      ] GC(803) Using 4 workers of 4 for evacuation
[2135.816s][debug][gc,ref       ] GC(803) Skipped phase1 of Reference Processing due to unavailable references
[2135.816s][debug][gc,ref       ] GC(803) Skipped phase2 of Reference Processing due to unavailable references
[2135.816s][debug][gc,ref       ] GC(803) Skipped phase3 of Reference Processing due to unavailable references
[2135.816s][debug][gc,ref       ] GC(803) Skipped phase4 of Reference Processing due to unavailable references
[2135.816s][debug][gc,age       ] GC(803) Desired survivor size 15368192 bytes, new threshold 6 (max threshold 6)
[2135.816s][info ][gc,heap      ] GC(803) ParNew: 242146K->1917K(270336K)
[2135.816s][info ][gc,heap      ] GC(803) CMS: 271783K->271910K(600768K)
[2135.816s][info ][gc,metaspace ] GC(803) Metaspace: 58819K->58819K(1101824K)
[2135.816s][info ][gc           ] GC(803) Pause Young (Allocation Failure) 501M->267M(850M) 2.617ms
[2135.816s][info ][gc,cpu       ] GC(803) User=0.01s Sys=0.00s Real=0.00s
[2135.816s][info ][safepoint    ] Leaving safepoint region
[2135.816s][info ][safepoint    ] Total time for which application threads were stopped: 0.0027636 seconds, Stopping threads took: 0.0000177 seconds
[2136.818s][info ][safepoint    ] Application time: 1.0015977 seconds
[2136.818s][info ][safepoint    ] Entering safepoint region: Cleanup
[2136.818s][info ][safepoint    ] Leaving safepoint region
[2136.818s][info ][safepoint    ] Total time for which application threads were stopped: 0.0000905 seconds, Stopping threads took: 0.0000171 seconds
[2137.823s][info ][safepoint    ] Application time: 1.0048691 seconds
[2137.823s][info ][safepoint    ] Entering safepoint region: Cleanup
[2137.823s][info ][safepoint    ] Leaving safepoint region
[2137.823s][info ][safepoint    ] Total time for which application threads were stopped: 0.0000781 seconds, Stopping threads took: 0.0000169 seconds
[2138.823s][info ][safepoint    ] Application time: 1.0001250 seconds
[2138.823s][info ][safepoint    ] Entering safepoint region: Cleanup
[2138.823s][info ][safepoint    ] Leaving safepoint region
[2138.823s][info ][safepoint    ] Total time for which application threads were stopped: 0.0000734 seconds, Stopping threads took: 0.0000170 seconds
[2138.960s][info ][safepoint    ] Application time: 0.1367804 seconds
[2138.960s][info ][safepoint    ] Entering safepoint region: GenCollectForAllocation
[2138.960s][info ][gc,start     ] GC(804) Pause Young (Allocation Failure)
[2138.960s][info ][gc,task      ] GC(804) Using 4 workers of 4 for evacuation
[2138.963s][debug][gc,ref       ] GC(804) Skipped phase1 of Reference Processing due to unavailable references
[2138.963s][debug][gc,ref       ] GC(804) Skipped phase2 of Reference Processing due to unavailable references
[2138.963s][debug][gc,ref       ] GC(804) Skipped phase3 of Reference Processing due to unavailable references
[2138.963s][debug][gc,ref       ] GC(804) Skipped phase4 of Reference Processing due to unavailable references
[2138.963s][debug][gc,age       ] GC(804) Desired survivor size 15368192 bytes, new threshold 6 (max threshold 6)
[2138.964s][info ][gc,heap      ] GC(804) ParNew: 242237K->1986K(270336K)
[2138.964s][info ][gc,heap      ] GC(804) CMS: 271910K->272006K(600768K)
[2138.964s][info ][gc,metaspace ] GC(804) Metaspace: 58820K->58820K(1101824K)
[2138.964s][info ][gc           ] GC(804) Pause Young (Allocation Failure) 502M->267M(850M) 3.380ms
[2138.964s][info ][gc,cpu       ] GC(804) User=0.01s Sys=0.00s Real=0.01s
[2138.964s][info ][safepoint    ] Leaving safepoint region
[2138.964s][info ][safepoint    ] Total time for which application threads were stopped: 0.0035566 seconds, Stopping threads took: 0.0000161 seconds
[2139.964s][info ][safepoint    ] Application time: 1.0001119 seconds
[2139.964s][info ][safepoint    ] Entering safepoint region: Cleanup
[2139.964s][info ][safepoint    ] Leaving safepoint region
[2139.964s][info ][safepoint    ] Total time for which application threads were stopped: 0.0001096 seconds, Stopping threads took: 0.0000420 seconds
[2140.964s][info ][safepoint    ] Application time: 1.0000974 seconds
[2140.964s][info ][safepoint    ] Entering safepoint region: Cleanup
[2140.964s][info ][safepoint    ] Leaving safepoint region
[2140.964s][info ][safepoint    ] Total time for which application threads were stopped: 0.0001031 seconds, Stopping threads took: 0.0000417 seconds
[2141.964s][info ][safepoint    ] Application time: 1.0000964 seconds
[2141.964s][info ][safepoint    ] Entering safepoint region: Cleanup
[2141.964s][info ][safepoint    ] Leaving safepoint region
[2141.964s][info ][safepoint    ] Total time for which application threads were stopped: 0.0001076 seconds, Stopping threads took: 0.0000409 seconds
[2142.255s][info ][safepoint    ] Application time: 0.2901509 seconds
[2142.255s][info ][safepoint    ] Entering safepoint region: GenCollectForAllocation
[2142.255s][info ][gc,start     ] GC(805) Pause Young (Allocation Failure)
[2142.255s][info ][gc,task      ] GC(805) Using 4 workers of 4 for evacuation
[2142.257s][debug][gc,ref       ] GC(805) Skipped phase1 of Reference Processing due to unavailable references
[2142.257s][debug][gc,ref       ] GC(805) Skipped phase2 of Reference Processing due to unavailable references
[2142.257s][debug][gc,ref       ] GC(805) Skipped phase3 of Reference Processing due to unavailable references
[2142.257s][debug][gc,ref       ] GC(805) Skipped phase4 of Reference Processing due to unavailable references
[2142.257s][debug][gc,age       ] GC(805) Desired survivor size 15368192 bytes, new threshold 6 (max threshold 6)
[2142.257s][info ][gc,heap      ] GC(805) ParNew: 242306K->2079K(270336K)
[2142.257s][info ][gc,heap      ] GC(805) CMS: 272006K->272149K(600768K)
[2142.257s][info ][gc,metaspace ] GC(805) Metaspace: 58820K->58820K(1101824K)
[2142.257s][info ][gc           ] GC(805) Pause Young (Allocation Failure) 502M->267M(850M) 2.416ms
[2142.257s][info ][gc,cpu       ] GC(805) User=0.01s Sys=0.00s Real=0.00s
[2142.257s][info ][safepoint    ] Leaving safepoint region
[2142.257s][info ][safepoint    ] Total time for which application threads were stopped: 0.0025754 seconds, Stopping threads took: 0.0000156 seconds
[2143.257s][info ][safepoint    ] Application time: 1.0001087 seconds
[2143.257s][info ][safepoint    ] Entering safepoint region: Cleanup
[2143.257s][info ][safepoint    ] Leaving safepoint region
[2143.257s][info ][safepoint    ] Total time for which application threads were stopped: 0.0001042 seconds, Stopping threads took: 0.0000381 seconds
[2144.258s][info ][safepoint    ] Application time: 1.0001121 seconds
[2144.258s][info ][safepoint    ] Entering safepoint region: Cleanup
[2144.258s][info ][safepoint    ] Leaving safepoint region
[2144.258s][info ][safepoint    ] Total time for which application threads were stopped: 0.0001413 seconds, Stopping threads took: 0.0000802 seconds
[2145.258s][info ][safepoint    ] Application time: 1.0001188 seconds
[2145.258s][info ][safepoint    ] Entering safepoint region: Cleanup
[2145.258s][info ][safepoint    ] Leaving safepoint region
[2145.258s][info ][safepoint    ] Total time for which application threads were stopped: 0.0000973 seconds, Stopping threads took: 0.0000361 seconds
[2145.454s][info ][safepoint    ] Application time: 0.1962308 seconds
[2145.454s][info ][safepoint    ] Entering safepoint region: GenCollectForAllocation
[2145.454s][info ][gc,start     ] GC(806) Pause Young (Allocation Failure)
[2145.454s][info ][gc,task      ] GC(806) Using 4 workers of 4 for evacuation
[2145.457s][debug][gc,ref       ] GC(806) Skipped phase1 of Reference Processing due to unavailable references
[2145.457s][debug][gc,ref       ] GC(806) Skipped phase2 of Reference Processing due to unavailable references
[2145.457s][debug][gc,ref       ] GC(806) Skipped phase3 of Reference Processing due to unavailable references
[2145.457s][debug][gc,ref       ] GC(806) Skipped phase4 of Reference Processing due to unavailable references
[2145.457s][debug][gc,age       ] GC(806) Desired survivor size 15368192 bytes, new threshold 6 (max threshold 6)
[2145.457s][info ][gc,heap      ] GC(806) ParNew: 242399K->1415K(270336K)
[2145.457s][info ][gc,heap      ] GC(806) CMS: 272149K->272710K(600768K)
[2145.457s][info ][gc,metaspace ] GC(806) Metaspace: 58820K->58820K(1101824K)
[2145.457s][info ][gc           ] GC(806) Pause Young (Allocation Failure) 502M->267M(850M) 2.596ms
[2145.457s][info ][gc,cpu       ] GC(806) User=0.01s Sys=0.01s Real=0.00s
[2145.457s][info ][safepoint    ] Leaving safepoint region
[2145.457s][info ][safepoint    ] Total time for which application threads were stopped: 0.0027414 seconds, Stopping threads took: 0.0000178 seconds
[2146.457s][info ][safepoint    ] Application time: 1.0000972 seconds
[2146.457s][info ][safepoint    ] Entering safepoint region: Cleanup
[2146.457s][info ][safepoint    ] Leaving safepoint region
[2146.457s][info ][safepoint    ] Total time for which application threads were stopped: 0.0001018 seconds, Stopping threads took: 0.0000367 seconds
[2147.457s][info ][safepoint    ] Application time: 1.0001467 seconds
[2147.457s][info ][safepoint    ] Entering safepoint region: Cleanup
[2147.457s][info ][safepoint    ] Leaving safepoint region
[2147.458s][info ][safepoint    ] Total time for which application threads were stopped: 0.0001013 seconds, Stopping threads took: 0.0000398 seconds
[2148.458s][info ][safepoint    ] Application time: 1.0000930 seconds
[2148.458s][info ][safepoint    ] Entering safepoint region: Cleanup
[2148.458s][info ][safepoint    ] Leaving safepoint region
[2148.458s][info ][safepoint    ] Total time for which application threads were stopped: 0.0000994 seconds, Stopping threads took: 0.0000416 seconds
[2148.655s][info ][safepoint    ] Application time: 0.1971036 seconds
[2148.655s][info ][safepoint    ] Entering safepoint region: GenCollectForAllocation
[2148.655s][info ][gc,start     ] GC(807) Pause Young (Allocation Failure)
[2148.655s][info ][gc,task      ] GC(807) Using 4 workers of 4 for evacuation
[2148.657s][debug][gc,ref       ] GC(807) Skipped phase1 of Reference Processing due to unavailable references
[2148.657s][debug][gc,ref       ] GC(807) Skipped phase2 of Reference Processing due to unavailable references
[2148.657s][debug][gc,ref       ] GC(807) Skipped phase3 of Reference Processing due to unavailable references
[2148.657s][debug][gc,ref       ] GC(807) Skipped phase4 of Reference Processing due to unavailable references
[2148.658s][debug][gc,age       ] GC(807) Desired survivor size 15368192 bytes, new threshold 6 (max threshold 6)
[2148.658s][info ][gc,heap      ] GC(807) ParNew: 241735K->1524K(270336K)
[2148.658s][info ][gc,heap      ] GC(807) CMS: 272710K->272787K(600768K)
[2148.658s][info ][gc,metaspace ] GC(807) Metaspace: 58820K->58820K(1101824K)
[2148.658s][info ][gc           ] GC(807) Pause Young (Allocation Failure) 502M->267M(850M) 2.553ms
[2148.658s][info ][gc,cpu       ] GC(807) User=0.01s Sys=0.00s Real=0.00s
[2148.658s][info ][safepoint    ] Leaving safepoint region
[2148.658s][info ][safepoint    ] Total time for which application threads were stopped: 0.0027291 seconds, Stopping threads took: 0.0000393 seconds
[2149.658s][info ][safepoint    ] Application time: 1.0000971 seconds
[2149.658s][info ][safepoint    ] Entering safepoint region: Cleanup
[2149.658s][info ][safepoint    ] Leaving safepoint region
[2149.658s][info ][safepoint    ] Total time for which application threads were stopped: 0.0001089 seconds, Stopping threads took: 0.0000371 seconds
[2150.658s][info ][safepoint    ] Application time: 1.0000539 seconds
[2150.658s][info ][safepoint    ] Entering safepoint region: Cleanup
[2150.658s][info ][safepoint    ] Leaving safepoint region
[2150.658s][info ][safepoint    ] Total time for which application threads were stopped: 0.0001189 seconds, Stopping threads took: 0.0000561 seconds
[2151.658s][info ][safepoint    ] Application time: 1.0000818 seconds
[2151.658s][info ][safepoint    ] Entering safepoint region: Cleanup
[2151.658s][info ][safepoint    ] Leaving safepoint region
[2151.658s][info ][safepoint    ] Total time for which application threads were stopped: 0.0001302 seconds, Stopping threads took: 0.0000661 seconds
[2151.916s][info ][safepoint    ] Application time: 0.2575148 seconds
[2151.916s][info ][safepoint    ] Entering safepoint region: GenCollectForAllocation
[2151.916s][info ][gc,start     ] GC(808) Pause Young (Allocation Failure)
[2151.916s][info ][gc,task      ] GC(808) Using 4 workers of 4 for evacuation
[2151.919s][debug][gc,ref       ] GC(808) Skipped phase1 of Reference Processing due to unavailable references
[2151.919s][debug][gc,ref       ] GC(808) Skipped phase2 of Reference Processing due to unavailable references
[2151.919s][debug][gc,ref       ] GC(808) Skipped phase3 of Reference Processing due to unavailable references
[2151.919s][debug][gc,ref       ] GC(808) Skipped phase4 of Reference Processing due to unavailable references
[2151.919s][debug][gc,age       ] GC(808) Desired survivor size 15368192 bytes, new threshold 6 (max threshold 6)
[2151.919s][info ][gc,heap      ] GC(808) ParNew: 241844K->1602K(270336K)
[2151.919s][info ][gc,heap      ] GC(808) CMS: 272787K->272932K(600768K)
[2151.919s][info ][gc,metaspace ] GC(808) Metaspace: 58820K->58820K(1101824K)
[2151.919s][info ][gc           ] GC(808) Pause Young (Allocation Failure) 502M->268M(850M) 2.923ms
[2151.919s][info ][gc,cpu       ] GC(808) User=0.01s Sys=0.00s Real=0.00s
[2151.919s][info ][safepoint    ] Leaving safepoint region
[2151.919s][info ][safepoint    ] Total time for which application threads were stopped: 0.0031011 seconds, Stopping threads took: 0.0000300 seconds
[2152.919s][info ][safepoint    ] Application time: 1.0001001 seconds
[2152.919s][info ][safepoint    ] Entering safepoint region: Cleanup
[2152.919s][info ][safepoint    ] Leaving safepoint region
[2152.919s][info ][safepoint    ] Total time for which application threads were stopped: 0.0000881 seconds, Stopping threads took: 0.0000318 seconds
[2153.919s][info ][safepoint    ] Application time: 1.0000926 seconds
[2153.919s][info ][safepoint    ] Entering safepoint region: Cleanup
[2153.919s][info ][safepoint    ] Leaving safepoint region
[2153.919s][info ][safepoint    ] Total time for which application threads were stopped: 0.0000782 seconds, Stopping threads took: 0.0000151 seconds
[2154.920s][info ][safepoint    ] Application time: 1.0001065 seconds
[2154.920s][info ][safepoint    ] Entering safepoint region: Cleanup
[2154.920s][info ][safepoint    ] Leaving safepoint region
[2154.920s][info ][safepoint    ] Total time for which application threads were stopped: 0.0000766 seconds, Stopping threads took: 0.0000171 seconds
[2155.060s][info ][safepoint    ] Application time: 0.1398786 seconds
[2155.060s][info ][safepoint    ] Entering safepoint region: GenCollectForAllocation
[2155.060s][info ][gc,start     ] GC(809) Pause Young (Allocation Failure)
[2155.060s][info ][gc,task      ] GC(809) Using 4 workers of 4 for evacuation
[2155.063s][debug][gc,ref       ] GC(809) Skipped phase1 of Reference Processing due to unavailable references
[2155.063s][debug][gc,ref       ] GC(809) Skipped phase2 of Reference Processing due to unavailable references
[2155.063s][debug][gc,ref       ] GC(809) Skipped phase3 of Reference Processing due to unavailable references
[2155.063s][debug][gc,ref       ] GC(809) Skipped phase4 of Reference Processing due to unavailable references
[2155.063s][debug][gc,age       ] GC(809) Desired survivor size 15368192 bytes, new threshold 6 (max threshold 6)
[2155.063s][info ][gc,heap      ] GC(809) ParNew: 241922K->1808K(270336K)
[2155.063s][info ][gc,heap      ] GC(809) CMS: 272932K->273104K(600768K)
[2155.063s][info ][gc,metaspace ] GC(809) Metaspace: 58820K->58820K(1101824K)
[2155.063s][info ][gc           ] GC(809) Pause Young (Allocation Failure) 502M->268M(850M) 3.095ms
[2155.063s][info ][gc,cpu       ] GC(809) User=0.01s Sys=0.00s Real=0.01s
[2155.063s][info ][safepoint    ] Leaving safepoint region
[2155.063s][info ][safepoint    ] Total time for which application threads were stopped: 0.0032479 seconds, Stopping threads took: 0.0000162 seconds
[2156.063s][info ][safepoint    ] Application time: 1.0000985 seconds
[2156.063s][info ][safepoint    ] Entering safepoint region: Cleanup
[2156.063s][info ][safepoint    ] Leaving safepoint region
[2156.063s][info ][safepoint    ] Total time for which application threads were stopped: 0.0001160 seconds, Stopping threads took: 0.0000454 seconds
[2157.063s][info ][safepoint    ] Application time: 1.0001691 seconds
[2157.063s][info ][safepoint    ] Entering safepoint region: Cleanup
[2157.063s][info ][safepoint    ] Leaving safepoint region
[2157.063s][info ][safepoint    ] Total time for which application threads were stopped: 0.0001131 seconds, Stopping threads took: 0.0000423 seconds
[2158.063s][info ][safepoint    ] Application time: 1.0000644 seconds
[2158.064s][info ][safepoint    ] Entering safepoint region: Cleanup
[2158.064s][info ][safepoint    ] Leaving safepoint region
[2158.064s][info ][safepoint    ] Total time for which application threads were stopped: 0.0001117 seconds, Stopping threads took: 0.0000416 seconds
[2158.306s][info ][safepoint    ] Application time: 0.2428360 seconds
[2158.307s][info ][safepoint    ] Entering safepoint region: GenCollectForAllocation
[2158.307s][info ][gc,start     ] GC(810) Pause Young (Allocation Failure)
[2158.307s][info ][gc,task      ] GC(810) Using 4 workers of 4 for evacuation
[2158.309s][debug][gc,ref       ] GC(810) Skipped phase1 of Reference Processing due to unavailable references
[2158.309s][debug][gc,ref       ] GC(810) Skipped phase2 of Reference Processing due to unavailable references
[2158.309s][debug][gc,ref       ] GC(810) Skipped phase3 of Reference Processing due to unavailable references
[2158.309s][debug][gc,ref       ] GC(810) Skipped phase4 of Reference Processing due to unavailable references
[2158.309s][debug][gc,age       ] GC(810) Desired survivor size 15368192 bytes, new threshold 6 (max threshold 6)
[2158.309s][info ][gc,heap      ] GC(810) ParNew: 242128K->1907K(270336K)
[2158.309s][info ][gc,heap      ] GC(810) CMS: 273104K->273122K(600768K)
[2158.309s][info ][gc,metaspace ] GC(810) Metaspace: 58821K->58821K(1101824K)
[2158.310s][info ][gc           ] GC(810) Pause Young (Allocation Failure) 503M->268M(850M) 2.893ms
[2158.310s][info ][gc,cpu       ] GC(810) User=0.01s Sys=0.00s Real=0.00s
[2158.310s][info ][safepoint    ] Leaving safepoint region
[2158.310s][info ][safepoint    ] Total time for which application threads were stopped: 0.0030434 seconds, Stopping threads took: 0.0000173 seconds
[2159.310s][info ][safepoint    ] Application time: 1.0001035 seconds
[2159.310s][info ][safepoint    ] Entering safepoint region: Cleanup
[2159.310s][info ][safepoint    ] Leaving safepoint region
[2159.310s][info ][safepoint    ] Total time for which application threads were stopped: 0.0001858 seconds, Stopping threads took: 0.0000936 seconds
[2160.310s][info ][safepoint    ] Application time: 1.0001394 seconds
[2160.310s][info ][safepoint    ] Entering safepoint region: Cleanup
[2160.310s][info ][safepoint    ] Leaving safepoint region
[2160.310s][info ][safepoint    ] Total time for which application threads were stopped: 0.0001042 seconds, Stopping threads took: 0.0000401 seconds
[2161.310s][info ][safepoint    ] Application time: 1.0000940 seconds
[2161.310s][info ][safepoint    ] Entering safepoint region: Cleanup
[2161.310s][info ][safepoint    ] Leaving safepoint region
[2161.310s][info ][safepoint    ] Total time for which application threads were stopped: 0.0001347 seconds, Stopping threads took: 0.0000653 seconds
[2161.455s][info ][safepoint    ] Application time: 0.1446636 seconds
[2161.455s][info ][safepoint    ] Entering safepoint region: GenCollectForAllocation
[2161.455s][info ][gc,start     ] GC(811) Pause Young (Allocation Failure)
[2161.455s][info ][gc,task      ] GC(811) Using 4 workers of 4 for evacuation
[2161.458s][debug][gc,ref       ] GC(811) Skipped phase1 of Reference Processing due to unavailable references
[2161.458s][debug][gc,ref       ] GC(811) Skipped phase2 of Reference Processing due to unavailable references
[2161.458s][debug][gc,ref       ] GC(811) Skipped phase3 of Reference Processing due to unavailable references
[2161.458s][debug][gc,ref       ] GC(811) Skipped phase4 of Reference Processing due to unavailable references
[2161.458s][debug][gc,age       ] GC(811) Desired survivor size 15368192 bytes, new threshold 6 (max threshold 6)
[2161.458s][info ][gc,heap      ] GC(811) ParNew: 242227K->2458K(270336K)
[2161.458s][info ][gc,heap      ] GC(811) CMS: 273122K->273128K(600768K)
[2161.458s][info ][gc,metaspace ] GC(811) Metaspace: 58821K->58821K(1101824K)
[2161.458s][info ][gc           ] GC(811) Pause Young (Allocation Failure) 503M->269M(850M) 2.866ms
[2161.458s][info ][gc,cpu       ] GC(811) User=0.01s Sys=0.00s Real=0.00s
[2161.458s][info ][safepoint    ] Leaving safepoint region
[2161.458s][info ][safepoint    ] Total time for which application threads were stopped: 0.0030667 seconds, Stopping threads took: 0.0000385 seconds
[2162.458s][info ][safepoint    ] Application time: 1.0001056 seconds
[2162.458s][info ][safepoint    ] Entering safepoint region: Cleanup
[2162.458s][info ][safepoint    ] Leaving safepoint region
[2162.459s][info ][safepoint    ] Total time for which application threads were stopped: 0.0001336 seconds, Stopping threads took: 0.0000659 seconds
[2163.459s][info ][safepoint    ] Application time: 1.0000593 seconds
[2163.459s][info ][safepoint    ] Entering safepoint region: Cleanup
[2163.459s][info ][safepoint    ] Leaving safepoint region
[2163.459s][info ][safepoint    ] Total time for which application threads were stopped: 0.0001432 seconds, Stopping threads took: 0.0000753 seconds
[2164.459s][info ][safepoint    ] Application time: 1.0000429 seconds
[2164.459s][info ][safepoint    ] Entering safepoint region: Cleanup
[2164.459s][info ][safepoint    ] Leaving safepoint region
[2164.459s][info ][safepoint    ] Total time for which application threads were stopped: 0.0001224 seconds, Stopping threads took: 0.0000394 seconds
[2164.705s][info ][safepoint    ] Application time: 0.2458389 seconds
[2164.705s][info ][safepoint    ] Entering safepoint region: GenCollectForAllocation
[2164.705s][info ][gc,start     ] GC(812) Pause Young (Allocation Failure)
[2164.705s][info ][gc,task      ] GC(812) Using 4 workers of 4 for evacuation
[2164.708s][debug][gc,ref       ] GC(812) Skipped phase1 of Reference Processing due to unavailable references
[2164.708s][debug][gc,ref       ] GC(812) Skipped phase2 of Reference Processing due to unavailable references
[2164.708s][debug][gc,ref       ] GC(812) Skipped phase3 of Reference Processing due to unavailable references
[2164.708s][debug][gc,ref       ] GC(812) Skipped phase4 of Reference Processing due to unavailable references
[2164.708s][debug][gc,age       ] GC(812) Desired survivor size 15368192 bytes, new threshold 6 (max threshold 6)
[2164.708s][info ][gc,heap      ] GC(812) ParNew: 242778K->2212K(270336K)
[2164.708s][info ][gc,heap      ] GC(812) CMS: 273128K->273634K(600768K)
[2164.708s][info ][gc,metaspace ] GC(812) Metaspace: 58821K->58821K(1101824K)
[2164.708s][info ][gc           ] GC(812) Pause Young (Allocation Failure) 503M->269M(850M) 2.765ms
[2164.708s][info ][gc,cpu       ] GC(812) User=0.01s Sys=0.00s Real=0.00s
[2164.708s][info ][safepoint    ] Leaving safepoint region
[2164.708s][info ][safepoint    ] Total time for which application threads were stopped: 0.0029425 seconds, Stopping threads took: 0.0000385 seconds
[2165.708s][info ][safepoint    ] Application time: 1.0001112 seconds
[2165.708s][info ][safepoint    ] Entering safepoint region: Cleanup
[2165.708s][info ][safepoint    ] Leaving safepoint region
[2165.708s][info ][safepoint    ] Total time for which application threads were stopped: 0.0001415 seconds, Stopping threads took: 0.0000789 seconds
[2166.708s][info ][safepoint    ] Application time: 1.0000904 seconds
[2166.708s][info ][safepoint    ] Entering safepoint region: Cleanup
[2166.708s][info ][safepoint    ] Leaving safepoint region
[2166.708s][info ][safepoint    ] Total time for which application threads were stopped: 0.0001206 seconds, Stopping threads took: 0.0000408 seconds
[2167.708s][info ][safepoint    ] Application time: 1.0000879 seconds
[2167.709s][info ][safepoint    ] Entering safepoint region: Cleanup
[2167.709s][info ][safepoint    ] Leaving safepoint region
[2167.709s][info ][safepoint    ] Total time for which application threads were stopped: 0.0001688 seconds, Stopping threads took: 0.0000816 seconds
[2167.960s][info ][safepoint    ] Application time: 0.2511481 seconds
[2167.960s][info ][safepoint    ] Entering safepoint region: GenCollectForAllocation
[2167.960s][info ][gc,start     ] GC(813) Pause Young (Allocation Failure)
[2167.960s][info ][gc,task      ] GC(813) Using 4 workers of 4 for evacuation
[2167.962s][debug][gc,ref       ] GC(813) Skipped phase1 of Reference Processing due to unavailable references
[2167.962s][debug][gc,ref       ] GC(813) Skipped phase2 of Reference Processing due to unavailable references
[2167.962s][debug][gc,ref       ] GC(813) Skipped phase3 of Reference Processing due to unavailable references
[2167.962s][debug][gc,ref       ] GC(813) Skipped phase4 of Reference Processing due to unavailable references
[2167.963s][debug][gc,age       ] GC(813) Desired survivor size 15368192 bytes, new threshold 6 (max threshold 6)
[2167.963s][info ][gc,heap      ] GC(813) ParNew: 242532K->2094K(270336K)
[2167.963s][info ][gc,heap      ] GC(813) CMS: 273634K->273760K(600768K)
[2167.963s][info ][gc,metaspace ] GC(813) Metaspace: 58821K->58821K(1101824K)
[2167.963s][info ][gc           ] GC(813) Pause Young (Allocation Failure) 504M->269M(850M) 2.729ms
[2167.963s][info ][gc,cpu       ] GC(813) User=0.01s Sys=0.00s Real=0.01s
[2167.963s][info ][safepoint    ] Leaving safepoint region
[2167.963s][info ][safepoint    ] Total time for which application threads were stopped: 0.0028925 seconds, Stopping threads took: 0.0000164 seconds
[2168.963s][info ][safepoint    ] Application time: 1.0001059 seconds
[2168.963s][info ][safepoint    ] Entering safepoint region: Cleanup
[2168.963s][info ][safepoint    ] Leaving safepoint region
[2168.963s][info ][safepoint    ] Total time for which application threads were stopped: 0.0001060 seconds, Stopping threads took: 0.0000401 seconds
[2169.963s][info ][safepoint    ] Application time: 1.0000999 seconds
[2169.963s][info ][safepoint    ] Entering safepoint region: Cleanup
[2169.963s][info ][safepoint    ] Leaving safepoint region
[2169.963s][info ][safepoint    ] Total time for which application threads were stopped: 0.0003585 seconds, Stopping threads took: 0.0002930 seconds
[2170.964s][info ][safepoint    ] Application time: 1.0000911 seconds
[2170.964s][info ][safepoint    ] Entering safepoint region: Cleanup
[2170.964s][info ][safepoint    ] Leaving safepoint region
[2170.964s][info ][safepoint    ] Total time for which application threads were stopped: 0.0001402 seconds, Stopping threads took: 0.0000762 seconds
[2171.164s][info ][safepoint    ] Application time: 0.2004552 seconds
[2171.164s][info ][safepoint    ] Entering safepoint region: GenCollectForAllocation
[2171.164s][info ][gc,start     ] GC(814) Pause Young (Allocation Failure)
[2171.164s][info ][gc,task      ] GC(814) Using 4 workers of 4 for evacuation
[2171.167s][debug][gc,ref       ] GC(814) Skipped phase1 of Reference Processing due to unavailable references
[2171.167s][debug][gc,ref       ] GC(814) Skipped phase2 of Reference Processing due to unavailable references
[2171.167s][debug][gc,ref       ] GC(814) Skipped phase3 of Reference Processing due to unavailable references
[2171.167s][debug][gc,ref       ] GC(814) Skipped phase4 of Reference Processing due to unavailable references
[2171.167s][debug][gc,age       ] GC(814) Desired survivor size 15368192 bytes, new threshold 6 (max threshold 6)
[2171.167s][info ][gc,heap      ] GC(814) ParNew: 242414K->1947K(270336K)
[2171.167s][info ][gc,heap      ] GC(814) CMS: 273760K->274053K(600768K)
[2171.167s][info ][gc,metaspace ] GC(814) Metaspace: 58821K->58821K(1101824K)
[2171.167s][info ][gc           ] GC(814) Pause Young (Allocation Failure) 504M->269M(850M) 2.760ms
[2171.167s][info ][gc,cpu       ] GC(814) User=0.01s Sys=0.00s Real=0.00s
[2171.167s][info ][safepoint    ] Leaving safepoint region
[2171.167s][info ][safepoint    ] Total time for which application threads were stopped: 0.0029078 seconds, Stopping threads took: 0.0000166 seconds
[2172.167s][info ][safepoint    ] Application time: 1.0000964 seconds
[2172.167s][info ][safepoint    ] Entering safepoint region: Cleanup
[2172.167s][info ][safepoint    ] Leaving safepoint region
[2172.167s][info ][safepoint    ] Total time for which application threads were stopped: 0.0001380 seconds, Stopping threads took: 0.0000683 seconds
[2173.168s][info ][safepoint    ] Application time: 1.0001163 seconds
[2173.168s][info ][safepoint    ] Entering safepoint region: Cleanup
[2173.168s][info ][safepoint    ] Leaving safepoint region
[2173.168s][info ][safepoint    ] Total time for which application threads were stopped: 0.0000760 seconds, Stopping threads took: 0.0000184 seconds
[2174.168s][info ][safepoint    ] Application time: 1.0001036 seconds
[2174.168s][info ][safepoint    ] Entering safepoint region: Cleanup
[2174.168s][info ][safepoint    ] Leaving safepoint region
[2174.168s][info ][safepoint    ] Total time for which application threads were stopped: 0.0000972 seconds, Stopping threads took: 0.0000218 seconds
[2174.260s][info ][safepoint    ] Application time: 0.0920843 seconds
[2174.260s][info ][safepoint    ] Entering safepoint region: GenCollectForAllocation
[2174.260s][info ][gc,start     ] GC(815) Pause Young (Allocation Failure)
[2174.260s][info ][gc,task      ] GC(815) Using 4 workers of 4 for evacuation
[2174.263s][debug][gc,ref       ] GC(815) Skipped phase1 of Reference Processing due to unavailable references
[2174.263s][debug][gc,ref       ] GC(815) Skipped phase2 of Reference Processing due to unavailable references
[2174.263s][debug][gc,ref       ] GC(815) Skipped phase3 of Reference Processing due to unavailable references
[2174.263s][debug][gc,ref       ] GC(815) Skipped phase4 of Reference Processing due to unavailable references
[2174.263s][debug][gc,age       ] GC(815) Desired survivor size 15368192 bytes, new threshold 6 (max threshold 6)
[2174.263s][info ][gc,heap      ] GC(815) ParNew: 242267K->1331K(270336K)
[2174.263s][info ][gc,heap      ] GC(815) CMS: 274053K->274166K(600768K)
[2174.263s][info ][gc,metaspace ] GC(815) Metaspace: 58822K->58822K(1101824K)
[2174.263s][info ][gc           ] GC(815) Pause Young (Allocation Failure) 504M->269M(850M) 2.731ms
[2174.263s][info ][gc,cpu       ] GC(815) User=0.01s Sys=0.00s Real=0.01s
[2174.263s][info ][safepoint    ] Leaving safepoint region
[2174.263s][info ][safepoint    ] Total time for which application threads were stopped: 0.0029075 seconds, Stopping threads took: 0.0000170 seconds
[2175.263s][info ][safepoint    ] Application time: 1.0001004 seconds
[2175.263s][info ][safepoint    ] Entering safepoint region: Cleanup
[2175.263s][info ][safepoint    ] Leaving safepoint region
[2175.263s][info ][safepoint    ] Total time for which application threads were stopped: 0.0001084 seconds, Stopping threads took: 0.0000416 seconds
[2176.263s][info ][safepoint    ] Application time: 1.0001025 seconds
[2176.263s][info ][safepoint    ] Entering safepoint region: Cleanup
[2176.263s][info ][safepoint    ] Leaving safepoint region
[2176.263s][info ][safepoint    ] Total time for which application threads were stopped: 0.0001104 seconds, Stopping threads took: 0.0000426 seconds
[2177.264s][info ][safepoint    ] Application time: 1.0000956 seconds
[2177.264s][info ][safepoint    ] Entering safepoint region: Cleanup
[2177.264s][info ][safepoint    ] Leaving safepoint region
[2177.264s][info ][safepoint    ] Total time for which application threads were stopped: 0.0001156 seconds, Stopping threads took: 0.0000446 seconds
[2177.409s][info ][safepoint    ] Application time: 0.1456554 seconds
[2177.409s][info ][safepoint    ] Entering safepoint region: GenCollectForAllocation
[2177.409s][info ][gc,start     ] GC(816) Pause Young (Allocation Failure)
[2177.410s][info ][gc,task      ] GC(816) Using 4 workers of 4 for evacuation
[2177.412s][debug][gc,ref       ] GC(816) Skipped phase1 of Reference Processing due to unavailable references
[2177.412s][debug][gc,ref       ] GC(816) Skipped phase2 of Reference Processing due to unavailable references
[2177.412s][debug][gc,ref       ] GC(816) Skipped phase3 of Reference Processing due to unavailable references
[2177.412s][debug][gc,ref       ] GC(816) Skipped phase4 of Reference Processing due to unavailable references
[2177.412s][debug][gc,age       ] GC(816) Desired survivor size 15368192 bytes, new threshold 6 (max threshold 6)
[2177.412s][info ][gc,heap      ] GC(816) ParNew: 241651K->1342K(270336K)
[2177.412s][info ][gc,heap      ] GC(816) CMS: 274166K->274457K(600768K)
[2177.412s][info ][gc,metaspace ] GC(816) Metaspace: 58823K->58823K(1101824K)
[2177.413s][info ][gc           ] GC(816) Pause Young (Allocation Failure) 503M->269M(850M) 3.025ms
[2177.413s][info ][gc,cpu       ] GC(816) User=0.01s Sys=0.00s Real=0.01s
[2177.413s][info ][safepoint    ] Leaving safepoint region
[2177.413s][info ][safepoint    ] Total time for which application threads were stopped: 0.0031787 seconds, Stopping threads took: 0.0000167 seconds
[2178.413s][info ][safepoint    ] Application time: 1.0000828 seconds
[2178.413s][info ][safepoint    ] Entering safepoint region: Cleanup
[2178.413s][info ][safepoint    ] Leaving safepoint region
[2178.413s][info ][safepoint    ] Total time for which application threads were stopped: 0.0001605 seconds, Stopping threads took: 0.0000823 seconds
[2179.413s][info ][safepoint    ] Application time: 1.0000952 seconds
[2179.413s][info ][safepoint    ] Entering safepoint region: Cleanup
[2179.413s][info ][safepoint    ] Leaving safepoint region
[2179.413s][info ][safepoint    ] Total time for which application threads were stopped: 0.0001065 seconds, Stopping threads took: 0.0000411 seconds
[2180.413s][info ][safepoint    ] Application time: 1.0001596 seconds
[2180.413s][info ][safepoint    ] Entering safepoint region: Cleanup
[2180.413s][info ][safepoint    ] Leaving safepoint region
[2180.413s][info ][safepoint    ] Total time for which application threads were stopped: 0.0001800 seconds, Stopping threads took: 0.0001121 seconds
[2180.605s][info ][safepoint    ] Application time: 0.1916535 seconds
[2180.605s][info ][safepoint    ] Entering safepoint region: GenCollectForAllocation
[2180.605s][info ][gc,start     ] GC(817) Pause Young (Allocation Failure)
[2180.605s][info ][gc,task      ] GC(817) Using 4 workers of 4 for evacuation
[2180.608s][debug][gc,ref       ] GC(817) Skipped phase1 of Reference Processing due to unavailable references
[2180.608s][debug][gc,ref       ] GC(817) Skipped phase2 of Reference Processing due to unavailable references
[2180.608s][debug][gc,ref       ] GC(817) Skipped phase3 of Reference Processing due to unavailable references
[2180.608s][debug][gc,ref       ] GC(817) Skipped phase4 of Reference Processing due to unavailable references
[2180.608s][debug][gc,age       ] GC(817) Desired survivor size 15368192 bytes, new threshold 6 (max threshold 6)
[2180.608s][info ][gc,heap      ] GC(817) ParNew: 241662K->1431K(270336K)
[2180.608s][info ][gc,heap      ] GC(817) CMS: 274457K->274598K(600768K)
[2180.608s][info ][gc,metaspace ] GC(817) Metaspace: 58823K->58823K(1101824K)
[2180.608s][info ][gc           ] GC(817) Pause Young (Allocation Failure) 504M->269M(850M) 2.520ms
[2180.608s][info ][gc,cpu       ] GC(817) User=0.01s Sys=0.00s Real=0.00s
[2180.608s][info ][safepoint    ] Leaving safepoint region
[2180.608s][info ][safepoint    ] Total time for which application threads were stopped: 0.0026767 seconds, Stopping threads took: 0.0000164 seconds
[2181.608s][info ][safepoint    ] Application time: 1.0001032 seconds
[2181.608s][info ][safepoint    ] Entering safepoint region: Cleanup
[2181.608s][info ][safepoint    ] Leaving safepoint region
[2181.608s][info ][safepoint    ] Total time for which application threads were stopped: 0.0001222 seconds, Stopping threads took: 0.0000591 seconds
[2182.608s][info ][safepoint    ] Application time: 1.0001036 seconds
[2182.609s][info ][safepoint    ] Entering safepoint region: Cleanup
[2182.609s][info ][safepoint    ] Leaving safepoint region
[2182.609s][info ][safepoint    ] Total time for which application threads were stopped: 0.0004564 seconds, Stopping threads took: 0.0003857 seconds
[2183.609s][info ][safepoint    ] Application time: 1.0000958 seconds
[2183.609s][info ][safepoint    ] Entering safepoint region: Cleanup
[2183.609s][info ][safepoint    ] Leaving safepoint region
[2183.609s][info ][safepoint    ] Total time for which application threads were stopped: 0.0001486 seconds, Stopping threads took: 0.0000804 seconds
[2183.813s][info ][safepoint    ] Application time: 0.2037186 seconds
[2183.813s][info ][safepoint    ] Entering safepoint region: GenCollectForAllocation
[2183.813s][info ][gc,start     ] GC(818) Pause Young (Allocation Failure)
[2183.813s][info ][gc,task      ] GC(818) Using 4 workers of 4 for evacuation
[2183.815s][debug][gc,ref       ] GC(818) Skipped phase1 of Reference Processing due to unavailable references
[2183.815s][debug][gc,ref       ] GC(818) Skipped phase2 of Reference Processing due to unavailable references
[2183.815s][debug][gc,ref       ] GC(818) Skipped phase3 of Reference Processing due to unavailable references
[2183.815s][debug][gc,ref       ] GC(818) Skipped phase4 of Reference Processing due to unavailable references
[2183.815s][debug][gc,age       ] GC(818) Desired survivor size 15368192 bytes, new threshold 6 (max threshold 6)
[2183.815s][info ][gc,heap      ] GC(818) ParNew: 241751K->1364K(270336K)
[2183.815s][info ][gc,heap      ] GC(818) CMS: 274598K->274637K(600768K)
[2183.815s][info ][gc,metaspace ] GC(818) Metaspace: 58824K->58824K(1101824K)
[2183.816s][info ][gc           ] GC(818) Pause Young (Allocation Failure) 504M->269M(850M) 2.567ms
[2183.816s][info ][gc,cpu       ] GC(818) User=0.00s Sys=0.00s Real=0.00s
[2183.816s][info ][safepoint    ] Leaving safepoint region
[2183.816s][info ][safepoint    ] Total time for which application threads were stopped: 0.0028260 seconds, Stopping threads took: 0.0000941 seconds
[2184.816s][info ][safepoint    ] Application time: 1.0001152 seconds
[2184.816s][info ][safepoint    ] Entering safepoint region: Cleanup
[2184.816s][info ][safepoint    ] Leaving safepoint region
[2184.816s][info ][safepoint    ] Total time for which application threads were stopped: 0.0001098 seconds, Stopping threads took: 0.0000408 seconds
[2185.816s][info ][safepoint    ] Application time: 1.0000935 seconds
[2185.816s][info ][safepoint    ] Entering safepoint region: Cleanup
[2185.816s][info ][safepoint    ] Leaving safepoint region
[2185.816s][info ][safepoint    ] Total time for which application threads were stopped: 0.0001828 seconds, Stopping threads took: 0.0001167 seconds
[2186.816s][info ][safepoint    ] Application time: 1.0000921 seconds
[2186.816s][info ][safepoint    ] Entering safepoint region: Cleanup
[2186.816s][info ][safepoint    ] Leaving safepoint region
[2186.816s][info ][safepoint    ] Total time for which application threads were stopped: 0.0002079 seconds, Stopping threads took: 0.0001230 seconds
[2187.016s][info ][safepoint    ] Application time: 0.1997585 seconds
[2187.016s][info ][safepoint    ] Entering safepoint region: GenCollectForAllocation
[2187.016s][info ][gc,start     ] GC(819) Pause Young (Allocation Failure)
[2187.016s][info ][gc,task      ] GC(819) Using 4 workers of 4 for evacuation
[2187.019s][debug][gc,ref       ] GC(819) Skipped phase1 of Reference Processing due to unavailable references
[2187.019s][debug][gc,ref       ] GC(819) Skipped phase2 of Reference Processing due to unavailable references
[2187.019s][debug][gc,ref       ] GC(819) Skipped phase3 of Reference Processing due to unavailable references
[2187.019s][debug][gc,ref       ] GC(819) Skipped phase4 of Reference Processing due to unavailable references
[2187.019s][debug][gc,age       ] GC(819) Desired survivor size 15368192 bytes, new threshold 6 (max threshold 6)
[2187.019s][info ][gc,heap      ] GC(819) ParNew: 241684K->1452K(270336K)
[2187.019s][info ][gc,heap      ] GC(819) CMS: 274637K->274663K(600768K)
[2187.019s][info ][gc,metaspace ] GC(819) Metaspace: 58824K->58824K(1101824K)
[2187.019s][info ][gc           ] GC(819) Pause Young (Allocation Failure) 504M->269M(850M) 2.433ms
[2187.019s][info ][gc,cpu       ] GC(819) User=0.01s Sys=0.00s Real=0.00s
[2187.019s][info ][safepoint    ] Leaving safepoint region
[2187.019s][info ][safepoint    ] Total time for which application threads were stopped: 0.0025885 seconds, Stopping threads took: 0.0000169 seconds
[2188.019s][info ][safepoint    ] Application time: 1.0001031 seconds
[2188.019s][info ][safepoint    ] Entering safepoint region: Cleanup
[2188.019s][info ][safepoint    ] Leaving safepoint region
[2188.019s][info ][safepoint    ] Total time for which application threads were stopped: 0.0000751 seconds, Stopping threads took: 0.0000180 seconds
[2189.019s][info ][safepoint    ] Application time: 1.0000972 seconds
[2189.019s][info ][safepoint    ] Entering safepoint region: Cleanup
[2189.019s][info ][safepoint    ] Leaving safepoint region
[2189.019s][info ][safepoint    ] Total time for which application threads were stopped: 0.0000796 seconds, Stopping threads took: 0.0000216 seconds
[2190.019s][info ][safepoint    ] Application time: 1.0001082 seconds
[2190.019s][info ][safepoint    ] Entering safepoint region: Cleanup
[2190.020s][info ][safepoint    ] Leaving safepoint region
[2190.020s][info ][safepoint    ] Total time for which application threads were stopped: 0.0001135 seconds, Stopping threads took: 0.0000389 seconds
[2190.257s][info ][safepoint    ] Application time: 0.2372968 seconds
[2190.257s][info ][safepoint    ] Entering safepoint region: GenCollectForAllocation
[2190.257s][info ][gc,start     ] GC(820) Pause Young (Allocation Failure)
[2190.257s][info ][gc,task      ] GC(820) Using 4 workers of 4 for evacuation
[2190.259s][debug][gc,ref       ] GC(820) Skipped phase1 of Reference Processing due to unavailable references
[2190.259s][debug][gc,ref       ] GC(820) Skipped phase2 of Reference Processing due to unavailable references
[2190.259s][debug][gc,ref       ] GC(820) Skipped phase3 of Reference Processing due to unavailable references
[2190.259s][debug][gc,ref       ] GC(820) Skipped phase4 of Reference Processing due to unavailable references
[2190.260s][debug][gc,age       ] GC(820) Desired survivor size 15368192 bytes, new threshold 6 (max threshold 6)
[2190.260s][info ][gc,heap      ] GC(820) ParNew: 241772K->1458K(270336K)
[2190.260s][info ][gc,heap      ] GC(820) CMS: 274663K->274797K(600768K)
[2190.260s][info ][gc,metaspace ] GC(820) Metaspace: 58824K->58824K(1101824K)
[2190.260s][info ][gc           ] GC(820) Pause Young (Allocation Failure) 504M->269M(850M) 2.621ms
[2190.260s][info ][gc,cpu       ] GC(820) User=0.01s Sys=0.00s Real=0.00s
[2190.260s][info ][safepoint    ] Leaving safepoint region
[2190.260s][info ][safepoint    ] Total time for which application threads were stopped: 0.0027802 seconds, Stopping threads took: 0.0000159 seconds
[2191.260s][info ][safepoint    ] Application time: 1.0000955 seconds
[2191.260s][info ][safepoint    ] Entering safepoint region: Cleanup
[2191.260s][info ][safepoint    ] Leaving safepoint region
[2191.260s][info ][safepoint    ] Total time for which application threads were stopped: 0.0001588 seconds, Stopping threads took: 0.0000853 seconds
[2192.260s][info ][safepoint    ] Application time: 1.0001119 seconds
[2192.260s][info ][safepoint    ] Entering safepoint region: Cleanup
[2192.260s][info ][safepoint    ] Leaving safepoint region
[2192.260s][info ][safepoint    ] Total time for which application threads were stopped: 0.0001677 seconds, Stopping threads took: 0.0000743 seconds
[2193.260s][info ][safepoint    ] Application time: 1.0001059 seconds
[2193.260s][info ][safepoint    ] Entering safepoint region: Cleanup
[2193.261s][info ][safepoint    ] Leaving safepoint region
[2193.261s][info ][safepoint    ] Total time for which application threads were stopped: 0.0001374 seconds, Stopping threads took: 0.0000518 seconds
[2193.412s][info ][safepoint    ] Application time: 0.1518812 seconds
[2193.413s][info ][safepoint    ] Entering safepoint region: GenCollectForAllocation
[2193.413s][info ][gc,start     ] GC(821) Pause Young (Allocation Failure)
[2193.413s][info ][gc,task      ] GC(821) Using 4 workers of 4 for evacuation
[2193.415s][debug][gc,ref       ] GC(821) Skipped phase1 of Reference Processing due to unavailable references
[2193.415s][debug][gc,ref       ] GC(821) Skipped phase2 of Reference Processing due to unavailable references
[2193.415s][debug][gc,ref       ] GC(821) Skipped phase3 of Reference Processing due to unavailable references
[2193.415s][debug][gc,ref       ] GC(821) Skipped phase4 of Reference Processing due to unavailable references
[2193.415s][debug][gc,age       ] GC(821) Desired survivor size 15368192 bytes, new threshold 6 (max threshold 6)
[2193.415s][info ][gc,heap      ] GC(821) ParNew: 241778K->1526K(270336K)
[2193.415s][info ][gc,heap      ] GC(821) CMS: 274797K->275060K(600768K)
[2193.415s][info ][gc,metaspace ] GC(821) Metaspace: 58824K->58824K(1101824K)
[2193.415s][info ][gc           ] GC(821) Pause Young (Allocation Failure) 504M->270M(850M) 2.604ms
[2193.415s][info ][gc,cpu       ] GC(821) User=0.01s Sys=0.00s Real=0.00s
[2193.415s][info ][safepoint    ] Leaving safepoint region
[2193.415s][info ][safepoint    ] Total time for which application threads were stopped: 0.0028162 seconds, Stopping threads took: 0.0000776 seconds
[2194.415s][info ][safepoint    ] Application time: 1.0001057 seconds
[2194.416s][info ][safepoint    ] Entering safepoint region: Cleanup
[2194.416s][info ][safepoint    ] Leaving safepoint region
[2194.416s][info ][safepoint    ] Total time for which application threads were stopped: 0.0001517 seconds, Stopping threads took: 0.0000660 seconds
[2195.416s][info ][safepoint    ] Application time: 1.0001238 seconds
[2195.423s][info ][safepoint    ] Entering safepoint region: Cleanup
[2195.423s][info ][safepoint    ] Leaving safepoint region
[2195.423s][info ][safepoint    ] Total time for which application threads were stopped: 0.0069488 seconds, Stopping threads took: 0.0068773 seconds
[2196.423s][info ][safepoint    ] Application time: 1.0001022 seconds
[2196.423s][info ][safepoint    ] Entering safepoint region: Cleanup
[2196.423s][info ][safepoint    ] Leaving safepoint region
[2196.423s][info ][safepoint    ] Total time for which application threads were stopped: 0.0000765 seconds, Stopping threads took: 0.0000191 seconds
[2196.664s][info ][safepoint    ] Application time: 0.2406661 seconds
[2196.664s][info ][safepoint    ] Entering safepoint region: GenCollectForAllocation
[2196.664s][info ][gc,start     ] GC(822) Pause Young (Allocation Failure)
[2196.664s][info ][gc,task      ] GC(822) Using 4 workers of 4 for evacuation
[2196.667s][debug][gc,ref       ] GC(822) Skipped phase1 of Reference Processing due to unavailable references
[2196.667s][debug][gc,ref       ] GC(822) Skipped phase2 of Reference Processing due to unavailable references
[2196.667s][debug][gc,ref       ] GC(822) Skipped phase3 of Reference Processing due to unavailable references
[2196.667s][debug][gc,ref       ] GC(822) Skipped phase4 of Reference Processing due to unavailable references
[2196.667s][debug][gc,age       ] GC(822) Desired survivor size 15368192 bytes, new threshold 6 (max threshold 6)
[2196.667s][info ][gc,heap      ] GC(822) ParNew: 241846K->1220K(270336K)
[2196.667s][info ][gc,heap      ] GC(822) CMS: 275060K->275387K(600768K)
[2196.667s][info ][gc,metaspace ] GC(822) Metaspace: 58831K->58831K(1101824K)
[2196.667s][info ][gc           ] GC(822) Pause Young (Allocation Failure) 504M->270M(850M) 2.995ms
[2196.667s][info ][gc,cpu       ] GC(822) User=0.01s Sys=0.00s Real=0.00s
[2196.667s][info ][safepoint    ] Leaving safepoint region
[2196.667s][info ][safepoint    ] Total time for which application threads were stopped: 0.0031575 seconds, Stopping threads took: 0.0000160 seconds
[2197.667s][info ][safepoint    ] Application time: 1.0000973 seconds
[2197.667s][info ][safepoint    ] Entering safepoint region: Cleanup
[2197.667s][info ][safepoint    ] Leaving safepoint region
[2197.667s][info ][safepoint    ] Total time for which application threads were stopped: 0.0001054 seconds, Stopping threads took: 0.0000392 seconds
[2198.667s][info ][safepoint    ] Application time: 1.0000970 seconds
[2198.667s][info ][safepoint    ] Entering safepoint region: Cleanup
[2198.667s][info ][safepoint    ] Leaving safepoint region
[2198.667s][info ][safepoint    ] Total time for which application threads were stopped: 0.0000764 seconds, Stopping threads took: 0.0000170 seconds
[2199.667s][info ][safepoint    ] Application time: 1.0001917 seconds
[2199.667s][info ][safepoint    ] Entering safepoint region: Cleanup
[2199.668s][info ][safepoint    ] Leaving safepoint region
[2199.668s][info ][safepoint    ] Total time for which application threads were stopped: 0.0000739 seconds, Stopping threads took: 0.0000171 seconds
[2199.905s][info ][safepoint    ] Application time: 0.2378004 seconds
[2199.905s][info ][safepoint    ] Entering safepoint region: GenCollectForAllocation
[2199.906s][info ][gc,start     ] GC(823) Pause Young (Allocation Failure)
[2199.906s][info ][gc,task      ] GC(823) Using 4 workers of 4 for evacuation
[2199.908s][debug][gc,ref       ] GC(823) Skipped phase1 of Reference Processing due to unavailable references
[2199.908s][debug][gc,ref       ] GC(823) Skipped phase2 of Reference Processing due to unavailable references
[2199.908s][debug][gc,ref       ] GC(823) Skipped phase3 of Reference Processing due to unavailable references
[2199.908s][debug][gc,ref       ] GC(823) Skipped phase4 of Reference Processing due to unavailable references
[2199.908s][debug][gc,age       ] GC(823) Desired survivor size 15368192 bytes, new threshold 6 (max threshold 6)
[2199.908s][info ][gc,heap      ] GC(823) ParNew: 241540K->1239K(270336K)
[2199.908s][info ][gc,heap      ] GC(823) CMS: 275387K->275427K(600768K)
[2199.908s][info ][gc,metaspace ] GC(823) Metaspace: 58831K->58831K(1101824K)
[2199.908s][info ][gc           ] GC(823) Pause Young (Allocation Failure) 504M->270M(850M) 2.325ms
[2199.908s][info ][gc,cpu       ] GC(823) User=0.00s Sys=0.00s Real=0.00s
[2199.908s][info ][safepoint    ] Leaving safepoint region
[2199.908s][info ][safepoint    ] Total time for which application threads were stopped: 0.0025106 seconds, Stopping threads took: 0.0000417 seconds
[2200.908s][info ][safepoint    ] Application time: 1.0000648 seconds
[2200.908s][info ][safepoint    ] Entering safepoint region: Cleanup
[2200.908s][info ][safepoint    ] Leaving safepoint region
[2200.908s][info ][safepoint    ] Total time for which application threads were stopped: 0.0001356 seconds, Stopping threads took: 0.0000664 seconds
[2201.908s][info ][safepoint    ] Application time: 1.0000893 seconds
[2201.908s][info ][safepoint    ] Entering safepoint region: Cleanup
[2201.908s][info ][safepoint    ] Leaving safepoint region
[2201.908s][info ][safepoint    ] Total time for which application threads were stopped: 0.0001345 seconds, Stopping threads took: 0.0000647 seconds
[2202.908s][info ][safepoint    ] Application time: 1.0000880 seconds
[2202.909s][info ][safepoint    ] Entering safepoint region: Cleanup
[2202.909s][info ][safepoint    ] Leaving safepoint region
[2202.909s][info ][safepoint    ] Total time for which application threads were stopped: 0.0001244 seconds, Stopping threads took: 0.0000593 seconds
[2203.115s][info ][safepoint    ] Application time: 0.2063284 seconds
[2203.115s][info ][safepoint    ] Entering safepoint region: GenCollectForAllocation
[2203.115s][info ][gc,start     ] GC(824) Pause Young (Allocation Failure)
[2203.115s][info ][gc,task      ] GC(824) Using 4 workers of 4 for evacuation
[2203.117s][debug][gc,ref       ] GC(824) Skipped phase1 of Reference Processing due to unavailable references
[2203.117s][debug][gc,ref       ] GC(824) Skipped phase2 of Reference Processing due to unavailable references
[2203.117s][debug][gc,ref       ] GC(824) Skipped phase3 of Reference Processing due to unavailable references
[2203.117s][debug][gc,ref       ] GC(824) Skipped phase4 of Reference Processing due to unavailable references
[2203.118s][debug][gc,age       ] GC(824) Desired survivor size 15368192 bytes, new threshold 6 (max threshold 6)
[2203.118s][info ][gc,heap      ] GC(824) ParNew: 241559K->1154K(270336K)
[2203.118s][info ][gc,heap      ] GC(824) CMS: 275427K->275569K(600768K)
[2203.118s][info ][gc,metaspace ] GC(824) Metaspace: 58831K->58831K(1101824K)
[2203.118s][info ][gc           ] GC(824) Pause Young (Allocation Failure) 504M->270M(850M) 2.509ms
[2203.118s][info ][gc,cpu       ] GC(824) User=0.01s Sys=0.00s Real=0.00s
[2203.118s][info ][safepoint    ] Leaving safepoint region
[2203.118s][info ][safepoint    ] Total time for which application threads were stopped: 0.0026580 seconds, Stopping threads took: 0.0000170 seconds
[2204.118s][info ][safepoint    ] Application time: 1.0002326 seconds
[2204.118s][info ][safepoint    ] Entering safepoint region: Cleanup
[2204.118s][info ][safepoint    ] Leaving safepoint region
[2204.118s][info ][safepoint    ] Total time for which application threads were stopped: 0.0001667 seconds, Stopping threads took: 0.0000179 seconds
[2205.118s][info ][safepoint    ] Application time: 1.0000840 seconds
[2205.118s][info ][safepoint    ] Entering safepoint region: Cleanup
[2205.118s][info ][safepoint    ] Leaving safepoint region
[2205.118s][info ][safepoint    ] Total time for which application threads were stopped: 0.0001422 seconds, Stopping threads took: 0.0000619 seconds
[2206.118s][info ][safepoint    ] Application time: 1.0000862 seconds
[2206.118s][info ][safepoint    ] Entering safepoint region: Cleanup
[2206.119s][info ][safepoint    ] Leaving safepoint region
[2206.119s][info ][safepoint    ] Total time for which application threads were stopped: 0.0000735 seconds, Stopping threads took: 0.0000167 seconds
[2206.316s][info ][safepoint    ] Application time: 0.1978450 seconds
[2206.316s][info ][safepoint    ] Entering safepoint region: GenCollectForAllocation
[2206.317s][info ][gc,start     ] GC(825) Pause Young (Allocation Failure)
[2206.317s][info ][gc,task      ] GC(825) Using 4 workers of 4 for evacuation
[2206.319s][debug][gc,ref       ] GC(825) Skipped phase1 of Reference Processing due to unavailable references
[2206.319s][debug][gc,ref       ] GC(825) Skipped phase2 of Reference Processing due to unavailable references
[2206.319s][debug][gc,ref       ] GC(825) Skipped phase3 of Reference Processing due to unavailable references
[2206.319s][debug][gc,ref       ] GC(825) Skipped phase4 of Reference Processing due to unavailable references
[2206.319s][debug][gc,age       ] GC(825) Desired survivor size 15368192 bytes, new threshold 6 (max threshold 6)
[2206.319s][info ][gc,heap      ] GC(825) ParNew: 241474K->1294K(270336K)
[2206.319s][info ][gc,heap      ] GC(825) CMS: 275569K->275580K(600768K)
[2206.319s][info ][gc,metaspace ] GC(825) Metaspace: 58831K->58831K(1101824K)
[2206.319s][info ][gc           ] GC(825) Pause Young (Allocation Failure) 504M->270M(850M) 2.588ms
[2206.319s][info ][gc,cpu       ] GC(825) User=0.01s Sys=0.00s Real=0.00s
[2206.319s][info ][safepoint    ] Leaving safepoint region
[2206.319s][info ][safepoint    ] Total time for which application threads were stopped: 0.0027496 seconds, Stopping threads took: 0.0000193 seconds
[2207.319s][info ][safepoint    ] Application time: 1.0001035 seconds
[2207.319s][info ][safepoint    ] Entering safepoint region: Cleanup
[2207.319s][info ][safepoint    ] Leaving safepoint region
[2207.319s][info ][safepoint    ] Total time for which application threads were stopped: 0.0001187 seconds, Stopping threads took: 0.0000428 seconds
[2208.320s][info ][safepoint    ] Application time: 1.0000993 seconds
[2208.320s][info ][safepoint    ] Entering safepoint region: Cleanup
[2208.320s][info ][safepoint    ] Leaving safepoint region
[2208.320s][info ][safepoint    ] Total time for which application threads were stopped: 0.0001802 seconds, Stopping threads took: 0.0000256 seconds
[2209.320s][info ][safepoint    ] Application time: 1.0001255 seconds
[2209.320s][info ][safepoint    ] Entering safepoint region: Cleanup
[2209.320s][info ][safepoint    ] Leaving safepoint region
[2209.320s][info ][safepoint    ] Total time for which application threads were stopped: 0.0001941 seconds, Stopping threads took: 0.0000881 seconds
[2209.527s][info ][safepoint    ] Application time: 0.2064526 seconds
[2209.527s][info ][safepoint    ] Entering safepoint region: GenCollectForAllocation
[2209.527s][info ][gc,start     ] GC(826) Pause Young (Allocation Failure)
[2209.527s][info ][gc,task      ] GC(826) Using 4 workers of 4 for evacuation
[2209.530s][debug][gc,ref       ] GC(826) Skipped phase1 of Reference Processing due to unavailable references
[2209.530s][debug][gc,ref       ] GC(826) Skipped phase2 of Reference Processing due to unavailable references
[2209.530s][debug][gc,ref       ] GC(826) Skipped phase3 of Reference Processing due to unavailable references
[2209.530s][debug][gc,ref       ] GC(826) Skipped phase4 of Reference Processing due to unavailable references
[2209.530s][debug][gc,age       ] GC(826) Desired survivor size 15368192 bytes, new threshold 6 (max threshold 6)
[2209.530s][info ][gc,heap      ] GC(826) ParNew: 241614K->1614K(270336K)
[2209.530s][info ][gc,heap      ] GC(826) CMS: 275580K->275623K(600768K)
[2209.530s][info ][gc,metaspace ] GC(826) Metaspace: 58831K->58831K(1101824K)
[2209.530s][info ][gc           ] GC(826) Pause Young (Allocation Failure) 505M->270M(850M) 3.510ms
[2209.530s][info ][gc,cpu       ] GC(826) User=0.02s Sys=0.00s Real=0.01s
[2209.530s][info ][safepoint    ] Leaving safepoint region
[2209.530s][info ][safepoint    ] Total time for which application threads were stopped: 0.0037522 seconds, Stopping threads took: 0.0000483 seconds
[2210.531s][info ][safepoint    ] Application time: 1.0000990 seconds
[2210.531s][info ][safepoint    ] Entering safepoint region: Cleanup
[2210.531s][info ][safepoint    ] Leaving safepoint region
[2210.531s][info ][safepoint    ] Total time for which application threads were stopped: 0.0000838 seconds, Stopping threads took: 0.0000198 seconds
[2211.531s][info ][safepoint    ] Application time: 1.0000584 seconds
[2211.531s][info ][safepoint    ] Entering safepoint region: Cleanup
[2211.531s][info ][safepoint    ] Leaving safepoint region
[2211.531s][info ][safepoint    ] Total time for which application threads were stopped: 0.0001100 seconds, Stopping threads took: 0.0000329 seconds
[2212.531s][info ][safepoint    ] Application time: 1.0001020 seconds
[2212.531s][info ][safepoint    ] Entering safepoint region: Cleanup
[2212.531s][info ][safepoint    ] Leaving safepoint region
[2212.531s][info ][safepoint    ] Total time for which application threads were stopped: 0.0000760 seconds, Stopping threads took: 0.0000169 seconds
[2212.713s][info ][safepoint    ] Application time: 0.1818180 seconds
[2212.713s][info ][safepoint    ] Entering safepoint region: GenCollectForAllocation
[2212.713s][info ][gc,start     ] GC(827) Pause Young (Allocation Failure)
[2212.713s][info ][gc,task      ] GC(827) Using 4 workers of 4 for evacuation
[2212.718s][debug][gc,ref       ] GC(827) Skipped phase1 of Reference Processing due to unavailable references
[2212.718s][debug][gc,ref       ] GC(827) Skipped phase2 of Reference Processing due to unavailable references
[2212.718s][debug][gc,ref       ] GC(827) Skipped phase3 of Reference Processing due to unavailable references
[2212.718s][debug][gc,ref       ] GC(827) Skipped phase4 of Reference Processing due to unavailable references
[2212.718s][debug][gc,age       ] GC(827) Desired survivor size 15368192 bytes, new threshold 6 (max threshold 6)
[2212.718s][info ][gc,heap      ] GC(827) ParNew: 241934K->1240K(270336K)
[2212.718s][info ][gc,heap      ] GC(827) CMS: 275623K->276112K(600768K)
[2212.718s][info ][gc,metaspace ] GC(827) Metaspace: 58831K->58831K(1101824K)
[2212.718s][info ][gc           ] GC(827) Pause Young (Allocation Failure) 505M->270M(850M) 5.393ms
[2212.718s][info ][gc,cpu       ] GC(827) User=0.01s Sys=0.00s Real=0.00s
[2212.718s][info ][safepoint    ] Leaving safepoint region
[2212.718s][info ][safepoint    ] Total time for which application threads were stopped: 0.0055595 seconds, Stopping threads took: 0.0000164 seconds
[2213.719s][info ][safepoint    ] Application time: 1.0000978 seconds
[2213.719s][info ][safepoint    ] Entering safepoint region: Cleanup
[2213.719s][info ][safepoint    ] Leaving safepoint region
[2213.719s][info ][safepoint    ] Total time for which application threads were stopped: 0.0000744 seconds, Stopping threads took: 0.0000173 seconds
[2214.719s][info ][safepoint    ] Application time: 1.0001010 seconds
[2214.719s][info ][safepoint    ] Entering safepoint region: Cleanup
[2214.719s][info ][safepoint    ] Leaving safepoint region
[2214.719s][info ][safepoint    ] Total time for which application threads were stopped: 0.0000757 seconds, Stopping threads took: 0.0000169 seconds
[2215.719s][info ][safepoint    ] Application time: 1.0000905 seconds
[2215.719s][info ][safepoint    ] Entering safepoint region: Cleanup
[2215.719s][info ][safepoint    ] Leaving safepoint region
[2215.719s][info ][safepoint    ] Total time for which application threads were stopped: 0.0000756 seconds, Stopping threads took: 0.0000183 seconds
[2215.905s][info ][safepoint    ] Application time: 0.1857133 seconds
[2215.905s][info ][safepoint    ] Entering safepoint region: GenCollectForAllocation
[2215.905s][info ][gc,start     ] GC(828) Pause Young (Allocation Failure)
[2215.905s][info ][gc,task      ] GC(828) Using 4 workers of 4 for evacuation
[2215.907s][debug][gc,ref       ] GC(828) Skipped phase1 of Reference Processing due to unavailable references
[2215.907s][debug][gc,ref       ] GC(828) Skipped phase2 of Reference Processing due to unavailable references
[2215.907s][debug][gc,ref       ] GC(828) Skipped phase3 of Reference Processing due to unavailable references
[2215.907s][debug][gc,ref       ] GC(828) Skipped phase4 of Reference Processing due to unavailable references
[2215.908s][debug][gc,age       ] GC(828) Desired survivor size 15368192 bytes, new threshold 6 (max threshold 6)
[2215.908s][info ][gc,heap      ] GC(828) ParNew: 241560K->1409K(270336K)
[2215.908s][info ][gc,heap      ] GC(828) CMS: 276112K->276257K(600768K)
[2215.908s][info ][gc,metaspace ] GC(828) Metaspace: 58831K->58831K(1101824K)
[2215.908s][info ][gc           ] GC(828) Pause Young (Allocation Failure) 505M->271M(850M) 2.559ms
[2215.908s][info ][gc,cpu       ] GC(828) User=0.01s Sys=0.00s Real=0.00s
[2215.908s][info ][safepoint    ] Leaving safepoint region
[2215.908s][info ][safepoint    ] Total time for which application threads were stopped: 0.0027797 seconds, Stopping threads took: 0.0000902 seconds
[2216.908s][info ][safepoint    ] Application time: 1.0007596 seconds
[2216.910s][info ][safepoint    ] Entering safepoint region: Cleanup
[2216.910s][info ][safepoint    ] Leaving safepoint region
[2216.910s][info ][safepoint    ] Total time for which application threads were stopped: 0.0014578 seconds, Stopping threads took: 0.0013861 seconds
[2217.910s][info ][safepoint    ] Application time: 1.0000981 seconds
[2217.910s][info ][safepoint    ] Entering safepoint region: Cleanup
[2217.910s][info ][safepoint    ] Leaving safepoint region
[2217.910s][info ][safepoint    ] Total time for which application threads were stopped: 0.0001651 seconds, Stopping threads took: 0.0000955 seconds
[2218.910s][info ][safepoint    ] Application time: 1.0001578 seconds
[2218.912s][info ][safepoint    ] Entering safepoint region: Cleanup
[2218.912s][info ][safepoint    ] Leaving safepoint region
[2218.912s][info ][safepoint    ] Total time for which application threads were stopped: 0.0016994 seconds, Stopping threads took: 0.0016324 seconds
[2219.058s][info ][safepoint    ] Application time: 0.1456306 seconds
[2219.058s][info ][safepoint    ] Entering safepoint region: GenCollectForAllocation
[2219.058s][info ][gc,start     ] GC(829) Pause Young (Allocation Failure)
[2219.058s][info ][gc,task      ] GC(829) Using 4 workers of 4 for evacuation
[2219.060s][debug][gc,ref       ] GC(829) Skipped phase1 of Reference Processing due to unavailable references
[2219.060s][debug][gc,ref       ] GC(829) Skipped phase2 of Reference Processing due to unavailable references
[2219.060s][debug][gc,ref       ] GC(829) Skipped phase3 of Reference Processing due to unavailable references
[2219.060s][debug][gc,ref       ] GC(829) Skipped phase4 of Reference Processing due to unavailable references
[2219.061s][debug][gc,age       ] GC(829) Desired survivor size 15368192 bytes, new threshold 6 (max threshold 6)
[2219.061s][info ][gc,heap      ] GC(829) ParNew: 241729K->1386K(270336K)
[2219.061s][info ][gc,heap      ] GC(829) CMS: 276257K->276346K(600768K)
[2219.061s][info ][gc,metaspace ] GC(829) Metaspace: 58831K->58831K(1101824K)
[2219.061s][info ][gc           ] GC(829) Pause Young (Allocation Failure) 505M->271M(850M) 2.706ms
[2219.061s][info ][gc,cpu       ] GC(829) User=0.00s Sys=0.01s Real=0.00s
[2219.061s][info ][safepoint    ] Leaving safepoint region
[2219.061s][info ][safepoint    ] Total time for which application threads were stopped: 0.0028596 seconds, Stopping threads took: 0.0000163 seconds
[2220.067s][info ][safepoint    ] Application time: 1.0061147 seconds
[2220.067s][info ][safepoint    ] Entering safepoint region: Cleanup
[2220.067s][info ][safepoint    ] Leaving safepoint region
[2220.067s][info ][safepoint    ] Total time for which application threads were stopped: 0.0001277 seconds, Stopping threads took: 0.0000632 seconds
[2221.067s][info ][safepoint    ] Application time: 1.0001011 seconds
[2221.067s][info ][safepoint    ] Entering safepoint region: Cleanup
[2221.067s][info ][safepoint    ] Leaving safepoint region
[2221.067s][info ][safepoint    ] Total time for which application threads were stopped: 0.0001259 seconds, Stopping threads took: 0.0000601 seconds
[2222.067s][info ][safepoint    ] Application time: 1.0000952 seconds
[2222.067s][info ][safepoint    ] Entering safepoint region: Cleanup
[2222.067s][info ][safepoint    ] Leaving safepoint region
[2222.067s][info ][safepoint    ] Total time for which application threads were stopped: 0.0000834 seconds, Stopping threads took: 0.0000166 seconds
[2222.307s][info ][safepoint    ] Application time: 0.2399953 seconds
[2222.307s][info ][safepoint    ] Entering safepoint region: GenCollectForAllocation
[2222.308s][info ][gc,start     ] GC(830) Pause Young (Allocation Failure)
[2222.308s][info ][gc,task      ] GC(830) Using 4 workers of 4 for evacuation
[2222.310s][debug][gc,ref       ] GC(830) Skipped phase1 of Reference Processing due to unavailable references
[2222.310s][debug][gc,ref       ] GC(830) Skipped phase2 of Reference Processing due to unavailable references
[2222.310s][debug][gc,ref       ] GC(830) Skipped phase3 of Reference Processing due to unavailable references
[2222.310s][debug][gc,ref       ] GC(830) Skipped phase4 of Reference Processing due to unavailable references
[2222.310s][debug][gc,age       ] GC(830) Desired survivor size 15368192 bytes, new threshold 6 (max threshold 6)
[2222.310s][info ][gc,heap      ] GC(830) ParNew: 241706K->1465K(270336K)
[2222.310s][info ][gc,heap      ] GC(830) CMS: 276346K->276495K(600768K)
[2222.310s][info ][gc,metaspace ] GC(830) Metaspace: 58839K->58839K(1101824K)
[2222.310s][info ][gc           ] GC(830) Pause Young (Allocation Failure) 505M->271M(850M) 2.634ms
[2222.310s][info ][gc,cpu       ] GC(830) User=0.01s Sys=0.00s Real=0.01s
[2222.310s][info ][safepoint    ] Leaving safepoint region
[2222.310s][info ][safepoint    ] Total time for which application threads were stopped: 0.0027983 seconds, Stopping threads took: 0.0000167 seconds
[2223.310s][info ][safepoint    ] Application time: 1.0000943 seconds
[2223.310s][info ][safepoint    ] Entering safepoint region: Cleanup
[2223.311s][info ][safepoint    ] Leaving safepoint region
[2223.311s][info ][safepoint    ] Total time for which application threads were stopped: 0.0001672 seconds, Stopping threads took: 0.0000887 seconds
[2224.311s][info ][safepoint    ] Application time: 1.0000651 seconds
[2224.311s][info ][safepoint    ] Entering safepoint region: Cleanup
[2224.312s][info ][safepoint    ] Leaving safepoint region
[2224.312s][info ][safepoint    ] Total time for which application threads were stopped: 0.0014025 seconds, Stopping threads took: 0.0000890 seconds
[2225.312s][info ][safepoint    ] Application time: 1.0000999 seconds
[2225.312s][info ][safepoint    ] Entering safepoint region: Cleanup
[2225.312s][info ][safepoint    ] Leaving safepoint region
[2225.312s][info ][safepoint    ] Total time for which application threads were stopped: 0.0001134 seconds, Stopping threads took: 0.0000438 seconds
[2225.605s][info ][safepoint    ] Application time: 0.2926778 seconds
[2225.605s][info ][safepoint    ] Entering safepoint region: GenCollectForAllocation
[2225.605s][info ][gc,start     ] GC(831) Pause Young (Allocation Failure)
[2225.605s][info ][gc,task      ] GC(831) Using 4 workers of 4 for evacuation
[2225.608s][debug][gc,ref       ] GC(831) Skipped phase1 of Reference Processing due to unavailable references
[2225.608s][debug][gc,ref       ] GC(831) Skipped phase2 of Reference Processing due to unavailable references
[2225.608s][debug][gc,ref       ] GC(831) Skipped phase3 of Reference Processing due to unavailable references
[2225.608s][debug][gc,ref       ] GC(831) Skipped phase4 of Reference Processing due to unavailable references
[2225.608s][debug][gc,age       ] GC(831) Desired survivor size 15368192 bytes, new threshold 6 (max threshold 6)
[2225.608s][info ][gc,heap      ] GC(831) ParNew: 241785K->1194K(270336K)
[2225.608s][info ][gc,heap      ] GC(831) CMS: 276495K->276534K(600768K)
[2225.608s][info ][gc,metaspace ] GC(831) Metaspace: 58843K->58843K(1101824K)
[2225.608s][info ][gc           ] GC(831) Pause Young (Allocation Failure) 506M->271M(850M) 2.944ms
[2225.608s][info ][gc,cpu       ] GC(831) User=0.01s Sys=0.00s Real=0.00s
[2225.608s][info ][safepoint    ] Leaving safepoint region
[2225.608s][info ][safepoint    ] Total time for which application threads were stopped: 0.0031127 seconds, Stopping threads took: 0.0000426 seconds
[2226.608s][info ][safepoint    ] Application time: 1.0000528 seconds
[2226.608s][info ][safepoint    ] Entering safepoint region: Cleanup
[2226.608s][info ][safepoint    ] Leaving safepoint region
[2226.608s][info ][safepoint    ] Total time for which application threads were stopped: 0.0001180 seconds, Stopping threads took: 0.0000389 seconds
[2227.609s][info ][safepoint    ] Application time: 1.0000990 seconds
[2227.609s][info ][safepoint    ] Entering safepoint region: Cleanup
[2227.609s][info ][safepoint    ] Leaving safepoint region
[2227.609s][info ][safepoint    ] Total time for which application threads were stopped: 0.0001953 seconds, Stopping threads took: 0.0001233 seconds
[2228.609s][info ][safepoint    ] Application time: 1.0001082 seconds
[2228.609s][info ][safepoint    ] Entering safepoint region: Cleanup
[2228.609s][info ][safepoint    ] Leaving safepoint region
[2228.609s][info ][safepoint    ] Total time for which application threads were stopped: 0.0001080 seconds, Stopping threads took: 0.0000399 seconds
[2228.811s][info ][safepoint    ] Application time: 0.2016459 seconds
[2228.811s][info ][safepoint    ] Entering safepoint region: GenCollectForAllocation
[2228.811s][info ][gc,start     ] GC(832) Pause Young (Allocation Failure)
[2228.811s][info ][gc,task      ] GC(832) Using 4 workers of 4 for evacuation
[2228.813s][debug][gc,ref       ] GC(832) Skipped phase1 of Reference Processing due to unavailable references
[2228.813s][debug][gc,ref       ] GC(832) Skipped phase2 of Reference Processing due to unavailable references
[2228.813s][debug][gc,ref       ] GC(832) Skipped phase3 of Reference Processing due to unavailable references
[2228.813s][debug][gc,ref       ] GC(832) Skipped phase4 of Reference Processing due to unavailable references
[2228.813s][debug][gc,age       ] GC(832) Desired survivor size 15368192 bytes, new threshold 6 (max threshold 6)
[2228.813s][info ][gc,heap      ] GC(832) ParNew: 241514K->1310K(270336K)
[2228.813s][info ][gc,heap      ] GC(832) CMS: 276534K->276712K(600768K)
[2228.813s][info ][gc,metaspace ] GC(832) Metaspace: 58843K->58843K(1101824K)
[2228.813s][info ][gc           ] GC(832) Pause Young (Allocation Failure) 505M->271M(850M) 2.403ms
[2228.813s][info ][gc,cpu       ] GC(832) User=0.01s Sys=0.00s Real=0.00s
[2228.813s][info ][safepoint    ] Leaving safepoint region
[2228.813s][info ][safepoint    ] Total time for which application threads were stopped: 0.0025560 seconds, Stopping threads took: 0.0000177 seconds
[2229.813s][info ][safepoint    ] Application time: 1.0001005 seconds
[2229.813s][info ][safepoint    ] Entering safepoint region: Cleanup
[2229.813s][info ][safepoint    ] Leaving safepoint region
[2229.813s][info ][safepoint    ] Total time for which application threads were stopped: 0.0001077 seconds, Stopping threads took: 0.0000419 seconds
[2230.814s][info ][safepoint    ] Application time: 1.0000983 seconds
[2230.814s][info ][safepoint    ] Entering safepoint region: Cleanup
[2230.814s][info ][safepoint    ] Leaving safepoint region
[2230.814s][info ][safepoint    ] Total time for which application threads were stopped: 0.0000985 seconds, Stopping threads took: 0.0000424 seconds
[2231.814s][info ][safepoint    ] Application time: 1.0002597 seconds
[2231.814s][info ][safepoint    ] Entering safepoint region: Cleanup
[2231.814s][info ][safepoint    ] Leaving safepoint region
[2231.814s][info ][safepoint    ] Total time for which application threads were stopped: 0.0001277 seconds, Stopping threads took: 0.0000437 seconds
[2231.870s][info ][safepoint    ] Application time: 0.0557080 seconds
[2231.870s][info ][safepoint    ] Entering safepoint region: GenCollectForAllocation
[2231.870s][info ][gc,start     ] GC(833) Pause Young (Allocation Failure)
[2231.870s][info ][gc,task      ] GC(833) Using 4 workers of 4 for evacuation
[2231.872s][debug][gc,ref       ] GC(833) Skipped phase1 of Reference Processing due to unavailable references
[2231.872s][debug][gc,ref       ] GC(833) Skipped phase2 of Reference Processing due to unavailable references
[2231.872s][debug][gc,ref       ] GC(833) Skipped phase3 of Reference Processing due to unavailable references
[2231.872s][debug][gc,ref       ] GC(833) Skipped phase4 of Reference Processing due to unavailable references
[2231.873s][debug][gc,age       ] GC(833) Desired survivor size 15368192 bytes, new threshold 6 (max threshold 6)
[2231.873s][info ][gc,heap      ] GC(833) ParNew: 241630K->1207K(270336K)
[2231.873s][info ][gc,heap      ] GC(833) CMS: 276712K->276796K(600768K)
[2231.873s][info ][gc,metaspace ] GC(833) Metaspace: 58843K->58843K(1101824K)
[2231.873s][info ][gc           ] GC(833) Pause Young (Allocation Failure) 506M->271M(850M) 2.549ms
[2231.873s][info ][gc,cpu       ] GC(833) User=0.00s Sys=0.00s Real=0.00s
[2231.873s][info ][safepoint    ] Leaving safepoint region
[2231.873s][info ][safepoint    ] Total time for which application threads were stopped: 0.0027142 seconds, Stopping threads took: 0.0000170 seconds
[2232.873s][info ][safepoint    ] Application time: 1.0001017 seconds
[2232.873s][info ][safepoint    ] Entering safepoint region: Cleanup
[2232.873s][info ][safepoint    ] Leaving safepoint region
[2232.873s][info ][safepoint    ] Total time for which application threads were stopped: 0.0000717 seconds, Stopping threads took: 0.0000166 seconds
[2233.873s][info ][safepoint    ] Application time: 1.0001505 seconds
[2233.873s][info ][safepoint    ] Entering safepoint region: Cleanup
[2233.873s][info ][safepoint    ] Leaving safepoint region
[2233.873s][info ][safepoint    ] Total time for which application threads were stopped: 0.0000851 seconds, Stopping threads took: 0.0000174 seconds
[2234.873s][info ][safepoint    ] Application time: 1.0000799 seconds
[2234.873s][info ][safepoint    ] Entering safepoint region: Cleanup
[2234.873s][info ][safepoint    ] Leaving safepoint region
[2234.873s][info ][safepoint    ] Total time for which application threads were stopped: 0.0000761 seconds, Stopping threads took: 0.0000180 seconds
[2235.014s][info ][safepoint    ] Application time: 0.1406431 seconds
[2235.014s][info ][safepoint    ] Entering safepoint region: GenCollectForAllocation
[2235.014s][info ][gc,start     ] GC(834) Pause Young (Allocation Failure)
[2235.014s][info ][gc,task      ] GC(834) Using 4 workers of 4 for evacuation
[2235.017s][debug][gc,ref       ] GC(834) Skipped phase1 of Reference Processing due to unavailable references
[2235.017s][debug][gc,ref       ] GC(834) Skipped phase2 of Reference Processing due to unavailable references
[2235.017s][debug][gc,ref       ] GC(834) Skipped phase3 of Reference Processing due to unavailable references
[2235.017s][debug][gc,ref       ] GC(834) Skipped phase4 of Reference Processing due to unavailable references
[2235.017s][debug][gc,age       ] GC(834) Desired survivor size 15368192 bytes, new threshold 6 (max threshold 6)
[2235.017s][info ][gc,heap      ] GC(834) ParNew: 241527K->1364K(270336K)
[2235.017s][info ][gc,heap      ] GC(834) CMS: 276796K->276925K(600768K)
[2235.017s][info ][gc,metaspace ] GC(834) Metaspace: 58843K->58843K(1101824K)
[2235.017s][info ][gc           ] GC(834) Pause Young (Allocation Failure) 506M->271M(850M) 2.675ms
[2235.017s][info ][gc,cpu       ] GC(834) User=0.01s Sys=0.00s Real=0.00s
[2235.017s][info ][safepoint    ] Leaving safepoint region
[2235.017s][info ][safepoint    ] Total time for which application threads were stopped: 0.0028843 seconds, Stopping threads took: 0.0000182 seconds
[2236.017s][info ][safepoint    ] Application time: 1.0000602 seconds
[2236.017s][info ][safepoint    ] Entering safepoint region: Cleanup
[2236.017s][info ][safepoint    ] Leaving safepoint region
[2236.017s][info ][safepoint    ] Total time for which application threads were stopped: 0.0000750 seconds, Stopping threads took: 0.0000181 seconds
[2237.017s][info ][safepoint    ] Application time: 1.0001366 seconds
[2237.017s][info ][safepoint    ] Entering safepoint region: Cleanup
[2237.017s][info ][safepoint    ] Leaving safepoint region
[2237.017s][info ][safepoint    ] Total time for which application threads were stopped: 0.0000735 seconds, Stopping threads took: 0.0000167 seconds
[2238.017s][info ][safepoint    ] Application time: 1.0000831 seconds
[2238.017s][info ][safepoint    ] Entering safepoint region: Cleanup
[2238.018s][info ][safepoint    ] Leaving safepoint region
[2238.018s][info ][safepoint    ] Total time for which application threads were stopped: 0.0001007 seconds, Stopping threads took: 0.0000170 seconds
[2238.113s][info ][safepoint    ] Application time: 0.0959104 seconds
[2238.114s][info ][safepoint    ] Entering safepoint region: GenCollectForAllocation
[2238.114s][info ][gc,start     ] GC(835) Pause Young (Allocation Failure)
[2238.114s][info ][gc,task      ] GC(835) Using 4 workers of 4 for evacuation
[2238.116s][debug][gc,ref       ] GC(835) Skipped phase1 of Reference Processing due to unavailable references
[2238.116s][debug][gc,ref       ] GC(835) Skipped phase3 of Reference Processing due to unavailable references
[2238.116s][debug][gc,age       ] GC(835) Desired survivor size 15368192 bytes, new threshold 6 (max threshold 6)
[2238.117s][info ][gc,heap      ] GC(835) ParNew: 241684K->1896K(270336K)
[2238.117s][info ][gc,heap      ] GC(835) CMS: 276925K->277061K(600768K)
[2238.117s][info ][gc,metaspace ] GC(835) Metaspace: 58849K->58849K(1101824K)
[2238.117s][info ][gc           ] GC(835) Pause Young (Allocation Failure) 506M->272M(850M) 2.896ms
[2238.117s][info ][gc,cpu       ] GC(835) User=0.01s Sys=0.00s Real=0.00s
[2238.117s][info ][safepoint    ] Leaving safepoint region
[2238.117s][info ][safepoint    ] Total time for which application threads were stopped: 0.0030525 seconds, Stopping threads took: 0.0000158 seconds
[2239.117s][info ][safepoint    ] Application time: 1.0001208 seconds
[2239.117s][info ][safepoint    ] Entering safepoint region: Cleanup
[2239.117s][info ][safepoint    ] Leaving safepoint region
[2239.117s][info ][safepoint    ] Total time for which application threads were stopped: 0.0000694 seconds, Stopping threads took: 0.0000156 seconds
[2240.117s][info ][safepoint    ] Application time: 1.0000835 seconds
[2240.117s][info ][safepoint    ] Entering safepoint region: Cleanup
[2240.117s][info ][safepoint    ] Leaving safepoint region
[2240.117s][info ][safepoint    ] Total time for which application threads were stopped: 0.0000890 seconds, Stopping threads took: 0.0000174 seconds
[2241.117s][info ][safepoint    ] Application time: 1.0000889 seconds
[2241.117s][info ][safepoint    ] Entering safepoint region: Cleanup
[2241.117s][info ][safepoint    ] Leaving safepoint region
[2241.117s][info ][safepoint    ] Total time for which application threads were stopped: 0.0000759 seconds, Stopping threads took: 0.0000162 seconds
[2241.407s][info ][safepoint    ] Application time: 0.2894499 seconds
[2241.407s][info ][safepoint    ] Entering safepoint region: GenCollectForAllocation
[2241.407s][info ][gc,start     ] GC(836) Pause Young (Allocation Failure)
[2241.407s][info ][gc,task      ] GC(836) Using 4 workers of 4 for evacuation
[2241.409s][debug][gc,ref       ] GC(836) Skipped phase1 of Reference Processing due to unavailable references
[2241.409s][debug][gc,ref       ] GC(836) Skipped phase3 of Reference Processing due to unavailable references
[2241.409s][debug][gc,ref       ] GC(836) Skipped phase4 of Reference Processing due to unavailable references
[2241.409s][debug][gc,age       ] GC(836) Desired survivor size 15368192 bytes, new threshold 6 (max threshold 6)
[2241.409s][info ][gc,heap      ] GC(836) ParNew: 242216K->2102K(270336K)
[2241.409s][info ][gc,heap      ] GC(836) CMS: 277061K->277075K(600768K)
[2241.409s][info ][gc,metaspace ] GC(836) Metaspace: 58849K->58849K(1101824K)
[2241.409s][info ][gc           ] GC(836) Pause Young (Allocation Failure) 507M->272M(850M) 2.670ms
[2241.409s][info ][gc,cpu       ] GC(836) User=0.01s Sys=0.00s Real=0.00s
[2241.410s][info ][safepoint    ] Leaving safepoint region
[2241.410s][info ][safepoint    ] Total time for which application threads were stopped: 0.0028148 seconds, Stopping threads took: 0.0000158 seconds
[2242.410s][info ][safepoint    ] Application time: 1.0000950 seconds
[2242.410s][info ][safepoint    ] Entering safepoint region: Cleanup
[2242.410s][info ][safepoint    ] Leaving safepoint region
[2242.410s][info ][safepoint    ] Total time for which application threads were stopped: 0.0001155 seconds, Stopping threads took: 0.0000413 seconds
[2243.410s][info ][safepoint    ] Application time: 1.0000475 seconds
[2243.410s][info ][safepoint    ] Entering safepoint region: Cleanup
[2243.410s][info ][safepoint    ] Leaving safepoint region
[2243.410s][info ][safepoint    ] Total time for which application threads were stopped: 0.0001111 seconds, Stopping threads took: 0.0000435 seconds
[2244.379s][info ][safepoint    ] Application time: 0.9687991 seconds
[2244.379s][info ][safepoint    ] Entering safepoint region: GenCollectForAllocation
[2244.379s][info ][gc,start     ] GC(837) Pause Young (Allocation Failure)
[2244.379s][info ][gc,task      ] GC(837) Using 4 workers of 4 for evacuation
[2244.382s][debug][gc,ref       ] GC(837) Skipped phase1 of Reference Processing due to unavailable references
[2244.382s][debug][gc,ref       ] GC(837) Skipped phase3 of Reference Processing due to unavailable references
[2244.382s][debug][gc,ref       ] GC(837) Skipped phase4 of Reference Processing due to unavailable references
[2244.382s][debug][gc,age       ] GC(837) Desired survivor size 15368192 bytes, new threshold 6 (max threshold 6)
[2244.382s][info ][gc,heap      ] GC(837) ParNew: 242422K->2317K(270336K)
[2244.382s][info ][gc,heap      ] GC(837) CMS: 277075K->277094K(600768K)
[2244.382s][info ][gc,metaspace ] GC(837) Metaspace: 58849K->58849K(1101824K)
[2244.382s][info ][gc           ] GC(837) Pause Young (Allocation Failure) 507M->272M(850M) 3.046ms
[2244.382s][info ][gc,cpu       ] GC(837) User=0.01s Sys=0.00s Real=0.01s
[2244.382s][info ][safepoint    ] Leaving safepoint region
[2244.382s][info ][safepoint    ] Total time for which application threads were stopped: 0.0032785 seconds, Stopping threads took: 0.0000977 seconds
[2245.382s][info ][safepoint    ] Application time: 1.0000990 seconds
[2245.382s][info ][safepoint    ] Entering safepoint region: Cleanup
[2245.382s][info ][safepoint    ] Leaving safepoint region
[2245.382s][info ][safepoint    ] Total time for which application threads were stopped: 0.0000867 seconds, Stopping threads took: 0.0000165 seconds
[2246.382s][info ][safepoint    ] Application time: 1.0000973 seconds
[2246.382s][info ][safepoint    ] Entering safepoint region: Cleanup
[2246.383s][info ][safepoint    ] Leaving safepoint region
[2246.383s][info ][safepoint    ] Total time for which application threads were stopped: 0.0000854 seconds, Stopping threads took: 0.0000164 seconds
[2247.383s][info ][safepoint    ] Application time: 1.0000702 seconds
[2247.383s][info ][safepoint    ] Entering safepoint region: Cleanup
[2247.383s][info ][safepoint    ] Leaving safepoint region
[2247.383s][info ][safepoint    ] Total time for which application threads were stopped: 0.0000851 seconds, Stopping threads took: 0.0000192 seconds
[2247.463s][info ][safepoint    ] Application time: 0.0807268 seconds
[2247.464s][info ][safepoint    ] Entering safepoint region: GenCollectForAllocation
[2247.464s][info ][gc,start     ] GC(838) Pause Young (Allocation Failure)
[2247.464s][info ][gc,task      ] GC(838) Using 4 workers of 4 for evacuation
[2247.466s][debug][gc,ref       ] GC(838) Skipped phase1 of Reference Processing due to unavailable references
[2247.466s][debug][gc,ref       ] GC(838) Skipped phase3 of Reference Processing due to unavailable references
[2247.466s][debug][gc,ref       ] GC(838) Skipped phase4 of Reference Processing due to unavailable references
[2247.466s][debug][gc,age       ] GC(838) Desired survivor size 15368192 bytes, new threshold 6 (max threshold 6)
[2247.466s][info ][gc,heap      ] GC(838) ParNew: 242637K->2194K(270336K)
[2247.466s][info ][gc,heap      ] GC(838) CMS: 277094K->277139K(600768K)
[2247.466s][info ][gc,metaspace ] GC(838) Metaspace: 58849K->58849K(1101824K)
[2247.466s][info ][gc           ] GC(838) Pause Young (Allocation Failure) 507M->272M(850M) 2.788ms
[2247.466s][info ][gc,cpu       ] GC(838) User=0.01s Sys=0.00s Real=0.00s
[2247.466s][info ][safepoint    ] Leaving safepoint region
[2247.466s][info ][safepoint    ] Total time for which application threads were stopped: 0.0029396 seconds, Stopping threads took: 0.0000178 seconds
[2248.468s][info ][safepoint    ] Application time: 1.0016688 seconds
[2248.468s][info ][safepoint    ] Entering safepoint region: Cleanup
[2248.468s][info ][safepoint    ] Leaving safepoint region
[2248.468s][info ][safepoint    ] Total time for which application threads were stopped: 0.0000730 seconds, Stopping threads took: 0.0000171 seconds
[2249.468s][info ][safepoint    ] Application time: 1.0001021 seconds
[2249.468s][info ][safepoint    ] Entering safepoint region: Cleanup
[2249.468s][info ][safepoint    ] Leaving safepoint region
[2249.468s][info ][safepoint    ] Total time for which application threads were stopped: 0.0000707 seconds, Stopping threads took: 0.0000167 seconds
[2250.469s][info ][safepoint    ] Application time: 1.0000842 seconds
[2250.469s][info ][safepoint    ] Entering safepoint region: Cleanup
[2250.469s][info ][safepoint    ] Leaving safepoint region
[2250.469s][info ][safepoint    ] Total time for which application threads were stopped: 0.0000730 seconds, Stopping threads took: 0.0000171 seconds
[2250.605s][info ][safepoint    ] Application time: 0.1366665 seconds
[2250.605s][info ][safepoint    ] Entering safepoint region: GenCollectForAllocation
[2250.606s][info ][gc,start     ] GC(839) Pause Young (Allocation Failure)
[2250.606s][info ][gc,task      ] GC(839) Using 4 workers of 4 for evacuation
[2250.609s][debug][gc,ref       ] GC(839) Skipped phase1 of Reference Processing due to unavailable references
[2250.609s][debug][gc,ref       ] GC(839) Skipped phase3 of Reference Processing due to unavailable references
[2250.609s][debug][gc,ref       ] GC(839) Skipped phase4 of Reference Processing due to unavailable references
[2250.609s][debug][gc,age       ] GC(839) Desired survivor size 15368192 bytes, new threshold 6 (max threshold 6)
[2250.609s][info ][gc,heap      ] GC(839) ParNew: 242514K->2035K(270336K)
[2250.609s][info ][gc,heap      ] GC(839) CMS: 277139K->277361K(600768K)
[2250.609s][info ][gc,metaspace ] GC(839) Metaspace: 58849K->58849K(1101824K)
[2250.609s][info ][gc           ] GC(839) Pause Young (Allocation Failure) 507M->272M(850M) 3.511ms
[2250.609s][info ][gc,cpu       ] GC(839) User=0.01s Sys=0.00s Real=0.00s
[2250.609s][info ][safepoint    ] Leaving safepoint region
[2250.609s][info ][safepoint    ] Total time for which application threads were stopped: 0.0036823 seconds, Stopping threads took: 0.0000390 seconds
[2251.609s][info ][safepoint    ] Application time: 1.0001109 seconds
[2251.609s][info ][safepoint    ] Entering safepoint region: Cleanup
[2251.609s][info ][safepoint    ] Leaving safepoint region
[2251.609s][info ][safepoint    ] Total time for which application threads were stopped: 0.0001287 seconds, Stopping threads took: 0.0000387 seconds
[2252.609s][info ][safepoint    ] Application time: 1.0000996 seconds
[2252.610s][info ][safepoint    ] Entering safepoint region: Cleanup
[2252.610s][info ][safepoint    ] Leaving safepoint region
[2252.610s][info ][safepoint    ] Total time for which application threads were stopped: 0.0001222 seconds, Stopping threads took: 0.0000517 seconds
[2253.610s][info ][safepoint    ] Application time: 1.0000959 seconds
[2253.610s][info ][safepoint    ] Entering safepoint region: Cleanup
[2253.610s][info ][safepoint    ] Leaving safepoint region
[2253.610s][info ][safepoint    ] Total time for which application threads were stopped: 0.0001186 seconds, Stopping threads took: 0.0000457 seconds
[2253.707s][info ][safepoint    ] Application time: 0.0970922 seconds
[2253.707s][info ][safepoint    ] Entering safepoint region: GenCollectForAllocation
[2253.707s][info ][gc,start     ] GC(840) Pause Young (Allocation Failure)
[2253.707s][info ][gc,task      ] GC(840) Using 4 workers of 4 for evacuation
[2253.710s][debug][gc,ref       ] GC(840) Skipped phase1 of Reference Processing due to unavailable references
[2253.710s][debug][gc,ref       ] GC(840) Skipped phase3 of Reference Processing due to unavailable references
[2253.710s][debug][gc,ref       ] GC(840) Skipped phase4 of Reference Processing due to unavailable references
[2253.710s][debug][gc,age       ] GC(840) Desired survivor size 15368192 bytes, new threshold 6 (max threshold 6)
[2253.710s][info ][gc,heap      ] GC(840) ParNew: 242355K->2568K(270336K)
[2253.710s][info ][gc,heap      ] GC(840) CMS: 277361K->277474K(600768K)
[2253.710s][info ][gc,metaspace ] GC(840) Metaspace: 58849K->58849K(1101824K)
[2253.710s][info ][gc           ] GC(840) Pause Young (Allocation Failure) 507M->273M(850M) 2.752ms
[2253.710s][info ][gc,cpu       ] GC(840) User=0.01s Sys=0.00s Real=0.00s
[2253.710s][info ][safepoint    ] Leaving safepoint region
[2253.710s][info ][safepoint    ] Total time for which application threads were stopped: 0.0028953 seconds, Stopping threads took: 0.0000172 seconds
[2254.710s][info ][safepoint    ] Application time: 1.0001003 seconds
[2254.710s][info ][safepoint    ] Entering safepoint region: Cleanup
[2254.710s][info ][safepoint    ] Leaving safepoint region
[2254.710s][info ][safepoint    ] Total time for which application threads were stopped: 0.0001114 seconds, Stopping threads took: 0.0000395 seconds
[2255.710s][info ][safepoint    ] Application time: 1.0001235 seconds
[2255.710s][info ][safepoint    ] Entering safepoint region: Cleanup
[2255.710s][info ][safepoint    ] Leaving safepoint region
[2255.710s][info ][safepoint    ] Total time for which application threads were stopped: 0.0001081 seconds, Stopping threads took: 0.0000431 seconds
[2256.711s][info ][safepoint    ] Application time: 1.0000916 seconds
[2256.711s][info ][safepoint    ] Entering safepoint region: Cleanup
[2256.711s][info ][safepoint    ] Leaving safepoint region
[2256.711s][info ][safepoint    ] Total time for which application threads were stopped: 0.0001110 seconds, Stopping threads took: 0.0000448 seconds
[2256.764s][info ][safepoint    ] Application time: 0.0533914 seconds
[2256.764s][info ][safepoint    ] Entering safepoint region: GenCollectForAllocation
[2256.764s][info ][gc,start     ] GC(841) Pause Young (Allocation Failure)
[2256.764s][info ][gc,task      ] GC(841) Using 4 workers of 4 for evacuation
[2256.767s][debug][gc,ref       ] GC(841) Skipped phase1 of Reference Processing due to unavailable references
[2256.767s][debug][gc,ref       ] GC(841) Skipped phase2 of Reference Processing due to unavailable references
[2256.767s][debug][gc,ref       ] GC(841) Skipped phase3 of Reference Processing due to unavailable references
[2256.767s][debug][gc,ref       ] GC(841) Skipped phase4 of Reference Processing due to unavailable references
[2256.767s][debug][gc,age       ] GC(841) Desired survivor size 15368192 bytes, new threshold 6 (max threshold 6)
[2256.767s][info ][gc,heap      ] GC(841) ParNew: 242888K->2548K(270336K)
[2256.767s][info ][gc,heap      ] GC(841) CMS: 277474K->277722K(600768K)
[2256.767s][info ][gc,metaspace ] GC(841) Metaspace: 58849K->58849K(1101824K)
[2256.767s][info ][gc           ] GC(841) Pause Young (Allocation Failure) 508M->273M(850M) 3.254ms
[2256.768s][info ][gc,cpu       ] GC(841) User=0.01s Sys=0.00s Real=0.00s
[2256.768s][info ][safepoint    ] Leaving safepoint region
[2256.768s][info ][safepoint    ] Total time for which application threads were stopped: 0.0034118 seconds, Stopping threads took: 0.0000182 seconds
[2257.768s][info ][safepoint    ] Application time: 1.0001059 seconds
[2257.768s][info ][safepoint    ] Entering safepoint region: Cleanup
[2257.768s][info ][safepoint    ] Leaving safepoint region
[2257.768s][info ][safepoint    ] Total time for which application threads were stopped: 0.0001730 seconds, Stopping threads took: 0.0000177 seconds
[2258.768s][info ][safepoint    ] Application time: 1.0001594 seconds
[2258.768s][info ][safepoint    ] Entering safepoint region: Cleanup
[2258.768s][info ][safepoint    ] Leaving safepoint region
[2258.768s][info ][safepoint    ] Total time for which application threads were stopped: 0.0000764 seconds, Stopping threads took: 0.0000166 seconds
[2259.768s][info ][safepoint    ] Application time: 1.0000809 seconds
[2259.768s][info ][safepoint    ] Entering safepoint region: Cleanup
[2259.768s][info ][safepoint    ] Leaving safepoint region
[2259.768s][info ][safepoint    ] Total time for which application threads were stopped: 0.0000879 seconds, Stopping threads took: 0.0000313 seconds
[2259.965s][info ][safepoint    ] Application time: 0.1966804 seconds
[2259.965s][info ][safepoint    ] Entering safepoint region: GenCollectForAllocation
[2259.965s][info ][gc,start     ] GC(842) Pause Young (Allocation Failure)
[2259.965s][info ][gc,task      ] GC(842) Using 4 workers of 4 for evacuation
[2259.968s][debug][gc,ref       ] GC(842) Skipped phase1 of Reference Processing due to unavailable references
[2259.968s][debug][gc,ref       ] GC(842) Skipped phase2 of Reference Processing due to unavailable references
[2259.968s][debug][gc,ref       ] GC(842) Skipped phase3 of Reference Processing due to unavailable references
[2259.968s][debug][gc,ref       ] GC(842) Skipped phase4 of Reference Processing due to unavailable references
[2259.968s][debug][gc,age       ] GC(842) Desired survivor size 15368192 bytes, new threshold 6 (max threshold 6)
[2259.968s][info ][gc,heap      ] GC(842) ParNew: 242868K->2475K(270336K)
[2259.968s][info ][gc,heap      ] GC(842) CMS: 277722K->277872K(600768K)
[2259.968s][info ][gc,metaspace ] GC(842) Metaspace: 58849K->58849K(1101824K)
[2259.968s][info ][gc           ] GC(842) Pause Young (Allocation Failure) 508M->273M(850M) 2.807ms
[2259.968s][info ][gc,cpu       ] GC(842) User=0.01s Sys=0.00s Real=0.00s
[2259.968s][info ][safepoint    ] Leaving safepoint region
[2259.968s][info ][safepoint    ] Total time for which application threads were stopped: 0.0029546 seconds, Stopping threads took: 0.0000175 seconds
[2260.968s][info ][safepoint    ] Application time: 1.0000842 seconds
[2260.968s][info ][safepoint    ] Entering safepoint region: Cleanup
[2260.968s][info ][safepoint    ] Leaving safepoint region
[2260.968s][info ][safepoint    ] Total time for which application threads were stopped: 0.0000774 seconds, Stopping threads took: 0.0000197 seconds
[2261.968s][info ][safepoint    ] Application time: 1.0001070 seconds
[2261.968s][info ][safepoint    ] Entering safepoint region: Cleanup
[2261.968s][info ][safepoint    ] Leaving safepoint region
[2261.968s][info ][safepoint    ] Total time for which application threads were stopped: 0.0000836 seconds, Stopping threads took: 0.0000166 seconds
[2262.969s][info ][safepoint    ] Application time: 1.0001001 seconds
[2262.969s][info ][safepoint    ] Entering safepoint region: Cleanup
[2262.969s][info ][safepoint    ] Leaving safepoint region
[2262.969s][info ][safepoint    ] Total time for which application threads were stopped: 0.0000739 seconds, Stopping threads took: 0.0000181 seconds
[2263.251s][info ][safepoint    ] Application time: 0.2827679 seconds
[2263.252s][info ][safepoint    ] Entering safepoint region: GenCollectForAllocation
[2263.252s][info ][gc,start     ] GC(843) Pause Young (Allocation Failure)
[2263.252s][info ][gc,task      ] GC(843) Using 4 workers of 4 for evacuation
[2263.254s][debug][gc,ref       ] GC(843) Skipped phase1 of Reference Processing due to unavailable references
[2263.254s][debug][gc,ref       ] GC(843) Skipped phase2 of Reference Processing due to unavailable references
[2263.254s][debug][gc,ref       ] GC(843) Skipped phase3 of Reference Processing due to unavailable references
[2263.254s][debug][gc,ref       ] GC(843) Skipped phase4 of Reference Processing due to unavailable references
[2263.254s][debug][gc,age       ] GC(843) Desired survivor size 15368192 bytes, new threshold 6 (max threshold 6)
[2263.254s][info ][gc,heap      ] GC(843) ParNew: 242795K->2123K(270336K)
[2263.254s][info ][gc,heap      ] GC(843) CMS: 277872K->278011K(600768K)
[2263.254s][info ][gc,metaspace ] GC(843) Metaspace: 58849K->58849K(1101824K)
[2263.254s][info ][gc           ] GC(843) Pause Young (Allocation Failure) 508M->273M(850M) 2.700ms
[2263.254s][info ][gc,cpu       ] GC(843) User=0.01s Sys=0.00s Real=0.00s
[2263.254s][info ][safepoint    ] Leaving safepoint region
[2263.254s][info ][safepoint    ] Total time for which application threads were stopped: 0.0028396 seconds, Stopping threads took: 0.0000154 seconds
[2264.255s][info ][safepoint    ] Application time: 1.0001010 seconds
[2264.255s][info ][safepoint    ] Entering safepoint region: Cleanup
[2264.255s][info ][safepoint    ] Leaving safepoint region
[2264.255s][info ][safepoint    ] Total time for which application threads were stopped: 0.0001002 seconds, Stopping threads took: 0.0000420 seconds
[2265.255s][info ][safepoint    ] Application time: 1.0005143 seconds
[2265.255s][info ][safepoint    ] Entering safepoint region: Cleanup
[2265.255s][info ][safepoint    ] Leaving safepoint region
[2265.255s][info ][safepoint    ] Total time for which application threads were stopped: 0.0001146 seconds, Stopping threads took: 0.0000506 seconds
[2266.255s][info ][safepoint    ] Application time: 1.0000894 seconds
[2266.255s][info ][safepoint    ] Entering safepoint region: Cleanup
[2266.256s][info ][safepoint    ] Leaving safepoint region
[2266.256s][info ][safepoint    ] Total time for which application threads were stopped: 0.0001047 seconds, Stopping threads took: 0.0000381 seconds
[2266.505s][info ][safepoint    ] Application time: 0.2498545 seconds
[2266.505s][info ][safepoint    ] Entering safepoint region: GenCollectForAllocation
[2266.506s][info ][gc,start     ] GC(844) Pause Young (Allocation Failure)
[2266.506s][info ][gc,task      ] GC(844) Using 4 workers of 4 for evacuation
[2266.508s][debug][gc,ref       ] GC(844) Skipped phase1 of Reference Processing due to unavailable references
[2266.508s][debug][gc,ref       ] GC(844) Skipped phase2 of Reference Processing due to unavailable references
[2266.508s][debug][gc,ref       ] GC(844) Skipped phase3 of Reference Processing due to unavailable references
[2266.508s][debug][gc,ref       ] GC(844) Skipped phase4 of Reference Processing due to unavailable references
[2266.508s][debug][gc,age       ] GC(844) Desired survivor size 15368192 bytes, new threshold 6 (max threshold 6)
[2266.508s][info ][gc,heap      ] GC(844) ParNew: 242443K->2010K(270336K)
[2266.508s][info ][gc,heap      ] GC(844) CMS: 278011K->278175K(600768K)
[2266.508s][info ][gc,metaspace ] GC(844) Metaspace: 58849K->58849K(1101824K)
[2266.508s][info ][gc           ] GC(844) Pause Young (Allocation Failure) 508M->273M(850M) 2.578ms
[2266.508s][info ][gc,cpu       ] GC(844) User=0.01s Sys=0.00s Real=0.00s
[2266.508s][info ][safepoint    ] Leaving safepoint region
[2266.508s][info ][safepoint    ] Total time for which application threads were stopped: 0.0027267 seconds, Stopping threads took: 0.0000159 seconds
[2267.508s][info ][safepoint    ] Application time: 1.0000926 seconds
[2267.508s][info ][safepoint    ] Entering safepoint region: Cleanup
[2267.508s][info ][safepoint    ] Leaving safepoint region
[2267.508s][info ][safepoint    ] Total time for which application threads were stopped: 0.0001138 seconds, Stopping threads took: 0.0000419 seconds
[2268.509s][info ][safepoint    ] Application time: 1.0000896 seconds
[2268.509s][info ][safepoint    ] Entering safepoint region: Cleanup
[2268.509s][info ][safepoint    ] Leaving safepoint region
[2268.509s][info ][safepoint    ] Total time for which application threads were stopped: 0.0001441 seconds, Stopping threads took: 0.0000657 seconds
[2269.509s][info ][safepoint    ] Application time: 1.0000952 seconds
[2269.509s][info ][safepoint    ] Entering safepoint region: Cleanup
[2269.509s][info ][safepoint    ] Leaving safepoint region
[2269.509s][info ][safepoint    ] Total time for which application threads were stopped: 0.0001338 seconds, Stopping threads took: 0.0000715 seconds
[2269.755s][info ][safepoint    ] Application time: 0.2461053 seconds
[2269.758s][info ][safepoint    ] Entering safepoint region: GenCollectForAllocation
[2269.758s][info ][gc,start     ] GC(845) Pause Young (Allocation Failure)
[2269.758s][info ][gc,task      ] GC(845) Using 4 workers of 4 for evacuation
[2269.763s][debug][gc,ref       ] GC(845) Skipped phase1 of Reference Processing due to unavailable references
[2269.763s][debug][gc,ref       ] GC(845) Skipped phase2 of Reference Processing due to unavailable references
[2269.763s][debug][gc,ref       ] GC(845) Skipped phase3 of Reference Processing due to unavailable references
[2269.763s][debug][gc,ref       ] GC(845) Skipped phase4 of Reference Processing due to unavailable references
[2269.763s][debug][gc,age       ] GC(845) Desired survivor size 15368192 bytes, new threshold 6 (max threshold 6)
[2269.763s][info ][gc,heap      ] GC(845) ParNew: 242330K->1987K(270336K)
[2269.763s][info ][gc,heap      ] GC(845) CMS: 278175K->278274K(600768K)
[2269.763s][info ][gc,metaspace ] GC(845) Metaspace: 58849K->58849K(1101824K)
[2269.763s][info ][gc           ] GC(845) Pause Young (Allocation Failure) 508M->273M(850M) 5.165ms
[2269.763s][info ][gc,cpu       ] GC(845) User=0.01s Sys=0.01s Real=0.01s
[2269.763s][info ][safepoint    ] Leaving safepoint region
[2269.763s][info ][safepoint    ] Total time for which application threads were stopped: 0.0083606 seconds, Stopping threads took: 0.0030383 seconds
[2270.764s][info ][safepoint    ] Application time: 1.0001384 seconds
[2270.764s][info ][safepoint    ] Entering safepoint region: Cleanup
[2270.764s][info ][safepoint    ] Leaving safepoint region
[2270.764s][info ][safepoint    ] Total time for which application threads were stopped: 0.0001887 seconds, Stopping threads took: 0.0001143 seconds
[2271.764s][info ][safepoint    ] Application time: 1.0000956 seconds
[2271.767s][info ][safepoint    ] Entering safepoint region: Cleanup
[2271.767s][info ][safepoint    ] Leaving safepoint region
[2271.767s][info ][safepoint    ] Total time for which application threads were stopped: 0.0031427 seconds, Stopping threads took: 0.0030659 seconds
[2272.767s][info ][safepoint    ] Application time: 1.0000976 seconds
[2272.767s][info ][safepoint    ] Entering safepoint region: Cleanup
[2272.767s][info ][safepoint    ] Leaving safepoint region
[2272.767s][info ][safepoint    ] Total time for which application threads were stopped: 0.0000709 seconds, Stopping threads took: 0.0000161 seconds
[2272.955s][info ][safepoint    ] Application time: 0.1879987 seconds
[2272.955s][info ][safepoint    ] Entering safepoint region: GenCollectForAllocation
[2272.956s][info ][gc,start     ] GC(846) Pause Young (Allocation Failure)
[2272.956s][info ][gc,task      ] GC(846) Using 4 workers of 4 for evacuation
[2272.958s][debug][gc,ref       ] GC(846) Skipped phase1 of Reference Processing due to unavailable references
[2272.958s][debug][gc,ref       ] GC(846) Skipped phase2 of Reference Processing due to unavailable references
[2272.958s][debug][gc,ref       ] GC(846) Skipped phase3 of Reference Processing due to unavailable references
[2272.958s][debug][gc,ref       ] GC(846) Skipped phase4 of Reference Processing due to unavailable references
[2272.958s][debug][gc,age       ] GC(846) Desired survivor size 15368192 bytes, new threshold 6 (max threshold 6)
[2272.958s][info ][gc,heap      ] GC(846) ParNew: 242307K->1153K(270336K)
[2272.958s][info ][gc,heap      ] GC(846) CMS: 278274K->279219K(600768K)
[2272.958s][info ][gc,metaspace ] GC(846) Metaspace: 58849K->58849K(1101824K)
[2272.958s][info ][gc           ] GC(846) Pause Young (Allocation Failure) 508M->273M(850M) 2.382ms
[2272.958s][info ][gc,cpu       ] GC(846) User=0.01s Sys=0.00s Real=0.00s
[2272.958s][info ][safepoint    ] Leaving safepoint region
[2272.958s][info ][safepoint    ] Total time for which application threads were stopped: 0.0025236 seconds, Stopping threads took: 0.0000154 seconds
[2273.958s][info ][safepoint    ] Application time: 1.0000934 seconds
[2273.958s][info ][safepoint    ] Entering safepoint region: Cleanup
[2273.958s][info ][safepoint    ] Leaving safepoint region
[2273.958s][info ][safepoint    ] Total time for which application threads were stopped: 0.0001443 seconds, Stopping threads took: 0.0000761 seconds
[2274.958s][info ][safepoint    ] Application time: 1.0000990 seconds
[2274.959s][info ][safepoint    ] Entering safepoint region: Cleanup
[2274.959s][info ][safepoint    ] Leaving safepoint region
[2274.959s][info ][safepoint    ] Total time for which application threads were stopped: 0.0005816 seconds, Stopping threads took: 0.0003626 seconds
[2275.959s][info ][safepoint    ] Application time: 1.0001469 seconds
[2275.960s][info ][safepoint    ] Entering safepoint region: Cleanup
[2275.960s][info ][safepoint    ] Leaving safepoint region
[2275.960s][info ][safepoint    ] Total time for which application threads were stopped: 0.0005299 seconds, Stopping threads took: 0.0004617 seconds
[2276.208s][info ][safepoint    ] Application time: 0.2482013 seconds
[2276.208s][info ][safepoint    ] Entering safepoint region: GenCollectForAllocation
[2276.208s][info ][gc,start     ] GC(847) Pause Young (Allocation Failure)
[2276.208s][info ][gc,task      ] GC(847) Using 4 workers of 4 for evacuation
[2276.211s][debug][gc,ref       ] GC(847) Skipped phase1 of Reference Processing due to unavailable references
[2276.211s][debug][gc,ref       ] GC(847) Skipped phase2 of Reference Processing due to unavailable references
[2276.211s][debug][gc,ref       ] GC(847) Skipped phase3 of Reference Processing due to unavailable references
[2276.211s][debug][gc,ref       ] GC(847) Skipped phase4 of Reference Processing due to unavailable references
[2276.211s][debug][gc,age       ] GC(847) Desired survivor size 15368192 bytes, new threshold 6 (max threshold 6)
[2276.211s][info ][gc,heap      ] GC(847) ParNew: 241473K->848K(270336K)
[2276.211s][info ][gc,heap      ] GC(847) CMS: 279219K->279281K(600768K)
[2276.211s][info ][gc,metaspace ] GC(847) Metaspace: 58849K->58849K(1101824K)
[2276.211s][info ][gc           ] GC(847) Pause Young (Allocation Failure) 508M->273M(850M) 2.711ms
[2276.211s][info ][gc,cpu       ] GC(847) User=0.00s Sys=0.00s Real=0.01s
[2276.211s][info ][safepoint    ] Leaving safepoint region
[2276.211s][info ][safepoint    ] Total time for which application threads were stopped: 0.0028836 seconds, Stopping threads took: 0.0000357 seconds
[2277.211s][info ][safepoint    ] Application time: 1.0001057 seconds
[2277.211s][info ][safepoint    ] Entering safepoint region: Cleanup
[2277.211s][info ][safepoint    ] Leaving safepoint region
[2277.211s][info ][safepoint    ] Total time for which application threads were stopped: 0.0002054 seconds, Stopping threads took: 0.0000922 seconds
[2278.211s][info ][safepoint    ] Application time: 1.0000594 seconds
[2278.211s][info ][safepoint    ] Entering safepoint region: Cleanup
[2278.211s][info ][safepoint    ] Leaving safepoint region
[2278.211s][info ][safepoint    ] Total time for which application threads were stopped: 0.0001577 seconds, Stopping threads took: 0.0000721 seconds
[2279.212s][info ][safepoint    ] Application time: 1.0004657 seconds
[2279.212s][info ][safepoint    ] Entering safepoint region: Cleanup
[2279.212s][info ][safepoint    ] Leaving safepoint region
[2279.212s][info ][safepoint    ] Total time for which application threads were stopped: 0.0003583 seconds, Stopping threads took: 0.0002740 seconds
[2279.458s][info ][safepoint    ] Application time: 0.2455921 seconds
[2279.458s][info ][safepoint    ] Entering safepoint region: GenCollectForAllocation
[2279.458s][info ][gc,start     ] GC(848) Pause Young (Allocation Failure)
[2279.458s][info ][gc,task      ] GC(848) Using 4 workers of 4 for evacuation
[2279.467s][debug][gc,ref       ] GC(848) Skipped phase1 of Reference Processing due to unavailable references
[2279.467s][debug][gc,ref       ] GC(848) Skipped phase2 of Reference Processing due to unavailable references
[2279.467s][debug][gc,ref       ] GC(848) Skipped phase3 of Reference Processing due to unavailable references
[2279.467s][debug][gc,ref       ] GC(848) Skipped phase4 of Reference Processing due to unavailable references
[2279.467s][debug][gc,age       ] GC(848) Desired survivor size 15368192 bytes, new threshold 6 (max threshold 6)
[2279.467s][info ][gc,heap      ] GC(848) ParNew: 241168K->1002K(270336K)
[2279.467s][info ][gc,heap      ] GC(848) CMS: 279281K->279395K(600768K)
[2279.467s][info ][gc,metaspace ] GC(848) Metaspace: 58849K->58849K(1101824K)
[2279.467s][info ][gc           ] GC(848) Pause Young (Allocation Failure) 508M->273M(850M) 9.452ms
[2279.467s][info ][gc,cpu       ] GC(848) User=0.01s Sys=0.00s Real=0.01s
[2279.468s][info ][safepoint    ] Leaving safepoint region
[2279.468s][info ][safepoint    ] Total time for which application threads were stopped: 0.0096744 seconds, Stopping threads took: 0.0000488 seconds
[2280.468s][info ][safepoint    ] Application time: 1.0001141 seconds
[2280.468s][info ][safepoint    ] Entering safepoint region: Cleanup
[2280.468s][info ][safepoint    ] Leaving safepoint region
[2280.468s][info ][safepoint    ] Total time for which application threads were stopped: 0.0000779 seconds, Stopping threads took: 0.0000179 seconds
[2281.468s][info ][safepoint    ] Application time: 1.0000931 seconds
[2281.468s][info ][safepoint    ] Entering safepoint region: Cleanup
[2281.468s][info ][safepoint    ] Leaving safepoint region
[2281.468s][info ][safepoint    ] Total time for which application threads were stopped: 0.0001865 seconds, Stopping threads took: 0.0000746 seconds
[2282.468s][info ][safepoint    ] Application time: 1.0001190 seconds
[2282.468s][info ][safepoint    ] Entering safepoint region: Cleanup
[2282.468s][info ][safepoint    ] Leaving safepoint region
[2282.468s][info ][safepoint    ] Total time for which application threads were stopped: 0.0000886 seconds, Stopping threads took: 0.0000171 seconds
[2282.667s][info ][safepoint    ] Application time: 0.1982478 seconds
[2282.667s][info ][safepoint    ] Entering safepoint region: GenCollectForAllocation
[2282.667s][info ][gc,start     ] GC(849) Pause Young (Allocation Failure)
[2282.667s][info ][gc,task      ] GC(849) Using 4 workers of 4 for evacuation
[2282.669s][debug][gc,ref       ] GC(849) Skipped phase1 of Reference Processing due to unavailable references
[2282.669s][debug][gc,ref       ] GC(849) Skipped phase2 of Reference Processing due to unavailable references
[2282.669s][debug][gc,ref       ] GC(849) Skipped phase3 of Reference Processing due to unavailable references
[2282.669s][debug][gc,ref       ] GC(849) Skipped phase4 of Reference Processing due to unavailable references
[2282.669s][debug][gc,age       ] GC(849) Desired survivor size 15368192 bytes, new threshold 6 (max threshold 6)
[2282.669s][info ][gc,heap      ] GC(849) ParNew: 241322K->1112K(270336K)
[2282.669s][info ][gc,heap      ] GC(849) CMS: 279395K->279404K(600768K)
[2282.669s][info ][gc,metaspace ] GC(849) Metaspace: 58849K->58849K(1101824K)
[2282.669s][info ][gc           ] GC(849) Pause Young (Allocation Failure) 508M->273M(850M) 2.377ms
[2282.669s][info ][gc,cpu       ] GC(849) User=0.01s Sys=0.01s Real=0.00s
[2282.669s][info ][safepoint    ] Leaving safepoint region
[2282.669s][info ][safepoint    ] Total time for which application threads were stopped: 0.0025200 seconds, Stopping threads took: 0.0000160 seconds
[2283.670s][info ][safepoint    ] Application time: 1.0008234 seconds
[2283.670s][info ][safepoint    ] Entering safepoint region: Cleanup
[2283.670s][info ][safepoint    ] Leaving safepoint region
[2283.670s][info ][safepoint    ] Total time for which application threads were stopped: 0.0000823 seconds, Stopping threads took: 0.0000226 seconds
[2284.670s][info ][safepoint    ] Application time: 1.0001067 seconds
[2284.670s][info ][safepoint    ] Entering safepoint region: Cleanup
[2284.670s][info ][safepoint    ] Leaving safepoint region
[2284.670s][info ][safepoint    ] Total time for which application threads were stopped: 0.0001497 seconds, Stopping threads took: 0.0000911 seconds
[2285.671s][info ][safepoint    ] Application time: 1.0000886 seconds
[2285.671s][info ][safepoint    ] Entering safepoint region: Cleanup
[2285.671s][info ][safepoint    ] Leaving safepoint region
[2285.671s][info ][safepoint    ] Total time for which application threads were stopped: 0.0000970 seconds, Stopping threads took: 0.0000357 seconds
[2285.908s][info ][safepoint    ] Application time: 0.2375241 seconds
[2285.908s][info ][safepoint    ] Entering safepoint region: GenCollectForAllocation
[2285.908s][info ][gc,start     ] GC(850) Pause Young (Allocation Failure)
[2285.908s][info ][gc,task      ] GC(850) Using 4 workers of 4 for evacuation
[2285.911s][debug][gc,ref       ] GC(850) Skipped phase1 of Reference Processing due to unavailable references
[2285.911s][debug][gc,ref       ] GC(850) Skipped phase2 of Reference Processing due to unavailable references
[2285.911s][debug][gc,ref       ] GC(850) Skipped phase3 of Reference Processing due to unavailable references
[2285.911s][debug][gc,ref       ] GC(850) Skipped phase4 of Reference Processing due to unavailable references
[2285.911s][debug][gc,age       ] GC(850) Desired survivor size 15368192 bytes, new threshold 6 (max threshold 6)
[2285.911s][info ][gc,heap      ] GC(850) ParNew: 241432K->1141K(270336K)
[2285.911s][info ][gc,heap      ] GC(850) CMS: 279404K->279486K(600768K)
[2285.911s][info ][gc,metaspace ] GC(850) Metaspace: 58849K->58849K(1101824K)
[2285.911s][info ][gc           ] GC(850) Pause Young (Allocation Failure) 508M->274M(850M) 2.405ms
[2285.911s][info ][gc,cpu       ] GC(850) User=0.01s Sys=0.00s Real=0.01s
[2285.911s][info ][safepoint    ] Leaving safepoint region
[2285.911s][info ][safepoint    ] Total time for which application threads were stopped: 0.0025604 seconds, Stopping threads took: 0.0000204 seconds
[2286.911s][info ][safepoint    ] Application time: 1.0001052 seconds
[2286.911s][info ][safepoint    ] Entering safepoint region: Cleanup
[2286.911s][info ][safepoint    ] Leaving safepoint region
[2286.911s][info ][safepoint    ] Total time for which application threads were stopped: 0.0001189 seconds, Stopping threads took: 0.0000374 seconds
[2287.911s][info ][safepoint    ] Application time: 1.0000966 seconds
[2287.911s][info ][safepoint    ] Entering safepoint region: Cleanup
[2287.911s][info ][safepoint    ] Leaving safepoint region
[2287.911s][info ][safepoint    ] Total time for which application threads were stopped: 0.0001137 seconds, Stopping threads took: 0.0000412 seconds
[2288.911s][info ][safepoint    ] Application time: 1.0001012 seconds
[2288.911s][info ][safepoint    ] Entering safepoint region: Cleanup
[2288.912s][info ][safepoint    ] Leaving safepoint region
[2288.912s][info ][safepoint    ] Total time for which application threads were stopped: 0.0001109 seconds, Stopping threads took: 0.0000431 seconds
[2289.205s][info ][safepoint    ] Application time: 0.2935614 seconds
[2289.205s][info ][safepoint    ] Entering safepoint region: GenCollectForAllocation
[2289.205s][info ][gc,start     ] GC(851) Pause Young (Allocation Failure)
[2289.205s][info ][gc,task      ] GC(851) Using 4 workers of 4 for evacuation
[2289.207s][debug][gc,ref       ] GC(851) Skipped phase1 of Reference Processing due to unavailable references
[2289.207s][debug][gc,ref       ] GC(851) Skipped phase2 of Reference Processing due to unavailable references
[2289.207s][debug][gc,ref       ] GC(851) Skipped phase3 of Reference Processing due to unavailable references
[2289.207s][debug][gc,ref       ] GC(851) Skipped phase4 of Reference Processing due to unavailable references
[2289.208s][debug][gc,age       ] GC(851) Desired survivor size 15368192 bytes, new threshold 6 (max threshold 6)
[2289.208s][info ][gc,heap      ] GC(851) ParNew: 241461K->1117K(270336K)
[2289.208s][info ][gc,heap      ] GC(851) CMS: 279486K->279547K(600768K)
[2289.208s][info ][gc,metaspace ] GC(851) Metaspace: 58849K->58849K(1101824K)
[2289.208s][info ][gc           ] GC(851) Pause Young (Allocation Failure) 508M->274M(850M) 2.305ms
[2289.208s][info ][gc,cpu       ] GC(851) User=0.01s Sys=0.00s Real=0.00s
[2289.208s][info ][safepoint    ] Leaving safepoint region
[2289.208s][info ][safepoint    ] Total time for which application threads were stopped: 0.0025154 seconds, Stopping threads took: 0.0000758 seconds
[2290.208s][info ][safepoint    ] Application time: 1.0001067 seconds
[2290.208s][info ][safepoint    ] Entering safepoint region: Cleanup
[2290.208s][info ][safepoint    ] Leaving safepoint region
[2290.208s][info ][safepoint    ] Total time for which application threads were stopped: 0.0001542 seconds, Stopping threads took: 0.0000406 seconds
[2291.208s][info ][safepoint    ] Application time: 1.0000850 seconds
[2291.208s][info ][safepoint    ] Entering safepoint region: Cleanup
[2291.208s][info ][safepoint    ] Leaving safepoint region
[2291.208s][info ][safepoint    ] Total time for which application threads were stopped: 0.0001375 seconds, Stopping threads took: 0.0000715 seconds
[2292.208s][info ][safepoint    ] Application time: 1.0000994 seconds
[2292.208s][info ][safepoint    ] Entering safepoint region: Cleanup
[2292.208s][info ][safepoint    ] Leaving safepoint region
[2292.209s][info ][safepoint    ] Total time for which application threads were stopped: 0.0001446 seconds, Stopping threads took: 0.0000676 seconds
[2292.506s][info ][safepoint    ] Application time: 0.2977937 seconds
[2292.506s][info ][safepoint    ] Entering safepoint region: GenCollectForAllocation
[2292.506s][info ][gc,start     ] GC(852) Pause Young (Allocation Failure)
[2292.506s][info ][gc,task      ] GC(852) Using 4 workers of 4 for evacuation
[2292.508s][debug][gc,ref       ] GC(852) Skipped phase1 of Reference Processing due to unavailable references
[2292.508s][debug][gc,ref       ] GC(852) Skipped phase2 of Reference Processing due to unavailable references
[2292.508s][debug][gc,ref       ] GC(852) Skipped phase3 of Reference Processing due to unavailable references
[2292.508s][debug][gc,ref       ] GC(852) Skipped phase4 of Reference Processing due to unavailable references
[2292.509s][debug][gc,age       ] GC(852) Desired survivor size 15368192 bytes, new threshold 6 (max threshold 6)
[2292.509s][info ][gc,heap      ] GC(852) ParNew: 241437K->966K(270336K)
[2292.509s][info ][gc,heap      ] GC(852) CMS: 279547K->279769K(600768K)
[2292.509s][info ][gc,metaspace ] GC(852) Metaspace: 58850K->58850K(1101824K)
[2292.509s][info ][gc           ] GC(852) Pause Young (Allocation Failure) 508M->274M(850M) 2.256ms
[2292.509s][info ][gc,cpu       ] GC(852) User=0.01s Sys=0.00s Real=0.00s
[2292.509s][info ][safepoint    ] Leaving safepoint region
[2292.509s][info ][safepoint    ] Total time for which application threads were stopped: 0.0024052 seconds, Stopping threads took: 0.0000162 seconds
[2293.509s][info ][safepoint    ] Application time: 1.0000877 seconds
[2293.509s][info ][safepoint    ] Entering safepoint region: Cleanup
[2293.509s][info ][safepoint    ] Leaving safepoint region
[2293.509s][info ][safepoint    ] Total time for which application threads were stopped: 0.0001182 seconds, Stopping threads took: 0.0000558 seconds
[2294.509s][info ][safepoint    ] Application time: 1.0000984 seconds
[2294.509s][info ][safepoint    ] Entering safepoint region: Cleanup
[2294.509s][info ][safepoint    ] Leaving safepoint region
[2294.509s][info ][safepoint    ] Total time for which application threads were stopped: 0.0001131 seconds, Stopping threads took: 0.0000400 seconds
[2295.509s][info ][safepoint    ] Application time: 1.0001015 seconds
[2295.509s][info ][safepoint    ] Entering safepoint region: Cleanup
[2295.510s][info ][safepoint    ] Leaving safepoint region
[2295.510s][info ][safepoint    ] Total time for which application threads were stopped: 0.0001497 seconds, Stopping threads took: 0.0000619 seconds
[2295.761s][info ][safepoint    ] Application time: 0.2515401 seconds
[2295.761s][info ][safepoint    ] Entering safepoint region: GenCollectForAllocation
[2295.761s][info ][gc,start     ] GC(853) Pause Young (Allocation Failure)
[2295.761s][info ][gc,task      ] GC(853) Using 4 workers of 4 for evacuation
[2295.763s][debug][gc,ref       ] GC(853) Skipped phase1 of Reference Processing due to unavailable references
[2295.763s][debug][gc,ref       ] GC(853) Skipped phase2 of Reference Processing due to unavailable references
[2295.763s][debug][gc,ref       ] GC(853) Skipped phase3 of Reference Processing due to unavailable references
[2295.763s][debug][gc,ref       ] GC(853) Skipped phase4 of Reference Processing due to unavailable references
[2295.764s][debug][gc,age       ] GC(853) Desired survivor size 15368192 bytes, new threshold 6 (max threshold 6)
[2295.764s][info ][gc,heap      ] GC(853) ParNew: 241286K->796K(270336K)
[2295.764s][info ][gc,heap      ] GC(853) CMS: 279769K->279877K(600768K)
[2295.764s][info ][gc,metaspace ] GC(853) Metaspace: 58850K->58850K(1101824K)
[2295.764s][info ][gc           ] GC(853) Pause Young (Allocation Failure) 508M->274M(850M) 2.486ms
[2295.764s][info ][gc,cpu       ] GC(853) User=0.01s Sys=0.00s Real=0.01s
[2295.764s][info ][safepoint    ] Leaving safepoint region
[2295.764s][info ][safepoint    ] Total time for which application threads were stopped: 0.0026453 seconds, Stopping threads took: 0.0000153 seconds
[2296.764s][info ][safepoint    ] Application time: 1.0001066 seconds
[2296.764s][info ][safepoint    ] Entering safepoint region: Cleanup
[2296.764s][info ][safepoint    ] Leaving safepoint region
[2296.764s][info ][safepoint    ] Total time for which application threads were stopped: 0.0001794 seconds, Stopping threads took: 0.0001099 seconds
[2297.764s][info ][safepoint    ] Application time: 1.0000995 seconds
[2297.764s][info ][safepoint    ] Entering safepoint region: Cleanup
[2297.764s][info ][safepoint    ] Leaving safepoint region
[2297.764s][info ][safepoint    ] Total time for which application threads were stopped: 0.0001340 seconds, Stopping threads took: 0.0000689 seconds
[2298.764s][info ][safepoint    ] Application time: 1.0000904 seconds
[2298.765s][info ][safepoint    ] Entering safepoint region: Cleanup
[2298.765s][info ][safepoint    ] Leaving safepoint region
[2298.765s][info ][safepoint    ] Total time for which application threads were stopped: 0.0001478 seconds, Stopping threads took: 0.0000820 seconds
[2299.010s][info ][safepoint    ] Application time: 0.2454825 seconds
[2299.010s][info ][safepoint    ] Entering safepoint region: GenCollectForAllocation
[2299.010s][info ][gc,start     ] GC(854) Pause Young (Allocation Failure)
[2299.010s][info ][gc,task      ] GC(854) Using 4 workers of 4 for evacuation
[2299.013s][debug][gc,ref       ] GC(854) Skipped phase1 of Reference Processing due to unavailable references
[2299.013s][debug][gc,ref       ] GC(854) Skipped phase2 of Reference Processing due to unavailable references
[2299.013s][debug][gc,ref       ] GC(854) Skipped phase3 of Reference Processing due to unavailable references
[2299.013s][debug][gc,ref       ] GC(854) Skipped phase4 of Reference Processing due to unavailable references
[2299.013s][debug][gc,age       ] GC(854) Desired survivor size 15368192 bytes, new threshold 6 (max threshold 6)
[2299.013s][info ][gc,heap      ] GC(854) ParNew: 241116K->727K(270336K)
[2299.013s][info ][gc,heap      ] GC(854) CMS: 279877K->280044K(600768K)
[2299.013s][info ][gc,metaspace ] GC(854) Metaspace: 58850K->58850K(1101824K)
[2299.013s][info ][gc           ] GC(854) Pause Young (Allocation Failure) 508M->274M(850M) 2.590ms
[2299.013s][info ][gc,cpu       ] GC(854) User=0.01s Sys=0.00s Real=0.00s
[2299.013s][info ][safepoint    ] Leaving safepoint region
[2299.013s][info ][safepoint    ] Total time for which application threads were stopped: 0.0027585 seconds, Stopping threads took: 0.0000291 seconds
[2300.013s][info ][safepoint    ] Application time: 1.0001264 seconds
[2300.013s][info ][safepoint    ] Entering safepoint region: Cleanup
[2300.013s][info ][safepoint    ] Leaving safepoint region
[2300.013s][info ][safepoint    ] Total time for which application threads were stopped: 0.0001080 seconds, Stopping threads took: 0.0000409 seconds
[2301.013s][info ][safepoint    ] Application time: 1.0001052 seconds
[2301.013s][info ][safepoint    ] Entering safepoint region: Cleanup
[2301.014s][info ][safepoint    ] Leaving safepoint region
[2301.014s][info ][safepoint    ] Total time for which application threads were stopped: 0.0001472 seconds, Stopping threads took: 0.0000838 seconds
[2302.014s][info ][safepoint    ] Application time: 1.0000935 seconds
[2302.014s][info ][safepoint    ] Entering safepoint region: Cleanup
[2302.014s][info ][safepoint    ] Leaving safepoint region
[2302.014s][info ][safepoint    ] Total time for which application threads were stopped: 0.0001841 seconds, Stopping threads took: 0.0001003 seconds
[2302.255s][info ][safepoint    ] Application time: 0.2407450 seconds
[2302.255s][info ][safepoint    ] Entering safepoint region: GenCollectForAllocation
[2302.255s][info ][gc,start     ] GC(855) Pause Young (Allocation Failure)
[2302.255s][info ][gc,task      ] GC(855) Using 4 workers of 4 for evacuation
[2302.257s][debug][gc,ref       ] GC(855) Skipped phase1 of Reference Processing due to unavailable references
[2302.257s][debug][gc,ref       ] GC(855) Skipped phase2 of Reference Processing due to unavailable references
[2302.257s][debug][gc,ref       ] GC(855) Skipped phase3 of Reference Processing due to unavailable references
[2302.257s][debug][gc,ref       ] GC(855) Skipped phase4 of Reference Processing due to unavailable references
[2302.257s][debug][gc,age       ] GC(855) Desired survivor size 15368192 bytes, new threshold 6 (max threshold 6)
[2302.257s][info ][gc,heap      ] GC(855) ParNew: 241047K->659K(270336K)
[2302.257s][info ][gc,heap      ] GC(855) CMS: 280044K->280113K(600768K)
[2302.257s][info ][gc,metaspace ] GC(855) Metaspace: 58850K->58850K(1101824K)
[2302.257s][info ][gc           ] GC(855) Pause Young (Allocation Failure) 508M->274M(850M) 2.133ms
[2302.257s][info ][gc,cpu       ] GC(855) User=0.01s Sys=0.00s Real=0.00s
[2302.257s][info ][safepoint    ] Leaving safepoint region
[2302.257s][info ][safepoint    ] Total time for which application threads were stopped: 0.0022723 seconds, Stopping threads took: 0.0000163 seconds
[2303.257s][info ][safepoint    ] Application time: 1.0001007 seconds
[2303.257s][info ][safepoint    ] Entering safepoint region: Cleanup
[2303.257s][info ][safepoint    ] Leaving safepoint region
[2303.257s][info ][safepoint    ] Total time for which application threads were stopped: 0.0001076 seconds, Stopping threads took: 0.0000412 seconds
[2304.257s][info ][safepoint    ] Application time: 1.0000574 seconds
[2304.257s][info ][safepoint    ] Entering safepoint region: Cleanup
[2304.257s][info ][safepoint    ] Leaving safepoint region
[2304.257s][info ][safepoint    ] Total time for which application threads were stopped: 0.0001188 seconds, Stopping threads took: 0.0000530 seconds
[2305.257s][info ][safepoint    ] Application time: 1.0000860 seconds
[2305.258s][info ][safepoint    ] Entering safepoint region: Cleanup
[2305.258s][info ][safepoint    ] Leaving safepoint region
[2305.258s][info ][safepoint    ] Total time for which application threads were stopped: 0.0001086 seconds, Stopping threads took: 0.0000416 seconds
[2305.458s][info ][safepoint    ] Application time: 0.2002637 seconds
[2305.458s][info ][safepoint    ] Entering safepoint region: GenCollectForAllocation
[2305.458s][info ][gc,start     ] GC(856) Pause Young (Allocation Failure)
[2305.458s][info ][gc,task      ] GC(856) Using 4 workers of 4 for evacuation
[2305.465s][debug][gc,ref       ] GC(856) Skipped phase1 of Reference Processing due to unavailable references
[2305.465s][debug][gc,ref       ] GC(856) Skipped phase2 of Reference Processing due to unavailable references
[2305.465s][debug][gc,ref       ] GC(856) Skipped phase3 of Reference Processing due to unavailable references
[2305.465s][debug][gc,ref       ] GC(856) Skipped phase4 of Reference Processing due to unavailable references
[2305.466s][debug][gc,age       ] GC(856) Desired survivor size 15368192 bytes, new threshold 6 (max threshold 6)
[2305.466s][info ][gc,heap      ] GC(856) ParNew: 240979K->643K(270336K)
[2305.466s][info ][gc,heap      ] GC(856) CMS: 280113K->280234K(600768K)
[2305.466s][info ][gc,metaspace ] GC(856) Metaspace: 58850K->58850K(1101824K)
[2305.466s][info ][gc           ] GC(856) Pause Young (Allocation Failure) 508M->274M(850M) 7.526ms
[2305.466s][info ][gc,cpu       ] GC(856) User=0.01s Sys=0.01s Real=0.01s
[2305.466s][info ][safepoint    ] Leaving safepoint region
[2305.466s][info ][safepoint    ] Total time for which application threads were stopped: 0.0077097 seconds, Stopping threads took: 0.0000207 seconds
[2306.466s][info ][safepoint    ] Application time: 1.0001081 seconds
[2306.466s][info ][safepoint    ] Entering safepoint region: Cleanup
[2306.466s][info ][safepoint    ] Leaving safepoint region
[2306.466s][info ][safepoint    ] Total time for which application threads were stopped: 0.0001155 seconds, Stopping threads took: 0.0000408 seconds
[2307.466s][info ][safepoint    ] Application time: 1.0001424 seconds
[2307.466s][info ][safepoint    ] Entering safepoint region: Cleanup
[2307.466s][info ][safepoint    ] Leaving safepoint region
[2307.466s][info ][safepoint    ] Total time for which application threads were stopped: 0.0001078 seconds, Stopping threads took: 0.0000406 seconds
[2308.466s][info ][safepoint    ] Application time: 1.0001361 seconds
[2308.466s][info ][safepoint    ] Entering safepoint region: Cleanup
[2308.467s][info ][safepoint    ] Leaving safepoint region
[2308.467s][info ][safepoint    ] Total time for which application threads were stopped: 0.0001219 seconds, Stopping threads took: 0.0000419 seconds
[2308.613s][info ][safepoint    ] Application time: 0.1461277 seconds
[2308.613s][info ][safepoint    ] Entering safepoint region: GenCollectForAllocation
[2308.613s][info ][gc,start     ] GC(857) Pause Young (Allocation Failure)
[2308.613s][info ][gc,task      ] GC(857) Using 4 workers of 4 for evacuation
[2308.615s][debug][gc,ref       ] GC(857) Skipped phase1 of Reference Processing due to unavailable references
[2308.615s][debug][gc,ref       ] GC(857) Skipped phase2 of Reference Processing due to unavailable references
[2308.615s][debug][gc,ref       ] GC(857) Skipped phase3 of Reference Processing due to unavailable references
[2308.615s][debug][gc,ref       ] GC(857) Skipped phase4 of Reference Processing due to unavailable references
[2308.615s][debug][gc,age       ] GC(857) Desired survivor size 15368192 bytes, new threshold 6 (max threshold 6)
[2308.615s][info ][gc,heap      ] GC(857) ParNew: 240963K->1078K(270336K)
[2308.615s][info ][gc,heap      ] GC(857) CMS: 280234K->280268K(600768K)
[2308.615s][info ][gc,metaspace ] GC(857) Metaspace: 58850K->58850K(1101824K)
[2308.615s][info ][gc           ] GC(857) Pause Young (Allocation Failure) 508M->274M(850M) 2.415ms
[2308.615s][info ][gc,cpu       ] GC(857) User=0.01s Sys=0.00s Real=0.00s
[2308.615s][info ][safepoint    ] Leaving safepoint region
[2308.615s][info ][safepoint    ] Total time for which application threads were stopped: 0.0025621 seconds, Stopping threads took: 0.0000161 seconds
[2309.615s][info ][safepoint    ] Application time: 1.0000982 seconds
[2309.615s][info ][safepoint    ] Entering safepoint region: Cleanup
[2309.616s][info ][safepoint    ] Leaving safepoint region
[2309.616s][info ][safepoint    ] Total time for which application threads were stopped: 0.0001459 seconds, Stopping threads took: 0.0000757 seconds
[2310.616s][info ][safepoint    ] Application time: 1.0000607 seconds
[2310.616s][info ][safepoint    ] Entering safepoint region: Cleanup
[2310.616s][info ][safepoint    ] Leaving safepoint region
[2310.616s][info ][safepoint    ] Total time for which application threads were stopped: 0.0001369 seconds, Stopping threads took: 0.0000668 seconds
[2311.616s][info ][safepoint    ] Application time: 1.0003057 seconds
[2311.616s][info ][safepoint    ] Entering safepoint region: Cleanup
[2311.616s][info ][safepoint    ] Leaving safepoint region
[2311.616s][info ][safepoint    ] Total time for which application threads were stopped: 0.0001450 seconds, Stopping threads took: 0.0000669 seconds
[2311.811s][info ][safepoint    ] Application time: 0.1950837 seconds
[2311.811s][info ][safepoint    ] Entering safepoint region: GenCollectForAllocation
[2311.812s][info ][gc,start     ] GC(858) Pause Young (Allocation Failure)
[2311.812s][info ][gc,task      ] GC(858) Using 4 workers of 4 for evacuation
[2311.814s][debug][gc,ref       ] GC(858) Skipped phase1 of Reference Processing due to unavailable references
[2311.814s][debug][gc,ref       ] GC(858) Skipped phase2 of Reference Processing due to unavailable references
[2311.814s][debug][gc,ref       ] GC(858) Skipped phase3 of Reference Processing due to unavailable references
[2311.814s][debug][gc,ref       ] GC(858) Skipped phase4 of Reference Processing due to unavailable references
[2311.814s][debug][gc,age       ] GC(858) Desired survivor size 15368192 bytes, new threshold 6 (max threshold 6)
[2311.814s][info ][gc,heap      ] GC(858) ParNew: 241398K->1219K(270336K)
[2311.814s][info ][gc,heap      ] GC(858) CMS: 280268K->280319K(600768K)
[2311.814s][info ][gc,metaspace ] GC(858) Metaspace: 58850K->58850K(1101824K)
[2311.814s][info ][gc           ] GC(858) Pause Young (Allocation Failure) 509M->274M(850M) 2.711ms
[2311.814s][info ][gc,cpu       ] GC(858) User=0.01s Sys=0.00s Real=0.00s
[2311.814s][info ][safepoint    ] Leaving safepoint region
[2311.814s][info ][safepoint    ] Total time for which application threads were stopped: 0.0028681 seconds, Stopping threads took: 0.0000166 seconds
[2312.814s][info ][safepoint    ] Application time: 1.0001032 seconds
[2312.814s][info ][safepoint    ] Entering safepoint region: Cleanup
[2312.815s][info ][safepoint    ] Leaving safepoint region
[2312.815s][info ][safepoint    ] Total time for which application threads were stopped: 0.0001114 seconds, Stopping threads took: 0.0000425 seconds
[2313.815s][info ][safepoint    ] Application time: 1.0000943 seconds
[2313.815s][info ][safepoint    ] Entering safepoint region: Cleanup
[2313.815s][info ][safepoint    ] Leaving safepoint region
[2313.815s][info ][safepoint    ] Total time for which application threads were stopped: 0.0002031 seconds, Stopping threads took: 0.0001311 seconds
[2314.815s][info ][safepoint    ] Application time: 1.0000947 seconds
[2314.815s][info ][safepoint    ] Entering safepoint region: Cleanup
[2314.815s][info ][safepoint    ] Leaving safepoint region
[2314.815s][info ][safepoint    ] Total time for which application threads were stopped: 0.0001081 seconds, Stopping threads took: 0.0000409 seconds
[2315.105s][info ][safepoint    ] Application time: 0.2895177 seconds
[2315.105s][info ][safepoint    ] Entering safepoint region: GenCollectForAllocation
[2315.105s][info ][gc,start     ] GC(859) Pause Young (Allocation Failure)
[2315.105s][info ][gc,task      ] GC(859) Using 4 workers of 4 for evacuation
[2315.107s][debug][gc,ref       ] GC(859) Skipped phase1 of Reference Processing due to unavailable references
[2315.107s][debug][gc,ref       ] GC(859) Skipped phase2 of Reference Processing due to unavailable references
[2315.107s][debug][gc,ref       ] GC(859) Skipped phase3 of Reference Processing due to unavailable references
[2315.107s][debug][gc,ref       ] GC(859) Skipped phase4 of Reference Processing due to unavailable references
[2315.107s][debug][gc,age       ] GC(859) Desired survivor size 15368192 bytes, new threshold 6 (max threshold 6)
[2315.107s][info ][gc,heap      ] GC(859) ParNew: 241539K->1210K(270336K)
[2315.107s][info ][gc,heap      ] GC(859) CMS: 280319K->280360K(600768K)
[2315.107s][info ][gc,metaspace ] GC(859) Metaspace: 58850K->58850K(1101824K)
[2315.107s][info ][gc           ] GC(859) Pause Young (Allocation Failure) 509M->274M(850M) 2.298ms
[2315.107s][info ][gc,cpu       ] GC(859) User=0.00s Sys=0.00s Real=0.00s
[2315.107s][info ][safepoint    ] Leaving safepoint region
[2315.107s][info ][safepoint    ] Total time for which application threads were stopped: 0.0024585 seconds, Stopping threads took: 0.0000165 seconds
[2316.107s][info ][safepoint    ] Application time: 1.0000986 seconds
[2316.107s][info ][safepoint    ] Entering safepoint region: Cleanup
[2316.107s][info ][safepoint    ] Leaving safepoint region
[2316.107s][info ][safepoint    ] Total time for which application threads were stopped: 0.0001037 seconds, Stopping threads took: 0.0000402 seconds
[2317.107s][info ][safepoint    ] Application time: 1.0000969 seconds
[2317.108s][info ][safepoint    ] Entering safepoint region: Cleanup
[2317.108s][info ][safepoint    ] Leaving safepoint region
[2317.108s][info ][safepoint    ] Total time for which application threads were stopped: 0.0001722 seconds, Stopping threads took: 0.0000388 seconds
[2318.108s][info ][safepoint    ] Application time: 1.0000906 seconds
[2318.108s][info ][safepoint    ] Entering safepoint region: Cleanup
[2318.108s][info ][safepoint    ] Leaving safepoint region
[2318.108s][info ][safepoint    ] Total time for which application threads were stopped: 0.0001538 seconds, Stopping threads took: 0.0000859 seconds
[2318.311s][info ][safepoint    ] Application time: 0.2026493 seconds
[2318.311s][info ][safepoint    ] Entering safepoint region: GenCollectForAllocation
[2318.311s][info ][gc,start     ] GC(860) Pause Young (Allocation Failure)
[2318.311s][info ][gc,task      ] GC(860) Using 4 workers of 4 for evacuation
[2318.313s][debug][gc,ref       ] GC(860) Skipped phase1 of Reference Processing due to unavailable references
[2318.313s][debug][gc,ref       ] GC(860) Skipped phase2 of Reference Processing due to unavailable references
[2318.313s][debug][gc,ref       ] GC(860) Skipped phase3 of Reference Processing due to unavailable references
[2318.313s][debug][gc,ref       ] GC(860) Skipped phase4 of Reference Processing due to unavailable references
[2318.313s][debug][gc,age       ] GC(860) Desired survivor size 15368192 bytes, new threshold 6 (max threshold 6)
[2318.313s][info ][gc,heap      ] GC(860) ParNew: 241530K->1206K(270336K)
[2318.313s][info ][gc,heap      ] GC(860) CMS: 280360K->280461K(600768K)
[2318.313s][info ][gc,metaspace ] GC(860) Metaspace: 58850K->58850K(1101824K)
[2318.313s][info ][gc           ] GC(860) Pause Young (Allocation Failure) 509M->275M(850M) 2.480ms
[2318.313s][info ][gc,cpu       ] GC(860) User=0.01s Sys=0.00s Real=0.00s
[2318.313s][info ][safepoint    ] Leaving safepoint region
[2318.313s][info ][safepoint    ] Total time for which application threads were stopped: 0.0028460 seconds, Stopping threads took: 0.0000169 seconds
[2319.314s][info ][safepoint    ] Application time: 1.0001081 seconds
[2319.314s][info ][safepoint    ] Entering safepoint region: Cleanup
[2319.314s][info ][safepoint    ] Leaving safepoint region
[2319.314s][info ][safepoint    ] Total time for which application threads were stopped: 0.0001084 seconds, Stopping threads took: 0.0000428 seconds
[2320.314s][info ][safepoint    ] Application time: 1.0000981 seconds
[2320.314s][info ][safepoint    ] Entering safepoint region: Cleanup
[2320.314s][info ][safepoint    ] Leaving safepoint region
[2320.314s][info ][safepoint    ] Total time for which application threads were stopped: 0.0001266 seconds, Stopping threads took: 0.0000417 seconds
[2321.314s][info ][safepoint    ] Application time: 1.0001023 seconds
[2321.314s][info ][safepoint    ] Entering safepoint region: Cleanup
[2321.314s][info ][safepoint    ] Leaving safepoint region
[2321.314s][info ][safepoint    ] Total time for which application threads were stopped: 0.0001074 seconds, Stopping threads took: 0.0000407 seconds
[2321.459s][info ][safepoint    ] Application time: 0.1446641 seconds
[2321.459s][info ][safepoint    ] Entering safepoint region: GenCollectForAllocation
[2321.459s][info ][gc,start     ] GC(861) Pause Young (Allocation Failure)
[2321.459s][info ][gc,task      ] GC(861) Using 4 workers of 4 for evacuation
[2321.461s][debug][gc,ref       ] GC(861) Skipped phase1 of Reference Processing due to unavailable references
[2321.461s][debug][gc,ref       ] GC(861) Skipped phase2 of Reference Processing due to unavailable references
[2321.461s][debug][gc,ref       ] GC(861) Skipped phase3 of Reference Processing due to unavailable references
[2321.461s][debug][gc,ref       ] GC(861) Skipped phase4 of Reference Processing due to unavailable references
[2321.462s][debug][gc,age       ] GC(861) Desired survivor size 15368192 bytes, new threshold 6 (max threshold 6)
[2321.462s][info ][gc,heap      ] GC(861) ParNew: 241526K->1368K(270336K)
[2321.462s][info ][gc,heap      ] GC(861) CMS: 280461K->280550K(600768K)
[2321.462s][info ][gc,metaspace ] GC(861) Metaspace: 58850K->58850K(1101824K)
[2321.462s][info ][gc           ] GC(861) Pause Young (Allocation Failure) 509M->275M(850M) 2.557ms
[2321.462s][info ][gc,cpu       ] GC(861) User=0.01s Sys=0.00s Real=0.00s
[2321.462s][info ][safepoint    ] Leaving safepoint region
[2321.462s][info ][safepoint    ] Total time for which application threads were stopped: 0.0027087 seconds, Stopping threads took: 0.0000170 seconds
[2322.462s][info ][safepoint    ] Application time: 1.0001601 seconds
[2322.462s][info ][safepoint    ] Entering safepoint region: Cleanup
[2322.462s][info ][safepoint    ] Leaving safepoint region
[2322.462s][info ][safepoint    ] Total time for which application threads were stopped: 0.0003961 seconds, Stopping threads took: 0.0003242 seconds
[2323.462s][info ][safepoint    ] Application time: 1.0001517 seconds
[2323.463s][info ][safepoint    ] Entering safepoint region: Cleanup
[2323.463s][info ][safepoint    ] Leaving safepoint region
[2323.463s][info ][safepoint    ] Total time for which application threads were stopped: 0.0001225 seconds, Stopping threads took: 0.0000408 seconds
[2324.355s][info ][safepoint    ] Application time: 0.8925424 seconds
[2324.355s][info ][safepoint    ] Entering safepoint region: GenCollectForAllocation
[2324.355s][info ][gc,start     ] GC(862) Pause Young (Allocation Failure)
[2324.355s][info ][gc,task      ] GC(862) Using 4 workers of 4 for evacuation
[2324.358s][debug][gc,ref       ] GC(862) Skipped phase1 of Reference Processing due to unavailable references
[2324.358s][debug][gc,ref       ] GC(862) Skipped phase2 of Reference Processing due to unavailable references
[2324.358s][debug][gc,ref       ] GC(862) Skipped phase3 of Reference Processing due to unavailable references
[2324.358s][debug][gc,ref       ] GC(862) Skipped phase4 of Reference Processing due to unavailable references
[2324.358s][debug][gc,age       ] GC(862) Desired survivor size 15368192 bytes, new threshold 6 (max threshold 6)
[2324.358s][info ][gc,heap      ] GC(862) ParNew: 241688K->1587K(270336K)
[2324.358s][info ][gc,heap      ] GC(862) CMS: 280550K->280611K(600768K)
[2324.358s][info ][gc,metaspace ] GC(862) Metaspace: 58850K->58850K(1101824K)
[2324.358s][info ][gc           ] GC(862) Pause Young (Allocation Failure) 509M->275M(850M) 2.621ms
[2324.358s][info ][gc,cpu       ] GC(862) User=0.01s Sys=0.00s Real=0.00s
[2324.358s][info ][safepoint    ] Leaving safepoint region
[2324.358s][info ][safepoint    ] Total time for which application threads were stopped: 0.0028340 seconds, Stopping threads took: 0.0000657 seconds
[2325.358s][info ][safepoint    ] Application time: 1.0000741 seconds
[2325.358s][info ][safepoint    ] Entering safepoint region: Cleanup
[2325.358s][info ][safepoint    ] Leaving safepoint region
[2325.358s][info ][safepoint    ] Total time for which application threads were stopped: 0.0001047 seconds, Stopping threads took: 0.0000410 seconds
[2326.358s][info ][safepoint    ] Application time: 1.0000995 seconds
[2326.358s][info ][safepoint    ] Entering safepoint region: Cleanup
[2326.359s][info ][safepoint    ] Leaving safepoint region
[2326.359s][info ][safepoint    ] Total time for which application threads were stopped: 0.0001123 seconds, Stopping threads took: 0.0000452 seconds
[2327.359s][info ][safepoint    ] Application time: 1.0001435 seconds
[2327.359s][info ][safepoint    ] Entering safepoint region: Cleanup
[2327.359s][info ][safepoint    ] Leaving safepoint region
[2327.359s][info ][safepoint    ] Total time for which application threads were stopped: 0.0005838 seconds, Stopping threads took: 0.0004964 seconds
[2327.414s][info ][safepoint    ] Application time: 0.0542709 seconds
[2327.414s][info ][safepoint    ] Entering safepoint region: GenCollectForAllocation
[2327.414s][info ][gc,start     ] GC(863) Pause Young (Allocation Failure)
[2327.414s][info ][gc,task      ] GC(863) Using 4 workers of 4 for evacuation
[2327.417s][debug][gc,ref       ] GC(863) Skipped phase1 of Reference Processing due to unavailable references
[2327.417s][debug][gc,ref       ] GC(863) Skipped phase2 of Reference Processing due to unavailable references
[2327.417s][debug][gc,ref       ] GC(863) Skipped phase3 of Reference Processing due to unavailable references
[2327.417s][debug][gc,ref       ] GC(863) Skipped phase4 of Reference Processing due to unavailable references
