[0.007s][info][gc] Using Concurrent Mark Sweep
[0.007s][info][gc,heap,coops] Heap address: 0x0000000700000000, size: 4096 MB, Compressed Oops mode: Zero based, Oop shift amount: 3
[0.045s][info][safepoint    ] Entering safepoint region: EnableBiasedLocking
[0.045s][info][safepoint    ] Leaving safepoint region
[0.045s][info][safepoint    ] Total time for which application threads were stopped: 0.0001265 seconds, Stopping threads took: 0.0000626 seconds
[0.048s][info][safepoint    ] Application time: 0.0023822 seconds
[0.048s][info][safepoint    ] Entering safepoint region: RevokeBias
[0.048s][info][safepoint    ] Leaving safepoint region
[0.048s][info][safepoint    ] Total time for which application threads were stopped: 0.0001331 seconds, Stopping threads took: 0.0000113 seconds
[0.125s][info][safepoint    ] Application time: 0.0762620 seconds
[0.125s][info][safepoint    ] Entering safepoint region: Deoptimize
[0.125s][info][safepoint    ] Leaving safepoint region
[0.125s][info][safepoint    ] Total time for which application threads were stopped: 0.0000840 seconds, Stopping threads took: 0.0000072 seconds
[1.125s][info][safepoint    ] Application time: 1.0000911 seconds
[1.125s][info][safepoint    ] Entering safepoint region: Cleanup
[1.125s][info][safepoint    ] Leaving safepoint region
[1.125s][info][safepoint    ] Total time for which application threads were stopped: 0.0001537 seconds, Stopping threads took: 0.0000117 seconds
[1.303s][info][safepoint    ] Application time: 0.1782866 seconds
[1.303s][info][safepoint    ] Entering safepoint region: Deoptimize
[1.304s][info][safepoint    ] Leaving safepoint region
[1.304s][info][safepoint    ] Total time for which application threads were stopped: 0.0001536 seconds, Stopping threads took: 0.0000070 seconds
[1.340s][info][safepoint    ] Application time: 0.0367164 seconds
[1.340s][info][safepoint    ] Entering safepoint region: Deoptimize
[1.340s][info][safepoint    ] Leaving safepoint region
[1.340s][info][safepoint    ] Total time for which application threads were stopped: 0.0001832 seconds, Stopping threads took: 0.0000068 seconds
[1.382s][info][safepoint    ] Application time: 0.0414748 seconds
[1.382s][info][safepoint    ] Entering safepoint region: Deoptimize
[1.382s][info][safepoint    ] Leaving safepoint region
[1.382s][info][safepoint    ] Total time for which application threads were stopped: 0.0001743 seconds, Stopping threads took: 0.0000071 seconds
[2.273s][info][safepoint    ] Application time: 0.8909202 seconds
[2.273s][info][safepoint    ] Entering safepoint region: Deoptimize
[2.273s][info][safepoint    ] Leaving safepoint region
[2.273s][info][safepoint    ] Total time for which application threads were stopped: 0.0001934 seconds, Stopping threads took: 0.0000068 seconds
[2.413s][info][safepoint    ] Application time: 0.1394591 seconds
[2.413s][info][safepoint    ] Entering safepoint region: Deoptimize
[2.413s][info][safepoint    ] Leaving safepoint region
[2.413s][info][safepoint    ] Total time for which application threads were stopped: 0.0003422 seconds, Stopping threads took: 0.0000072 seconds
[2.658s][info][safepoint    ] Application time: 0.2443511 seconds
[2.658s][info][safepoint    ] Entering safepoint region: ICBufferFull
[2.658s][info][safepoint    ] Leaving safepoint region
[2.658s][info][safepoint    ] Total time for which application threads were stopped: 0.0002001 seconds, Stopping threads took: 0.0000516 seconds
[2.772s][info][safepoint    ] Application time: 0.1142214 seconds
[2.772s][info][safepoint    ] Entering safepoint region: Deoptimize
[2.772s][info][safepoint    ] Leaving safepoint region
[2.772s][info][safepoint    ] Total time for which application threads were stopped: 0.0003506 seconds, Stopping threads took: 0.0000069 seconds
[2.779s][info][safepoint    ] Application time: 0.0065994 seconds
[2.779s][info][safepoint    ] Entering safepoint region: Deoptimize
[2.779s][info][safepoint    ] Leaving safepoint region
[2.779s][info][safepoint    ] Total time for which application threads were stopped: 0.0002743 seconds, Stopping threads took: 0.0000063 seconds
[2.897s][info][safepoint    ] Application time: 0.1180894 seconds
[2.897s][info][safepoint    ] Entering safepoint region: Deoptimize
[2.898s][info][safepoint    ] Leaving safepoint region
[2.898s][info][safepoint    ] Total time for which application threads were stopped: 0.0003331 seconds, Stopping threads took: 0.0000069 seconds
[3.020s][info][safepoint    ] Application time: 0.1223653 seconds
[3.020s][info][safepoint    ] Entering safepoint region: ICBufferFull
[3.020s][info][safepoint    ] Leaving safepoint region
[3.020s][info][safepoint    ] Total time for which application threads were stopped: 0.0001555 seconds, Stopping threads took: 0.0000069 seconds
[3.230s][info][safepoint    ] Application time: 0.2095401 seconds
[3.230s][info][safepoint    ] Entering safepoint region: Deoptimize
[3.230s][info][safepoint    ] Leaving safepoint region
[3.230s][info][safepoint    ] Total time for which application threads were stopped: 0.0004043 seconds, Stopping threads took: 0.0000628 seconds
[3.316s][info][safepoint    ] Application time: 0.0859558 seconds
[3.316s][info][safepoint    ] Entering safepoint region: CollectForMetadataAllocation
[3.316s][info][safepoint    ] Leaving safepoint region
[3.316s][info][safepoint    ] Total time for which application threads were stopped: 0.0001660 seconds, Stopping threads took: 0.0000075 seconds
[3.379s][info][safepoint    ] Application time: 0.0621784 seconds
[3.379s][info][safepoint    ] Entering safepoint region: GenCollectForAllocation
[3.379s][info][gc,start     ] GC(0) Pause Young (Allocation Failure)
[3.379s][info][gc,task      ] GC(0) Using 4 workers of 4 for evacuation
[3.427s][debug][gc,ref       ] GC(0) Skipped phase1 of Reference Processing due to unavailable references
[3.428s][debug][gc,ref       ] GC(0) Skipped phase3 of Reference Processing due to unavailable references
[3.428s][debug][gc,age       ] GC(0) Desired survivor size 15368192 bytes, new threshold 1 (max threshold 6)
[3.428s][info ][gc,heap      ] GC(0) ParNew: 240320K->30014K(270336K)
[3.428s][info ][gc,heap      ] GC(0) CMS: 0K->2499K(600768K)
[3.428s][info ][gc,metaspace ] GC(0) Metaspace: 20567K->20567K(1069056K)
[3.428s][info ][gc           ] GC(0) Pause Young (Allocation Failure) 234M->31M(850M) 49.138ms
[3.428s][info ][gc,cpu       ] GC(0) User=0.15s Sys=0.03s Real=0.05s
[3.428s][info ][safepoint    ] Leaving safepoint region
[3.428s][info ][safepoint    ] Total time for which application threads were stopped: 0.0492576 seconds, Stopping threads took: 0.0000070 seconds
[3.428s][info ][safepoint    ] Application time: 0.0001357 seconds
[3.428s][info ][safepoint    ] Entering safepoint region: CMS_Initial_Mark
[3.428s][info ][gc,start     ] GC(1) Pause Initial Mark
[3.436s][info ][gc           ] GC(1) Pause Initial Mark 36M->36M(850M) 7.696ms
[3.436s][info ][gc,cpu       ] GC(1) User=0.03s Sys=0.00s Real=0.01s
[3.436s][info ][safepoint    ] Leaving safepoint region
[3.436s][info ][safepoint    ] Total time for which application threads were stopped: 0.0078736 seconds, Stopping threads took: 0.0000789 seconds
[3.436s][info ][gc           ] GC(1) Concurrent Mark
[3.437s][info ][safepoint    ] Application time: 0.0011340 seconds
[3.437s][info ][safepoint    ] Entering safepoint region: RevokeBias
[3.437s][info ][safepoint    ] Leaving safepoint region
[3.437s][info ][safepoint    ] Total time for which application threads were stopped: 0.0000786 seconds, Stopping threads took: 0.0000320 seconds
[3.437s][info ][safepoint    ] Application time: 0.0000617 seconds
[3.437s][info ][safepoint    ] Entering safepoint region: RevokeBias
[3.437s][info ][safepoint    ] Leaving safepoint region
[3.437s][info ][safepoint    ] Total time for which application threads were stopped: 0.0000547 seconds, Stopping threads took: 0.0000336 seconds
[3.437s][info ][safepoint    ] Application time: 0.0000799 seconds
[3.437s][info ][safepoint    ] Entering safepoint region: RevokeBias
[3.437s][info ][safepoint    ] Leaving safepoint region
[3.437s][info ][safepoint    ] Total time for which application threads were stopped: 0.0000883 seconds, Stopping threads took: 0.0000502 seconds
[3.461s][info ][gc           ] GC(1) Concurrent Mark 25.411ms
[3.461s][info ][gc,cpu       ] GC(1) User=0.08s Sys=0.00s Real=0.02s
[3.461s][info ][gc           ] GC(1) Concurrent Preclean
[3.461s][debug][gc,ref       ] GC(1) Preclean SoftReferences 0.001ms
[3.461s][debug][gc,ref       ] GC(1) Preclean WeakReferences 0.000ms
[3.461s][debug][gc,ref       ] GC(1) Preclean FinalReferences 0.000ms
[3.461s][debug][gc,ref       ] GC(1) Preclean PhantomReferences 0.000ms
[3.463s][info ][gc           ] GC(1) Concurrent Preclean 1.476ms
[3.463s][info ][gc,cpu       ] GC(1) User=0.01s Sys=0.00s Real=0.00s
[3.463s][info ][gc           ] GC(1) Concurrent Abortable Preclean
[3.494s][info ][safepoint    ] Application time: 0.0568619 seconds
[3.494s][info ][safepoint    ] Entering safepoint region: CollectForMetadataAllocation
[3.494s][info ][safepoint    ] Leaving safepoint region
[3.494s][info ][safepoint    ] Total time for which application threads were stopped: 0.0001305 seconds, Stopping threads took: 0.0000323 seconds
[3.509s][info ][safepoint    ] Application time: 0.0146481 seconds
[3.509s][info ][safepoint    ] Entering safepoint region: CollectForMetadataAllocation
[3.509s][info ][safepoint    ] Leaving safepoint region
[3.509s][info ][safepoint    ] Total time for which application threads were stopped: 0.0000863 seconds, Stopping threads took: 0.0000202 seconds
[3.537s][info ][safepoint    ] Application time: 0.0279076 seconds
[3.537s][info ][safepoint    ] Entering safepoint region: CollectForMetadataAllocation
[3.537s][info ][safepoint    ] Leaving safepoint region
[3.537s][info ][safepoint    ] Total time for which application threads were stopped: 0.0001368 seconds, Stopping threads took: 0.0000070 seconds
[3.564s][info ][safepoint    ] Application time: 0.0267668 seconds
[3.564s][info ][safepoint    ] Entering safepoint region: CollectForMetadataAllocation
[3.564s][info ][safepoint    ] Leaving safepoint region
[3.564s][info ][safepoint    ] Total time for which application threads were stopped: 0.0001993 seconds, Stopping threads took: 0.0000068 seconds
[3.573s][info ][safepoint    ] Application time: 0.0081898 seconds
[3.573s][info ][safepoint    ] Entering safepoint region: RevokeBias
[3.573s][info ][safepoint    ] Leaving safepoint region
[3.573s][info ][safepoint    ] Total time for which application threads were stopped: 0.0001650 seconds, Stopping threads took: 0.0000956 seconds
[3.573s][info ][safepoint    ] Application time: 0.0003237 seconds
[3.573s][info ][safepoint    ] Entering safepoint region: RevokeBias
[3.573s][info ][safepoint    ] Leaving safepoint region
[3.573s][info ][safepoint    ] Total time for which application threads were stopped: 0.0001248 seconds, Stopping threads took: 0.0000791 seconds
[3.573s][info ][safepoint    ] Application time: 0.0000855 seconds
[3.573s][info ][safepoint    ] Entering safepoint region: RevokeBias
[3.573s][info ][safepoint    ] Leaving safepoint region
[3.573s][info ][safepoint    ] Total time for which application threads were stopped: 0.0001301 seconds, Stopping threads took: 0.0000764 seconds
[3.574s][info ][safepoint    ] Application time: 0.0003931 seconds
[3.574s][info ][safepoint    ] Entering safepoint region: RevokeBias
[3.574s][info ][safepoint    ] Leaving safepoint region
[3.574s][info ][safepoint    ] Total time for which application threads were stopped: 0.0001305 seconds, Stopping threads took: 0.0000326 seconds
[3.574s][info ][safepoint    ] Application time: 0.0001119 seconds
[3.574s][info ][safepoint    ] Entering safepoint region: RevokeBias
[3.574s][info ][safepoint    ] Leaving safepoint region
[3.574s][info ][safepoint    ] Total time for which application threads were stopped: 0.0001265 seconds, Stopping threads took: 0.0000679 seconds
[3.575s][info ][safepoint    ] Application time: 0.0003314 seconds
[3.575s][info ][safepoint    ] Entering safepoint region: RevokeBias
[3.575s][info ][safepoint    ] Leaving safepoint region
[3.575s][info ][safepoint    ] Total time for which application threads were stopped: 0.0001037 seconds, Stopping threads took: 0.0000407 seconds
[3.575s][info ][safepoint    ] Application time: 0.0005186 seconds
[3.575s][info ][safepoint    ] Entering safepoint region: RevokeBias
[3.575s][info ][safepoint    ] Leaving safepoint region
[3.575s][info ][safepoint    ] Total time for which application threads were stopped: 0.0001282 seconds, Stopping threads took: 0.0000814 seconds
[3.575s][info ][safepoint    ] Application time: 0.0001686 seconds
[3.576s][info ][safepoint    ] Entering safepoint region: RevokeBias
[3.576s][info ][safepoint    ] Leaving safepoint region
[3.576s][info ][safepoint    ] Total time for which application threads were stopped: 0.0002053 seconds, Stopping threads took: 0.0001112 seconds
[3.576s][info ][safepoint    ] Application time: 0.0002910 seconds
[3.576s][info ][safepoint    ] Entering safepoint region: RevokeBias
[3.576s][info ][safepoint    ] Leaving safepoint region
[3.576s][info ][safepoint    ] Total time for which application threads were stopped: 0.0001207 seconds, Stopping threads took: 0.0000511 seconds
[3.576s][info ][safepoint    ] Application time: 0.0001434 seconds
[3.579s][info ][safepoint    ] Entering safepoint region: RevokeBias
[3.579s][info ][safepoint    ] Leaving safepoint region
[3.579s][info ][safepoint    ] Total time for which application threads were stopped: 0.0027577 seconds, Stopping threads took: 0.0026727 seconds
[3.579s][info ][safepoint    ] Application time: 0.0001209 seconds
[3.579s][info ][safepoint    ] Entering safepoint region: RevokeBias
[3.579s][info ][safepoint    ] Leaving safepoint region
[3.579s][info ][safepoint    ] Total time for which application threads were stopped: 0.0002234 seconds, Stopping threads took: 0.0001608 seconds
[3.580s][info ][safepoint    ] Application time: 0.0002749 seconds
[3.580s][info ][safepoint    ] Entering safepoint region: RevokeBias
[3.580s][info ][safepoint    ] Leaving safepoint region
[3.580s][info ][safepoint    ] Total time for which application threads were stopped: 0.0002062 seconds, Stopping threads took: 0.0001398 seconds
[3.580s][info ][safepoint    ] Application time: 0.0003165 seconds
[3.581s][info ][safepoint    ] Entering safepoint region: RevokeBias
[3.581s][info ][safepoint    ] Leaving safepoint region
[3.581s][info ][safepoint    ] Total time for which application threads were stopped: 0.0002934 seconds, Stopping threads took: 0.0002411 seconds
[3.581s][info ][safepoint    ] Application time: 0.0001336 seconds
[3.581s][info ][safepoint    ] Entering safepoint region: RevokeBias
[3.581s][info ][safepoint    ] Leaving safepoint region
[3.581s][info ][safepoint    ] Total time for which application threads were stopped: 0.0001304 seconds, Stopping threads took: 0.0000836 seconds
[3.581s][info ][safepoint    ] Application time: 0.0001659 seconds
[3.581s][info ][safepoint    ] Entering safepoint region: RevokeBias
[3.581s][info ][safepoint    ] Leaving safepoint region
[3.581s][info ][safepoint    ] Total time for which application threads were stopped: 0.0001131 seconds, Stopping threads took: 0.0000270 seconds
[3.582s][info ][safepoint    ] Application time: 0.0004501 seconds
[3.582s][info ][safepoint    ] Entering safepoint region: RevokeBias
[3.582s][info ][safepoint    ] Leaving safepoint region
[3.582s][info ][safepoint    ] Total time for which application threads were stopped: 0.0001263 seconds, Stopping threads took: 0.0000659 seconds
[3.582s][info ][safepoint    ] Application time: 0.0004334 seconds
[3.582s][info ][safepoint    ] Entering safepoint region: RevokeBias
[3.582s][info ][safepoint    ] Leaving safepoint region
[3.582s][info ][safepoint    ] Total time for which application threads were stopped: 0.0001362 seconds, Stopping threads took: 0.0000733 seconds
[3.583s][info ][safepoint    ] Application time: 0.0005239 seconds
[3.583s][info ][safepoint    ] Entering safepoint region: RevokeBias
[3.583s][info ][safepoint    ] Leaving safepoint region
[3.583s][info ][safepoint    ] Total time for which application threads were stopped: 0.0001270 seconds, Stopping threads took: 0.0000603 seconds
[3.584s][info ][safepoint    ] Application time: 0.0008361 seconds
[3.584s][info ][safepoint    ] Entering safepoint region: RevokeBias
[3.584s][info ][safepoint    ] Leaving safepoint region
[3.584s][info ][safepoint    ] Total time for which application threads were stopped: 0.0000966 seconds, Stopping threads took: 0.0000329 seconds
[3.584s][info ][safepoint    ] Application time: 0.0000905 seconds
[3.584s][info ][safepoint    ] Entering safepoint region: RevokeBias
[3.584s][info ][safepoint    ] Leaving safepoint region
[3.584s][info ][safepoint    ] Total time for which application threads were stopped: 0.0001699 seconds, Stopping threads took: 0.0001130 seconds
[3.584s][info ][safepoint    ] Application time: 0.0002068 seconds
[3.585s][info ][safepoint    ] Entering safepoint region: BulkRevokeBias
[3.585s][info ][safepoint    ] Leaving safepoint region
[3.585s][info ][safepoint    ] Total time for which application threads were stopped: 0.0002687 seconds, Stopping threads took: 0.0000820 seconds
[3.588s][info ][safepoint    ] Application time: 0.0033470 seconds
[3.588s][info ][safepoint    ] Entering safepoint region: RevokeBias
[3.588s][info ][safepoint    ] Leaving safepoint region
[3.588s][info ][safepoint    ] Total time for which application threads were stopped: 0.0001972 seconds, Stopping threads took: 0.0000673 seconds
[3.591s][info ][safepoint    ] Application time: 0.0029409 seconds
[3.591s][info ][safepoint    ] Entering safepoint region: RevokeBias
[3.591s][info ][safepoint    ] Leaving safepoint region
[3.591s][info ][safepoint    ] Total time for which application threads were stopped: 0.0001098 seconds, Stopping threads took: 0.0000556 seconds
[3.592s][info ][safepoint    ] Application time: 0.0010062 seconds
[3.592s][info ][safepoint    ] Entering safepoint region: CollectForMetadataAllocation
[3.592s][info ][safepoint    ] Leaving safepoint region
[3.592s][info ][safepoint    ] Total time for which application threads were stopped: 0.0001161 seconds, Stopping threads took: 0.0000290 seconds
[3.595s][info ][safepoint    ] Application time: 0.0026883 seconds
[3.595s][info ][safepoint    ] Entering safepoint region: RevokeBias
[3.595s][info ][safepoint    ] Leaving safepoint region
[3.595s][info ][safepoint    ] Total time for which application threads were stopped: 0.0002057 seconds, Stopping threads took: 0.0001424 seconds
[3.597s][info ][safepoint    ] Application time: 0.0016294 seconds
[3.597s][info ][safepoint    ] Entering safepoint region: CollectForMetadataAllocation
[3.597s][info ][safepoint    ] Leaving safepoint region
[3.597s][info ][safepoint    ] Total time for which application threads were stopped: 0.0001336 seconds, Stopping threads took: 0.0000634 seconds
[3.598s][info ][safepoint    ] Application time: 0.0008160 seconds
[3.598s][info ][safepoint    ] Entering safepoint region: RevokeBias
[3.598s][info ][safepoint    ] Leaving safepoint region
[3.598s][info ][safepoint    ] Total time for which application threads were stopped: 0.0001258 seconds, Stopping threads took: 0.0000416 seconds
[3.600s][info ][safepoint    ] Application time: 0.0018268 seconds
[3.600s][info ][safepoint    ] Entering safepoint region: RevokeBias
[3.600s][info ][safepoint    ] Leaving safepoint region
[3.600s][info ][safepoint    ] Total time for which application threads were stopped: 0.0001048 seconds, Stopping threads took: 0.0000484 seconds
[3.600s][info ][safepoint    ] Application time: 0.0001998 seconds
[3.600s][info ][safepoint    ] Entering safepoint region: RevokeBias
[3.600s][info ][safepoint    ] Leaving safepoint region
[3.600s][info ][safepoint    ] Total time for which application threads were stopped: 0.0000572 seconds, Stopping threads took: 0.0000048 seconds
[3.601s][info ][safepoint    ] Application time: 0.0005667 seconds
[3.601s][info ][safepoint    ] Entering safepoint region: RevokeBias
[3.601s][info ][safepoint    ] Leaving safepoint region
[3.601s][info ][safepoint    ] Total time for which application threads were stopped: 0.0000849 seconds, Stopping threads took: 0.0000566 seconds
[3.604s][info ][safepoint    ] Application time: 0.0024557 seconds
[3.604s][info ][safepoint    ] Entering safepoint region: RevokeBias
[3.604s][info ][safepoint    ] Leaving safepoint region
[3.604s][info ][safepoint    ] Total time for which application threads were stopped: 0.0000906 seconds, Stopping threads took: 0.0000076 seconds
[3.604s][info ][safepoint    ] Application time: 0.0005456 seconds
[3.604s][info ][safepoint    ] Entering safepoint region: RevokeBias
[3.604s][info ][safepoint    ] Leaving safepoint region
[3.604s][info ][safepoint    ] Total time for which application threads were stopped: 0.0001011 seconds, Stopping threads took: 0.0000577 seconds
[3.605s][info ][safepoint    ] Application time: 0.0004499 seconds
[3.605s][info ][safepoint    ] Entering safepoint region: RevokeBias
[3.605s][info ][safepoint    ] Leaving safepoint region
[3.605s][info ][safepoint    ] Total time for which application threads were stopped: 0.0002356 seconds, Stopping threads took: 0.0000887 seconds
[3.607s][info ][safepoint    ] Application time: 0.0019856 seconds
[3.607s][info ][safepoint    ] Entering safepoint region: RevokeBias
[3.607s][info ][safepoint    ] Leaving safepoint region
[3.608s][info ][safepoint    ] Total time for which application threads were stopped: 0.0005220 seconds, Stopping threads took: 0.0004194 seconds
[3.609s][info ][safepoint    ] Application time: 0.0017981 seconds
[3.609s][info ][safepoint    ] Entering safepoint region: RevokeBias
[3.609s][info ][safepoint    ] Leaving safepoint region
[3.609s][info ][safepoint    ] Total time for which application threads were stopped: 0.0001621 seconds, Stopping threads took: 0.0000474 seconds
[3.612s][info ][safepoint    ] Application time: 0.0029847 seconds
[3.613s][info ][safepoint    ] Entering safepoint region: RevokeBias
[3.613s][info ][safepoint    ] Leaving safepoint region
[3.613s][info ][safepoint    ] Total time for which application threads were stopped: 0.0001194 seconds, Stopping threads took: 0.0000499 seconds
[3.616s][info ][safepoint    ] Application time: 0.0037869 seconds
[3.616s][info ][safepoint    ] Entering safepoint region: RevokeBias
[3.617s][info ][safepoint    ] Leaving safepoint region
[3.617s][info ][safepoint    ] Total time for which application threads were stopped: 0.0000839 seconds, Stopping threads took: 0.0000084 seconds
[3.618s][info ][safepoint    ] Application time: 0.0016511 seconds
[3.618s][info ][safepoint    ] Entering safepoint region: CollectForMetadataAllocation
[3.618s][info ][safepoint    ] Leaving safepoint region
[3.618s][info ][safepoint    ] Total time for which application threads were stopped: 0.0001401 seconds, Stopping threads took: 0.0000260 seconds
[3.619s][info ][safepoint    ] Application time: 0.0003008 seconds
[3.619s][info ][safepoint    ] Entering safepoint region: RevokeBias
[3.619s][info ][safepoint    ] Leaving safepoint region
[3.619s][info ][safepoint    ] Total time for which application threads were stopped: 0.0001527 seconds, Stopping threads took: 0.0001096 seconds
[3.620s][info ][safepoint    ] Application time: 0.0010297 seconds
[3.621s][info ][safepoint    ] Entering safepoint region: RevokeBias
[3.621s][info ][safepoint    ] Leaving safepoint region
[3.621s][info ][safepoint    ] Total time for which application threads were stopped: 0.0010971 seconds, Stopping threads took: 0.0010346 seconds
[3.622s][info ][safepoint    ] Application time: 0.0007567 seconds
[3.622s][info ][safepoint    ] Entering safepoint region: RevokeBias
[3.622s][info ][safepoint    ] Leaving safepoint region
[3.622s][info ][safepoint    ] Total time for which application threads were stopped: 0.0002273 seconds, Stopping threads took: 0.0001271 seconds
[3.625s][info ][safepoint    ] Application time: 0.0032442 seconds
[3.625s][info ][safepoint    ] Entering safepoint region: RevokeBias
[3.625s][info ][safepoint    ] Leaving safepoint region
[3.625s][info ][safepoint    ] Total time for which application threads were stopped: 0.0001300 seconds, Stopping threads took: 0.0000473 seconds
[3.627s][info ][safepoint    ] Application time: 0.0012512 seconds
[3.627s][info ][safepoint    ] Entering safepoint region: RevokeBias
[3.627s][info ][safepoint    ] Leaving safepoint region
[3.627s][info ][safepoint    ] Total time for which application threads were stopped: 0.0001058 seconds, Stopping threads took: 0.0000380 seconds
[3.627s][info ][safepoint    ] Application time: 0.0005931 seconds
[3.627s][info ][safepoint    ] Entering safepoint region: RevokeBias
[3.627s][info ][safepoint    ] Leaving safepoint region
[3.627s][info ][safepoint    ] Total time for which application threads were stopped: 0.0000979 seconds, Stopping threads took: 0.0000618 seconds
[3.629s][info ][safepoint    ] Application time: 0.0013380 seconds
[3.629s][info ][safepoint    ] Entering safepoint region: CollectForMetadataAllocation
[3.629s][info ][safepoint    ] Leaving safepoint region
[3.629s][info ][safepoint    ] Total time for which application threads were stopped: 0.0000729 seconds, Stopping threads took: 0.0000236 seconds
[3.629s][info ][safepoint    ] Application time: 0.0003447 seconds
[3.629s][info ][safepoint    ] Entering safepoint region: RevokeBias
[3.629s][info ][safepoint    ] Leaving safepoint region
[3.629s][info ][safepoint    ] Total time for which application threads were stopped: 0.0001458 seconds, Stopping threads took: 0.0000571 seconds
[3.631s][info ][safepoint    ] Application time: 0.0015964 seconds
[3.631s][info ][safepoint    ] Entering safepoint region: RevokeBias
[3.631s][info ][safepoint    ] Leaving safepoint region
[3.631s][info ][safepoint    ] Total time for which application threads were stopped: 0.0003221 seconds, Stopping threads took: 0.0000356 seconds
[3.632s][info ][safepoint    ] Application time: 0.0005374 seconds
[3.632s][info ][safepoint    ] Entering safepoint region: BulkRevokeBias
[3.632s][info ][safepoint    ] Leaving safepoint region
[3.632s][info ][safepoint    ] Total time for which application threads were stopped: 0.0002108 seconds, Stopping threads took: 0.0000429 seconds
[3.642s][info ][safepoint    ] Application time: 0.0099781 seconds
[3.642s][info ][safepoint    ] Entering safepoint region: CollectForMetadataAllocation
[3.642s][info ][safepoint    ] Leaving safepoint region
[3.642s][info ][safepoint    ] Total time for which application threads were stopped: 0.0001170 seconds, Stopping threads took: 0.0000496 seconds
[3.657s][info ][safepoint    ] Application time: 0.0147600 seconds
[3.657s][info ][safepoint    ] Entering safepoint region: CollectForMetadataAllocation
[3.657s][info ][safepoint    ] Leaving safepoint region
[3.657s][info ][safepoint    ] Total time for which application threads were stopped: 0.0001315 seconds, Stopping threads took: 0.0000426 seconds
[3.667s][info ][safepoint    ] Application time: 0.0095810 seconds
[3.667s][info ][safepoint    ] Entering safepoint region: CollectForMetadataAllocation
[3.667s][info ][safepoint    ] Leaving safepoint region
[3.667s][info ][safepoint    ] Total time for which application threads were stopped: 0.0001205 seconds, Stopping threads took: 0.0000437 seconds
[3.677s][info ][safepoint    ] Application time: 0.0098367 seconds
[3.677s][info ][safepoint    ] Entering safepoint region: CollectForMetadataAllocation
[3.677s][info ][safepoint    ] Leaving safepoint region
[3.677s][info ][safepoint    ] Total time for which application threads were stopped: 0.0001569 seconds, Stopping threads took: 0.0000523 seconds
[3.687s][info ][safepoint    ] Application time: 0.0104607 seconds
[3.687s][info ][safepoint    ] Entering safepoint region: CollectForMetadataAllocation
[3.688s][info ][safepoint    ] Leaving safepoint region
[3.688s][info ][safepoint    ] Total time for which application threads were stopped: 0.0001386 seconds, Stopping threads took: 0.0000669 seconds
[3.700s][info ][safepoint    ] Application time: 0.0124142 seconds
[3.700s][info ][safepoint    ] Entering safepoint region: RevokeBias
[3.700s][info ][safepoint    ] Leaving safepoint region
[3.700s][info ][safepoint    ] Total time for which application threads were stopped: 0.0001982 seconds, Stopping threads took: 0.0000563 seconds
[3.702s][info ][safepoint    ] Application time: 0.0014252 seconds
[3.702s][info ][safepoint    ] Entering safepoint region: CollectForMetadataAllocation
[3.702s][info ][safepoint    ] Leaving safepoint region
[3.702s][info ][safepoint    ] Total time for which application threads were stopped: 0.0001094 seconds, Stopping threads took: 0.0000492 seconds
[3.703s][info ][safepoint    ] Application time: 0.0009037 seconds
[3.703s][info ][safepoint    ] Entering safepoint region: RevokeBias
[3.703s][info ][safepoint    ] Leaving safepoint region
[3.703s][info ][safepoint    ] Total time for which application threads were stopped: 0.0001130 seconds, Stopping threads took: 0.0000488 seconds
[3.704s][info ][safepoint    ] Application time: 0.0006777 seconds
[3.704s][info ][safepoint    ] Entering safepoint region: Deoptimize
[3.704s][info ][safepoint    ] Leaving safepoint region
[3.704s][info ][safepoint    ] Total time for which application threads were stopped: 0.0004456 seconds, Stopping threads took: 0.0000616 seconds
[3.735s][info ][safepoint    ] Application time: 0.0307191 seconds
[3.735s][info ][safepoint    ] Entering safepoint region: RevokeBias
[3.735s][info ][safepoint    ] Leaving safepoint region
[3.735s][info ][safepoint    ] Total time for which application threads were stopped: 0.0002372 seconds, Stopping threads took: 0.0000907 seconds
[3.735s][info ][safepoint    ] Application time: 0.0002371 seconds
[3.735s][info ][safepoint    ] Entering safepoint region: RevokeBias
[3.735s][info ][safepoint    ] Leaving safepoint region
[3.735s][info ][safepoint    ] Total time for which application threads were stopped: 0.0001608 seconds, Stopping threads took: 0.0000834 seconds
[3.736s][info ][safepoint    ] Application time: 0.0004071 seconds
[3.736s][info ][safepoint    ] Entering safepoint region: RevokeBias
[3.736s][info ][safepoint    ] Leaving safepoint region
[3.736s][info ][safepoint    ] Total time for which application threads were stopped: 0.0001624 seconds, Stopping threads took: 0.0000997 seconds
[3.736s][info ][safepoint    ] Application time: 0.0003325 seconds
[3.736s][info ][safepoint    ] Entering safepoint region: RevokeBias
[3.737s][info ][safepoint    ] Leaving safepoint region
[3.737s][info ][safepoint    ] Total time for which application threads were stopped: 0.0001414 seconds, Stopping threads took: 0.0000737 seconds
[3.737s][info ][safepoint    ] Application time: 0.0006407 seconds
[3.737s][info ][safepoint    ] Entering safepoint region: RevokeBias
[3.737s][info ][safepoint    ] Leaving safepoint region
[3.737s][info ][safepoint    ] Total time for which application threads were stopped: 0.0001157 seconds, Stopping threads took: 0.0000704 seconds
[3.738s][info ][safepoint    ] Application time: 0.0003463 seconds
[3.738s][info ][safepoint    ] Entering safepoint region: RevokeBias
[3.738s][info ][safepoint    ] Leaving safepoint region
[3.738s][info ][safepoint    ] Total time for which application threads were stopped: 0.0002333 seconds, Stopping threads took: 0.0000811 seconds
[3.738s][info ][safepoint    ] Application time: 0.0001976 seconds
[3.738s][info ][safepoint    ] Entering safepoint region: RevokeBias
[3.738s][info ][safepoint    ] Leaving safepoint region
[3.738s][info ][safepoint    ] Total time for which application threads were stopped: 0.0003231 seconds, Stopping threads took: 0.0000685 seconds
[3.739s][info ][safepoint    ] Application time: 0.0000622 seconds
[3.739s][info ][safepoint    ] Entering safepoint region: RevokeBias
[3.739s][info ][safepoint    ] Leaving safepoint region
[3.739s][info ][safepoint    ] Total time for which application threads were stopped: 0.0002196 seconds, Stopping threads took: 0.0000690 seconds
[3.739s][info ][safepoint    ] Application time: 0.0000771 seconds
[3.739s][info ][safepoint    ] Entering safepoint region: RevokeBias
[3.739s][info ][safepoint    ] Leaving safepoint region
[3.739s][info ][safepoint    ] Total time for which application threads were stopped: 0.0001410 seconds, Stopping threads took: 0.0000306 seconds
[3.739s][info ][safepoint    ] Application time: 0.0001510 seconds
[3.739s][info ][safepoint    ] Entering safepoint region: RevokeBias
[3.739s][info ][safepoint    ] Leaving safepoint region
[3.739s][info ][safepoint    ] Total time for which application threads were stopped: 0.0002037 seconds, Stopping threads took: 0.0001128 seconds
[3.740s][info ][safepoint    ] Application time: 0.0008228 seconds
[3.740s][info ][safepoint    ] Entering safepoint region: BulkRevokeBias
[3.741s][info ][safepoint    ] Leaving safepoint region
[3.741s][info ][safepoint    ] Total time for which application threads were stopped: 0.0005374 seconds, Stopping threads took: 0.0000500 seconds
[3.746s][info ][safepoint    ] Application time: 0.0053134 seconds
[3.746s][info ][safepoint    ] Entering safepoint region: RevokeBias
[3.746s][info ][safepoint    ] Leaving safepoint region
[3.746s][info ][safepoint    ] Total time for which application threads were stopped: 0.0001505 seconds, Stopping threads took: 0.0000399 seconds
[3.747s][info ][safepoint    ] Application time: 0.0003687 seconds
[3.747s][info ][safepoint    ] Entering safepoint region: RevokeBias
[3.747s][info ][safepoint    ] Leaving safepoint region
[3.747s][info ][safepoint    ] Total time for which application threads were stopped: 0.0001536 seconds, Stopping threads took: 0.0000723 seconds
[3.747s][info ][safepoint    ] Application time: 0.0002471 seconds
[3.747s][info ][safepoint    ] Entering safepoint region: BulkRevokeBias
[3.748s][info ][safepoint    ] Leaving safepoint region
[3.748s][info ][safepoint    ] Total time for which application threads were stopped: 0.0004867 seconds, Stopping threads took: 0.0000419 seconds
[3.749s][info ][safepoint    ] Application time: 0.0015469 seconds
[3.749s][info ][safepoint    ] Entering safepoint region: CollectForMetadataAllocation
[3.749s][info ][safepoint    ] Leaving safepoint region
[3.749s][info ][safepoint    ] Total time for which application threads were stopped: 0.0002594 seconds, Stopping threads took: 0.0000933 seconds
[3.752s][info ][safepoint    ] Application time: 0.0022548 seconds
[3.752s][info ][safepoint    ] Entering safepoint region: Deoptimize
[3.752s][info ][safepoint    ] Leaving safepoint region
[3.752s][info ][safepoint    ] Total time for which application threads were stopped: 0.0005461 seconds, Stopping threads took: 0.0001036 seconds
[3.753s][info ][safepoint    ] Application time: 0.0003388 seconds
[3.753s][info ][safepoint    ] Entering safepoint region: RevokeBias
[3.753s][info ][safepoint    ] Leaving safepoint region
[3.753s][info ][safepoint    ] Total time for which application threads were stopped: 0.0002044 seconds, Stopping threads took: 0.0001139 seconds
[3.757s][info ][safepoint    ] Application time: 0.0045736 seconds
[3.757s][info ][safepoint    ] Entering safepoint region: RevokeBias
[3.758s][info ][safepoint    ] Leaving safepoint region
[3.758s][info ][safepoint    ] Total time for which application threads were stopped: 0.0002138 seconds, Stopping threads took: 0.0001327 seconds
[3.759s][info ][safepoint    ] Application time: 0.0011346 seconds
[3.759s][info ][safepoint    ] Entering safepoint region: RevokeBias
[3.759s][info ][safepoint    ] Leaving safepoint region
[3.759s][info ][safepoint    ] Total time for which application threads were stopped: 0.0001723 seconds, Stopping threads took: 0.0001035 seconds
[3.761s][info ][safepoint    ] Application time: 0.0022042 seconds
[3.762s][info ][safepoint    ] Entering safepoint region: RevokeBias
[3.762s][info ][safepoint    ] Leaving safepoint region
[3.762s][info ][safepoint    ] Total time for which application threads were stopped: 0.0009161 seconds, Stopping threads took: 0.0007330 seconds
[3.764s][info ][safepoint    ] Application time: 0.0015287 seconds
[3.764s][info ][safepoint    ] Entering safepoint region: RevokeBias
[3.764s][info ][safepoint    ] Leaving safepoint region
[3.764s][info ][safepoint    ] Total time for which application threads were stopped: 0.0001740 seconds, Stopping threads took: 0.0000999 seconds
[3.764s][info ][safepoint    ] Application time: 0.0007316 seconds
[3.765s][info ][safepoint    ] Entering safepoint region: RevokeBias
[3.765s][info ][safepoint    ] Leaving safepoint region
[3.765s][info ][safepoint    ] Total time for which application threads were stopped: 0.0002606 seconds, Stopping threads took: 0.0001783 seconds
[3.765s][info ][safepoint    ] Application time: 0.0001445 seconds
[3.765s][info ][safepoint    ] Entering safepoint region: RevokeBias
[3.766s][info ][safepoint    ] Leaving safepoint region
[3.766s][info ][safepoint    ] Total time for which application threads were stopped: 0.0005874 seconds, Stopping threads took: 0.0004748 seconds
[3.766s][info ][safepoint    ] Application time: 0.0002890 seconds
[3.766s][info ][safepoint    ] Entering safepoint region: RevokeBias
[3.766s][info ][safepoint    ] Leaving safepoint region
[3.766s][info ][safepoint    ] Total time for which application threads were stopped: 0.0002741 seconds, Stopping threads took: 0.0001708 seconds
[3.767s][info ][safepoint    ] Application time: 0.0012138 seconds
[3.767s][info ][safepoint    ] Entering safepoint region: RevokeBias
[3.768s][info ][safepoint    ] Leaving safepoint region
[3.768s][info ][safepoint    ] Total time for which application threads were stopped: 0.0002683 seconds, Stopping threads took: 0.0001764 seconds
[3.768s][info ][safepoint    ] Application time: 0.0002761 seconds
[3.768s][info ][safepoint    ] Entering safepoint region: RevokeBias
[3.768s][info ][safepoint    ] Leaving safepoint region
[3.768s][info ][safepoint    ] Total time for which application threads were stopped: 0.0002467 seconds, Stopping threads took: 0.0001014 seconds
[3.768s][info ][safepoint    ] Application time: 0.0003077 seconds
[3.769s][info ][safepoint    ] Entering safepoint region: RevokeBias
[3.769s][info ][safepoint    ] Leaving safepoint region
[3.769s][info ][safepoint    ] Total time for which application threads were stopped: 0.0002352 seconds, Stopping threads took: 0.0001153 seconds
[3.769s][info ][safepoint    ] Application time: 0.0003840 seconds
[3.769s][info ][safepoint    ] Entering safepoint region: RevokeBias
[3.769s][info ][safepoint    ] Leaving safepoint region
[3.769s][info ][safepoint    ] Total time for which application threads were stopped: 0.0002128 seconds, Stopping threads took: 0.0000933 seconds
[3.771s][info ][safepoint    ] Application time: 0.0015697 seconds
[3.771s][info ][safepoint    ] Entering safepoint region: RevokeBias
[3.771s][info ][safepoint    ] Leaving safepoint region
[3.771s][info ][safepoint    ] Total time for which application threads were stopped: 0.0002107 seconds, Stopping threads took: 0.0001201 seconds
[3.771s][info ][safepoint    ] Application time: 0.0001095 seconds
[3.771s][info ][safepoint    ] Entering safepoint region: CollectForMetadataAllocation
[3.771s][info ][safepoint    ] Leaving safepoint region
[3.771s][info ][safepoint    ] Total time for which application threads were stopped: 0.0001260 seconds, Stopping threads took: 0.0000907 seconds
[3.775s][info ][safepoint    ] Application time: 0.0038625 seconds
[3.775s][info ][safepoint    ] Entering safepoint region: RevokeBias
[3.775s][info ][safepoint    ] Leaving safepoint region
[3.775s][info ][safepoint    ] Total time for which application threads were stopped: 0.0002404 seconds, Stopping threads took: 0.0001315 seconds
[3.776s][info ][safepoint    ] Application time: 0.0001517 seconds
[3.776s][info ][safepoint    ] Entering safepoint region: RevokeBias
[3.776s][info ][safepoint    ] Leaving safepoint region
[3.776s][info ][safepoint    ] Total time for which application threads were stopped: 0.0001702 seconds, Stopping threads took: 0.0000732 seconds
[3.780s][info ][safepoint    ] Application time: 0.0044406 seconds
[3.780s][info ][safepoint    ] Entering safepoint region: RevokeBias
[3.781s][info ][safepoint    ] Leaving safepoint region
[3.781s][info ][safepoint    ] Total time for which application threads were stopped: 0.0003244 seconds, Stopping threads took: 0.0001790 seconds
[3.786s][info ][safepoint    ] Application time: 0.0050288 seconds
[3.786s][info ][safepoint    ] Entering safepoint region: RevokeBias
[3.787s][info ][safepoint    ] Leaving safepoint region
[3.787s][info ][safepoint    ] Total time for which application threads were stopped: 0.0009262 seconds, Stopping threads took: 0.0007671 seconds
[3.787s][info ][safepoint    ] Application time: 0.0001650 seconds
[3.787s][info ][safepoint    ] Entering safepoint region: RevokeBias
[3.787s][info ][safepoint    ] Leaving safepoint region
[3.787s][info ][safepoint    ] Total time for which application threads were stopped: 0.0006754 seconds, Stopping threads took: 0.0005247 seconds
[3.789s][info ][safepoint    ] Application time: 0.0018951 seconds
[3.790s][info ][safepoint    ] Entering safepoint region: RevokeBias
[3.790s][info ][safepoint    ] Leaving safepoint region
[3.790s][info ][safepoint    ] Total time for which application threads were stopped: 0.0008063 seconds, Stopping threads took: 0.0001612 seconds
[3.804s][info ][safepoint    ] Application time: 0.0138086 seconds
[3.804s][info ][safepoint    ] Entering safepoint region: RevokeBias
[3.804s][info ][safepoint    ] Leaving safepoint region
[3.804s][info ][safepoint    ] Total time for which application threads were stopped: 0.0004465 seconds, Stopping threads took: 0.0001337 seconds
[3.819s][info ][safepoint    ] Application time: 0.0147765 seconds
[3.819s][info ][safepoint    ] Entering safepoint region: RevokeBias
[3.820s][info ][safepoint    ] Leaving safepoint region
[3.820s][info ][safepoint    ] Total time for which application threads were stopped: 0.0004053 seconds, Stopping threads took: 0.0001760 seconds
[3.824s][info ][safepoint    ] Application time: 0.0042139 seconds
[3.824s][info ][safepoint    ] Entering safepoint region: RevokeBias
[3.824s][info ][safepoint    ] Leaving safepoint region
[3.824s][info ][safepoint    ] Total time for which application threads were stopped: 0.0003273 seconds, Stopping threads took: 0.0000890 seconds
[3.824s][info ][safepoint    ] Application time: 0.0002008 seconds
[3.825s][info ][safepoint    ] Entering safepoint region: RevokeBias
[3.825s][info ][safepoint    ] Leaving safepoint region
[3.825s][info ][safepoint    ] Total time for which application threads were stopped: 0.0003545 seconds, Stopping threads took: 0.0001519 seconds
[3.827s][info ][safepoint    ] Application time: 0.0024199 seconds
[3.827s][info ][safepoint    ] Entering safepoint region: RevokeBias
[3.828s][info ][safepoint    ] Leaving safepoint region
[3.828s][info ][safepoint    ] Total time for which application threads were stopped: 0.0003643 seconds, Stopping threads took: 0.0001344 seconds
[3.831s][info ][safepoint    ] Application time: 0.0028502 seconds
[3.831s][info ][safepoint    ] Entering safepoint region: RevokeBias
[3.831s][info ][safepoint    ] Leaving safepoint region
[3.831s][info ][safepoint    ] Total time for which application threads were stopped: 0.0003773 seconds, Stopping threads took: 0.0001719 seconds
[3.846s][info ][safepoint    ] Application time: 0.0148487 seconds
[3.847s][info ][safepoint    ] Entering safepoint region: RevokeBias
[3.847s][info ][safepoint    ] Leaving safepoint region
[3.847s][info ][safepoint    ] Total time for which application threads were stopped: 0.0014698 seconds, Stopping threads took: 0.0012488 seconds
[3.849s][info ][safepoint    ] Application time: 0.0016760 seconds
[3.849s][info ][safepoint    ] Entering safepoint region: RevokeBias
[3.849s][info ][safepoint    ] Leaving safepoint region
[3.849s][info ][safepoint    ] Total time for which application threads were stopped: 0.0004980 seconds, Stopping threads took: 0.0001223 seconds
[3.850s][info ][safepoint    ] Application time: 0.0004871 seconds
[3.850s][info ][safepoint    ] Entering safepoint region: RevokeBias
[3.850s][info ][safepoint    ] Leaving safepoint region
[3.850s][info ][safepoint    ] Total time for which application threads were stopped: 0.0003621 seconds, Stopping threads took: 0.0001553 seconds
[3.852s][info ][safepoint    ] Application time: 0.0011935 seconds
[3.852s][info ][safepoint    ] Entering safepoint region: BulkRevokeBias
[3.852s][info ][safepoint    ] Leaving safepoint region
[3.852s][info ][safepoint    ] Total time for which application threads were stopped: 0.0008860 seconds, Stopping threads took: 0.0001471 seconds
[3.876s][info ][safepoint    ] Application time: 0.0235734 seconds
[3.876s][info ][safepoint    ] Entering safepoint region: CollectForMetadataAllocation
[3.876s][info ][safepoint    ] Leaving safepoint region
[3.876s][info ][safepoint    ] Total time for which application threads were stopped: 0.0003000 seconds, Stopping threads took: 0.0001276 seconds
[3.885s][info ][safepoint    ] Application time: 0.0089646 seconds
[3.886s][info ][safepoint    ] Entering safepoint region: RevokeBias
[3.886s][info ][safepoint    ] Leaving safepoint region
[3.886s][info ][safepoint    ] Total time for which application threads were stopped: 0.0004584 seconds, Stopping threads took: 0.0001974 seconds
[3.888s][info ][safepoint    ] Application time: 0.0020222 seconds
[3.888s][info ][safepoint    ] Entering safepoint region: RevokeBias
[3.888s][info ][safepoint    ] Leaving safepoint region
[3.888s][info ][safepoint    ] Total time for which application threads were stopped: 0.0003739 seconds, Stopping threads took: 0.0001566 seconds
[3.893s][info ][safepoint    ] Application time: 0.0047953 seconds
[3.893s][info ][safepoint    ] Entering safepoint region: RevokeBias
[3.893s][info ][safepoint    ] Leaving safepoint region
[3.893s][info ][safepoint    ] Total time for which application threads were stopped: 0.0003685 seconds, Stopping threads took: 0.0001514 seconds
[3.895s][info ][safepoint    ] Application time: 0.0018862 seconds
[3.896s][info ][safepoint    ] Entering safepoint region: RevokeBias
[3.896s][info ][safepoint    ] Leaving safepoint region
[3.896s][info ][safepoint    ] Total time for which application threads were stopped: 0.0004144 seconds, Stopping threads took: 0.0001893 seconds
[3.907s][info ][safepoint    ] Application time: 0.0110163 seconds
[3.907s][info ][safepoint    ] Entering safepoint region: RevokeBias
[3.907s][info ][safepoint    ] Leaving safepoint region
[3.907s][info ][safepoint    ] Total time for which application threads were stopped: 0.0004750 seconds, Stopping threads took: 0.0002235 seconds
[3.912s][info ][safepoint    ] Application time: 0.0046949 seconds
[3.912s][info ][safepoint    ] Entering safepoint region: RevokeBias
[3.913s][info ][safepoint    ] Leaving safepoint region
[3.913s][info ][safepoint    ] Total time for which application threads were stopped: 0.0005331 seconds, Stopping threads took: 0.0003033 seconds
[3.917s][info ][safepoint    ] Application time: 0.0046876 seconds
[3.917s][info ][safepoint    ] Entering safepoint region: RevokeBias
[3.918s][info ][safepoint    ] Leaving safepoint region
[3.918s][info ][safepoint    ] Total time for which application threads were stopped: 0.0003617 seconds, Stopping threads took: 0.0001602 seconds
[3.934s][info ][safepoint    ] Application time: 0.0159459 seconds
[3.934s][info ][safepoint    ] Entering safepoint region: RevokeBias
[3.934s][info ][safepoint    ] Leaving safepoint region
[3.934s][info ][safepoint    ] Total time for which application threads were stopped: 0.0006304 seconds, Stopping threads took: 0.0000776 seconds
[3.935s][info ][safepoint    ] Application time: 0.0012032 seconds
[3.936s][info ][safepoint    ] Entering safepoint region: RevokeBias
[3.936s][info ][safepoint    ] Leaving safepoint region
[3.936s][info ][safepoint    ] Total time for which application threads were stopped: 0.0003387 seconds, Stopping threads took: 0.0001495 seconds
[3.936s][info ][safepoint    ] Application time: 0.0003857 seconds
[3.936s][info ][safepoint    ] Entering safepoint region: RevokeBias
[3.936s][info ][safepoint    ] Leaving safepoint region
[3.936s][info ][safepoint    ] Total time for which application threads were stopped: 0.0002958 seconds, Stopping threads took: 0.0001216 seconds
[3.940s][info ][safepoint    ] Application time: 0.0037686 seconds
[3.940s][info ][safepoint    ] Entering safepoint region: RevokeBias
[3.941s][info ][safepoint    ] Leaving safepoint region
[3.941s][info ][safepoint    ] Total time for which application threads were stopped: 0.0002447 seconds, Stopping threads took: 0.0000794 seconds
[3.943s][info ][safepoint    ] Application time: 0.0028742 seconds
[3.944s][info ][safepoint    ] Entering safepoint region: RevokeBias
[3.944s][info ][safepoint    ] Leaving safepoint region
[3.944s][info ][safepoint    ] Total time for which application threads were stopped: 0.0007279 seconds, Stopping threads took: 0.0002975 seconds
[3.944s][info ][safepoint    ] Application time: 0.0002096 seconds
[3.945s][info ][safepoint    ] Entering safepoint region: RevokeBias
[3.945s][info ][safepoint    ] Leaving safepoint region
[3.945s][info ][safepoint    ] Total time for which application threads were stopped: 0.0002240 seconds, Stopping threads took: 0.0000666 seconds
[3.945s][info ][safepoint    ] Application time: 0.0002293 seconds
[3.945s][info ][safepoint    ] Entering safepoint region: RevokeBias
[3.945s][info ][safepoint    ] Leaving safepoint region
[3.945s][info ][safepoint    ] Total time for which application threads were stopped: 0.0001799 seconds, Stopping threads took: 0.0000643 seconds
[3.946s][info ][safepoint    ] Application time: 0.0006773 seconds
[3.946s][info ][safepoint    ] Entering safepoint region: RevokeBias
[3.947s][info ][safepoint    ] Leaving safepoint region
[3.947s][info ][safepoint    ] Total time for which application threads were stopped: 0.0008270 seconds, Stopping threads took: 0.0001396 seconds
[3.999s][info ][safepoint    ] Application time: 0.0524321 seconds
[4.007s][info ][safepoint    ] Entering safepoint region: RevokeBias
[4.007s][info ][safepoint    ] Leaving safepoint region
[4.007s][info ][safepoint    ] Total time for which application threads were stopped: 0.0078577 seconds, Stopping threads took: 0.0075918 seconds
[4.008s][info ][gc           ] GC(1) Concurrent Abortable Preclean 545.563ms
[4.009s][info ][gc,cpu       ] GC(1) User=2.92s Sys=0.11s Real=0.55s
[4.009s][info ][safepoint    ] Application time: 0.0015803 seconds
[4.009s][info ][safepoint    ] Entering safepoint region: CMS_Final_Remark
[4.009s][info ][gc,start     ] GC(1) Pause Remark
[4.040s][debug][gc,phases    ] GC(1) Rescan (parallel) 31.502ms
[4.040s][debug][gc,ref       ] GC(1) Skipped phase1 of Reference Processing due to unavailable references
[4.040s][debug][gc,ref       ] GC(1) Skipped phase2 of Reference Processing due to unavailable references
[4.040s][debug][gc,ref       ] GC(1) Skipped phase3 of Reference Processing due to unavailable references
[4.040s][debug][gc,ref       ] GC(1) Skipped phase4 of Reference Processing due to unavailable references
[4.040s][debug][gc,phases    ] GC(1) Reference Processing 0.029ms
[4.040s][debug][gc,phases    ] GC(1) Weak Processing 0.028ms
[4.041s][debug][gc,phases    ] GC(1) ClassLoaderData 0.370ms
[4.041s][debug][gc,phases    ] GC(1) ProtectionDomainCacheTable 0.004ms
[4.041s][debug][gc,phases    ] GC(1) ResolvedMethodTable 0.049ms
[4.042s][debug][gc,phases    ] GC(1) Class Unloading 1.954ms
[4.044s][debug][gc,phases    ] GC(1) Scrub Symbol Table 1.896ms
[4.044s][debug][gc,phases    ] GC(1) Scrub String Table 0.207ms
[4.045s][info ][gc           ] GC(1) Pause Remark 158M->158M(850M) 36.739ms
[4.046s][info ][gc,cpu       ] GC(1) User=0.13s Sys=0.00s Real=0.03s
[4.046s][info ][safepoint    ] Leaving safepoint region
[4.046s][info ][safepoint    ] Total time for which application threads were stopped: 0.0369480 seconds, Stopping threads took: 0.0000623 seconds
[4.046s][info ][gc           ] GC(1) Concurrent Sweep
[4.047s][info ][gc           ] GC(1) Concurrent Sweep 1.234ms
[4.047s][info ][gc,cpu       ] GC(1) User=0.00s Sys=0.00s Real=0.01s
[4.047s][info ][gc           ] GC(1) Concurrent Reset
[4.048s][info ][safepoint    ] Application time: 0.0026932 seconds
[4.049s][info ][safepoint    ] Entering safepoint region: RevokeBias
[4.050s][info ][safepoint    ] Leaving safepoint region
[4.050s][info ][safepoint    ] Total time for which application threads were stopped: 0.0015074 seconds, Stopping threads took: 0.0012686 seconds
[4.070s][info ][gc           ] GC(1) Concurrent Reset 23.209ms
[4.070s][info ][gc,cpu       ] GC(1) User=0.16s Sys=0.02s Real=0.02s
[4.070s][info ][gc,heap      ] GC(1) Old: 2499K->2499K(600768K)
[4.078s][info ][safepoint    ] Application time: 0.0279560 seconds
[4.078s][info ][safepoint    ] Entering safepoint region: RevokeBias
[4.078s][info ][safepoint    ] Leaving safepoint region
[4.078s][info ][safepoint    ] Total time for which application threads were stopped: 0.0004229 seconds, Stopping threads took: 0.0001952 seconds
[4.147s][info ][safepoint    ] Application time: 0.0688275 seconds
[4.147s][info ][safepoint    ] Entering safepoint region: RevokeBias
[4.147s][info ][safepoint    ] Leaving safepoint region
[4.147s][info ][safepoint    ] Total time for which application threads were stopped: 0.0004301 seconds, Stopping threads took: 0.0002337 seconds
[4.185s][info ][safepoint    ] Application time: 0.0372414 seconds
[4.185s][info ][safepoint    ] Entering safepoint region: RevokeBias
[4.185s][info ][safepoint    ] Leaving safepoint region
[4.185s][info ][safepoint    ] Total time for which application threads were stopped: 0.0004630 seconds, Stopping threads took: 0.0002702 seconds
[4.237s][info ][safepoint    ] Application time: 0.0517445 seconds
[4.237s][info ][safepoint    ] Entering safepoint region: RevokeBias
[4.237s][info ][safepoint    ] Leaving safepoint region
[4.237s][info ][safepoint    ] Total time for which application threads were stopped: 0.0003692 seconds, Stopping threads took: 0.0001468 seconds
[4.238s][info ][safepoint    ] Application time: 0.0009958 seconds
[4.239s][info ][safepoint    ] Entering safepoint region: RevokeBias
[4.239s][info ][safepoint    ] Leaving safepoint region
[4.239s][info ][safepoint    ] Total time for which application threads were stopped: 0.0003076 seconds, Stopping threads took: 0.0001695 seconds
[4.242s][info ][safepoint    ] Application time: 0.0034932 seconds
[4.242s][info ][safepoint    ] Entering safepoint region: RevokeBias
[4.243s][info ][safepoint    ] Leaving safepoint region
[4.243s][info ][safepoint    ] Total time for which application threads were stopped: 0.0003140 seconds, Stopping threads took: 0.0001854 seconds
[4.263s][info ][safepoint    ] Application time: 0.0206532 seconds
[4.263s][info ][safepoint    ] Entering safepoint region: RevokeBias
[4.264s][info ][safepoint    ] Leaving safepoint region
[4.264s][info ][safepoint    ] Total time for which application threads were stopped: 0.0003668 seconds, Stopping threads took: 0.0001514 seconds
[4.267s][info ][safepoint    ] Application time: 0.0035808 seconds
[4.267s][info ][safepoint    ] Entering safepoint region: RevokeBias
[4.268s][info ][safepoint    ] Leaving safepoint region
[4.268s][info ][safepoint    ] Total time for which application threads were stopped: 0.0004231 seconds, Stopping threads took: 0.0001817 seconds
[4.268s][info ][safepoint    ] Application time: 0.0004947 seconds
[4.268s][info ][safepoint    ] Entering safepoint region: RevokeBias
[4.268s][info ][safepoint    ] Leaving safepoint region
[4.268s][info ][safepoint    ] Total time for which application threads were stopped: 0.0002352 seconds, Stopping threads took: 0.0000677 seconds
[4.271s][info ][safepoint    ] Application time: 0.0029455 seconds
[4.272s][info ][safepoint    ] Entering safepoint region: RevokeBias
[4.272s][info ][safepoint    ] Leaving safepoint region
[4.272s][info ][safepoint    ] Total time for which application threads were stopped: 0.0004476 seconds, Stopping threads took: 0.0003198 seconds
[4.275s][info ][safepoint    ] Application time: 0.0027726 seconds
[4.275s][info ][safepoint    ] Entering safepoint region: RevokeBias
[4.275s][info ][safepoint    ] Leaving safepoint region
[4.275s][info ][safepoint    ] Total time for which application threads were stopped: 0.0002017 seconds, Stopping threads took: 0.0000642 seconds
[4.283s][info ][safepoint    ] Application time: 0.0080575 seconds
[4.283s][info ][safepoint    ] Entering safepoint region: RevokeBias
[4.283s][info ][safepoint    ] Leaving safepoint region
[4.283s][info ][safepoint    ] Total time for which application threads were stopped: 0.0003403 seconds, Stopping threads took: 0.0002080 seconds
[4.286s][info ][safepoint    ] Application time: 0.0030962 seconds
[4.287s][info ][safepoint    ] Entering safepoint region: RevokeBias
[4.287s][info ][safepoint    ] Leaving safepoint region
[4.287s][info ][safepoint    ] Total time for which application threads were stopped: 0.0003547 seconds, Stopping threads took: 0.0001624 seconds
[4.288s][info ][safepoint    ] Application time: 0.0007848 seconds
[4.288s][info ][safepoint    ] Entering safepoint region: RevokeBias
[4.288s][info ][safepoint    ] Leaving safepoint region
[4.288s][info ][safepoint    ] Total time for which application threads were stopped: 0.0003161 seconds, Stopping threads took: 0.0001690 seconds
[4.296s][info ][safepoint    ] Application time: 0.0077574 seconds
[4.296s][info ][safepoint    ] Entering safepoint region: RevokeBias
[4.296s][info ][safepoint    ] Leaving safepoint region
[4.296s][info ][safepoint    ] Total time for which application threads were stopped: 0.0003363 seconds, Stopping threads took: 0.0001070 seconds
[4.299s][info ][safepoint    ] Application time: 0.0030117 seconds
[4.299s][info ][safepoint    ] Entering safepoint region: RevokeBias
[4.299s][info ][safepoint    ] Leaving safepoint region
[4.299s][info ][safepoint    ] Total time for which application threads were stopped: 0.0003070 seconds, Stopping threads took: 0.0001712 seconds
[4.307s][info ][safepoint    ] Application time: 0.0081818 seconds
[4.308s][info ][safepoint    ] Entering safepoint region: Deoptimize
[4.308s][info ][safepoint    ] Leaving safepoint region
[4.308s][info ][safepoint    ] Total time for which application threads were stopped: 0.0006978 seconds, Stopping threads took: 0.0000701 seconds
[4.309s][info ][safepoint    ] Application time: 0.0011942 seconds
[4.310s][info ][safepoint    ] Entering safepoint region: BulkRevokeBias
[4.310s][info ][safepoint    ] Leaving safepoint region
[4.310s][info ][safepoint    ] Total time for which application threads were stopped: 0.0009106 seconds, Stopping threads took: 0.0001157 seconds
[4.318s][info ][safepoint    ] Application time: 0.0079830 seconds
[4.318s][info ][safepoint    ] Entering safepoint region: Deoptimize
[4.319s][info ][safepoint    ] Leaving safepoint region
[4.319s][info ][safepoint    ] Total time for which application threads were stopped: 0.0006759 seconds, Stopping threads took: 0.0000732 seconds
[4.370s][info ][safepoint    ] Application time: 0.0507024 seconds
[4.370s][info ][safepoint    ] Entering safepoint region: GenCollectForAllocation
[4.370s][info ][gc,start     ] GC(2) Pause Young (Allocation Failure)
[4.370s][info ][gc,task      ] GC(2) Using 4 workers of 4 for evacuation
[4.447s][debug][gc,ref       ] GC(2) Skipped phase1 of Reference Processing due to unavailable references
[4.447s][debug][gc,ref       ] GC(2) Skipped phase3 of Reference Processing due to unavailable references
[4.447s][debug][gc,age       ] GC(2) Desired survivor size 15368192 bytes, new threshold 1 (max threshold 6)
[4.448s][info ][gc,heap      ] GC(2) ParNew: 270334K->30016K(270336K)
[4.448s][info ][gc,heap      ] GC(2) CMS: 2499K->39263K(600768K)
[4.448s][info ][gc,metaspace ] GC(2) Metaspace: 31638K->31638K(1077248K)
[4.448s][info ][gc           ] GC(2) Pause Young (Allocation Failure) 266M->67M(850M) 77.468ms
[4.448s][info ][gc,cpu       ] GC(2) User=0.29s Sys=0.01s Real=0.08s
[4.448s][info ][safepoint    ] Leaving safepoint region
[4.448s][info ][safepoint    ] Total time for which application threads were stopped: 0.0778558 seconds, Stopping threads took: 0.0000790 seconds
[4.449s][info ][safepoint    ] Application time: 0.0010097 seconds
[4.449s][info ][safepoint    ] Entering safepoint region: RevokeBias
[4.449s][info ][safepoint    ] Leaving safepoint region
[4.449s][info ][safepoint    ] Total time for which application threads were stopped: 0.0002951 seconds, Stopping threads took: 0.0001051 seconds
[4.449s][info ][safepoint    ] Application time: 0.0000593 seconds
[4.449s][info ][safepoint    ] Entering safepoint region: RevokeBias
[4.449s][info ][safepoint    ] Leaving safepoint region
[4.449s][info ][safepoint    ] Total time for which application threads were stopped: 0.0001125 seconds, Stopping threads took: 0.0000437 seconds
[4.569s][info ][safepoint    ] Application time: 0.1201509 seconds
[4.569s][info ][safepoint    ] Entering safepoint region: Deoptimize
[4.570s][info ][safepoint    ] Leaving safepoint region
[4.570s][info ][safepoint    ] Total time for which application threads were stopped: 0.0007939 seconds, Stopping threads took: 0.0000978 seconds
[4.605s][info ][safepoint    ] Application time: 0.0353062 seconds
[4.606s][info ][safepoint    ] Entering safepoint region: RevokeBias
[4.606s][info ][safepoint    ] Leaving safepoint region
[4.606s][info ][safepoint    ] Total time for which application threads were stopped: 0.0002123 seconds, Stopping threads took: 0.0000816 seconds
[4.606s][info ][safepoint    ] Application time: 0.0003703 seconds
[4.606s][info ][safepoint    ] Entering safepoint region: RevokeBias
[4.606s][info ][safepoint    ] Leaving safepoint region
[4.606s][info ][safepoint    ] Total time for which application threads were stopped: 0.0001863 seconds, Stopping threads took: 0.0000894 seconds
[4.609s][info ][safepoint    ] Application time: 0.0023661 seconds
[4.611s][info ][safepoint    ] Entering safepoint region: RevokeBias
[4.611s][info ][safepoint    ] Leaving safepoint region
[4.611s][info ][safepoint    ] Total time for which application threads were stopped: 0.0027403 seconds, Stopping threads took: 0.0026314 seconds
[4.611s][info ][safepoint    ] Application time: 0.0000550 seconds
[4.611s][info ][safepoint    ] Entering safepoint region: RevokeBias
[4.612s][info ][safepoint    ] Leaving safepoint region
[4.612s][info ][safepoint    ] Total time for which application threads were stopped: 0.0001421 seconds, Stopping threads took: 0.0000863 seconds
[4.612s][info ][safepoint    ] Application time: 0.0000973 seconds
[4.612s][info ][safepoint    ] Entering safepoint region: RevokeBias
[4.612s][info ][safepoint    ] Leaving safepoint region
[4.612s][info ][safepoint    ] Total time for which application threads were stopped: 0.0001280 seconds, Stopping threads took: 0.0000727 seconds
[4.612s][info ][safepoint    ] Application time: 0.0000502 seconds
[4.612s][info ][safepoint    ] Entering safepoint region: RevokeBias
[4.612s][info ][safepoint    ] Leaving safepoint region
[4.612s][info ][safepoint    ] Total time for which application threads were stopped: 0.0001029 seconds, Stopping threads took: 0.0000513 seconds
[4.613s][info ][safepoint    ] Application time: 0.0009929 seconds
[4.613s][info ][safepoint    ] Entering safepoint region: RevokeBias
[4.613s][info ][safepoint    ] Leaving safepoint region
[4.613s][info ][safepoint    ] Total time for which application threads were stopped: 0.0002200 seconds, Stopping threads took: 0.0001355 seconds
[4.613s][info ][safepoint    ] Application time: 0.0003181 seconds
[4.614s][info ][safepoint    ] Entering safepoint region: RevokeBias
[4.614s][info ][safepoint    ] Leaving safepoint region
[4.614s][info ][safepoint    ] Total time for which application threads were stopped: 0.0001674 seconds, Stopping threads took: 0.0000966 seconds
[4.834s][info ][safepoint    ] Application time: 0.2202643 seconds
[4.834s][info ][safepoint    ] Entering safepoint region: GenCollectForAllocation
[4.834s][info ][gc,start     ] GC(3) Pause Young (Allocation Failure)
[4.834s][info ][gc,task      ] GC(3) Using 4 workers of 4 for evacuation
[4.911s][debug][gc,ref       ] GC(3) Skipped phase1 of Reference Processing due to unavailable references
[4.911s][debug][gc,ref       ] GC(3) Skipped phase3 of Reference Processing due to unavailable references
[4.912s][debug][gc,age       ] GC(3) Desired survivor size 15368192 bytes, new threshold 1 (max threshold 6)
[4.912s][info ][gc,heap      ] GC(3) ParNew: 270336K->30016K(270336K)
[4.912s][info ][gc,heap      ] GC(3) CMS: 39263K->71568K(600768K)
[4.912s][info ][gc,metaspace ] GC(3) Metaspace: 33713K->33713K(1079296K)
[4.912s][info ][gc           ] GC(3) Pause Young (Allocation Failure) 302M->99M(850M) 77.294ms
[4.912s][info ][gc,cpu       ] GC(3) User=0.27s Sys=0.01s Real=0.07s
[4.912s][info ][safepoint    ] Leaving safepoint region
[4.912s][info ][safepoint    ] Total time for which application threads were stopped: 0.0777003 seconds, Stopping threads took: 0.0001888 seconds
[4.919s][info ][safepoint    ] Application time: 0.0077146 seconds
[4.920s][info ][safepoint    ] Entering safepoint region: Deoptimize
[4.920s][info ][safepoint    ] Leaving safepoint region
[4.920s][info ][safepoint    ] Total time for which application threads were stopped: 0.0008903 seconds, Stopping threads took: 0.0001918 seconds
[4.923s][info ][safepoint    ] Application time: 0.0029885 seconds
[4.923s][info ][safepoint    ] Entering safepoint region: Deoptimize
[4.924s][info ][safepoint    ] Leaving safepoint region
[4.924s][info ][safepoint    ] Total time for which application threads were stopped: 0.0007684 seconds, Stopping threads took: 0.0001232 seconds
[4.927s][info ][safepoint    ] Application time: 0.0025929 seconds
[4.927s][info ][safepoint    ] Entering safepoint region: RevokeBias
[4.927s][info ][safepoint    ] Leaving safepoint region
[4.927s][info ][safepoint    ] Total time for which application threads were stopped: 0.0006721 seconds, Stopping threads took: 0.0005197 seconds
[4.932s][info ][safepoint    ] Application time: 0.0048875 seconds
[4.932s][info ][safepoint    ] Entering safepoint region: RevokeBias
[4.933s][info ][safepoint    ] Leaving safepoint region
[4.933s][info ][safepoint    ] Total time for which application threads were stopped: 0.0002632 seconds, Stopping threads took: 0.0001459 seconds
[4.935s][info ][safepoint    ] Application time: 0.0025467 seconds
[4.936s][info ][safepoint    ] Entering safepoint region: RevokeBias
[4.936s][info ][safepoint    ] Leaving safepoint region
[4.936s][info ][safepoint    ] Total time for which application threads were stopped: 0.0008035 seconds, Stopping threads took: 0.0007009 seconds
[4.936s][info ][safepoint    ] Application time: 0.0002657 seconds
[4.936s][info ][safepoint    ] Entering safepoint region: RevokeBias
[4.936s][info ][safepoint    ] Leaving safepoint region
[4.936s][info ][safepoint    ] Total time for which application threads were stopped: 0.0002524 seconds, Stopping threads took: 0.0001439 seconds
[4.937s][info ][safepoint    ] Application time: 0.0002059 seconds
[4.937s][info ][safepoint    ] Entering safepoint region: RevokeBias
[4.937s][info ][safepoint    ] Leaving safepoint region
[4.937s][info ][safepoint    ] Total time for which application threads were stopped: 0.0005189 seconds, Stopping threads took: 0.0004209 seconds
[4.938s][info ][safepoint    ] Application time: 0.0008520 seconds
[4.938s][info ][safepoint    ] Entering safepoint region: RevokeBias
[4.938s][info ][safepoint    ] Leaving safepoint region
[4.938s][info ][safepoint    ] Total time for which application threads were stopped: 0.0002506 seconds, Stopping threads took: 0.0001566 seconds
[4.939s][info ][safepoint    ] Application time: 0.0001774 seconds
[4.941s][info ][safepoint    ] Entering safepoint region: RevokeBias
[4.941s][info ][safepoint    ] Leaving safepoint region
[4.941s][info ][safepoint    ] Total time for which application threads were stopped: 0.0028610 seconds, Stopping threads took: 0.0027615 seconds
[4.980s][info ][safepoint    ] Application time: 0.0389952 seconds
[4.983s][info ][safepoint    ] Entering safepoint region: RevokeBias
[4.983s][info ][safepoint    ] Leaving safepoint region
[4.983s][info ][safepoint    ] Total time for which application threads were stopped: 0.0029369 seconds, Stopping threads took: 0.0027750 seconds
[5.010s][info ][safepoint    ] Application time: 0.0270303 seconds
[5.012s][info ][safepoint    ] Entering safepoint region: GenCollectForAllocation
[5.013s][info ][gc,start     ] GC(4) Pause Young (Allocation Failure)
[5.013s][info ][gc,task      ] GC(4) Using 4 workers of 4 for evacuation
[5.059s][debug][gc,ref       ] GC(4) Skipped phase1 of Reference Processing due to unavailable references
[5.059s][debug][gc,ref       ] GC(4) Skipped phase3 of Reference Processing due to unavailable references
[5.059s][debug][gc,age       ] GC(4) Desired survivor size 15368192 bytes, new threshold 6 (max threshold 6)
[5.059s][info ][gc,heap      ] GC(4) ParNew: 270336K->27496K(270336K)
[5.059s][info ][gc,heap      ] GC(4) CMS: 71568K->100063K(600768K)
[5.059s][info ][gc,metaspace ] GC(4) Metaspace: 35521K->35521K(1081344K)
[5.059s][info ][gc           ] GC(4) Pause Young (Allocation Failure) 333M->124M(850M) 46.550ms
[5.059s][info ][gc,cpu       ] GC(4) User=0.16s Sys=0.01s Real=0.05s
[5.059s][info ][safepoint    ] Leaving safepoint region
[5.059s][info ][safepoint    ] Total time for which application threads were stopped: 0.0487874 seconds, Stopping threads took: 0.0019366 seconds
[5.066s][info ][safepoint    ] Application time: 0.0063467 seconds
[5.066s][info ][safepoint    ] Entering safepoint region: RevokeBias
[5.067s][info ][safepoint    ] Leaving safepoint region
[5.067s][info ][safepoint    ] Total time for which application threads were stopped: 0.0010188 seconds, Stopping threads took: 0.0007795 seconds
[5.068s][info ][safepoint    ] Application time: 0.0010393 seconds
[5.068s][info ][safepoint    ] Entering safepoint region: RevokeBias
[5.068s][info ][safepoint    ] Leaving safepoint region
[5.068s][info ][safepoint    ] Total time for which application threads were stopped: 0.0003117 seconds, Stopping threads took: 0.0001738 seconds
[5.075s][info ][safepoint    ] Application time: 0.0072464 seconds
[5.076s][info ][safepoint    ] Entering safepoint region: RevokeBias
[5.076s][info ][safepoint    ] Leaving safepoint region
[5.076s][info ][safepoint    ] Total time for which application threads were stopped: 0.0006496 seconds, Stopping threads took: 0.0005089 seconds
[5.084s][info ][safepoint    ] Application time: 0.0084562 seconds
[5.085s][info ][safepoint    ] Entering safepoint region: RevokeBias
[5.085s][info ][safepoint    ] Leaving safepoint region
[5.085s][info ][safepoint    ] Total time for which application threads were stopped: 0.0004395 seconds, Stopping threads took: 0.0002842 seconds
[5.112s][info ][safepoint    ] Application time: 0.0274352 seconds
[5.112s][info ][safepoint    ] Entering safepoint region: RevokeBias
[5.113s][info ][safepoint    ] Leaving safepoint region
[5.113s][info ][safepoint    ] Total time for which application threads were stopped: 0.0003102 seconds, Stopping threads took: 0.0001509 seconds
[5.115s][info ][safepoint    ] Application time: 0.0020874 seconds
[5.115s][info ][safepoint    ] Entering safepoint region: RevokeBias
[5.115s][info ][safepoint    ] Leaving safepoint region
[5.115s][info ][safepoint    ] Total time for which application threads were stopped: 0.0002893 seconds, Stopping threads took: 0.0001740 seconds
[5.153s][info ][safepoint    ] Application time: 0.0380995 seconds
[5.153s][info ][safepoint    ] Entering safepoint region: GenCollectForAllocation
[5.154s][info ][gc,start     ] GC(5) Pause Young (Allocation Failure)
[5.154s][info ][gc,task      ] GC(5) Using 4 workers of 4 for evacuation
[5.162s][debug][gc,ref       ] GC(5) Skipped phase1 of Reference Processing due to unavailable references
[5.162s][debug][gc,ref       ] GC(5) Skipped phase3 of Reference Processing due to unavailable references
[5.162s][debug][gc,age       ] GC(5) Desired survivor size 15368192 bytes, new threshold 6 (max threshold 6)
[5.162s][info ][gc,heap      ] GC(5) ParNew: 267816K->12126K(270336K)
[5.162s][info ][gc,heap      ] GC(5) CMS: 100063K->100063K(600768K)
[5.162s][info ][gc,metaspace ] GC(5) Metaspace: 36403K->36403K(1081344K)
[5.162s][info ][gc           ] GC(5) Pause Young (Allocation Failure) 359M->109M(850M) 8.886ms
[5.162s][info ][gc,cpu       ] GC(5) User=0.04s Sys=0.00s Real=0.01s
[5.163s][info ][safepoint    ] Leaving safepoint region
[5.163s][info ][safepoint    ] Total time for which application threads were stopped: 0.0093058 seconds, Stopping threads took: 0.0002015 seconds
[5.184s][info ][safepoint    ] Application time: 0.0217909 seconds
[5.184s][info ][safepoint    ] Entering safepoint region: Deoptimize
[5.185s][info ][safepoint    ] Leaving safepoint region
[5.185s][info ][safepoint    ] Total time for which application threads were stopped: 0.0011204 seconds, Stopping threads took: 0.0001454 seconds
[5.200s][info ][safepoint    ] Application time: 0.0142939 seconds
[5.200s][info ][safepoint    ] Entering safepoint region: RevokeBias
[5.200s][info ][safepoint    ] Leaving safepoint region
[5.200s][info ][safepoint    ] Total time for which application threads were stopped: 0.0003776 seconds, Stopping threads took: 0.0001896 seconds
[5.201s][info ][safepoint    ] Application time: 0.0012017 seconds
[5.202s][info ][safepoint    ] Entering safepoint region: RevokeBias
[5.202s][info ][safepoint    ] Leaving safepoint region
[5.202s][info ][safepoint    ] Total time for which application threads were stopped: 0.0002590 seconds, Stopping threads took: 0.0001256 seconds
[5.203s][info ][safepoint    ] Application time: 0.0016213 seconds
[5.205s][info ][safepoint    ] Entering safepoint region: Deoptimize
[5.205s][info ][safepoint    ] Leaving safepoint region
[5.205s][info ][safepoint    ] Total time for which application threads were stopped: 0.0020441 seconds, Stopping threads took: 0.0012817 seconds
[5.207s][info ][safepoint    ] Application time: 0.0014781 seconds
[5.207s][info ][safepoint    ] Entering safepoint region: RevokeBias
[5.207s][info ][safepoint    ] Leaving safepoint region
[5.207s][info ][safepoint    ] Total time for which application threads were stopped: 0.0003895 seconds, Stopping threads took: 0.0002035 seconds
[5.210s][info ][safepoint    ] Application time: 0.0031200 seconds
[5.211s][info ][safepoint    ] Entering safepoint region: RevokeBias
[5.211s][info ][safepoint    ] Leaving safepoint region
[5.211s][info ][safepoint    ] Total time for which application threads were stopped: 0.0003445 seconds, Stopping threads took: 0.0002152 seconds
[5.213s][info ][safepoint    ] Application time: 0.0022390 seconds
[5.213s][info ][safepoint    ] Entering safepoint region: RevokeBias
[5.213s][info ][safepoint    ] Leaving safepoint region
[5.213s][info ][safepoint    ] Total time for which application threads were stopped: 0.0002371 seconds, Stopping threads took: 0.0001284 seconds
[5.302s][info ][safepoint    ] Application time: 0.0890213 seconds
[5.302s][info ][safepoint    ] Entering safepoint region: GenCollectForAllocation
[5.303s][info ][gc,start     ] GC(6) Pause Young (Allocation Failure)
[5.303s][info ][gc,task      ] GC(6) Using 4 workers of 4 for evacuation
[5.317s][debug][gc,ref       ] GC(6) Skipped phase1 of Reference Processing due to unavailable references
[5.317s][debug][gc,ref       ] GC(6) Skipped phase3 of Reference Processing due to unavailable references
[5.317s][debug][gc,age       ] GC(6) Desired survivor size 15368192 bytes, new threshold 3 (max threshold 6)
[5.317s][info ][gc,heap      ] GC(6) ParNew: 252446K->18815K(270336K)
[5.317s][info ][gc,heap      ] GC(6) CMS: 100063K->100063K(600768K)
[5.317s][info ][gc,metaspace ] GC(6) Metaspace: 36610K->36610K(1081344K)
[5.317s][info ][gc           ] GC(6) Pause Young (Allocation Failure) 344M->116M(850M) 14.453ms
[5.317s][info ][gc,cpu       ] GC(6) User=0.06s Sys=0.00s Real=0.02s
[5.317s][info ][safepoint    ] Leaving safepoint region
[5.317s][info ][safepoint    ] Total time for which application threads were stopped: 0.0148351 seconds, Stopping threads took: 0.0001930 seconds
[5.374s][info ][safepoint    ] Application time: 0.0571744 seconds
[5.374s][info ][safepoint    ] Entering safepoint region: GenCollectForAllocation
[5.375s][info ][gc,start     ] GC(7) Pause Young (Allocation Failure)
[5.375s][info ][gc,task      ] GC(7) Using 4 workers of 4 for evacuation
[5.389s][debug][gc,ref       ] GC(7) Skipped phase1 of Reference Processing due to unavailable references
[5.389s][debug][gc,ref       ] GC(7) Skipped phase3 of Reference Processing due to unavailable references
[5.389s][debug][gc,age       ] GC(7) Desired survivor size 15368192 bytes, new threshold 6 (max threshold 6)
[5.390s][info ][gc,heap      ] GC(7) ParNew: 259135K->18080K(270336K)
[5.390s][info ][gc,heap      ] GC(7) CMS: 100063K->104887K(600768K)
[5.390s][info ][gc,metaspace ] GC(7) Metaspace: 36610K->36610K(1081344K)
[5.390s][info ][gc           ] GC(7) Pause Young (Allocation Failure) 350M->120M(850M) 15.011ms
[5.390s][info ][gc,cpu       ] GC(7) User=0.05s Sys=0.00s Real=0.01s
[5.390s][info ][safepoint    ] Leaving safepoint region
[5.390s][info ][safepoint    ] Total time for which application threads were stopped: 0.0152750 seconds, Stopping threads took: 0.0000630 seconds
[5.559s][info ][safepoint    ] Application time: 0.1693230 seconds
[5.563s][info ][safepoint    ] Entering safepoint region: GenCollectForAllocation
[5.563s][info ][gc,start     ] GC(8) Pause Young (Allocation Failure)
[5.563s][info ][gc,task      ] GC(8) Using 4 workers of 4 for evacuation
[5.578s][debug][gc,ref       ] GC(8) Skipped phase1 of Reference Processing due to unavailable references
[5.578s][debug][gc,ref       ] GC(8) Skipped phase3 of Reference Processing due to unavailable references
[5.578s][debug][gc,ref       ] GC(8) Skipped phase4 of Reference Processing due to unavailable references
[5.578s][debug][gc,age       ] GC(8) Desired survivor size 15368192 bytes, new threshold 6 (max threshold 6)
[5.578s][info ][gc,heap      ] GC(8) ParNew: 258400K->17931K(270336K)
[5.578s][info ][gc,heap      ] GC(8) CMS: 104887K->104887K(600768K)
[5.578s][info ][gc,metaspace ] GC(8) Metaspace: 36616K->36616K(1081344K)
[5.578s][info ][gc           ] GC(8) Pause Young (Allocation Failure) 354M->119M(850M) 15.031ms
[5.578s][info ][gc,cpu       ] GC(8) User=0.06s Sys=0.00s Real=0.02s
[5.578s][info ][safepoint    ] Leaving safepoint region
[5.578s][info ][safepoint    ] Total time for which application threads were stopped: 0.0195030 seconds, Stopping threads took: 0.0042637 seconds
[5.679s][info ][safepoint    ] Application time: 0.1006586 seconds
[5.679s][info ][safepoint    ] Entering safepoint region: GenCollectForAllocation
[5.679s][info ][gc,start     ] GC(9) Pause Young (Allocation Failure)
[5.679s][info ][gc,task      ] GC(9) Using 4 workers of 4 for evacuation
[5.690s][debug][gc,ref       ] GC(9) Skipped phase1 of Reference Processing due to unavailable references
[5.690s][debug][gc,ref       ] GC(9) Skipped phase3 of Reference Processing due to unavailable references
[5.690s][debug][gc,ref       ] GC(9) Skipped phase4 of Reference Processing due to unavailable references
[5.690s][debug][gc,age       ] GC(9) Desired survivor size 15368192 bytes, new threshold 6 (max threshold 6)
[5.690s][info ][gc,heap      ] GC(9) ParNew: 258251K->19745K(270336K)
[5.690s][info ][gc,heap      ] GC(9) CMS: 104887K->104887K(600768K)
[5.690s][info ][gc,metaspace ] GC(9) Metaspace: 36617K->36617K(1081344K)
[5.690s][info ][gc           ] GC(9) Pause Young (Allocation Failure) 354M->121M(850M) 10.669ms
[5.690s][info ][gc,cpu       ] GC(9) User=0.04s Sys=0.00s Real=0.01s
[5.690s][info ][safepoint    ] Leaving safepoint region
[5.690s][info ][safepoint    ] Total time for which application threads were stopped: 0.0110323 seconds, Stopping threads took: 0.0001024 seconds
[5.725s][info ][safepoint    ] Application time: 0.0347136 seconds
[5.725s][info ][safepoint    ] Entering safepoint region: GenCollectForAllocation
[5.725s][info ][gc,start     ] GC(10) Pause Young (Allocation Failure)
[5.725s][info ][gc,task      ] GC(10) Using 4 workers of 4 for evacuation
[5.736s][debug][gc,ref       ] GC(10) Skipped phase1 of Reference Processing due to unavailable references
[5.736s][debug][gc,ref       ] GC(10) Skipped phase3 of Reference Processing due to unavailable references
[5.736s][debug][gc,ref       ] GC(10) Skipped phase4 of Reference Processing due to unavailable references
[5.736s][debug][gc,age       ] GC(10) Desired survivor size 15368192 bytes, new threshold 6 (max threshold 6)
[5.736s][info ][gc,heap      ] GC(10) ParNew: 260065K->20600K(270336K)
[5.736s][info ][gc,heap      ] GC(10) CMS: 104887K->104887K(600768K)
[5.736s][info ][gc,metaspace ] GC(10) Metaspace: 36617K->36617K(1081344K)
[5.736s][info ][gc           ] GC(10) Pause Young (Allocation Failure) 356M->122M(850M) 10.647ms
[5.736s][info ][gc,cpu       ] GC(10) User=0.04s Sys=0.00s Real=0.02s
[5.736s][info ][safepoint    ] Leaving safepoint region
[5.736s][info ][safepoint    ] Total time for which application threads were stopped: 0.0109851 seconds, Stopping threads took: 0.0001595 seconds
[5.788s][info ][safepoint    ] Application time: 0.0522631 seconds
[5.788s][info ][safepoint    ] Entering safepoint region: GenCollectForAllocation
[5.788s][info ][gc,start     ] GC(11) Pause Young (Allocation Failure)
[5.789s][info ][gc,task      ] GC(11) Using 4 workers of 4 for evacuation
[5.801s][debug][gc,ref       ] GC(11) Skipped phase1 of Reference Processing due to unavailable references
[5.801s][debug][gc,ref       ] GC(11) Skipped phase3 of Reference Processing due to unavailable references
[5.801s][debug][gc,ref       ] GC(11) Skipped phase4 of Reference Processing due to unavailable references
[5.801s][debug][gc,age       ] GC(11) Desired survivor size 15368192 bytes, new threshold 6 (max threshold 6)
[5.801s][info ][gc,heap      ] GC(11) ParNew: 260920K->17384K(270336K)
[5.801s][info ][gc,heap      ] GC(11) CMS: 104887K->109614K(600768K)
[5.801s][info ][gc,metaspace ] GC(11) Metaspace: 36617K->36617K(1081344K)
[5.801s][info ][gc           ] GC(11) Pause Young (Allocation Failure) 357M->124M(850M) 12.660ms
[5.801s][info ][gc,cpu       ] GC(11) User=0.06s Sys=0.00s Real=0.01s
[5.801s][info ][safepoint    ] Leaving safepoint region
[5.801s][info ][safepoint    ] Total time for which application threads were stopped: 0.0129780 seconds, Stopping threads took: 0.0001485 seconds
[5.857s][info ][safepoint    ] Application time: 0.0554214 seconds
[5.857s][info ][safepoint    ] Entering safepoint region: GenCollectForAllocation
[5.857s][info ][gc,start     ] GC(12) Pause Young (Allocation Failure)
[5.857s][info ][gc,task      ] GC(12) Using 4 workers of 4 for evacuation
[5.872s][debug][gc,ref       ] GC(12) Skipped phase1 of Reference Processing due to unavailable references
[5.872s][debug][gc,ref       ] GC(12) Skipped phase2 of Reference Processing due to unavailable references
[5.872s][debug][gc,ref       ] GC(12) Skipped phase3 of Reference Processing due to unavailable references
[5.872s][debug][gc,ref       ] GC(12) Skipped phase4 of Reference Processing due to unavailable references
[5.872s][debug][gc,age       ] GC(12) Desired survivor size 15368192 bytes, new threshold 6 (max threshold 6)
[5.872s][info ][gc,heap      ] GC(12) ParNew: 257704K->6981K(270336K)
[5.872s][info ][gc,heap      ] GC(12) CMS: 109614K->116389K(600768K)
[5.872s][info ][gc,metaspace ] GC(12) Metaspace: 36617K->36617K(1081344K)
[5.872s][info ][gc           ] GC(12) Pause Young (Allocation Failure) 358M->120M(850M) 14.974ms
[5.872s][info ][gc,cpu       ] GC(12) User=0.05s Sys=0.00s Real=0.01s
[5.872s][info ][safepoint    ] Leaving safepoint region
[5.872s][info ][safepoint    ] Total time for which application threads were stopped: 0.0153512 seconds, Stopping threads took: 0.0001989 seconds
[5.931s][info ][safepoint    ] Application time: 0.0593245 seconds
[5.933s][info ][safepoint    ] Entering safepoint region: GenCollectForAllocation
[5.933s][info ][gc,start     ] GC(13) Pause Young (Allocation Failure)
[5.933s][info ][gc,task      ] GC(13) Using 4 workers of 4 for evacuation
[5.938s][debug][gc,ref       ] GC(13) Skipped phase1 of Reference Processing due to unavailable references
[5.938s][debug][gc,ref       ] GC(13) Skipped phase2 of Reference Processing due to unavailable references
[5.938s][debug][gc,ref       ] GC(13) Skipped phase3 of Reference Processing due to unavailable references
[5.938s][debug][gc,ref       ] GC(13) Skipped phase4 of Reference Processing due to unavailable references
[5.938s][debug][gc,age       ] GC(13) Desired survivor size 15368192 bytes, new threshold 6 (max threshold 6)
[5.938s][info ][gc,heap      ] GC(13) ParNew: 247301K->3050K(270336K)
[5.938s][info ][gc,heap      ] GC(13) CMS: 116389K->116981K(600768K)
[5.938s][info ][gc,metaspace ] GC(13) Metaspace: 36617K->36617K(1081344K)
[5.938s][info ][gc           ] GC(13) Pause Young (Allocation Failure) 355M->117M(850M) 5.044ms
[5.938s][info ][gc,cpu       ] GC(13) User=0.01s Sys=0.00s Real=0.01s
[5.938s][info ][safepoint    ] Leaving safepoint region
[5.938s][info ][safepoint    ] Total time for which application threads were stopped: 0.0064610 seconds, Stopping threads took: 0.0011711 seconds
[5.990s][info ][safepoint    ] Application time: 0.0523906 seconds
[5.991s][info ][safepoint    ] Entering safepoint region: GenCollectForAllocation
[5.991s][info ][gc,start     ] GC(14) Pause Young (Allocation Failure)
[5.991s][info ][gc,task      ] GC(14) Using 4 workers of 4 for evacuation
[5.996s][debug][gc,ref       ] GC(14) Skipped phase1 of Reference Processing due to unavailable references
[5.996s][debug][gc,ref       ] GC(14) Skipped phase2 of Reference Processing due to unavailable references
[5.996s][debug][gc,ref       ] GC(14) Skipped phase3 of Reference Processing due to unavailable references
[5.996s][debug][gc,ref       ] GC(14) Skipped phase4 of Reference Processing due to unavailable references
[5.996s][debug][gc,age       ] GC(14) Desired survivor size 15368192 bytes, new threshold 6 (max threshold 6)
[5.996s][info ][gc,heap      ] GC(14) ParNew: 243370K->2292K(270336K)
[5.996s][info ][gc,heap      ] GC(14) CMS: 116981K->118701K(600768K)
[5.996s][info ][gc,metaspace ] GC(14) Metaspace: 36617K->36617K(1081344K)
[5.996s][info ][gc           ] GC(14) Pause Young (Allocation Failure) 351M->118M(850M) 5.466ms
[5.996s][info ][gc,cpu       ] GC(14) User=0.03s Sys=0.00s Real=0.01s
[5.996s][info ][safepoint    ] Leaving safepoint region
[5.996s][info ][safepoint    ] Total time for which application threads were stopped: 0.0061940 seconds, Stopping threads took: 0.0004857 seconds
[6.049s][info ][safepoint    ] Application time: 0.0522432 seconds
[6.050s][info ][safepoint    ] Entering safepoint region: GenCollectForAllocation
[6.050s][info ][gc,start     ] GC(15) Pause Young (Allocation Failure)
[6.050s][info ][gc,task      ] GC(15) Using 4 workers of 4 for evacuation
[6.053s][debug][gc,ref       ] GC(15) Skipped phase1 of Reference Processing due to unavailable references
[6.053s][debug][gc,ref       ] GC(15) Skipped phase2 of Reference Processing due to unavailable references
[6.053s][debug][gc,ref       ] GC(15) Skipped phase3 of Reference Processing due to unavailable references
[6.053s][debug][gc,ref       ] GC(15) Skipped phase4 of Reference Processing due to unavailable references
[6.053s][debug][gc,age       ] GC(15) Desired survivor size 15368192 bytes, new threshold 6 (max threshold 6)
[6.053s][info ][gc,heap      ] GC(15) ParNew: 242612K->728K(270336K)
[6.053s][info ][gc,heap      ] GC(15) CMS: 118701K->119057K(600768K)
[6.053s][info ][gc,metaspace ] GC(15) Metaspace: 36617K->36617K(1081344K)
[6.053s][info ][gc           ] GC(15) Pause Young (Allocation Failure) 352M->116M(850M) 2.678ms
[6.053s][info ][gc,cpu       ] GC(15) User=0.01s Sys=0.00s Real=0.00s
[6.053s][info ][safepoint    ] Leaving safepoint region
[6.053s][info ][safepoint    ] Total time for which application threads were stopped: 0.0040444 seconds, Stopping threads took: 0.0011958 seconds
[6.089s][info ][safepoint    ] Application time: 0.0366402 seconds
[6.090s][info ][safepoint    ] Entering safepoint region: GenCollectForAllocation
[6.090s][info ][gc,start     ] GC(16) Pause Young (Allocation Failure)
[6.090s][info ][gc,task      ] GC(16) Using 4 workers of 4 for evacuation
[6.092s][debug][gc,ref       ] GC(16) Skipped phase1 of Reference Processing due to unavailable references
[6.092s][debug][gc,ref       ] GC(16) Skipped phase2 of Reference Processing due to unavailable references
[6.092s][debug][gc,ref       ] GC(16) Skipped phase3 of Reference Processing due to unavailable references
[6.092s][debug][gc,ref       ] GC(16) Skipped phase4 of Reference Processing due to unavailable references
[6.092s][debug][gc,age       ] GC(16) Desired survivor size 15368192 bytes, new threshold 6 (max threshold 6)
[6.092s][info ][gc,heap      ] GC(16) ParNew: 241048K->598K(270336K)
[6.092s][info ][gc,heap      ] GC(16) CMS: 119057K->119097K(600768K)
[6.092s][info ][gc,metaspace ] GC(16) Metaspace: 36617K->36617K(1081344K)
[6.092s][info ][gc           ] GC(16) Pause Young (Allocation Failure) 351M->116M(850M) 2.629ms
[6.092s][info ][gc,cpu       ] GC(16) User=0.01s Sys=0.00s Real=0.00s
[6.092s][info ][safepoint    ] Leaving safepoint region
[6.092s][info ][safepoint    ] Total time for which application threads were stopped: 0.0028697 seconds, Stopping threads took: 0.0000862 seconds
[6.147s][info ][safepoint    ] Application time: 0.0549422 seconds
[6.147s][info ][safepoint    ] Entering safepoint region: GenCollectForAllocation
[6.148s][info ][gc,start     ] GC(17) Pause Young (Allocation Failure)
[6.148s][info ][gc,task      ] GC(17) Using 4 workers of 4 for evacuation
[6.149s][debug][gc,ref       ] GC(17) Skipped phase1 of Reference Processing due to unavailable references
[6.149s][debug][gc,ref       ] GC(17) Skipped phase2 of Reference Processing due to unavailable references
[6.149s][debug][gc,ref       ] GC(17) Skipped phase3 of Reference Processing due to unavailable references
[6.149s][debug][gc,ref       ] GC(17) Skipped phase4 of Reference Processing due to unavailable references
[6.149s][debug][gc,age       ] GC(17) Desired survivor size 15368192 bytes, new threshold 6 (max threshold 6)
[6.149s][info ][gc,heap      ] GC(17) ParNew: 240918K->445K(270336K)
[6.149s][info ][gc,heap      ] GC(17) CMS: 119097K->119123K(600768K)
[6.149s][info ][gc,metaspace ] GC(17) Metaspace: 36617K->36617K(1081344K)
[6.149s][info ][gc           ] GC(17) Pause Young (Allocation Failure) 351M->116M(850M) 1.793ms
[6.149s][info ][gc,cpu       ] GC(17) User=0.00s Sys=0.00s Real=0.00s
[6.149s][info ][safepoint    ] Leaving safepoint region
[6.149s][info ][safepoint    ] Total time for which application threads were stopped: 0.0020617 seconds, Stopping threads took: 0.0000998 seconds
[6.194s][info ][safepoint    ] Application time: 0.0442302 seconds
[6.194s][info ][safepoint    ] Entering safepoint region: GenCollectForAllocation
[6.194s][info ][gc,start     ] GC(18) Pause Young (Allocation Failure)
[6.194s][info ][gc,task      ] GC(18) Using 4 workers of 4 for evacuation
[6.196s][debug][gc,ref       ] GC(18) Skipped phase1 of Reference Processing due to unavailable references
[6.196s][debug][gc,ref       ] GC(18) Skipped phase2 of Reference Processing due to unavailable references
[6.196s][debug][gc,ref       ] GC(18) Skipped phase3 of Reference Processing due to unavailable references
[6.196s][debug][gc,ref       ] GC(18) Skipped phase4 of Reference Processing due to unavailable references
[6.196s][debug][gc,age       ] GC(18) Desired survivor size 15368192 bytes, new threshold 6 (max threshold 6)
[6.196s][info ][gc,heap      ] GC(18) ParNew: 240765K->575K(270336K)
[6.196s][info ][gc,heap      ] GC(18) CMS: 119123K->119171K(600768K)
[6.196s][info ][gc,metaspace ] GC(18) Metaspace: 36617K->36617K(1081344K)
[6.196s][info ][gc           ] GC(18) Pause Young (Allocation Failure) 351M->116M(850M) 1.837ms
[6.196s][info ][gc,cpu       ] GC(18) User=0.01s Sys=0.00s Real=0.00s
[6.196s][info ][safepoint    ] Leaving safepoint region
[6.196s][info ][safepoint    ] Total time for which application threads were stopped: 0.0021997 seconds, Stopping threads took: 0.0001803 seconds
[6.245s][info ][safepoint    ] Application time: 0.0493870 seconds
[6.245s][info ][safepoint    ] Entering safepoint region: GenCollectForAllocation
[6.245s][info ][gc,start     ] GC(19) Pause Young (Allocation Failure)
[6.245s][info ][gc,task      ] GC(19) Using 4 workers of 4 for evacuation
[6.247s][debug][gc,ref       ] GC(19) Skipped phase1 of Reference Processing due to unavailable references
[6.247s][debug][gc,ref       ] GC(19) Skipped phase2 of Reference Processing due to unavailable references
[6.247s][debug][gc,ref       ] GC(19) Skipped phase3 of Reference Processing due to unavailable references
[6.247s][debug][gc,ref       ] GC(19) Skipped phase4 of Reference Processing due to unavailable references
[6.247s][debug][gc,age       ] GC(19) Desired survivor size 15368192 bytes, new threshold 6 (max threshold 6)
[6.247s][info ][gc,heap      ] GC(19) ParNew: 240895K->446K(270336K)
[6.247s][info ][gc,heap      ] GC(19) CMS: 119171K->119209K(600768K)
[6.247s][info ][gc,metaspace ] GC(19) Metaspace: 36617K->36617K(1081344K)
[6.247s][info ][gc           ] GC(19) Pause Young (Allocation Failure) 351M->116M(850M) 1.883ms
[6.247s][info ][gc,cpu       ] GC(19) User=0.00s Sys=0.00s Real=0.01s
[6.247s][info ][safepoint    ] Leaving safepoint region
[6.247s][info ][safepoint    ] Total time for which application threads were stopped: 0.0021319 seconds, Stopping threads took: 0.0001026 seconds
[6.295s][info ][safepoint    ] Application time: 0.0477802 seconds
[6.296s][info ][safepoint    ] Entering safepoint region: GenCollectForAllocation
[6.297s][info ][gc,start     ] GC(20) Pause Young (Allocation Failure)
[6.297s][info ][gc,task      ] GC(20) Using 4 workers of 4 for evacuation
[6.299s][debug][gc,ref       ] GC(20) Skipped phase1 of Reference Processing due to unavailable references
[6.299s][debug][gc,ref       ] GC(20) Skipped phase2 of Reference Processing due to unavailable references
[6.299s][debug][gc,ref       ] GC(20) Skipped phase3 of Reference Processing due to unavailable references
[6.299s][debug][gc,ref       ] GC(20) Skipped phase4 of Reference Processing due to unavailable references
[6.299s][debug][gc,age       ] GC(20) Desired survivor size 15368192 bytes, new threshold 6 (max threshold 6)
[6.299s][info ][gc,heap      ] GC(20) ParNew: 240766K->496K(270336K)
[6.299s][info ][gc,heap      ] GC(20) CMS: 119209K->119251K(600768K)
[6.299s][info ][gc,metaspace ] GC(20) Metaspace: 36617K->36617K(1081344K)
[6.299s][info ][gc           ] GC(20) Pause Young (Allocation Failure) 351M->116M(850M) 2.485ms
[6.299s][info ][gc,cpu       ] GC(20) User=0.01s Sys=0.00s Real=0.00s
[6.299s][info ][safepoint    ] Leaving safepoint region
[6.299s][info ][safepoint    ] Total time for which application threads were stopped: 0.0038268 seconds, Stopping threads took: 0.0011502 seconds
[6.336s][info ][safepoint    ] Application time: 0.0369640 seconds
[6.336s][info ][safepoint    ] Entering safepoint region: GenCollectForAllocation
[6.336s][info ][gc,start     ] GC(21) Pause Young (Allocation Failure)
[6.336s][info ][gc,task      ] GC(21) Using 4 workers of 4 for evacuation
[6.338s][debug][gc,ref       ] GC(21) Skipped phase1 of Reference Processing due to unavailable references
[6.338s][debug][gc,ref       ] GC(21) Skipped phase2 of Reference Processing due to unavailable references
[6.338s][debug][gc,ref       ] GC(21) Skipped phase3 of Reference Processing due to unavailable references
[6.338s][debug][gc,ref       ] GC(21) Skipped phase4 of Reference Processing due to unavailable references
[6.338s][debug][gc,age       ] GC(21) Desired survivor size 15368192 bytes, new threshold 6 (max threshold 6)
[6.338s][info ][gc,heap      ] GC(21) ParNew: 240816K->424K(270336K)
[6.338s][info ][gc,heap      ] GC(21) CMS: 119251K->119300K(600768K)
[6.338s][info ][gc,metaspace ] GC(21) Metaspace: 36617K->36617K(1081344K)
[6.338s][info ][gc           ] GC(21) Pause Young (Allocation Failure) 351M->116M(850M) 1.866ms
[6.338s][info ][gc,cpu       ] GC(21) User=0.01s Sys=0.00s Real=0.00s
[6.338s][info ][safepoint    ] Leaving safepoint region
[6.338s][info ][safepoint    ] Total time for which application threads were stopped: 0.0022659 seconds, Stopping threads took: 0.0002490 seconds
[6.391s][info ][safepoint    ] Application time: 0.0522857 seconds
[6.392s][info ][safepoint    ] Entering safepoint region: GenCollectForAllocation
[6.392s][info ][gc,start     ] GC(22) Pause Young (Allocation Failure)
[6.392s][info ][gc,task      ] GC(22) Using 4 workers of 4 for evacuation
[6.394s][debug][gc,ref       ] GC(22) Skipped phase1 of Reference Processing due to unavailable references
[6.394s][debug][gc,ref       ] GC(22) Skipped phase2 of Reference Processing due to unavailable references
[6.394s][debug][gc,ref       ] GC(22) Skipped phase3 of Reference Processing due to unavailable references
[6.394s][debug][gc,ref       ] GC(22) Skipped phase4 of Reference Processing due to unavailable references
[6.394s][debug][gc,age       ] GC(22) Desired survivor size 15368192 bytes, new threshold 6 (max threshold 6)
[6.394s][info ][gc,heap      ] GC(22) ParNew: 240744K->403K(270336K)
[6.394s][info ][gc,heap      ] GC(22) CMS: 119300K->119323K(600768K)
[6.394s][info ][gc,metaspace ] GC(22) Metaspace: 36617K->36617K(1081344K)
[6.394s][info ][gc           ] GC(22) Pause Young (Allocation Failure) 351M->116M(850M) 1.857ms
[6.394s][info ][gc,cpu       ] GC(22) User=0.01s Sys=0.00s Real=0.00s
[6.394s][info ][safepoint    ] Leaving safepoint region
[6.394s][info ][safepoint    ] Total time for which application threads were stopped: 0.0031280 seconds, Stopping threads took: 0.0011155 seconds
[6.440s][info ][safepoint    ] Application time: 0.0462216 seconds
[6.440s][info ][safepoint    ] Entering safepoint region: GenCollectForAllocation
[6.440s][info ][gc,start     ] GC(23) Pause Young (Allocation Failure)
[6.440s][info ][gc,task      ] GC(23) Using 4 workers of 4 for evacuation
[6.442s][debug][gc,ref       ] GC(23) Skipped phase1 of Reference Processing due to unavailable references
[6.442s][debug][gc,ref       ] GC(23) Skipped phase2 of Reference Processing due to unavailable references
[6.442s][debug][gc,ref       ] GC(23) Skipped phase3 of Reference Processing due to unavailable references
[6.442s][debug][gc,ref       ] GC(23) Skipped phase4 of Reference Processing due to unavailable references
[6.442s][debug][gc,age       ] GC(23) Desired survivor size 15368192 bytes, new threshold 6 (max threshold 6)
[6.442s][info ][gc,heap      ] GC(23) ParNew: 240723K->600K(270336K)
[6.442s][info ][gc,heap      ] GC(23) CMS: 119323K->119379K(600768K)
[6.442s][info ][gc,metaspace ] GC(23) Metaspace: 36617K->36617K(1081344K)
[6.442s][info ][gc           ] GC(23) Pause Young (Allocation Failure) 351M->117M(850M) 2.175ms
[6.442s][info ][gc,cpu       ] GC(23) User=0.01s Sys=0.00s Real=0.00s
[6.442s][info ][safepoint    ] Leaving safepoint region
[6.442s][info ][safepoint    ] Total time for which application threads were stopped: 0.0024190 seconds, Stopping threads took: 0.0000788 seconds
[6.477s][info ][safepoint    ] Application time: 0.0348378 seconds
[6.477s][info ][safepoint    ] Entering safepoint region: GenCollectForAllocation
[6.478s][info ][gc,start     ] GC(24) Pause Young (Allocation Failure)
[6.478s][info ][gc,task      ] GC(24) Using 4 workers of 4 for evacuation
[6.479s][debug][gc,ref       ] GC(24) Skipped phase1 of Reference Processing due to unavailable references
[6.479s][debug][gc,ref       ] GC(24) Skipped phase2 of Reference Processing due to unavailable references
[6.479s][debug][gc,ref       ] GC(24) Skipped phase3 of Reference Processing due to unavailable references
[6.479s][debug][gc,ref       ] GC(24) Skipped phase4 of Reference Processing due to unavailable references
[6.479s][debug][gc,age       ] GC(24) Desired survivor size 15368192 bytes, new threshold 6 (max threshold 6)
[6.479s][info ][gc,heap      ] GC(24) ParNew: 240920K->430K(270336K)
[6.479s][info ][gc,heap      ] GC(24) CMS: 119379K->119409K(600768K)
[6.479s][info ][gc,metaspace ] GC(24) Metaspace: 36617K->36617K(1081344K)
[6.479s][info ][gc           ] GC(24) Pause Young (Allocation Failure) 351M->117M(850M) 1.855ms
[6.479s][info ][gc,cpu       ] GC(24) User=0.01s Sys=0.00s Real=0.00s
[6.479s][info ][safepoint    ] Leaving safepoint region
[6.479s][info ][safepoint    ] Total time for which application threads were stopped: 0.0021509 seconds, Stopping threads took: 0.0001466 seconds
[6.541s][info ][safepoint    ] Application time: 0.0612966 seconds
[6.541s][info ][safepoint    ] Entering safepoint region: GenCollectForAllocation
[6.541s][info ][gc,start     ] GC(25) Pause Young (Allocation Failure)
[6.541s][info ][gc,task      ] GC(25) Using 4 workers of 4 for evacuation
[6.543s][debug][gc,ref       ] GC(25) Skipped phase1 of Reference Processing due to unavailable references
[6.543s][debug][gc,ref       ] GC(25) Skipped phase2 of Reference Processing due to unavailable references
[6.543s][debug][gc,ref       ] GC(25) Skipped phase3 of Reference Processing due to unavailable references
[6.543s][debug][gc,ref       ] GC(25) Skipped phase4 of Reference Processing due to unavailable references
[6.543s][debug][gc,age       ] GC(25) Desired survivor size 15368192 bytes, new threshold 6 (max threshold 6)
[6.543s][info ][gc,heap      ] GC(25) ParNew: 240750K->544K(270336K)
[6.543s][info ][gc,heap      ] GC(25) CMS: 119409K->119463K(600768K)
[6.543s][info ][gc,metaspace ] GC(25) Metaspace: 36618K->36618K(1081344K)
[6.543s][info ][gc           ] GC(25) Pause Young (Allocation Failure) 351M->117M(850M) 2.028ms
[6.543s][info ][gc,cpu       ] GC(25) User=0.00s Sys=0.00s Real=0.00s
[6.543s][info ][safepoint    ] Leaving safepoint region
[6.543s][info ][safepoint    ] Total time for which application threads were stopped: 0.0023925 seconds, Stopping threads took: 0.0002058 seconds
[6.583s][info ][safepoint    ] Application time: 0.0399599 seconds
[6.583s][info ][safepoint    ] Entering safepoint region: GenCollectForAllocation
[6.583s][info ][gc,start     ] GC(26) Pause Young (Allocation Failure)
[6.584s][info ][gc,task      ] GC(26) Using 4 workers of 4 for evacuation
[6.586s][debug][gc,ref       ] GC(26) Skipped phase1 of Reference Processing due to unavailable references
[6.586s][debug][gc,ref       ] GC(26) Skipped phase2 of Reference Processing due to unavailable references
[6.586s][debug][gc,ref       ] GC(26) Skipped phase3 of Reference Processing due to unavailable references
[6.586s][debug][gc,ref       ] GC(26) Skipped phase4 of Reference Processing due to unavailable references
[6.586s][debug][gc,age       ] GC(26) Desired survivor size 15368192 bytes, new threshold 6 (max threshold 6)
[6.586s][info ][gc,heap      ] GC(26) ParNew: 240864K->500K(270336K)
[6.586s][info ][gc,heap      ] GC(26) CMS: 119463K->119501K(600768K)
[6.586s][info ][gc,metaspace ] GC(26) Metaspace: 36618K->36618K(1081344K)
[6.586s][info ][gc           ] GC(26) Pause Young (Allocation Failure) 351M->117M(850M) 2.285ms
[6.586s][info ][gc,cpu       ] GC(26) User=0.01s Sys=0.00s Real=0.00s
[6.586s][info ][safepoint    ] Leaving safepoint region
[6.586s][info ][safepoint    ] Total time for which application threads were stopped: 0.0026076 seconds, Stopping threads took: 0.0001747 seconds
[6.631s][info ][safepoint    ] Application time: 0.0456080 seconds
[6.632s][info ][safepoint    ] Entering safepoint region: GenCollectForAllocation
[6.632s][info ][gc,start     ] GC(27) Pause Young (Allocation Failure)
[6.632s][info ][gc,task      ] GC(27) Using 4 workers of 4 for evacuation
[6.633s][debug][gc,ref       ] GC(27) Skipped phase1 of Reference Processing due to unavailable references
[6.633s][debug][gc,ref       ] GC(27) Skipped phase2 of Reference Processing due to unavailable references
[6.633s][debug][gc,ref       ] GC(27) Skipped phase3 of Reference Processing due to unavailable references
[6.633s][debug][gc,ref       ] GC(27) Skipped phase4 of Reference Processing due to unavailable references
[6.634s][debug][gc,age       ] GC(27) Desired survivor size 15368192 bytes, new threshold 6 (max threshold 6)
[6.634s][info ][gc,heap      ] GC(27) ParNew: 240820K->434K(270336K)
[6.634s][info ][gc,heap      ] GC(27) CMS: 119501K->119528K(600768K)
[6.634s][info ][gc,metaspace ] GC(27) Metaspace: 36618K->36618K(1081344K)
[6.634s][info ][gc           ] GC(27) Pause Young (Allocation Failure) 351M->117M(850M) 1.934ms
[6.634s][info ][gc,cpu       ] GC(27) User=0.01s Sys=0.00s Real=0.00s
[6.634s][info ][safepoint    ] Leaving safepoint region
[6.634s][info ][safepoint    ] Total time for which application threads were stopped: 0.0021864 seconds, Stopping threads took: 0.0000820 seconds
[6.687s][info ][safepoint    ] Application time: 0.0528762 seconds
[6.687s][info ][safepoint    ] Entering safepoint region: GenCollectForAllocation
[6.687s][info ][gc,start     ] GC(28) Pause Young (Allocation Failure)
[6.687s][info ][gc,task      ] GC(28) Using 4 workers of 4 for evacuation
[6.689s][debug][gc,ref       ] GC(28) Skipped phase1 of Reference Processing due to unavailable references
[6.689s][debug][gc,ref       ] GC(28) Skipped phase2 of Reference Processing due to unavailable references
[6.689s][debug][gc,ref       ] GC(28) Skipped phase3 of Reference Processing due to unavailable references
[6.689s][debug][gc,ref       ] GC(28) Skipped phase4 of Reference Processing due to unavailable references
[6.689s][debug][gc,age       ] GC(28) Desired survivor size 15368192 bytes, new threshold 6 (max threshold 6)
[6.689s][info ][gc,heap      ] GC(28) ParNew: 240754K->541K(270336K)
[6.689s][info ][gc,heap      ] GC(28) CMS: 119528K->119591K(600768K)
[6.689s][info ][gc,metaspace ] GC(28) Metaspace: 36618K->36618K(1081344K)
[6.689s][info ][gc           ] GC(28) Pause Young (Allocation Failure) 351M->117M(850M) 1.871ms
[6.689s][info ][gc,cpu       ] GC(28) User=0.01s Sys=0.00s Real=0.00s
[6.689s][info ][safepoint    ] Leaving safepoint region
[6.689s][info ][safepoint    ] Total time for which application threads were stopped: 0.0022398 seconds, Stopping threads took: 0.0002218 seconds
[6.723s][info ][safepoint    ] Application time: 0.0337423 seconds
[6.723s][info ][safepoint    ] Entering safepoint region: GenCollectForAllocation
[6.723s][info ][gc,start     ] GC(29) Pause Young (Allocation Failure)
[6.723s][info ][gc,task      ] GC(29) Using 4 workers of 4 for evacuation
[6.725s][debug][gc,ref       ] GC(29) Skipped phase1 of Reference Processing due to unavailable references
[6.725s][debug][gc,ref       ] GC(29) Skipped phase2 of Reference Processing due to unavailable references
[6.725s][debug][gc,ref       ] GC(29) Skipped phase3 of Reference Processing due to unavailable references
[6.725s][debug][gc,ref       ] GC(29) Skipped phase4 of Reference Processing due to unavailable references
[6.725s][debug][gc,age       ] GC(29) Desired survivor size 15368192 bytes, new threshold 6 (max threshold 6)
[6.725s][info ][gc,heap      ] GC(29) ParNew: 240861K->541K(270336K)
[6.725s][info ][gc,heap      ] GC(29) CMS: 119591K->119633K(600768K)
[6.725s][info ][gc,metaspace ] GC(29) Metaspace: 36618K->36618K(1081344K)
[6.725s][info ][gc           ] GC(29) Pause Young (Allocation Failure) 352M->117M(850M) 1.868ms
[6.725s][info ][gc,cpu       ] GC(29) User=0.00s Sys=0.00s Real=0.00s
[6.725s][info ][safepoint    ] Leaving safepoint region
[6.725s][info ][safepoint    ] Total time for which application threads were stopped: 0.0022202 seconds, Stopping threads took: 0.0001324 seconds
[6.786s][info ][safepoint    ] Application time: 0.0615456 seconds
[6.786s][info ][safepoint    ] Entering safepoint region: GenCollectForAllocation
[6.787s][info ][gc,start     ] GC(30) Pause Young (Allocation Failure)
[6.787s][info ][gc,task      ] GC(30) Using 4 workers of 4 for evacuation
[6.788s][debug][gc,ref       ] GC(30) Skipped phase1 of Reference Processing due to unavailable references
[6.788s][debug][gc,ref       ] GC(30) Skipped phase2 of Reference Processing due to unavailable references
[6.788s][debug][gc,ref       ] GC(30) Skipped phase3 of Reference Processing due to unavailable references
[6.788s][debug][gc,ref       ] GC(30) Skipped phase4 of Reference Processing due to unavailable references
[6.788s][debug][gc,age       ] GC(30) Desired survivor size 15368192 bytes, new threshold 6 (max threshold 6)
[6.788s][info ][gc,heap      ] GC(30) ParNew: 240861K->608K(270336K)
[6.788s][info ][gc,heap      ] GC(30) CMS: 119633K->119661K(600768K)
[6.788s][info ][gc,metaspace ] GC(30) Metaspace: 36618K->36618K(1081344K)
[6.788s][info ][gc           ] GC(30) Pause Young (Allocation Failure) 352M->117M(850M) 1.814ms
[6.788s][info ][gc,cpu       ] GC(30) User=0.01s Sys=0.00s Real=0.00s
[6.788s][info ][safepoint    ] Leaving safepoint region
[6.788s][info ][safepoint    ] Total time for which application threads were stopped: 0.0020828 seconds, Stopping threads took: 0.0001041 seconds
[6.823s][info ][safepoint    ] Application time: 0.0340293 seconds
[6.823s][info ][safepoint    ] Entering safepoint region: GenCollectForAllocation
[6.823s][info ][gc,start     ] GC(31) Pause Young (Allocation Failure)
[6.823s][info ][gc,task      ] GC(31) Using 4 workers of 4 for evacuation
[6.825s][debug][gc,ref       ] GC(31) Skipped phase1 of Reference Processing due to unavailable references
[6.825s][debug][gc,ref       ] GC(31) Skipped phase2 of Reference Processing due to unavailable references
[6.825s][debug][gc,ref       ] GC(31) Skipped phase3 of Reference Processing due to unavailable references
[6.825s][debug][gc,ref       ] GC(31) Skipped phase4 of Reference Processing due to unavailable references
[6.825s][debug][gc,age       ] GC(31) Desired survivor size 15368192 bytes, new threshold 6 (max threshold 6)
[6.825s][info ][gc,heap      ] GC(31) ParNew: 240928K->562K(270336K)
[6.825s][info ][gc,heap      ] GC(31) CMS: 119661K->119728K(600768K)
[6.825s][info ][gc,metaspace ] GC(31) Metaspace: 36618K->36618K(1081344K)
[6.825s][info ][gc           ] GC(31) Pause Young (Allocation Failure) 352M->117M(850M) 2.039ms
[6.825s][info ][gc,cpu       ] GC(31) User=0.00s Sys=0.01s Real=0.00s
[6.825s][info ][safepoint    ] Leaving safepoint region
[6.825s][info ][safepoint    ] Total time for which application threads were stopped: 0.0023340 seconds, Stopping threads took: 0.0001492 seconds
[6.875s][info ][safepoint    ] Application time: 0.0496686 seconds
[6.875s][info ][safepoint    ] Entering safepoint region: GenCollectForAllocation
[6.875s][info ][gc,start     ] GC(32) Pause Young (Allocation Failure)
[6.875s][info ][gc,task      ] GC(32) Using 4 workers of 4 for evacuation
[6.877s][debug][gc,ref       ] GC(32) Skipped phase1 of Reference Processing due to unavailable references
[6.877s][debug][gc,ref       ] GC(32) Skipped phase2 of Reference Processing due to unavailable references
[6.877s][debug][gc,ref       ] GC(32) Skipped phase3 of Reference Processing due to unavailable references
[6.877s][debug][gc,ref       ] GC(32) Skipped phase4 of Reference Processing due to unavailable references
[6.877s][debug][gc,age       ] GC(32) Desired survivor size 15368192 bytes, new threshold 6 (max threshold 6)
[6.877s][info ][gc,heap      ] GC(32) ParNew: 240882K->535K(270336K)
[6.877s][info ][gc,heap      ] GC(32) CMS: 119728K->119757K(600768K)
[6.877s][info ][gc,metaspace ] GC(32) Metaspace: 36618K->36618K(1081344K)
[6.877s][info ][gc           ] GC(32) Pause Young (Allocation Failure) 352M->117M(850M) 1.885ms
[6.877s][info ][gc,cpu       ] GC(32) User=0.00s Sys=0.00s Real=0.00s
[6.877s][info ][safepoint    ] Leaving safepoint region
[6.877s][info ][safepoint    ] Total time for which application threads were stopped: 0.0023046 seconds, Stopping threads took: 0.0002146 seconds
[6.926s][info ][safepoint    ] Application time: 0.0495250 seconds
[6.927s][info ][safepoint    ] Entering safepoint region: GenCollectForAllocation
[6.927s][info ][gc,start     ] GC(33) Pause Young (Allocation Failure)
[6.927s][info ][gc,task      ] GC(33) Using 4 workers of 4 for evacuation
[6.928s][debug][gc,ref       ] GC(33) Skipped phase1 of Reference Processing due to unavailable references
[6.929s][debug][gc,ref       ] GC(33) Skipped phase2 of Reference Processing due to unavailable references
[6.929s][debug][gc,ref       ] GC(33) Skipped phase3 of Reference Processing due to unavailable references
[6.929s][debug][gc,ref       ] GC(33) Skipped phase4 of Reference Processing due to unavailable references
[6.929s][debug][gc,age       ] GC(33) Desired survivor size 15368192 bytes, new threshold 6 (max threshold 6)
[6.929s][info ][gc,heap      ] GC(33) ParNew: 240855K->539K(270336K)
[6.929s][info ][gc,heap      ] GC(33) CMS: 119757K->119816K(600768K)
[6.929s][info ][gc,metaspace ] GC(33) Metaspace: 36618K->36618K(1081344K)
[6.929s][info ][gc           ] GC(33) Pause Young (Allocation Failure) 352M->117M(850M) 1.928ms
[6.929s][info ][gc,cpu       ] GC(33) User=0.00s Sys=0.00s Real=0.00s
[6.929s][info ][safepoint    ] Leaving safepoint region
[6.929s][info ][safepoint    ] Total time for which application threads were stopped: 0.0022301 seconds, Stopping threads took: 0.0001168 seconds
[6.976s][info ][safepoint    ] Application time: 0.0473526 seconds
[6.976s][info ][safepoint    ] Entering safepoint region: GenCollectForAllocation
[6.976s][info ][gc,start     ] GC(34) Pause Young (Allocation Failure)
[6.976s][info ][gc,task      ] GC(34) Using 4 workers of 4 for evacuation
[6.978s][debug][gc,ref       ] GC(34) Skipped phase1 of Reference Processing due to unavailable references
[6.978s][debug][gc,ref       ] GC(34) Skipped phase2 of Reference Processing due to unavailable references
[6.978s][debug][gc,ref       ] GC(34) Skipped phase3 of Reference Processing due to unavailable references
[6.978s][debug][gc,ref       ] GC(34) Skipped phase4 of Reference Processing due to unavailable references
[6.978s][debug][gc,age       ] GC(34) Desired survivor size 15368192 bytes, new threshold 6 (max threshold 6)
[6.978s][info ][gc,heap      ] GC(34) ParNew: 240859K->606K(270336K)
[6.978s][info ][gc,heap      ] GC(34) CMS: 119816K->119861K(600768K)
[6.978s][info ][gc,metaspace ] GC(34) Metaspace: 36618K->36618K(1081344K)
[6.978s][info ][gc           ] GC(34) Pause Young (Allocation Failure) 352M->117M(850M) 1.855ms
[6.978s][info ][gc,cpu       ] GC(34) User=0.00s Sys=0.00s Real=0.00s
[6.978s][info ][safepoint    ] Leaving safepoint region
[6.978s][info ][safepoint    ] Total time for which application threads were stopped: 0.0021011 seconds, Stopping threads took: 0.0000866 seconds
[7.026s][info ][safepoint    ] Application time: 0.0480130 seconds
[7.026s][info ][safepoint    ] Entering safepoint region: GenCollectForAllocation
[7.026s][info ][gc,start     ] GC(35) Pause Young (Allocation Failure)
[7.026s][info ][gc,task      ] GC(35) Using 4 workers of 4 for evacuation
[7.028s][debug][gc,ref       ] GC(35) Skipped phase1 of Reference Processing due to unavailable references
[7.028s][debug][gc,ref       ] GC(35) Skipped phase2 of Reference Processing due to unavailable references
[7.028s][debug][gc,ref       ] GC(35) Skipped phase3 of Reference Processing due to unavailable references
[7.028s][debug][gc,ref       ] GC(35) Skipped phase4 of Reference Processing due to unavailable references
[7.028s][debug][gc,age       ] GC(35) Desired survivor size 15368192 bytes, new threshold 6 (max threshold 6)
[7.028s][info ][gc,heap      ] GC(35) ParNew: 240926K->489K(270336K)
[7.028s][info ][gc,heap      ] GC(35) CMS: 119861K->119880K(600768K)
[7.028s][info ][gc,metaspace ] GC(35) Metaspace: 36618K->36618K(1081344K)
[7.028s][info ][gc           ] GC(35) Pause Young (Allocation Failure) 352M->117M(850M) 1.880ms
[7.028s][info ][gc,cpu       ] GC(35) User=0.00s Sys=0.00s Real=0.00s
[7.028s][info ][safepoint    ] Leaving safepoint region
[7.028s][info ][safepoint    ] Total time for which application threads were stopped: 0.0021130 seconds, Stopping threads took: 0.0000797 seconds
[7.072s][info ][safepoint    ] Application time: 0.0432662 seconds
[7.072s][info ][safepoint    ] Entering safepoint region: GenCollectForAllocation
[7.072s][info ][gc,start     ] GC(36) Pause Young (Allocation Failure)
[7.072s][info ][gc,task      ] GC(36) Using 4 workers of 4 for evacuation
[7.074s][debug][gc,ref       ] GC(36) Skipped phase1 of Reference Processing due to unavailable references
[7.074s][debug][gc,ref       ] GC(36) Skipped phase2 of Reference Processing due to unavailable references
[7.074s][debug][gc,ref       ] GC(36) Skipped phase3 of Reference Processing due to unavailable references
[7.074s][debug][gc,ref       ] GC(36) Skipped phase4 of Reference Processing due to unavailable references
[7.074s][debug][gc,age       ] GC(36) Desired survivor size 15368192 bytes, new threshold 6 (max threshold 6)
[7.074s][info ][gc,heap      ] GC(36) ParNew: 240809K->497K(270336K)
[7.074s][info ][gc,heap      ] GC(36) CMS: 119880K->119964K(600768K)
[7.074s][info ][gc,metaspace ] GC(36) Metaspace: 36619K->36619K(1081344K)
[7.074s][info ][gc           ] GC(36) Pause Young (Allocation Failure) 352M->117M(850M) 1.937ms
[7.074s][info ][gc,cpu       ] GC(36) User=0.01s Sys=0.00s Real=0.00s
[7.074s][info ][safepoint    ] Leaving safepoint region
[7.074s][info ][safepoint    ] Total time for which application threads were stopped: 0.0021587 seconds, Stopping threads took: 0.0000705 seconds
[7.121s][info ][safepoint    ] Application time: 0.0467608 seconds
[7.121s][info ][safepoint    ] Entering safepoint region: GenCollectForAllocation
[7.121s][info ][gc,start     ] GC(37) Pause Young (Allocation Failure)
[7.121s][info ][gc,task      ] GC(37) Using 4 workers of 4 for evacuation
[7.123s][debug][gc,ref       ] GC(37) Skipped phase1 of Reference Processing due to unavailable references
[7.123s][debug][gc,ref       ] GC(37) Skipped phase2 of Reference Processing due to unavailable references
[7.123s][debug][gc,ref       ] GC(37) Skipped phase3 of Reference Processing due to unavailable references
[7.123s][debug][gc,ref       ] GC(37) Skipped phase4 of Reference Processing due to unavailable references
[7.123s][debug][gc,age       ] GC(37) Desired survivor size 15368192 bytes, new threshold 6 (max threshold 6)
[7.123s][info ][gc,heap      ] GC(37) ParNew: 240817K->591K(270336K)
[7.123s][info ][gc,heap      ] GC(37) CMS: 119964K->119979K(600768K)
[7.123s][info ][gc,metaspace ] GC(37) Metaspace: 36622K->36622K(1081344K)
[7.123s][info ][gc           ] GC(37) Pause Young (Allocation Failure) 352M->117M(850M) 1.865ms
[7.123s][info ][gc,cpu       ] GC(37) User=0.00s Sys=0.00s Real=0.00s
[7.123s][info ][safepoint    ] Leaving safepoint region
[7.123s][info ][safepoint    ] Total time for which application threads were stopped: 0.0021776 seconds, Stopping threads took: 0.0001201 seconds
[7.169s][info ][safepoint    ] Application time: 0.0457280 seconds
[7.169s][info ][safepoint    ] Entering safepoint region: GenCollectForAllocation
[7.169s][info ][gc,start     ] GC(38) Pause Young (Allocation Failure)
[7.169s][info ][gc,task      ] GC(38) Using 4 workers of 4 for evacuation
[7.171s][debug][gc,ref       ] GC(38) Skipped phase1 of Reference Processing due to unavailable references
[7.171s][debug][gc,ref       ] GC(38) Skipped phase2 of Reference Processing due to unavailable references
[7.171s][debug][gc,ref       ] GC(38) Skipped phase3 of Reference Processing due to unavailable references
[7.171s][debug][gc,ref       ] GC(38) Skipped phase4 of Reference Processing due to unavailable references
[7.171s][debug][gc,age       ] GC(38) Desired survivor size 15368192 bytes, new threshold 6 (max threshold 6)
[7.171s][info ][gc,heap      ] GC(38) ParNew: 240911K->541K(270336K)
[7.171s][info ][gc,heap      ] GC(38) CMS: 119979K->120039K(600768K)
[7.171s][info ][gc,metaspace ] GC(38) Metaspace: 36624K->36624K(1081344K)
[7.171s][info ][gc           ] GC(38) Pause Young (Allocation Failure) 352M->117M(850M) 2.080ms
[7.171s][info ][gc,cpu       ] GC(38) User=0.01s Sys=0.00s Real=0.00s
[7.171s][info ][safepoint    ] Leaving safepoint region
[7.171s][info ][safepoint    ] Total time for which application threads were stopped: 0.0023083 seconds, Stopping threads took: 0.0000674 seconds
[7.215s][info ][safepoint    ] Application time: 0.0440464 seconds
[7.216s][info ][safepoint    ] Entering safepoint region: GenCollectForAllocation
[7.216s][info ][gc,start     ] GC(39) Pause Young (Allocation Failure)
[7.216s][info ][gc,task      ] GC(39) Using 4 workers of 4 for evacuation
[7.217s][debug][gc,ref       ] GC(39) Skipped phase1 of Reference Processing due to unavailable references
[7.217s][debug][gc,ref       ] GC(39) Skipped phase2 of Reference Processing due to unavailable references
[7.217s][debug][gc,ref       ] GC(39) Skipped phase3 of Reference Processing due to unavailable references
[7.217s][debug][gc,ref       ] GC(39) Skipped phase4 of Reference Processing due to unavailable references
[7.217s][debug][gc,age       ] GC(39) Desired survivor size 15368192 bytes, new threshold 6 (max threshold 6)
[7.217s][info ][gc,heap      ] GC(39) ParNew: 240861K->619K(270336K)
[7.217s][info ][gc,heap      ] GC(39) CMS: 120039K->120073K(600768K)
[7.217s][info ][gc,metaspace ] GC(39) Metaspace: 36624K->36624K(1081344K)
[7.217s][info ][gc           ] GC(39) Pause Young (Allocation Failure) 352M->117M(850M) 1.798ms
[7.217s][info ][gc,cpu       ] GC(39) User=0.00s Sys=0.00s Real=0.00s
[7.218s][info ][safepoint    ] Leaving safepoint region
[7.218s][info ][safepoint    ] Total time for which application threads were stopped: 0.0025468 seconds, Stopping threads took: 0.0005849 seconds
[7.271s][info ][safepoint    ] Application time: 0.0537420 seconds
[7.271s][info ][safepoint    ] Entering safepoint region: GenCollectForAllocation
[7.272s][info ][gc,start     ] GC(40) Pause Young (Allocation Failure)
[7.272s][info ][gc,task      ] GC(40) Using 4 workers of 4 for evacuation
[7.273s][debug][gc,ref       ] GC(40) Skipped phase1 of Reference Processing due to unavailable references
[7.274s][debug][gc,ref       ] GC(40) Skipped phase2 of Reference Processing due to unavailable references
[7.274s][debug][gc,ref       ] GC(40) Skipped phase3 of Reference Processing due to unavailable references
[7.274s][debug][gc,ref       ] GC(40) Skipped phase4 of Reference Processing due to unavailable references
[7.274s][debug][gc,age       ] GC(40) Desired survivor size 15368192 bytes, new threshold 6 (max threshold 6)
[7.274s][info ][gc,heap      ] GC(40) ParNew: 240939K->506K(270336K)
[7.274s][info ][gc,heap      ] GC(40) CMS: 120073K->120125K(600768K)
[7.274s][info ][gc,metaspace ] GC(40) Metaspace: 36624K->36624K(1081344K)
[7.274s][info ][gc           ] GC(40) Pause Young (Allocation Failure) 352M->117M(850M) 1.978ms
[7.274s][info ][gc,cpu       ] GC(40) User=0.01s Sys=0.00s Real=0.00s
[7.274s][info ][safepoint    ] Leaving safepoint region
[7.274s][info ][safepoint    ] Total time for which application threads were stopped: 0.0023933 seconds, Stopping threads took: 0.0001664 seconds
[7.317s][info ][safepoint    ] Application time: 0.0433232 seconds
[7.317s][info ][safepoint    ] Entering safepoint region: GenCollectForAllocation
[7.317s][info ][gc,start     ] GC(41) Pause Young (Allocation Failure)
[7.317s][info ][gc,task      ] GC(41) Using 4 workers of 4 for evacuation
[7.319s][debug][gc,ref       ] GC(41) Skipped phase1 of Reference Processing due to unavailable references
[7.319s][debug][gc,ref       ] GC(41) Skipped phase2 of Reference Processing due to unavailable references
[7.319s][debug][gc,ref       ] GC(41) Skipped phase3 of Reference Processing due to unavailable references
[7.319s][debug][gc,ref       ] GC(41) Skipped phase4 of Reference Processing due to unavailable references
[7.319s][debug][gc,age       ] GC(41) Desired survivor size 15368192 bytes, new threshold 6 (max threshold 6)
[7.319s][info ][gc,heap      ] GC(41) ParNew: 240826K->571K(270336K)
[7.319s][info ][gc,heap      ] GC(41) CMS: 120125K->120176K(600768K)
[7.319s][info ][gc,metaspace ] GC(41) Metaspace: 36625K->36625K(1081344K)
[7.319s][info ][gc           ] GC(41) Pause Young (Allocation Failure) 352M->117M(850M) 2.036ms
[7.319s][info ][gc,cpu       ] GC(41) User=0.01s Sys=0.00s Real=0.00s
[7.319s][info ][safepoint    ] Leaving safepoint region
[7.319s][info ][safepoint    ] Total time for which application threads were stopped: 0.0023102 seconds, Stopping threads took: 0.0001271 seconds
[7.368s][info ][safepoint    ] Application time: 0.0488224 seconds
[7.376s][info ][safepoint    ] Entering safepoint region: GenCollectForAllocation
[7.377s][info ][gc,start     ] GC(42) Pause Young (Allocation Failure)
[7.377s][info ][gc,task      ] GC(42) Using 4 workers of 4 for evacuation
[7.378s][debug][gc,ref       ] GC(42) Skipped phase1 of Reference Processing due to unavailable references
[7.378s][debug][gc,ref       ] GC(42) Skipped phase2 of Reference Processing due to unavailable references
[7.378s][debug][gc,ref       ] GC(42) Skipped phase3 of Reference Processing due to unavailable references
[7.378s][debug][gc,ref       ] GC(42) Skipped phase4 of Reference Processing due to unavailable references
[7.378s][debug][gc,age       ] GC(42) Desired survivor size 15368192 bytes, new threshold 6 (max threshold 6)
[7.379s][info ][gc,heap      ] GC(42) ParNew: 240891K->533K(270336K)
[7.379s][info ][gc,heap      ] GC(42) CMS: 120176K->120216K(600768K)
[7.379s][info ][gc,metaspace ] GC(42) Metaspace: 36625K->36625K(1081344K)
[7.379s][info ][gc           ] GC(42) Pause Young (Allocation Failure) 352M->117M(850M) 1.982ms
[7.379s][info ][gc,cpu       ] GC(42) User=0.01s Sys=0.00s Real=0.00s
[7.379s][info ][safepoint    ] Leaving safepoint region
[7.379s][info ][safepoint    ] Total time for which application threads were stopped: 0.0102996 seconds, Stopping threads took: 0.0081529 seconds
[7.425s][info ][safepoint    ] Application time: 0.0468051 seconds
[7.426s][info ][safepoint    ] Entering safepoint region: GenCollectForAllocation
[7.426s][info ][gc,start     ] GC(43) Pause Young (Allocation Failure)
[7.426s][info ][gc,task      ] GC(43) Using 4 workers of 4 for evacuation
[7.428s][debug][gc,ref       ] GC(43) Skipped phase1 of Reference Processing due to unavailable references
[7.428s][debug][gc,ref       ] GC(43) Skipped phase2 of Reference Processing due to unavailable references
[7.428s][debug][gc,ref       ] GC(43) Skipped phase3 of Reference Processing due to unavailable references
[7.428s][debug][gc,ref       ] GC(43) Skipped phase4 of Reference Processing due to unavailable references
[7.428s][debug][gc,age       ] GC(43) Desired survivor size 15368192 bytes, new threshold 6 (max threshold 6)
[7.428s][info ][gc,heap      ] GC(43) ParNew: 240853K->531K(270336K)
[7.428s][info ][gc,heap      ] GC(43) CMS: 120216K->120268K(600768K)
[7.428s][info ][gc,metaspace ] GC(43) Metaspace: 36625K->36625K(1081344K)
[7.428s][info ][gc           ] GC(43) Pause Young (Allocation Failure) 352M->117M(850M) 2.495ms
[7.428s][info ][gc,cpu       ] GC(43) User=0.01s Sys=0.00s Real=0.01s
[7.428s][info ][safepoint    ] Leaving safepoint region
[7.428s][info ][safepoint    ] Total time for which application threads were stopped: 0.0027808 seconds, Stopping threads took: 0.0001434 seconds
[7.479s][info ][safepoint    ] Application time: 0.0505834 seconds
[7.479s][info ][safepoint    ] Entering safepoint region: GenCollectForAllocation
[7.479s][info ][gc,start     ] GC(44) Pause Young (Allocation Failure)
[7.479s][info ][gc,task      ] GC(44) Using 4 workers of 4 for evacuation
[7.481s][debug][gc,ref       ] GC(44) Skipped phase1 of Reference Processing due to unavailable references
[7.481s][debug][gc,ref       ] GC(44) Skipped phase2 of Reference Processing due to unavailable references
[7.481s][debug][gc,ref       ] GC(44) Skipped phase3 of Reference Processing due to unavailable references
[7.481s][debug][gc,ref       ] GC(44) Skipped phase4 of Reference Processing due to unavailable references
[7.481s][debug][gc,age       ] GC(44) Desired survivor size 15368192 bytes, new threshold 6 (max threshold 6)
[7.481s][info ][gc,heap      ] GC(44) ParNew: 240851K->645K(270336K)
[7.481s][info ][gc,heap      ] GC(44) CMS: 120268K->120308K(600768K)
[7.481s][info ][gc,metaspace ] GC(44) Metaspace: 36625K->36625K(1081344K)
[7.481s][info ][gc           ] GC(44) Pause Young (Allocation Failure) 352M->118M(850M) 1.862ms
[7.481s][info ][gc,cpu       ] GC(44) User=0.01s Sys=0.00s Real=0.00s
[7.481s][info ][safepoint    ] Leaving safepoint region
[7.481s][info ][safepoint    ] Total time for which application threads were stopped: 0.0021654 seconds, Stopping threads took: 0.0001515 seconds
[7.516s][info ][safepoint    ] Application time: 0.0346400 seconds
[7.516s][info ][safepoint    ] Entering safepoint region: GenCollectForAllocation
[7.516s][info ][gc,start     ] GC(45) Pause Young (Allocation Failure)
[7.516s][info ][gc,task      ] GC(45) Using 4 workers of 4 for evacuation
[7.518s][debug][gc,ref       ] GC(45) Skipped phase1 of Reference Processing due to unavailable references
[7.518s][debug][gc,ref       ] GC(45) Skipped phase2 of Reference Processing due to unavailable references
[7.518s][debug][gc,ref       ] GC(45) Skipped phase3 of Reference Processing due to unavailable references
[7.518s][debug][gc,ref       ] GC(45) Skipped phase4 of Reference Processing due to unavailable references
[7.518s][debug][gc,age       ] GC(45) Desired survivor size 15368192 bytes, new threshold 6 (max threshold 6)
[7.518s][info ][gc,heap      ] GC(45) ParNew: 240965K->529K(270336K)
[7.518s][info ][gc,heap      ] GC(45) CMS: 120308K->120348K(600768K)
[7.518s][info ][gc,metaspace ] GC(45) Metaspace: 36625K->36625K(1081344K)
[7.518s][info ][gc           ] GC(45) Pause Young (Allocation Failure) 352M->118M(850M) 1.908ms
[7.518s][info ][gc,cpu       ] GC(45) User=0.01s Sys=0.00s Real=0.00s
[7.518s][info ][safepoint    ] Leaving safepoint region
[7.518s][info ][safepoint    ] Total time for which application threads were stopped: 0.0021367 seconds, Stopping threads took: 0.0000746 seconds
[7.569s][info ][safepoint    ] Application time: 0.0509821 seconds
[7.569s][info ][safepoint    ] Entering safepoint region: GenCollectForAllocation
[7.569s][info ][gc,start     ] GC(46) Pause Young (Allocation Failure)
[7.569s][info ][gc,task      ] GC(46) Using 4 workers of 4 for evacuation
[7.571s][debug][gc,ref       ] GC(46) Skipped phase1 of Reference Processing due to unavailable references
[7.571s][debug][gc,ref       ] GC(46) Skipped phase2 of Reference Processing due to unavailable references
[7.571s][debug][gc,ref       ] GC(46) Skipped phase3 of Reference Processing due to unavailable references
[7.571s][debug][gc,ref       ] GC(46) Skipped phase4 of Reference Processing due to unavailable references
[7.571s][debug][gc,age       ] GC(46) Desired survivor size 15368192 bytes, new threshold 6 (max threshold 6)
[7.571s][info ][gc,heap      ] GC(46) ParNew: 240849K->518K(270336K)
[7.571s][info ][gc,heap      ] GC(46) CMS: 120348K->120399K(600768K)
[7.571s][info ][gc,metaspace ] GC(46) Metaspace: 36625K->36625K(1081344K)
[7.571s][info ][gc           ] GC(46) Pause Young (Allocation Failure) 352M->118M(850M) 1.927ms
[7.571s][info ][gc,cpu       ] GC(46) User=0.00s Sys=0.00s Real=0.00s
[7.571s][info ][safepoint    ] Leaving safepoint region
[7.571s][info ][safepoint    ] Total time for which application threads were stopped: 0.0023472 seconds, Stopping threads took: 0.0002568 seconds
[7.623s][info ][safepoint    ] Application time: 0.0519218 seconds
[7.623s][info ][safepoint    ] Entering safepoint region: GenCollectForAllocation
[7.623s][info ][gc,start     ] GC(47) Pause Young (Allocation Failure)
[7.623s][info ][gc,task      ] GC(47) Using 4 workers of 4 for evacuation
[7.625s][debug][gc,ref       ] GC(47) Skipped phase1 of Reference Processing due to unavailable references
[7.625s][debug][gc,ref       ] GC(47) Skipped phase2 of Reference Processing due to unavailable references
[7.625s][debug][gc,ref       ] GC(47) Skipped phase3 of Reference Processing due to unavailable references
[7.625s][debug][gc,ref       ] GC(47) Skipped phase4 of Reference Processing due to unavailable references
[7.625s][debug][gc,age       ] GC(47) Desired survivor size 15368192 bytes, new threshold 6 (max threshold 6)
[7.625s][info ][gc,heap      ] GC(47) ParNew: 240838K->649K(270336K)
[7.625s][info ][gc,heap      ] GC(47) CMS: 120399K->120455K(600768K)
[7.625s][info ][gc,metaspace ] GC(47) Metaspace: 36625K->36625K(1081344K)
[7.625s][info ][gc           ] GC(47) Pause Young (Allocation Failure) 352M->118M(850M) 1.855ms
[7.625s][info ][gc,cpu       ] GC(47) User=0.01s Sys=0.00s Real=0.00s
[7.625s][info ][safepoint    ] Leaving safepoint region
[7.625s][info ][safepoint    ] Total time for which application threads were stopped: 0.0021409 seconds, Stopping threads took: 0.0001240 seconds
[7.668s][info ][safepoint    ] Application time: 0.0423231 seconds
[7.668s][info ][safepoint    ] Entering safepoint region: GenCollectForAllocation
[7.668s][info ][gc,start     ] GC(48) Pause Young (Allocation Failure)
[7.668s][info ][gc,task      ] GC(48) Using 4 workers of 4 for evacuation
[7.670s][debug][gc,ref       ] GC(48) Skipped phase1 of Reference Processing due to unavailable references
[7.670s][debug][gc,ref       ] GC(48) Skipped phase2 of Reference Processing due to unavailable references
[7.670s][debug][gc,ref       ] GC(48) Skipped phase3 of Reference Processing due to unavailable references
[7.670s][debug][gc,ref       ] GC(48) Skipped phase4 of Reference Processing due to unavailable references
[7.670s][debug][gc,age       ] GC(48) Desired survivor size 15368192 bytes, new threshold 6 (max threshold 6)
[7.670s][info ][gc,heap      ] GC(48) ParNew: 240969K->518K(270336K)
[7.670s][info ][gc,heap      ] GC(48) CMS: 120455K->120512K(600768K)
[7.670s][info ][gc,metaspace ] GC(48) Metaspace: 36625K->36625K(1081344K)
[7.670s][info ][gc           ] GC(48) Pause Young (Allocation Failure) 352M->118M(850M) 1.967ms
[7.670s][info ][gc,cpu       ] GC(48) User=0.01s Sys=0.00s Real=0.00s
[7.670s][info ][safepoint    ] Leaving safepoint region
[7.670s][info ][safepoint    ] Total time for which application threads were stopped: 0.0022461 seconds, Stopping threads took: 0.0001238 seconds
[7.718s][info ][safepoint    ] Application time: 0.0482025 seconds
[7.726s][info ][safepoint    ] Entering safepoint region: GenCollectForAllocation
[7.727s][info ][gc,start     ] GC(49) Pause Young (Allocation Failure)
[7.727s][info ][gc,task      ] GC(49) Using 4 workers of 4 for evacuation
[7.729s][debug][gc,ref       ] GC(49) Skipped phase1 of Reference Processing due to unavailable references
[7.729s][debug][gc,ref       ] GC(49) Skipped phase2 of Reference Processing due to unavailable references
[7.729s][debug][gc,ref       ] GC(49) Skipped phase3 of Reference Processing due to unavailable references
[7.729s][debug][gc,ref       ] GC(49) Skipped phase4 of Reference Processing due to unavailable references
[7.729s][debug][gc,age       ] GC(49) Desired survivor size 15368192 bytes, new threshold 6 (max threshold 6)
[7.729s][info ][gc,heap      ] GC(49) ParNew: 240838K->599K(270336K)
[7.729s][info ][gc,heap      ] GC(49) CMS: 120512K->120550K(600768K)
[7.729s][info ][gc,metaspace ] GC(49) Metaspace: 36625K->36625K(1081344K)
[7.729s][info ][gc           ] GC(49) Pause Young (Allocation Failure) 352M->118M(850M) 2.343ms
[7.729s][info ][gc,cpu       ] GC(49) User=0.01s Sys=0.00s Real=0.00s
[7.729s][info ][safepoint    ] Leaving safepoint region
[7.729s][info ][safepoint    ] Total time for which application threads were stopped: 0.0108868 seconds, Stopping threads took: 0.0083817 seconds
[7.779s][info ][safepoint    ] Application time: 0.0501939 seconds
[7.779s][info ][safepoint    ] Entering safepoint region: GenCollectForAllocation
[7.779s][info ][gc,start     ] GC(50) Pause Young (Allocation Failure)
[7.780s][info ][gc,task      ] GC(50) Using 4 workers of 4 for evacuation
[7.783s][debug][gc,ref       ] GC(50) Skipped phase1 of Reference Processing due to unavailable references
[7.783s][debug][gc,ref       ] GC(50) Skipped phase2 of Reference Processing due to unavailable references
[7.783s][debug][gc,ref       ] GC(50) Skipped phase3 of Reference Processing due to unavailable references
[7.783s][debug][gc,ref       ] GC(50) Skipped phase4 of Reference Processing due to unavailable references
[7.783s][debug][gc,age       ] GC(50) Desired survivor size 15368192 bytes, new threshold 6 (max threshold 6)
[7.783s][info ][gc,heap      ] GC(50) ParNew: 240919K->571K(270336K)
[7.783s][info ][gc,heap      ] GC(50) CMS: 120550K->120612K(600768K)
[7.783s][info ][gc,metaspace ] GC(50) Metaspace: 36627K->36627K(1083392K)
[7.783s][info ][gc           ] GC(50) Pause Young (Allocation Failure) 352M->118M(850M) 3.643ms
[7.783s][info ][gc,cpu       ] GC(50) User=0.02s Sys=0.00s Real=0.00s
[7.783s][info ][safepoint    ] Leaving safepoint region
[7.783s][info ][safepoint    ] Total time for which application threads were stopped: 0.0039585 seconds, Stopping threads took: 0.0001671 seconds
[7.827s][info ][safepoint    ] Application time: 0.0438760 seconds
[7.827s][info ][safepoint    ] Entering safepoint region: GenCollectForAllocation
[7.827s][info ][gc,start     ] GC(51) Pause Young (Allocation Failure)
[7.827s][info ][gc,task      ] GC(51) Using 4 workers of 4 for evacuation
[7.829s][debug][gc,ref       ] GC(51) Skipped phase1 of Reference Processing due to unavailable references
[7.829s][debug][gc,ref       ] GC(51) Skipped phase2 of Reference Processing due to unavailable references
[7.829s][debug][gc,ref       ] GC(51) Skipped phase3 of Reference Processing due to unavailable references
[7.829s][debug][gc,ref       ] GC(51) Skipped phase4 of Reference Processing due to unavailable references
[7.829s][debug][gc,age       ] GC(51) Desired survivor size 15368192 bytes, new threshold 6 (max threshold 6)
[7.829s][info ][gc,heap      ] GC(51) ParNew: 240891K->661K(270336K)
[7.829s][info ][gc,heap      ] GC(51) CMS: 120612K->120637K(600768K)
[7.829s][info ][gc,metaspace ] GC(51) Metaspace: 36635K->36635K(1083392K)
[7.829s][info ][gc           ] GC(51) Pause Young (Allocation Failure) 353M->118M(850M) 1.957ms
[7.829s][info ][gc,cpu       ] GC(51) User=0.01s Sys=0.00s Real=0.00s
[7.829s][info ][safepoint    ] Leaving safepoint region
[7.829s][info ][safepoint    ] Total time for which application threads were stopped: 0.0021835 seconds, Stopping threads took: 0.0000724 seconds
[7.875s][info ][safepoint    ] Application time: 0.0455301 seconds
[7.875s][info ][safepoint    ] Entering safepoint region: GenCollectForAllocation
[7.875s][info ][gc,start     ] GC(52) Pause Young (Allocation Failure)
[7.875s][info ][gc,task      ] GC(52) Using 4 workers of 4 for evacuation
[7.877s][debug][gc,ref       ] GC(52) Skipped phase1 of Reference Processing due to unavailable references
[7.877s][debug][gc,ref       ] GC(52) Skipped phase2 of Reference Processing due to unavailable references
[7.877s][debug][gc,ref       ] GC(52) Skipped phase3 of Reference Processing due to unavailable references
[7.877s][debug][gc,ref       ] GC(52) Skipped phase4 of Reference Processing due to unavailable references
[7.877s][debug][gc,age       ] GC(52) Desired survivor size 15368192 bytes, new threshold 6 (max threshold 6)
[7.877s][info ][gc,heap      ] GC(52) ParNew: 240981K->591K(270336K)
[7.877s][info ][gc,heap      ] GC(52) CMS: 120637K->120699K(600768K)
[7.877s][info ][gc,metaspace ] GC(52) Metaspace: 36641K->36641K(1083392K)
[7.877s][info ][gc           ] GC(52) Pause Young (Allocation Failure) 353M->118M(850M) 1.938ms
[7.877s][info ][gc,cpu       ] GC(52) User=0.01s Sys=0.00s Real=0.00s
[7.877s][info ][safepoint    ] Leaving safepoint region
[7.877s][info ][safepoint    ] Total time for which application threads were stopped: 0.0021925 seconds, Stopping threads took: 0.0001016 seconds
[7.927s][info ][safepoint    ] Application time: 0.0501747 seconds
[7.927s][info ][safepoint    ] Entering safepoint region: GenCollectForAllocation
[7.927s][info ][gc,start     ] GC(53) Pause Young (Allocation Failure)
[7.927s][info ][gc,task      ] GC(53) Using 4 workers of 4 for evacuation
[7.929s][debug][gc,ref       ] GC(53) Skipped phase1 of Reference Processing due to unavailable references
[7.929s][debug][gc,ref       ] GC(53) Skipped phase2 of Reference Processing due to unavailable references
[7.929s][debug][gc,ref       ] GC(53) Skipped phase3 of Reference Processing due to unavailable references
[7.929s][debug][gc,ref       ] GC(53) Skipped phase4 of Reference Processing due to unavailable references
[7.930s][debug][gc,age       ] GC(53) Desired survivor size 15368192 bytes, new threshold 6 (max threshold 6)
[7.930s][info ][gc,heap      ] GC(53) ParNew: 240911K->589K(270336K)
[7.930s][info ][gc,heap      ] GC(53) CMS: 120699K->120762K(600768K)
[7.930s][info ][gc,metaspace ] GC(53) Metaspace: 36641K->36641K(1083392K)
[7.930s][info ][gc           ] GC(53) Pause Young (Allocation Failure) 353M->118M(850M) 2.112ms
[7.930s][info ][gc,cpu       ] GC(53) User=0.00s Sys=0.00s Real=0.00s
[7.930s][info ][safepoint    ] Leaving safepoint region
[7.930s][info ][safepoint    ] Total time for which application threads were stopped: 0.0023864 seconds, Stopping threads took: 0.0001071 seconds
[7.979s][info ][safepoint    ] Application time: 0.0491487 seconds
[7.979s][info ][safepoint    ] Entering safepoint region: GenCollectForAllocation
[7.979s][info ][gc,start     ] GC(54) Pause Young (Allocation Failure)
[7.979s][info ][gc,task      ] GC(54) Using 4 workers of 4 for evacuation
[7.981s][debug][gc,ref       ] GC(54) Skipped phase1 of Reference Processing due to unavailable references
[7.981s][debug][gc,ref       ] GC(54) Skipped phase2 of Reference Processing due to unavailable references
[7.981s][debug][gc,ref       ] GC(54) Skipped phase3 of Reference Processing due to unavailable references
[7.981s][debug][gc,ref       ] GC(54) Skipped phase4 of Reference Processing due to unavailable references
[7.981s][debug][gc,age       ] GC(54) Desired survivor size 15368192 bytes, new threshold 6 (max threshold 6)
[7.981s][info ][gc,heap      ] GC(54) ParNew: 240909K->583K(270336K)
[7.981s][info ][gc,heap      ] GC(54) CMS: 120762K->120813K(600768K)
[7.981s][info ][gc,metaspace ] GC(54) Metaspace: 36641K->36641K(1083392K)
[7.981s][info ][gc           ] GC(54) Pause Young (Allocation Failure) 353M->118M(850M) 2.052ms
[7.981s][info ][gc,cpu       ] GC(54) User=0.01s Sys=0.00s Real=0.00s
[7.981s][info ][safepoint    ] Leaving safepoint region
[7.981s][info ][safepoint    ] Total time for which application threads were stopped: 0.0023681 seconds, Stopping threads took: 0.0001472 seconds
[8.027s][info ][safepoint    ] Application time: 0.0462295 seconds
[8.028s][info ][safepoint    ] Entering safepoint region: GenCollectForAllocation
[8.028s][info ][gc,start     ] GC(55) Pause Young (Allocation Failure)
[8.028s][info ][gc,task      ] GC(55) Using 4 workers of 4 for evacuation
[8.030s][debug][gc,ref       ] GC(55) Skipped phase1 of Reference Processing due to unavailable references
[8.030s][debug][gc,ref       ] GC(55) Skipped phase2 of Reference Processing due to unavailable references
[8.030s][debug][gc,ref       ] GC(55) Skipped phase3 of Reference Processing due to unavailable references
[8.030s][debug][gc,ref       ] GC(55) Skipped phase4 of Reference Processing due to unavailable references
[8.030s][debug][gc,age       ] GC(55) Desired survivor size 15368192 bytes, new threshold 6 (max threshold 6)
[8.030s][info ][gc,heap      ] GC(55) ParNew: 240903K->685K(270336K)
[8.030s][info ][gc,heap      ] GC(55) CMS: 120813K->120862K(600768K)
[8.030s][info ][gc,metaspace ] GC(55) Metaspace: 36641K->36641K(1083392K)
[8.030s][info ][gc           ] GC(55) Pause Young (Allocation Failure) 353M->118M(850M) 1.901ms
[8.030s][info ][gc,cpu       ] GC(55) User=0.01s Sys=0.00s Real=0.00s
[8.030s][info ][safepoint    ] Leaving safepoint region
[8.030s][info ][safepoint    ] Total time for which application threads were stopped: 0.0022590 seconds, Stopping threads took: 0.0002159 seconds
[8.081s][info ][safepoint    ] Application time: 0.0511643 seconds
[8.081s][info ][safepoint    ] Entering safepoint region: GenCollectForAllocation
[8.081s][info ][gc,start     ] GC(56) Pause Young (Allocation Failure)
[8.081s][info ][gc,task      ] GC(56) Using 4 workers of 4 for evacuation
[8.083s][debug][gc,ref       ] GC(56) Skipped phase1 of Reference Processing due to unavailable references
[8.083s][debug][gc,ref       ] GC(56) Skipped phase2 of Reference Processing due to unavailable references
[8.083s][debug][gc,ref       ] GC(56) Skipped phase3 of Reference Processing due to unavailable references
[8.083s][debug][gc,ref       ] GC(56) Skipped phase4 of Reference Processing due to unavailable references
[8.083s][debug][gc,age       ] GC(56) Desired survivor size 15368192 bytes, new threshold 6 (max threshold 6)
[8.083s][info ][gc,heap      ] GC(56) ParNew: 241005K->543K(270336K)
[8.083s][info ][gc,heap      ] GC(56) CMS: 120862K->120919K(600768K)
[8.083s][info ][gc,metaspace ] GC(56) Metaspace: 36641K->36641K(1083392K)
[8.083s][info ][gc           ] GC(56) Pause Young (Allocation Failure) 353M->118M(850M) 1.958ms
[8.083s][info ][gc,cpu       ] GC(56) User=0.01s Sys=0.00s Real=0.00s
[8.083s][info ][safepoint    ] Leaving safepoint region
[8.083s][info ][safepoint    ] Total time for which application threads were stopped: 0.0022689 seconds, Stopping threads took: 0.0001721 seconds
[8.126s][info ][safepoint    ] Application time: 0.0429558 seconds
[8.131s][info ][safepoint    ] Entering safepoint region: GenCollectForAllocation
[8.131s][info ][gc,start     ] GC(57) Pause Young (Allocation Failure)
[8.131s][info ][gc,task      ] GC(57) Using 4 workers of 4 for evacuation
[8.133s][debug][gc,ref       ] GC(57) Skipped phase1 of Reference Processing due to unavailable references
[8.134s][debug][gc,ref       ] GC(57) Skipped phase2 of Reference Processing due to unavailable references
[8.134s][debug][gc,ref       ] GC(57) Skipped phase3 of Reference Processing due to unavailable references
[8.134s][debug][gc,ref       ] GC(57) Skipped phase4 of Reference Processing due to unavailable references
[8.134s][debug][gc,age       ] GC(57) Desired survivor size 15368192 bytes, new threshold 6 (max threshold 6)
[8.134s][info ][gc,heap      ] GC(57) ParNew: 240863K->610K(270336K)
[8.134s][info ][gc,heap      ] GC(57) CMS: 120919K->120960K(600768K)
[8.134s][info ][gc,metaspace ] GC(57) Metaspace: 36641K->36641K(1083392K)
[8.134s][info ][gc           ] GC(57) Pause Young (Allocation Failure) 353M->118M(850M) 2.453ms
[8.134s][info ][gc,cpu       ] GC(57) User=0.00s Sys=0.00s Real=0.00s
[8.134s][info ][safepoint    ] Leaving safepoint region
[8.134s][info ][safepoint    ] Total time for which application threads were stopped: 0.0075215 seconds, Stopping threads took: 0.0049192 seconds
[8.192s][info ][safepoint    ] Application time: 0.0580981 seconds
[8.192s][info ][safepoint    ] Entering safepoint region: GenCollectForAllocation
[8.193s][info ][gc,start     ] GC(58) Pause Young (Allocation Failure)
[8.193s][info ][gc,task      ] GC(58) Using 4 workers of 4 for evacuation
[8.195s][debug][gc,ref       ] GC(58) Skipped phase1 of Reference Processing due to unavailable references
[8.195s][debug][gc,ref       ] GC(58) Skipped phase2 of Reference Processing due to unavailable references
[8.195s][debug][gc,ref       ] GC(58) Skipped phase3 of Reference Processing due to unavailable references
[8.195s][debug][gc,ref       ] GC(58) Skipped phase4 of Reference Processing due to unavailable references
[8.195s][debug][gc,age       ] GC(58) Desired survivor size 15368192 bytes, new threshold 6 (max threshold 6)
[8.195s][info ][gc,heap      ] GC(58) ParNew: 240930K->664K(270336K)
[8.195s][info ][gc,heap      ] GC(58) CMS: 120960K->121020K(600768K)
[8.195s][info ][gc,metaspace ] GC(58) Metaspace: 36641K->36641K(1083392K)
[8.195s][info ][gc           ] GC(58) Pause Young (Allocation Failure) 353M->118M(850M) 2.070ms
[8.195s][info ][gc,cpu       ] GC(58) User=0.01s Sys=0.00s Real=0.01s
[8.195s][info ][safepoint    ] Leaving safepoint region
[8.195s][info ][safepoint    ] Total time for which application threads were stopped: 0.0028913 seconds, Stopping threads took: 0.0006730 seconds
[8.238s][info ][safepoint    ] Application time: 0.0428266 seconds
[8.238s][info ][safepoint    ] Entering safepoint region: GenCollectForAllocation
[8.238s][info ][gc,start     ] GC(59) Pause Young (Allocation Failure)
[8.238s][info ][gc,task      ] GC(59) Using 4 workers of 4 for evacuation
[8.240s][debug][gc,ref       ] GC(59) Skipped phase1 of Reference Processing due to unavailable references
[8.240s][debug][gc,ref       ] GC(59) Skipped phase2 of Reference Processing due to unavailable references
[8.240s][debug][gc,ref       ] GC(59) Skipped phase3 of Reference Processing due to unavailable references
[8.240s][debug][gc,ref       ] GC(59) Skipped phase4 of Reference Processing due to unavailable references
[8.240s][debug][gc,age       ] GC(59) Desired survivor size 15368192 bytes, new threshold 6 (max threshold 6)
[8.240s][info ][gc,heap      ] GC(59) ParNew: 240984K->693K(270336K)
[8.240s][info ][gc,heap      ] GC(59) CMS: 121020K->121066K(600768K)
[8.240s][info ][gc,metaspace ] GC(59) Metaspace: 36641K->36641K(1083392K)
[8.240s][info ][gc           ] GC(59) Pause Young (Allocation Failure) 353M->118M(850M) 2.137ms
[8.240s][info ][gc,cpu       ] GC(59) User=0.00s Sys=0.00s Real=0.00s
[8.240s][info ][safepoint    ] Leaving safepoint region
[8.240s][info ][safepoint    ] Total time for which application threads were stopped: 0.0025374 seconds, Stopping threads took: 0.0002076 seconds
[8.293s][info ][safepoint    ] Application time: 0.0527659 seconds
[8.293s][info ][safepoint    ] Entering safepoint region: GenCollectForAllocation
[8.293s][info ][gc,start     ] GC(60) Pause Young (Allocation Failure)
[8.293s][info ][gc,task      ] GC(60) Using 4 workers of 4 for evacuation
[8.295s][debug][gc,ref       ] GC(60) Skipped phase1 of Reference Processing due to unavailable references
[8.295s][debug][gc,ref       ] GC(60) Skipped phase2 of Reference Processing due to unavailable references
[8.295s][debug][gc,ref       ] GC(60) Skipped phase3 of Reference Processing due to unavailable references
[8.295s][debug][gc,ref       ] GC(60) Skipped phase4 of Reference Processing due to unavailable references
[8.295s][debug][gc,age       ] GC(60) Desired survivor size 15368192 bytes, new threshold 6 (max threshold 6)
[8.295s][info ][gc,heap      ] GC(60) ParNew: 241013K->571K(270336K)
[8.295s][info ][gc,heap      ] GC(60) CMS: 121066K->121125K(600768K)
[8.295s][info ][gc,metaspace ] GC(60) Metaspace: 36641K->36641K(1083392K)
[8.295s][info ][gc           ] GC(60) Pause Young (Allocation Failure) 353M->118M(850M) 2.106ms
[8.295s][info ][gc,cpu       ] GC(60) User=0.01s Sys=0.00s Real=0.01s
[8.295s][info ][safepoint    ] Leaving safepoint region
[8.295s][info ][safepoint    ] Total time for which application threads were stopped: 0.0023638 seconds, Stopping threads took: 0.0001133 seconds
[8.337s][info ][safepoint    ] Application time: 0.0421465 seconds
[8.338s][info ][safepoint    ] Entering safepoint region: GenCollectForAllocation
[8.338s][info ][gc,start     ] GC(61) Pause Young (Allocation Failure)
[8.338s][info ][gc,task      ] GC(61) Using 4 workers of 4 for evacuation
[8.340s][debug][gc,ref       ] GC(61) Skipped phase1 of Reference Processing due to unavailable references
[8.340s][debug][gc,ref       ] GC(61) Skipped phase2 of Reference Processing due to unavailable references
[8.340s][debug][gc,ref       ] GC(61) Skipped phase3 of Reference Processing due to unavailable references
[8.340s][debug][gc,ref       ] GC(61) Skipped phase4 of Reference Processing due to unavailable references
[8.340s][debug][gc,age       ] GC(61) Desired survivor size 15368192 bytes, new threshold 6 (max threshold 6)
[8.340s][info ][gc,heap      ] GC(61) ParNew: 240891K->651K(270336K)
[8.340s][info ][gc,heap      ] GC(61) CMS: 121125K->121177K(600768K)
[8.340s][info ][gc,metaspace ] GC(61) Metaspace: 36641K->36641K(1083392K)
[8.340s][info ][gc           ] GC(61) Pause Young (Allocation Failure) 353M->118M(850M) 2.155ms
[8.340s][info ][gc,cpu       ] GC(61) User=0.01s Sys=0.00s Real=0.00s
[8.340s][info ][safepoint    ] Leaving safepoint region
[8.340s][info ][safepoint    ] Total time for which application threads were stopped: 0.0024208 seconds, Stopping threads took: 0.0001155 seconds
[8.385s][info ][safepoint    ] Application time: 0.0448811 seconds
[8.385s][info ][safepoint    ] Entering safepoint region: GenCollectForAllocation
[8.385s][info ][gc,start     ] GC(62) Pause Young (Allocation Failure)
[8.385s][info ][gc,task      ] GC(62) Using 4 workers of 4 for evacuation
[8.387s][debug][gc,ref       ] GC(62) Skipped phase1 of Reference Processing due to unavailable references
[8.387s][debug][gc,ref       ] GC(62) Skipped phase2 of Reference Processing due to unavailable references
[8.387s][debug][gc,ref       ] GC(62) Skipped phase3 of Reference Processing due to unavailable references
[8.387s][debug][gc,ref       ] GC(62) Skipped phase4 of Reference Processing due to unavailable references
[8.387s][debug][gc,age       ] GC(62) Desired survivor size 15368192 bytes, new threshold 6 (max threshold 6)
[8.387s][info ][gc,heap      ] GC(62) ParNew: 240971K->711K(270336K)
[8.387s][info ][gc,heap      ] GC(62) CMS: 121177K->121232K(600768K)
[8.387s][info ][gc,metaspace ] GC(62) Metaspace: 36641K->36641K(1083392K)
[8.387s][info ][gc           ] GC(62) Pause Young (Allocation Failure) 353M->119M(850M) 2.107ms
[8.387s][info ][gc,cpu       ] GC(62) User=0.01s Sys=0.00s Real=0.01s
[8.387s][info ][safepoint    ] Leaving safepoint region
[8.387s][info ][safepoint    ] Total time for which application threads were stopped: 0.0024240 seconds, Stopping threads took: 0.0001391 seconds
[8.440s][info ][safepoint    ] Application time: 0.0525863 seconds
[8.440s][info ][safepoint    ] Entering safepoint region: GenCollectForAllocation
[8.440s][info ][gc,start     ] GC(63) Pause Young (Allocation Failure)
[8.440s][info ][gc,task      ] GC(63) Using 4 workers of 4 for evacuation
[8.442s][debug][gc,ref       ] GC(63) Skipped phase1 of Reference Processing due to unavailable references
[8.442s][debug][gc,ref       ] GC(63) Skipped phase2 of Reference Processing due to unavailable references
[8.442s][debug][gc,ref       ] GC(63) Skipped phase3 of Reference Processing due to unavailable references
[8.442s][debug][gc,ref       ] GC(63) Skipped phase4 of Reference Processing due to unavailable references
[8.442s][debug][gc,age       ] GC(63) Desired survivor size 15368192 bytes, new threshold 6 (max threshold 6)
[8.442s][info ][gc,heap      ] GC(63) ParNew: 241031K->583K(270336K)
[8.442s][info ][gc,heap      ] GC(63) CMS: 121232K->121283K(600768K)
[8.442s][info ][gc,metaspace ] GC(63) Metaspace: 36649K->36649K(1083392K)
[8.442s][info ][gc           ] GC(63) Pause Young (Allocation Failure) 353M->119M(850M) 1.979ms
[8.442s][info ][gc,cpu       ] GC(63) User=0.01s Sys=0.00s Real=0.00s
[8.442s][info ][safepoint    ] Leaving safepoint region
[8.442s][info ][safepoint    ] Total time for which application threads were stopped: 0.0022786 seconds, Stopping threads took: 0.0001131 seconds
[8.484s][info ][safepoint    ] Application time: 0.0419903 seconds
[8.484s][info ][safepoint    ] Entering safepoint region: GenCollectForAllocation
[8.484s][info ][gc,start     ] GC(64) Pause Young (Allocation Failure)
[8.485s][info ][gc,task      ] GC(64) Using 4 workers of 4 for evacuation
[8.486s][debug][gc,ref       ] GC(64) Skipped phase1 of Reference Processing due to unavailable references
[8.486s][debug][gc,ref       ] GC(64) Skipped phase2 of Reference Processing due to unavailable references
[8.486s][debug][gc,ref       ] GC(64) Skipped phase3 of Reference Processing due to unavailable references
[8.486s][debug][gc,ref       ] GC(64) Skipped phase4 of Reference Processing due to unavailable references
[8.486s][debug][gc,age       ] GC(64) Desired survivor size 15368192 bytes, new threshold 6 (max threshold 6)
[8.486s][info ][gc,heap      ] GC(64) ParNew: 240903K->674K(270336K)
[8.486s][info ][gc,heap      ] GC(64) CMS: 121283K->121349K(600768K)
[8.486s][info ][gc,metaspace ] GC(64) Metaspace: 36649K->36649K(1083392K)
[8.486s][info ][gc           ] GC(64) Pause Young (Allocation Failure) 353M->119M(850M) 2.001ms
[8.486s][info ][gc,cpu       ] GC(64) User=0.01s Sys=0.00s Real=0.01s
[8.487s][info ][safepoint    ] Leaving safepoint region
[8.487s][info ][safepoint    ] Total time for which application threads were stopped: 0.0023133 seconds, Stopping threads took: 0.0001634 seconds
[8.540s][info ][safepoint    ] Application time: 0.0539268 seconds
[8.541s][info ][safepoint    ] Entering safepoint region: GenCollectForAllocation
[8.541s][info ][gc,start     ] GC(65) Pause Young (Allocation Failure)
[8.541s][info ][gc,task      ] GC(65) Using 4 workers of 4 for evacuation
[8.542s][debug][gc,ref       ] GC(65) Skipped phase1 of Reference Processing due to unavailable references
[8.542s][debug][gc,ref       ] GC(65) Skipped phase2 of Reference Processing due to unavailable references
[8.542s][debug][gc,ref       ] GC(65) Skipped phase3 of Reference Processing due to unavailable references
[8.542s][debug][gc,ref       ] GC(65) Skipped phase4 of Reference Processing due to unavailable references
[8.543s][debug][gc,age       ] GC(65) Desired survivor size 15368192 bytes, new threshold 6 (max threshold 6)
[8.543s][info ][gc,heap      ] GC(65) ParNew: 240994K->630K(270336K)
[8.543s][info ][gc,heap      ] GC(65) CMS: 121349K->121397K(600768K)
[8.543s][info ][gc,metaspace ] GC(65) Metaspace: 36649K->36649K(1083392K)
[8.543s][info ][gc           ] GC(65) Pause Young (Allocation Failure) 353M->119M(850M) 1.978ms
[8.543s][info ][gc,cpu       ] GC(65) User=0.00s Sys=0.00s Real=0.00s
[8.543s][info ][safepoint    ] Leaving safepoint region
[8.543s][info ][safepoint    ] Total time for which application threads were stopped: 0.0021660 seconds, Stopping threads took: 0.0000549 seconds
[8.605s][info ][safepoint    ] Application time: 0.0624516 seconds
[8.605s][info ][safepoint    ] Entering safepoint region: GenCollectForAllocation
[8.605s][info ][gc,start     ] GC(66) Pause Young (Allocation Failure)
[8.605s][info ][gc,task      ] GC(66) Using 4 workers of 4 for evacuation
[8.608s][debug][gc,ref       ] GC(66) Skipped phase1 of Reference Processing due to unavailable references
[8.608s][debug][gc,ref       ] GC(66) Skipped phase2 of Reference Processing due to unavailable references
[8.608s][debug][gc,ref       ] GC(66) Skipped phase3 of Reference Processing due to unavailable references
[8.608s][debug][gc,ref       ] GC(66) Skipped phase4 of Reference Processing due to unavailable references
[8.608s][debug][gc,age       ] GC(66) Desired survivor size 15368192 bytes, new threshold 6 (max threshold 6)
[8.608s][info ][gc,heap      ] GC(66) ParNew: 240950K->629K(270336K)
[8.608s][info ][gc,heap      ] GC(66) CMS: 121397K->121465K(600768K)
[8.608s][info ][gc,metaspace ] GC(66) Metaspace: 36649K->36649K(1083392K)
[8.608s][info ][gc           ] GC(66) Pause Young (Allocation Failure) 353M->119M(850M) 2.879ms
[8.608s][info ][gc,cpu       ] GC(66) User=0.01s Sys=0.00s Real=0.01s
[8.608s][info ][safepoint    ] Leaving safepoint region
[8.608s][info ][safepoint    ] Total time for which application threads were stopped: 0.0031620 seconds, Stopping threads took: 0.0001252 seconds
[8.659s][info ][safepoint    ] Application time: 0.0511011 seconds
[8.660s][info ][safepoint    ] Entering safepoint region: GenCollectForAllocation
[8.660s][info ][gc,start     ] GC(67) Pause Young (Allocation Failure)
[8.660s][info ][gc,task      ] GC(67) Using 4 workers of 4 for evacuation
[8.662s][debug][gc,ref       ] GC(67) Skipped phase1 of Reference Processing due to unavailable references
[8.662s][debug][gc,ref       ] GC(67) Skipped phase2 of Reference Processing due to unavailable references
[8.662s][debug][gc,ref       ] GC(67) Skipped phase3 of Reference Processing due to unavailable references
[8.662s][debug][gc,ref       ] GC(67) Skipped phase4 of Reference Processing due to unavailable references
[8.662s][debug][gc,age       ] GC(67) Desired survivor size 15368192 bytes, new threshold 6 (max threshold 6)
[8.662s][info ][gc,heap      ] GC(67) ParNew: 240949K->541K(270336K)
[8.662s][info ][gc,heap      ] GC(67) CMS: 121465K->121526K(600768K)
[8.662s][info ][gc,metaspace ] GC(67) Metaspace: 36649K->36649K(1083392K)
[8.662s][info ][gc           ] GC(67) Pause Young (Allocation Failure) 353M->119M(850M) 2.691ms
[8.662s][info ][gc,cpu       ] GC(67) User=0.01s Sys=0.00s Real=0.00s
[8.663s][info ][safepoint    ] Leaving safepoint region
[8.663s][info ][safepoint    ] Total time for which application threads were stopped: 0.0030852 seconds, Stopping threads took: 0.0001741 seconds
[8.705s][info ][safepoint    ] Application time: 0.0420606 seconds
[8.705s][info ][safepoint    ] Entering safepoint region: GenCollectForAllocation
[8.705s][info ][gc,start     ] GC(68) Pause Young (Allocation Failure)
[8.705s][info ][gc,task      ] GC(68) Using 4 workers of 4 for evacuation
[8.707s][debug][gc,ref       ] GC(68) Skipped phase1 of Reference Processing due to unavailable references
[8.707s][debug][gc,ref       ] GC(68) Skipped phase2 of Reference Processing due to unavailable references
[8.707s][debug][gc,ref       ] GC(68) Skipped phase3 of Reference Processing due to unavailable references
[8.707s][debug][gc,ref       ] GC(68) Skipped phase4 of Reference Processing due to unavailable references
[8.707s][debug][gc,age       ] GC(68) Desired survivor size 15368192 bytes, new threshold 6 (max threshold 6)
[8.707s][info ][gc,heap      ] GC(68) ParNew: 240861K->669K(270336K)
[8.707s][info ][gc,heap      ] GC(68) CMS: 121526K->121580K(600768K)
[8.707s][info ][gc,metaspace ] GC(68) Metaspace: 36649K->36649K(1083392K)
[8.708s][info ][gc           ] GC(68) Pause Young (Allocation Failure) 353M->119M(850M) 2.559ms
[8.708s][info ][gc,cpu       ] GC(68) User=0.01s Sys=0.00s Real=0.01s
[8.708s][info ][safepoint    ] Leaving safepoint region
[8.708s][info ][safepoint    ] Total time for which application threads were stopped: 0.0028139 seconds, Stopping threads took: 0.0001099 seconds
[8.755s][info ][safepoint    ] Application time: 0.0470443 seconds
[8.755s][info ][safepoint    ] Entering safepoint region: GenCollectForAllocation
[8.755s][info ][gc,start     ] GC(69) Pause Young (Allocation Failure)
[8.755s][info ][gc,task      ] GC(69) Using 4 workers of 4 for evacuation
[8.757s][debug][gc,ref       ] GC(69) Skipped phase1 of Reference Processing due to unavailable references
[8.757s][debug][gc,ref       ] GC(69) Skipped phase2 of Reference Processing due to unavailable references
[8.757s][debug][gc,ref       ] GC(69) Skipped phase3 of Reference Processing due to unavailable references
[8.757s][debug][gc,ref       ] GC(69) Skipped phase4 of Reference Processing due to unavailable references
[8.757s][debug][gc,age       ] GC(69) Desired survivor size 15368192 bytes, new threshold 6 (max threshold 6)
[8.757s][info ][gc,heap      ] GC(69) ParNew: 240989K->685K(270336K)
[8.757s][info ][gc,heap      ] GC(69) CMS: 121580K->121639K(600768K)
[8.757s][info ][gc,metaspace ] GC(69) Metaspace: 36649K->36649K(1083392K)
[8.757s][info ][gc           ] GC(69) Pause Young (Allocation Failure) 354M->119M(850M) 2.098ms
[8.757s][info ][gc,cpu       ] GC(69) User=0.01s Sys=0.00s Real=0.00s
[8.758s][info ][safepoint    ] Leaving safepoint region
[8.758s][info ][safepoint    ] Total time for which application threads were stopped: 0.0028943 seconds, Stopping threads took: 0.0004546 seconds
[8.798s][info ][safepoint    ] Application time: 0.0409148 seconds
[8.799s][info ][safepoint    ] Entering safepoint region: GenCollectForAllocation
[8.799s][info ][gc,start     ] GC(70) Pause Young (Allocation Failure)
[8.799s][info ][gc,task      ] GC(70) Using 4 workers of 4 for evacuation
[8.802s][debug][gc,ref       ] GC(70) Skipped phase1 of Reference Processing due to unavailable references
[8.802s][debug][gc,ref       ] GC(70) Skipped phase2 of Reference Processing due to unavailable references
[8.802s][debug][gc,ref       ] GC(70) Skipped phase3 of Reference Processing due to unavailable references
[8.802s][debug][gc,ref       ] GC(70) Skipped phase4 of Reference Processing due to unavailable references
[8.802s][debug][gc,age       ] GC(70) Desired survivor size 15368192 bytes, new threshold 6 (max threshold 6)
[8.802s][info ][gc,heap      ] GC(70) ParNew: 241005K->933K(270336K)
[8.802s][info ][gc,heap      ] GC(70) CMS: 121639K->121706K(600768K)
[8.802s][info ][gc,metaspace ] GC(70) Metaspace: 36653K->36653K(1083392K)
[8.802s][info ][gc           ] GC(70) Pause Young (Allocation Failure) 354M->119M(850M) 3.031ms
[8.802s][info ][gc,cpu       ] GC(70) User=0.01s Sys=0.00s Real=0.00s
[8.802s][info ][safepoint    ] Leaving safepoint region
[8.802s][info ][safepoint    ] Total time for which application threads were stopped: 0.0033020 seconds, Stopping threads took: 0.0001205 seconds
[8.843s][info ][safepoint    ] Application time: 0.0414814 seconds
[8.843s][info ][safepoint    ] Entering safepoint region: GenCollectForAllocation
[8.844s][info ][gc,start     ] GC(71) Pause Young (Allocation Failure)
[8.844s][info ][gc,task      ] GC(71) Using 4 workers of 4 for evacuation
[8.847s][debug][gc,ref       ] GC(71) Skipped phase1 of Reference Processing due to unavailable references
[8.847s][debug][gc,ref       ] GC(71) Skipped phase2 of Reference Processing due to unavailable references
[8.847s][debug][gc,ref       ] GC(71) Skipped phase3 of Reference Processing due to unavailable references
[8.847s][debug][gc,ref       ] GC(71) Skipped phase4 of Reference Processing due to unavailable references
[8.848s][debug][gc,age       ] GC(71) Desired survivor size 15368192 bytes, new threshold 6 (max threshold 6)
[8.848s][info ][gc,heap      ] GC(71) ParNew: 241253K->1850K(270336K)
[8.848s][info ][gc,heap      ] GC(71) CMS: 121706K->121764K(600768K)
[8.848s][info ][gc,metaspace ] GC(71) Metaspace: 36653K->36653K(1083392K)
[8.848s][info ][gc           ] GC(71) Pause Young (Allocation Failure) 354M->120M(850M) 3.993ms
[8.848s][info ][gc,cpu       ] GC(71) User=0.02s Sys=0.00s Real=0.01s
[8.848s][info ][safepoint    ] Leaving safepoint region
[8.848s][info ][safepoint    ] Total time for which application threads were stopped: 0.0043155 seconds, Stopping threads took: 0.0001471 seconds
[8.898s][info ][safepoint    ] Application time: 0.0499848 seconds
[8.898s][info ][safepoint    ] Entering safepoint region: GenCollectForAllocation
[8.898s][info ][gc,start     ] GC(72) Pause Young (Allocation Failure)
[8.898s][info ][gc,task      ] GC(72) Using 4 workers of 4 for evacuation
[8.902s][debug][gc,ref       ] GC(72) Skipped phase1 of Reference Processing due to unavailable references
[8.902s][debug][gc,ref       ] GC(72) Skipped phase2 of Reference Processing due to unavailable references
[8.902s][debug][gc,ref       ] GC(72) Skipped phase3 of Reference Processing due to unavailable references
[8.902s][debug][gc,ref       ] GC(72) Skipped phase4 of Reference Processing due to unavailable references
[8.902s][debug][gc,age       ] GC(72) Desired survivor size 15368192 bytes, new threshold 6 (max threshold 6)
[8.902s][info ][gc,heap      ] GC(72) ParNew: 242170K->2629K(270336K)
[8.902s][info ][gc,heap      ] GC(72) CMS: 121764K->121847K(600768K)
[8.902s][info ][gc,metaspace ] GC(72) Metaspace: 36653K->36653K(1083392K)
[8.902s][info ][gc           ] GC(72) Pause Young (Allocation Failure) 355M->121M(850M) 3.401ms
[8.902s][info ][gc,cpu       ] GC(72) User=0.01s Sys=0.00s Real=0.00s
[8.902s][info ][safepoint    ] Leaving safepoint region
[8.902s][info ][safepoint    ] Total time for which application threads were stopped: 0.0042018 seconds, Stopping threads took: 0.0006284 seconds
[8.946s][info ][safepoint    ] Application time: 0.0444762 seconds
[8.946s][info ][safepoint    ] Entering safepoint region: GenCollectForAllocation
[8.947s][info ][gc,start     ] GC(73) Pause Young (Allocation Failure)
[8.947s][info ][gc,task      ] GC(73) Using 4 workers of 4 for evacuation
[8.950s][debug][gc,ref       ] GC(73) Skipped phase1 of Reference Processing due to unavailable references
[8.950s][debug][gc,ref       ] GC(73) Skipped phase2 of Reference Processing due to unavailable references
[8.950s][debug][gc,ref       ] GC(73) Skipped phase3 of Reference Processing due to unavailable references
[8.950s][debug][gc,ref       ] GC(73) Skipped phase4 of Reference Processing due to unavailable references
[8.950s][debug][gc,age       ] GC(73) Desired survivor size 15368192 bytes, new threshold 6 (max threshold 6)
[8.950s][info ][gc,heap      ] GC(73) ParNew: 242949K->1807K(270336K)
[8.950s][info ][gc,heap      ] GC(73) CMS: 121847K->121914K(600768K)
[8.950s][info ][gc,metaspace ] GC(73) Metaspace: 36653K->36653K(1083392K)
[8.950s][info ][gc           ] GC(73) Pause Young (Allocation Failure) 356M->120M(850M) 3.762ms
[8.950s][info ][gc,cpu       ] GC(73) User=0.02s Sys=0.00s Real=0.00s
[8.950s][info ][safepoint    ] Leaving safepoint region
[8.950s][info ][safepoint    ] Total time for which application threads were stopped: 0.0040113 seconds, Stopping threads took: 0.0000801 seconds
[8.993s][info ][safepoint    ] Application time: 0.0426130 seconds
[8.993s][info ][safepoint    ] Entering safepoint region: GenCollectForAllocation
[8.993s][info ][gc,start     ] GC(74) Pause Young (Allocation Failure)
[8.993s][info ][gc,task      ] GC(74) Using 4 workers of 4 for evacuation
[8.997s][debug][gc,ref       ] GC(74) Skipped phase1 of Reference Processing due to unavailable references
[8.997s][debug][gc,ref       ] GC(74) Skipped phase2 of Reference Processing due to unavailable references
[8.997s][debug][gc,ref       ] GC(74) Skipped phase3 of Reference Processing due to unavailable references
[8.997s][debug][gc,ref       ] GC(74) Skipped phase4 of Reference Processing due to unavailable references
[8.997s][debug][gc,age       ] GC(74) Desired survivor size 15368192 bytes, new threshold 6 (max threshold 6)
[8.997s][info ][gc,heap      ] GC(74) ParNew: 242127K->2758K(270336K)
[8.997s][info ][gc,heap      ] GC(74) CMS: 121914K->121982K(600768K)
[8.997s][info ][gc,metaspace ] GC(74) Metaspace: 36653K->36653K(1083392K)
[8.997s][info ][gc           ] GC(74) Pause Young (Allocation Failure) 355M->121M(850M) 3.615ms
[8.997s][info ][gc,cpu       ] GC(74) User=0.01s Sys=0.00s Real=0.01s
[8.997s][info ][safepoint    ] Leaving safepoint region
[8.997s][info ][safepoint    ] Total time for which application threads were stopped: 0.0038653 seconds, Stopping threads took: 0.0001071 seconds
[9.043s][info ][safepoint    ] Application time: 0.0463212 seconds
[9.043s][info ][safepoint    ] Entering safepoint region: GenCollectForAllocation
[9.043s][info ][gc,start     ] GC(75) Pause Young (Allocation Failure)
[9.044s][info ][gc,task      ] GC(75) Using 4 workers of 4 for evacuation
[9.047s][debug][gc,ref       ] GC(75) Skipped phase1 of Reference Processing due to unavailable references
[9.047s][debug][gc,ref       ] GC(75) Skipped phase2 of Reference Processing due to unavailable references
[9.047s][debug][gc,ref       ] GC(75) Skipped phase3 of Reference Processing due to unavailable references
[9.047s][debug][gc,ref       ] GC(75) Skipped phase4 of Reference Processing due to unavailable references
[9.047s][debug][gc,age       ] GC(75) Desired survivor size 15368192 bytes, new threshold 6 (max threshold 6)
[9.047s][info ][gc,heap      ] GC(75) ParNew: 243078K->1850K(270336K)
[9.047s][info ][gc,heap      ] GC(75) CMS: 121982K->122055K(600768K)
[9.047s][info ][gc,metaspace ] GC(75) Metaspace: 36653K->36653K(1083392K)
[9.047s][info ][gc           ] GC(75) Pause Young (Allocation Failure) 356M->121M(850M) 3.438ms
[9.047s][info ][gc,cpu       ] GC(75) User=0.02s Sys=0.00s Real=0.01s
[9.047s][info ][safepoint    ] Leaving safepoint region
[9.047s][info ][safepoint    ] Total time for which application threads were stopped: 0.0037364 seconds, Stopping threads took: 0.0001361 seconds
[9.100s][info ][safepoint    ] Application time: 0.0528098 seconds
[9.105s][info ][safepoint    ] Entering safepoint region: GenCollectForAllocation
[9.105s][info ][gc,start     ] GC(76) Pause Young (Allocation Failure)
[9.105s][info ][gc,task      ] GC(76) Using 4 workers of 4 for evacuation
[9.108s][debug][gc,ref       ] GC(76) Skipped phase1 of Reference Processing due to unavailable references
[9.108s][debug][gc,ref       ] GC(76) Skipped phase2 of Reference Processing due to unavailable references
[9.108s][debug][gc,ref       ] GC(76) Skipped phase3 of Reference Processing due to unavailable references
[9.108s][debug][gc,ref       ] GC(76) Skipped phase4 of Reference Processing due to unavailable references
[9.109s][debug][gc,age       ] GC(76) Desired survivor size 15368192 bytes, new threshold 6 (max threshold 6)
[9.109s][info ][gc,heap      ] GC(76) ParNew: 242170K->2454K(270336K)
[9.109s][info ][gc,heap      ] GC(76) CMS: 122055K->122320K(600768K)
[9.109s][info ][gc,metaspace ] GC(76) Metaspace: 36653K->36653K(1083392K)
[9.109s][info ][gc           ] GC(76) Pause Young (Allocation Failure) 355M->121M(850M) 3.869ms
[9.109s][info ][gc,cpu       ] GC(76) User=0.01s Sys=0.00s Real=0.01s
[9.109s][info ][safepoint    ] Leaving safepoint region
[9.109s][info ][safepoint    ] Total time for which application threads were stopped: 0.0087644 seconds, Stopping threads took: 0.0047170 seconds
[9.153s][info ][safepoint    ] Application time: 0.0445466 seconds
[9.165s][info ][safepoint    ] Entering safepoint region: GenCollectForAllocation
[9.166s][info ][gc,start     ] GC(77) Pause Young (Allocation Failure)
[9.166s][info ][gc,task      ] GC(77) Using 4 workers of 4 for evacuation
[9.170s][debug][gc,ref       ] GC(77) Skipped phase1 of Reference Processing due to unavailable references
[9.170s][debug][gc,ref       ] GC(77) Skipped phase2 of Reference Processing due to unavailable references
[9.170s][debug][gc,ref       ] GC(77) Skipped phase3 of Reference Processing due to unavailable references
[9.170s][debug][gc,ref       ] GC(77) Skipped phase4 of Reference Processing due to unavailable references
[9.170s][debug][gc,age       ] GC(77) Desired survivor size 15368192 bytes, new threshold 6 (max threshold 6)
[9.170s][info ][gc,heap      ] GC(77) ParNew: 242774K->866K(270336K)
[9.170s][info ][gc,heap      ] GC(77) CMS: 122320K->123293K(600768K)
[9.170s][info ][gc,metaspace ] GC(77) Metaspace: 36653K->36653K(1083392K)
[9.170s][info ][gc           ] GC(77) Pause Young (Allocation Failure) 356M->121M(850M) 4.264ms
[9.170s][info ][gc,cpu       ] GC(77) User=0.02s Sys=0.00s Real=0.01s
[9.170s][info ][safepoint    ] Leaving safepoint region
[9.170s][info ][safepoint    ] Total time for which application threads were stopped: 0.0167594 seconds, Stopping threads took: 0.0123252 seconds
[9.226s][info ][safepoint    ] Application time: 0.0560405 seconds
[9.226s][info ][safepoint    ] Entering safepoint region: GenCollectForAllocation
[9.226s][info ][gc,start     ] GC(78) Pause Young (Allocation Failure)
[9.226s][info ][gc,task      ] GC(78) Using 4 workers of 4 for evacuation
[9.228s][debug][gc,ref       ] GC(78) Skipped phase1 of Reference Processing due to unavailable references
[9.228s][debug][gc,ref       ] GC(78) Skipped phase2 of Reference Processing due to unavailable references
[9.228s][debug][gc,ref       ] GC(78) Skipped phase3 of Reference Processing due to unavailable references
[9.228s][debug][gc,ref       ] GC(78) Skipped phase4 of Reference Processing due to unavailable references
[9.228s][debug][gc,age       ] GC(78) Desired survivor size 15368192 bytes, new threshold 6 (max threshold 6)
[9.228s][info ][gc,heap      ] GC(78) ParNew: 241186K->910K(270336K)
[9.229s][info ][gc,heap      ] GC(78) CMS: 123293K->123380K(600768K)
[9.229s][info ][gc,metaspace ] GC(78) Metaspace: 36653K->36653K(1083392K)
[9.229s][info ][gc           ] GC(78) Pause Young (Allocation Failure) 355M->121M(850M) 2.256ms
[9.229s][info ][gc,cpu       ] GC(78) User=0.01s Sys=0.00s Real=0.00s
[9.229s][info ][safepoint    ] Leaving safepoint region
[9.229s][info ][safepoint    ] Total time for which application threads were stopped: 0.0025698 seconds, Stopping threads took: 0.0001207 seconds
[9.288s][info ][safepoint    ] Application time: 0.0592554 seconds
[9.288s][info ][safepoint    ] Entering safepoint region: GenCollectForAllocation
[9.288s][info ][gc,start     ] GC(79) Pause Young (Allocation Failure)
[9.288s][info ][gc,task      ] GC(79) Using 4 workers of 4 for evacuation
[9.291s][debug][gc,ref       ] GC(79) Skipped phase1 of Reference Processing due to unavailable references
[9.291s][debug][gc,ref       ] GC(79) Skipped phase2 of Reference Processing due to unavailable references
[9.291s][debug][gc,ref       ] GC(79) Skipped phase3 of Reference Processing due to unavailable references
[9.291s][debug][gc,ref       ] GC(79) Skipped phase4 of Reference Processing due to unavailable references
[9.291s][debug][gc,age       ] GC(79) Desired survivor size 15368192 bytes, new threshold 6 (max threshold 6)
[9.291s][info ][gc,heap      ] GC(79) ParNew: 241230K->1208K(270336K)
[9.291s][info ][gc,heap      ] GC(79) CMS: 123380K->123452K(600768K)
[9.291s][info ][gc,metaspace ] GC(79) Metaspace: 36653K->36653K(1083392K)
[9.291s][info ][gc           ] GC(79) Pause Young (Allocation Failure) 356M->121M(850M) 3.144ms
[9.291s][info ][gc,cpu       ] GC(79) User=0.02s Sys=0.00s Real=0.00s
[9.291s][info ][safepoint    ] Leaving safepoint region
[9.291s][info ][safepoint    ] Total time for which application threads were stopped: 0.0034904 seconds, Stopping threads took: 0.0001358 seconds
[9.332s][info ][safepoint    ] Application time: 0.0408562 seconds
[9.334s][info ][safepoint    ] Entering safepoint region: GenCollectForAllocation
[9.334s][info ][gc,start     ] GC(80) Pause Young (Allocation Failure)
[9.334s][info ][gc,task      ] GC(80) Using 4 workers of 4 for evacuation
[9.337s][debug][gc,ref       ] GC(80) Skipped phase1 of Reference Processing due to unavailable references
[9.337s][debug][gc,ref       ] GC(80) Skipped phase2 of Reference Processing due to unavailable references
[9.338s][debug][gc,ref       ] GC(80) Skipped phase3 of Reference Processing due to unavailable references
[9.338s][debug][gc,ref       ] GC(80) Skipped phase4 of Reference Processing due to unavailable references
[9.338s][debug][gc,age       ] GC(80) Desired survivor size 15368192 bytes, new threshold 6 (max threshold 6)
[9.338s][info ][gc,heap      ] GC(80) ParNew: 241528K->1792K(270336K)
[9.338s][info ][gc,heap      ] GC(80) CMS: 123452K->123521K(600768K)
[9.338s][info ][gc,metaspace ] GC(80) Metaspace: 36653K->36653K(1083392K)
[9.338s][info ][gc           ] GC(80) Pause Young (Allocation Failure) 356M->122M(850M) 3.539ms
[9.338s][info ][gc,cpu       ] GC(80) User=0.01s Sys=0.00s Real=0.00s
[9.338s][info ][safepoint    ] Leaving safepoint region
[9.338s][info ][safepoint    ] Total time for which application threads were stopped: 0.0054321 seconds, Stopping threads took: 0.0017245 seconds
[9.392s][info ][safepoint    ] Application time: 0.0538884 seconds
[9.392s][info ][safepoint    ] Entering safepoint region: GenCollectForAllocation
[9.392s][info ][gc,start     ] GC(81) Pause Young (Allocation Failure)
[9.392s][info ][gc,task      ] GC(81) Using 4 workers of 4 for evacuation
[9.397s][debug][gc,ref       ] GC(81) Skipped phase1 of Reference Processing due to unavailable references
[9.397s][debug][gc,ref       ] GC(81) Skipped phase2 of Reference Processing due to unavailable references
[9.397s][debug][gc,ref       ] GC(81) Skipped phase3 of Reference Processing due to unavailable references
[9.397s][debug][gc,ref       ] GC(81) Skipped phase4 of Reference Processing due to unavailable references
[9.397s][debug][gc,age       ] GC(81) Desired survivor size 15368192 bytes, new threshold 6 (max threshold 6)
[9.397s][info ][gc,heap      ] GC(81) ParNew: 242112K->2508K(270336K)
[9.397s][info ][gc,heap      ] GC(81) CMS: 123521K->123603K(600768K)
[9.397s][info ][gc,metaspace ] GC(81) Metaspace: 36653K->36653K(1083392K)
[9.397s][info ][gc           ] GC(81) Pause Young (Allocation Failure) 357M->123M(850M) 5.040ms
[9.397s][info ][gc,cpu       ] GC(81) User=0.02s Sys=0.00s Real=0.01s
[9.397s][info ][safepoint    ] Leaving safepoint region
[9.397s][info ][safepoint    ] Total time for which application threads were stopped: 0.0053581 seconds, Stopping threads took: 0.0001653 seconds
[9.438s][info ][safepoint    ] Application time: 0.0407822 seconds
[9.438s][info ][safepoint    ] Entering safepoint region: GenCollectForAllocation
[9.438s][info ][gc,start     ] GC(82) Pause Young (Allocation Failure)
[9.438s][info ][gc,task      ] GC(82) Using 4 workers of 4 for evacuation
[9.443s][debug][gc,ref       ] GC(82) Skipped phase1 of Reference Processing due to unavailable references
[9.443s][debug][gc,ref       ] GC(82) Skipped phase2 of Reference Processing due to unavailable references
[9.443s][debug][gc,ref       ] GC(82) Skipped phase3 of Reference Processing due to unavailable references
[9.443s][debug][gc,ref       ] GC(82) Skipped phase4 of Reference Processing due to unavailable references
[9.443s][debug][gc,age       ] GC(82) Desired survivor size 15368192 bytes, new threshold 6 (max threshold 6)
[9.443s][info ][gc,heap      ] GC(82) ParNew: 242828K->3315K(270336K)
[9.443s][info ][gc,heap      ] GC(82) CMS: 123603K->123686K(600768K)
[9.443s][info ][gc,metaspace ] GC(82) Metaspace: 36653K->36653K(1083392K)
[9.443s][info ][gc           ] GC(82) Pause Young (Allocation Failure) 357M->124M(850M) 5.336ms
[9.443s][info ][gc,cpu       ] GC(82) User=0.02s Sys=0.00s Real=0.00s
[9.443s][info ][safepoint    ] Leaving safepoint region
[9.443s][info ][safepoint    ] Total time for which application threads were stopped: 0.0056187 seconds, Stopping threads took: 0.0001209 seconds
[9.524s][info ][safepoint    ] Application time: 0.0808074 seconds
[9.524s][info ][safepoint    ] Entering safepoint region: GenCollectForAllocation
[9.525s][info ][gc,start     ] GC(83) Pause Young (Allocation Failure)
[9.525s][info ][gc,task      ] GC(83) Using 4 workers of 4 for evacuation
[9.529s][debug][gc,ref       ] GC(83) Skipped phase1 of Reference Processing due to unavailable references
[9.529s][debug][gc,ref       ] GC(83) Skipped phase2 of Reference Processing due to unavailable references
[9.529s][debug][gc,ref       ] GC(83) Skipped phase3 of Reference Processing due to unavailable references
[9.529s][debug][gc,ref       ] GC(83) Skipped phase4 of Reference Processing due to unavailable references
[9.529s][debug][gc,age       ] GC(83) Desired survivor size 15368192 bytes, new threshold 6 (max threshold 6)
[9.529s][info ][gc,heap      ] GC(83) ParNew: 243635K->4430K(270336K)
[9.529s][info ][gc,heap      ] GC(83) CMS: 123686K->123754K(600768K)
[9.529s][info ][gc,metaspace ] GC(83) Metaspace: 36653K->36653K(1083392K)
[9.529s][info ][gc           ] GC(83) Pause Young (Allocation Failure) 358M->125M(850M) 4.799ms
[9.529s][info ][gc,cpu       ] GC(83) User=0.02s Sys=0.00s Real=0.01s
[9.529s][info ][safepoint    ] Leaving safepoint region
[9.529s][info ][safepoint    ] Total time for which application threads were stopped: 0.0051384 seconds, Stopping threads took: 0.0000798 seconds
[9.569s][info ][safepoint    ] Application time: 0.0394469 seconds
[9.569s][info ][safepoint    ] Entering safepoint region: GenCollectForAllocation
[9.569s][info ][gc,start     ] GC(84) Pause Young (Allocation Failure)
[9.569s][info ][gc,task      ] GC(84) Using 4 workers of 4 for evacuation
[9.574s][debug][gc,ref       ] GC(84) Skipped phase1 of Reference Processing due to unavailable references
[9.574s][debug][gc,ref       ] GC(84) Skipped phase2 of Reference Processing due to unavailable references
[9.574s][debug][gc,ref       ] GC(84) Skipped phase3 of Reference Processing due to unavailable references
[9.574s][debug][gc,ref       ] GC(84) Skipped phase4 of Reference Processing due to unavailable references
[9.574s][debug][gc,age       ] GC(84) Desired survivor size 15368192 bytes, new threshold 6 (max threshold 6)
[9.574s][info ][gc,heap      ] GC(84) ParNew: 244750K->4639K(270336K)
[9.574s][info ][gc,heap      ] GC(84) CMS: 123754K->123929K(600768K)
[9.574s][info ][gc,metaspace ] GC(84) Metaspace: 36653K->36653K(1083392K)
[9.574s][info ][gc           ] GC(84) Pause Young (Allocation Failure) 359M->125M(850M) 5.289ms
[9.574s][info ][gc,cpu       ] GC(84) User=0.02s Sys=0.00s Real=0.01s
[9.574s][info ][safepoint    ] Leaving safepoint region
[9.574s][info ][safepoint    ] Total time for which application threads were stopped: 0.0055219 seconds, Stopping threads took: 0.0000725 seconds
[9.652s][info ][safepoint    ] Application time: 0.0778684 seconds
[9.652s][info ][safepoint    ] Entering safepoint region: GenCollectForAllocation
[9.653s][info ][gc,start     ] GC(85) Pause Young (Allocation Failure)
[9.653s][info ][gc,task      ] GC(85) Using 4 workers of 4 for evacuation
[9.665s][debug][gc,ref       ] GC(85) Skipped phase1 of Reference Processing due to unavailable references
[9.665s][debug][gc,ref       ] GC(85) Skipped phase2 of Reference Processing due to unavailable references
[9.665s][debug][gc,ref       ] GC(85) Skipped phase3 of Reference Processing due to unavailable references
[9.665s][debug][gc,ref       ] GC(85) Skipped phase4 of Reference Processing due to unavailable references
[9.665s][debug][gc,age       ] GC(85) Desired survivor size 15368192 bytes, new threshold 6 (max threshold 6)
[9.665s][info ][gc,heap      ] GC(85) ParNew: 244959K->6362K(270336K)
[9.665s][info ][gc,heap      ] GC(85) CMS: 123929K->124274K(600768K)
[9.665s][info ][gc,metaspace ] GC(85) Metaspace: 36653K->36653K(1083392K)
[9.665s][info ][gc           ] GC(85) Pause Young (Allocation Failure) 360M->127M(850M) 12.469ms
[9.665s][info ][gc,cpu       ] GC(85) User=0.04s Sys=0.00s Real=0.01s
[9.665s][info ][safepoint    ] Leaving safepoint region
[9.665s][info ][safepoint    ] Total time for which application threads were stopped: 0.0127796 seconds, Stopping threads took: 0.0001187 seconds
[9.729s][info ][safepoint    ] Application time: 0.0643799 seconds
[9.730s][info ][safepoint    ] Entering safepoint region: GenCollectForAllocation
[9.730s][info ][gc,start     ] GC(86) Pause Young (Allocation Failure)
[9.730s][info ][gc,task      ] GC(86) Using 4 workers of 4 for evacuation
[9.739s][debug][gc,ref       ] GC(86) Skipped phase1 of Reference Processing due to unavailable references
[9.739s][debug][gc,ref       ] GC(86) Skipped phase2 of Reference Processing due to unavailable references
[9.739s][debug][gc,ref       ] GC(86) Skipped phase3 of Reference Processing due to unavailable references
[9.739s][debug][gc,ref       ] GC(86) Skipped phase4 of Reference Processing due to unavailable references
[9.739s][debug][gc,age       ] GC(86) Desired survivor size 15368192 bytes, new threshold 6 (max threshold 6)
[9.739s][info ][gc,heap      ] GC(86) ParNew: 246682K->9472K(270336K)
[9.739s][info ][gc,heap      ] GC(86) CMS: 124274K->124917K(600768K)
[9.739s][info ][gc,metaspace ] GC(86) Metaspace: 36653K->36653K(1083392K)
[9.739s][info ][gc           ] GC(86) Pause Young (Allocation Failure) 362M->131M(850M) 9.346ms
[9.739s][info ][gc,cpu       ] GC(86) User=0.05s Sys=0.00s Real=0.01s
[9.739s][info ][safepoint    ] Leaving safepoint region
[9.739s][info ][safepoint    ] Total time for which application threads were stopped: 0.0097157 seconds, Stopping threads took: 0.0001917 seconds
[9.791s][info ][safepoint    ] Application time: 0.0519616 seconds
[9.794s][info ][safepoint    ] Entering safepoint region: GenCollectForAllocation
[9.794s][info ][gc,start     ] GC(87) Pause Young (Allocation Failure)
[9.794s][info ][gc,task      ] GC(87) Using 4 workers of 4 for evacuation
[9.818s][debug][gc,ref       ] GC(87) Skipped phase1 of Reference Processing due to unavailable references
[9.818s][debug][gc,ref       ] GC(87) Skipped phase2 of Reference Processing due to unavailable references
[9.818s][debug][gc,ref       ] GC(87) Skipped phase3 of Reference Processing due to unavailable references
[9.818s][debug][gc,ref       ] GC(87) Skipped phase4 of Reference Processing due to unavailable references
[9.818s][debug][gc,age       ] GC(87) Desired survivor size 15368192 bytes, new threshold 6 (max threshold 6)
[9.818s][info ][gc,heap      ] GC(87) ParNew: 249792K->7925K(270336K)
[9.818s][info ][gc,heap      ] GC(87) CMS: 124917K->125731K(600768K)
[9.818s][info ][gc,metaspace ] GC(87) Metaspace: 36653K->36653K(1083392K)
[9.818s][info ][gc           ] GC(87) Pause Young (Allocation Failure) 365M->130M(850M) 23.961ms
[9.818s][info ][gc,cpu       ] GC(87) User=0.08s Sys=0.01s Real=0.02s
[9.818s][info ][safepoint    ] Leaving safepoint region
[9.818s][info ][safepoint    ] Total time for which application threads were stopped: 0.0269137 seconds, Stopping threads took: 0.0028020 seconds
[9.874s][info ][safepoint    ] Application time: 0.0561006 seconds
[9.875s][info ][safepoint    ] Entering safepoint region: GenCollectForAllocation
[9.875s][info ][gc,start     ] GC(88) Pause Young (Allocation Failure)
[9.875s][info ][gc,task      ] GC(88) Using 4 workers of 4 for evacuation
[9.883s][debug][gc,ref       ] GC(88) Skipped phase1 of Reference Processing due to unavailable references
[9.883s][debug][gc,ref       ] GC(88) Skipped phase2 of Reference Processing due to unavailable references
[9.883s][debug][gc,ref       ] GC(88) Skipped phase3 of Reference Processing due to unavailable references
[9.883s][debug][gc,ref       ] GC(88) Skipped phase4 of Reference Processing due to unavailable references
[9.883s][debug][gc,age       ] GC(88) Desired survivor size 15368192 bytes, new threshold 6 (max threshold 6)
[9.883s][info ][gc,heap      ] GC(88) ParNew: 248245K->10914K(270336K)
[9.883s][info ][gc,heap      ] GC(88) CMS: 125731K->126054K(600768K)
[9.883s][info ][gc,metaspace ] GC(88) Metaspace: 36653K->36653K(1083392K)
[9.883s][info ][gc           ] GC(88) Pause Young (Allocation Failure) 365M->133M(850M) 8.452ms
[9.883s][info ][gc,cpu       ] GC(88) User=0.03s Sys=0.00s Real=0.00s
[9.883s][info ][safepoint    ] Leaving safepoint region
[9.883s][info ][safepoint    ] Total time for which application threads were stopped: 0.0089316 seconds, Stopping threads took: 0.0002976 seconds
[9.950s][info ][safepoint    ] Application time: 0.0665443 seconds
[9.950s][info ][safepoint    ] Entering safepoint region: GenCollectForAllocation
[9.950s][info ][gc,start     ] GC(89) Pause Young (Allocation Failure)
[9.950s][info ][gc,task      ] GC(89) Using 4 workers of 4 for evacuation
[9.958s][debug][gc,ref       ] GC(89) Skipped phase1 of Reference Processing due to unavailable references
[9.958s][debug][gc,ref       ] GC(89) Skipped phase2 of Reference Processing due to unavailable references
[9.958s][debug][gc,ref       ] GC(89) Skipped phase3 of Reference Processing due to unavailable references
[9.958s][debug][gc,ref       ] GC(89) Skipped phase4 of Reference Processing due to unavailable references
[9.958s][debug][gc,age       ] GC(89) Desired survivor size 15368192 bytes, new threshold 6 (max threshold 6)
[9.958s][info ][gc,heap      ] GC(89) ParNew: 251234K->7627K(270336K)
[9.958s][info ][gc,heap      ] GC(89) CMS: 126054K->126633K(600768K)
[9.958s][info ][gc,metaspace ] GC(89) Metaspace: 36653K->36653K(1083392K)
[9.958s][info ][gc           ] GC(89) Pause Young (Allocation Failure) 368M->131M(850M) 8.444ms
[9.958s][info ][gc,cpu       ] GC(89) User=0.04s Sys=0.00s Real=0.01s
[9.959s][info ][safepoint    ] Leaving safepoint region
[9.959s][info ][safepoint    ] Total time for which application threads were stopped: 0.0087300 seconds, Stopping threads took: 0.0001351 seconds
[10.020s][info ][safepoint    ] Application time: 0.0619488 seconds
[10.021s][info ][safepoint    ] Entering safepoint region: GenCollectForAllocation
[10.021s][info ][gc,start     ] GC(90) Pause Young (Allocation Failure)
[10.021s][info ][gc,task      ] GC(90) Using 4 workers of 4 for evacuation
[10.027s][debug][gc,ref       ] GC(90) Skipped phase1 of Reference Processing due to unavailable references
[10.027s][debug][gc,ref       ] GC(90) Skipped phase2 of Reference Processing due to unavailable references
[10.027s][debug][gc,ref       ] GC(90) Skipped phase3 of Reference Processing due to unavailable references
[10.027s][debug][gc,ref       ] GC(90) Skipped phase4 of Reference Processing due to unavailable references
[10.028s][debug][gc,age       ] GC(90) Desired survivor size 15368192 bytes, new threshold 6 (max threshold 6)
[10.028s][info ][gc,heap      ] GC(90) ParNew: 247947K->9009K(270336K)
[10.028s][info ][gc,heap      ] GC(90) CMS: 126633K->126745K(600768K)
[10.028s][info ][gc,metaspace ] GC(90) Metaspace: 36653K->36653K(1083392K)
[10.028s][info ][gc           ] GC(90) Pause Young (Allocation Failure) 365M->132M(850M) 6.714ms
[10.028s][info ][gc,cpu       ] GC(90) User=0.02s Sys=0.00s Real=0.01s
[10.028s][info ][safepoint    ] Leaving safepoint region
[10.028s][info ][safepoint    ] Total time for which application threads were stopped: 0.0070910 seconds, Stopping threads took: 0.0002238 seconds
[10.100s][info ][safepoint    ] Application time: 0.0719846 seconds
[10.101s][info ][safepoint    ] Entering safepoint region: GenCollectForAllocation
[10.101s][info ][gc,start     ] GC(91) Pause Young (Allocation Failure)
[10.101s][info ][gc,task      ] GC(91) Using 4 workers of 4 for evacuation
[10.112s][debug][gc,ref       ] GC(91) Skipped phase1 of Reference Processing due to unavailable references
[10.112s][debug][gc,ref       ] GC(91) Skipped phase2 of Reference Processing due to unavailable references
[10.112s][debug][gc,ref       ] GC(91) Skipped phase3 of Reference Processing due to unavailable references
[10.112s][debug][gc,ref       ] GC(91) Skipped phase4 of Reference Processing due to unavailable references
[10.112s][debug][gc,age       ] GC(91) Desired survivor size 15368192 bytes, new threshold 6 (max threshold 6)
[10.112s][info ][gc,heap      ] GC(91) ParNew: 249329K->5499K(270336K)
[10.112s][info ][gc,heap      ] GC(91) CMS: 126745K->130211K(600768K)
[10.112s][info ][gc,metaspace ] GC(91) Metaspace: 36653K->36653K(1083392K)
[10.112s][info ][gc           ] GC(91) Pause Young (Allocation Failure) 367M->132M(850M) 10.706ms
[10.112s][info ][gc,cpu       ] GC(91) User=0.04s Sys=0.00s Real=0.01s
[10.112s][info ][safepoint    ] Leaving safepoint region
[10.112s][info ][safepoint    ] Total time for which application threads were stopped: 0.0122043 seconds, Stopping threads took: 0.0012780 seconds
[10.217s][info ][safepoint    ] Application time: 0.1050024 seconds
[10.218s][info ][safepoint    ] Entering safepoint region: GenCollectForAllocation
[10.218s][info ][gc,start     ] GC(92) Pause Young (Allocation Failure)
[10.218s][info ][gc,task      ] GC(92) Using 4 workers of 4 for evacuation
[10.224s][debug][gc,ref       ] GC(92) Skipped phase1 of Reference Processing due to unavailable references
[10.224s][debug][gc,ref       ] GC(92) Skipped phase2 of Reference Processing due to unavailable references
[10.224s][debug][gc,ref       ] GC(92) Skipped phase3 of Reference Processing due to unavailable references
[10.224s][debug][gc,ref       ] GC(92) Skipped phase4 of Reference Processing due to unavailable references
[10.224s][debug][gc,age       ] GC(92) Desired survivor size 15368192 bytes, new threshold 6 (max threshold 6)
[10.224s][info ][gc,heap      ] GC(92) ParNew: 245819K->2317K(270336K)
[10.224s][info ][gc,heap      ] GC(92) CMS: 130211K->132001K(600768K)
[10.224s][info ][gc,metaspace ] GC(92) Metaspace: 36653K->36653K(1083392K)
[10.224s][info ][gc           ] GC(92) Pause Young (Allocation Failure) 367M->131M(850M) 5.981ms
[10.224s][info ][gc,cpu       ] GC(92) User=0.01s Sys=0.01s Real=0.00s
[10.224s][info ][safepoint    ] Leaving safepoint region
[10.224s][info ][safepoint    ] Total time for which application threads were stopped: 0.0072338 seconds, Stopping threads took: 0.0010870 seconds
[10.306s][info ][safepoint    ] Application time: 0.0817213 seconds
[10.307s][info ][safepoint    ] Entering safepoint region: GenCollectForAllocation
[10.307s][info ][gc,start     ] GC(93) Pause Young (Allocation Failure)
[10.307s][info ][gc,task      ] GC(93) Using 4 workers of 4 for evacuation
[10.310s][debug][gc,ref       ] GC(93) Skipped phase1 of Reference Processing due to unavailable references
[10.310s][debug][gc,ref       ] GC(93) Skipped phase2 of Reference Processing due to unavailable references
[10.310s][debug][gc,ref       ] GC(93) Skipped phase3 of Reference Processing due to unavailable references
[10.310s][debug][gc,ref       ] GC(93) Skipped phase4 of Reference Processing due to unavailable references
[10.310s][debug][gc,age       ] GC(93) Desired survivor size 15368192 bytes, new threshold 6 (max threshold 6)
[10.310s][info ][gc,heap      ] GC(93) ParNew: 242637K->1981K(270336K)
[10.310s][info ][gc,heap      ] GC(93) CMS: 132001K->132108K(600768K)
[10.310s][info ][gc,metaspace ] GC(93) Metaspace: 36653K->36653K(1083392K)
[10.310s][info ][gc           ] GC(93) Pause Young (Allocation Failure) 365M->130M(850M) 3.071ms
[10.310s][info ][gc,cpu       ] GC(93) User=0.01s Sys=0.00s Real=0.00s
[10.310s][info ][safepoint    ] Leaving safepoint region
[10.310s][info ][safepoint    ] Total time for which application threads were stopped: 0.0042910 seconds, Stopping threads took: 0.0010615 seconds
[10.343s][info ][safepoint    ] Application time: 0.0324502 seconds
[10.343s][info ][safepoint    ] Entering safepoint region: RevokeBias
[10.343s][info ][safepoint    ] Leaving safepoint region
[10.343s][info ][safepoint    ] Total time for which application threads were stopped: 0.0002391 seconds, Stopping threads took: 0.0001199 seconds
[10.344s][info ][safepoint    ] Application time: 0.0006882 seconds
[10.344s][info ][safepoint    ] Entering safepoint region: BulkRevokeBias
[10.344s][info ][safepoint    ] Leaving safepoint region
[10.344s][info ][safepoint    ] Total time for which application threads were stopped: 0.0007625 seconds, Stopping threads took: 0.0001294 seconds
[10.361s][info ][safepoint    ] Application time: 0.0168173 seconds
[10.361s][info ][safepoint    ] Entering safepoint region: RevokeBias
[10.361s][info ][safepoint    ] Leaving safepoint region
[10.361s][info ][safepoint    ] Total time for which application threads were stopped: 0.0002946 seconds, Stopping threads took: 0.0001119 seconds
[10.409s][info ][safepoint    ] Application time: 0.0472327 seconds
[10.409s][info ][safepoint    ] Entering safepoint region: RevokeBias
[10.409s][info ][safepoint    ] Leaving safepoint region
[10.409s][info ][safepoint    ] Total time for which application threads were stopped: 0.0002112 seconds, Stopping threads took: 0.0001183 seconds
[10.894s][info ][safepoint    ] Application time: 0.4853297 seconds
[10.894s][info ][safepoint    ] Entering safepoint region: ICBufferFull
[10.895s][info ][safepoint    ] Leaving safepoint region
[10.895s][info ][safepoint    ] Total time for which application threads were stopped: 0.0002972 seconds, Stopping threads took: 0.0000124 seconds
[10.902s][info ][safepoint    ] Application time: 0.0071414 seconds
[10.902s][info ][safepoint    ] Entering safepoint region: GenCollectForAllocation
[10.902s][info ][gc,start     ] GC(94) Pause Young (Allocation Failure)
[10.902s][info ][gc,task      ] GC(94) Using 4 workers of 4 for evacuation
[10.912s][debug][gc,ref       ] GC(94) Skipped phase1 of Reference Processing due to unavailable references
[10.912s][debug][gc,ref       ] GC(94) Skipped phase3 of Reference Processing due to unavailable references
[10.912s][debug][gc,age       ] GC(94) Desired survivor size 15368192 bytes, new threshold 6 (max threshold 6)
[10.912s][info ][gc,heap      ] GC(94) ParNew: 242301K->12020K(270336K)
[10.912s][info ][gc,heap      ] GC(94) CMS: 132108K->132231K(600768K)
[10.912s][info ][gc,metaspace ] GC(94) Metaspace: 38376K->38376K(1083392K)
[10.912s][info ][gc           ] GC(94) Pause Young (Allocation Failure) 365M->140M(850M) 10.450ms
[10.912s][info ][gc,cpu       ] GC(94) User=0.05s Sys=0.00s Real=0.01s
[10.912s][info ][safepoint    ] Leaving safepoint region
[10.912s][info ][safepoint    ] Total time for which application threads were stopped: 0.0106551 seconds, Stopping threads took: 0.0000810 seconds
[11.089s][info ][safepoint    ] Application time: 0.1764091 seconds
[11.089s][info ][safepoint    ] Entering safepoint region: RevokeBias
[11.089s][info ][safepoint    ] Leaving safepoint region
[11.089s][info ][safepoint    ] Total time for which application threads were stopped: 0.0001387 seconds, Stopping threads took: 0.0000113 seconds
[11.103s][info ][safepoint    ] Application time: 0.0143778 seconds
[11.103s][info ][safepoint    ] Entering safepoint region: Deoptimize
[11.104s][info ][safepoint    ] Leaving safepoint region
[11.104s][info ][safepoint    ] Total time for which application threads were stopped: 0.0008105 seconds, Stopping threads took: 0.0000123 seconds
[11.115s][info ][safepoint    ] Application time: 0.0102657 seconds
[11.115s][info ][safepoint    ] Entering safepoint region: RevokeBias
[11.115s][info ][safepoint    ] Leaving safepoint region
[11.115s][info ][safepoint    ] Total time for which application threads were stopped: 0.0000727 seconds, Stopping threads took: 0.0000235 seconds
[11.115s][info ][safepoint    ] Application time: 0.0007646 seconds
[11.115s][info ][safepoint    ] Entering safepoint region: RevokeBias
[11.115s][info ][safepoint    ] Leaving safepoint region
[11.115s][info ][safepoint    ] Total time for which application threads were stopped: 0.0000459 seconds, Stopping threads took: 0.0000081 seconds
[11.116s][info ][safepoint    ] Application time: 0.0000677 seconds
[11.116s][info ][safepoint    ] Entering safepoint region: RevokeBias
[11.116s][info ][safepoint    ] Leaving safepoint region
[11.116s][info ][safepoint    ] Total time for which application threads were stopped: 0.0000181 seconds, Stopping threads took: 0.0000046 seconds
[11.116s][info ][safepoint    ] Application time: 0.0005931 seconds
[11.116s][info ][safepoint    ] Entering safepoint region: Deoptimize
[11.117s][info ][safepoint    ] Leaving safepoint region
[11.117s][info ][safepoint    ] Total time for which application threads were stopped: 0.0007504 seconds, Stopping threads took: 0.0000062 seconds
[11.145s][info ][safepoint    ] Application time: 0.0281511 seconds
[11.145s][info ][safepoint    ] Entering safepoint region: Deoptimize
[11.146s][info ][safepoint    ] Leaving safepoint region
[11.146s][info ][safepoint    ] Total time for which application threads were stopped: 0.0007794 seconds, Stopping threads took: 0.0000119 seconds
[11.167s][info ][safepoint    ] Application time: 0.0215731 seconds
[11.167s][info ][safepoint    ] Entering safepoint region: RevokeBias
[11.168s][info ][safepoint    ] Leaving safepoint region
[11.168s][info ][safepoint    ] Total time for which application threads were stopped: 0.0000764 seconds, Stopping threads took: 0.0000118 seconds
[11.218s][info ][safepoint    ] Application time: 0.0505820 seconds
[11.218s][info ][safepoint    ] Entering safepoint region: Deoptimize
[11.219s][info ][safepoint    ] Leaving safepoint region
[11.219s][info ][safepoint    ] Total time for which application threads were stopped: 0.0009137 seconds, Stopping threads took: 0.0001590 seconds
[11.229s][info ][safepoint    ] Application time: 0.0102244 seconds
[11.229s][info ][safepoint    ] Entering safepoint region: BulkRevokeBias
[11.230s][info ][safepoint    ] Leaving safepoint region
[11.230s][info ][safepoint    ] Total time for which application threads were stopped: 0.0002171 seconds, Stopping threads took: 0.0000532 seconds
[11.266s][info ][safepoint    ] Application time: 0.0366916 seconds
[11.266s][info ][safepoint    ] Entering safepoint region: RevokeBias
[11.266s][info ][safepoint    ] Leaving safepoint region
[11.266s][info ][safepoint    ] Total time for which application threads were stopped: 0.0001283 seconds, Stopping threads took: 0.0000547 seconds
[11.267s][info ][safepoint    ] Application time: 0.0000884 seconds
[11.267s][info ][safepoint    ] Entering safepoint region: RevokeBias
[11.267s][info ][safepoint    ] Leaving safepoint region
[11.267s][info ][safepoint    ] Total time for which application threads were stopped: 0.0000479 seconds, Stopping threads took: 0.0000212 seconds
[11.485s][info ][safepoint    ] Application time: 0.2185948 seconds
[11.485s][info ][safepoint    ] Entering safepoint region: ICBufferFull
[11.486s][info ][safepoint    ] Leaving safepoint region
[11.486s][info ][safepoint    ] Total time for which application threads were stopped: 0.0003481 seconds, Stopping threads took: 0.0001935 seconds
[11.925s][info ][safepoint    ] Application time: 0.4395010 seconds
[11.925s][info ][safepoint    ] Entering safepoint region: ICBufferFull
[11.925s][info ][safepoint    ] Leaving safepoint region
[11.925s][info ][safepoint    ] Total time for which application threads were stopped: 0.0002741 seconds, Stopping threads took: 0.0001139 seconds
[11.994s][info ][safepoint    ] Application time: 0.0687363 seconds
[11.994s][info ][safepoint    ] Entering safepoint region: ICBufferFull
[11.994s][info ][safepoint    ] Leaving safepoint region
[11.994s][info ][safepoint    ] Total time for which application threads were stopped: 0.0001529 seconds, Stopping threads took: 0.0000116 seconds
[12.110s][info ][safepoint    ] Application time: 0.1161118 seconds
[12.110s][info ][safepoint    ] Entering safepoint region: RevokeBias
[12.111s][info ][safepoint    ] Leaving safepoint region
[12.111s][info ][safepoint    ] Total time for which application threads were stopped: 0.0001191 seconds, Stopping threads took: 0.0000120 seconds
[12.125s][info ][safepoint    ] Application time: 0.0144980 seconds
[12.125s][info ][safepoint    ] Entering safepoint region: Deoptimize
[12.126s][info ][safepoint    ] Leaving safepoint region
[12.126s][info ][safepoint    ] Total time for which application threads were stopped: 0.0010317 seconds, Stopping threads took: 0.0001106 seconds
[12.135s][info ][safepoint    ] Application time: 0.0090143 seconds
[12.135s][info ][safepoint    ] Entering safepoint region: RevokeBias
[12.135s][info ][safepoint    ] Leaving safepoint region
[12.135s][info ][safepoint    ] Total time for which application threads were stopped: 0.0001451 seconds, Stopping threads took: 0.0000151 seconds
[12.272s][info ][safepoint    ] Application time: 0.1366675 seconds
[12.273s][info ][safepoint    ] Entering safepoint region: CollectForMetadataAllocation
[12.273s][info ][safepoint    ] Leaving safepoint region
[12.273s][info ][safepoint    ] Total time for which application threads were stopped: 0.0008091 seconds, Stopping threads took: 0.0006186 seconds
[12.283s][info ][safepoint    ] Application time: 0.0102566 seconds
[12.283s][info ][safepoint    ] Entering safepoint region: CollectForMetadataAllocation
[12.283s][info ][safepoint    ] Leaving safepoint region
[12.283s][info ][safepoint    ] Total time for which application threads were stopped: 0.0001949 seconds, Stopping threads took: 0.0000574 seconds
[12.291s][info ][safepoint    ] Application time: 0.0073970 seconds
[12.291s][info ][safepoint    ] Entering safepoint region: RevokeBias
[12.291s][info ][safepoint    ] Leaving safepoint region
[12.291s][info ][safepoint    ] Total time for which application threads were stopped: 0.0001338 seconds, Stopping threads took: 0.0000502 seconds
[12.308s][info ][safepoint    ] Application time: 0.0170284 seconds
[12.308s][info ][safepoint    ] Entering safepoint region: CollectForMetadataAllocation
[12.308s][info ][safepoint    ] Leaving safepoint region
[12.308s][info ][safepoint    ] Total time for which application threads were stopped: 0.0002427 seconds, Stopping threads took: 0.0000338 seconds
[12.353s][info ][safepoint    ] Application time: 0.0446367 seconds
[12.353s][info ][safepoint    ] Entering safepoint region: CollectForMetadataAllocation
[12.353s][info ][safepoint    ] Leaving safepoint region
[12.353s][info ][safepoint    ] Total time for which application threads were stopped: 0.0002258 seconds, Stopping threads took: 0.0000919 seconds
[12.371s][info ][safepoint    ] Application time: 0.0174453 seconds
[12.371s][info ][safepoint    ] Entering safepoint region: Deoptimize
[12.371s][info ][safepoint    ] Leaving safepoint region
[12.371s][info ][safepoint    ] Total time for which application threads were stopped: 0.0009463 seconds, Stopping threads took: 0.0000295 seconds
[12.568s][info ][safepoint    ] Application time: 0.1960787 seconds
[12.568s][info ][safepoint    ] Entering safepoint region: CollectForMetadataAllocation
[12.568s][info ][safepoint    ] Leaving safepoint region
[12.568s][info ][safepoint    ] Total time for which application threads were stopped: 0.0001437 seconds, Stopping threads took: 0.0000129 seconds
[12.600s][info ][safepoint    ] Application time: 0.0325399 seconds
[12.600s][info ][safepoint    ] Entering safepoint region: CollectForMetadataAllocation
[12.601s][info ][safepoint    ] Leaving safepoint region
[12.601s][info ][safepoint    ] Total time for which application threads were stopped: 0.0001540 seconds, Stopping threads took: 0.0000151 seconds
[12.601s][info ][safepoint    ] Application time: 0.0000933 seconds
[12.601s][info ][safepoint    ] Entering safepoint region: CollectForMetadataAllocation
[12.601s][info ][safepoint    ] Leaving safepoint region
[12.601s][info ][safepoint    ] Total time for which application threads were stopped: 0.0000578 seconds, Stopping threads took: 0.0000355 seconds
[12.639s][info ][safepoint    ] Application time: 0.0381389 seconds
[12.639s][info ][safepoint    ] Entering safepoint region: Deoptimize
[12.640s][info ][safepoint    ] Leaving safepoint region
[12.640s][info ][safepoint    ] Total time for which application threads were stopped: 0.0010097 seconds, Stopping threads took: 0.0000129 seconds
[12.642s][info ][safepoint    ] Application time: 0.0024105 seconds
[12.642s][info ][safepoint    ] Entering safepoint region: GenCollectForAllocation
[12.642s][info ][gc,start     ] GC(95) Pause Young (Allocation Failure)
[12.642s][info ][gc,task      ] GC(95) Using 4 workers of 4 for evacuation
[12.704s][debug][gc,ref       ] GC(95) Skipped phase1 of Reference Processing due to unavailable references
[12.704s][debug][gc,ref       ] GC(95) Skipped phase3 of Reference Processing due to unavailable references
[12.704s][debug][gc,age       ] GC(95) Desired survivor size 15368192 bytes, new threshold 1 (max threshold 6)
[12.704s][info ][gc,heap      ] GC(95) ParNew: 252340K->30016K(270336K)
[12.704s][info ][gc,heap      ] GC(95) CMS: 132231K->154376K(600768K)
[12.704s][info ][gc,metaspace ] GC(95) Metaspace: 44713K->44713K(1089536K)
[12.704s][info ][gc           ] GC(95) Pause Young (Allocation Failure) 375M->180M(850M) 61.741ms
[12.704s][info ][gc,cpu       ] GC(95) User=0.21s Sys=0.02s Real=0.06s
[12.704s][info ][safepoint    ] Leaving safepoint region
[12.704s][info ][safepoint    ] Total time for which application threads were stopped: 0.0618913 seconds, Stopping threads took: 0.0000153 seconds
[12.704s][info ][safepoint    ] Application time: 0.0000889 seconds
[12.704s][info ][safepoint    ] Entering safepoint region: CMS_Initial_Mark
[12.704s][info ][gc,start     ] GC(96) Pause Initial Mark
[12.711s][info ][gc           ] GC(96) Pause Initial Mark 181M->181M(850M) 6.152ms
[12.711s][info ][gc,cpu       ] GC(96) User=0.02s Sys=0.00s Real=0.01s
[12.711s][info ][safepoint    ] Leaving safepoint region
[12.711s][info ][safepoint    ] Total time for which application threads were stopped: 0.0063353 seconds, Stopping threads took: 0.0000584 seconds
[12.711s][info ][gc           ] GC(96) Concurrent Mark
[12.722s][info ][safepoint    ] Application time: 0.0110531 seconds
[12.722s][info ][safepoint    ] Entering safepoint region: CollectForMetadataAllocation
[12.722s][info ][safepoint    ] Leaving safepoint region
[12.722s][info ][safepoint    ] Total time for which application threads were stopped: 0.0001267 seconds, Stopping threads took: 0.0000136 seconds
[12.827s][info ][safepoint    ] Application time: 0.1050951 seconds
[12.827s][info ][safepoint    ] Entering safepoint region: CollectForMetadataAllocation
[12.827s][info ][safepoint    ] Leaving safepoint region
[12.827s][info ][safepoint    ] Total time for which application threads were stopped: 0.0003185 seconds, Stopping threads took: 0.0000751 seconds
[12.917s][info ][safepoint    ] Application time: 0.0900240 seconds
[12.917s][info ][safepoint    ] Entering safepoint region: ICBufferFull
[12.918s][info ][safepoint    ] Leaving safepoint region
[12.918s][info ][safepoint    ] Total time for which application threads were stopped: 0.0002157 seconds, Stopping threads took: 0.0000662 seconds
[12.947s][info ][gc           ] GC(96) Concurrent Mark 236.053ms
[12.947s][info ][gc,cpu       ] GC(96) User=0.84s Sys=0.02s Real=0.24s
[12.947s][info ][gc           ] GC(96) Concurrent Preclean
[12.947s][debug][gc,ref       ] GC(96) Preclean SoftReferences 0.002ms
[12.947s][debug][gc,ref       ] GC(96) Preclean WeakReferences 0.023ms
[12.947s][debug][gc,ref       ] GC(96) Preclean FinalReferences 0.001ms
[12.947s][debug][gc,ref       ] GC(96) Preclean PhantomReferences 0.002ms
[12.949s][info ][gc           ] GC(96) Concurrent Preclean 1.954ms
[12.949s][info ][gc,cpu       ] GC(96) User=0.00s Sys=0.00s Real=0.00s
[12.949s][info ][gc           ] GC(96) Concurrent Abortable Preclean
[12.981s][info ][safepoint    ] Application time: 0.0639180 seconds
[12.982s][info ][safepoint    ] Entering safepoint region: ICBufferFull
[12.982s][info ][safepoint    ] Leaving safepoint region
[12.982s][info ][safepoint    ] Total time for which application threads were stopped: 0.0002145 seconds, Stopping threads took: 0.0000566 seconds
[13.022s][info ][safepoint    ] Application time: 0.0402656 seconds
[13.022s][info ][safepoint    ] Entering safepoint region: CollectForMetadataAllocation
[13.022s][info ][safepoint    ] Leaving safepoint region
[13.022s][info ][safepoint    ] Total time for which application threads were stopped: 0.0002016 seconds, Stopping threads took: 0.0000144 seconds
[13.184s][info ][safepoint    ] Application time: 0.1614738 seconds
[13.184s][info ][safepoint    ] Entering safepoint region: ICBufferFull
[13.184s][info ][safepoint    ] Leaving safepoint region
[13.184s][info ][safepoint    ] Total time for which application threads were stopped: 0.0001872 seconds, Stopping threads took: 0.0000129 seconds
[13.370s][info ][safepoint    ] Application time: 0.1864898 seconds
[13.370s][info ][safepoint    ] Entering safepoint region: ICBufferFull
[13.371s][info ][safepoint    ] Leaving safepoint region
[13.371s][info ][safepoint    ] Total time for which application threads were stopped: 0.0001805 seconds, Stopping threads took: 0.0000135 seconds
[13.569s][info ][safepoint    ] Application time: 0.1979068 seconds
[13.569s][info ][safepoint    ] Entering safepoint region: ICBufferFull
[13.569s][info ][safepoint    ] Leaving safepoint region
[13.569s][info ][safepoint    ] Total time for which application threads were stopped: 0.0002172 seconds, Stopping threads took: 0.0000283 seconds
[13.815s][info ][safepoint    ] Application time: 0.2465623 seconds
[13.815s][info ][safepoint    ] Entering safepoint region: ICBufferFull
[13.816s][info ][safepoint    ] Leaving safepoint region
[13.816s][info ][safepoint    ] Total time for which application threads were stopped: 0.0002264 seconds, Stopping threads took: 0.0000139 seconds
[14.166s][info ][safepoint    ] Application time: 0.3500046 seconds
[14.166s][info ][safepoint    ] Entering safepoint region: ICBufferFull
[14.166s][info ][safepoint    ] Leaving safepoint region
[14.166s][info ][safepoint    ] Total time for which application threads were stopped: 0.0002484 seconds, Stopping threads took: 0.0000270 seconds
[14.328s][info ][safepoint    ] Application time: 0.1621022 seconds
[14.328s][info ][safepoint    ] Entering safepoint region: CollectForMetadataAllocation
[14.328s][info ][safepoint    ] Leaving safepoint region
[14.328s][info ][safepoint    ] Total time for which application threads were stopped: 0.0001787 seconds, Stopping threads took: 0.0000317 seconds
[14.503s][info ][safepoint    ] Application time: 0.1746778 seconds
[14.503s][info ][safepoint    ] Entering safepoint region: ICBufferFull
[14.503s][info ][safepoint    ] Leaving safepoint region
[14.503s][info ][safepoint    ] Total time for which application threads were stopped: 0.0002200 seconds, Stopping threads took: 0.0000137 seconds
[14.505s][info ][safepoint    ] Application time: 0.0021459 seconds
[14.505s][info ][safepoint    ] Entering safepoint region: ICBufferFull
[14.506s][info ][safepoint    ] Leaving safepoint region
[14.506s][info ][safepoint    ] Total time for which application threads were stopped: 0.0001934 seconds, Stopping threads took: 0.0000114 seconds
[14.571s][info ][safepoint    ] Application time: 0.0650447 seconds
[14.571s][info ][safepoint    ] Entering safepoint region: ICBufferFull
[14.571s][info ][safepoint    ] Leaving safepoint region
[14.571s][info ][safepoint    ] Total time for which application threads were stopped: 0.0002475 seconds, Stopping threads took: 0.0000144 seconds
[14.916s][info ][safepoint    ] Application time: 0.3454733 seconds
[14.916s][info ][safepoint    ] Entering safepoint region: ICBufferFull
[14.917s][info ][safepoint    ] Leaving safepoint region
[14.917s][info ][safepoint    ] Total time for which application threads were stopped: 0.0002037 seconds, Stopping threads took: 0.0000135 seconds
[15.018s][info ][gc           ] GC(96) Concurrent Abortable Preclean 2069.457ms
[15.018s][info ][gc,cpu       ] GC(96) User=4.37s Sys=0.14s Real=2.07s
[15.018s][info ][safepoint    ] Application time: 0.1016877 seconds
[15.018s][info ][safepoint    ] Entering safepoint region: CMS_Final_Remark
[15.019s][info ][gc,start     ] GC(96) Pause Remark
[15.046s][debug][gc,phases    ] GC(96) Rescan (parallel) 27.668ms
[15.046s][debug][gc,ref       ] GC(96) Skipped phase1 of Reference Processing due to unavailable references
[15.046s][debug][gc,ref       ] GC(96) Skipped phase2 of Reference Processing due to unavailable references
[15.046s][debug][gc,ref       ] GC(96) Skipped phase3 of Reference Processing due to unavailable references
[15.046s][debug][gc,ref       ] GC(96) Skipped phase4 of Reference Processing due to unavailable references
[15.046s][debug][gc,phases    ] GC(96) Reference Processing 0.031ms
[15.046s][debug][gc,phases    ] GC(96) Weak Processing 0.096ms
[15.047s][debug][gc,phases    ] GC(96) ClassLoaderData 0.803ms
[15.047s][debug][gc,phases    ] GC(96) Dictionary 0.018ms
[15.047s][debug][gc,phases    ] GC(96) ProtectionDomainCacheTable 0.003ms
[15.047s][debug][gc,phases    ] GC(96) ResolvedMethodTable 0.134ms
[15.069s][debug][gc,phases    ] GC(96) Class Unloading 22.372ms
[15.072s][debug][gc,phases    ] GC(96) Scrub Symbol Table 2.978ms
[15.072s][debug][gc,phases    ] GC(96) Scrub String Table 0.324ms
[15.073s][info ][gc           ] GC(96) Pause Remark 315M->315M(850M) 54.448ms
[15.073s][info ][gc,cpu       ] GC(96) User=0.14s Sys=0.00s Real=0.05s
[15.073s][info ][safepoint    ] Leaving safepoint region
[15.073s][info ][safepoint    ] Total time for which application threads were stopped: 0.0547543 seconds, Stopping threads took: 0.0001060 seconds
[15.073s][info ][gc           ] GC(96) Concurrent Sweep
[15.077s][info ][safepoint    ] Application time: 0.0041621 seconds
[15.077s][info ][safepoint    ] Entering safepoint region: ICBufferFull
[15.078s][info ][safepoint    ] Leaving safepoint region
[15.078s][info ][safepoint    ] Total time for which application threads were stopped: 0.0002681 seconds, Stopping threads took: 0.0000570 seconds
[15.123s][info ][safepoint    ] Application time: 0.0456570 seconds
[15.123s][info ][safepoint    ] Entering safepoint region: Deoptimize
[15.124s][info ][safepoint    ] Leaving safepoint region
[15.124s][info ][safepoint    ] Total time for which application threads were stopped: 0.0012525 seconds, Stopping threads took: 0.0000130 seconds
[15.151s][info ][gc           ] GC(96) Concurrent Sweep 77.415ms
[15.151s][info ][gc,cpu       ] GC(96) User=0.18s Sys=0.01s Real=0.08s
[15.151s][info ][gc           ] GC(96) Concurrent Reset
[15.160s][info ][gc           ] GC(96) Concurrent Reset 9.429ms
[15.160s][info ][gc,cpu       ] GC(96) User=0.01s Sys=0.00s Real=0.01s
[15.160s][info ][gc,heap      ] GC(96) Old: 154376K->150957K(600768K)
[15.726s][info ][safepoint    ] Application time: 0.6012768 seconds
[15.726s][info ][safepoint    ] Entering safepoint region: ICBufferFull
[15.726s][info ][safepoint    ] Leaving safepoint region
[15.726s][info ][safepoint    ] Total time for which application threads were stopped: 0.0003417 seconds, Stopping threads took: 0.0000137 seconds
[16.726s][info ][safepoint    ] Application time: 1.0001289 seconds
[16.726s][info ][safepoint    ] Entering safepoint region: Cleanup
[16.726s][info ][safepoint    ] Leaving safepoint region
[16.726s][info ][safepoint    ] Total time for which application threads were stopped: 0.0001757 seconds, Stopping threads took: 0.0000147 seconds
[16.865s][info ][safepoint    ] Application time: 0.1388020 seconds
[16.865s][info ][safepoint    ] Entering safepoint region: GenCollectForAllocation
[16.865s][info ][gc,start     ] GC(97) Pause Young (Allocation Failure)
[16.865s][info ][gc,task      ] GC(97) Using 4 workers of 4 for evacuation
[16.896s][debug][gc,ref       ] GC(97) Skipped phase1 of Reference Processing due to unavailable references
[16.896s][debug][gc,ref       ] GC(97) Skipped phase3 of Reference Processing due to unavailable references
[16.896s][debug][gc,age       ] GC(97) Desired survivor size 15368192 bytes, new threshold 6 (max threshold 6)
[16.896s][info ][gc,heap      ] GC(97) ParNew: 270336K->24671K(270336K)
[16.896s][info ][gc,heap      ] GC(97) CMS: 150957K->177770K(600768K)
[16.896s][info ][gc,metaspace ] GC(97) Metaspace: 45634K->45634K(1091584K)
[16.896s][info ][gc           ] GC(97) Pause Young (Allocation Failure) 411M->197M(850M) 30.616ms
[16.896s][info ][gc,cpu       ] GC(97) User=0.10s Sys=0.00s Real=0.04s
[16.896s][info ][safepoint    ] Leaving safepoint region
[16.896s][info ][safepoint    ] Total time for which application threads were stopped: 0.0307802 seconds, Stopping threads took: 0.0000129 seconds
[17.896s][info ][safepoint    ] Application time: 1.0000718 seconds
[17.896s][info ][safepoint    ] Entering safepoint region: Cleanup
[17.896s][info ][safepoint    ] Leaving safepoint region
[17.896s][info ][safepoint    ] Total time for which application threads were stopped: 0.0001976 seconds, Stopping threads took: 0.0000150 seconds
[18.897s][info ][safepoint    ] Application time: 1.0001053 seconds
[18.897s][info ][safepoint    ] Entering safepoint region: Cleanup
[18.897s][info ][safepoint    ] Leaving safepoint region
[18.897s][info ][safepoint    ] Total time for which application threads were stopped: 0.0001152 seconds, Stopping threads took: 0.0000152 seconds
[19.897s][info ][safepoint    ] Application time: 1.0000733 seconds
[19.897s][info ][safepoint    ] Entering safepoint region: Cleanup
[19.897s][info ][safepoint    ] Leaving safepoint region
[19.897s][info ][safepoint    ] Total time for which application threads were stopped: 0.0001168 seconds, Stopping threads took: 0.0000153 seconds
[20.162s][info ][safepoint    ] Application time: 0.2648456 seconds
[20.162s][info ][safepoint    ] Entering safepoint region: RevokeBias
[20.162s][info ][safepoint    ] Leaving safepoint region
[20.162s][info ][safepoint    ] Total time for which application threads were stopped: 0.0001544 seconds, Stopping threads took: 0.0000531 seconds
[20.168s][info ][safepoint    ] Application time: 0.0062955 seconds
[20.168s][info ][safepoint    ] Entering safepoint region: RevokeBias
[20.168s][info ][safepoint    ] Leaving safepoint region
[20.168s][info ][safepoint    ] Total time for which application threads were stopped: 0.0001551 seconds, Stopping threads took: 0.0000619 seconds
[20.169s][info ][safepoint    ] Application time: 0.0003661 seconds
[20.169s][info ][safepoint    ] Entering safepoint region: RevokeBias
[20.169s][info ][safepoint    ] Leaving safepoint region
[20.169s][info ][safepoint    ] Total time for which application threads were stopped: 0.0001197 seconds, Stopping threads took: 0.0000540 seconds
[20.204s][info ][safepoint    ] Application time: 0.0349337 seconds
[20.204s][info ][safepoint    ] Entering safepoint region: Deoptimize
[20.205s][info ][safepoint    ] Leaving safepoint region
[20.205s][info ][safepoint    ] Total time for which application threads were stopped: 0.0012418 seconds, Stopping threads took: 0.0000127 seconds
[20.291s][info ][safepoint    ] Application time: 0.0855742 seconds
[20.291s][info ][safepoint    ] Entering safepoint region: RevokeBias
[20.291s][info ][safepoint    ] Leaving safepoint region
[20.291s][info ][safepoint    ] Total time for which application threads were stopped: 0.0000954 seconds, Stopping threads took: 0.0000146 seconds
[20.310s][info ][safepoint    ] Application time: 0.0189925 seconds
[20.310s][info ][safepoint    ] Entering safepoint region: RevokeBias
[20.310s][info ][safepoint    ] Leaving safepoint region
[20.310s][info ][safepoint    ] Total time for which application threads were stopped: 0.0000998 seconds, Stopping threads took: 0.0000239 seconds
[21.303s][info ][safepoint    ] Application time: 0.9932436 seconds
[21.303s][info ][safepoint    ] Entering safepoint region: RevokeBias
[21.304s][info ][safepoint    ] Leaving safepoint region
[21.304s][info ][safepoint    ] Total time for which application threads were stopped: 0.0002478 seconds, Stopping threads took: 0.0000768 seconds
[21.305s][info ][safepoint    ] Application time: 0.0013181 seconds
[21.305s][info ][safepoint    ] Entering safepoint region: RevokeBias
[21.305s][info ][safepoint    ] Leaving safepoint region
[21.305s][info ][safepoint    ] Total time for which application threads were stopped: 0.0000851 seconds, Stopping threads took: 0.0000085 seconds
[21.328s][info ][safepoint    ] Application time: 0.0230392 seconds
[21.328s][info ][safepoint    ] Entering safepoint region: Deoptimize
[21.329s][info ][safepoint    ] Leaving safepoint region
[21.329s][info ][safepoint    ] Total time for which application threads were stopped: 0.0012277 seconds, Stopping threads took: 0.0000141 seconds
[21.330s][info ][safepoint    ] Application time: 0.0009377 seconds
[21.330s][info ][safepoint    ] Entering safepoint region: RevokeBias
[21.330s][info ][safepoint    ] Leaving safepoint region
[21.330s][info ][safepoint    ] Total time for which application threads were stopped: 0.0000629 seconds, Stopping threads took: 0.0000101 seconds
[21.330s][info ][safepoint    ] Application time: 0.0000715 seconds
[21.330s][info ][safepoint    ] Entering safepoint region: RevokeBias
[21.330s][info ][safepoint    ] Leaving safepoint region
[21.330s][info ][safepoint    ] Total time for which application threads were stopped: 0.0000234 seconds, Stopping threads took: 0.0000051 seconds
[21.330s][info ][safepoint    ] Application time: 0.0000743 seconds
[21.330s][info ][safepoint    ] Entering safepoint region: RevokeBias
[21.331s][info ][safepoint    ] Leaving safepoint region
[21.331s][info ][safepoint    ] Total time for which application threads were stopped: 0.0000289 seconds, Stopping threads took: 0.0000055 seconds
[21.331s][info ][safepoint    ] Application time: 0.0000542 seconds
[21.331s][info ][safepoint    ] Entering safepoint region: RevokeBias
[21.331s][info ][safepoint    ] Leaving safepoint region
[21.331s][info ][safepoint    ] Total time for which application threads were stopped: 0.0000224 seconds, Stopping threads took: 0.0000049 seconds
[21.336s][info ][safepoint    ] Application time: 0.0056780 seconds
[21.336s][info ][safepoint    ] Entering safepoint region: RevokeBias
[21.336s][info ][safepoint    ] Leaving safepoint region
[21.336s][info ][safepoint    ] Total time for which application threads were stopped: 0.0000762 seconds, Stopping threads took: 0.0000138 seconds
[21.342s][info ][safepoint    ] Application time: 0.0059487 seconds
[21.342s][info ][safepoint    ] Entering safepoint region: RevokeBias
[21.342s][info ][safepoint    ] Leaving safepoint region
[21.342s][info ][safepoint    ] Total time for which application threads were stopped: 0.0000834 seconds, Stopping threads took: 0.0000126 seconds
[21.363s][info ][safepoint    ] Application time: 0.0207977 seconds
[21.363s][info ][safepoint    ] Entering safepoint region: RevokeBias
[21.363s][info ][safepoint    ] Leaving safepoint region
[21.363s][info ][safepoint    ] Total time for which application threads were stopped: 0.0000851 seconds, Stopping threads took: 0.0000130 seconds
[21.363s][info ][safepoint    ] Application time: 0.0000925 seconds
[21.363s][info ][safepoint    ] Entering safepoint region: RevokeBias
[21.363s][info ][safepoint    ] Leaving safepoint region
[21.363s][info ][safepoint    ] Total time for which application threads were stopped: 0.0000273 seconds, Stopping threads took: 0.0000060 seconds
[21.377s][info ][safepoint    ] Application time: 0.0134083 seconds
[21.377s][info ][safepoint    ] Entering safepoint region: GenCollectForAllocation
[21.377s][info ][gc,start     ] GC(98) Pause Young (Allocation Failure)
[21.377s][info ][gc,task      ] GC(98) Using 4 workers of 4 for evacuation
[21.381s][debug][gc,ref       ] GC(98) Skipped phase1 of Reference Processing due to unavailable references
[21.381s][debug][gc,ref       ] GC(98) Skipped phase3 of Reference Processing due to unavailable references
[21.381s][debug][gc,age       ] GC(98) Desired survivor size 15368192 bytes, new threshold 6 (max threshold 6)
[21.381s][info ][gc,heap      ] GC(98) ParNew: 264991K->6260K(270336K)
[21.381s][info ][gc,heap      ] GC(98) CMS: 177770K->177770K(600768K)
[21.381s][info ][gc,metaspace ] GC(98) Metaspace: 48901K->48901K(1093632K)
[21.381s][info ][gc           ] GC(98) Pause Young (Allocation Failure) 432M->179M(850M) 4.201ms
[21.381s][info ][gc,cpu       ] GC(98) User=0.02s Sys=0.00s Real=0.00s
[21.381s][info ][safepoint    ] Leaving safepoint region
[21.381s][info ][safepoint    ] Total time for which application threads were stopped: 0.0043973 seconds, Stopping threads took: 0.0000139 seconds
[21.406s][info ][safepoint    ] Application time: 0.0243888 seconds
[21.406s][info ][safepoint    ] Entering safepoint region: Deoptimize
[21.407s][info ][safepoint    ] Leaving safepoint region
[21.407s][info ][safepoint    ] Total time for which application threads were stopped: 0.0013198 seconds, Stopping threads took: 0.0000610 seconds
[21.441s][info ][safepoint    ] Application time: 0.0337803 seconds
[21.441s][info ][safepoint    ] Entering safepoint region: Deoptimize
[21.442s][info ][safepoint    ] Leaving safepoint region
[21.442s][info ][safepoint    ] Total time for which application threads were stopped: 0.0014373 seconds, Stopping threads took: 0.0000239 seconds
[21.461s][info ][safepoint    ] Application time: 0.0182714 seconds
[21.461s][info ][safepoint    ] Entering safepoint region: RevokeBias
[21.461s][info ][safepoint    ] Leaving safepoint region
[21.461s][info ][safepoint    ] Total time for which application threads were stopped: 0.0001102 seconds, Stopping threads took: 0.0000354 seconds
[21.461s][info ][safepoint    ] Application time: 0.0000922 seconds
[21.461s][info ][safepoint    ] Entering safepoint region: RevokeBias
[21.461s][info ][safepoint    ] Leaving safepoint region
[21.461s][info ][safepoint    ] Total time for which application threads were stopped: 0.0004517 seconds, Stopping threads took: 0.0003781 seconds
[21.461s][info ][safepoint    ] Application time: 0.0001492 seconds
[21.461s][info ][safepoint    ] Entering safepoint region: RevokeBias
[21.462s][info ][safepoint    ] Leaving safepoint region
[21.462s][info ][safepoint    ] Total time for which application threads were stopped: 0.0000671 seconds, Stopping threads took: 0.0000403 seconds
[21.462s][info ][safepoint    ] Application time: 0.0000570 seconds
[21.462s][info ][safepoint    ] Entering safepoint region: RevokeBias
[21.462s][info ][safepoint    ] Leaving safepoint region
[21.462s][info ][safepoint    ] Total time for which application threads were stopped: 0.0000254 seconds, Stopping threads took: 0.0000048 seconds
[21.534s][info ][safepoint    ] Application time: 0.0720701 seconds
[21.534s][info ][safepoint    ] Entering safepoint region: RevokeBias
[21.534s][info ][safepoint    ] Leaving safepoint region
[21.534s][info ][safepoint    ] Total time for which application threads were stopped: 0.0001784 seconds, Stopping threads took: 0.0000464 seconds
[21.560s][info ][safepoint    ] Application time: 0.0260889 seconds
[21.560s][info ][safepoint    ] Entering safepoint region: Deoptimize
[21.561s][info ][safepoint    ] Leaving safepoint region
[21.561s][info ][safepoint    ] Total time for which application threads were stopped: 0.0013059 seconds, Stopping threads took: 0.0000145 seconds
[21.562s][info ][safepoint    ] Application time: 0.0004326 seconds
[21.562s][info ][safepoint    ] Entering safepoint region: Deoptimize
[21.563s][info ][safepoint    ] Leaving safepoint region
[21.563s][info ][safepoint    ] Total time for which application threads were stopped: 0.0011729 seconds, Stopping threads took: 0.0000132 seconds
[21.564s][info ][safepoint    ] Application time: 0.0010070 seconds
[21.564s][info ][safepoint    ] Entering safepoint region: RevokeBias
[21.564s][info ][safepoint    ] Leaving safepoint region
[21.564s][info ][safepoint    ] Total time for which application threads were stopped: 0.0000900 seconds, Stopping threads took: 0.0000386 seconds
[21.564s][info ][safepoint    ] Application time: 0.0003492 seconds
[21.564s][info ][safepoint    ] Entering safepoint region: Deoptimize
[21.565s][info ][safepoint    ] Leaving safepoint region
[21.565s][info ][safepoint    ] Total time for which application threads were stopped: 0.0009773 seconds, Stopping threads took: 0.0000579 seconds
[21.569s][info ][safepoint    ] Application time: 0.0038878 seconds
[21.569s][info ][safepoint    ] Entering safepoint region: RevokeBias
[21.569s][info ][safepoint    ] Leaving safepoint region
[21.569s][info ][safepoint    ] Total time for which application threads were stopped: 0.0001127 seconds, Stopping threads took: 0.0000395 seconds
[21.574s][info ][safepoint    ] Application time: 0.0042661 seconds
[21.574s][info ][safepoint    ] Entering safepoint region: RevokeBias
[21.574s][info ][safepoint    ] Leaving safepoint region
[21.574s][info ][safepoint    ] Total time for which application threads were stopped: 0.0000366 seconds, Stopping threads took: 0.0000076 seconds
[21.580s][info ][safepoint    ] Application time: 0.0063873 seconds
[21.580s][info ][safepoint    ] Entering safepoint region: Deoptimize
[21.581s][info ][safepoint    ] Leaving safepoint region
[21.581s][info ][safepoint    ] Total time for which application threads were stopped: 0.0012439 seconds, Stopping threads took: 0.0000238 seconds
[21.755s][info ][safepoint    ] Application time: 0.1736443 seconds
[21.755s][info ][safepoint    ] Entering safepoint region: ICBufferFull
[21.755s][info ][safepoint    ] Leaving safepoint region
[21.755s][info ][safepoint    ] Total time for which application threads were stopped: 0.0002061 seconds, Stopping threads took: 0.0000137 seconds
[21.912s][info ][safepoint    ] Application time: 0.1570100 seconds
[21.912s][info ][safepoint    ] Entering safepoint region: RevokeBias
[21.913s][info ][safepoint    ] Leaving safepoint region
[21.913s][info ][safepoint    ] Total time for which application threads were stopped: 0.0002968 seconds, Stopping threads took: 0.0000670 seconds
[22.033s][info ][safepoint    ] Application time: 0.1202267 seconds
[22.033s][info ][safepoint    ] Entering safepoint region: ICBufferFull
[22.033s][info ][safepoint    ] Leaving safepoint region
[22.033s][info ][safepoint    ] Total time for which application threads were stopped: 0.0002604 seconds, Stopping threads took: 0.0000573 seconds
[22.368s][info ][safepoint    ] Application time: 0.3352324 seconds
[22.369s][info ][safepoint    ] Entering safepoint region: ICBufferFull
[22.369s][info ][safepoint    ] Leaving safepoint region
[22.369s][info ][safepoint    ] Total time for which application threads were stopped: 0.0005178 seconds, Stopping threads took: 0.0001606 seconds
[22.561s][info ][safepoint    ] Application time: 0.1922353 seconds
[22.561s][info ][safepoint    ] Entering safepoint region: GenCollectForAllocation
[22.561s][info ][gc,start     ] GC(99) Pause Young (Allocation Failure)
[22.561s][info ][gc,task      ] GC(99) Using 4 workers of 4 for evacuation
[22.578s][debug][gc,ref       ] GC(99) Skipped phase1 of Reference Processing due to unavailable references
[22.578s][debug][gc,age       ] GC(99) Desired survivor size 15368192 bytes, new threshold 1 (max threshold 6)
[22.578s][info ][gc,heap      ] GC(99) ParNew: 246580K->19726K(270336K)
[22.578s][info ][gc,heap      ] GC(99) CMS: 177770K->194154K(600768K)
[22.578s][info ][gc,metaspace ] GC(99) Metaspace: 54130K->54130K(1097728K)
[22.578s][info ][gc           ] GC(99) Pause Young (Allocation Failure) 414M->208M(850M) 17.006ms
[22.578s][info ][gc,cpu       ] GC(99) User=0.07s Sys=0.01s Real=0.02s
[22.578s][info ][safepoint    ] Leaving safepoint region
[22.578s][info ][safepoint    ] Total time for which application threads were stopped: 0.0171945 seconds, Stopping threads took: 0.0000141 seconds
[22.584s][info ][safepoint    ] Application time: 0.0052603 seconds
[22.584s][info ][safepoint    ] Entering safepoint region: RevokeBias
[22.584s][info ][safepoint    ] Leaving safepoint region
[22.584s][info ][safepoint    ] Total time for which application threads were stopped: 0.0001687 seconds, Stopping threads took: 0.0000825 seconds
[22.882s][info ][safepoint    ] Application time: 0.2980497 seconds
[22.882s][info ][safepoint    ] Entering safepoint region: Deoptimize
[22.883s][info ][safepoint    ] Leaving safepoint region
[22.883s][info ][safepoint    ] Total time for which application threads were stopped: 0.0014400 seconds, Stopping threads took: 0.0000141 seconds
[22.884s][info ][safepoint    ] Application time: 0.0003048 seconds
[22.884s][info ][safepoint    ] Entering safepoint region: Deoptimize
[22.885s][info ][safepoint    ] Leaving safepoint region
[22.885s][info ][safepoint    ] Total time for which application threads were stopped: 0.0011227 seconds, Stopping threads took: 0.0000440 seconds
[23.074s][info ][safepoint    ] Application time: 0.1895215 seconds
[23.074s][info ][safepoint    ] Entering safepoint region: ICBufferFull
[23.075s][info ][safepoint    ] Leaving safepoint region
[23.075s][info ][safepoint    ] Total time for which application threads were stopped: 0.0002492 seconds, Stopping threads took: 0.0000149 seconds
[23.928s][info ][safepoint    ] Application time: 0.8537591 seconds
[23.928s][info ][safepoint    ] Entering safepoint region: ICBufferFull
[23.929s][info ][safepoint    ] Leaving safepoint region
[23.929s][info ][safepoint    ] Total time for which application threads were stopped: 0.0002129 seconds, Stopping threads took: 0.0000155 seconds
[24.724s][info ][safepoint    ] Application time: 0.7949977 seconds
[24.724s][info ][safepoint    ] Entering safepoint region: ICBufferFull
[24.724s][info ][safepoint    ] Leaving safepoint region
[24.724s][info ][safepoint    ] Total time for which application threads were stopped: 0.0002286 seconds, Stopping threads took: 0.0000499 seconds
[25.272s][info ][safepoint    ] Application time: 0.5479654 seconds
[25.272s][info ][safepoint    ] Entering safepoint region: GenCollectForAllocation
[25.272s][info ][gc,start     ] GC(100) Pause Young (Allocation Failure)
[25.272s][info ][gc,task      ] GC(100) Using 4 workers of 4 for evacuation
[25.294s][debug][gc,ref       ] GC(100) Skipped phase1 of Reference Processing due to unavailable references
[25.294s][debug][gc,ref       ] GC(100) Skipped phase3 of Reference Processing due to unavailable references
[25.294s][debug][gc,age       ] GC(100) Desired survivor size 15368192 bytes, new threshold 6 (max threshold 6)
[25.294s][info ][gc,heap      ] GC(100) ParNew: 260046K->14620K(270336K)
[25.294s][info ][gc,heap      ] GC(100) CMS: 194154K->209310K(600768K)
[25.294s][info ][gc,metaspace ] GC(100) Metaspace: 54377K->54377K(1097728K)
[25.294s][info ][gc           ] GC(100) Pause Young (Allocation Failure) 443M->218M(850M) 21.786ms
[25.294s][info ][gc,cpu       ] GC(100) User=0.07s Sys=0.01s Real=0.03s
[25.294s][info ][safepoint    ] Leaving safepoint region
[25.294s][info ][safepoint    ] Total time for which application threads were stopped: 0.0220340 seconds, Stopping threads took: 0.0000151 seconds
[26.294s][info ][safepoint    ] Application time: 1.0000946 seconds
[26.294s][info ][safepoint    ] Entering safepoint region: Cleanup
[26.294s][info ][safepoint    ] Leaving safepoint region
[26.294s][info ][safepoint    ] Total time for which application threads were stopped: 0.0001450 seconds, Stopping threads took: 0.0000153 seconds
[26.564s][info ][safepoint    ] Application time: 0.2702230 seconds
[26.565s][info ][safepoint    ] Entering safepoint region: RevokeBias
[26.565s][info ][safepoint    ] Leaving safepoint region
[26.565s][info ][safepoint    ] Total time for which application threads were stopped: 0.0001950 seconds, Stopping threads took: 0.0000740 seconds
[26.565s][info ][safepoint    ] Application time: 0.0001059 seconds
[26.565s][info ][safepoint    ] Entering safepoint region: RevokeBias
[26.565s][info ][safepoint    ] Leaving safepoint region
[26.565s][info ][safepoint    ] Total time for which application threads were stopped: 0.0000510 seconds, Stopping threads took: 0.0000314 seconds
[27.550s][info ][safepoint    ] Application time: 0.9850737 seconds
[27.550s][info ][safepoint    ] Entering safepoint region: ICBufferFull
[27.550s][info ][safepoint    ] Leaving safepoint region
[27.550s][info ][safepoint    ] Total time for which application threads were stopped: 0.0002231 seconds, Stopping threads took: 0.0000268 seconds
[27.653s][info ][safepoint    ] Application time: 0.1030374 seconds
[27.653s][info ][safepoint    ] Entering safepoint region: ICBufferFull
[27.654s][info ][safepoint    ] Leaving safepoint region
[27.654s][info ][safepoint    ] Total time for which application threads were stopped: 0.0002427 seconds, Stopping threads took: 0.0000608 seconds
[27.655s][info ][safepoint    ] Application time: 0.0013400 seconds
[27.655s][info ][safepoint    ] Entering safepoint region: Deoptimize
[27.656s][info ][safepoint    ] Leaving safepoint region
[27.656s][info ][safepoint    ] Total time for which application threads were stopped: 0.0014859 seconds, Stopping threads took: 0.0000116 seconds
[28.373s][info ][safepoint    ] Application time: 0.7164831 seconds
[28.373s][info ][safepoint    ] Entering safepoint region: GenCollectForAllocation
[28.373s][info ][gc,start     ] GC(101) Pause Young (Allocation Failure)
[28.373s][info ][gc,task      ] GC(101) Using 4 workers of 4 for evacuation
[28.379s][debug][gc,ref       ] GC(101) Skipped phase1 of Reference Processing due to unavailable references
[28.379s][debug][gc,ref       ] GC(101) Skipped phase3 of Reference Processing due to unavailable references
[28.379s][debug][gc,age       ] GC(101) Desired survivor size 15368192 bytes, new threshold 6 (max threshold 6)
[28.379s][info ][gc,heap      ] GC(101) ParNew: 254940K->13610K(270336K)
[28.379s][info ][gc,heap      ] GC(101) CMS: 209310K->209310K(600768K)
[28.379s][info ][gc,metaspace ] GC(101) Metaspace: 54606K->54606K(1099776K)
[28.379s][info ][gc           ] GC(101) Pause Young (Allocation Failure) 453M->217M(850M) 6.352ms
[28.379s][info ][gc,cpu       ] GC(101) User=0.02s Sys=0.00s Real=0.01s
[28.379s][info ][safepoint    ] Leaving safepoint region
[28.379s][info ][safepoint    ] Total time for which application threads were stopped: 0.0065805 seconds, Stopping threads took: 0.0000391 seconds
[29.380s][info ][safepoint    ] Application time: 1.0001048 seconds
[29.380s][info ][safepoint    ] Entering safepoint region: Cleanup
[29.380s][info ][safepoint    ] Leaving safepoint region
[29.380s][info ][safepoint    ] Total time for which application threads were stopped: 0.0001110 seconds, Stopping threads took: 0.0000140 seconds
[30.380s][info ][safepoint    ] Application time: 1.0000996 seconds
[30.380s][info ][safepoint    ] Entering safepoint region: Cleanup
[30.380s][info ][safepoint    ] Leaving safepoint region
[30.380s][info ][safepoint    ] Total time for which application threads were stopped: 0.0001826 seconds, Stopping threads took: 0.0000273 seconds
[31.380s][info ][safepoint    ] Application time: 1.0000875 seconds
[31.380s][info ][safepoint    ] Entering safepoint region: Cleanup
[31.381s][info ][safepoint    ] Leaving safepoint region
[31.381s][info ][safepoint    ] Total time for which application threads were stopped: 0.0001156 seconds, Stopping threads took: 0.0000183 seconds
[31.565s][info ][safepoint    ] Application time: 0.1845986 seconds
[31.565s][info ][safepoint    ] Entering safepoint region: RevokeBias
[31.565s][info ][safepoint    ] Leaving safepoint region
[31.565s][info ][safepoint    ] Total time for which application threads were stopped: 0.0003184 seconds, Stopping threads took: 0.0000686 seconds
[31.567s][info ][safepoint    ] Application time: 0.0011198 seconds
[31.567s][info ][safepoint    ] Entering safepoint region: RevokeBias
[31.567s][info ][safepoint    ] Leaving safepoint region
[31.567s][info ][safepoint    ] Total time for which application threads were stopped: 0.0000817 seconds, Stopping threads took: 0.0000465 seconds
[31.567s][info ][safepoint    ] Application time: 0.0000625 seconds
[31.567s][info ][safepoint    ] Entering safepoint region: RevokeBias
[31.567s][info ][safepoint    ] Leaving safepoint region
[31.567s][info ][safepoint    ] Total time for which application threads were stopped: 0.0001130 seconds, Stopping threads took: 0.0000298 seconds
[31.567s][info ][safepoint    ] Application time: 0.0001026 seconds
[31.567s][info ][safepoint    ] Entering safepoint region: RevokeBias
[31.567s][info ][safepoint    ] Leaving safepoint region
[31.567s][info ][safepoint    ] Total time for which application threads were stopped: 0.0000554 seconds, Stopping threads took: 0.0000319 seconds
[31.567s][info ][safepoint    ] Application time: 0.0001522 seconds
[31.567s][info ][safepoint    ] Entering safepoint region: RevokeBias
[31.567s][info ][safepoint    ] Leaving safepoint region
[31.567s][info ][safepoint    ] Total time for which application threads were stopped: 0.0000543 seconds, Stopping threads took: 0.0000351 seconds
[31.966s][info ][safepoint    ] Application time: 0.3987736 seconds
[31.966s][info ][safepoint    ] Entering safepoint region: GenCollectForAllocation
[31.966s][info ][gc,start     ] GC(102) Pause Young (Allocation Failure)
[31.966s][info ][gc,task      ] GC(102) Using 4 workers of 4 for evacuation
[31.972s][debug][gc,ref       ] GC(102) Skipped phase1 of Reference Processing due to unavailable references
[31.972s][debug][gc,ref       ] GC(102) Skipped phase3 of Reference Processing due to unavailable references
[31.972s][debug][gc,age       ] GC(102) Desired survivor size 15368192 bytes, new threshold 6 (max threshold 6)
[31.972s][info ][gc,heap      ] GC(102) ParNew: 253930K->16490K(270336K)
[31.972s][info ][gc,heap      ] GC(102) CMS: 209310K->209310K(600768K)
[31.972s][info ][gc,metaspace ] GC(102) Metaspace: 54716K->54716K(1099776K)
[31.972s][info ][gc           ] GC(102) Pause Young (Allocation Failure) 452M->220M(850M) 6.023ms
[31.972s][info ][gc,cpu       ] GC(102) User=0.03s Sys=0.00s Real=0.00s
[31.972s][info ][safepoint    ] Leaving safepoint region
[31.972s][info ][safepoint    ] Total time for which application threads were stopped: 0.0061903 seconds, Stopping threads took: 0.0000135 seconds
[32.972s][info ][safepoint    ] Application time: 1.0000977 seconds
[32.972s][info ][safepoint    ] Entering safepoint region: Cleanup
[32.973s][info ][safepoint    ] Leaving safepoint region
[32.973s][info ][safepoint    ] Total time for which application threads were stopped: 0.0002598 seconds, Stopping threads took: 0.0000889 seconds
[33.973s][info ][safepoint    ] Application time: 1.0000854 seconds
[33.973s][info ][safepoint    ] Entering safepoint region: Cleanup
[33.973s][info ][safepoint    ] Leaving safepoint region
[33.973s][info ][safepoint    ] Total time for which application threads were stopped: 0.0003417 seconds, Stopping threads took: 0.0001623 seconds
[34.973s][info ][safepoint    ] Application time: 1.0000856 seconds
[34.973s][info ][safepoint    ] Entering safepoint region: Cleanup
[34.973s][info ][safepoint    ] Leaving safepoint region
[34.974s][info ][safepoint    ] Total time for which application threads were stopped: 0.0002536 seconds, Stopping threads took: 0.0001027 seconds
[35.468s][info ][safepoint    ] Application time: 0.4945876 seconds
[35.468s][info ][safepoint    ] Entering safepoint region: GenCollectForAllocation
[35.468s][info ][gc,start     ] GC(103) Pause Young (Allocation Failure)
[35.468s][info ][gc,task      ] GC(103) Using 4 workers of 4 for evacuation
[35.474s][debug][gc,ref       ] GC(103) Skipped phase1 of Reference Processing due to unavailable references
[35.474s][debug][gc,ref       ] GC(103) Skipped phase3 of Reference Processing due to unavailable references
[35.474s][debug][gc,age       ] GC(103) Desired survivor size 15368192 bytes, new threshold 6 (max threshold 6)
[35.474s][info ][gc,heap      ] GC(103) ParNew: 256810K->17673K(270336K)
[35.474s][info ][gc,heap      ] GC(103) CMS: 209310K->209310K(600768K)
[35.474s][info ][gc,metaspace ] GC(103) Metaspace: 54911K->54911K(1099776K)
[35.475s][info ][gc           ] GC(103) Pause Young (Allocation Failure) 455M->221M(850M) 6.290ms
[35.475s][info ][gc,cpu       ] GC(103) User=0.03s Sys=0.00s Real=0.01s
[35.475s][info ][safepoint    ] Leaving safepoint region
[35.475s][info ][safepoint    ] Total time for which application threads were stopped: 0.0064431 seconds, Stopping threads took: 0.0000135 seconds
[36.475s][info ][safepoint    ] Application time: 1.0000940 seconds
[36.475s][info ][safepoint    ] Entering safepoint region: Cleanup
[36.475s][info ][safepoint    ] Leaving safepoint region
[36.475s][info ][safepoint    ] Total time for which application threads were stopped: 0.0001245 seconds, Stopping threads took: 0.0000562 seconds
[37.475s][info ][safepoint    ] Application time: 1.0000505 seconds
[37.475s][info ][safepoint    ] Entering safepoint region: Cleanup
[37.475s][info ][safepoint    ] Leaving safepoint region
[37.475s][info ][safepoint    ] Total time for which application threads were stopped: 0.0000956 seconds, Stopping threads took: 0.0000150 seconds
[38.475s][info ][safepoint    ] Application time: 1.0001148 seconds
[38.475s][info ][safepoint    ] Entering safepoint region: Cleanup
[38.475s][info ][safepoint    ] Leaving safepoint region
[38.475s][info ][safepoint    ] Total time for which application threads were stopped: 0.0001164 seconds, Stopping threads took: 0.0000166 seconds
[39.172s][info ][safepoint    ] Application time: 0.6963707 seconds
[39.172s][info ][safepoint    ] Entering safepoint region: GenCollectForAllocation
[39.172s][info ][gc,start     ] GC(104) Pause Young (Allocation Failure)
[39.172s][info ][gc,task      ] GC(104) Using 4 workers of 4 for evacuation
[39.178s][debug][gc,ref       ] GC(104) Skipped phase1 of Reference Processing due to unavailable references
[39.178s][debug][gc,ref       ] GC(104) Skipped phase3 of Reference Processing due to unavailable references
[39.178s][debug][gc,age       ] GC(104) Desired survivor size 15368192 bytes, new threshold 6 (max threshold 6)
[39.178s][info ][gc,heap      ] GC(104) ParNew: 257993K->13263K(270336K)
[39.178s][info ][gc,heap      ] GC(104) CMS: 209310K->209310K(600768K)
[39.178s][info ][gc,metaspace ] GC(104) Metaspace: 54965K->54965K(1099776K)
[39.178s][info ][gc           ] GC(104) Pause Young (Allocation Failure) 456M->217M(850M) 6.128ms
[39.178s][info ][gc,cpu       ] GC(104) User=0.03s Sys=0.00s Real=0.01s
[39.178s][info ][safepoint    ] Leaving safepoint region
[39.178s][info ][safepoint    ] Total time for which application threads were stopped: 0.0063222 seconds, Stopping threads took: 0.0000148 seconds
[40.178s][info ][safepoint    ] Application time: 1.0001068 seconds
[40.178s][info ][safepoint    ] Entering safepoint region: Cleanup
[40.178s][info ][safepoint    ] Leaving safepoint region
[40.178s][info ][safepoint    ] Total time for which application threads were stopped: 0.0001559 seconds, Stopping threads took: 0.0000641 seconds
[41.178s][info ][safepoint    ] Application time: 1.0000734 seconds
[41.178s][info ][safepoint    ] Entering safepoint region: Cleanup
[41.179s][info ][safepoint    ] Leaving safepoint region
[41.179s][info ][safepoint    ] Total time for which application threads were stopped: 0.0001052 seconds, Stopping threads took: 0.0000146 seconds
[42.179s][info ][safepoint    ] Application time: 1.0000910 seconds
[42.179s][info ][safepoint    ] Entering safepoint region: Cleanup
[42.179s][info ][safepoint    ] Leaving safepoint region
[42.179s][info ][safepoint    ] Total time for which application threads were stopped: 0.0000808 seconds, Stopping threads took: 0.0000149 seconds
[42.774s][info ][safepoint    ] Application time: 0.5952088 seconds
[42.774s][info ][safepoint    ] Entering safepoint region: GenCollectForAllocation
[42.774s][info ][gc,start     ] GC(105) Pause Young (Allocation Failure)
[42.774s][info ][gc,task      ] GC(105) Using 4 workers of 4 for evacuation
[42.780s][debug][gc,ref       ] GC(105) Skipped phase1 of Reference Processing due to unavailable references
[42.780s][debug][gc,ref       ] GC(105) Skipped phase3 of Reference Processing due to unavailable references
[42.780s][debug][gc,age       ] GC(105) Desired survivor size 15368192 bytes, new threshold 6 (max threshold 6)
[42.780s][info ][gc,heap      ] GC(105) ParNew: 253583K->13410K(270336K)
[42.780s][info ][gc,heap      ] GC(105) CMS: 209310K->209310K(600768K)
[42.780s][info ][gc,metaspace ] GC(105) Metaspace: 55028K->55028K(1099776K)
[42.780s][info ][gc           ] GC(105) Pause Young (Allocation Failure) 452M->217M(850M) 5.949ms
[42.780s][info ][gc,cpu       ] GC(105) User=0.02s Sys=0.00s Real=0.00s
[42.780s][info ][safepoint    ] Leaving safepoint region
[42.780s][info ][safepoint    ] Total time for which application threads were stopped: 0.0061795 seconds, Stopping threads took: 0.0000147 seconds
[43.780s][info ][safepoint    ] Application time: 1.0001035 seconds
[43.780s][info ][safepoint    ] Entering safepoint region: Cleanup
[43.780s][info ][safepoint    ] Leaving safepoint region
[43.780s][info ][safepoint    ] Total time for which application threads were stopped: 0.0000904 seconds, Stopping threads took: 0.0000149 seconds
[44.780s][info ][safepoint    ] Application time: 1.0000873 seconds
[44.781s][info ][safepoint    ] Entering safepoint region: Cleanup
[44.781s][info ][safepoint    ] Leaving safepoint region
[44.781s][info ][safepoint    ] Total time for which application threads were stopped: 0.0001182 seconds, Stopping threads took: 0.0000154 seconds
[45.783s][info ][safepoint    ] Application time: 1.0023675 seconds
[45.783s][info ][safepoint    ] Entering safepoint region: Cleanup
[45.783s][info ][safepoint    ] Leaving safepoint region
[45.783s][info ][safepoint    ] Total time for which application threads were stopped: 0.0000979 seconds, Stopping threads took: 0.0000144 seconds
[46.418s][info ][safepoint    ] Application time: 0.6346903 seconds
[46.418s][info ][safepoint    ] Entering safepoint region: GenCollectForAllocation
[46.418s][info ][gc,start     ] GC(106) Pause Young (Allocation Failure)
[46.418s][info ][gc,task      ] GC(106) Using 4 workers of 4 for evacuation
[46.427s][debug][gc,ref       ] GC(106) Skipped phase1 of Reference Processing due to unavailable references
[46.427s][debug][gc,ref       ] GC(106) Skipped phase3 of Reference Processing due to unavailable references
[46.427s][debug][gc,age       ] GC(106) Desired survivor size 15368192 bytes, new threshold 6 (max threshold 6)
[46.427s][info ][gc,heap      ] GC(106) ParNew: 253730K->10788K(270336K)
[46.427s][info ][gc,heap      ] GC(106) CMS: 209310K->214898K(600768K)
[46.427s][info ][gc,metaspace ] GC(106) Metaspace: 55047K->55047K(1099776K)
[46.427s][info ][gc           ] GC(106) Pause Young (Allocation Failure) 452M->220M(850M) 8.807ms
[46.427s][info ][gc,cpu       ] GC(106) User=0.03s Sys=0.01s Real=0.01s
[46.427s][info ][safepoint    ] Leaving safepoint region
[46.427s][info ][safepoint    ] Total time for which application threads were stopped: 0.0089867 seconds, Stopping threads took: 0.0000148 seconds
[47.427s][info ][safepoint    ] Application time: 1.0001009 seconds
[47.427s][info ][safepoint    ] Entering safepoint region: Cleanup
[47.427s][info ][safepoint    ] Leaving safepoint region
[47.427s][info ][safepoint    ] Total time for which application threads were stopped: 0.0001413 seconds, Stopping threads took: 0.0000674 seconds
[48.427s][info ][safepoint    ] Application time: 1.0000921 seconds
[48.427s][info ][safepoint    ] Entering safepoint region: Cleanup
[48.427s][info ][safepoint    ] Leaving safepoint region
[48.427s][info ][safepoint    ] Total time for which application threads were stopped: 0.0000726 seconds, Stopping threads took: 0.0000146 seconds
[49.427s][info ][safepoint    ] Application time: 1.0001014 seconds
[49.428s][info ][safepoint    ] Entering safepoint region: Cleanup
[49.428s][info ][safepoint    ] Leaving safepoint region
[49.428s][info ][safepoint    ] Total time for which application threads were stopped: 0.0000875 seconds, Stopping threads took: 0.0000161 seconds
[50.073s][info ][safepoint    ] Application time: 0.6458994 seconds
[50.074s][info ][safepoint    ] Entering safepoint region: GenCollectForAllocation
[50.074s][info ][gc,start     ] GC(107) Pause Young (Allocation Failure)
[50.074s][info ][gc,task      ] GC(107) Using 4 workers of 4 for evacuation
[50.080s][debug][gc,ref       ] GC(107) Skipped phase1 of Reference Processing due to unavailable references
[50.080s][debug][gc,ref       ] GC(107) Skipped phase3 of Reference Processing due to unavailable references
[50.080s][debug][gc,ref       ] GC(107) Skipped phase4 of Reference Processing due to unavailable references
[50.080s][debug][gc,age       ] GC(107) Desired survivor size 15368192 bytes, new threshold 6 (max threshold 6)
[50.080s][info ][gc,heap      ] GC(107) ParNew: 251108K->4743K(270336K)
[50.080s][info ][gc,heap      ] GC(107) CMS: 214898K->218424K(600768K)
[50.080s][info ][gc,metaspace ] GC(107) Metaspace: 55075K->55075K(1099776K)
[50.080s][info ][gc           ] GC(107) Pause Young (Allocation Failure) 455M->217M(850M) 6.129ms
[50.080s][info ][gc,cpu       ] GC(107) User=0.03s Sys=0.00s Real=0.01s
[50.080s][info ][safepoint    ] Leaving safepoint region
[50.080s][info ][safepoint    ] Total time for which application threads were stopped: 0.0062918 seconds, Stopping threads took: 0.0000255 seconds
[51.080s][info ][safepoint    ] Application time: 1.0000912 seconds
[51.080s][info ][safepoint    ] Entering safepoint region: Cleanup
[51.080s][info ][safepoint    ] Leaving safepoint region
[51.080s][info ][safepoint    ] Total time for which application threads were stopped: 0.0000954 seconds, Stopping threads took: 0.0000171 seconds
[52.080s][info ][safepoint    ] Application time: 1.0001090 seconds
[52.080s][info ][safepoint    ] Entering safepoint region: Cleanup
[52.080s][info ][safepoint    ] Leaving safepoint region
[52.080s][info ][safepoint    ] Total time for which application threads were stopped: 0.0000869 seconds, Stopping threads took: 0.0000153 seconds
[53.080s][info ][safepoint    ] Application time: 1.0000907 seconds
[53.080s][info ][safepoint    ] Entering safepoint region: Cleanup
[53.081s][info ][safepoint    ] Leaving safepoint region
[53.081s][info ][safepoint    ] Total time for which application threads were stopped: 0.0001026 seconds, Stopping threads took: 0.0000170 seconds
[53.720s][info ][safepoint    ] Application time: 0.6390713 seconds
[53.720s][info ][safepoint    ] Entering safepoint region: GenCollectForAllocation
[53.720s][info ][gc,start     ] GC(108) Pause Young (Allocation Failure)
[53.720s][info ][gc,task      ] GC(108) Using 4 workers of 4 for evacuation
[53.723s][debug][gc,ref       ] GC(108) Skipped phase1 of Reference Processing due to unavailable references
[53.723s][debug][gc,ref       ] GC(108) Skipped phase3 of Reference Processing due to unavailable references
[53.723s][debug][gc,ref       ] GC(108) Skipped phase4 of Reference Processing due to unavailable references
[53.723s][debug][gc,age       ] GC(108) Desired survivor size 15368192 bytes, new threshold 6 (max threshold 6)
[53.723s][info ][gc,heap      ] GC(108) ParNew: 245063K->2557K(270336K)
[53.723s][info ][gc,heap      ] GC(108) CMS: 218424K->218484K(600768K)
[53.723s][info ][gc,metaspace ] GC(108) Metaspace: 55093K->55093K(1099776K)
[53.723s][info ][gc           ] GC(108) Pause Young (Allocation Failure) 452M->215M(850M) 3.202ms
[53.723s][info ][gc,cpu       ] GC(108) User=0.01s Sys=0.00s Real=0.00s
[53.723s][info ][safepoint    ] Leaving safepoint region
[53.723s][info ][safepoint    ] Total time for which application threads were stopped: 0.0033667 seconds, Stopping threads took: 0.0000299 seconds
[54.723s][info ][safepoint    ] Application time: 1.0000935 seconds
[54.723s][info ][safepoint    ] Entering safepoint region: Cleanup
[54.723s][info ][safepoint    ] Leaving safepoint region
[54.723s][info ][safepoint    ] Total time for which application threads were stopped: 0.0001569 seconds, Stopping threads took: 0.0000660 seconds
[55.723s][info ][safepoint    ] Application time: 1.0001385 seconds
[55.724s][info ][safepoint    ] Entering safepoint region: Cleanup
[55.724s][info ][safepoint    ] Leaving safepoint region
[55.724s][info ][safepoint    ] Total time for which application threads were stopped: 0.0002645 seconds, Stopping threads took: 0.0001836 seconds
[56.724s][info ][safepoint    ] Application time: 1.0000874 seconds
[56.724s][info ][safepoint    ] Entering safepoint region: Cleanup
[56.724s][info ][safepoint    ] Leaving safepoint region
[56.724s][info ][safepoint    ] Total time for which application threads were stopped: 0.0000916 seconds, Stopping threads took: 0.0000144 seconds
[57.420s][info ][safepoint    ] Application time: 0.6956577 seconds
[57.420s][info ][safepoint    ] Entering safepoint region: GenCollectForAllocation
[57.420s][info ][gc,start     ] GC(109) Pause Young (Allocation Failure)
[57.420s][info ][gc,task      ] GC(109) Using 4 workers of 4 for evacuation
[57.424s][debug][gc,ref       ] GC(109) Skipped phase1 of Reference Processing due to unavailable references
[57.424s][debug][gc,ref       ] GC(109) Skipped phase2 of Reference Processing due to unavailable references
[57.424s][debug][gc,ref       ] GC(109) Skipped phase3 of Reference Processing due to unavailable references
[57.424s][debug][gc,ref       ] GC(109) Skipped phase4 of Reference Processing due to unavailable references
[57.424s][debug][gc,age       ] GC(109) Desired survivor size 15368192 bytes, new threshold 6 (max threshold 6)
[57.424s][info ][gc,heap      ] GC(109) ParNew: 242877K->1858K(270336K)
[57.424s][info ][gc,heap      ] GC(109) CMS: 218484K->220083K(600768K)
[57.424s][info ][gc,metaspace ] GC(109) Metaspace: 55112K->55112K(1099776K)
[57.424s][info ][gc           ] GC(109) Pause Young (Allocation Failure) 450M->216M(850M) 4.051ms
[57.424s][info ][gc,cpu       ] GC(109) User=0.01s Sys=0.00s Real=0.00s
[57.424s][info ][safepoint    ] Leaving safepoint region
[57.424s][info ][safepoint    ] Total time for which application threads were stopped: 0.0042208 seconds, Stopping threads took: 0.0000280 seconds
[58.424s][info ][safepoint    ] Application time: 1.0001669 seconds
[58.424s][info ][safepoint    ] Entering safepoint region: Cleanup
[58.424s][info ][safepoint    ] Leaving safepoint region
[58.424s][info ][safepoint    ] Total time for which application threads were stopped: 0.0001335 seconds, Stopping threads took: 0.0000398 seconds
[59.424s][info ][safepoint    ] Application time: 1.0000980 seconds
[59.424s][info ][safepoint    ] Entering safepoint region: Cleanup
[59.424s][info ][safepoint    ] Leaving safepoint region
[59.425s][info ][safepoint    ] Total time for which application threads were stopped: 0.0000918 seconds, Stopping threads took: 0.0000178 seconds
[60.425s][info ][safepoint    ] Application time: 1.0001644 seconds
[60.425s][info ][safepoint    ] Entering safepoint region: Cleanup
[60.425s][info ][safepoint    ] Leaving safepoint region
[60.425s][info ][safepoint    ] Total time for which application threads were stopped: 0.0000794 seconds, Stopping threads took: 0.0000165 seconds
[61.165s][info ][safepoint    ] Application time: 0.7397599 seconds
[61.165s][info ][safepoint    ] Entering safepoint region: GenCollectForAllocation
[61.165s][info ][gc,start     ] GC(110) Pause Young (Allocation Failure)
[61.165s][info ][gc,task      ] GC(110) Using 4 workers of 4 for evacuation
[61.167s][debug][gc,ref       ] GC(110) Skipped phase1 of Reference Processing due to unavailable references
[61.167s][debug][gc,ref       ] GC(110) Skipped phase2 of Reference Processing due to unavailable references
[61.167s][debug][gc,ref       ] GC(110) Skipped phase3 of Reference Processing due to unavailable references
[61.167s][debug][gc,ref       ] GC(110) Skipped phase4 of Reference Processing due to unavailable references
[61.167s][debug][gc,age       ] GC(110) Desired survivor size 15368192 bytes, new threshold 6 (max threshold 6)
[61.167s][info ][gc,heap      ] GC(110) ParNew: 242178K->1475K(270336K)
[61.167s][info ][gc,heap      ] GC(110) CMS: 220083K->220117K(600768K)
[61.167s][info ][gc,metaspace ] GC(110) Metaspace: 55126K->55126K(1099776K)
[61.167s][info ][gc           ] GC(110) Pause Young (Allocation Failure) 451M->216M(850M) 2.780ms
[61.167s][info ][gc,cpu       ] GC(110) User=0.01s Sys=0.00s Real=0.01s
[61.168s][info ][safepoint    ] Leaving safepoint region
[61.168s][info ][safepoint    ] Total time for which application threads were stopped: 0.0029432 seconds, Stopping threads took: 0.0000310 seconds
[62.168s][info ][safepoint    ] Application time: 1.0000821 seconds
[62.168s][info ][safepoint    ] Entering safepoint region: Cleanup
[62.168s][info ][safepoint    ] Leaving safepoint region
[62.168s][info ][safepoint    ] Total time for which application threads were stopped: 0.0001554 seconds, Stopping threads took: 0.0000798 seconds
[63.168s][info ][safepoint    ] Application time: 1.0001078 seconds
[63.168s][info ][safepoint    ] Entering safepoint region: Cleanup
[63.168s][info ][safepoint    ] Leaving safepoint region
[63.168s][info ][safepoint    ] Total time for which application threads were stopped: 0.0001583 seconds, Stopping threads took: 0.0000614 seconds
[64.168s][info ][safepoint    ] Application time: 1.0000997 seconds
[64.168s][info ][safepoint    ] Entering safepoint region: Cleanup
[64.168s][info ][safepoint    ] Leaving safepoint region
[64.168s][info ][safepoint    ] Total time for which application threads were stopped: 0.0001260 seconds, Stopping threads took: 0.0000564 seconds
[64.918s][info ][safepoint    ] Application time: 0.7493301 seconds
[64.918s][info ][safepoint    ] Entering safepoint region: GenCollectForAllocation
[64.918s][info ][gc,start     ] GC(111) Pause Young (Allocation Failure)
[64.918s][info ][gc,task      ] GC(111) Using 4 workers of 4 for evacuation
[64.920s][debug][gc,ref       ] GC(111) Skipped phase1 of Reference Processing due to unavailable references
[64.920s][debug][gc,ref       ] GC(111) Skipped phase2 of Reference Processing due to unavailable references
[64.920s][debug][gc,ref       ] GC(111) Skipped phase3 of Reference Processing due to unavailable references
[64.920s][debug][gc,ref       ] GC(111) Skipped phase4 of Reference Processing due to unavailable references
[64.921s][debug][gc,age       ] GC(111) Desired survivor size 15368192 bytes, new threshold 6 (max threshold 6)
[64.921s][info ][gc,heap      ] GC(111) ParNew: 241795K->1977K(270336K)
[64.921s][info ][gc,heap      ] GC(111) CMS: 220117K->220132K(600768K)
[64.921s][info ][gc,metaspace ] GC(111) Metaspace: 55154K->55154K(1099776K)
[64.921s][info ][gc           ] GC(111) Pause Young (Allocation Failure) 451M->216M(850M) 2.699ms
[64.921s][info ][gc,cpu       ] GC(111) User=0.01s Sys=0.00s Real=0.00s
[64.921s][info ][safepoint    ] Leaving safepoint region
[64.921s][info ][safepoint    ] Total time for which application threads were stopped: 0.0028824 seconds, Stopping threads took: 0.0000271 seconds
[65.921s][info ][safepoint    ] Application time: 1.0001049 seconds
[65.921s][info ][safepoint    ] Entering safepoint region: Cleanup
[65.921s][info ][safepoint    ] Leaving safepoint region
[65.921s][info ][safepoint    ] Total time for which application threads were stopped: 0.0001279 seconds, Stopping threads took: 0.0000723 seconds
[66.921s][info ][safepoint    ] Application time: 1.0001036 seconds
[66.921s][info ][safepoint    ] Entering safepoint region: Cleanup
[66.921s][info ][safepoint    ] Leaving safepoint region
[66.921s][info ][safepoint    ] Total time for which application threads were stopped: 0.0001517 seconds, Stopping threads took: 0.0000530 seconds
[67.921s][info ][safepoint    ] Application time: 1.0000943 seconds
[67.921s][info ][safepoint    ] Entering safepoint region: Cleanup
[67.921s][info ][safepoint    ] Leaving safepoint region
[67.921s][info ][safepoint    ] Total time for which application threads were stopped: 0.0001215 seconds, Stopping threads took: 0.0000371 seconds
[68.623s][info ][safepoint    ] Application time: 0.7012417 seconds
[68.623s][info ][safepoint    ] Entering safepoint region: GenCollectForAllocation
[68.623s][info ][gc,start     ] GC(112) Pause Young (Allocation Failure)
[68.623s][info ][gc,task      ] GC(112) Using 4 workers of 4 for evacuation
[68.626s][debug][gc,ref       ] GC(112) Skipped phase1 of Reference Processing due to unavailable references
[68.626s][debug][gc,ref       ] GC(112) Skipped phase2 of Reference Processing due to unavailable references
[68.626s][debug][gc,ref       ] GC(112) Skipped phase3 of Reference Processing due to unavailable references
[68.626s][debug][gc,ref       ] GC(112) Skipped phase4 of Reference Processing due to unavailable references
[68.626s][debug][gc,age       ] GC(112) Desired survivor size 15368192 bytes, new threshold 6 (max threshold 6)
[68.626s][info ][gc,heap      ] GC(112) ParNew: 242297K->1916K(270336K)
[68.626s][info ][gc,heap      ] GC(112) CMS: 220132K->220280K(600768K)
[68.626s][info ][gc,metaspace ] GC(112) Metaspace: 55169K->55169K(1099776K)
[68.626s][info ][gc           ] GC(112) Pause Young (Allocation Failure) 451M->216M(850M) 2.901ms
[68.626s][info ][gc,cpu       ] GC(112) User=0.01s Sys=0.00s Real=0.00s
[68.626s][info ][safepoint    ] Leaving safepoint region
[68.626s][info ][safepoint    ] Total time for which application threads were stopped: 0.0030500 seconds, Stopping threads took: 0.0000159 seconds
[69.626s][info ][safepoint    ] Application time: 1.0001050 seconds
[69.626s][info ][safepoint    ] Entering safepoint region: Cleanup
[69.626s][info ][safepoint    ] Leaving safepoint region
[69.626s][info ][safepoint    ] Total time for which application threads were stopped: 0.0001523 seconds, Stopping threads took: 0.0000676 seconds
[70.626s][info ][safepoint    ] Application time: 1.0000862 seconds
[70.626s][info ][safepoint    ] Entering safepoint region: Cleanup
[70.626s][info ][safepoint    ] Leaving safepoint region
[70.626s][info ][safepoint    ] Total time for which application threads were stopped: 0.0000805 seconds, Stopping threads took: 0.0000153 seconds
[71.626s][info ][safepoint    ] Application time: 1.0001014 seconds
[71.626s][info ][safepoint    ] Entering safepoint region: Cleanup
[71.626s][info ][safepoint    ] Leaving safepoint region
[71.626s][info ][safepoint    ] Total time for which application threads were stopped: 0.0000825 seconds, Stopping threads took: 0.0000150 seconds
[72.022s][info ][safepoint    ] Application time: 0.3956559 seconds
[72.022s][info ][safepoint    ] Entering safepoint region: GenCollectForAllocation
[72.022s][info ][gc,start     ] GC(113) Pause Young (Allocation Failure)
[72.022s][info ][gc,task      ] GC(113) Using 4 workers of 4 for evacuation
[72.026s][debug][gc,ref       ] GC(113) Skipped phase1 of Reference Processing due to unavailable references
[72.026s][debug][gc,ref       ] GC(113) Skipped phase2 of Reference Processing due to unavailable references
[72.026s][debug][gc,ref       ] GC(113) Skipped phase3 of Reference Processing due to unavailable references
[72.026s][debug][gc,ref       ] GC(113) Skipped phase4 of Reference Processing due to unavailable references
[72.026s][debug][gc,age       ] GC(113) Desired survivor size 15368192 bytes, new threshold 6 (max threshold 6)
[72.026s][info ][gc,heap      ] GC(113) ParNew: 242236K->4220K(270336K)
[72.026s][info ][gc,heap      ] GC(113) CMS: 220280K->220295K(600768K)
[72.026s][info ][gc,metaspace ] GC(113) Metaspace: 55183K->55183K(1099776K)
[72.026s][info ][gc           ] GC(113) Pause Young (Allocation Failure) 451M->219M(850M) 4.097ms
[72.026s][info ][gc,cpu       ] GC(113) User=0.01s Sys=0.00s Real=0.01s
[72.026s][info ][safepoint    ] Leaving safepoint region
[72.026s][info ][safepoint    ] Total time for which application threads were stopped: 0.0042565 seconds, Stopping threads took: 0.0000147 seconds
[72.965s][info ][safepoint    ] Application time: 0.9384000 seconds
[72.965s][info ][safepoint    ] Entering safepoint region: ICBufferFull
[72.965s][info ][safepoint    ] Leaving safepoint region
[72.965s][info ][safepoint    ] Total time for which application threads were stopped: 0.0002776 seconds, Stopping threads took: 0.0000721 seconds
[73.716s][info ][safepoint    ] Application time: 0.7506598 seconds
[73.716s][info ][safepoint    ] Entering safepoint region: ICBufferFull
[73.716s][info ][safepoint    ] Leaving safepoint region
[73.716s][info ][safepoint    ] Total time for which application threads were stopped: 0.0002909 seconds, Stopping threads took: 0.0000141 seconds
[73.880s][info ][safepoint    ] Application time: 0.1634152 seconds
[73.880s][info ][safepoint    ] Entering safepoint region: GenCollectForAllocation
[73.880s][info ][gc,start     ] GC(114) Pause Young (Allocation Failure)
[73.880s][info ][gc,task      ] GC(114) Using 4 workers of 4 for evacuation
[73.885s][debug][gc,ref       ] GC(114) Skipped phase1 of Reference Processing due to unavailable references
[73.885s][debug][gc,ref       ] GC(114) Skipped phase3 of Reference Processing due to unavailable references
[73.885s][debug][gc,age       ] GC(114) Desired survivor size 15368192 bytes, new threshold 6 (max threshold 6)
[73.885s][info ][gc,heap      ] GC(114) ParNew: 244540K->6281K(270336K)
[73.885s][info ][gc,heap      ] GC(114) CMS: 220295K->220320K(600768K)
[73.885s][info ][gc,metaspace ] GC(114) Metaspace: 55657K->55657K(1099776K)
[73.885s][info ][gc           ] GC(114) Pause Young (Allocation Failure) 453M->221M(850M) 5.037ms
[73.885s][info ][gc,cpu       ] GC(114) User=0.02s Sys=0.00s Real=0.00s
[73.885s][info ][safepoint    ] Leaving safepoint region
[73.885s][info ][safepoint    ] Total time for which application threads were stopped: 0.0052468 seconds, Stopping threads took: 0.0000276 seconds
[74.885s][info ][safepoint    ] Application time: 1.0000977 seconds
[74.885s][info ][safepoint    ] Entering safepoint region: Cleanup
[74.885s][info ][safepoint    ] Leaving safepoint region
[74.885s][info ][safepoint    ] Total time for which application threads were stopped: 0.0001163 seconds, Stopping threads took: 0.0000249 seconds
[75.885s][info ][safepoint    ] Application time: 1.0000894 seconds
[75.885s][info ][safepoint    ] Entering safepoint region: Cleanup
[75.885s][info ][safepoint    ] Leaving safepoint region
[75.885s][info ][safepoint    ] Total time for which application threads were stopped: 0.0000736 seconds, Stopping threads took: 0.0000165 seconds
[76.885s][info ][safepoint    ] Application time: 1.0000857 seconds
[76.885s][info ][safepoint    ] Entering safepoint region: Cleanup
[76.885s][info ][safepoint    ] Leaving safepoint region
[76.885s][info ][safepoint    ] Total time for which application threads were stopped: 0.0000716 seconds, Stopping threads took: 0.0000146 seconds
[76.971s][info ][safepoint    ] Application time: 0.0859979 seconds
[76.972s][info ][safepoint    ] Entering safepoint region: GenCollectForAllocation
[76.972s][info ][gc,start     ] GC(115) Pause Young (Allocation Failure)
[76.972s][info ][gc,task      ] GC(115) Using 4 workers of 4 for evacuation
[76.977s][debug][gc,ref       ] GC(115) Skipped phase1 of Reference Processing due to unavailable references
[76.977s][debug][gc,ref       ] GC(115) Skipped phase3 of Reference Processing due to unavailable references
[76.977s][debug][gc,ref       ] GC(115) Skipped phase4 of Reference Processing due to unavailable references
[76.977s][debug][gc,age       ] GC(115) Desired survivor size 15368192 bytes, new threshold 6 (max threshold 6)
[76.977s][info ][gc,heap      ] GC(115) ParNew: 246601K->5835K(270336K)
[76.977s][info ][gc,heap      ] GC(115) CMS: 220320K->220419K(600768K)
[76.977s][info ][gc,metaspace ] GC(115) Metaspace: 55672K->55672K(1099776K)
[76.977s][info ][gc           ] GC(115) Pause Young (Allocation Failure) 455M->220M(850M) 5.381ms
[76.977s][info ][gc,cpu       ] GC(115) User=0.02s Sys=0.00s Real=0.01s
[76.977s][info ][safepoint    ] Leaving safepoint region
[76.977s][info ][safepoint    ] Total time for which application threads were stopped: 0.0055422 seconds, Stopping threads took: 0.0000201 seconds
[77.977s][info ][safepoint    ] Application time: 1.0000931 seconds
[77.977s][info ][safepoint    ] Entering safepoint region: Cleanup
[77.977s][info ][safepoint    ] Leaving safepoint region
[77.977s][info ][safepoint    ] Total time for which application threads were stopped: 0.0000790 seconds, Stopping threads took: 0.0000151 seconds
[78.977s][info ][safepoint    ] Application time: 1.0001084 seconds
[78.977s][info ][safepoint    ] Entering safepoint region: Cleanup
[78.977s][info ][safepoint    ] Leaving safepoint region
[78.977s][info ][safepoint    ] Total time for which application threads were stopped: 0.0000962 seconds, Stopping threads took: 0.0000263 seconds
[79.978s][info ][safepoint    ] Application time: 1.0000756 seconds
[79.978s][info ][safepoint    ] Entering safepoint region: Cleanup
[79.978s][info ][safepoint    ] Leaving safepoint region
[79.978s][info ][safepoint    ] Total time for which application threads were stopped: 0.0000884 seconds, Stopping threads took: 0.0000292 seconds
[80.575s][info ][safepoint    ] Application time: 0.5974801 seconds
[80.575s][info ][safepoint    ] Entering safepoint region: GenCollectForAllocation
[80.575s][info ][gc,start     ] GC(116) Pause Young (Allocation Failure)
[80.575s][info ][gc,task      ] GC(116) Using 4 workers of 4 for evacuation
[80.580s][debug][gc,ref       ] GC(116) Skipped phase1 of Reference Processing due to unavailable references
[80.580s][debug][gc,ref       ] GC(116) Skipped phase3 of Reference Processing due to unavailable references
[80.580s][debug][gc,ref       ] GC(116) Skipped phase4 of Reference Processing due to unavailable references
[80.580s][debug][gc,age       ] GC(116) Desired survivor size 15368192 bytes, new threshold 6 (max threshold 6)
[80.580s][info ][gc,heap      ] GC(116) ParNew: 246155K->5998K(270336K)
[80.580s][info ][gc,heap      ] GC(116) CMS: 220419K->220693K(600768K)
[80.580s][info ][gc,metaspace ] GC(116) Metaspace: 55684K->55684K(1099776K)
[80.580s][info ][gc           ] GC(116) Pause Young (Allocation Failure) 455M->221M(850M) 4.742ms
[80.580s][info ][gc,cpu       ] GC(116) User=0.02s Sys=0.00s Real=0.00s
[80.580s][info ][safepoint    ] Leaving safepoint region
[80.580s][info ][safepoint    ] Total time for which application threads were stopped: 0.0049051 seconds, Stopping threads took: 0.0000135 seconds
[81.580s][info ][safepoint    ] Application time: 1.0001014 seconds
[81.580s][info ][safepoint    ] Entering safepoint region: Cleanup
[81.580s][info ][safepoint    ] Leaving safepoint region
[81.580s][info ][safepoint    ] Total time for which application threads were stopped: 0.0000684 seconds, Stopping threads took: 0.0000146 seconds
[82.580s][info ][safepoint    ] Application time: 1.0000950 seconds
[82.580s][info ][safepoint    ] Entering safepoint region: Cleanup
[82.581s][info ][safepoint    ] Leaving safepoint region
[82.581s][info ][safepoint    ] Total time for which application threads were stopped: 0.0000808 seconds, Stopping threads took: 0.0000146 seconds
[83.581s][info ][safepoint    ] Application time: 1.0001731 seconds
[83.581s][info ][safepoint    ] Entering safepoint region: Cleanup
[83.581s][info ][safepoint    ] Leaving safepoint region
[83.581s][info ][safepoint    ] Total time for which application threads were stopped: 0.0000791 seconds, Stopping threads took: 0.0000153 seconds
[84.373s][info ][safepoint    ] Application time: 0.7921046 seconds
[84.373s][info ][safepoint    ] Entering safepoint region: GenCollectForAllocation
[84.373s][info ][gc,start     ] GC(117) Pause Young (Allocation Failure)
[84.373s][info ][gc,task      ] GC(117) Using 4 workers of 4 for evacuation
[84.378s][debug][gc,ref       ] GC(117) Skipped phase1 of Reference Processing due to unavailable references
[84.378s][debug][gc,ref       ] GC(117) Skipped phase3 of Reference Processing due to unavailable references
[84.378s][debug][gc,ref       ] GC(117) Skipped phase4 of Reference Processing due to unavailable references
[84.378s][debug][gc,age       ] GC(117) Desired survivor size 15368192 bytes, new threshold 6 (max threshold 6)
[84.378s][info ][gc,heap      ] GC(117) ParNew: 246318K->4913K(270336K)
[84.378s][info ][gc,heap      ] GC(117) CMS: 220693K->220841K(600768K)
[84.378s][info ][gc,metaspace ] GC(117) Metaspace: 55689K->55689K(1099776K)
[84.378s][info ][gc           ] GC(117) Pause Young (Allocation Failure) 456M->220M(850M) 4.642ms
[84.378s][info ][gc,cpu       ] GC(117) User=0.02s Sys=0.00s Real=0.01s
[84.378s][info ][safepoint    ] Leaving safepoint region
[84.378s][info ][safepoint    ] Total time for which application threads were stopped: 0.0048534 seconds, Stopping threads took: 0.0000263 seconds
[85.378s][info ][safepoint    ] Application time: 1.0001355 seconds
[85.378s][info ][safepoint    ] Entering safepoint region: Cleanup
[85.378s][info ][safepoint    ] Leaving safepoint region
[85.378s][info ][safepoint    ] Total time for which application threads were stopped: 0.0000764 seconds, Stopping threads took: 0.0000146 seconds
[86.378s][info ][safepoint    ] Application time: 1.0000871 seconds
[86.378s][info ][safepoint    ] Entering safepoint region: Cleanup
[86.378s][info ][safepoint    ] Leaving safepoint region
[86.378s][info ][safepoint    ] Total time for which application threads were stopped: 0.0000995 seconds, Stopping threads took: 0.0000145 seconds
[87.378s][info ][safepoint    ] Application time: 1.0000607 seconds
[87.378s][info ][safepoint    ] Entering safepoint region: Cleanup
[87.379s][info ][safepoint    ] Leaving safepoint region
[87.379s][info ][safepoint    ] Total time for which application threads were stopped: 0.0001683 seconds, Stopping threads took: 0.0000926 seconds
[88.116s][info ][safepoint    ] Application time: 0.7372760 seconds
[88.116s][info ][safepoint    ] Entering safepoint region: GenCollectForAllocation
[88.116s][info ][gc,start     ] GC(118) Pause Young (Allocation Failure)
[88.116s][info ][gc,task      ] GC(118) Using 4 workers of 4 for evacuation
[88.120s][debug][gc,ref       ] GC(118) Skipped phase1 of Reference Processing due to unavailable references
[88.120s][debug][gc,ref       ] GC(118) Skipped phase3 of Reference Processing due to unavailable references
[88.120s][debug][gc,ref       ] GC(118) Skipped phase4 of Reference Processing due to unavailable references
[88.121s][debug][gc,age       ] GC(118) Desired survivor size 15368192 bytes, new threshold 6 (max threshold 6)
[88.121s][info ][gc,heap      ] GC(118) ParNew: 245233K->4837K(270336K)
[88.121s][info ][gc,heap      ] GC(118) CMS: 220841K->220981K(600768K)
[88.121s][info ][gc,metaspace ] GC(118) Metaspace: 55703K->55703K(1099776K)
[88.121s][info ][gc           ] GC(118) Pause Young (Allocation Failure) 455M->220M(850M) 4.604ms
[88.121s][info ][gc,cpu       ] GC(118) User=0.02s Sys=0.00s Real=0.00s
[88.121s][info ][safepoint    ] Leaving safepoint region
[88.121s][info ][safepoint    ] Total time for which application threads were stopped: 0.0047639 seconds, Stopping threads took: 0.0000164 seconds
[89.121s][info ][safepoint    ] Application time: 1.0001144 seconds
[89.121s][info ][safepoint    ] Entering safepoint region: Cleanup
[89.121s][info ][safepoint    ] Leaving safepoint region
[89.121s][info ][safepoint    ] Total time for which application threads were stopped: 0.0001546 seconds, Stopping threads took: 0.0000509 seconds
[90.121s][info ][safepoint    ] Application time: 1.0000950 seconds
[90.121s][info ][safepoint    ] Entering safepoint region: Cleanup
[90.121s][info ][safepoint    ] Leaving safepoint region
[90.121s][info ][safepoint    ] Total time for which application threads were stopped: 0.0001688 seconds, Stopping threads took: 0.0000812 seconds
[91.121s][info ][safepoint    ] Application time: 1.0000992 seconds
[91.122s][info ][safepoint    ] Entering safepoint region: Cleanup
[91.122s][info ][safepoint    ] Leaving safepoint region
[91.122s][info ][safepoint    ] Total time for which application threads were stopped: 0.0003688 seconds, Stopping threads took: 0.0000744 seconds
[91.867s][info ][safepoint    ] Application time: 0.7452956 seconds
[91.867s][info ][safepoint    ] Entering safepoint region: GenCollectForAllocation
[91.867s][info ][gc,start     ] GC(119) Pause Young (Allocation Failure)
[91.867s][info ][gc,task      ] GC(119) Using 4 workers of 4 for evacuation
[91.875s][debug][gc,ref       ] GC(119) Skipped phase1 of Reference Processing due to unavailable references
[91.875s][debug][gc,ref       ] GC(119) Skipped phase3 of Reference Processing due to unavailable references
[91.875s][debug][gc,ref       ] GC(119) Skipped phase4 of Reference Processing due to unavailable references
[91.875s][debug][gc,age       ] GC(119) Desired survivor size 15368192 bytes, new threshold 6 (max threshold 6)
[91.875s][info ][gc,heap      ] GC(119) ParNew: 245157K->3813K(270336K)
[91.875s][info ][gc,heap      ] GC(119) CMS: 220981K->223887K(600768K)
[91.875s][info ][gc,metaspace ] GC(119) Metaspace: 55721K->55721K(1099776K)
[91.875s][info ][gc           ] GC(119) Pause Young (Allocation Failure) 455M->222M(850M) 7.645ms
[91.875s][info ][gc,cpu       ] GC(119) User=0.03s Sys=0.00s Real=0.01s
[91.875s][info ][safepoint    ] Leaving safepoint region
[91.875s][info ][safepoint    ] Total time for which application threads were stopped: 0.0078261 seconds, Stopping threads took: 0.0000292 seconds
[92.875s][info ][safepoint    ] Application time: 1.0001011 seconds
[92.875s][info ][safepoint    ] Entering safepoint region: Cleanup
[92.875s][info ][safepoint    ] Leaving safepoint region
[92.875s][info ][safepoint    ] Total time for which application threads were stopped: 0.0001310 seconds, Stopping threads took: 0.0000607 seconds
[93.875s][info ][safepoint    ] Application time: 1.0001174 seconds
[93.876s][info ][safepoint    ] Entering safepoint region: Cleanup
[93.876s][info ][safepoint    ] Leaving safepoint region
[93.876s][info ][safepoint    ] Total time for which application threads were stopped: 0.0001622 seconds, Stopping threads took: 0.0000865 seconds
[94.876s][info ][safepoint    ] Application time: 1.0001928 seconds
[94.876s][info ][safepoint    ] Entering safepoint region: Cleanup
[94.876s][info ][safepoint    ] Leaving safepoint region
[94.876s][info ][safepoint    ] Total time for which application threads were stopped: 0.0002207 seconds, Stopping threads took: 0.0001454 seconds
[95.418s][info ][safepoint    ] Application time: 0.5418441 seconds
[95.418s][info ][safepoint    ] Entering safepoint region: GenCollectForAllocation
[95.418s][info ][gc,start     ] GC(120) Pause Young (Allocation Failure)
[95.418s][info ][gc,task      ] GC(120) Using 4 workers of 4 for evacuation
[95.421s][debug][gc,ref       ] GC(120) Skipped phase1 of Reference Processing due to unavailable references
[95.421s][debug][gc,ref       ] GC(120) Skipped phase2 of Reference Processing due to unavailable references
[95.421s][debug][gc,ref       ] GC(120) Skipped phase3 of Reference Processing due to unavailable references
[95.421s][debug][gc,ref       ] GC(120) Skipped phase4 of Reference Processing due to unavailable references
[95.422s][debug][gc,age       ] GC(120) Desired survivor size 15368192 bytes, new threshold 6 (max threshold 6)
[95.422s][info ][gc,heap      ] GC(120) ParNew: 244133K->1233K(270336K)
[95.422s][info ][gc,heap      ] GC(120) CMS: 223887K->224240K(600768K)
[95.422s][info ][gc,metaspace ] GC(120) Metaspace: 55723K->55723K(1099776K)
[95.422s][info ][gc           ] GC(120) Pause Young (Allocation Failure) 457M->220M(850M) 3.552ms
[95.422s][info ][gc,cpu       ] GC(120) User=0.01s Sys=0.00s Real=0.00s
[95.422s][info ][safepoint    ] Leaving safepoint region
[95.422s][info ][safepoint    ] Total time for which application threads were stopped: 0.0037071 seconds, Stopping threads took: 0.0000144 seconds
[96.422s][info ][safepoint    ] Application time: 1.0001100 seconds
[96.422s][info ][safepoint    ] Entering safepoint region: Cleanup
[96.422s][info ][safepoint    ] Leaving safepoint region
[96.422s][info ][safepoint    ] Total time for which application threads were stopped: 0.0001329 seconds, Stopping threads took: 0.0000560 seconds
[97.422s][info ][safepoint    ] Application time: 1.0000966 seconds
[97.422s][info ][safepoint    ] Entering safepoint region: Cleanup
[97.422s][info ][safepoint    ] Leaving safepoint region
[97.422s][info ][safepoint    ] Total time for which application threads were stopped: 0.0002199 seconds, Stopping threads took: 0.0001368 seconds
[98.422s][info ][safepoint    ] Application time: 1.0001666 seconds
[98.423s][info ][safepoint    ] Entering safepoint region: Cleanup
[98.423s][info ][safepoint    ] Leaving safepoint region
[98.423s][info ][safepoint    ] Total time for which application threads were stopped: 0.0001128 seconds, Stopping threads took: 0.0000400 seconds
[99.064s][info ][safepoint    ] Application time: 0.6415788 seconds
[99.064s][info ][safepoint    ] Entering safepoint region: GenCollectForAllocation
[99.064s][info ][gc,start     ] GC(121) Pause Young (Allocation Failure)
[99.064s][info ][gc,task      ] GC(121) Using 4 workers of 4 for evacuation
[99.067s][debug][gc,ref       ] GC(121) Skipped phase1 of Reference Processing due to unavailable references
[99.067s][debug][gc,ref       ] GC(121) Skipped phase3 of Reference Processing due to unavailable references
[99.067s][debug][gc,ref       ] GC(121) Skipped phase4 of Reference Processing due to unavailable references
[99.067s][debug][gc,age       ] GC(121) Desired survivor size 15368192 bytes, new threshold 6 (max threshold 6)
[99.067s][info ][gc,heap      ] GC(121) ParNew: 241553K->1469K(270336K)
[99.067s][info ][gc,heap      ] GC(121) CMS: 224240K->224379K(600768K)
[99.067s][info ][gc,metaspace ] GC(121) Metaspace: 55723K->55723K(1099776K)
[99.067s][info ][gc           ] GC(121) Pause Young (Allocation Failure) 454M->220M(850M) 3.011ms
[99.067s][info ][gc,cpu       ] GC(121) User=0.01s Sys=0.00s Real=0.01s
[99.067s][info ][safepoint    ] Leaving safepoint region
[99.067s][info ][safepoint    ] Total time for which application threads were stopped: 0.0032181 seconds, Stopping threads took: 0.0000153 seconds
[100.068s][info ][safepoint    ] Application time: 1.0001022 seconds
[100.068s][info ][safepoint    ] Entering safepoint region: Cleanup
[100.068s][info ][safepoint    ] Leaving safepoint region
[100.068s][info ][safepoint    ] Total time for which application threads were stopped: 0.0002334 seconds, Stopping threads took: 0.0001535 seconds
[101.068s][info ][safepoint    ] Application time: 1.0001168 seconds
[101.068s][info ][safepoint    ] Entering safepoint region: Cleanup
[101.068s][info ][safepoint    ] Leaving safepoint region
[101.068s][info ][safepoint    ] Total time for which application threads were stopped: 0.0001556 seconds, Stopping threads took: 0.0000689 seconds
[102.068s][info ][safepoint    ] Application time: 1.0000896 seconds
[102.068s][info ][safepoint    ] Entering safepoint region: Cleanup
[102.068s][info ][safepoint    ] Leaving safepoint region
[102.068s][info ][safepoint    ] Total time for which application threads were stopped: 0.0001615 seconds, Stopping threads took: 0.0000851 seconds
[102.721s][info ][safepoint    ] Application time: 0.6524035 seconds
[102.721s][info ][safepoint    ] Entering safepoint region: GenCollectForAllocation
[102.721s][info ][gc,start     ] GC(122) Pause Young (Allocation Failure)
[102.722s][info ][gc,task      ] GC(122) Using 4 workers of 4 for evacuation
[102.724s][debug][gc,ref       ] GC(122) Skipped phase1 of Reference Processing due to unavailable references
[102.724s][debug][gc,ref       ] GC(122) Skipped phase3 of Reference Processing due to unavailable references
[102.724s][debug][gc,ref       ] GC(122) Skipped phase4 of Reference Processing due to unavailable references
[102.724s][debug][gc,age       ] GC(122) Desired survivor size 15368192 bytes, new threshold 6 (max threshold 6)
[102.724s][info ][gc,heap      ] GC(122) ParNew: 241789K->1572K(270336K)
[102.724s][info ][gc,heap      ] GC(122) CMS: 224379K->224548K(600768K)
[102.724s][info ][gc,metaspace ] GC(122) Metaspace: 55732K->55732K(1099776K)
[102.724s][info ][gc           ] GC(122) Pause Young (Allocation Failure) 455M->220M(850M) 2.842ms
[102.724s][info ][gc,cpu       ] GC(122) User=0.01s Sys=0.00s Real=0.00s
[102.724s][info ][safepoint    ] Leaving safepoint region
[102.724s][info ][safepoint    ] Total time for which application threads were stopped: 0.0034756 seconds, Stopping threads took: 0.0000653 seconds
[103.724s][info ][safepoint    ] Application time: 1.0001054 seconds
[103.725s][info ][safepoint    ] Entering safepoint region: Cleanup
[103.725s][info ][safepoint    ] Leaving safepoint region
[103.725s][info ][safepoint    ] Total time for which application threads were stopped: 0.0000803 seconds, Stopping threads took: 0.0000150 seconds
[104.725s][info ][safepoint    ] Application time: 1.0000675 seconds
[104.725s][info ][safepoint    ] Entering safepoint region: Cleanup
[104.725s][info ][safepoint    ] Leaving safepoint region
[104.725s][info ][safepoint    ] Total time for which application threads were stopped: 0.0001795 seconds, Stopping threads took: 0.0001183 seconds
[105.725s][info ][safepoint    ] Application time: 1.0000433 seconds
[105.725s][info ][safepoint    ] Entering safepoint region: Cleanup
[105.725s][info ][safepoint    ] Leaving safepoint region
[105.725s][info ][safepoint    ] Total time for which application threads were stopped: 0.0000743 seconds, Stopping threads took: 0.0000163 seconds
[106.473s][info ][safepoint    ] Application time: 0.7475706 seconds
[106.473s][info ][safepoint    ] Entering safepoint region: GenCollectForAllocation
[106.473s][info ][gc,start     ] GC(123) Pause Young (Allocation Failure)
[106.473s][info ][gc,task      ] GC(123) Using 4 workers of 4 for evacuation
[106.475s][debug][gc,ref       ] GC(123) Skipped phase1 of Reference Processing due to unavailable references
[106.475s][debug][gc,ref       ] GC(123) Skipped phase3 of Reference Processing due to unavailable references
[106.475s][debug][gc,ref       ] GC(123) Skipped phase4 of Reference Processing due to unavailable references
[106.475s][debug][gc,age       ] GC(123) Desired survivor size 15368192 bytes, new threshold 6 (max threshold 6)
[106.475s][info ][gc,heap      ] GC(123) ParNew: 241892K->1546K(270336K)
[106.475s][info ][gc,heap      ] GC(123) CMS: 224548K->224609K(600768K)
[106.475s][info ][gc,metaspace ] GC(123) Metaspace: 55744K->55744K(1099776K)
[106.475s][info ][gc           ] GC(123) Pause Young (Allocation Failure) 455M->220M(850M) 2.635ms
[106.475s][info ][gc,cpu       ] GC(123) User=0.01s Sys=0.00s Real=0.01s
[106.476s][info ][safepoint    ] Leaving safepoint region
[106.476s][info ][safepoint    ] Total time for which application threads were stopped: 0.0028553 seconds, Stopping threads took: 0.0000150 seconds
[107.476s][info ][safepoint    ] Application time: 1.0001037 seconds
[107.476s][info ][safepoint    ] Entering safepoint region: Cleanup
[107.476s][info ][safepoint    ] Leaving safepoint region
[107.476s][info ][safepoint    ] Total time for which application threads were stopped: 0.0001340 seconds, Stopping threads took: 0.0000622 seconds
[108.476s][info ][safepoint    ] Application time: 1.0000949 seconds
[108.484s][info ][safepoint    ] Entering safepoint region: Cleanup
[108.484s][info ][safepoint    ] Leaving safepoint region
[108.484s][info ][safepoint    ] Total time for which application threads were stopped: 0.0080888 seconds, Stopping threads took: 0.0080041 seconds
[109.484s][info ][safepoint    ] Application time: 1.0000921 seconds
[109.484s][info ][safepoint    ] Entering safepoint region: Cleanup
[109.484s][info ][safepoint    ] Leaving safepoint region
[109.484s][info ][safepoint    ] Total time for which application threads were stopped: 0.0000761 seconds, Stopping threads took: 0.0000153 seconds
[110.072s][info ][safepoint    ] Application time: 0.5873411 seconds
[110.072s][info ][safepoint    ] Entering safepoint region: GenCollectForAllocation
[110.072s][info ][gc,start     ] GC(124) Pause Young (Allocation Failure)
[110.072s][info ][gc,task      ] GC(124) Using 4 workers of 4 for evacuation
[110.074s][debug][gc,ref       ] GC(124) Skipped phase1 of Reference Processing due to unavailable references
[110.074s][debug][gc,ref       ] GC(124) Skipped phase3 of Reference Processing due to unavailable references
[110.074s][debug][gc,ref       ] GC(124) Skipped phase4 of Reference Processing due to unavailable references
[110.075s][debug][gc,age       ] GC(124) Desired survivor size 15368192 bytes, new threshold 6 (max threshold 6)
[110.075s][info ][gc,heap      ] GC(124) ParNew: 241866K->1956K(270336K)
[110.075s][info ][gc,heap      ] GC(124) CMS: 224609K->224670K(600768K)
[110.075s][info ][gc,metaspace ] GC(124) Metaspace: 55749K->55749K(1099776K)
[110.075s][info ][gc           ] GC(124) Pause Young (Allocation Failure) 455M->221M(850M) 2.865ms
[110.075s][info ][gc,cpu       ] GC(124) User=0.01s Sys=0.00s Real=0.01s
[110.075s][info ][safepoint    ] Leaving safepoint region
[110.075s][info ][safepoint    ] Total time for which application threads were stopped: 0.0030170 seconds, Stopping threads took: 0.0000142 seconds
[111.075s][info ][safepoint    ] Application time: 1.0000969 seconds
[111.075s][info ][safepoint    ] Entering safepoint region: Cleanup
[111.075s][info ][safepoint    ] Leaving safepoint region
[111.075s][info ][safepoint    ] Total time for which application threads were stopped: 0.0001120 seconds, Stopping threads took: 0.0000385 seconds
[112.075s][info ][safepoint    ] Application time: 1.0000892 seconds
[112.075s][info ][safepoint    ] Entering safepoint region: Cleanup
[112.075s][info ][safepoint    ] Leaving safepoint region
[112.075s][info ][safepoint    ] Total time for which application threads were stopped: 0.0000772 seconds, Stopping threads took: 0.0000167 seconds
[113.075s][info ][safepoint    ] Application time: 1.0001065 seconds
[113.075s][info ][safepoint    ] Entering safepoint region: Cleanup
[113.075s][info ][safepoint    ] Leaving safepoint region
[113.075s][info ][safepoint    ] Total time for which application threads were stopped: 0.0001765 seconds, Stopping threads took: 0.0000966 seconds
[113.719s][info ][safepoint    ] Application time: 0.6434697 seconds
[113.719s][info ][safepoint    ] Entering safepoint region: GenCollectForAllocation
[113.719s][info ][gc,start     ] GC(125) Pause Young (Allocation Failure)
[113.719s][info ][gc,task      ] GC(125) Using 4 workers of 4 for evacuation
[113.722s][debug][gc,ref       ] GC(125) Skipped phase1 of Reference Processing due to unavailable references
[113.722s][debug][gc,ref       ] GC(125) Skipped phase3 of Reference Processing due to unavailable references
[113.722s][debug][gc,age       ] GC(125) Desired survivor size 15368192 bytes, new threshold 6 (max threshold 6)
[113.722s][info ][gc,heap      ] GC(125) ParNew: 242276K->2171K(270336K)
[113.722s][info ][gc,heap      ] GC(125) CMS: 224670K->224843K(600768K)
[113.722s][info ][gc,metaspace ] GC(125) Metaspace: 55808K->55808K(1099776K)
[113.722s][info ][gc           ] GC(125) Pause Young (Allocation Failure) 456M->221M(850M) 3.101ms
[113.722s][info ][gc,cpu       ] GC(125) User=0.01s Sys=0.00s Real=0.00s
[113.722s][info ][safepoint    ] Leaving safepoint region
[113.722s][info ][safepoint    ] Total time for which application threads were stopped: 0.0032607 seconds, Stopping threads took: 0.0000168 seconds
[114.722s][info ][safepoint    ] Application time: 1.0001084 seconds
[114.722s][info ][safepoint    ] Entering safepoint region: Cleanup
[114.723s][info ][safepoint    ] Leaving safepoint region
[114.723s][info ][safepoint    ] Total time for which application threads were stopped: 0.0001673 seconds, Stopping threads took: 0.0000890 seconds
[115.723s][info ][safepoint    ] Application time: 1.0001000 seconds
[115.723s][info ][safepoint    ] Entering safepoint region: Cleanup
[115.723s][info ][safepoint    ] Leaving safepoint region
[115.723s][info ][safepoint    ] Total time for which application threads were stopped: 0.0001469 seconds, Stopping threads took: 0.0000638 seconds
[116.723s][info ][safepoint    ] Application time: 1.0001040 seconds
[116.723s][info ][safepoint    ] Entering safepoint region: Cleanup
[116.723s][info ][safepoint    ] Leaving safepoint region
[116.723s][info ][safepoint    ] Total time for which application threads were stopped: 0.0001349 seconds, Stopping threads took: 0.0000649 seconds
[117.317s][info ][safepoint    ] Application time: 0.5941296 seconds
[117.317s][info ][safepoint    ] Entering safepoint region: GenCollectForAllocation
[117.317s][info ][gc,start     ] GC(126) Pause Young (Allocation Failure)
[117.317s][info ][gc,task      ] GC(126) Using 4 workers of 4 for evacuation
[117.320s][debug][gc,ref       ] GC(126) Skipped phase1 of Reference Processing due to unavailable references
[117.320s][debug][gc,ref       ] GC(126) Skipped phase3 of Reference Processing due to unavailable references
[117.320s][debug][gc,ref       ] GC(126) Skipped phase4 of Reference Processing due to unavailable references
[117.320s][debug][gc,age       ] GC(126) Desired survivor size 15368192 bytes, new threshold 6 (max threshold 6)
[117.320s][info ][gc,heap      ] GC(126) ParNew: 242491K->1754K(270336K)
[117.320s][info ][gc,heap      ] GC(126) CMS: 224843K->224905K(600768K)
[117.320s][info ][gc,metaspace ] GC(126) Metaspace: 55819K->55819K(1099776K)
[117.320s][info ][gc           ] GC(126) Pause Young (Allocation Failure) 456M->221M(850M) 2.854ms
[117.320s][info ][gc,cpu       ] GC(126) User=0.01s Sys=0.00s Real=0.00s
[117.320s][info ][safepoint    ] Leaving safepoint region
[117.320s][info ][safepoint    ] Total time for which application threads were stopped: 0.0030009 seconds, Stopping threads took: 0.0000151 seconds
[118.320s][info ][safepoint    ] Application time: 1.0001010 seconds
[118.320s][info ][safepoint    ] Entering safepoint region: Cleanup
[118.321s][info ][safepoint    ] Leaving safepoint region
[118.321s][info ][safepoint    ] Total time for which application threads were stopped: 0.0001587 seconds, Stopping threads took: 0.0000753 seconds
[119.322s][info ][safepoint    ] Application time: 1.0015085 seconds
[119.322s][info ][safepoint    ] Entering safepoint region: Cleanup
[119.322s][info ][safepoint    ] Leaving safepoint region
[119.322s][info ][safepoint    ] Total time for which application threads were stopped: 0.0001524 seconds, Stopping threads took: 0.0000845 seconds
[120.322s][info ][safepoint    ] Application time: 1.0001179 seconds
[120.322s][info ][safepoint    ] Entering safepoint region: Cleanup
[120.323s][info ][safepoint    ] Leaving safepoint region
[120.323s][info ][safepoint    ] Total time for which application threads were stopped: 0.0001325 seconds, Stopping threads took: 0.0000555 seconds
[121.068s][info ][safepoint    ] Application time: 0.7456747 seconds
[121.068s][info ][safepoint    ] Entering safepoint region: GenCollectForAllocation
[121.068s][info ][gc,start     ] GC(127) Pause Young (Allocation Failure)
[121.068s][info ][gc,task      ] GC(127) Using 4 workers of 4 for evacuation
[121.071s][debug][gc,ref       ] GC(127) Skipped phase1 of Reference Processing due to unavailable references
[121.071s][debug][gc,ref       ] GC(127) Skipped phase2 of Reference Processing due to unavailable references
[121.071s][debug][gc,ref       ] GC(127) Skipped phase3 of Reference Processing due to unavailable references
[121.071s][debug][gc,ref       ] GC(127) Skipped phase4 of Reference Processing due to unavailable references
[121.071s][debug][gc,age       ] GC(127) Desired survivor size 15368192 bytes, new threshold 6 (max threshold 6)
[121.071s][info ][gc,heap      ] GC(127) ParNew: 242074K->1275K(270336K)
[121.071s][info ][gc,heap      ] GC(127) CMS: 224905K->225441K(600768K)
[121.071s][info ][gc,metaspace ] GC(127) Metaspace: 55827K->55827K(1099776K)
[121.071s][info ][gc           ] GC(127) Pause Young (Allocation Failure) 456M->221M(850M) 2.811ms
[121.071s][info ][gc,cpu       ] GC(127) User=0.01s Sys=0.00s Real=0.00s
[121.071s][info ][safepoint    ] Leaving safepoint region
[121.071s][info ][safepoint    ] Total time for which application threads were stopped: 0.0029539 seconds, Stopping threads took: 0.0000154 seconds
[122.071s][info ][safepoint    ] Application time: 1.0000956 seconds
[122.071s][info ][safepoint    ] Entering safepoint region: Cleanup
[122.072s][info ][safepoint    ] Leaving safepoint region
[122.072s][info ][safepoint    ] Total time for which application threads were stopped: 0.0001382 seconds, Stopping threads took: 0.0000694 seconds
[123.072s][info ][safepoint    ] Application time: 1.0000882 seconds
[123.072s][info ][safepoint    ] Entering safepoint region: Cleanup
[123.072s][info ][safepoint    ] Leaving safepoint region
[123.072s][info ][safepoint    ] Total time for which application threads were stopped: 0.0001414 seconds, Stopping threads took: 0.0000702 seconds
[124.072s][info ][safepoint    ] Application time: 1.0000957 seconds
[124.072s][info ][safepoint    ] Entering safepoint region: Cleanup
[124.072s][info ][safepoint    ] Leaving safepoint region
[124.072s][info ][safepoint    ] Total time for which application threads were stopped: 0.0001704 seconds, Stopping threads took: 0.0000607 seconds
[124.821s][info ][safepoint    ] Application time: 0.7488421 seconds
[124.821s][info ][safepoint    ] Entering safepoint region: GenCollectForAllocation
[124.821s][info ][gc,start     ] GC(128) Pause Young (Allocation Failure)
[124.821s][info ][gc,task      ] GC(128) Using 4 workers of 4 for evacuation
[124.824s][debug][gc,ref       ] GC(128) Skipped phase1 of Reference Processing due to unavailable references
[124.824s][debug][gc,ref       ] GC(128) Skipped phase2 of Reference Processing due to unavailable references
[124.824s][debug][gc,ref       ] GC(128) Skipped phase3 of Reference Processing due to unavailable references
[124.824s][debug][gc,ref       ] GC(128) Skipped phase4 of Reference Processing due to unavailable references
[124.824s][debug][gc,age       ] GC(128) Desired survivor size 15368192 bytes, new threshold 6 (max threshold 6)
[124.824s][info ][gc,heap      ] GC(128) ParNew: 241595K->1211K(270336K)
[124.824s][info ][gc,heap      ] GC(128) CMS: 225441K->225651K(600768K)
[124.824s][info ][gc,metaspace ] GC(128) Metaspace: 55828K->55828K(1099776K)
[124.824s][info ][gc           ] GC(128) Pause Young (Allocation Failure) 456M->221M(850M) 3.060ms
[124.824s][info ][gc,cpu       ] GC(128) User=0.00s Sys=0.00s Real=0.00s
[124.824s][info ][safepoint    ] Leaving safepoint region
[124.824s][info ][safepoint    ] Total time for which application threads were stopped: 0.0032062 seconds, Stopping threads took: 0.0000150 seconds
[125.824s][info ][safepoint    ] Application time: 1.0000922 seconds
[125.824s][info ][safepoint    ] Entering safepoint region: Cleanup
[125.824s][info ][safepoint    ] Leaving safepoint region
[125.824s][info ][safepoint    ] Total time for which application threads were stopped: 0.0000804 seconds, Stopping threads took: 0.0000156 seconds
[126.825s][info ][safepoint    ] Application time: 1.0000994 seconds
[126.825s][info ][safepoint    ] Entering safepoint region: Cleanup
[126.825s][info ][safepoint    ] Leaving safepoint region
[126.825s][info ][safepoint    ] Total time for which application threads were stopped: 0.0000830 seconds, Stopping threads took: 0.0000150 seconds
[127.825s][info ][safepoint    ] Application time: 1.0000809 seconds
[127.825s][info ][safepoint    ] Entering safepoint region: Cleanup
[127.825s][info ][safepoint    ] Leaving safepoint region
[127.825s][info ][safepoint    ] Total time for which application threads were stopped: 0.0000963 seconds, Stopping threads took: 0.0000146 seconds
[128.474s][info ][safepoint    ] Application time: 0.6490658 seconds
[128.474s][info ][safepoint    ] Entering safepoint region: GenCollectForAllocation
[128.474s][info ][gc,start     ] GC(129) Pause Young (Allocation Failure)
[128.474s][info ][gc,task      ] GC(129) Using 4 workers of 4 for evacuation
[128.477s][debug][gc,ref       ] GC(129) Skipped phase1 of Reference Processing due to unavailable references
[128.477s][debug][gc,ref       ] GC(129) Skipped phase2 of Reference Processing due to unavailable references
[128.477s][debug][gc,ref       ] GC(129) Skipped phase3 of Reference Processing due to unavailable references
[128.477s][debug][gc,ref       ] GC(129) Skipped phase4 of Reference Processing due to unavailable references
[128.477s][debug][gc,age       ] GC(129) Desired survivor size 15368192 bytes, new threshold 6 (max threshold 6)
[128.477s][info ][gc,heap      ] GC(129) ParNew: 241531K->985K(270336K)
[128.477s][info ][gc,heap      ] GC(129) CMS: 225651K->225799K(600768K)
[128.477s][info ][gc,metaspace ] GC(129) Metaspace: 55831K->55831K(1099776K)
[128.477s][info ][gc           ] GC(129) Pause Young (Allocation Failure) 456M->221M(850M) 3.104ms
[128.477s][info ][gc,cpu       ] GC(129) User=0.02s Sys=0.00s Real=0.00s
[128.477s][info ][safepoint    ] Leaving safepoint region
[128.477s][info ][safepoint    ] Total time for which application threads were stopped: 0.0033246 seconds, Stopping threads took: 0.0000698 seconds
[129.477s][info ][safepoint    ] Application time: 1.0000995 seconds
[129.477s][info ][safepoint    ] Entering safepoint region: Cleanup
[129.478s][info ][safepoint    ] Leaving safepoint region
[129.478s][info ][safepoint    ] Total time for which application threads were stopped: 0.0000986 seconds, Stopping threads took: 0.0000158 seconds
[130.478s][info ][safepoint    ] Application time: 1.0000959 seconds
[130.478s][info ][safepoint    ] Entering safepoint region: Cleanup
[130.478s][info ][safepoint    ] Leaving safepoint region
[130.478s][info ][safepoint    ] Total time for which application threads were stopped: 0.0000712 seconds, Stopping threads took: 0.0000133 seconds
[131.478s][info ][safepoint    ] Application time: 1.0001004 seconds
[131.478s][info ][safepoint    ] Entering safepoint region: Cleanup
[131.478s][info ][safepoint    ] Leaving safepoint region
[131.478s][info ][safepoint    ] Total time for which application threads were stopped: 0.0000930 seconds, Stopping threads took: 0.0000154 seconds
[132.224s][info ][safepoint    ] Application time: 0.7459994 seconds
[132.224s][info ][safepoint    ] Entering safepoint region: GenCollectForAllocation
[132.224s][info ][gc,start     ] GC(130) Pause Young (Allocation Failure)
[132.224s][info ][gc,task      ] GC(130) Using 4 workers of 4 for evacuation
[132.227s][debug][gc,ref       ] GC(130) Skipped phase1 of Reference Processing due to unavailable references
[132.227s][debug][gc,ref       ] GC(130) Skipped phase2 of Reference Processing due to unavailable references
[132.227s][debug][gc,ref       ] GC(130) Skipped phase3 of Reference Processing due to unavailable references
[132.227s][debug][gc,ref       ] GC(130) Skipped phase4 of Reference Processing due to unavailable references
[132.228s][debug][gc,age       ] GC(130) Desired survivor size 15368192 bytes, new threshold 6 (max threshold 6)
[132.228s][info ][gc,heap      ] GC(130) ParNew: 241305K->816K(270336K)
[132.228s][info ][gc,heap      ] GC(130) CMS: 225799K->226086K(600768K)
[132.228s][info ][gc,metaspace ] GC(130) Metaspace: 55839K->55839K(1099776K)
[132.228s][info ][gc           ] GC(130) Pause Young (Allocation Failure) 456M->221M(850M) 3.425ms
[132.228s][info ][gc,cpu       ] GC(130) User=0.01s Sys=0.00s Real=0.01s
[132.228s][info ][safepoint    ] Leaving safepoint region
[132.228s][info ][safepoint    ] Total time for which application threads were stopped: 0.0035973 seconds, Stopping threads took: 0.0000179 seconds
[133.228s][info ][safepoint    ] Application time: 1.0001782 seconds
[133.228s][info ][safepoint    ] Entering safepoint region: Cleanup
[133.228s][info ][safepoint    ] Leaving safepoint region
[133.228s][info ][safepoint    ] Total time for which application threads were stopped: 0.0000783 seconds, Stopping threads took: 0.0000158 seconds
[134.228s][info ][safepoint    ] Application time: 1.0000921 seconds
[134.228s][info ][safepoint    ] Entering safepoint region: Cleanup
[134.228s][info ][safepoint    ] Leaving safepoint region
[134.228s][info ][safepoint    ] Total time for which application threads were stopped: 0.0000777 seconds, Stopping threads took: 0.0000147 seconds
[135.228s][info ][safepoint    ] Application time: 1.0000939 seconds
[135.228s][info ][safepoint    ] Entering safepoint region: Cleanup
[135.228s][info ][safepoint    ] Leaving safepoint region
[135.228s][info ][safepoint    ] Total time for which application threads were stopped: 0.0000996 seconds, Stopping threads took: 0.0000144 seconds
[136.115s][info ][safepoint    ] Application time: 0.8868640 seconds
[136.115s][info ][safepoint    ] Entering safepoint region: GenCollectForAllocation
[136.115s][info ][gc,start     ] GC(131) Pause Young (Allocation Failure)
[136.115s][info ][gc,task      ] GC(131) Using 4 workers of 4 for evacuation
[136.118s][debug][gc,ref       ] GC(131) Skipped phase1 of Reference Processing due to unavailable references
[136.118s][debug][gc,ref       ] GC(131) Skipped phase3 of Reference Processing due to unavailable references
[136.118s][debug][gc,age       ] GC(131) Desired survivor size 15368192 bytes, new threshold 6 (max threshold 6)
[136.118s][info ][gc,heap      ] GC(131) ParNew: 241136K->914K(270336K)
[136.118s][info ][gc,heap      ] GC(131) CMS: 226086K->226162K(600768K)
[136.118s][info ][gc,metaspace ] GC(131) Metaspace: 55863K->55863K(1099776K)
[136.118s][info ][gc           ] GC(131) Pause Young (Allocation Failure) 456M->221M(850M) 2.447ms
[136.118s][info ][gc,cpu       ] GC(131) User=0.01s Sys=0.00s Real=0.00s
[136.118s][info ][safepoint    ] Leaving safepoint region
[136.118s][info ][safepoint    ] Total time for which application threads were stopped: 0.0026479 seconds, Stopping threads took: 0.0000147 seconds
[137.118s][info ][safepoint    ] Application time: 1.0001128 seconds
[137.118s][info ][safepoint    ] Entering safepoint region: Cleanup
[137.118s][info ][safepoint    ] Leaving safepoint region
[137.118s][info ][safepoint    ] Total time for which application threads were stopped: 0.0001058 seconds, Stopping threads took: 0.0000397 seconds
[138.118s][info ][safepoint    ] Application time: 1.0000892 seconds
[138.118s][info ][safepoint    ] Entering safepoint region: Cleanup
[138.118s][info ][safepoint    ] Leaving safepoint region
[138.118s][info ][safepoint    ] Total time for which application threads were stopped: 0.0001798 seconds, Stopping threads took: 0.0000906 seconds
[139.119s][info ][safepoint    ] Application time: 1.0000890 seconds
[139.119s][info ][safepoint    ] Entering safepoint region: Cleanup
[139.119s][info ][safepoint    ] Leaving safepoint region
[139.119s][info ][safepoint    ] Total time for which application threads were stopped: 0.0001600 seconds, Stopping threads took: 0.0000836 seconds
[139.868s][info ][safepoint    ] Application time: 0.7489106 seconds
[139.868s][info ][safepoint    ] Entering safepoint region: GenCollectForAllocation
[139.868s][info ][gc,start     ] GC(132) Pause Young (Allocation Failure)
[139.868s][info ][gc,task      ] GC(132) Using 4 workers of 4 for evacuation
[139.870s][debug][gc,ref       ] GC(132) Skipped phase1 of Reference Processing due to unavailable references
[139.870s][debug][gc,ref       ] GC(132) Skipped phase3 of Reference Processing due to unavailable references
[139.870s][debug][gc,ref       ] GC(132) Skipped phase4 of Reference Processing due to unavailable references
[139.870s][debug][gc,age       ] GC(132) Desired survivor size 15368192 bytes, new threshold 6 (max threshold 6)
[139.870s][info ][gc,heap      ] GC(132) ParNew: 241234K->1046K(270336K)
[139.870s][info ][gc,heap      ] GC(132) CMS: 226162K->226177K(600768K)
[139.870s][info ][gc,metaspace ] GC(132) Metaspace: 55865K->55865K(1099776K)
[139.870s][info ][gc           ] GC(132) Pause Young (Allocation Failure) 456M->221M(850M) 2.534ms
[139.870s][info ][gc,cpu       ] GC(132) User=0.01s Sys=0.00s Real=0.00s
[139.870s][info ][safepoint    ] Leaving safepoint region
[139.870s][info ][safepoint    ] Total time for which application threads were stopped: 0.0027137 seconds, Stopping threads took: 0.0000148 seconds
[140.871s][info ][safepoint    ] Application time: 1.0001632 seconds
[140.871s][info ][safepoint    ] Entering safepoint region: Cleanup
[140.871s][info ][safepoint    ] Leaving safepoint region
[140.871s][info ][safepoint    ] Total time for which application threads were stopped: 0.0002197 seconds, Stopping threads took: 0.0000690 seconds
[141.871s][info ][safepoint    ] Application time: 1.0000977 seconds
[141.871s][info ][safepoint    ] Entering safepoint region: Cleanup
[141.871s][info ][safepoint    ] Leaving safepoint region
[141.871s][info ][safepoint    ] Total time for which application threads were stopped: 0.0001772 seconds, Stopping threads took: 0.0000579 seconds
[142.871s][info ][safepoint    ] Application time: 1.0000979 seconds
[142.871s][info ][safepoint    ] Entering safepoint region: Cleanup
[142.872s][info ][safepoint    ] Leaving safepoint region
[142.872s][info ][safepoint    ] Total time for which application threads were stopped: 0.0001960 seconds, Stopping threads took: 0.0000825 seconds
[143.566s][info ][safepoint    ] Application time: 0.6939816 seconds
[143.566s][info ][safepoint    ] Entering safepoint region: GenCollectForAllocation
[143.566s][info ][gc,start     ] GC(133) Pause Young (Allocation Failure)
[143.566s][info ][gc,task      ] GC(133) Using 4 workers of 4 for evacuation
[143.568s][debug][gc,ref       ] GC(133) Skipped phase1 of Reference Processing due to unavailable references
[143.568s][debug][gc,ref       ] GC(133) Skipped phase3 of Reference Processing due to unavailable references
[143.568s][debug][gc,age       ] GC(133) Desired survivor size 15368192 bytes, new threshold 6 (max threshold 6)
[143.568s][info ][gc,heap      ] GC(133) ParNew: 241366K->1153K(270336K)
[143.568s][info ][gc,heap      ] GC(133) CMS: 226177K->226183K(600768K)
[143.568s][info ][gc,metaspace ] GC(133) Metaspace: 55885K->55885K(1099776K)
[143.568s][info ][gc           ] GC(133) Pause Young (Allocation Failure) 456M->222M(850M) 2.474ms
[143.568s][info ][gc,cpu       ] GC(133) User=0.01s Sys=0.00s Real=0.01s
[143.568s][info ][safepoint    ] Leaving safepoint region
[143.568s][info ][safepoint    ] Total time for which application threads were stopped: 0.0026411 seconds, Stopping threads took: 0.0000134 seconds
[144.568s][info ][safepoint    ] Application time: 1.0001257 seconds
[144.568s][info ][safepoint    ] Entering safepoint region: Cleanup
[144.568s][info ][safepoint    ] Leaving safepoint region
[144.568s][info ][safepoint    ] Total time for which application threads were stopped: 0.0001389 seconds, Stopping threads took: 0.0000388 seconds
[145.569s][info ][safepoint    ] Application time: 1.0001294 seconds
[145.569s][info ][safepoint    ] Entering safepoint region: Cleanup
[145.569s][info ][safepoint    ] Leaving safepoint region
[145.569s][info ][safepoint    ] Total time for which application threads were stopped: 0.0001822 seconds, Stopping threads took: 0.0000751 seconds
[146.569s][info ][safepoint    ] Application time: 1.0000603 seconds
[146.569s][info ][safepoint    ] Entering safepoint region: Cleanup
[146.569s][info ][safepoint    ] Leaving safepoint region
[146.569s][info ][safepoint    ] Total time for which application threads were stopped: 0.0001696 seconds, Stopping threads took: 0.0000868 seconds
[147.219s][info ][safepoint    ] Application time: 0.6502667 seconds
[147.219s][info ][safepoint    ] Entering safepoint region: GenCollectForAllocation
[147.220s][info ][gc,start     ] GC(134) Pause Young (Allocation Failure)
[147.220s][info ][gc,task      ] GC(134) Using 4 workers of 4 for evacuation
[147.222s][debug][gc,ref       ] GC(134) Skipped phase1 of Reference Processing due to unavailable references
[147.222s][debug][gc,ref       ] GC(134) Skipped phase3 of Reference Processing due to unavailable references
[147.222s][debug][gc,ref       ] GC(134) Skipped phase4 of Reference Processing due to unavailable references
[147.222s][debug][gc,age       ] GC(134) Desired survivor size 15368192 bytes, new threshold 6 (max threshold 6)
[147.222s][info ][gc,heap      ] GC(134) ParNew: 241473K->1472K(270336K)
[147.222s][info ][gc,heap      ] GC(134) CMS: 226183K->226214K(600768K)
[147.222s][info ][gc,metaspace ] GC(134) Metaspace: 55888K->55888K(1099776K)
[147.222s][info ][gc           ] GC(134) Pause Young (Allocation Failure) 456M->222M(850M) 2.595ms
[147.222s][info ][gc,cpu       ] GC(134) User=0.01s Sys=0.00s Real=0.00s
[147.222s][info ][safepoint    ] Leaving safepoint region
[147.222s][info ][safepoint    ] Total time for which application threads were stopped: 0.0027943 seconds, Stopping threads took: 0.0000415 seconds
[148.222s][info ][safepoint    ] Application time: 1.0002345 seconds
[148.223s][info ][safepoint    ] Entering safepoint region: Cleanup
[148.223s][info ][safepoint    ] Leaving safepoint region
[148.223s][info ][safepoint    ] Total time for which application threads were stopped: 0.0001552 seconds, Stopping threads took: 0.0000711 seconds
[149.223s][info ][safepoint    ] Application time: 1.0000978 seconds
[149.223s][info ][safepoint    ] Entering safepoint region: Cleanup
[149.223s][info ][safepoint    ] Leaving safepoint region
[149.223s][info ][safepoint    ] Total time for which application threads were stopped: 0.0001207 seconds, Stopping threads took: 0.0000470 seconds
[150.223s][info ][safepoint    ] Application time: 1.0000992 seconds
[150.223s][info ][safepoint    ] Entering safepoint region: Cleanup
[150.223s][info ][safepoint    ] Leaving safepoint region
[150.223s][info ][safepoint    ] Total time for which application threads were stopped: 0.0001055 seconds, Stopping threads took: 0.0000467 seconds
[151.019s][info ][safepoint    ] Application time: 0.7962725 seconds
[151.019s][info ][safepoint    ] Entering safepoint region: GenCollectForAllocation
[151.020s][info ][gc,start     ] GC(135) Pause Young (Allocation Failure)
[151.020s][info ][gc,task      ] GC(135) Using 4 workers of 4 for evacuation
[151.022s][debug][gc,ref       ] GC(135) Skipped phase1 of Reference Processing due to unavailable references
[151.022s][debug][gc,ref       ] GC(135) Skipped phase3 of Reference Processing due to unavailable references
[151.022s][debug][gc,ref       ] GC(135) Skipped phase4 of Reference Processing due to unavailable references
[151.023s][debug][gc,age       ] GC(135) Desired survivor size 15368192 bytes, new threshold 6 (max threshold 6)
[151.023s][info ][gc,heap      ] GC(135) ParNew: 241792K->1351K(270336K)
[151.023s][info ][gc,heap      ] GC(135) CMS: 226214K->226339K(600768K)
[151.023s][info ][gc,metaspace ] GC(135) Metaspace: 55888K->55888K(1099776K)
[151.023s][info ][gc           ] GC(135) Pause Young (Allocation Failure) 457M->222M(850M) 3.045ms
[151.023s][info ][gc,cpu       ] GC(135) User=0.01s Sys=0.00s Real=0.00s
[151.023s][info ][safepoint    ] Leaving safepoint region
[151.023s][info ][safepoint    ] Total time for which application threads were stopped: 0.0031943 seconds, Stopping threads took: 0.0000142 seconds
[152.023s][info ][safepoint    ] Application time: 1.0000901 seconds
[152.023s][info ][safepoint    ] Entering safepoint region: Cleanup
[152.023s][info ][safepoint    ] Leaving safepoint region
[152.023s][info ][safepoint    ] Total time for which application threads were stopped: 0.0001529 seconds, Stopping threads took: 0.0000652 seconds
[153.023s][info ][safepoint    ] Application time: 1.0001316 seconds
[153.023s][info ][safepoint    ] Entering safepoint region: Cleanup
[153.023s][info ][safepoint    ] Leaving safepoint region
[153.023s][info ][safepoint    ] Total time for which application threads were stopped: 0.0001459 seconds, Stopping threads took: 0.0000725 seconds
[154.023s][info ][safepoint    ] Application time: 1.0000981 seconds
[154.024s][info ][safepoint    ] Entering safepoint region: Cleanup
[154.024s][info ][safepoint    ] Leaving safepoint region
[154.024s][info ][safepoint    ] Total time for which application threads were stopped: 0.0001743 seconds, Stopping threads took: 0.0000920 seconds
[154.685s][info ][safepoint    ] Application time: 0.6611932 seconds
[154.685s][info ][safepoint    ] Entering safepoint region: GenCollectForAllocation
[154.685s][info ][gc,start     ] GC(136) Pause Young (Allocation Failure)
[154.685s][info ][gc,task      ] GC(136) Using 4 workers of 4 for evacuation
[154.688s][debug][gc,ref       ] GC(136) Skipped phase1 of Reference Processing due to unavailable references
[154.688s][debug][gc,ref       ] GC(136) Skipped phase3 of Reference Processing due to unavailable references
[154.688s][debug][gc,age       ] GC(136) Desired survivor size 15368192 bytes, new threshold 6 (max threshold 6)
[154.688s][info ][gc,heap      ] GC(136) ParNew: 241671K->1468K(270336K)
[154.688s][info ][gc,heap      ] GC(136) CMS: 226339K->226498K(600768K)
[154.688s][info ][gc,metaspace ] GC(136) Metaspace: 55902K->55902K(1099776K)
[154.688s][info ][gc           ] GC(136) Pause Young (Allocation Failure) 457M->222M(850M) 3.064ms
[154.688s][info ][gc,cpu       ] GC(136) User=0.01s Sys=0.00s Real=0.01s
[154.688s][info ][safepoint    ] Leaving safepoint region
[154.688s][info ][safepoint    ] Total time for which application threads were stopped: 0.0033322 seconds, Stopping threads took: 0.0001152 seconds
[155.688s][info ][safepoint    ] Application time: 1.0000980 seconds
[155.688s][info ][safepoint    ] Entering safepoint region: Cleanup
[155.688s][info ][safepoint    ] Leaving safepoint region
[155.688s][info ][safepoint    ] Total time for which application threads were stopped: 0.0000838 seconds, Stopping threads took: 0.0000167 seconds
[156.689s][info ][safepoint    ] Application time: 1.0001027 seconds
[156.689s][info ][safepoint    ] Entering safepoint region: Cleanup
[156.689s][info ][safepoint    ] Leaving safepoint region
[156.689s][info ][safepoint    ] Total time for which application threads were stopped: 0.0000697 seconds, Stopping threads took: 0.0000156 seconds
[157.689s][info ][safepoint    ] Application time: 1.0000823 seconds
[157.689s][info ][safepoint    ] Entering safepoint region: Cleanup
[157.689s][info ][safepoint    ] Leaving safepoint region
[157.689s][info ][safepoint    ] Total time for which application threads were stopped: 0.0000895 seconds, Stopping threads took: 0.0000166 seconds
[158.520s][info ][safepoint    ] Application time: 0.8315183 seconds
[158.520s][info ][safepoint    ] Entering safepoint region: GenCollectForAllocation
[158.521s][info ][gc,start     ] GC(137) Pause Young (Allocation Failure)
[158.521s][info ][gc,task      ] GC(137) Using 4 workers of 4 for evacuation
[158.523s][debug][gc,ref       ] GC(137) Skipped phase1 of Reference Processing due to unavailable references
[158.523s][debug][gc,ref       ] GC(137) Skipped phase3 of Reference Processing due to unavailable references
[158.523s][debug][gc,ref       ] GC(137) Skipped phase4 of Reference Processing due to unavailable references
[158.523s][debug][gc,age       ] GC(137) Desired survivor size 15368192 bytes, new threshold 6 (max threshold 6)
[158.523s][info ][gc,heap      ] GC(137) ParNew: 241788K->1651K(270336K)
[158.523s][info ][gc,heap      ] GC(137) CMS: 226498K->226576K(600768K)
[158.523s][info ][gc,metaspace ] GC(137) Metaspace: 55910K->55910K(1099776K)
[158.523s][info ][gc           ] GC(137) Pause Young (Allocation Failure) 457M->222M(850M) 2.871ms
[158.523s][info ][gc,cpu       ] GC(137) User=0.01s Sys=0.00s Real=0.00s
[158.523s][info ][safepoint    ] Leaving safepoint region
[158.523s][info ][safepoint    ] Total time for which application threads were stopped: 0.0030823 seconds, Stopping threads took: 0.0000155 seconds
[159.527s][info ][safepoint    ] Application time: 1.0033392 seconds
[159.527s][info ][safepoint    ] Entering safepoint region: Cleanup
[159.527s][info ][safepoint    ] Leaving safepoint region
[159.527s][info ][safepoint    ] Total time for which application threads were stopped: 0.0000863 seconds, Stopping threads took: 0.0000145 seconds
[160.527s][info ][safepoint    ] Application time: 1.0000889 seconds
[160.527s][info ][safepoint    ] Entering safepoint region: Cleanup
[160.527s][info ][safepoint    ] Leaving safepoint region
[160.527s][info ][safepoint    ] Total time for which application threads were stopped: 0.0001459 seconds, Stopping threads took: 0.0000642 seconds
[161.527s][info ][safepoint    ] Application time: 1.0000502 seconds
[161.527s][info ][safepoint    ] Entering safepoint region: Cleanup
[161.527s][info ][safepoint    ] Leaving safepoint region
[161.527s][info ][safepoint    ] Total time for which application threads were stopped: 0.0000920 seconds, Stopping threads took: 0.0000161 seconds
[162.223s][info ][safepoint    ] Application time: 0.6953178 seconds
[162.223s][info ][safepoint    ] Entering safepoint region: GenCollectForAllocation
[162.223s][info ][gc,start     ] GC(138) Pause Young (Allocation Failure)
[162.223s][info ][gc,task      ] GC(138) Using 4 workers of 4 for evacuation
[162.225s][debug][gc,ref       ] GC(138) Skipped phase1 of Reference Processing due to unavailable references
[162.225s][debug][gc,ref       ] GC(138) Skipped phase3 of Reference Processing due to unavailable references
[162.226s][debug][gc,age       ] GC(138) Desired survivor size 15368192 bytes, new threshold 6 (max threshold 6)
[162.226s][info ][gc,heap      ] GC(138) ParNew: 241971K->1453K(270336K)
[162.226s][info ][gc,heap      ] GC(138) CMS: 226576K->226683K(600768K)
[162.226s][info ][gc,metaspace ] GC(138) Metaspace: 55924K->55924K(1099776K)
[162.226s][info ][gc           ] GC(138) Pause Young (Allocation Failure) 457M->222M(850M) 2.837ms
[162.226s][info ][gc,cpu       ] GC(138) User=0.01s Sys=0.00s Real=0.00s
[162.226s][info ][safepoint    ] Leaving safepoint region
[162.226s][info ][safepoint    ] Total time for which application threads were stopped: 0.0030070 seconds, Stopping threads took: 0.0000152 seconds
[163.226s][info ][safepoint    ] Application time: 1.0001087 seconds
[163.226s][info ][safepoint    ] Entering safepoint region: Cleanup
[163.226s][info ][safepoint    ] Leaving safepoint region
[163.226s][info ][safepoint    ] Total time for which application threads were stopped: 0.0000841 seconds, Stopping threads took: 0.0000159 seconds
[164.226s][info ][safepoint    ] Application time: 1.0000873 seconds
[164.226s][info ][safepoint    ] Entering safepoint region: Cleanup
[164.226s][info ][safepoint    ] Leaving safepoint region
[164.226s][info ][safepoint    ] Total time for which application threads were stopped: 0.0000773 seconds, Stopping threads took: 0.0000145 seconds
[165.226s][info ][safepoint    ] Application time: 1.0000999 seconds
[165.226s][info ][safepoint    ] Entering safepoint region: Cleanup
[165.226s][info ][safepoint    ] Leaving safepoint region
[165.226s][info ][safepoint    ] Total time for which application threads were stopped: 0.0000872 seconds, Stopping threads took: 0.0000165 seconds
[166.070s][info ][safepoint    ] Application time: 0.8435534 seconds
[166.070s][info ][safepoint    ] Entering safepoint region: GenCollectForAllocation
[166.070s][info ][gc,start     ] GC(139) Pause Young (Allocation Failure)
[166.070s][info ][gc,task      ] GC(139) Using 4 workers of 4 for evacuation
[166.073s][debug][gc,ref       ] GC(139) Skipped phase1 of Reference Processing due to unavailable references
[166.073s][debug][gc,ref       ] GC(139) Skipped phase3 of Reference Processing due to unavailable references
[166.073s][debug][gc,age       ] GC(139) Desired survivor size 15368192 bytes, new threshold 6 (max threshold 6)
[166.073s][info ][gc,heap      ] GC(139) ParNew: 241773K->1339K(270336K)
[166.073s][info ][gc,heap      ] GC(139) CMS: 226683K->226892K(600768K)
[166.073s][info ][gc,metaspace ] GC(139) Metaspace: 55943K->55943K(1099776K)
[166.073s][info ][gc           ] GC(139) Pause Young (Allocation Failure) 457M->222M(850M) 3.095ms
[166.073s][info ][gc,cpu       ] GC(139) User=0.01s Sys=0.00s Real=0.00s
[166.073s][info ][safepoint    ] Leaving safepoint region
[166.073s][info ][safepoint    ] Total time for which application threads were stopped: 0.0032582 seconds, Stopping threads took: 0.0000149 seconds
[167.073s][info ][safepoint    ] Application time: 1.0000926 seconds
[167.073s][info ][safepoint    ] Entering safepoint region: Cleanup
[167.074s][info ][safepoint    ] Leaving safepoint region
[167.074s][info ][safepoint    ] Total time for which application threads were stopped: 0.0001516 seconds, Stopping threads took: 0.0000740 seconds
[168.074s][info ][safepoint    ] Application time: 1.0000876 seconds
[168.074s][info ][safepoint    ] Entering safepoint region: Cleanup
[168.074s][info ][safepoint    ] Leaving safepoint region
[168.074s][info ][safepoint    ] Total time for which application threads were stopped: 0.0001308 seconds, Stopping threads took: 0.0000536 seconds
[169.074s][info ][safepoint    ] Application time: 1.0000667 seconds
[169.074s][info ][safepoint    ] Entering safepoint region: Cleanup
[169.074s][info ][safepoint    ] Leaving safepoint region
[169.074s][info ][safepoint    ] Total time for which application threads were stopped: 0.0001213 seconds, Stopping threads took: 0.0000281 seconds
[169.872s][info ][safepoint    ] Application time: 0.7983885 seconds
[169.872s][info ][safepoint    ] Entering safepoint region: GenCollectForAllocation
[169.873s][info ][gc,start     ] GC(140) Pause Young (Allocation Failure)
[169.873s][info ][gc,task      ] GC(140) Using 4 workers of 4 for evacuation
[169.875s][debug][gc,ref       ] GC(140) Skipped phase1 of Reference Processing due to unavailable references
[169.875s][debug][gc,ref       ] GC(140) Skipped phase3 of Reference Processing due to unavailable references
[169.875s][debug][gc,age       ] GC(140) Desired survivor size 15368192 bytes, new threshold 6 (max threshold 6)
[169.875s][info ][gc,heap      ] GC(140) ParNew: 241659K->1549K(270336K)
[169.875s][info ][gc,heap      ] GC(140) CMS: 226892K->226951K(600768K)
[169.875s][info ][gc,metaspace ] GC(140) Metaspace: 56100K->56100K(1099776K)
[169.875s][info ][gc           ] GC(140) Pause Young (Allocation Failure) 457M->223M(850M) 2.908ms
[169.875s][info ][gc,cpu       ] GC(140) User=0.01s Sys=0.00s Real=0.01s
[169.876s][info ][safepoint    ] Leaving safepoint region
[169.876s][info ][safepoint    ] Total time for which application threads were stopped: 0.0030542 seconds, Stopping threads took: 0.0000161 seconds
[170.876s][info ][safepoint    ] Application time: 1.0001021 seconds
[170.876s][info ][safepoint    ] Entering safepoint region: Cleanup
[170.876s][info ][safepoint    ] Leaving safepoint region
[170.876s][info ][safepoint    ] Total time for which application threads were stopped: 0.0000932 seconds, Stopping threads took: 0.0000176 seconds
[171.876s][info ][safepoint    ] Application time: 1.0000938 seconds
[171.876s][info ][safepoint    ] Entering safepoint region: Cleanup
[171.876s][info ][safepoint    ] Leaving safepoint region
[171.876s][info ][safepoint    ] Total time for which application threads were stopped: 0.0000829 seconds, Stopping threads took: 0.0000152 seconds
[172.876s][info ][safepoint    ] Application time: 1.0000941 seconds
[172.876s][info ][safepoint    ] Entering safepoint region: Cleanup
[172.876s][info ][safepoint    ] Leaving safepoint region
[172.876s][info ][safepoint    ] Total time for which application threads were stopped: 0.0000700 seconds, Stopping threads took: 0.0000157 seconds
[173.770s][info ][safepoint    ] Application time: 0.8942278 seconds
[173.771s][info ][safepoint    ] Entering safepoint region: GenCollectForAllocation
[173.771s][info ][gc,start     ] GC(141) Pause Young (Allocation Failure)
[173.771s][info ][gc,task      ] GC(141) Using 4 workers of 4 for evacuation
[173.774s][debug][gc,ref       ] GC(141) Skipped phase1 of Reference Processing due to unavailable references
[173.774s][debug][gc,ref       ] GC(141) Skipped phase3 of Reference Processing due to unavailable references
[173.774s][debug][gc,ref       ] GC(141) Skipped phase4 of Reference Processing due to unavailable references
[173.774s][debug][gc,age       ] GC(141) Desired survivor size 15368192 bytes, new threshold 6 (max threshold 6)
[173.774s][info ][gc,heap      ] GC(141) ParNew: 241869K->1565K(270336K)
[173.774s][info ][gc,heap      ] GC(141) CMS: 226951K->227170K(600768K)
[173.774s][info ][gc,metaspace ] GC(141) Metaspace: 56112K->56112K(1099776K)
[173.774s][info ][gc           ] GC(141) Pause Young (Allocation Failure) 457M->223M(850M) 3.199ms
[173.774s][info ][gc,cpu       ] GC(141) User=0.01s Sys=0.00s Real=0.00s
[173.774s][info ][safepoint    ] Leaving safepoint region
[173.774s][info ][safepoint    ] Total time for which application threads were stopped: 0.0033517 seconds, Stopping threads took: 0.0000144 seconds
[174.774s][info ][safepoint    ] Application time: 1.0001032 seconds
[174.774s][info ][safepoint    ] Entering safepoint region: Cleanup
[174.774s][info ][safepoint    ] Leaving safepoint region
[174.774s][info ][safepoint    ] Total time for which application threads were stopped: 0.0000888 seconds, Stopping threads took: 0.0000150 seconds
[175.774s][info ][safepoint    ] Application time: 1.0001634 seconds
[175.774s][info ][safepoint    ] Entering safepoint region: Cleanup
[175.774s][info ][safepoint    ] Leaving safepoint region
[175.774s][info ][safepoint    ] Total time for which application threads were stopped: 0.0000785 seconds, Stopping threads took: 0.0000168 seconds
[176.776s][info ][safepoint    ] Application time: 1.0020601 seconds
[176.776s][info ][safepoint    ] Entering safepoint region: Cleanup
[176.777s][info ][safepoint    ] Leaving safepoint region
[176.777s][info ][safepoint    ] Total time for which application threads were stopped: 0.0000755 seconds, Stopping threads took: 0.0000161 seconds
[177.624s][info ][safepoint    ] Application time: 0.8470554 seconds
[177.624s][info ][safepoint    ] Entering safepoint region: GenCollectForAllocation
[177.624s][info ][gc,start     ] GC(142) Pause Young (Allocation Failure)
[177.624s][info ][gc,task      ] GC(142) Using 4 workers of 4 for evacuation
[177.626s][debug][gc,ref       ] GC(142) Skipped phase1 of Reference Processing due to unavailable references
[177.626s][debug][gc,ref       ] GC(142) Skipped phase3 of Reference Processing due to unavailable references
[177.626s][debug][gc,ref       ] GC(142) Skipped phase4 of Reference Processing due to unavailable references
[177.627s][debug][gc,age       ] GC(142) Desired survivor size 15368192 bytes, new threshold 6 (max threshold 6)
[177.627s][info ][gc,heap      ] GC(142) ParNew: 241885K->1213K(270336K)
[177.627s][info ][gc,heap      ] GC(142) CMS: 227170K->227405K(600768K)
[177.627s][info ][gc,metaspace ] GC(142) Metaspace: 56113K->56113K(1099776K)
[177.627s][info ][gc           ] GC(142) Pause Young (Allocation Failure) 458M->223M(850M) 2.773ms
[177.627s][info ][gc,cpu       ] GC(142) User=0.01s Sys=0.01s Real=0.01s
[177.627s][info ][safepoint    ] Leaving safepoint region
[177.627s][info ][safepoint    ] Total time for which application threads were stopped: 0.0031236 seconds, Stopping threads took: 0.0000149 seconds
[178.627s][info ][safepoint    ] Application time: 1.0000957 seconds
[178.627s][info ][safepoint    ] Entering safepoint region: Cleanup
[178.627s][info ][safepoint    ] Leaving safepoint region
[178.627s][info ][safepoint    ] Total time for which application threads were stopped: 0.0001411 seconds, Stopping threads took: 0.0000703 seconds
[179.627s][info ][safepoint    ] Application time: 1.0000976 seconds
[179.627s][info ][safepoint    ] Entering safepoint region: Cleanup
[179.627s][info ][safepoint    ] Leaving safepoint region
[179.627s][info ][safepoint    ] Total time for which application threads were stopped: 0.0000797 seconds, Stopping threads took: 0.0000149 seconds
[180.627s][info ][safepoint    ] Application time: 1.0000864 seconds
[180.627s][info ][safepoint    ] Entering safepoint region: Cleanup
[180.627s][info ][safepoint    ] Leaving safepoint region
[180.627s][info ][safepoint    ] Total time for which application threads were stopped: 0.0000738 seconds, Stopping threads took: 0.0000155 seconds
[181.422s][info ][safepoint    ] Application time: 0.7949899 seconds
[181.422s][info ][safepoint    ] Entering safepoint region: GenCollectForAllocation
[181.423s][info ][gc,start     ] GC(143) Pause Young (Allocation Failure)
[181.423s][info ][gc,task      ] GC(143) Using 4 workers of 4 for evacuation
[181.425s][debug][gc,ref       ] GC(143) Skipped phase1 of Reference Processing due to unavailable references
[181.425s][debug][gc,ref       ] GC(143) Skipped phase3 of Reference Processing due to unavailable references
[181.425s][debug][gc,ref       ] GC(143) Skipped phase4 of Reference Processing due to unavailable references
[181.425s][debug][gc,age       ] GC(143) Desired survivor size 15368192 bytes, new threshold 6 (max threshold 6)
[181.425s][info ][gc,heap      ] GC(143) ParNew: 241533K->1337K(270336K)
[181.425s][info ][gc,heap      ] GC(143) CMS: 227405K->227488K(600768K)
[181.425s][info ][gc,metaspace ] GC(143) Metaspace: 56117K->56117K(1099776K)
[181.425s][info ][gc           ] GC(143) Pause Young (Allocation Failure) 457M->223M(850M) 2.565ms
[181.425s][info ][gc,cpu       ] GC(143) User=0.01s Sys=0.00s Real=0.00s
[181.425s][info ][safepoint    ] Leaving safepoint region
[181.425s][info ][safepoint    ] Total time for which application threads were stopped: 0.0027088 seconds, Stopping threads took: 0.0000136 seconds
[182.425s][info ][safepoint    ] Application time: 1.0001182 seconds
[182.425s][info ][safepoint    ] Entering safepoint region: Cleanup
[182.425s][info ][safepoint    ] Leaving safepoint region
[182.425s][info ][safepoint    ] Total time for which application threads were stopped: 0.0001275 seconds, Stopping threads took: 0.0000473 seconds
[183.426s][info ][safepoint    ] Application time: 1.0000992 seconds
[183.426s][info ][safepoint    ] Entering safepoint region: Cleanup
[183.426s][info ][safepoint    ] Leaving safepoint region
[183.426s][info ][safepoint    ] Total time for which application threads were stopped: 0.0000647 seconds, Stopping threads took: 0.0000152 seconds
[184.426s][info ][safepoint    ] Application time: 1.0000816 seconds
[184.426s][info ][safepoint    ] Entering safepoint region: Cleanup
[184.426s][info ][safepoint    ] Leaving safepoint region
[184.426s][info ][safepoint    ] Total time for which application threads were stopped: 0.0001029 seconds, Stopping threads took: 0.0000292 seconds
[185.171s][info ][safepoint    ] Application time: 0.7449302 seconds
[185.171s][info ][safepoint    ] Entering safepoint region: GenCollectForAllocation
[185.171s][info ][gc,start     ] GC(144) Pause Young (Allocation Failure)
[185.171s][info ][gc,task      ] GC(144) Using 4 workers of 4 for evacuation
[185.174s][debug][gc,ref       ] GC(144) Skipped phase1 of Reference Processing due to unavailable references
[185.174s][debug][gc,ref       ] GC(144) Skipped phase3 of Reference Processing due to unavailable references
[185.174s][debug][gc,ref       ] GC(144) Skipped phase4 of Reference Processing due to unavailable references
[185.174s][debug][gc,age       ] GC(144) Desired survivor size 15368192 bytes, new threshold 6 (max threshold 6)
[185.174s][info ][gc,heap      ] GC(144) ParNew: 241657K->1308K(270336K)
[185.174s][info ][gc,heap      ] GC(144) CMS: 227488K->227772K(600768K)
[185.174s][info ][gc,metaspace ] GC(144) Metaspace: 56122K->56122K(1099776K)
[185.174s][info ][gc           ] GC(144) Pause Young (Allocation Failure) 458M->223M(850M) 3.207ms
[185.174s][info ][gc,cpu       ] GC(144) User=0.01s Sys=0.00s Real=0.01s
[185.174s][info ][safepoint    ] Leaving safepoint region
[185.174s][info ][safepoint    ] Total time for which application threads were stopped: 0.0033580 seconds, Stopping threads took: 0.0000147 seconds
[186.174s][info ][safepoint    ] Application time: 1.0001151 seconds
[186.174s][info ][safepoint    ] Entering safepoint region: Cleanup
[186.175s][info ][safepoint    ] Leaving safepoint region
[186.175s][info ][safepoint    ] Total time for which application threads were stopped: 0.0001443 seconds, Stopping threads took: 0.0000573 seconds
[187.175s][info ][safepoint    ] Application time: 1.0000921 seconds
[187.175s][info ][safepoint    ] Entering safepoint region: Cleanup
[187.175s][info ][safepoint    ] Leaving safepoint region
[187.175s][info ][safepoint    ] Total time for which application threads were stopped: 0.0001084 seconds, Stopping threads took: 0.0000188 seconds
[188.175s][info ][safepoint    ] Application time: 1.0000489 seconds
[188.175s][info ][safepoint    ] Entering safepoint region: Cleanup
[188.175s][info ][safepoint    ] Leaving safepoint region
[188.175s][info ][safepoint    ] Total time for which application threads were stopped: 0.0000723 seconds, Stopping threads took: 0.0000141 seconds
[188.968s][info ][safepoint    ] Application time: 0.7930157 seconds
[188.968s][info ][safepoint    ] Entering safepoint region: GenCollectForAllocation
[188.968s][info ][gc,start     ] GC(145) Pause Young (Allocation Failure)
[188.968s][info ][gc,task      ] GC(145) Using 4 workers of 4 for evacuation
[188.971s][debug][gc,ref       ] GC(145) Skipped phase1 of Reference Processing due to unavailable references
[188.971s][debug][gc,ref       ] GC(145) Skipped phase3 of Reference Processing due to unavailable references
[188.971s][debug][gc,ref       ] GC(145) Skipped phase4 of Reference Processing due to unavailable references
[188.971s][debug][gc,age       ] GC(145) Desired survivor size 15368192 bytes, new threshold 6 (max threshold 6)
[188.972s][info ][gc,heap      ] GC(145) ParNew: 241628K->1232K(270336K)
[188.972s][info ][gc,heap      ] GC(145) CMS: 227772K->227881K(600768K)
[188.972s][info ][gc,metaspace ] GC(145) Metaspace: 56127K->56127K(1099776K)
[188.972s][info ][gc           ] GC(145) Pause Young (Allocation Failure) 458M->223M(850M) 3.630ms
[188.972s][info ][gc,cpu       ] GC(145) User=0.01s Sys=0.00s Real=0.00s
[188.972s][info ][safepoint    ] Leaving safepoint region
[188.972s][info ][safepoint    ] Total time for which application threads were stopped: 0.0037909 seconds, Stopping threads took: 0.0000157 seconds
[189.972s][info ][safepoint    ] Application time: 1.0000991 seconds
[189.972s][info ][safepoint    ] Entering safepoint region: Cleanup
[189.972s][info ][safepoint    ] Leaving safepoint region
[189.972s][info ][safepoint    ] Total time for which application threads were stopped: 0.0001248 seconds, Stopping threads took: 0.0000597 seconds
[190.972s][info ][safepoint    ] Application time: 1.0000970 seconds
[190.972s][info ][safepoint    ] Entering safepoint region: Cleanup
[190.972s][info ][safepoint    ] Leaving safepoint region
[190.972s][info ][safepoint    ] Total time for which application threads were stopped: 0.0001311 seconds, Stopping threads took: 0.0000726 seconds
[191.972s][info ][safepoint    ] Application time: 1.0000648 seconds
[191.973s][info ][safepoint    ] Entering safepoint region: Cleanup
[191.973s][info ][safepoint    ] Leaving safepoint region
[191.973s][info ][safepoint    ] Total time for which application threads were stopped: 0.0001835 seconds, Stopping threads took: 0.0000757 seconds
[192.717s][info ][safepoint    ] Application time: 0.7448123 seconds
[192.718s][info ][safepoint    ] Entering safepoint region: GenCollectForAllocation
[192.718s][info ][gc,start     ] GC(146) Pause Young (Allocation Failure)
[192.718s][info ][gc,task      ] GC(146) Using 4 workers of 4 for evacuation
[192.720s][debug][gc,ref       ] GC(146) Skipped phase1 of Reference Processing due to unavailable references
[192.720s][debug][gc,ref       ] GC(146) Skipped phase2 of Reference Processing due to unavailable references
[192.720s][debug][gc,ref       ] GC(146) Skipped phase3 of Reference Processing due to unavailable references
[192.720s][debug][gc,ref       ] GC(146) Skipped phase4 of Reference Processing due to unavailable references
[192.720s][debug][gc,age       ] GC(146) Desired survivor size 15368192 bytes, new threshold 6 (max threshold 6)
[192.720s][info ][gc,heap      ] GC(146) ParNew: 241552K->1356K(270336K)
[192.720s][info ][gc,heap      ] GC(146) CMS: 227881K->227966K(600768K)
[192.720s][info ][gc,metaspace ] GC(146) Metaspace: 56127K->56127K(1099776K)
[192.720s][info ][gc           ] GC(146) Pause Young (Allocation Failure) 458M->223M(850M) 2.720ms
[192.720s][info ][gc,cpu       ] GC(146) User=0.01s Sys=0.00s Real=0.00s
[192.720s][info ][safepoint    ] Leaving safepoint region
[192.720s][info ][safepoint    ] Total time for which application threads were stopped: 0.0028758 seconds, Stopping threads took: 0.0000144 seconds
[193.720s][info ][safepoint    ] Application time: 1.0001000 seconds
[193.721s][info ][safepoint    ] Entering safepoint region: Cleanup
[193.721s][info ][safepoint    ] Leaving safepoint region
[193.721s][info ][safepoint    ] Total time for which application threads were stopped: 0.0001344 seconds, Stopping threads took: 0.0000657 seconds
[194.416s][info ][safepoint    ] Application time: 0.6954125 seconds
[194.416s][info ][safepoint    ] Entering safepoint region: Deoptimize
[194.418s][info ][safepoint    ] Leaving safepoint region
[194.418s][info ][safepoint    ] Total time for which application threads were stopped: 0.0016360 seconds, Stopping threads took: 0.0000140 seconds
[195.418s][info ][safepoint    ] Application time: 1.0001141 seconds
[195.418s][info ][safepoint    ] Entering safepoint region: Cleanup
[195.418s][info ][safepoint    ] Leaving safepoint region
[195.418s][info ][safepoint    ] Total time for which application threads were stopped: 0.0001162 seconds, Stopping threads took: 0.0000363 seconds
[196.418s][info ][safepoint    ] Application time: 1.0000970 seconds
[196.418s][info ][safepoint    ] Entering safepoint region: Cleanup
[196.418s][info ][safepoint    ] Leaving safepoint region
[196.418s][info ][safepoint    ] Total time for which application threads were stopped: 0.0001282 seconds, Stopping threads took: 0.0000369 seconds
[196.469s][info ][safepoint    ] Application time: 0.0510345 seconds
[196.469s][info ][safepoint    ] Entering safepoint region: GenCollectForAllocation
[196.469s][info ][gc,start     ] GC(147) Pause Young (Allocation Failure)
[196.470s][info ][gc,task      ] GC(147) Using 4 workers of 4 for evacuation
[196.472s][debug][gc,ref       ] GC(147) Skipped phase1 of Reference Processing due to unavailable references
[196.472s][debug][gc,ref       ] GC(147) Skipped phase3 of Reference Processing due to unavailable references
[196.472s][debug][gc,age       ] GC(147) Desired survivor size 15368192 bytes, new threshold 6 (max threshold 6)
[196.472s][info ][gc,heap      ] GC(147) ParNew: 241676K->848K(270336K)
[196.472s][info ][gc,heap      ] GC(147) CMS: 227966K->228084K(600768K)
[196.472s][info ][gc,metaspace ] GC(147) Metaspace: 56197K->56197K(1099776K)
[196.472s][info ][gc           ] GC(147) Pause Young (Allocation Failure) 458M->223M(850M) 2.605ms
[196.472s][info ][gc,cpu       ] GC(147) User=0.01s Sys=0.00s Real=0.00s
[196.472s][info ][safepoint    ] Leaving safepoint region
[196.472s][info ][safepoint    ] Total time for which application threads were stopped: 0.0027422 seconds, Stopping threads took: 0.0000157 seconds
[197.472s][info ][safepoint    ] Application time: 1.0000884 seconds
[197.472s][info ][safepoint    ] Entering safepoint region: Cleanup
[197.472s][info ][safepoint    ] Leaving safepoint region
[197.472s][info ][safepoint    ] Total time for which application threads were stopped: 0.0001466 seconds, Stopping threads took: 0.0000699 seconds
[198.473s][info ][safepoint    ] Application time: 1.0001015 seconds
[198.473s][info ][safepoint    ] Entering safepoint region: Cleanup
[198.473s][info ][safepoint    ] Leaving safepoint region
[198.473s][info ][safepoint    ] Total time for which application threads were stopped: 0.0001634 seconds, Stopping threads took: 0.0000868 seconds
[199.473s][info ][safepoint    ] Application time: 1.0000994 seconds
[199.473s][info ][safepoint    ] Entering safepoint region: Cleanup
[199.473s][info ][safepoint    ] Leaving safepoint region
[199.473s][info ][safepoint    ] Total time for which application threads were stopped: 0.0001495 seconds, Stopping threads took: 0.0000671 seconds
[200.267s][info ][safepoint    ] Application time: 0.7935551 seconds
[200.267s][info ][safepoint    ] Entering safepoint region: GenCollectForAllocation
[200.267s][info ][gc,start     ] GC(148) Pause Young (Allocation Failure)
[200.267s][info ][gc,task      ] GC(148) Using 4 workers of 4 for evacuation
[200.269s][debug][gc,ref       ] GC(148) Skipped phase1 of Reference Processing due to unavailable references
[200.269s][debug][gc,ref       ] GC(148) Skipped phase3 of Reference Processing due to unavailable references
[200.269s][debug][gc,ref       ] GC(148) Skipped phase4 of Reference Processing due to unavailable references
[200.269s][debug][gc,age       ] GC(148) Desired survivor size 15368192 bytes, new threshold 6 (max threshold 6)
[200.269s][info ][gc,heap      ] GC(148) ParNew: 241168K->1130K(270336K)
[200.269s][info ][gc,heap      ] GC(148) CMS: 228084K->228225K(600768K)
[200.269s][info ][gc,metaspace ] GC(148) Metaspace: 56216K->56216K(1099776K)
[200.269s][info ][gc           ] GC(148) Pause Young (Allocation Failure) 458M->223M(850M) 2.663ms
[200.269s][info ][gc,cpu       ] GC(148) User=0.01s Sys=0.01s Real=0.00s
[200.269s][info ][safepoint    ] Leaving safepoint region
[200.269s][info ][safepoint    ] Total time for which application threads were stopped: 0.0028041 seconds, Stopping threads took: 0.0000143 seconds
[201.269s][info ][safepoint    ] Application time: 1.0000648 seconds
[201.270s][info ][safepoint    ] Entering safepoint region: Cleanup
[201.270s][info ][safepoint    ] Leaving safepoint region
[201.270s][info ][safepoint    ] Total time for which application threads were stopped: 0.0001308 seconds, Stopping threads took: 0.0000494 seconds
[202.270s][info ][safepoint    ] Application time: 1.0000916 seconds
[202.270s][info ][safepoint    ] Entering safepoint region: Cleanup
[202.270s][info ][safepoint    ] Leaving safepoint region
[202.270s][info ][safepoint    ] Total time for which application threads were stopped: 0.0001402 seconds, Stopping threads took: 0.0000604 seconds
[203.270s][info ][safepoint    ] Application time: 1.0000965 seconds
[203.270s][info ][safepoint    ] Entering safepoint region: Cleanup
[203.270s][info ][safepoint    ] Leaving safepoint region
[203.270s][info ][safepoint    ] Total time for which application threads were stopped: 0.0001554 seconds, Stopping threads took: 0.0000700 seconds
[203.965s][info ][safepoint    ] Application time: 0.6948812 seconds
[203.965s][info ][safepoint    ] Entering safepoint region: GenCollectForAllocation
[203.965s][info ][gc,start     ] GC(149) Pause Young (Allocation Failure)
[203.965s][info ][gc,task      ] GC(149) Using 4 workers of 4 for evacuation
[203.968s][debug][gc,ref       ] GC(149) Skipped phase1 of Reference Processing due to unavailable references
[203.968s][debug][gc,ref       ] GC(149) Skipped phase3 of Reference Processing due to unavailable references
[203.968s][debug][gc,ref       ] GC(149) Skipped phase4 of Reference Processing due to unavailable references
[203.968s][debug][gc,age       ] GC(149) Desired survivor size 15368192 bytes, new threshold 6 (max threshold 6)
[203.968s][info ][gc,heap      ] GC(149) ParNew: 241450K->1103K(270336K)
[203.968s][info ][gc,heap      ] GC(149) CMS: 228225K->228306K(600768K)
[203.968s][info ][gc,metaspace ] GC(149) Metaspace: 56225K->56225K(1099776K)
[203.968s][info ][gc           ] GC(149) Pause Young (Allocation Failure) 458M->224M(850M) 2.624ms
[203.968s][info ][gc,cpu       ] GC(149) User=0.01s Sys=0.00s Real=0.01s
[203.968s][info ][safepoint    ] Leaving safepoint region
[203.968s][info ][safepoint    ] Total time for which application threads were stopped: 0.0028172 seconds, Stopping threads took: 0.0000534 seconds
[204.968s][info ][safepoint    ] Application time: 1.0001080 seconds
[204.968s][info ][safepoint    ] Entering safepoint region: Cleanup
[204.968s][info ][safepoint    ] Leaving safepoint region
[204.968s][info ][safepoint    ] Total time for which application threads were stopped: 0.0001654 seconds, Stopping threads took: 0.0000944 seconds
[205.968s][info ][safepoint    ] Application time: 1.0000979 seconds
[205.969s][info ][safepoint    ] Entering safepoint region: Cleanup
[205.969s][info ][safepoint    ] Leaving safepoint region
[205.969s][info ][safepoint    ] Total time for which application threads were stopped: 0.0001453 seconds, Stopping threads took: 0.0000706 seconds
[206.969s][info ][safepoint    ] Application time: 1.0000859 seconds
[206.969s][info ][safepoint    ] Entering safepoint region: Cleanup
[206.969s][info ][safepoint    ] Leaving safepoint region
[206.969s][info ][safepoint    ] Total time for which application threads were stopped: 0.0001312 seconds, Stopping threads took: 0.0000632 seconds
[207.618s][info ][safepoint    ] Application time: 0.6487651 seconds
[207.618s][info ][safepoint    ] Entering safepoint region: GenCollectForAllocation
[207.618s][info ][gc,start     ] GC(150) Pause Young (Allocation Failure)
[207.618s][info ][gc,task      ] GC(150) Using 4 workers of 4 for evacuation
[207.621s][debug][gc,ref       ] GC(150) Skipped phase1 of Reference Processing due to unavailable references
[207.621s][debug][gc,ref       ] GC(150) Skipped phase3 of Reference Processing due to unavailable references
[207.621s][debug][gc,ref       ] GC(150) Skipped phase4 of Reference Processing due to unavailable references
[207.621s][debug][gc,age       ] GC(150) Desired survivor size 15368192 bytes, new threshold 6 (max threshold 6)
[207.621s][info ][gc,heap      ] GC(150) ParNew: 241423K->984K(270336K)
[207.621s][info ][gc,heap      ] GC(150) CMS: 228306K->228528K(600768K)
[207.621s][info ][gc,metaspace ] GC(150) Metaspace: 56233K->56233K(1099776K)
[207.621s][info ][gc           ] GC(150) Pause Young (Allocation Failure) 458M->224M(850M) 3.551ms
[207.621s][info ][gc,cpu       ] GC(150) User=0.01s Sys=0.00s Real=0.00s
[207.621s][info ][safepoint    ] Leaving safepoint region
[207.621s][info ][safepoint    ] Total time for which application threads were stopped: 0.0036936 seconds, Stopping threads took: 0.0000142 seconds
[208.621s][info ][safepoint    ] Application time: 1.0000943 seconds
[208.622s][info ][safepoint    ] Entering safepoint region: Cleanup
[208.622s][info ][safepoint    ] Leaving safepoint region
[208.622s][info ][safepoint    ] Total time for which application threads were stopped: 0.0001669 seconds, Stopping threads took: 0.0000951 seconds
[209.622s][info ][safepoint    ] Application time: 1.0000955 seconds
[209.623s][info ][safepoint    ] Entering safepoint region: Cleanup
[209.623s][info ][safepoint    ] Leaving safepoint region
[209.623s][info ][safepoint    ] Total time for which application threads were stopped: 0.0008039 seconds, Stopping threads took: 0.0007247 seconds
[210.623s][info ][safepoint    ] Application time: 1.0000813 seconds
[210.623s][info ][safepoint    ] Entering safepoint region: Cleanup
[210.623s][info ][safepoint    ] Leaving safepoint region
[210.623s][info ][safepoint    ] Total time for which application threads were stopped: 0.0001469 seconds, Stopping threads took: 0.0000826 seconds
[211.323s][info ][safepoint    ] Application time: 0.6999737 seconds
[211.323s][info ][safepoint    ] Entering safepoint region: GenCollectForAllocation
[211.323s][info ][gc,start     ] GC(151) Pause Young (Allocation Failure)
[211.323s][info ][gc,task      ] GC(151) Using 4 workers of 4 for evacuation
[211.325s][debug][gc,ref       ] GC(151) Skipped phase1 of Reference Processing due to unavailable references
[211.325s][debug][gc,ref       ] GC(151) Skipped phase3 of Reference Processing due to unavailable references
[211.325s][debug][gc,ref       ] GC(151) Skipped phase4 of Reference Processing due to unavailable references
[211.326s][debug][gc,age       ] GC(151) Desired survivor size 15368192 bytes, new threshold 6 (max threshold 6)
[211.326s][info ][gc,heap      ] GC(151) ParNew: 241304K->933K(270336K)
[211.326s][info ][gc,heap      ] GC(151) CMS: 228528K->228589K(600768K)
[211.326s][info ][gc,metaspace ] GC(151) Metaspace: 56243K->56243K(1099776K)
[211.326s][info ][gc           ] GC(151) Pause Young (Allocation Failure) 458M->224M(850M) 2.545ms
[211.326s][info ][gc,cpu       ] GC(151) User=0.01s Sys=0.00s Real=0.00s
[211.326s][info ][safepoint    ] Leaving safepoint region
[211.326s][info ][safepoint    ] Total time for which application threads were stopped: 0.0026933 seconds, Stopping threads took: 0.0000148 seconds
[212.326s][info ][safepoint    ] Application time: 1.0001051 seconds
[212.326s][info ][safepoint    ] Entering safepoint region: Cleanup
[212.326s][info ][safepoint    ] Leaving safepoint region
[212.326s][info ][safepoint    ] Total time for which application threads were stopped: 0.0000730 seconds, Stopping threads took: 0.0000152 seconds
[213.326s][info ][safepoint    ] Application time: 1.0000975 seconds
[213.326s][info ][safepoint    ] Entering safepoint region: Cleanup
[213.326s][info ][safepoint    ] Leaving safepoint region
[213.326s][info ][safepoint    ] Total time for which application threads were stopped: 0.0000860 seconds, Stopping threads took: 0.0000154 seconds
[214.326s][info ][safepoint    ] Application time: 1.0001827 seconds
[214.326s][info ][safepoint    ] Entering safepoint region: Cleanup
[214.326s][info ][safepoint    ] Leaving safepoint region
[214.326s][info ][safepoint    ] Total time for which application threads were stopped: 0.0000852 seconds, Stopping threads took: 0.0000146 seconds
[215.069s][info ][safepoint    ] Application time: 0.7428234 seconds
[215.069s][info ][safepoint    ] Entering safepoint region: GenCollectForAllocation
[215.069s][info ][gc,start     ] GC(152) Pause Young (Allocation Failure)
[215.069s][info ][gc,task      ] GC(152) Using 4 workers of 4 for evacuation
[215.072s][debug][gc,ref       ] GC(152) Skipped phase1 of Reference Processing due to unavailable references
[215.072s][debug][gc,ref       ] GC(152) Skipped phase3 of Reference Processing due to unavailable references
[215.072s][debug][gc,age       ] GC(152) Desired survivor size 15368192 bytes, new threshold 6 (max threshold 6)
[215.072s][info ][gc,heap      ] GC(152) ParNew: 241253K->1063K(270336K)
[215.072s][info ][gc,heap      ] GC(152) CMS: 228589K->228696K(600768K)
[215.072s][info ][gc,metaspace ] GC(152) Metaspace: 56262K->56262K(1099776K)
[215.072s][info ][gc           ] GC(152) Pause Young (Allocation Failure) 458M->224M(850M) 2.664ms
[215.072s][info ][gc,cpu       ] GC(152) User=0.01s Sys=0.00s Real=0.00s
[215.072s][info ][safepoint    ] Leaving safepoint region
[215.072s][info ][safepoint    ] Total time for which application threads were stopped: 0.0028512 seconds, Stopping threads took: 0.0000289 seconds
[216.072s][info ][safepoint    ] Application time: 1.0001069 seconds
[216.072s][info ][safepoint    ] Entering safepoint region: Cleanup
[216.072s][info ][safepoint    ] Leaving safepoint region
[216.072s][info ][safepoint    ] Total time for which application threads were stopped: 0.0001789 seconds, Stopping threads took: 0.0000937 seconds
[217.072s][info ][safepoint    ] Application time: 1.0000700 seconds
[217.073s][info ][safepoint    ] Entering safepoint region: Cleanup
[217.073s][info ][safepoint    ] Leaving safepoint region
[217.073s][info ][safepoint    ] Total time for which application threads were stopped: 0.0001383 seconds, Stopping threads took: 0.0000603 seconds
[218.073s][info ][safepoint    ] Application time: 1.0000922 seconds
[218.073s][info ][safepoint    ] Entering safepoint region: Cleanup
[218.073s][info ][safepoint    ] Leaving safepoint region
[218.073s][info ][safepoint    ] Total time for which application threads were stopped: 0.0001357 seconds, Stopping threads took: 0.0000629 seconds
[218.621s][info ][safepoint    ] Application time: 0.5484006 seconds
[218.621s][info ][safepoint    ] Entering safepoint region: GenCollectForAllocation
[218.621s][info ][gc,start     ] GC(153) Pause Young (Allocation Failure)
[218.621s][info ][gc,task      ] GC(153) Using 4 workers of 4 for evacuation
[218.624s][debug][gc,ref       ] GC(153) Skipped phase1 of Reference Processing due to unavailable references
[218.624s][debug][gc,ref       ] GC(153) Skipped phase3 of Reference Processing due to unavailable references
[218.624s][debug][gc,age       ] GC(153) Desired survivor size 15368192 bytes, new threshold 6 (max threshold 6)
[218.624s][info ][gc,heap      ] GC(153) ParNew: 241383K->1204K(270336K)
[218.624s][info ][gc,heap      ] GC(153) CMS: 228696K->228730K(600768K)
[218.624s][info ][gc,metaspace ] GC(153) Metaspace: 56283K->56283K(1099776K)
[218.624s][info ][gc           ] GC(153) Pause Young (Allocation Failure) 459M->224M(850M) 3.017ms
[218.624s][info ][gc,cpu       ] GC(153) User=0.01s Sys=0.00s Real=0.00s
[218.625s][info ][safepoint    ] Leaving safepoint region
[218.625s][info ][safepoint    ] Total time for which application threads were stopped: 0.0032023 seconds, Stopping threads took: 0.0000251 seconds
[219.625s][info ][safepoint    ] Application time: 1.0000915 seconds
[219.625s][info ][safepoint    ] Entering safepoint region: Cleanup
[219.625s][info ][safepoint    ] Leaving safepoint region
[219.625s][info ][safepoint    ] Total time for which application threads were stopped: 0.0001539 seconds, Stopping threads took: 0.0000786 seconds
[220.625s][info ][safepoint    ] Application time: 1.0000983 seconds
[220.625s][info ][safepoint    ] Entering safepoint region: Cleanup
[220.625s][info ][safepoint    ] Leaving safepoint region
[220.625s][info ][safepoint    ] Total time for which application threads were stopped: 0.0000897 seconds, Stopping threads took: 0.0000149 seconds
[221.625s][info ][safepoint    ] Application time: 1.0002564 seconds
[221.625s][info ][safepoint    ] Entering safepoint region: Cleanup
[221.625s][info ][safepoint    ] Leaving safepoint region
[221.625s][info ][safepoint    ] Total time for which application threads were stopped: 0.0000975 seconds, Stopping threads took: 0.0000433 seconds
[222.217s][info ][safepoint    ] Application time: 0.5919797 seconds
[222.217s][info ][safepoint    ] Entering safepoint region: GenCollectForAllocation
[222.218s][info ][gc,start     ] GC(154) Pause Young (Allocation Failure)
[222.218s][info ][gc,task      ] GC(154) Using 4 workers of 4 for evacuation
[222.223s][debug][gc,ref       ] GC(154) Skipped phase1 of Reference Processing due to unavailable references
[222.223s][debug][gc,ref       ] GC(154) Skipped phase3 of Reference Processing due to unavailable references
[222.223s][debug][gc,ref       ] GC(154) Skipped phase4 of Reference Processing due to unavailable references
[222.223s][debug][gc,age       ] GC(154) Desired survivor size 15368192 bytes, new threshold 6 (max threshold 6)
[222.223s][info ][gc,heap      ] GC(154) ParNew: 241524K->1291K(270336K)
[222.223s][info ][gc,heap      ] GC(154) CMS: 228730K->228771K(600768K)
[222.223s][info ][gc,metaspace ] GC(154) Metaspace: 56287K->56287K(1099776K)
[222.223s][info ][gc           ] GC(154) Pause Young (Allocation Failure) 459M->224M(850M) 5.447ms
[222.223s][info ][gc,cpu       ] GC(154) User=0.02s Sys=0.00s Real=0.00s
[222.223s][info ][safepoint    ] Leaving safepoint region
[222.223s][info ][safepoint    ] Total time for which application threads were stopped: 0.0055975 seconds, Stopping threads took: 0.0000152 seconds
[223.223s][info ][safepoint    ] Application time: 1.0001080 seconds
[223.223s][info ][safepoint    ] Entering safepoint region: Cleanup
[223.223s][info ][safepoint    ] Leaving safepoint region
[223.223s][info ][safepoint    ] Total time for which application threads were stopped: 0.0001364 seconds, Stopping threads took: 0.0000684 seconds
[224.223s][info ][safepoint    ] Application time: 1.0000661 seconds
[224.224s][info ][safepoint    ] Entering safepoint region: Cleanup
[224.224s][info ][safepoint    ] Leaving safepoint region
[224.224s][info ][safepoint    ] Total time for which application threads were stopped: 0.0001289 seconds, Stopping threads took: 0.0000695 seconds
[225.224s][info ][safepoint    ] Application time: 1.0001004 seconds
[225.224s][info ][safepoint    ] Entering safepoint region: Cleanup
[225.224s][info ][safepoint    ] Leaving safepoint region
[225.224s][info ][safepoint    ] Total time for which application threads were stopped: 0.0001383 seconds, Stopping threads took: 0.0000674 seconds
[225.873s][info ][safepoint    ] Application time: 0.6488220 seconds
[225.873s][info ][safepoint    ] Entering safepoint region: GenCollectForAllocation
[225.873s][info ][gc,start     ] GC(155) Pause Young (Allocation Failure)
[225.873s][info ][gc,task      ] GC(155) Using 4 workers of 4 for evacuation
[225.876s][debug][gc,ref       ] GC(155) Skipped phase1 of Reference Processing due to unavailable references
[225.876s][debug][gc,ref       ] GC(155) Skipped phase3 of Reference Processing due to unavailable references
[225.876s][debug][gc,ref       ] GC(155) Skipped phase4 of Reference Processing due to unavailable references
[225.876s][debug][gc,age       ] GC(155) Desired survivor size 15368192 bytes, new threshold 6 (max threshold 6)
[225.876s][info ][gc,heap      ] GC(155) ParNew: 241611K->1239K(270336K)
[225.876s][info ][gc,heap      ] GC(155) CMS: 228771K->229122K(600768K)
[225.876s][info ][gc,metaspace ] GC(155) Metaspace: 56297K->56297K(1099776K)
[225.876s][info ][gc           ] GC(155) Pause Young (Allocation Failure) 459M->224M(850M) 3.495ms
[225.876s][info ][gc,cpu       ] GC(155) User=0.02s Sys=0.00s Real=0.01s
[225.876s][info ][safepoint    ] Leaving safepoint region
[225.876s][info ][safepoint    ] Total time for which application threads were stopped: 0.0036675 seconds, Stopping threads took: 0.0000283 seconds
[226.876s][info ][safepoint    ] Application time: 1.0001015 seconds
[226.877s][info ][safepoint    ] Entering safepoint region: Cleanup
[226.877s][info ][safepoint    ] Leaving safepoint region
[226.877s][info ][safepoint    ] Total time for which application threads were stopped: 0.0000908 seconds, Stopping threads took: 0.0000150 seconds
[227.877s][info ][safepoint    ] Application time: 1.0000628 seconds
[227.877s][info ][safepoint    ] Entering safepoint region: Cleanup
[227.877s][info ][safepoint    ] Leaving safepoint region
[227.877s][info ][safepoint    ] Total time for which application threads were stopped: 0.0000667 seconds, Stopping threads took: 0.0000149 seconds
[228.877s][info ][safepoint    ] Application time: 1.0000653 seconds
[228.877s][info ][safepoint    ] Entering safepoint region: Cleanup
[228.877s][info ][safepoint    ] Leaving safepoint region
[228.877s][info ][safepoint    ] Total time for which application threads were stopped: 0.0000645 seconds, Stopping threads took: 0.0000159 seconds
[229.619s][info ][safepoint    ] Application time: 0.7420020 seconds
[229.619s][info ][safepoint    ] Entering safepoint region: GenCollectForAllocation
[229.619s][info ][gc,start     ] GC(156) Pause Young (Allocation Failure)
[229.619s][info ][gc,task      ] GC(156) Using 4 workers of 4 for evacuation
[229.621s][debug][gc,ref       ] GC(156) Skipped phase1 of Reference Processing due to unavailable references
[229.621s][debug][gc,ref       ] GC(156) Skipped phase3 of Reference Processing due to unavailable references
[229.621s][debug][gc,ref       ] GC(156) Skipped phase4 of Reference Processing due to unavailable references
[229.622s][debug][gc,age       ] GC(156) Desired survivor size 15368192 bytes, new threshold 6 (max threshold 6)
[229.622s][info ][gc,heap      ] GC(156) ParNew: 241559K->1578K(270336K)
[229.622s][info ][gc,heap      ] GC(156) CMS: 229122K->229156K(600768K)
[229.622s][info ][gc,metaspace ] GC(156) Metaspace: 56297K->56297K(1099776K)
[229.622s][info ][gc           ] GC(156) Pause Young (Allocation Failure) 459M->225M(850M) 2.471ms
[229.622s][info ][gc,cpu       ] GC(156) User=0.01s Sys=0.00s Real=0.00s
[229.622s][info ][safepoint    ] Leaving safepoint region
[229.622s][info ][safepoint    ] Total time for which application threads were stopped: 0.0026255 seconds, Stopping threads took: 0.0000145 seconds
[230.622s][info ][safepoint    ] Application time: 1.0001347 seconds
[230.622s][info ][safepoint    ] Entering safepoint region: Cleanup
[230.622s][info ][safepoint    ] Leaving safepoint region
[230.622s][info ][safepoint    ] Total time for which application threads were stopped: 0.0001867 seconds, Stopping threads took: 0.0001174 seconds
[231.622s][info ][safepoint    ] Application time: 1.0001008 seconds
[231.622s][info ][safepoint    ] Entering safepoint region: Cleanup
[231.622s][info ][safepoint    ] Leaving safepoint region
[231.622s][info ][safepoint    ] Total time for which application threads were stopped: 0.0001428 seconds, Stopping threads took: 0.0000650 seconds
[232.622s][info ][safepoint    ] Application time: 1.0000988 seconds
[232.623s][info ][safepoint    ] Entering safepoint region: Cleanup
[232.623s][info ][safepoint    ] Leaving safepoint region
[232.623s][info ][safepoint    ] Total time for which application threads were stopped: 0.0001525 seconds, Stopping threads took: 0.0000846 seconds
[233.416s][info ][safepoint    ] Application time: 0.7929549 seconds
[233.416s][info ][safepoint    ] Entering safepoint region: GenCollectForAllocation
[233.416s][info ][gc,start     ] GC(157) Pause Young (Allocation Failure)
[233.416s][info ][gc,task      ] GC(157) Using 4 workers of 4 for evacuation
[233.418s][debug][gc,ref       ] GC(157) Skipped phase1 of Reference Processing due to unavailable references
[233.418s][debug][gc,ref       ] GC(157) Skipped phase3 of Reference Processing due to unavailable references
[233.418s][debug][gc,ref       ] GC(157) Skipped phase4 of Reference Processing due to unavailable references
[233.418s][debug][gc,age       ] GC(157) Desired survivor size 15368192 bytes, new threshold 6 (max threshold 6)
[233.418s][info ][gc,heap      ] GC(157) ParNew: 241898K->1257K(270336K)
[233.418s][info ][gc,heap      ] GC(157) CMS: 229156K->229235K(600768K)
[233.418s][info ][gc,metaspace ] GC(157) Metaspace: 56297K->56297K(1099776K)
[233.418s][info ][gc           ] GC(157) Pause Young (Allocation Failure) 460M->225M(850M) 2.700ms
[233.418s][info ][gc,cpu       ] GC(157) User=0.01s Sys=0.00s Real=0.00s
[233.418s][info ][safepoint    ] Leaving safepoint region
[233.418s][info ][safepoint    ] Total time for which application threads were stopped: 0.0028351 seconds, Stopping threads took: 0.0000149 seconds
[234.419s][info ][safepoint    ] Application time: 1.0000976 seconds
[234.419s][info ][safepoint    ] Entering safepoint region: Cleanup
[234.419s][info ][safepoint    ] Leaving safepoint region
[234.419s][info ][safepoint    ] Total time for which application threads were stopped: 0.0001301 seconds, Stopping threads took: 0.0000590 seconds
[235.419s][info ][safepoint    ] Application time: 1.0000896 seconds
[235.419s][info ][safepoint    ] Entering safepoint region: Cleanup
[235.419s][info ][safepoint    ] Leaving safepoint region
[235.419s][info ][safepoint    ] Total time for which application threads were stopped: 0.0001289 seconds, Stopping threads took: 0.0000595 seconds
[236.419s][info ][safepoint    ] Application time: 1.0000883 seconds
[236.419s][info ][safepoint    ] Entering safepoint region: Cleanup
[236.419s][info ][safepoint    ] Leaving safepoint region
[236.419s][info ][safepoint    ] Total time for which application threads were stopped: 0.0001572 seconds, Stopping threads took: 0.0000854 seconds
[237.177s][info ][safepoint    ] Application time: 0.7573104 seconds
[237.177s][info ][safepoint    ] Entering safepoint region: GenCollectForAllocation
[237.177s][info ][gc,start     ] GC(158) Pause Young (Allocation Failure)
[237.177s][info ][gc,task      ] GC(158) Using 4 workers of 4 for evacuation
[237.179s][debug][gc,ref       ] GC(158) Skipped phase1 of Reference Processing due to unavailable references
[237.179s][debug][gc,ref       ] GC(158) Skipped phase3 of Reference Processing due to unavailable references
[237.179s][debug][gc,ref       ] GC(158) Skipped phase4 of Reference Processing due to unavailable references
[237.179s][debug][gc,age       ] GC(158) Desired survivor size 15368192 bytes, new threshold 6 (max threshold 6)
[237.179s][info ][gc,heap      ] GC(158) ParNew: 241577K->1444K(270336K)
[237.179s][info ][gc,heap      ] GC(158) CMS: 229235K->229315K(600768K)
[237.179s][info ][gc,metaspace ] GC(158) Metaspace: 56306K->56306K(1099776K)
[237.180s][info ][gc           ] GC(158) Pause Young (Allocation Failure) 459M->225M(850M) 2.824ms
[237.180s][info ][gc,cpu       ] GC(158) User=0.01s Sys=0.00s Real=0.00s
[237.180s][info ][safepoint    ] Leaving safepoint region
[237.180s][info ][safepoint    ] Total time for which application threads were stopped: 0.0029695 seconds, Stopping threads took: 0.0000148 seconds
[238.180s][info ][safepoint    ] Application time: 1.0000829 seconds
[238.180s][info ][safepoint    ] Entering safepoint region: Cleanup
[238.180s][info ][safepoint    ] Leaving safepoint region
[238.180s][info ][safepoint    ] Total time for which application threads were stopped: 0.0000902 seconds, Stopping threads took: 0.0000162 seconds
[239.180s][info ][safepoint    ] Application time: 1.0000692 seconds
[239.180s][info ][safepoint    ] Entering safepoint region: Cleanup
[239.180s][info ][safepoint    ] Leaving safepoint region
[239.180s][info ][safepoint    ] Total time for which application threads were stopped: 0.0000751 seconds, Stopping threads took: 0.0000165 seconds
[240.180s][info ][safepoint    ] Application time: 1.0000897 seconds
[240.180s][info ][safepoint    ] Entering safepoint region: Cleanup
[240.180s][info ][safepoint    ] Leaving safepoint region
[240.180s][info ][safepoint    ] Total time for which application threads were stopped: 0.0000800 seconds, Stopping threads took: 0.0000165 seconds
[240.867s][info ][safepoint    ] Application time: 0.6870074 seconds
[240.867s][info ][safepoint    ] Entering safepoint region: GenCollectForAllocation
[240.867s][info ][gc,start     ] GC(159) Pause Young (Allocation Failure)
[240.867s][info ][gc,task      ] GC(159) Using 4 workers of 4 for evacuation
[240.871s][debug][gc,ref       ] GC(159) Skipped phase1 of Reference Processing due to unavailable references
[240.871s][debug][gc,ref       ] GC(159) Skipped phase2 of Reference Processing due to unavailable references
[240.871s][debug][gc,ref       ] GC(159) Skipped phase3 of Reference Processing due to unavailable references
[240.871s][debug][gc,ref       ] GC(159) Skipped phase4 of Reference Processing due to unavailable references
[240.871s][debug][gc,age       ] GC(159) Desired survivor size 15368192 bytes, new threshold 6 (max threshold 6)
[240.871s][info ][gc,heap      ] GC(159) ParNew: 241764K->1145K(270336K)
[240.871s][info ][gc,heap      ] GC(159) CMS: 229315K->229562K(600768K)
[240.871s][info ][gc,metaspace ] GC(159) Metaspace: 56308K->56308K(1099776K)
[240.871s][info ][gc           ] GC(159) Pause Young (Allocation Failure) 460M->225M(850M) 3.383ms
[240.871s][info ][gc,cpu       ] GC(159) User=0.02s Sys=0.00s Real=0.00s
[240.871s][info ][safepoint    ] Leaving safepoint region
[240.871s][info ][safepoint    ] Total time for which application threads were stopped: 0.0035559 seconds, Stopping threads took: 0.0000142 seconds
[241.871s][info ][safepoint    ] Application time: 1.0000965 seconds
[241.871s][info ][safepoint    ] Entering safepoint region: Cleanup
[241.871s][info ][safepoint    ] Leaving safepoint region
[241.871s][info ][safepoint    ] Total time for which application threads were stopped: 0.0001677 seconds, Stopping threads took: 0.0000798 seconds
[242.871s][info ][safepoint    ] Application time: 1.0000802 seconds
[242.871s][info ][safepoint    ] Entering safepoint region: Cleanup
[242.871s][info ][safepoint    ] Leaving safepoint region
[242.871s][info ][safepoint    ] Total time for which application threads were stopped: 0.0001190 seconds, Stopping threads took: 0.0000598 seconds
[243.871s][info ][safepoint    ] Application time: 1.0000950 seconds
[243.872s][info ][safepoint    ] Entering safepoint region: Cleanup
[243.879s][info ][safepoint    ] Leaving safepoint region
[243.879s][info ][safepoint    ] Total time for which application threads were stopped: 0.0080097 seconds, Stopping threads took: 0.0000596 seconds
[244.666s][info ][safepoint    ] Application time: 0.7867508 seconds
[244.666s][info ][safepoint    ] Entering safepoint region: GenCollectForAllocation
[244.666s][info ][gc,start     ] GC(160) Pause Young (Allocation Failure)
[244.666s][info ][gc,task      ] GC(160) Using 4 workers of 4 for evacuation
[244.669s][debug][gc,ref       ] GC(160) Skipped phase1 of Reference Processing due to unavailable references
[244.669s][debug][gc,ref       ] GC(160) Skipped phase2 of Reference Processing due to unavailable references
[244.669s][debug][gc,ref       ] GC(160) Skipped phase3 of Reference Processing due to unavailable references
[244.669s][debug][gc,ref       ] GC(160) Skipped phase4 of Reference Processing due to unavailable references
[244.669s][debug][gc,age       ] GC(160) Desired survivor size 15368192 bytes, new threshold 6 (max threshold 6)
[244.669s][info ][gc,heap      ] GC(160) ParNew: 241465K->1492K(270336K)
[244.669s][info ][gc,heap      ] GC(160) CMS: 229562K->229654K(600768K)
[244.669s][info ][gc,metaspace ] GC(160) Metaspace: 56308K->56308K(1099776K)
[244.669s][info ][gc           ] GC(160) Pause Young (Allocation Failure) 459M->225M(850M) 2.419ms
[244.669s][info ][gc,cpu       ] GC(160) User=0.01s Sys=0.00s Real=0.00s
[244.669s][info ][safepoint    ] Leaving safepoint region
[244.669s][info ][safepoint    ] Total time for which application threads were stopped: 0.0025609 seconds, Stopping threads took: 0.0000139 seconds
[245.669s][info ][safepoint    ] Application time: 1.0001087 seconds
[245.669s][info ][safepoint    ] Entering safepoint region: Cleanup
[245.669s][info ][safepoint    ] Leaving safepoint region
[245.669s][info ][safepoint    ] Total time for which application threads were stopped: 0.0001303 seconds, Stopping threads took: 0.0000656 seconds
[246.669s][info ][safepoint    ] Application time: 1.0000985 seconds
[246.669s][info ][safepoint    ] Entering safepoint region: Cleanup
[246.669s][info ][safepoint    ] Leaving safepoint region
[246.669s][info ][safepoint    ] Total time for which application threads were stopped: 0.0001337 seconds, Stopping threads took: 0.0000576 seconds
[247.670s][info ][safepoint    ] Application time: 1.0001087 seconds
[247.670s][info ][safepoint    ] Entering safepoint region: Cleanup
[247.670s][info ][safepoint    ] Leaving safepoint region
[247.670s][info ][safepoint    ] Total time for which application threads were stopped: 0.0001160 seconds, Stopping threads took: 0.0000531 seconds
[248.419s][info ][safepoint    ] Application time: 0.7489801 seconds
[248.419s][info ][safepoint    ] Entering safepoint region: GenCollectForAllocation
[248.419s][info ][gc,start     ] GC(161) Pause Young (Allocation Failure)
[248.419s][info ][gc,task      ] GC(161) Using 4 workers of 4 for evacuation
[248.422s][debug][gc,ref       ] GC(161) Skipped phase1 of Reference Processing due to unavailable references
[248.422s][debug][gc,ref       ] GC(161) Skipped phase2 of Reference Processing due to unavailable references
[248.422s][debug][gc,ref       ] GC(161) Skipped phase3 of Reference Processing due to unavailable references
[248.422s][debug][gc,ref       ] GC(161) Skipped phase4 of Reference Processing due to unavailable references
[248.422s][debug][gc,age       ] GC(161) Desired survivor size 15368192 bytes, new threshold 6 (max threshold 6)
[248.422s][info ][gc,heap      ] GC(161) ParNew: 241812K->905K(270336K)
[248.422s][info ][gc,heap      ] GC(161) CMS: 229654K->229886K(600768K)
[248.422s][info ][gc,metaspace ] GC(161) Metaspace: 56309K->56309K(1099776K)
[248.422s][info ][gc           ] GC(161) Pause Young (Allocation Failure) 460M->225M(850M) 3.375ms
[248.422s][info ][gc,cpu       ] GC(161) User=0.01s Sys=0.01s Real=0.00s
[248.422s][info ][safepoint    ] Leaving safepoint region
[248.422s][info ][safepoint    ] Total time for which application threads were stopped: 0.0035182 seconds, Stopping threads took: 0.0000153 seconds
[249.422s][info ][safepoint    ] Application time: 1.0000941 seconds
[249.422s][info ][safepoint    ] Entering safepoint region: Cleanup
[249.422s][info ][safepoint    ] Leaving safepoint region
[249.422s][info ][safepoint    ] Total time for which application threads were stopped: 0.0001418 seconds, Stopping threads took: 0.0000761 seconds
[250.423s][info ][safepoint    ] Application time: 1.0000913 seconds
[250.423s][info ][safepoint    ] Entering safepoint region: Cleanup
[250.423s][info ][safepoint    ] Leaving safepoint region
[250.423s][info ][safepoint    ] Total time for which application threads were stopped: 0.0001663 seconds, Stopping threads took: 0.0000806 seconds
[251.423s][info ][safepoint    ] Application time: 1.0000895 seconds
[251.423s][info ][safepoint    ] Entering safepoint region: Cleanup
[251.423s][info ][safepoint    ] Leaving safepoint region
[251.423s][info ][safepoint    ] Total time for which application threads were stopped: 0.0001532 seconds, Stopping threads took: 0.0000755 seconds
[252.173s][info ][safepoint    ] Application time: 0.7500557 seconds
[252.173s][info ][safepoint    ] Entering safepoint region: GenCollectForAllocation
[252.173s][info ][gc,start     ] GC(162) Pause Young (Allocation Failure)
[252.173s][info ][gc,task      ] GC(162) Using 4 workers of 4 for evacuation
[252.176s][debug][gc,ref       ] GC(162) Skipped phase1 of Reference Processing due to unavailable references
[252.176s][debug][gc,ref       ] GC(162) Skipped phase2 of Reference Processing due to unavailable references
[252.176s][debug][gc,ref       ] GC(162) Skipped phase3 of Reference Processing due to unavailable references
[252.176s][debug][gc,ref       ] GC(162) Skipped phase4 of Reference Processing due to unavailable references
[252.177s][debug][gc,age       ] GC(162) Desired survivor size 15368192 bytes, new threshold 6 (max threshold 6)
[252.177s][info ][gc,heap      ] GC(162) ParNew: 241225K->1416K(270336K)
[252.177s][info ][gc,heap      ] GC(162) CMS: 229886K->229901K(600768K)
[252.177s][info ][gc,metaspace ] GC(162) Metaspace: 56319K->56319K(1099776K)
[252.177s][info ][gc           ] GC(162) Pause Young (Allocation Failure) 460M->225M(850M) 3.392ms
[252.177s][info ][gc,cpu       ] GC(162) User=0.01s Sys=0.00s Real=0.01s
[252.177s][info ][safepoint    ] Leaving safepoint region
[252.177s][info ][safepoint    ] Total time for which application threads were stopped: 0.0035336 seconds, Stopping threads took: 0.0000138 seconds
[253.177s][info ][safepoint    ] Application time: 1.0001131 seconds
[253.177s][info ][safepoint    ] Entering safepoint region: Cleanup
[253.177s][info ][safepoint    ] Leaving safepoint region
[253.177s][info ][safepoint    ] Total time for which application threads were stopped: 0.0000701 seconds, Stopping threads took: 0.0000136 seconds
[254.177s][info ][safepoint    ] Application time: 1.0000933 seconds
[254.177s][info ][safepoint    ] Entering safepoint region: Cleanup
[254.177s][info ][safepoint    ] Leaving safepoint region
[254.177s][info ][safepoint    ] Total time for which application threads were stopped: 0.0000664 seconds, Stopping threads took: 0.0000150 seconds
[255.177s][info ][safepoint    ] Application time: 1.0001193 seconds
[255.177s][info ][safepoint    ] Entering safepoint region: Cleanup
[255.177s][info ][safepoint    ] Leaving safepoint region
[255.177s][info ][safepoint    ] Total time for which application threads were stopped: 0.0000709 seconds, Stopping threads took: 0.0000146 seconds
[255.777s][info ][safepoint    ] Application time: 0.5996020 seconds
[255.777s][info ][safepoint    ] Entering safepoint region: GenCollectForAllocation
[255.777s][info ][gc,start     ] GC(163) Pause Young (Allocation Failure)
[255.777s][info ][gc,task      ] GC(163) Using 4 workers of 4 for evacuation
[255.780s][debug][gc,ref       ] GC(163) Skipped phase1 of Reference Processing due to unavailable references
[255.780s][debug][gc,ref       ] GC(163) Skipped phase2 of Reference Processing due to unavailable references
[255.780s][debug][gc,ref       ] GC(163) Skipped phase3 of Reference Processing due to unavailable references
[255.780s][debug][gc,ref       ] GC(163) Skipped phase4 of Reference Processing due to unavailable references
[255.780s][debug][gc,age       ] GC(163) Desired survivor size 15368192 bytes, new threshold 6 (max threshold 6)
[255.780s][info ][gc,heap      ] GC(163) ParNew: 241736K->1381K(270336K)
[255.780s][info ][gc,heap      ] GC(163) CMS: 229901K->230009K(600768K)
[255.780s][info ][gc,metaspace ] GC(163) Metaspace: 56321K->56321K(1099776K)
[255.780s][info ][gc           ] GC(163) Pause Young (Allocation Failure) 460M->225M(850M) 2.926ms
[255.780s][info ][gc,cpu       ] GC(163) User=0.01s Sys=0.00s Real=0.00s
[255.780s][info ][safepoint    ] Leaving safepoint region
[255.780s][info ][safepoint    ] Total time for which application threads were stopped: 0.0030859 seconds, Stopping threads took: 0.0000162 seconds
[256.780s][info ][safepoint    ] Application time: 1.0000964 seconds
[256.780s][info ][safepoint    ] Entering safepoint region: Cleanup
[256.780s][info ][safepoint    ] Leaving safepoint region
[256.780s][info ][safepoint    ] Total time for which application threads were stopped: 0.0000706 seconds, Stopping threads took: 0.0000167 seconds
[257.780s][info ][safepoint    ] Application time: 1.0000957 seconds
[257.780s][info ][safepoint    ] Entering safepoint region: Cleanup
[257.781s][info ][safepoint    ] Leaving safepoint region
[257.781s][info ][safepoint    ] Total time for which application threads were stopped: 0.0000678 seconds, Stopping threads took: 0.0000152 seconds
[258.781s][info ][safepoint    ] Application time: 1.0000868 seconds
[258.781s][info ][safepoint    ] Entering safepoint region: Cleanup
[258.781s][info ][safepoint    ] Leaving safepoint region
[258.781s][info ][safepoint    ] Total time for which application threads were stopped: 0.0000690 seconds, Stopping threads took: 0.0000153 seconds
[259.215s][info ][safepoint    ] Application time: 0.4344120 seconds
[259.215s][info ][safepoint    ] Entering safepoint region: GenCollectForAllocation
[259.215s][info ][gc,start     ] GC(164) Pause Young (Allocation Failure)
[259.215s][info ][gc,task      ] GC(164) Using 4 workers of 4 for evacuation
[259.218s][debug][gc,ref       ] GC(164) Skipped phase1 of Reference Processing due to unavailable references
[259.218s][debug][gc,ref       ] GC(164) Skipped phase2 of Reference Processing due to unavailable references
[259.218s][debug][gc,ref       ] GC(164) Skipped phase3 of Reference Processing due to unavailable references
[259.218s][debug][gc,ref       ] GC(164) Skipped phase4 of Reference Processing due to unavailable references
[259.218s][debug][gc,age       ] GC(164) Desired survivor size 15368192 bytes, new threshold 6 (max threshold 6)
[259.218s][info ][gc,heap      ] GC(164) ParNew: 241701K->1810K(270336K)
[259.218s][info ][gc,heap      ] GC(164) CMS: 230009K->230114K(600768K)
[259.218s][info ][gc,metaspace ] GC(164) Metaspace: 56322K->56322K(1099776K)
[259.218s][info ][gc           ] GC(164) Pause Young (Allocation Failure) 460M->226M(850M) 2.869ms
[259.218s][info ][gc,cpu       ] GC(164) User=0.01s Sys=0.00s Real=0.00s
[259.218s][info ][safepoint    ] Leaving safepoint region
[259.218s][info ][safepoint    ] Total time for which application threads were stopped: 0.0030979 seconds, Stopping threads took: 0.0000669 seconds
[260.218s][info ][safepoint    ] Application time: 1.0001039 seconds
[260.218s][info ][safepoint    ] Entering safepoint region: Cleanup
[260.219s][info ][safepoint    ] Leaving safepoint region
[260.219s][info ][safepoint    ] Total time for which application threads were stopped: 0.0001498 seconds, Stopping threads took: 0.0000742 seconds
[261.219s][info ][safepoint    ] Application time: 1.0001038 seconds
[261.219s][info ][safepoint    ] Entering safepoint region: Cleanup
[261.219s][info ][safepoint    ] Leaving safepoint region
[261.219s][info ][safepoint    ] Total time for which application threads were stopped: 0.0001291 seconds, Stopping threads took: 0.0000697 seconds
[262.219s][info ][safepoint    ] Application time: 1.0000936 seconds
[262.219s][info ][safepoint    ] Entering safepoint region: Cleanup
[262.219s][info ][safepoint    ] Leaving safepoint region
[262.219s][info ][safepoint    ] Total time for which application threads were stopped: 0.0001263 seconds, Stopping threads took: 0.0000476 seconds
[262.869s][info ][safepoint    ] Application time: 0.6495591 seconds
[262.869s][info ][safepoint    ] Entering safepoint region: GenCollectForAllocation
[262.869s][info ][gc,start     ] GC(165) Pause Young (Allocation Failure)
[262.869s][info ][gc,task      ] GC(165) Using 4 workers of 4 for evacuation
[262.872s][debug][gc,ref       ] GC(165) Skipped phase1 of Reference Processing due to unavailable references
[262.872s][debug][gc,ref       ] GC(165) Skipped phase2 of Reference Processing due to unavailable references
[262.872s][debug][gc,ref       ] GC(165) Skipped phase3 of Reference Processing due to unavailable references
[262.872s][debug][gc,ref       ] GC(165) Skipped phase4 of Reference Processing due to unavailable references
[262.872s][debug][gc,age       ] GC(165) Desired survivor size 15368192 bytes, new threshold 6 (max threshold 6)
[262.872s][info ][gc,heap      ] GC(165) ParNew: 242130K->1662K(270336K)
[262.872s][info ][gc,heap      ] GC(165) CMS: 230114K->230252K(600768K)
[262.872s][info ][gc,metaspace ] GC(165) Metaspace: 56323K->56323K(1099776K)
[262.872s][info ][gc           ] GC(165) Pause Young (Allocation Failure) 461M->226M(850M) 3.004ms
[262.872s][info ][gc,cpu       ] GC(165) User=0.01s Sys=0.00s Real=0.00s
[262.872s][info ][safepoint    ] Leaving safepoint region
[262.872s][info ][safepoint    ] Total time for which application threads were stopped: 0.0031931 seconds, Stopping threads took: 0.0000174 seconds
[263.872s][info ][safepoint    ] Application time: 1.0000930 seconds
[263.872s][info ][safepoint    ] Entering safepoint region: Cleanup
[263.872s][info ][safepoint    ] Leaving safepoint region
[263.872s][info ][safepoint    ] Total time for which application threads were stopped: 0.0001772 seconds, Stopping threads took: 0.0001041 seconds
[264.872s][info ][safepoint    ] Application time: 1.0000888 seconds
[264.872s][info ][safepoint    ] Entering safepoint region: Cleanup
[264.872s][info ][safepoint    ] Leaving safepoint region
[264.872s][info ][safepoint    ] Total time for which application threads were stopped: 0.0001505 seconds, Stopping threads took: 0.0000763 seconds
[265.873s][info ][safepoint    ] Application time: 1.0000997 seconds
[265.873s][info ][safepoint    ] Entering safepoint region: Cleanup
[265.873s][info ][safepoint    ] Leaving safepoint region
[265.873s][info ][safepoint    ] Total time for which application threads were stopped: 0.0002043 seconds, Stopping threads took: 0.0001371 seconds
[266.621s][info ][safepoint    ] Application time: 0.7478712 seconds
[266.621s][info ][safepoint    ] Entering safepoint region: GenCollectForAllocation
[266.621s][info ][gc,start     ] GC(166) Pause Young (Allocation Failure)
[266.622s][info ][gc,task      ] GC(166) Using 4 workers of 4 for evacuation
[266.625s][debug][gc,ref       ] GC(166) Skipped phase1 of Reference Processing due to unavailable references
[266.625s][debug][gc,ref       ] GC(166) Skipped phase2 of Reference Processing due to unavailable references
[266.625s][debug][gc,ref       ] GC(166) Skipped phase3 of Reference Processing due to unavailable references
[266.625s][debug][gc,ref       ] GC(166) Skipped phase4 of Reference Processing due to unavailable references
[266.625s][debug][gc,age       ] GC(166) Desired survivor size 15368192 bytes, new threshold 6 (max threshold 6)
[266.625s][info ][gc,heap      ] GC(166) ParNew: 241982K->1884K(270336K)
[266.625s][info ][gc,heap      ] GC(166) CMS: 230252K->230316K(600768K)
[266.625s][info ][gc,metaspace ] GC(166) Metaspace: 56326K->56326K(1099776K)
[266.625s][info ][gc           ] GC(166) Pause Young (Allocation Failure) 461M->226M(850M) 4.122ms
[266.625s][info ][gc,cpu       ] GC(166) User=0.02s Sys=0.00s Real=0.00s
[266.625s][info ][safepoint    ] Leaving safepoint region
[266.625s][info ][safepoint    ] Total time for which application threads were stopped: 0.0042763 seconds, Stopping threads took: 0.0000167 seconds
[267.625s][info ][safepoint    ] Application time: 1.0000995 seconds
[267.625s][info ][safepoint    ] Entering safepoint region: Cleanup
[267.625s][info ][safepoint    ] Leaving safepoint region
[267.625s][info ][safepoint    ] Total time for which application threads were stopped: 0.0000676 seconds, Stopping threads took: 0.0000137 seconds
[268.625s][info ][safepoint    ] Application time: 1.0000888 seconds
[268.625s][info ][safepoint    ] Entering safepoint region: Cleanup
[268.625s][info ][safepoint    ] Leaving safepoint region
[268.625s][info ][safepoint    ] Total time for which application threads were stopped: 0.0000669 seconds, Stopping threads took: 0.0000149 seconds
[269.625s][info ][safepoint    ] Application time: 1.0000664 seconds
[269.626s][info ][safepoint    ] Entering safepoint region: Cleanup
[269.626s][info ][safepoint    ] Leaving safepoint region
[269.626s][info ][safepoint    ] Total time for which application threads were stopped: 0.0000982 seconds, Stopping threads took: 0.0000151 seconds
[270.324s][info ][safepoint    ] Application time: 0.6983512 seconds
[270.324s][info ][safepoint    ] Entering safepoint region: GenCollectForAllocation
[270.324s][info ][gc,start     ] GC(167) Pause Young (Allocation Failure)
[270.324s][info ][gc,task      ] GC(167) Using 4 workers of 4 for evacuation
[270.327s][debug][gc,ref       ] GC(167) Skipped phase1 of Reference Processing due to unavailable references
[270.327s][debug][gc,ref       ] GC(167) Skipped phase2 of Reference Processing due to unavailable references
[270.327s][debug][gc,ref       ] GC(167) Skipped phase3 of Reference Processing due to unavailable references
[270.327s][debug][gc,ref       ] GC(167) Skipped phase4 of Reference Processing due to unavailable references
[270.327s][debug][gc,age       ] GC(167) Desired survivor size 15368192 bytes, new threshold 6 (max threshold 6)
[270.327s][info ][gc,heap      ] GC(167) ParNew: 242204K->2234K(270336K)
[270.327s][info ][gc,heap      ] GC(167) CMS: 230316K->230420K(600768K)
[270.327s][info ][gc,metaspace ] GC(167) Metaspace: 56328K->56328K(1099776K)
[270.327s][info ][gc           ] GC(167) Pause Young (Allocation Failure) 461M->227M(850M) 3.028ms
[270.327s][info ][gc,cpu       ] GC(167) User=0.01s Sys=0.00s Real=0.01s
[270.327s][info ][safepoint    ] Leaving safepoint region
[270.327s][info ][safepoint    ] Total time for which application threads were stopped: 0.0031753 seconds, Stopping threads took: 0.0000152 seconds
[271.327s][info ][safepoint    ] Application time: 1.0001007 seconds
[271.327s][info ][safepoint    ] Entering safepoint region: Cleanup
[271.327s][info ][safepoint    ] Leaving safepoint region
[271.327s][info ][safepoint    ] Total time for which application threads were stopped: 0.0000907 seconds, Stopping threads took: 0.0000146 seconds
[272.328s][info ][safepoint    ] Application time: 1.0000946 seconds
[272.328s][info ][safepoint    ] Entering safepoint region: Cleanup
[272.328s][info ][safepoint    ] Leaving safepoint region
[272.328s][info ][safepoint    ] Total time for which application threads were stopped: 0.0000779 seconds, Stopping threads took: 0.0000166 seconds
[273.328s][info ][safepoint    ] Application time: 1.0000645 seconds
[273.328s][info ][safepoint    ] Entering safepoint region: Cleanup
[273.328s][info ][safepoint    ] Leaving safepoint region
[273.328s][info ][safepoint    ] Total time for which application threads were stopped: 0.0000785 seconds, Stopping threads took: 0.0000143 seconds
[273.968s][info ][safepoint    ] Application time: 0.6396955 seconds
[273.968s][info ][safepoint    ] Entering safepoint region: GenCollectForAllocation
[273.968s][info ][gc,start     ] GC(168) Pause Young (Allocation Failure)
[273.968s][info ][gc,task      ] GC(168) Using 4 workers of 4 for evacuation
[273.971s][debug][gc,ref       ] GC(168) Skipped phase1 of Reference Processing due to unavailable references
[273.971s][debug][gc,ref       ] GC(168) Skipped phase2 of Reference Processing due to unavailable references
[273.971s][debug][gc,ref       ] GC(168) Skipped phase3 of Reference Processing due to unavailable references
[273.971s][debug][gc,ref       ] GC(168) Skipped phase4 of Reference Processing due to unavailable references
[273.971s][debug][gc,age       ] GC(168) Desired survivor size 15368192 bytes, new threshold 6 (max threshold 6)
[273.971s][info ][gc,heap      ] GC(168) ParNew: 242554K->3354K(270336K)
[273.971s][info ][gc,heap      ] GC(168) CMS: 230420K->230529K(600768K)
[273.971s][info ][gc,metaspace ] GC(168) Metaspace: 56331K->56331K(1099776K)
[273.971s][info ][gc           ] GC(168) Pause Young (Allocation Failure) 461M->228M(850M) 3.475ms
[273.971s][info ][gc,cpu       ] GC(168) User=0.01s Sys=0.00s Real=0.00s
[273.971s][info ][safepoint    ] Leaving safepoint region
[273.971s][info ][safepoint    ] Total time for which application threads were stopped: 0.0036551 seconds, Stopping threads took: 0.0000140 seconds
[274.971s][info ][safepoint    ] Application time: 1.0001250 seconds
[274.971s][info ][safepoint    ] Entering safepoint region: Cleanup
[274.971s][info ][safepoint    ] Leaving safepoint region
[274.971s][info ][safepoint    ] Total time for which application threads were stopped: 0.0001189 seconds, Stopping threads took: 0.0000523 seconds
[275.972s][info ][safepoint    ] Application time: 1.0001078 seconds
[275.972s][info ][safepoint    ] Entering safepoint region: Cleanup
[275.972s][info ][safepoint    ] Leaving safepoint region
[275.972s][info ][safepoint    ] Total time for which application threads were stopped: 0.0002286 seconds, Stopping threads took: 0.0001491 seconds
[276.972s][info ][safepoint    ] Application time: 1.0001175 seconds
[276.972s][info ][safepoint    ] Entering safepoint region: Cleanup
[276.972s][info ][safepoint    ] Leaving safepoint region
[276.972s][info ][safepoint    ] Total time for which application threads were stopped: 0.0001144 seconds, Stopping threads took: 0.0000376 seconds
[277.564s][info ][safepoint    ] Application time: 0.5920725 seconds
[277.564s][info ][safepoint    ] Entering safepoint region: GenCollectForAllocation
[277.564s][info ][gc,start     ] GC(169) Pause Young (Allocation Failure)
[277.564s][info ][gc,task      ] GC(169) Using 4 workers of 4 for evacuation
[277.568s][debug][gc,ref       ] GC(169) Skipped phase1 of Reference Processing due to unavailable references
[277.568s][debug][gc,ref       ] GC(169) Skipped phase3 of Reference Processing due to unavailable references
[277.568s][debug][gc,age       ] GC(169) Desired survivor size 15368192 bytes, new threshold 6 (max threshold 6)
[277.568s][info ][gc,heap      ] GC(169) ParNew: 243674K->3899K(270336K)
[277.568s][info ][gc,heap      ] GC(169) CMS: 230529K->230604K(600768K)
[277.568s][info ][gc,metaspace ] GC(169) Metaspace: 56344K->56344K(1099776K)
[277.568s][info ][gc           ] GC(169) Pause Young (Allocation Failure) 463M->229M(850M) 3.347ms
[277.568s][info ][gc,cpu       ] GC(169) User=0.01s Sys=0.00s Real=0.01s
[277.568s][info ][safepoint    ] Leaving safepoint region
[277.568s][info ][safepoint    ] Total time for which application threads were stopped: 0.0034877 seconds, Stopping threads took: 0.0000146 seconds
[278.568s][info ][safepoint    ] Application time: 1.0001075 seconds
[278.568s][info ][safepoint    ] Entering safepoint region: Cleanup
[278.568s][info ][safepoint    ] Leaving safepoint region
[278.568s][info ][safepoint    ] Total time for which application threads were stopped: 0.0001278 seconds, Stopping threads took: 0.0000554 seconds
[279.568s][info ][safepoint    ] Application time: 1.0001571 seconds
[279.568s][info ][safepoint    ] Entering safepoint region: Cleanup
[279.568s][info ][safepoint    ] Leaving safepoint region
[279.568s][info ][safepoint    ] Total time for which application threads were stopped: 0.0002320 seconds, Stopping threads took: 0.0001410 seconds
[280.569s][info ][safepoint    ] Application time: 1.0001639 seconds
[280.569s][info ][safepoint    ] Entering safepoint region: Cleanup
[280.569s][info ][safepoint    ] Leaving safepoint region
[280.569s][info ][safepoint    ] Total time for which application threads were stopped: 0.0001102 seconds, Stopping threads took: 0.0000411 seconds
[281.173s][info ][safepoint    ] Application time: 0.6041508 seconds
[281.173s][info ][safepoint    ] Entering safepoint region: GenCollectForAllocation
[281.173s][info ][gc,start     ] GC(170) Pause Young (Allocation Failure)
[281.173s][info ][gc,task      ] GC(170) Using 4 workers of 4 for evacuation
[281.176s][debug][gc,ref       ] GC(170) Skipped phase1 of Reference Processing due to unavailable references
[281.176s][debug][gc,ref       ] GC(170) Skipped phase3 of Reference Processing due to unavailable references
[281.176s][debug][gc,ref       ] GC(170) Skipped phase4 of Reference Processing due to unavailable references
[281.176s][debug][gc,age       ] GC(170) Desired survivor size 15368192 bytes, new threshold 6 (max threshold 6)
[281.176s][info ][gc,heap      ] GC(170) ParNew: 244219K->4401K(270336K)
[281.176s][info ][gc,heap      ] GC(170) CMS: 230604K->230722K(600768K)
[281.176s][info ][gc,metaspace ] GC(170) Metaspace: 56344K->56344K(1099776K)
[281.177s][info ][gc           ] GC(170) Pause Young (Allocation Failure) 463M->229M(850M) 3.414ms
[281.177s][info ][gc,cpu       ] GC(170) User=0.02s Sys=0.00s Real=0.01s
[281.177s][info ][safepoint    ] Leaving safepoint region
[281.177s][info ][safepoint    ] Total time for which application threads were stopped: 0.0035746 seconds, Stopping threads took: 0.0000156 seconds
[282.177s][info ][safepoint    ] Application time: 1.0000948 seconds
[282.177s][info ][safepoint    ] Entering safepoint region: Cleanup
[282.177s][info ][safepoint    ] Leaving safepoint region
[282.177s][info ][safepoint    ] Total time for which application threads were stopped: 0.0000742 seconds, Stopping threads took: 0.0000147 seconds
[283.177s][info ][safepoint    ] Application time: 1.0000936 seconds
[283.177s][info ][safepoint    ] Entering safepoint region: Cleanup
[283.177s][info ][safepoint    ] Leaving safepoint region
[283.177s][info ][safepoint    ] Total time for which application threads were stopped: 0.0000738 seconds, Stopping threads took: 0.0000149 seconds
[284.177s][info ][safepoint    ] Application time: 1.0000920 seconds
[284.177s][info ][safepoint    ] Entering safepoint region: Cleanup
[284.177s][info ][safepoint    ] Leaving safepoint region
[284.177s][info ][safepoint    ] Total time for which application threads were stopped: 0.0001265 seconds, Stopping threads took: 0.0000670 seconds
[284.873s][info ][safepoint    ] Application time: 0.6958668 seconds
[284.873s][info ][safepoint    ] Entering safepoint region: GenCollectForAllocation
[284.873s][info ][gc,start     ] GC(171) Pause Young (Allocation Failure)
[284.873s][info ][gc,task      ] GC(171) Using 4 workers of 4 for evacuation
[284.877s][debug][gc,ref       ] GC(171) Skipped phase1 of Reference Processing due to unavailable references
[284.877s][debug][gc,ref       ] GC(171) Skipped phase3 of Reference Processing due to unavailable references
[284.877s][debug][gc,ref       ] GC(171) Skipped phase4 of Reference Processing due to unavailable references
[284.877s][debug][gc,age       ] GC(171) Desired survivor size 15368192 bytes, new threshold 6 (max threshold 6)
[284.877s][info ][gc,heap      ] GC(171) ParNew: 244721K->3285K(270336K)
[284.877s][info ][gc,heap      ] GC(171) CMS: 230722K->230790K(600768K)
[284.877s][info ][gc,metaspace ] GC(171) Metaspace: 56345K->56345K(1099776K)
[284.877s][info ][gc           ] GC(171) Pause Young (Allocation Failure) 464M->228M(850M) 3.528ms
[284.877s][info ][gc,cpu       ] GC(171) User=0.02s Sys=0.00s Real=0.01s
[284.877s][info ][safepoint    ] Leaving safepoint region
[284.877s][info ][safepoint    ] Total time for which application threads were stopped: 0.0036768 seconds, Stopping threads took: 0.0000142 seconds
[285.877s][info ][safepoint    ] Application time: 1.0001138 seconds
[285.877s][info ][safepoint    ] Entering safepoint region: Cleanup
[285.877s][info ][safepoint    ] Leaving safepoint region
[285.877s][info ][safepoint    ] Total time for which application threads were stopped: 0.0000755 seconds, Stopping threads took: 0.0000150 seconds
[286.877s][info ][safepoint    ] Application time: 1.0001022 seconds
[286.877s][info ][safepoint    ] Entering safepoint region: Cleanup
[286.877s][info ][safepoint    ] Leaving safepoint region
[286.877s][info ][safepoint    ] Total time for which application threads were stopped: 0.0000741 seconds, Stopping threads took: 0.0000163 seconds
[287.877s][info ][safepoint    ] Application time: 1.0001046 seconds
[287.877s][info ][safepoint    ] Entering safepoint region: Cleanup
[287.878s][info ][safepoint    ] Leaving safepoint region
[287.878s][info ][safepoint    ] Total time for which application threads were stopped: 0.0001196 seconds, Stopping threads took: 0.0000505 seconds
[288.515s][info ][safepoint    ] Application time: 0.6378897 seconds
[288.515s][info ][safepoint    ] Entering safepoint region: GenCollectForAllocation
[288.516s][info ][gc,start     ] GC(172) Pause Young (Allocation Failure)
[288.516s][info ][gc,task      ] GC(172) Using 4 workers of 4 for evacuation
[288.522s][debug][gc,ref       ] GC(172) Skipped phase1 of Reference Processing due to unavailable references
[288.522s][debug][gc,ref       ] GC(172) Skipped phase3 of Reference Processing due to unavailable references
[288.522s][debug][gc,ref       ] GC(172) Skipped phase4 of Reference Processing due to unavailable references
[288.522s][debug][gc,age       ] GC(172) Desired survivor size 15368192 bytes, new threshold 6 (max threshold 6)
[288.522s][info ][gc,heap      ] GC(172) ParNew: 243605K->4612K(270336K)
[288.522s][info ][gc,heap      ] GC(172) CMS: 230790K->230861K(600768K)
[288.522s][info ][gc,metaspace ] GC(172) Metaspace: 56347K->56347K(1099776K)
[288.522s][info ][gc           ] GC(172) Pause Young (Allocation Failure) 463M->229M(850M) 6.271ms
[288.522s][info ][gc,cpu       ] GC(172) User=0.02s Sys=0.00s Real=0.00s
[288.522s][info ][safepoint    ] Leaving safepoint region
[288.522s][info ][safepoint    ] Total time for which application threads were stopped: 0.0064484 seconds, Stopping threads took: 0.0000149 seconds
[289.522s][info ][safepoint    ] Application time: 1.0000800 seconds
[289.522s][info ][safepoint    ] Entering safepoint region: Cleanup
[289.522s][info ][safepoint    ] Leaving safepoint region
[289.522s][info ][safepoint    ] Total time for which application threads were stopped: 0.0001694 seconds, Stopping threads took: 0.0000682 seconds
[290.522s][info ][safepoint    ] Application time: 1.0000986 seconds
[290.522s][info ][safepoint    ] Entering safepoint region: Cleanup
[290.523s][info ][safepoint    ] Leaving safepoint region
[290.523s][info ][safepoint    ] Total time for which application threads were stopped: 0.0001793 seconds, Stopping threads took: 0.0000633 seconds
[291.523s][info ][safepoint    ] Application time: 1.0001456 seconds
[291.523s][info ][safepoint    ] Entering safepoint region: Cleanup
[291.523s][info ][safepoint    ] Leaving safepoint region
[291.523s][info ][safepoint    ] Total time for which application threads were stopped: 0.0001424 seconds, Stopping threads took: 0.0000640 seconds
[292.072s][info ][safepoint    ] Application time: 0.5490063 seconds
[292.072s][info ][safepoint    ] Entering safepoint region: GenCollectForAllocation
[292.072s][info ][gc,start     ] GC(173) Pause Young (Allocation Failure)
[292.072s][info ][gc,task      ] GC(173) Using 4 workers of 4 for evacuation
[292.076s][debug][gc,ref       ] GC(173) Skipped phase1 of Reference Processing due to unavailable references
[292.076s][debug][gc,ref       ] GC(173) Skipped phase3 of Reference Processing due to unavailable references
[292.076s][debug][gc,ref       ] GC(173) Skipped phase4 of Reference Processing due to unavailable references
[292.076s][debug][gc,age       ] GC(173) Desired survivor size 15368192 bytes, new threshold 6 (max threshold 6)
[292.076s][info ][gc,heap      ] GC(173) ParNew: 244932K->4857K(270336K)
[292.076s][info ][gc,heap      ] GC(173) CMS: 230861K->231117K(600768K)
[292.076s][info ][gc,metaspace ] GC(173) Metaspace: 56347K->56347K(1099776K)
[292.076s][info ][gc           ] GC(173) Pause Young (Allocation Failure) 464M->230M(850M) 4.207ms
[292.076s][info ][gc,cpu       ] GC(173) User=0.02s Sys=0.00s Real=0.01s
[292.076s][info ][safepoint    ] Leaving safepoint region
[292.076s][info ][safepoint    ] Total time for which application threads were stopped: 0.0043649 seconds, Stopping threads took: 0.0000145 seconds
[293.076s][info ][safepoint    ] Application time: 1.0000929 seconds
[293.076s][info ][safepoint    ] Entering safepoint region: Cleanup
[293.077s][info ][safepoint    ] Leaving safepoint region
[293.077s][info ][safepoint    ] Total time for which application threads were stopped: 0.0000877 seconds, Stopping threads took: 0.0000174 seconds
[293.715s][info ][safepoint    ] Application time: 0.6386232 seconds
[293.715s][info ][safepoint    ] Entering safepoint region: Deoptimize
[293.717s][info ][safepoint    ] Leaving safepoint region
[293.717s][info ][safepoint    ] Total time for which application threads were stopped: 0.0017042 seconds, Stopping threads took: 0.0000267 seconds
[294.717s][info ][safepoint    ] Application time: 1.0001102 seconds
[294.717s][info ][safepoint    ] Entering safepoint region: Cleanup
[294.717s][info ][safepoint    ] Leaving safepoint region
[294.717s][info ][safepoint    ] Total time for which application threads were stopped: 0.0001533 seconds, Stopping threads took: 0.0000503 seconds
[295.717s][info ][safepoint    ] Application time: 1.0000934 seconds
[295.717s][info ][safepoint    ] Entering safepoint region: Cleanup
[295.717s][info ][safepoint    ] Leaving safepoint region
[295.717s][info ][safepoint    ] Total time for which application threads were stopped: 0.0001571 seconds, Stopping threads took: 0.0000679 seconds
[295.759s][info ][safepoint    ] Application time: 0.0417933 seconds
[295.759s][info ][safepoint    ] Entering safepoint region: GenCollectForAllocation
[295.759s][info ][gc,start     ] GC(174) Pause Young (Allocation Failure)
[295.759s][info ][gc,task      ] GC(174) Using 4 workers of 4 for evacuation
[295.764s][debug][gc,ref       ] GC(174) Skipped phase1 of Reference Processing due to unavailable references
[295.764s][debug][gc,ref       ] GC(174) Skipped phase3 of Reference Processing due to unavailable references
[295.764s][debug][gc,age       ] GC(174) Desired survivor size 15368192 bytes, new threshold 6 (max threshold 6)
[295.764s][info ][gc,heap      ] GC(174) ParNew: 245177K->4712K(270336K)
[295.764s][info ][gc,heap      ] GC(174) CMS: 231117K->231506K(600768K)
[295.764s][info ][gc,metaspace ] GC(174) Metaspace: 56386K->56386K(1099776K)
[295.764s][info ][gc           ] GC(174) Pause Young (Allocation Failure) 465M->230M(850M) 4.513ms
[295.764s][info ][gc,cpu       ] GC(174) User=0.02s Sys=0.00s Real=0.00s
[295.764s][info ][safepoint    ] Leaving safepoint region
[295.764s][info ][safepoint    ] Total time for which application threads were stopped: 0.0046812 seconds, Stopping threads took: 0.0000154 seconds
[296.764s][info ][safepoint    ] Application time: 1.0001097 seconds
[296.764s][info ][safepoint    ] Entering safepoint region: Cleanup
[296.764s][info ][safepoint    ] Leaving safepoint region
[296.764s][info ][safepoint    ] Total time for which application threads were stopped: 0.0001426 seconds, Stopping threads took: 0.0000433 seconds
[297.764s][info ][safepoint    ] Application time: 1.0000928 seconds
[297.764s][info ][safepoint    ] Entering safepoint region: Cleanup
[297.765s][info ][safepoint    ] Leaving safepoint region
[297.765s][info ][safepoint    ] Total time for which application threads were stopped: 0.0001255 seconds, Stopping threads took: 0.0000498 seconds
[298.765s][info ][safepoint    ] Application time: 1.0000684 seconds
[298.765s][info ][safepoint    ] Entering safepoint region: Cleanup
[298.765s][info ][safepoint    ] Leaving safepoint region
[298.765s][info ][safepoint    ] Total time for which application threads were stopped: 0.0001193 seconds, Stopping threads took: 0.0000508 seconds
[299.223s][info ][safepoint    ] Application time: 0.4582971 seconds
[299.223s][info ][safepoint    ] Entering safepoint region: GenCollectForAllocation
[299.223s][info ][gc,start     ] GC(175) Pause Young (Allocation Failure)
[299.223s][info ][gc,task      ] GC(175) Using 4 workers of 4 for evacuation
[299.228s][debug][gc,ref       ] GC(175) Skipped phase1 of Reference Processing due to unavailable references
[299.228s][debug][gc,ref       ] GC(175) Skipped phase3 of Reference Processing due to unavailable references
[299.228s][debug][gc,ref       ] GC(175) Skipped phase4 of Reference Processing due to unavailable references
[299.228s][debug][gc,age       ] GC(175) Desired survivor size 15368192 bytes, new threshold 6 (max threshold 6)
[299.228s][info ][gc,heap      ] GC(175) ParNew: 245032K->6430K(270336K)
[299.228s][info ][gc,heap      ] GC(175) CMS: 231506K->231824K(600768K)
[299.228s][info ][gc,metaspace ] GC(175) Metaspace: 56393K->56393K(1099776K)
[299.228s][info ][gc           ] GC(175) Pause Young (Allocation Failure) 465M->232M(850M) 5.267ms
[299.229s][info ][gc,cpu       ] GC(175) User=0.02s Sys=0.00s Real=0.01s
[299.229s][info ][safepoint    ] Leaving safepoint region
[299.229s][info ][safepoint    ] Total time for which application threads were stopped: 0.0054209 seconds, Stopping threads took: 0.0000152 seconds
[300.229s][info ][safepoint    ] Application time: 1.0000984 seconds
[300.229s][info ][safepoint    ] Entering safepoint region: Cleanup
[300.229s][info ][safepoint    ] Leaving safepoint region
[300.229s][info ][safepoint    ] Total time for which application threads were stopped: 0.0000999 seconds, Stopping threads took: 0.0000270 seconds
[301.229s][info ][safepoint    ] Application time: 1.0001034 seconds
[301.229s][info ][safepoint    ] Entering safepoint region: Cleanup
[301.229s][info ][safepoint    ] Leaving safepoint region
[301.229s][info ][safepoint    ] Total time for which application threads were stopped: 0.0000987 seconds, Stopping threads took: 0.0000149 seconds
[302.229s][info ][safepoint    ] Application time: 1.0000719 seconds
[302.229s][info ][safepoint    ] Entering safepoint region: Cleanup
[302.229s][info ][safepoint    ] Leaving safepoint region
[302.229s][info ][safepoint    ] Total time for which application threads were stopped: 0.0002440 seconds, Stopping threads took: 0.0000163 seconds
[302.668s][info ][safepoint    ] Application time: 0.4384015 seconds
[302.668s][info ][safepoint    ] Entering safepoint region: GenCollectForAllocation
[302.668s][info ][gc,start     ] GC(176) Pause Young (Allocation Failure)
[302.668s][info ][gc,task      ] GC(176) Using 4 workers of 4 for evacuation
[302.672s][debug][gc,ref       ] GC(176) Skipped phase1 of Reference Processing due to unavailable references
[302.672s][debug][gc,ref       ] GC(176) Skipped phase3 of Reference Processing due to unavailable references
[302.672s][debug][gc,age       ] GC(176) Desired survivor size 15368192 bytes, new threshold 6 (max threshold 6)
[302.672s][info ][gc,heap      ] GC(176) ParNew: 246750K->6585K(270336K)
[302.672s][info ][gc,heap      ] GC(176) CMS: 231824K->231967K(600768K)
[302.672s][info ][gc,metaspace ] GC(176) Metaspace: 56430K->56430K(1099776K)
[302.672s][info ][gc           ] GC(176) Pause Young (Allocation Failure) 467M->232M(850M) 4.049ms
[302.672s][info ][gc,cpu       ] GC(176) User=0.02s Sys=0.01s Real=0.00s
[302.672s][info ][safepoint    ] Leaving safepoint region
[302.672s][info ][safepoint    ] Total time for which application threads were stopped: 0.0042007 seconds, Stopping threads took: 0.0000154 seconds
[303.672s][info ][safepoint    ] Application time: 1.0001006 seconds
[303.672s][info ][safepoint    ] Entering safepoint region: Cleanup
[303.672s][info ][safepoint    ] Leaving safepoint region
[303.672s][info ][safepoint    ] Total time for which application threads were stopped: 0.0001686 seconds, Stopping threads took: 0.0000644 seconds
[304.672s][info ][safepoint    ] Application time: 1.0001400 seconds
[304.673s][info ][safepoint    ] Entering safepoint region: Cleanup
[304.673s][info ][safepoint    ] Leaving safepoint region
[304.673s][info ][safepoint    ] Total time for which application threads were stopped: 0.0001512 seconds, Stopping threads took: 0.0000865 seconds
[305.673s][info ][safepoint    ] Application time: 1.0000933 seconds
[305.673s][info ][safepoint    ] Entering safepoint region: Cleanup
[305.673s][info ][safepoint    ] Leaving safepoint region
[305.673s][info ][safepoint    ] Total time for which application threads were stopped: 0.0001436 seconds, Stopping threads took: 0.0000668 seconds
[306.364s][info ][safepoint    ] Application time: 0.6910124 seconds
[306.364s][info ][safepoint    ] Entering safepoint region: GenCollectForAllocation
[306.364s][info ][gc,start     ] GC(177) Pause Young (Allocation Failure)
[306.364s][info ][gc,task      ] GC(177) Using 4 workers of 4 for evacuation
[306.368s][debug][gc,ref       ] GC(177) Skipped phase1 of Reference Processing due to unavailable references
[306.368s][debug][gc,ref       ] GC(177) Skipped phase3 of Reference Processing due to unavailable references
[306.368s][debug][gc,ref       ] GC(177) Skipped phase4 of Reference Processing due to unavailable references
[306.369s][debug][gc,age       ] GC(177) Desired survivor size 15368192 bytes, new threshold 6 (max threshold 6)
[306.369s][info ][gc,heap      ] GC(177) ParNew: 246905K->4911K(270336K)
[306.369s][info ][gc,heap      ] GC(177) CMS: 231967K->232276K(600768K)
[306.369s][info ][gc,metaspace ] GC(177) Metaspace: 56434K->56434K(1099776K)
[306.369s][info ][gc           ] GC(177) Pause Young (Allocation Failure) 467M->231M(850M) 4.404ms
[306.369s][info ][gc,cpu       ] GC(177) User=0.02s Sys=0.00s Real=0.01s
[306.369s][info ][safepoint    ] Leaving safepoint region
[306.369s][info ][safepoint    ] Total time for which application threads were stopped: 0.0045490 seconds, Stopping threads took: 0.0000154 seconds
[308.377s][info ][safepoint    ] Application time: 2.0079121 seconds
[308.377s][info ][safepoint    ] Entering safepoint region: Cleanup
[308.377s][info ][safepoint    ] Leaving safepoint region
[308.377s][info ][safepoint    ] Total time for which application threads were stopped: 0.0000790 seconds, Stopping threads took: 0.0000153 seconds
[309.377s][info ][safepoint    ] Application time: 1.0000933 seconds
[309.377s][info ][safepoint    ] Entering safepoint region: Cleanup
[309.377s][info ][safepoint    ] Leaving safepoint region
[309.377s][info ][safepoint    ] Total time for which application threads were stopped: 0.0001476 seconds, Stopping threads took: 0.0000713 seconds
[310.124s][info ][safepoint    ] Application time: 0.7467633 seconds
[310.124s][info ][safepoint    ] Entering safepoint region: GenCollectForAllocation
[310.124s][info ][gc,start     ] GC(178) Pause Young (Allocation Failure)
[310.124s][info ][gc,task      ] GC(178) Using 4 workers of 4 for evacuation
[310.128s][debug][gc,ref       ] GC(178) Skipped phase1 of Reference Processing due to unavailable references
[310.128s][debug][gc,ref       ] GC(178) Skipped phase3 of Reference Processing due to unavailable references
[310.128s][debug][gc,ref       ] GC(178) Skipped phase4 of Reference Processing due to unavailable references
[310.128s][debug][gc,age       ] GC(178) Desired survivor size 15368192 bytes, new threshold 6 (max threshold 6)
[310.128s][info ][gc,heap      ] GC(178) ParNew: 245231K->5118K(270336K)
[310.128s][info ][gc,heap      ] GC(178) CMS: 232276K->232693K(600768K)
[310.128s][info ][gc,metaspace ] GC(178) Metaspace: 56440K->56440K(1099776K)
[310.128s][info ][gc           ] GC(178) Pause Young (Allocation Failure) 466M->232M(850M) 4.298ms
[310.128s][info ][gc,cpu       ] GC(178) User=0.02s Sys=0.00s Real=0.01s
[310.128s][info ][safepoint    ] Leaving safepoint region
[310.128s][info ][safepoint    ] Total time for which application threads were stopped: 0.0044540 seconds, Stopping threads took: 0.0000146 seconds
[312.128s][info ][safepoint    ] Application time: 2.0001815 seconds
[312.128s][info ][safepoint    ] Entering safepoint region: Cleanup
[312.129s][info ][safepoint    ] Leaving safepoint region
[312.129s][info ][safepoint    ] Total time for which application threads were stopped: 0.0001280 seconds, Stopping threads took: 0.0000151 seconds
[312.628s][info ][safepoint    ] Application time: 0.4990888 seconds
[312.628s][info ][safepoint    ] Entering safepoint region: ICBufferFull
[312.628s][info ][safepoint    ] Leaving safepoint region
[312.628s][info ][safepoint    ] Total time for which application threads were stopped: 0.0003106 seconds, Stopping threads took: 0.0000906 seconds
[312.838s][info ][safepoint    ] Application time: 0.2096290 seconds
[312.838s][info ][safepoint    ] Entering safepoint region: GenCollectForAllocation
[312.838s][info ][gc,start     ] GC(179) Pause Young (Allocation Failure)
[312.838s][info ][gc,task      ] GC(179) Using 4 workers of 4 for evacuation
[312.846s][debug][gc,ref       ] GC(179) Skipped phase1 of Reference Processing due to unavailable references
[312.846s][debug][gc,ref       ] GC(179) Skipped phase3 of Reference Processing due to unavailable references
[312.846s][debug][gc,age       ] GC(179) Desired survivor size 15368192 bytes, new threshold 6 (max threshold 6)
[312.846s][info ][gc,heap      ] GC(179) ParNew: 245438K->12889K(270336K)
[312.846s][info ][gc,heap      ] GC(179) CMS: 232693K->233160K(600768K)
[312.846s][info ][gc,metaspace ] GC(179) Metaspace: 56487K->56487K(1099776K)
[312.846s][info ][gc           ] GC(179) Pause Young (Allocation Failure) 466M->240M(850M) 7.903ms
[312.846s][info ][gc,cpu       ] GC(179) User=0.03s Sys=0.00s Real=0.00s
[312.846s][info ][safepoint    ] Leaving safepoint region
[312.846s][info ][safepoint    ] Total time for which application threads were stopped: 0.0081577 seconds, Stopping threads took: 0.0000662 seconds
[313.846s][info ][safepoint    ] Application time: 1.0001444 seconds
[313.846s][info ][safepoint    ] Entering safepoint region: Cleanup
[313.846s][info ][safepoint    ] Leaving safepoint region
[313.846s][info ][safepoint    ] Total time for which application threads were stopped: 0.0000878 seconds, Stopping threads took: 0.0000172 seconds
[314.846s][info ][safepoint    ] Application time: 1.0001053 seconds
[314.846s][info ][safepoint    ] Entering safepoint region: Cleanup
[314.846s][info ][safepoint    ] Leaving safepoint region
[314.846s][info ][safepoint    ] Total time for which application threads were stopped: 0.0000836 seconds, Stopping threads took: 0.0000156 seconds
[315.846s][info ][safepoint    ] Application time: 1.0000924 seconds
[315.846s][info ][safepoint    ] Entering safepoint region: Cleanup
[315.847s][info ][safepoint    ] Leaving safepoint region
[315.847s][info ][safepoint    ] Total time for which application threads were stopped: 0.0000804 seconds, Stopping threads took: 0.0000174 seconds
[316.573s][info ][safepoint    ] Application time: 0.7260333 seconds
[316.573s][info ][safepoint    ] Entering safepoint region: GenCollectForAllocation
[316.573s][info ][gc,start     ] GC(180) Pause Young (Allocation Failure)
[316.573s][info ][gc,task      ] GC(180) Using 4 workers of 4 for evacuation
[316.576s][debug][gc,ref       ] GC(180) Skipped phase1 of Reference Processing due to unavailable references
[316.576s][debug][gc,ref       ] GC(180) Skipped phase3 of Reference Processing due to unavailable references
[316.576s][debug][gc,ref       ] GC(180) Skipped phase4 of Reference Processing due to unavailable references
[316.577s][debug][gc,age       ] GC(180) Desired survivor size 15368192 bytes, new threshold 6 (max threshold 6)
[316.577s][info ][gc,heap      ] GC(180) ParNew: 253209K->9333K(270336K)
[316.577s][info ][gc,heap      ] GC(180) CMS: 233160K->233580K(600768K)
[316.577s][info ][gc,metaspace ] GC(180) Metaspace: 56507K->56507K(1101824K)
[316.577s][info ][gc           ] GC(180) Pause Young (Allocation Failure) 474M->237M(850M) 3.790ms
[316.577s][info ][gc,cpu       ] GC(180) User=0.01s Sys=0.00s Real=0.01s
[316.577s][info ][safepoint    ] Leaving safepoint region
[316.577s][info ][safepoint    ] Total time for which application threads were stopped: 0.0040348 seconds, Stopping threads took: 0.0000151 seconds
[317.577s][info ][safepoint    ] Application time: 1.0001029 seconds
[317.577s][info ][safepoint    ] Entering safepoint region: Cleanup
[317.577s][info ][safepoint    ] Leaving safepoint region
[317.577s][info ][safepoint    ] Total time for which application threads were stopped: 0.0000812 seconds, Stopping threads took: 0.0000154 seconds
[318.577s][info ][safepoint    ] Application time: 1.0000920 seconds
[318.577s][info ][safepoint    ] Entering safepoint region: Cleanup
[318.577s][info ][safepoint    ] Leaving safepoint region
[318.577s][info ][safepoint    ] Total time for which application threads were stopped: 0.0000741 seconds, Stopping threads took: 0.0000158 seconds
[320.418s][info ][safepoint    ] Application time: 1.8406229 seconds
[320.418s][info ][safepoint    ] Entering safepoint region: GenCollectForAllocation
[320.418s][info ][gc,start     ] GC(181) Pause Young (Allocation Failure)
[320.418s][info ][gc,task      ] GC(181) Using 4 workers of 4 for evacuation
[320.422s][debug][gc,ref       ] GC(181) Skipped phase1 of Reference Processing due to unavailable references
[320.422s][debug][gc,ref       ] GC(181) Skipped phase3 of Reference Processing due to unavailable references
[320.422s][debug][gc,ref       ] GC(181) Skipped phase4 of Reference Processing due to unavailable references
[320.422s][debug][gc,age       ] GC(181) Desired survivor size 15368192 bytes, new threshold 6 (max threshold 6)
[320.422s][info ][gc,heap      ] GC(181) ParNew: 249653K->3006K(270336K)
[320.422s][info ][gc,heap      ] GC(181) CMS: 233580K->234938K(600768K)
[320.423s][info ][gc,metaspace ] GC(181) Metaspace: 56516K->56516K(1101824K)
[320.423s][info ][gc           ] GC(181) Pause Young (Allocation Failure) 471M->232M(850M) 4.624ms
[320.423s][info ][gc,cpu       ] GC(181) User=0.01s Sys=0.00s Real=0.00s
[320.423s][info ][safepoint    ] Leaving safepoint region
[320.423s][info ][safepoint    ] Total time for which application threads were stopped: 0.0047992 seconds, Stopping threads took: 0.0000151 seconds
[321.423s][info ][safepoint    ] Application time: 1.0001179 seconds
[321.423s][info ][safepoint    ] Entering safepoint region: Cleanup
[321.423s][info ][safepoint    ] Leaving safepoint region
[321.423s][info ][safepoint    ] Total time for which application threads were stopped: 0.0001392 seconds, Stopping threads took: 0.0000722 seconds
[323.423s][info ][safepoint    ] Application time: 2.0001703 seconds
[323.423s][info ][safepoint    ] Entering safepoint region: Cleanup
[323.423s][info ][safepoint    ] Leaving safepoint region
[323.423s][info ][safepoint    ] Total time for which application threads were stopped: 0.0001433 seconds, Stopping threads took: 0.0000622 seconds
[324.319s][info ][safepoint    ] Application time: 0.8954431 seconds
[324.319s][info ][safepoint    ] Entering safepoint region: GenCollectForAllocation
[324.319s][info ][gc,start     ] GC(182) Pause Young (Allocation Failure)
[324.319s][info ][gc,task      ] GC(182) Using 4 workers of 4 for evacuation
[324.322s][debug][gc,ref       ] GC(182) Skipped phase1 of Reference Processing due to unavailable references
[324.322s][debug][gc,ref       ] GC(182) Skipped phase3 of Reference Processing due to unavailable references
[324.322s][debug][gc,age       ] GC(182) Desired survivor size 15368192 bytes, new threshold 6 (max threshold 6)
[324.322s][info ][gc,heap      ] GC(182) ParNew: 243326K->2063K(270336K)
[324.322s][info ][gc,heap      ] GC(182) CMS: 234938K->235067K(600768K)
[324.322s][info ][gc,metaspace ] GC(182) Metaspace: 56533K->56533K(1101824K)
[324.322s][info ][gc           ] GC(182) Pause Young (Allocation Failure) 467M->231M(850M) 3.475ms
[324.322s][info ][gc,cpu       ] GC(182) User=0.01s Sys=0.00s Real=0.00s
[324.322s][info ][safepoint    ] Leaving safepoint region
[324.322s][info ][safepoint    ] Total time for which application threads were stopped: 0.0036256 seconds, Stopping threads took: 0.0000144 seconds
[327.323s][info ][safepoint    ] Application time: 3.0003188 seconds
[327.323s][info ][safepoint    ] Entering safepoint region: Cleanup
[327.323s][info ][safepoint    ] Leaving safepoint region
[327.323s][info ][safepoint    ] Total time for which application threads were stopped: 0.0001304 seconds, Stopping threads took: 0.0000614 seconds
[328.215s][info ][safepoint    ] Application time: 0.8925139 seconds
[328.215s][info ][safepoint    ] Entering safepoint region: GenCollectForAllocation
[328.216s][info ][gc,start     ] GC(183) Pause Young (Allocation Failure)
[328.216s][info ][gc,task      ] GC(183) Using 4 workers of 4 for evacuation
[328.218s][debug][gc,ref       ] GC(183) Skipped phase1 of Reference Processing due to unavailable references
[328.218s][debug][gc,ref       ] GC(183) Skipped phase3 of Reference Processing due to unavailable references
[328.218s][debug][gc,ref       ] GC(183) Skipped phase4 of Reference Processing due to unavailable references
[328.219s][debug][gc,age       ] GC(183) Desired survivor size 15368192 bytes, new threshold 6 (max threshold 6)
[328.219s][info ][gc,heap      ] GC(183) ParNew: 242383K->1263K(270336K)
[328.219s][info ][gc,heap      ] GC(183) CMS: 235067K->235700K(600768K)
[328.219s][info ][gc,metaspace ] GC(183) Metaspace: 56533K->56533K(1101824K)
[328.219s][info ][gc           ] GC(183) Pause Young (Allocation Failure) 466M->231M(850M) 3.090ms
[328.219s][info ][gc,cpu       ] GC(183) User=0.01s Sys=0.00s Real=0.00s
[328.219s][info ][safepoint    ] Leaving safepoint region
[328.219s][info ][safepoint    ] Total time for which application threads were stopped: 0.0033345 seconds, Stopping threads took: 0.0001021 seconds
[329.219s][info ][safepoint    ] Application time: 1.0002449 seconds
[329.219s][info ][safepoint    ] Entering safepoint region: Cleanup
[329.219s][info ][safepoint    ] Leaving safepoint region
[329.219s][info ][safepoint    ] Total time for which application threads were stopped: 0.0001542 seconds, Stopping threads took: 0.0000720 seconds
[330.219s][info ][safepoint    ] Application time: 1.0000919 seconds
[330.219s][info ][safepoint    ] Entering safepoint region: Cleanup
[330.219s][info ][safepoint    ] Leaving safepoint region
[330.219s][info ][safepoint    ] Total time for which application threads were stopped: 0.0001766 seconds, Stopping threads took: 0.0000678 seconds
[331.220s][info ][safepoint    ] Application time: 1.0001210 seconds
[331.220s][info ][safepoint    ] Entering safepoint region: Cleanup
[331.220s][info ][safepoint    ] Leaving safepoint region
[331.220s][info ][safepoint    ] Total time for which application threads were stopped: 0.0001135 seconds, Stopping threads took: 0.0000399 seconds
[332.019s][info ][safepoint    ] Application time: 0.7993549 seconds
[332.019s][info ][safepoint    ] Entering safepoint region: GenCollectForAllocation
[332.019s][info ][gc,start     ] GC(184) Pause Young (Allocation Failure)
[332.019s][info ][gc,task      ] GC(184) Using 4 workers of 4 for evacuation
[332.022s][debug][gc,ref       ] GC(184) Skipped phase1 of Reference Processing due to unavailable references
[332.022s][debug][gc,ref       ] GC(184) Skipped phase3 of Reference Processing due to unavailable references
[332.022s][debug][gc,ref       ] GC(184) Skipped phase4 of Reference Processing due to unavailable references
[332.022s][debug][gc,age       ] GC(184) Desired survivor size 15368192 bytes, new threshold 6 (max threshold 6)
[332.022s][info ][gc,heap      ] GC(184) ParNew: 241583K->1482K(270336K)
[332.022s][info ][gc,heap      ] GC(184) CMS: 235700K->235762K(600768K)
[332.022s][info ][gc,metaspace ] GC(184) Metaspace: 56535K->56535K(1101824K)
[332.022s][info ][gc           ] GC(184) Pause Young (Allocation Failure) 466M->231M(850M) 2.557ms
[332.022s][info ][gc,cpu       ] GC(184) User=0.01s Sys=0.00s Real=0.00s
[332.022s][info ][safepoint    ] Leaving safepoint region
[332.022s][info ][safepoint    ] Total time for which application threads were stopped: 0.0027356 seconds, Stopping threads took: 0.0000147 seconds
[333.022s][info ][safepoint    ] Application time: 1.0000521 seconds
[333.022s][info ][safepoint    ] Entering safepoint region: Cleanup
[333.022s][info ][safepoint    ] Leaving safepoint region
[333.022s][info ][safepoint    ] Total time for which application threads were stopped: 0.0001502 seconds, Stopping threads took: 0.0000714 seconds
[334.022s][info ][safepoint    ] Application time: 1.0001877 seconds
[334.022s][info ][safepoint    ] Entering safepoint region: Cleanup
[334.023s][info ][safepoint    ] Leaving safepoint region
[334.023s][info ][safepoint    ] Total time for which application threads were stopped: 0.0002302 seconds, Stopping threads took: 0.0001469 seconds
[335.023s][info ][safepoint    ] Application time: 1.0000967 seconds
[335.023s][info ][safepoint    ] Entering safepoint region: Cleanup
[335.023s][info ][safepoint    ] Leaving safepoint region
[335.023s][info ][safepoint    ] Total time for which application threads were stopped: 0.0001538 seconds, Stopping threads took: 0.0000721 seconds
[335.722s][info ][safepoint    ] Application time: 0.6995854 seconds
[335.723s][info ][safepoint    ] Entering safepoint region: GenCollectForAllocation
[335.723s][info ][gc,start     ] GC(185) Pause Young (Allocation Failure)
[335.723s][info ][gc,task      ] GC(185) Using 4 workers of 4 for evacuation
[335.726s][debug][gc,ref       ] GC(185) Skipped phase1 of Reference Processing due to unavailable references
[335.726s][debug][gc,ref       ] GC(185) Skipped phase3 of Reference Processing due to unavailable references
[335.726s][debug][gc,ref       ] GC(185) Skipped phase4 of Reference Processing due to unavailable references
[335.726s][debug][gc,age       ] GC(185) Desired survivor size 15368192 bytes, new threshold 6 (max threshold 6)
[335.726s][info ][gc,heap      ] GC(185) ParNew: 241802K->1415K(270336K)
[335.726s][info ][gc,heap      ] GC(185) CMS: 235762K->235867K(600768K)
[335.726s][info ][gc,metaspace ] GC(185) Metaspace: 56536K->56536K(1101824K)
[335.726s][info ][gc           ] GC(185) Pause Young (Allocation Failure) 466M->231M(850M) 3.393ms
[335.726s][info ][gc,cpu       ] GC(185) User=0.02s Sys=0.00s Real=0.01s
[335.726s][info ][safepoint    ] Leaving safepoint region
[335.726s][info ][safepoint    ] Total time for which application threads were stopped: 0.0035531 seconds, Stopping threads took: 0.0000154 seconds
[336.726s][info ][safepoint    ] Application time: 1.0001475 seconds
[336.726s][info ][safepoint    ] Entering safepoint region: Cleanup
[336.726s][info ][safepoint    ] Leaving safepoint region
[336.726s][info ][safepoint    ] Total time for which application threads were stopped: 0.0000679 seconds, Stopping threads took: 0.0000170 seconds
[337.726s][info ][safepoint    ] Application time: 1.0000813 seconds
[337.726s][info ][safepoint    ] Entering safepoint region: Cleanup
[337.727s][info ][safepoint    ] Leaving safepoint region
[337.727s][info ][safepoint    ] Total time for which application threads were stopped: 0.0001120 seconds, Stopping threads took: 0.0000443 seconds
[338.727s][info ][safepoint    ] Application time: 1.0000814 seconds
[338.727s][info ][safepoint    ] Entering safepoint region: Cleanup
[338.727s][info ][safepoint    ] Leaving safepoint region
[338.727s][info ][safepoint    ] Total time for which application threads were stopped: 0.0000801 seconds, Stopping threads took: 0.0000296 seconds
[339.372s][info ][safepoint    ] Application time: 0.6451474 seconds
[339.372s][info ][safepoint    ] Entering safepoint region: GenCollectForAllocation
[339.372s][info ][gc,start     ] GC(186) Pause Young (Allocation Failure)
[339.372s][info ][gc,task      ] GC(186) Using 4 workers of 4 for evacuation
[339.375s][debug][gc,ref       ] GC(186) Skipped phase1 of Reference Processing due to unavailable references
[339.375s][debug][gc,ref       ] GC(186) Skipped phase3 of Reference Processing due to unavailable references
[339.375s][debug][gc,ref       ] GC(186) Skipped phase4 of Reference Processing due to unavailable references
[339.375s][debug][gc,age       ] GC(186) Desired survivor size 15368192 bytes, new threshold 6 (max threshold 6)
[339.375s][info ][gc,heap      ] GC(186) ParNew: 241735K->1698K(270336K)
[339.375s][info ][gc,heap      ] GC(186) CMS: 235867K->235870K(600768K)
[339.375s][info ][gc,metaspace ] GC(186) Metaspace: 56538K->56538K(1101824K)
[339.375s][info ][gc           ] GC(186) Pause Young (Allocation Failure) 466M->232M(850M) 3.111ms
[339.375s][info ][gc,cpu       ] GC(186) User=0.01s Sys=0.00s Real=0.01s
[339.375s][info ][safepoint    ] Leaving safepoint region
[339.375s][info ][safepoint    ] Total time for which application threads were stopped: 0.0032789 seconds, Stopping threads took: 0.0000157 seconds
[340.375s][info ][safepoint    ] Application time: 1.0001043 seconds
[340.375s][info ][safepoint    ] Entering safepoint region: Cleanup
[340.375s][info ][safepoint    ] Leaving safepoint region
[340.375s][info ][safepoint    ] Total time for which application threads were stopped: 0.0000661 seconds, Stopping threads took: 0.0000147 seconds
[341.376s][info ][safepoint    ] Application time: 1.0000967 seconds
[341.376s][info ][safepoint    ] Entering safepoint region: Cleanup
[341.376s][info ][safepoint    ] Leaving safepoint region
[341.376s][info ][safepoint    ] Total time for which application threads were stopped: 0.0000653 seconds, Stopping threads took: 0.0000150 seconds
[342.376s][info ][safepoint    ] Application time: 1.0001057 seconds
[342.376s][info ][safepoint    ] Entering safepoint region: Cleanup
[342.376s][info ][safepoint    ] Leaving safepoint region
[342.376s][info ][safepoint    ] Total time for which application threads were stopped: 0.0000710 seconds, Stopping threads took: 0.0000154 seconds
[342.972s][info ][safepoint    ] Application time: 0.5960057 seconds
[342.972s][info ][safepoint    ] Entering safepoint region: GenCollectForAllocation
[342.972s][info ][gc,start     ] GC(187) Pause Young (Allocation Failure)
[342.972s][info ][gc,task      ] GC(187) Using 4 workers of 4 for evacuation
[342.975s][debug][gc,ref       ] GC(187) Skipped phase1 of Reference Processing due to unavailable references
[342.975s][debug][gc,ref       ] GC(187) Skipped phase3 of Reference Processing due to unavailable references
[342.975s][debug][gc,ref       ] GC(187) Skipped phase4 of Reference Processing due to unavailable references
[342.975s][debug][gc,age       ] GC(187) Desired survivor size 15368192 bytes, new threshold 6 (max threshold 6)
[342.975s][info ][gc,heap      ] GC(187) ParNew: 242018K->1949K(270336K)
[342.975s][info ][gc,heap      ] GC(187) CMS: 235870K->235928K(600768K)
[342.975s][info ][gc,metaspace ] GC(187) Metaspace: 56545K->56545K(1101824K)
[342.975s][info ][gc           ] GC(187) Pause Young (Allocation Failure) 466M->232M(850M) 2.824ms
[342.975s][info ][gc,cpu       ] GC(187) User=0.01s Sys=0.00s Real=0.01s
[342.975s][info ][safepoint    ] Leaving safepoint region
[342.975s][info ][safepoint    ] Total time for which application threads were stopped: 0.0029836 seconds, Stopping threads took: 0.0000160 seconds
[343.975s][info ][safepoint    ] Application time: 1.0001113 seconds
[343.975s][info ][safepoint    ] Entering safepoint region: Cleanup
[343.975s][info ][safepoint    ] Leaving safepoint region
[343.975s][info ][safepoint    ] Total time for which application threads were stopped: 0.0000843 seconds, Stopping threads took: 0.0000154 seconds
[344.975s][info ][safepoint    ] Application time: 1.0000865 seconds
[344.975s][info ][safepoint    ] Entering safepoint region: Cleanup
[344.975s][info ][safepoint    ] Leaving safepoint region
[344.975s][info ][safepoint    ] Total time for which application threads were stopped: 0.0000959 seconds, Stopping threads took: 0.0000139 seconds
[345.975s][info ][safepoint    ] Application time: 1.0000955 seconds
[345.975s][info ][safepoint    ] Entering safepoint region: Cleanup
[345.976s][info ][safepoint    ] Leaving safepoint region
[345.976s][info ][safepoint    ] Total time for which application threads were stopped: 0.0000965 seconds, Stopping threads took: 0.0000155 seconds
[346.770s][info ][safepoint    ] Application time: 0.7944668 seconds
[346.770s][info ][safepoint    ] Entering safepoint region: GenCollectForAllocation
[346.770s][info ][gc,start     ] GC(188) Pause Young (Allocation Failure)
[346.770s][info ][gc,task      ] GC(188) Using 4 workers of 4 for evacuation
[346.773s][debug][gc,ref       ] GC(188) Skipped phase1 of Reference Processing due to unavailable references
[346.773s][debug][gc,ref       ] GC(188) Skipped phase3 of Reference Processing due to unavailable references
[346.773s][debug][gc,age       ] GC(188) Desired survivor size 15368192 bytes, new threshold 6 (max threshold 6)
[346.773s][info ][gc,heap      ] GC(188) ParNew: 242269K->1784K(270336K)
[346.773s][info ][gc,heap      ] GC(188) CMS: 235928K->236017K(600768K)
[346.773s][info ][gc,metaspace ] GC(188) Metaspace: 56554K->56554K(1101824K)
[346.773s][info ][gc           ] GC(188) Pause Young (Allocation Failure) 466M->232M(850M) 2.802ms
[346.773s][info ][gc,cpu       ] GC(188) User=0.01s Sys=0.00s Real=0.00s
[346.773s][info ][safepoint    ] Leaving safepoint region
[346.773s][info ][safepoint    ] Total time for which application threads were stopped: 0.0029434 seconds, Stopping threads took: 0.0000141 seconds
[347.773s][info ][safepoint    ] Application time: 1.0001124 seconds
[347.774s][info ][safepoint    ] Entering safepoint region: Cleanup
[347.774s][info ][safepoint    ] Leaving safepoint region
[347.774s][info ][safepoint    ] Total time for which application threads were stopped: 0.0004280 seconds, Stopping threads took: 0.0003604 seconds
[348.774s][info ][safepoint    ] Application time: 1.0000871 seconds
[348.774s][info ][safepoint    ] Entering safepoint region: Cleanup
[348.774s][info ][safepoint    ] Leaving safepoint region
[348.774s][info ][safepoint    ] Total time for which application threads were stopped: 0.0000790 seconds, Stopping threads took: 0.0000268 seconds
[349.774s][info ][safepoint    ] Application time: 1.0002500 seconds
[349.774s][info ][safepoint    ] Entering safepoint region: Cleanup
[349.774s][info ][safepoint    ] Leaving safepoint region
[349.774s][info ][safepoint    ] Total time for which application threads were stopped: 0.0002118 seconds, Stopping threads took: 0.0001163 seconds
[350.567s][info ][safepoint    ] Application time: 0.7922311 seconds
[350.567s][info ][safepoint    ] Entering safepoint region: GenCollectForAllocation
[350.567s][info ][gc,start     ] GC(189) Pause Young (Allocation Failure)
[350.567s][info ][gc,task      ] GC(189) Using 4 workers of 4 for evacuation
[350.569s][debug][gc,ref       ] GC(189) Skipped phase1 of Reference Processing due to unavailable references
[350.569s][debug][gc,ref       ] GC(189) Skipped phase3 of Reference Processing due to unavailable references
[350.569s][debug][gc,ref       ] GC(189) Skipped phase4 of Reference Processing due to unavailable references
[350.569s][debug][gc,age       ] GC(189) Desired survivor size 15368192 bytes, new threshold 6 (max threshold 6)
[350.569s][info ][gc,heap      ] GC(189) ParNew: 242104K->1904K(270336K)
[350.569s][info ][gc,heap      ] GC(189) CMS: 236017K->236141K(600768K)
[350.569s][info ][gc,metaspace ] GC(189) Metaspace: 56555K->56555K(1101824K)
[350.570s][info ][gc           ] GC(189) Pause Young (Allocation Failure) 466M->232M(850M) 2.819ms
[350.570s][info ][gc,cpu       ] GC(189) User=0.01s Sys=0.00s Real=0.00s
[350.570s][info ][safepoint    ] Leaving safepoint region
[350.570s][info ][safepoint    ] Total time for which application threads were stopped: 0.0029654 seconds, Stopping threads took: 0.0000141 seconds
[351.570s][info ][safepoint    ] Application time: 1.0001040 seconds
[351.570s][info ][safepoint    ] Entering safepoint region: Cleanup
[351.570s][info ][safepoint    ] Leaving safepoint region
[351.570s][info ][safepoint    ] Total time for which application threads were stopped: 0.0001124 seconds, Stopping threads took: 0.0000506 seconds
[352.570s][info ][safepoint    ] Application time: 1.0000902 seconds
[352.570s][info ][safepoint    ] Entering safepoint region: Cleanup
[352.570s][info ][safepoint    ] Leaving safepoint region
[352.570s][info ][safepoint    ] Total time for which application threads were stopped: 0.0001387 seconds, Stopping threads took: 0.0000624 seconds
[353.570s][info ][safepoint    ] Application time: 1.0000875 seconds
[353.570s][info ][safepoint    ] Entering safepoint region: Cleanup
[353.570s][info ][safepoint    ] Leaving safepoint region
[353.570s][info ][safepoint    ] Total time for which application threads were stopped: 0.0001390 seconds, Stopping threads took: 0.0000763 seconds
[354.320s][info ][safepoint    ] Application time: 0.7494973 seconds
[354.320s][info ][safepoint    ] Entering safepoint region: GenCollectForAllocation
[354.320s][info ][gc,start     ] GC(190) Pause Young (Allocation Failure)
[354.320s][info ][gc,task      ] GC(190) Using 4 workers of 4 for evacuation
[354.323s][debug][gc,ref       ] GC(190) Skipped phase1 of Reference Processing due to unavailable references
[354.323s][debug][gc,ref       ] GC(190) Skipped phase3 of Reference Processing due to unavailable references
[354.323s][debug][gc,ref       ] GC(190) Skipped phase4 of Reference Processing due to unavailable references
[354.324s][debug][gc,age       ] GC(190) Desired survivor size 15368192 bytes, new threshold 6 (max threshold 6)
[354.324s][info ][gc,heap      ] GC(190) ParNew: 242224K->2130K(270336K)
[354.324s][info ][gc,heap      ] GC(190) CMS: 236141K->236180K(600768K)
[354.324s][info ][gc,metaspace ] GC(190) Metaspace: 56556K->56556K(1101824K)
[354.324s][info ][gc           ] GC(190) Pause Young (Allocation Failure) 467M->232M(850M) 3.564ms
[354.324s][info ][gc,cpu       ] GC(190) User=0.02s Sys=0.00s Real=0.00s
[354.324s][info ][safepoint    ] Leaving safepoint region
[354.324s][info ][safepoint    ] Total time for which application threads were stopped: 0.0037592 seconds, Stopping threads took: 0.0000589 seconds
[355.324s][info ][safepoint    ] Application time: 1.0001046 seconds
[355.324s][info ][safepoint    ] Entering safepoint region: Cleanup
[355.324s][info ][safepoint    ] Leaving safepoint region
[355.324s][info ][safepoint    ] Total time for which application threads were stopped: 0.0001241 seconds, Stopping threads took: 0.0000410 seconds
[356.324s][info ][safepoint    ] Application time: 1.0001194 seconds
[356.324s][info ][safepoint    ] Entering safepoint region: Cleanup
[356.324s][info ][safepoint    ] Leaving safepoint region
[356.324s][info ][safepoint    ] Total time for which application threads were stopped: 0.0001809 seconds, Stopping threads took: 0.0001147 seconds
[357.324s][info ][safepoint    ] Application time: 1.0001016 seconds
[357.324s][info ][safepoint    ] Entering safepoint region: Cleanup
[357.324s][info ][safepoint    ] Leaving safepoint region
[357.324s][info ][safepoint    ] Total time for which application threads were stopped: 0.0000907 seconds, Stopping threads took: 0.0000158 seconds
[357.971s][info ][safepoint    ] Application time: 0.6460987 seconds
[357.971s][info ][safepoint    ] Entering safepoint region: GenCollectForAllocation
[357.971s][info ][gc,start     ] GC(191) Pause Young (Allocation Failure)
[357.971s][info ][gc,task      ] GC(191) Using 4 workers of 4 for evacuation
[357.974s][debug][gc,ref       ] GC(191) Skipped phase1 of Reference Processing due to unavailable references
[357.974s][debug][gc,ref       ] GC(191) Skipped phase3 of Reference Processing due to unavailable references
[357.974s][debug][gc,age       ] GC(191) Desired survivor size 15368192 bytes, new threshold 6 (max threshold 6)
[357.974s][info ][gc,heap      ] GC(191) ParNew: 242450K->2370K(270336K)
[357.974s][info ][gc,heap      ] GC(191) CMS: 236180K->236378K(600768K)
[357.974s][info ][gc,metaspace ] GC(191) Metaspace: 56579K->56579K(1101824K)
[357.974s][info ][gc           ] GC(191) Pause Young (Allocation Failure) 467M->233M(850M) 3.640ms
[357.974s][info ][gc,cpu       ] GC(191) User=0.02s Sys=0.00s Real=0.01s
[357.974s][info ][safepoint    ] Leaving safepoint region
[357.974s][info ][safepoint    ] Total time for which application threads were stopped: 0.0037847 seconds, Stopping threads took: 0.0000137 seconds
[358.975s][info ][safepoint    ] Application time: 1.0000932 seconds
[358.975s][info ][safepoint    ] Entering safepoint region: Cleanup
[358.975s][info ][safepoint    ] Leaving safepoint region
[358.975s][info ][safepoint    ] Total time for which application threads were stopped: 0.0001358 seconds, Stopping threads took: 0.0000653 seconds
[359.976s][info ][safepoint    ] Application time: 1.0016777 seconds
[359.976s][info ][safepoint    ] Entering safepoint region: Cleanup
[359.976s][info ][safepoint    ] Leaving safepoint region
[359.976s][info ][safepoint    ] Total time for which application threads were stopped: 0.0000697 seconds, Stopping threads took: 0.0000144 seconds
[360.977s][info ][safepoint    ] Application time: 1.0000906 seconds
[360.977s][info ][safepoint    ] Entering safepoint region: Cleanup
[360.977s][info ][safepoint    ] Leaving safepoint region
[360.977s][info ][safepoint    ] Total time for which application threads were stopped: 0.0000857 seconds, Stopping threads took: 0.0000145 seconds
[361.465s][info ][safepoint    ] Application time: 0.4885782 seconds
[361.465s][info ][safepoint    ] Entering safepoint region: GenCollectForAllocation
[361.465s][info ][gc,start     ] GC(192) Pause Young (Allocation Failure)
[361.465s][info ][gc,task      ] GC(192) Using 4 workers of 4 for evacuation
[361.468s][debug][gc,ref       ] GC(192) Skipped phase1 of Reference Processing due to unavailable references
[361.468s][debug][gc,ref       ] GC(192) Skipped phase3 of Reference Processing due to unavailable references
[361.468s][debug][gc,ref       ] GC(192) Skipped phase4 of Reference Processing due to unavailable references
[361.469s][debug][gc,age       ] GC(192) Desired survivor size 15368192 bytes, new threshold 6 (max threshold 6)
[361.469s][info ][gc,heap      ] GC(192) ParNew: 242690K->3256K(270336K)
[361.469s][info ][gc,heap      ] GC(192) CMS: 236378K->236443K(600768K)
[361.469s][info ][gc,metaspace ] GC(192) Metaspace: 56579K->56579K(1101824K)
[361.469s][info ][gc           ] GC(192) Pause Young (Allocation Failure) 467M->234M(850M) 3.167ms
[361.469s][info ][gc,cpu       ] GC(192) User=0.01s Sys=0.00s Real=0.01s
[361.469s][info ][safepoint    ] Leaving safepoint region
[361.469s][info ][safepoint    ] Total time for which application threads were stopped: 0.0033285 seconds, Stopping threads took: 0.0000370 seconds
[362.469s][info ][safepoint    ] Application time: 1.0001594 seconds
[362.469s][info ][safepoint    ] Entering safepoint region: Cleanup
[362.469s][info ][safepoint    ] Leaving safepoint region
[362.469s][info ][safepoint    ] Total time for which application threads were stopped: 0.0001181 seconds, Stopping threads took: 0.0000505 seconds
[363.469s][info ][safepoint    ] Application time: 1.0000869 seconds
[363.469s][info ][safepoint    ] Entering safepoint region: Cleanup
[363.469s][info ][safepoint    ] Leaving safepoint region
[363.469s][info ][safepoint    ] Total time for which application threads were stopped: 0.0001481 seconds, Stopping threads took: 0.0000663 seconds
[364.469s][info ][safepoint    ] Application time: 1.0000856 seconds
[364.469s][info ][safepoint    ] Entering safepoint region: Cleanup
[364.469s][info ][safepoint    ] Leaving safepoint region
[364.469s][info ][safepoint    ] Total time for which application threads were stopped: 0.0001233 seconds, Stopping threads took: 0.0000586 seconds
[364.895s][info ][safepoint    ] Application time: 0.4258725 seconds
[364.895s][info ][safepoint    ] Entering safepoint region: GenCollectForAllocation
[364.896s][info ][gc,start     ] GC(193) Pause Young (Allocation Failure)
[364.896s][info ][gc,task      ] GC(193) Using 4 workers of 4 for evacuation
[364.900s][debug][gc,ref       ] GC(193) Skipped phase1 of Reference Processing due to unavailable references
[364.900s][debug][gc,ref       ] GC(193) Skipped phase3 of Reference Processing due to unavailable references
[364.900s][debug][gc,ref       ] GC(193) Skipped phase4 of Reference Processing due to unavailable references
[364.900s][debug][gc,age       ] GC(193) Desired survivor size 15368192 bytes, new threshold 6 (max threshold 6)
[364.900s][info ][gc,heap      ] GC(193) ParNew: 243576K->4445K(270336K)
[364.900s][info ][gc,heap      ] GC(193) CMS: 236443K->236513K(600768K)
[364.900s][info ][gc,metaspace ] GC(193) Metaspace: 56580K->56580K(1101824K)
[364.900s][info ][gc           ] GC(193) Pause Young (Allocation Failure) 468M->235M(850M) 4.339ms
[364.900s][info ][gc,cpu       ] GC(193) User=0.01s Sys=0.00s Real=0.00s
[364.900s][info ][safepoint    ] Leaving safepoint region
[364.900s][info ][safepoint    ] Total time for which application threads were stopped: 0.0046009 seconds, Stopping threads took: 0.0001395 seconds
[365.900s][info ][safepoint    ] Application time: 1.0001070 seconds
[365.900s][info ][safepoint    ] Entering safepoint region: Cleanup
[365.900s][info ][safepoint    ] Leaving safepoint region
[365.900s][info ][safepoint    ] Total time for which application threads were stopped: 0.0001410 seconds, Stopping threads took: 0.0000162 seconds
[366.900s][info ][safepoint    ] Application time: 1.0000864 seconds
[366.900s][info ][safepoint    ] Entering safepoint region: Cleanup
[366.900s][info ][safepoint    ] Leaving safepoint region
[366.900s][info ][safepoint    ] Total time for which application threads were stopped: 0.0000776 seconds, Stopping threads took: 0.0000166 seconds
[367.901s][info ][safepoint    ] Application time: 1.0000888 seconds
[367.901s][info ][safepoint    ] Entering safepoint region: Cleanup
[367.901s][info ][safepoint    ] Leaving safepoint region
[367.901s][info ][safepoint    ] Total time for which application threads were stopped: 0.0001216 seconds, Stopping threads took: 0.0000191 seconds
[368.018s][info ][safepoint    ] Application time: 0.1172610 seconds
[368.018s][info ][safepoint    ] Entering safepoint region: GenCollectForAllocation
[368.018s][info ][gc,start     ] GC(194) Pause Young (Allocation Failure)
[368.018s][info ][gc,task      ] GC(194) Using 4 workers of 4 for evacuation
[368.023s][debug][gc,ref       ] GC(194) Skipped phase1 of Reference Processing due to unavailable references
[368.023s][debug][gc,ref       ] GC(194) Skipped phase3 of Reference Processing due to unavailable references
[368.023s][debug][gc,ref       ] GC(194) Skipped phase4 of Reference Processing due to unavailable references
[368.023s][debug][gc,age       ] GC(194) Desired survivor size 15368192 bytes, new threshold 6 (max threshold 6)
[368.023s][info ][gc,heap      ] GC(194) ParNew: 244765K->7184K(270336K)
[368.023s][info ][gc,heap      ] GC(194) CMS: 236513K->236550K(600768K)
[368.023s][info ][gc,metaspace ] GC(194) Metaspace: 56581K->56581K(1101824K)
[368.023s][info ][gc           ] GC(194) Pause Young (Allocation Failure) 469M->238M(850M) 4.932ms
[368.023s][info ][gc,cpu       ] GC(194) User=0.02s Sys=0.00s Real=0.00s
[368.023s][info ][safepoint    ] Leaving safepoint region
[368.023s][info ][safepoint    ] Total time for which application threads were stopped: 0.0052148 seconds, Stopping threads took: 0.0001245 seconds
[369.023s][info ][safepoint    ] Application time: 1.0000995 seconds
[369.023s][info ][safepoint    ] Entering safepoint region: Cleanup
[369.024s][info ][safepoint    ] Leaving safepoint region
[369.024s][info ][safepoint    ] Total time for which application threads were stopped: 0.0001738 seconds, Stopping threads took: 0.0000916 seconds
[370.024s][info ][safepoint    ] Application time: 1.0000939 seconds
[370.024s][info ][safepoint    ] Entering safepoint region: Cleanup
[370.024s][info ][safepoint    ] Leaving safepoint region
[370.024s][info ][safepoint    ] Total time for which application threads were stopped: 0.0001618 seconds, Stopping threads took: 0.0000939 seconds
[371.024s][info ][safepoint    ] Application time: 1.0001202 seconds
[371.024s][info ][safepoint    ] Entering safepoint region: Cleanup
[371.024s][info ][safepoint    ] Leaving safepoint region
[371.024s][info ][safepoint    ] Total time for which application threads were stopped: 0.0000843 seconds, Stopping threads took: 0.0000164 seconds
[371.473s][info ][safepoint    ] Application time: 0.4486667 seconds
[371.473s][info ][safepoint    ] Entering safepoint region: GenCollectForAllocation
[371.473s][info ][gc,start     ] GC(195) Pause Young (Allocation Failure)
[371.473s][info ][gc,task      ] GC(195) Using 4 workers of 4 for evacuation
[371.478s][debug][gc,ref       ] GC(195) Skipped phase1 of Reference Processing due to unavailable references
[371.478s][debug][gc,ref       ] GC(195) Skipped phase3 of Reference Processing due to unavailable references
[371.478s][debug][gc,ref       ] GC(195) Skipped phase4 of Reference Processing due to unavailable references
[371.478s][debug][gc,age       ] GC(195) Desired survivor size 15368192 bytes, new threshold 6 (max threshold 6)
[371.478s][info ][gc,heap      ] GC(195) ParNew: 247504K->7576K(270336K)
[371.478s][info ][gc,heap      ] GC(195) CMS: 236550K->236721K(600768K)
[371.478s][info ][gc,metaspace ] GC(195) Metaspace: 56591K->56591K(1101824K)
[371.478s][info ][gc           ] GC(195) Pause Young (Allocation Failure) 472M->238M(850M) 4.900ms
[371.478s][info ][gc,cpu       ] GC(195) User=0.02s Sys=0.00s Real=0.01s
[371.478s][info ][safepoint    ] Leaving safepoint region
[371.478s][info ][safepoint    ] Total time for which application threads were stopped: 0.0050580 seconds, Stopping threads took: 0.0000164 seconds
[372.478s][info ][safepoint    ] Application time: 1.0001199 seconds
[372.478s][info ][safepoint    ] Entering safepoint region: Cleanup
[372.478s][info ][safepoint    ] Leaving safepoint region
[372.478s][info ][safepoint    ] Total time for which application threads were stopped: 0.0000919 seconds, Stopping threads took: 0.0000153 seconds
[373.478s][info ][safepoint    ] Application time: 1.0000971 seconds
[373.478s][info ][safepoint    ] Entering safepoint region: Cleanup
[373.478s][info ][safepoint    ] Leaving safepoint region
[373.478s][info ][safepoint    ] Total time for which application threads were stopped: 0.0000701 seconds, Stopping threads took: 0.0000135 seconds
[374.479s][info ][safepoint    ] Application time: 1.0010975 seconds
[374.479s][info ][safepoint    ] Entering safepoint region: Cleanup
[374.480s][info ][safepoint    ] Leaving safepoint region
[374.480s][info ][safepoint    ] Total time for which application threads were stopped: 0.0000783 seconds, Stopping threads took: 0.0000160 seconds
[374.921s][info ][safepoint    ] Application time: 0.4415090 seconds
[374.921s][info ][safepoint    ] Entering safepoint region: GenCollectForAllocation
[374.921s][info ][gc,start     ] GC(196) Pause Young (Allocation Failure)
[374.921s][info ][gc,task      ] GC(196) Using 4 workers of 4 for evacuation
[374.926s][debug][gc,ref       ] GC(196) Skipped phase1 of Reference Processing due to unavailable references
[374.926s][debug][gc,ref       ] GC(196) Skipped phase3 of Reference Processing due to unavailable references
[374.926s][debug][gc,ref       ] GC(196) Skipped phase4 of Reference Processing due to unavailable references
[374.926s][debug][gc,age       ] GC(196) Desired survivor size 15368192 bytes, new threshold 6 (max threshold 6)
[374.926s][info ][gc,heap      ] GC(196) ParNew: 247896K->8160K(270336K)
[374.926s][info ][gc,heap      ] GC(196) CMS: 236721K->236888K(600768K)
[374.926s][info ][gc,metaspace ] GC(196) Metaspace: 56595K->56595K(1101824K)
[374.926s][info ][gc           ] GC(196) Pause Young (Allocation Failure) 473M->239M(850M) 4.905ms
[374.926s][info ][gc,cpu       ] GC(196) User=0.02s Sys=0.01s Real=0.01s
[374.926s][info ][safepoint    ] Leaving safepoint region
[374.926s][info ][safepoint    ] Total time for which application threads were stopped: 0.0050489 seconds, Stopping threads took: 0.0000143 seconds
[375.926s][info ][safepoint    ] Application time: 1.0001073 seconds
[375.926s][info ][safepoint    ] Entering safepoint region: Cleanup
[375.926s][info ][safepoint    ] Leaving safepoint region
[375.926s][info ][safepoint    ] Total time for which application threads were stopped: 0.0000647 seconds, Stopping threads took: 0.0000140 seconds
[376.926s][info ][safepoint    ] Application time: 1.0001321 seconds
[376.927s][info ][safepoint    ] Entering safepoint region: Cleanup
[376.927s][info ][safepoint    ] Leaving safepoint region
[376.927s][info ][safepoint    ] Total time for which application threads were stopped: 0.0000693 seconds, Stopping threads took: 0.0000137 seconds
[377.927s][info ][safepoint    ] Application time: 1.0001101 seconds
[377.927s][info ][safepoint    ] Entering safepoint region: Cleanup
[377.927s][info ][safepoint    ] Leaving safepoint region
[377.927s][info ][safepoint    ] Total time for which application threads were stopped: 0.0000651 seconds, Stopping threads took: 0.0000144 seconds
[378.572s][info ][safepoint    ] Application time: 0.6451849 seconds
[378.572s][info ][safepoint    ] Entering safepoint region: GenCollectForAllocation
[378.572s][info ][gc,start     ] GC(197) Pause Young (Allocation Failure)
[378.572s][info ][gc,task      ] GC(197) Using 4 workers of 4 for evacuation
[378.577s][debug][gc,ref       ] GC(197) Skipped phase1 of Reference Processing due to unavailable references
[378.577s][debug][gc,ref       ] GC(197) Skipped phase3 of Reference Processing due to unavailable references
[378.577s][debug][gc,ref       ] GC(197) Skipped phase4 of Reference Processing due to unavailable references
[378.577s][debug][gc,age       ] GC(197) Desired survivor size 15368192 bytes, new threshold 6 (max threshold 6)
[378.577s][info ][gc,heap      ] GC(197) ParNew: 248480K->7088K(270336K)
[378.577s][info ][gc,heap      ] GC(197) CMS: 236888K->237323K(600768K)
[378.577s][info ][gc,metaspace ] GC(197) Metaspace: 56596K->56596K(1101824K)
[378.578s][info ][gc           ] GC(197) Pause Young (Allocation Failure) 473M->238M(850M) 5.406ms
[378.578s][info ][gc,cpu       ] GC(197) User=0.02s Sys=0.00s Real=0.01s
[378.578s][info ][safepoint    ] Leaving safepoint region
[378.578s][info ][safepoint    ] Total time for which application threads were stopped: 0.0055617 seconds, Stopping threads took: 0.0000156 seconds
[379.578s][info ][safepoint    ] Application time: 1.0001356 seconds
[379.578s][info ][safepoint    ] Entering safepoint region: Cleanup
[379.578s][info ][safepoint    ] Leaving safepoint region
[379.578s][info ][safepoint    ] Total time for which application threads were stopped: 0.0000700 seconds, Stopping threads took: 0.0000147 seconds
[380.578s][info ][safepoint    ] Application time: 1.0000980 seconds
[380.578s][info ][safepoint    ] Entering safepoint region: Cleanup
[380.578s][info ][safepoint    ] Leaving safepoint region
[380.578s][info ][safepoint    ] Total time for which application threads were stopped: 0.0000807 seconds, Stopping threads took: 0.0000153 seconds
[381.578s][info ][safepoint    ] Application time: 1.0000949 seconds
[381.585s][info ][safepoint    ] Entering safepoint region: Cleanup
[381.585s][info ][safepoint    ] Leaving safepoint region
[381.585s][info ][safepoint    ] Total time for which application threads were stopped: 0.0072273 seconds, Stopping threads took: 0.0071525 seconds
[382.315s][info ][safepoint    ] Application time: 0.7300184 seconds
[382.315s][info ][safepoint    ] Entering safepoint region: GenCollectForAllocation
[382.316s][info ][gc,start     ] GC(198) Pause Young (Allocation Failure)
[382.316s][info ][gc,task      ] GC(198) Using 4 workers of 4 for evacuation
[382.332s][debug][gc,ref       ] GC(198) Skipped phase1 of Reference Processing due to unavailable references
[382.332s][debug][gc,ref       ] GC(198) Skipped phase3 of Reference Processing due to unavailable references
[382.332s][debug][gc,ref       ] GC(198) Skipped phase4 of Reference Processing due to unavailable references
[382.332s][debug][gc,age       ] GC(198) Desired survivor size 15368192 bytes, new threshold 6 (max threshold 6)
[382.332s][info ][gc,heap      ] GC(198) ParNew: 247408K->6792K(270336K)
[382.332s][info ][gc,heap      ] GC(198) CMS: 237323K->237666K(600768K)
[382.332s][info ][gc,metaspace ] GC(198) Metaspace: 56596K->56596K(1101824K)
[382.332s][info ][gc           ] GC(198) Pause Young (Allocation Failure) 473M->238M(850M) 16.687ms
[382.332s][info ][gc,cpu       ] GC(198) User=0.03s Sys=0.00s Real=0.01s
[382.332s][info ][safepoint    ] Leaving safepoint region
[382.332s][info ][safepoint    ] Total time for which application threads were stopped: 0.0169278 seconds, Stopping threads took: 0.0000704 seconds
[383.332s][info ][safepoint    ] Application time: 1.0001034 seconds
[383.332s][info ][safepoint    ] Entering safepoint region: Cleanup
[383.333s][info ][safepoint    ] Leaving safepoint region
[383.333s][info ][safepoint    ] Total time for which application threads were stopped: 0.0000665 seconds, Stopping threads took: 0.0000151 seconds
[384.334s][info ][safepoint    ] Application time: 1.0013702 seconds
[384.334s][info ][safepoint    ] Entering safepoint region: Cleanup
[384.334s][info ][safepoint    ] Leaving safepoint region
[384.334s][info ][safepoint    ] Total time for which application threads were stopped: 0.0001180 seconds, Stopping threads took: 0.0000653 seconds
[385.334s][info ][safepoint    ] Application time: 1.0000803 seconds
[385.334s][info ][safepoint    ] Entering safepoint region: Cleanup
[385.334s][info ][safepoint    ] Leaving safepoint region
[385.334s][info ][safepoint    ] Total time for which application threads were stopped: 0.0000805 seconds, Stopping threads took: 0.0000156 seconds
[386.071s][info ][safepoint    ] Application time: 0.7362654 seconds
[386.071s][info ][safepoint    ] Entering safepoint region: GenCollectForAllocation
[386.071s][info ][gc,start     ] GC(199) Pause Young (Allocation Failure)
[386.071s][info ][gc,task      ] GC(199) Using 4 workers of 4 for evacuation
[386.075s][debug][gc,ref       ] GC(199) Skipped phase1 of Reference Processing due to unavailable references
[386.075s][debug][gc,ref       ] GC(199) Skipped phase3 of Reference Processing due to unavailable references
[386.075s][debug][gc,ref       ] GC(199) Skipped phase4 of Reference Processing due to unavailable references
[386.075s][debug][gc,age       ] GC(199) Desired survivor size 15368192 bytes, new threshold 6 (max threshold 6)
[386.075s][info ][gc,heap      ] GC(199) ParNew: 247112K->6495K(270336K)
[386.075s][info ][gc,heap      ] GC(199) CMS: 237666K->238255K(600768K)
[386.075s][info ][gc,metaspace ] GC(199) Metaspace: 56597K->56597K(1101824K)
[386.075s][info ][gc           ] GC(199) Pause Young (Allocation Failure) 473M->239M(850M) 4.786ms
[386.075s][info ][gc,cpu       ] GC(199) User=0.02s Sys=0.00s Real=0.01s
[386.076s][info ][safepoint    ] Leaving safepoint region
[386.076s][info ][safepoint    ] Total time for which application threads were stopped: 0.0049480 seconds, Stopping threads took: 0.0000275 seconds
[387.076s][info ][safepoint    ] Application time: 1.0000588 seconds
[387.076s][info ][safepoint    ] Entering safepoint region: Cleanup
[387.076s][info ][safepoint    ] Leaving safepoint region
[387.076s][info ][safepoint    ] Total time for which application threads were stopped: 0.0000664 seconds, Stopping threads took: 0.0000143 seconds
[388.076s][info ][safepoint    ] Application time: 1.0001044 seconds
[388.076s][info ][safepoint    ] Entering safepoint region: Cleanup
[388.076s][info ][safepoint    ] Leaving safepoint region
[388.076s][info ][safepoint    ] Total time for which application threads were stopped: 0.0000675 seconds, Stopping threads took: 0.0000159 seconds
[389.076s][info ][safepoint    ] Application time: 1.0000989 seconds
[389.076s][info ][safepoint    ] Entering safepoint region: Cleanup
[389.076s][info ][safepoint    ] Leaving safepoint region
[389.076s][info ][safepoint    ] Total time for which application threads were stopped: 0.0000644 seconds, Stopping threads took: 0.0000144 seconds
[389.769s][info ][safepoint    ] Application time: 0.6928344 seconds
[389.769s][info ][safepoint    ] Entering safepoint region: GenCollectForAllocation
[389.769s][info ][gc,start     ] GC(200) Pause Young (Allocation Failure)
[389.769s][info ][gc,task      ] GC(200) Using 4 workers of 4 for evacuation
[389.777s][debug][gc,ref       ] GC(200) Skipped phase1 of Reference Processing due to unavailable references
[389.777s][debug][gc,ref       ] GC(200) Skipped phase2 of Reference Processing due to unavailable references
[389.777s][debug][gc,ref       ] GC(200) Skipped phase3 of Reference Processing due to unavailable references
[389.777s][debug][gc,ref       ] GC(200) Skipped phase4 of Reference Processing due to unavailable references
[389.777s][debug][gc,age       ] GC(200) Desired survivor size 15368192 bytes, new threshold 6 (max threshold 6)
[389.777s][info ][gc,heap      ] GC(200) ParNew: 246815K->4775K(270336K)
[389.777s][info ][gc,heap      ] GC(200) CMS: 238255K->241351K(600768K)
[389.777s][info ][gc,metaspace ] GC(200) Metaspace: 56598K->56598K(1101824K)
[389.777s][info ][gc           ] GC(200) Pause Young (Allocation Failure) 473M->240M(850M) 8.188ms
[389.777s][info ][gc,cpu       ] GC(200) User=0.03s Sys=0.00s Real=0.01s
[389.777s][info ][safepoint    ] Leaving safepoint region
[389.777s][info ][safepoint    ] Total time for which application threads were stopped: 0.0083344 seconds, Stopping threads took: 0.0000156 seconds
[390.777s][info ][safepoint    ] Application time: 1.0001044 seconds
[390.777s][info ][safepoint    ] Entering safepoint region: Cleanup
[390.778s][info ][safepoint    ] Leaving safepoint region
[390.778s][info ][safepoint    ] Total time for which application threads were stopped: 0.0000693 seconds, Stopping threads took: 0.0000148 seconds
[391.778s][info ][safepoint    ] Application time: 1.0001096 seconds
[391.778s][info ][safepoint    ] Entering safepoint region: Cleanup
[391.778s][info ][safepoint    ] Leaving safepoint region
[391.778s][info ][safepoint    ] Total time for which application threads were stopped: 0.0000920 seconds, Stopping threads took: 0.0000163 seconds
[392.778s][info ][safepoint    ] Application time: 1.0000828 seconds
[392.778s][info ][safepoint    ] Entering safepoint region: Cleanup
[392.778s][info ][safepoint    ] Leaving safepoint region
[392.778s][info ][safepoint    ] Total time for which application threads were stopped: 0.0000658 seconds, Stopping threads took: 0.0000143 seconds
[393.420s][info ][safepoint    ] Application time: 0.6421221 seconds
[393.420s][info ][safepoint    ] Entering safepoint region: GenCollectForAllocation
[393.420s][info ][gc,start     ] GC(201) Pause Young (Allocation Failure)
[393.420s][info ][gc,task      ] GC(201) Using 4 workers of 4 for evacuation
[393.423s][debug][gc,ref       ] GC(201) Skipped phase1 of Reference Processing due to unavailable references
[393.423s][debug][gc,ref       ] GC(201) Skipped phase2 of Reference Processing due to unavailable references
[393.423s][debug][gc,ref       ] GC(201) Skipped phase3 of Reference Processing due to unavailable references
[393.423s][debug][gc,ref       ] GC(201) Skipped phase4 of Reference Processing due to unavailable references
[393.423s][debug][gc,age       ] GC(201) Desired survivor size 15368192 bytes, new threshold 6 (max threshold 6)
[393.424s][info ][gc,heap      ] GC(201) ParNew: 245095K->2529K(270336K)
[393.424s][info ][gc,heap      ] GC(201) CMS: 241351K->241510K(600768K)
[393.424s][info ][gc,metaspace ] GC(201) Metaspace: 56602K->56602K(1101824K)
[393.424s][info ][gc           ] GC(201) Pause Young (Allocation Failure) 475M->238M(850M) 3.266ms
[393.424s][info ][gc,cpu       ] GC(201) User=0.01s Sys=0.00s Real=0.00s
[393.424s][info ][safepoint    ] Leaving safepoint region
[393.424s][info ][safepoint    ] Total time for which application threads were stopped: 0.0034190 seconds, Stopping threads took: 0.0000150 seconds
[394.424s][info ][safepoint    ] Application time: 1.0001630 seconds
[394.424s][info ][safepoint    ] Entering safepoint region: Cleanup
[394.424s][info ][safepoint    ] Leaving safepoint region
[394.424s][info ][safepoint    ] Total time for which application threads were stopped: 0.0000680 seconds, Stopping threads took: 0.0000154 seconds
[395.424s][info ][safepoint    ] Application time: 1.0000661 seconds
[395.424s][info ][safepoint    ] Entering safepoint region: Cleanup
[395.424s][info ][safepoint    ] Leaving safepoint region
[395.424s][info ][safepoint    ] Total time for which application threads were stopped: 0.0000746 seconds, Stopping threads took: 0.0000144 seconds
[396.424s][info ][safepoint    ] Application time: 1.0000976 seconds
[396.424s][info ][safepoint    ] Entering safepoint region: Cleanup
[396.424s][info ][safepoint    ] Leaving safepoint region
[396.424s][info ][safepoint    ] Total time for which application threads were stopped: 0.0001908 seconds, Stopping threads took: 0.0000574 seconds
[397.169s][info ][safepoint    ] Application time: 0.7450495 seconds
[397.169s][info ][safepoint    ] Entering safepoint region: GenCollectForAllocation
[397.170s][info ][gc,start     ] GC(202) Pause Young (Allocation Failure)
[397.170s][info ][gc,task      ] GC(202) Using 4 workers of 4 for evacuation
[397.173s][debug][gc,ref       ] GC(202) Skipped phase1 of Reference Processing due to unavailable references
[397.173s][debug][gc,ref       ] GC(202) Skipped phase2 of Reference Processing due to unavailable references
[397.173s][debug][gc,ref       ] GC(202) Skipped phase3 of Reference Processing due to unavailable references
[397.173s][debug][gc,ref       ] GC(202) Skipped phase4 of Reference Processing due to unavailable references
[397.174s][debug][gc,age       ] GC(202) Desired survivor size 15368192 bytes, new threshold 6 (max threshold 6)
[397.174s][info ][gc,heap      ] GC(202) ParNew: 242849K->1785K(270336K)
[397.174s][info ][gc,heap      ] GC(202) CMS: 241510K->242186K(600768K)
[397.174s][info ][gc,metaspace ] GC(202) Metaspace: 56604K->56604K(1101824K)
[397.174s][info ][gc           ] GC(202) Pause Young (Allocation Failure) 473M->238M(850M) 4.130ms
[397.174s][info ][gc,cpu       ] GC(202) User=0.02s Sys=0.00s Real=0.00s
[397.174s][info ][safepoint    ] Leaving safepoint region
[397.174s][info ][safepoint    ] Total time for which application threads were stopped: 0.0042779 seconds, Stopping threads took: 0.0000139 seconds
[398.174s][info ][safepoint    ] Application time: 1.0001013 seconds
[398.174s][info ][safepoint    ] Entering safepoint region: Cleanup
[398.174s][info ][safepoint    ] Leaving safepoint region
[398.174s][info ][safepoint    ] Total time for which application threads were stopped: 0.0001789 seconds, Stopping threads took: 0.0000503 seconds
[399.174s][info ][safepoint    ] Application time: 1.0000961 seconds
[399.174s][info ][safepoint    ] Entering safepoint region: Cleanup
[399.174s][info ][safepoint    ] Leaving safepoint region
[399.174s][info ][safepoint    ] Total time for which application threads were stopped: 0.0000995 seconds, Stopping threads took: 0.0000454 seconds
[400.174s][info ][safepoint    ] Application time: 1.0000916 seconds
[400.174s][info ][safepoint    ] Entering safepoint region: Cleanup
[400.175s][info ][safepoint    ] Leaving safepoint region
[400.175s][info ][safepoint    ] Total time for which application threads were stopped: 0.0000751 seconds, Stopping threads took: 0.0000147 seconds
[400.867s][info ][safepoint    ] Application time: 0.6922726 seconds
[400.867s][info ][safepoint    ] Entering safepoint region: GenCollectForAllocation
[400.867s][info ][gc,start     ] GC(203) Pause Young (Allocation Failure)
[400.867s][info ][gc,task      ] GC(203) Using 4 workers of 4 for evacuation
[400.873s][debug][gc,ref       ] GC(203) Skipped phase1 of Reference Processing due to unavailable references
[400.873s][debug][gc,ref       ] GC(203) Skipped phase2 of Reference Processing due to unavailable references
[400.873s][debug][gc,ref       ] GC(203) Skipped phase3 of Reference Processing due to unavailable references
[400.873s][debug][gc,ref       ] GC(203) Skipped phase4 of Reference Processing due to unavailable references
[400.873s][debug][gc,age       ] GC(203) Desired survivor size 15368192 bytes, new threshold 6 (max threshold 6)
[400.873s][info ][gc,heap      ] GC(203) ParNew: 242105K->2268K(270336K)
[400.873s][info ][gc,heap      ] GC(203) CMS: 242186K->242215K(600768K)
[400.873s][info ][gc,metaspace ] GC(203) Metaspace: 56613K->56613K(1101824K)
[400.873s][info ][gc           ] GC(203) Pause Young (Allocation Failure) 472M->238M(850M) 6.066ms
[400.873s][info ][gc,cpu       ] GC(203) User=0.03s Sys=0.00s Real=0.00s
[400.873s][info ][safepoint    ] Leaving safepoint region
[400.873s][info ][safepoint    ] Total time for which application threads were stopped: 0.0062170 seconds, Stopping threads took: 0.0000187 seconds
[401.873s][info ][safepoint    ] Application time: 1.0000959 seconds
[401.873s][info ][safepoint    ] Entering safepoint region: Cleanup
[401.873s][info ][safepoint    ] Leaving safepoint region
[401.873s][info ][safepoint    ] Total time for which application threads were stopped: 0.0000770 seconds, Stopping threads took: 0.0000146 seconds
[402.873s][info ][safepoint    ] Application time: 1.0000988 seconds
[402.873s][info ][safepoint    ] Entering safepoint region: Cleanup
[402.873s][info ][safepoint    ] Leaving safepoint region
[402.873s][info ][safepoint    ] Total time for which application threads were stopped: 0.0000715 seconds, Stopping threads took: 0.0000149 seconds
[403.874s][info ][safepoint    ] Application time: 1.0000937 seconds
[403.874s][info ][safepoint    ] Entering safepoint region: Cleanup
[403.874s][info ][safepoint    ] Leaving safepoint region
[403.874s][info ][safepoint    ] Total time for which application threads were stopped: 0.0001157 seconds, Stopping threads took: 0.0000587 seconds
[404.822s][info ][safepoint    ] Application time: 0.9483006 seconds
[404.822s][info ][safepoint    ] Entering safepoint region: GenCollectForAllocation
[404.822s][info ][gc,start     ] GC(204) Pause Young (Allocation Failure)
[404.822s][info ][gc,task      ] GC(204) Using 4 workers of 4 for evacuation
[404.825s][debug][gc,ref       ] GC(204) Skipped phase1 of Reference Processing due to unavailable references
[404.825s][debug][gc,ref       ] GC(204) Skipped phase2 of Reference Processing due to unavailable references
[404.825s][debug][gc,ref       ] GC(204) Skipped phase3 of Reference Processing due to unavailable references
[404.825s][debug][gc,ref       ] GC(204) Skipped phase4 of Reference Processing due to unavailable references
[404.825s][debug][gc,age       ] GC(204) Desired survivor size 15368192 bytes, new threshold 6 (max threshold 6)
[404.825s][info ][gc,heap      ] GC(204) ParNew: 242588K->2378K(270336K)
[404.825s][info ][gc,heap      ] GC(204) CMS: 242215K->242287K(600768K)
[404.825s][info ][gc,metaspace ] GC(204) Metaspace: 56613K->56613K(1101824K)
[404.825s][info ][gc           ] GC(204) Pause Young (Allocation Failure) 473M->238M(850M) 2.871ms
[404.825s][info ][gc,cpu       ] GC(204) User=0.01s Sys=0.00s Real=0.00s
[404.825s][info ][safepoint    ] Leaving safepoint region
[404.825s][info ][safepoint    ] Total time for which application threads were stopped: 0.0030149 seconds, Stopping threads took: 0.0000147 seconds
[405.825s][info ][safepoint    ] Application time: 1.0000989 seconds
[405.825s][info ][safepoint    ] Entering safepoint region: Cleanup
[405.825s][info ][safepoint    ] Leaving safepoint region
[405.825s][info ][safepoint    ] Total time for which application threads were stopped: 0.0000862 seconds, Stopping threads took: 0.0000311 seconds
[406.826s][info ][safepoint    ] Application time: 1.0002205 seconds
[406.826s][info ][safepoint    ] Entering safepoint region: Cleanup
[406.826s][info ][safepoint    ] Leaving safepoint region
[406.826s][info ][safepoint    ] Total time for which application threads were stopped: 0.0000706 seconds, Stopping threads took: 0.0000159 seconds
[407.826s][info ][safepoint    ] Application time: 1.0001160 seconds
[407.826s][info ][safepoint    ] Entering safepoint region: Cleanup
[407.826s][info ][safepoint    ] Leaving safepoint region
[407.826s][info ][safepoint    ] Total time for which application threads were stopped: 0.0001838 seconds, Stopping threads took: 0.0000156 seconds
[408.765s][info ][safepoint    ] Application time: 0.9393288 seconds
[408.765s][info ][safepoint    ] Entering safepoint region: GenCollectForAllocation
[408.766s][info ][gc,start     ] GC(205) Pause Young (Allocation Failure)
[408.766s][info ][gc,task      ] GC(205) Using 4 workers of 4 for evacuation
[408.768s][debug][gc,ref       ] GC(205) Skipped phase1 of Reference Processing due to unavailable references
[408.768s][debug][gc,ref       ] GC(205) Skipped phase2 of Reference Processing due to unavailable references
[408.768s][debug][gc,ref       ] GC(205) Skipped phase3 of Reference Processing due to unavailable references
[408.768s][debug][gc,ref       ] GC(205) Skipped phase4 of Reference Processing due to unavailable references
[408.768s][debug][gc,age       ] GC(205) Desired survivor size 15368192 bytes, new threshold 6 (max threshold 6)
[408.768s][info ][gc,heap      ] GC(205) ParNew: 242698K->2387K(270336K)
[408.768s][info ][gc,heap      ] GC(205) CMS: 242287K->242353K(600768K)
[408.768s][info ][gc,metaspace ] GC(205) Metaspace: 56618K->56618K(1101824K)
[408.768s][info ][gc           ] GC(205) Pause Young (Allocation Failure) 473M->239M(850M) 2.950ms
[408.768s][info ][gc,cpu       ] GC(205) User=0.01s Sys=0.00s Real=0.01s
[408.769s][info ][safepoint    ] Leaving safepoint region
[408.769s][info ][safepoint    ] Total time for which application threads were stopped: 0.0031513 seconds, Stopping threads took: 0.0000634 seconds
[409.769s][info ][safepoint    ] Application time: 1.0001036 seconds
[409.769s][info ][safepoint    ] Entering safepoint region: Cleanup
[409.769s][info ][safepoint    ] Leaving safepoint region
[409.769s][info ][safepoint    ] Total time for which application threads were stopped: 0.0001357 seconds, Stopping threads took: 0.0000711 seconds
[410.769s][info ][safepoint    ] Application time: 1.0000905 seconds
[410.769s][info ][safepoint    ] Entering safepoint region: Cleanup
[410.769s][info ][safepoint    ] Leaving safepoint region
[410.769s][info ][safepoint    ] Total time for which application threads were stopped: 0.0001357 seconds, Stopping threads took: 0.0000720 seconds
[411.769s][info ][safepoint    ] Application time: 1.0000946 seconds
[411.769s][info ][safepoint    ] Entering safepoint region: Cleanup
[411.769s][info ][safepoint    ] Leaving safepoint region
[411.769s][info ][safepoint    ] Total time for which application threads were stopped: 0.0001910 seconds, Stopping threads took: 0.0001200 seconds
[412.615s][info ][safepoint    ] Application time: 0.8460214 seconds
[412.615s][info ][safepoint    ] Entering safepoint region: GenCollectForAllocation
[412.616s][info ][gc,start     ] GC(206) Pause Young (Allocation Failure)
[412.616s][info ][gc,task      ] GC(206) Using 4 workers of 4 for evacuation
[412.620s][debug][gc,ref       ] GC(206) Skipped phase1 of Reference Processing due to unavailable references
[412.620s][debug][gc,ref       ] GC(206) Skipped phase2 of Reference Processing due to unavailable references
[412.620s][debug][gc,ref       ] GC(206) Skipped phase3 of Reference Processing due to unavailable references
[412.620s][debug][gc,ref       ] GC(206) Skipped phase4 of Reference Processing due to unavailable references
[412.620s][debug][gc,age       ] GC(206) Desired survivor size 15368192 bytes, new threshold 6 (max threshold 6)
[412.620s][info ][gc,heap      ] GC(206) ParNew: 242707K->2898K(270336K)
[412.620s][info ][gc,heap      ] GC(206) CMS: 242353K->242577K(600768K)
[412.620s][info ][gc,metaspace ] GC(206) Metaspace: 56618K->56618K(1101824K)
[412.620s][info ][gc           ] GC(206) Pause Young (Allocation Failure) 473M->239M(850M) 4.905ms
[412.620s][info ][gc,cpu       ] GC(206) User=0.02s Sys=0.00s Real=0.00s
[412.621s][info ][safepoint    ] Leaving safepoint region
[412.621s][info ][safepoint    ] Total time for which application threads were stopped: 0.0050776 seconds, Stopping threads took: 0.0000157 seconds
[413.621s][info ][safepoint    ] Application time: 1.0000855 seconds
[413.621s][info ][safepoint    ] Entering safepoint region: Cleanup
[413.621s][info ][safepoint    ] Leaving safepoint region
[413.621s][info ][safepoint    ] Total time for which application threads were stopped: 0.0001383 seconds, Stopping threads took: 0.0000650 seconds
[414.621s][info ][safepoint    ] Application time: 1.0001020 seconds
[414.621s][info ][safepoint    ] Entering safepoint region: Cleanup
[414.621s][info ][safepoint    ] Leaving safepoint region
[414.621s][info ][safepoint    ] Total time for which application threads were stopped: 0.0001442 seconds, Stopping threads took: 0.0000774 seconds
[415.621s][info ][safepoint    ] Application time: 1.0000723 seconds
[415.621s][info ][safepoint    ] Entering safepoint region: Cleanup
[415.621s][info ][safepoint    ] Leaving safepoint region
[415.621s][info ][safepoint    ] Total time for which application threads were stopped: 0.0001397 seconds, Stopping threads took: 0.0000748 seconds
[416.619s][info ][safepoint    ] Application time: 0.9976431 seconds
[416.619s][info ][safepoint    ] Entering safepoint region: GenCollectForAllocation
[416.619s][info ][gc,start     ] GC(207) Pause Young (Allocation Failure)
[416.619s][info ][gc,task      ] GC(207) Using 4 workers of 4 for evacuation
[416.622s][debug][gc,ref       ] GC(207) Skipped phase1 of Reference Processing due to unavailable references
[416.622s][debug][gc,ref       ] GC(207) Skipped phase2 of Reference Processing due to unavailable references
[416.622s][debug][gc,ref       ] GC(207) Skipped phase3 of Reference Processing due to unavailable references
[416.622s][debug][gc,ref       ] GC(207) Skipped phase4 of Reference Processing due to unavailable references
[416.623s][debug][gc,age       ] GC(207) Desired survivor size 15368192 bytes, new threshold 6 (max threshold 6)
[416.623s][info ][gc,heap      ] GC(207) ParNew: 243218K->2247K(270336K)
[416.623s][info ][gc,heap      ] GC(207) CMS: 242577K->242729K(600768K)
[416.623s][info ][gc,metaspace ] GC(207) Metaspace: 56618K->56618K(1101824K)
[416.623s][info ][gc           ] GC(207) Pause Young (Allocation Failure) 474M->239M(850M) 3.545ms
[416.623s][info ][gc,cpu       ] GC(207) User=0.01s Sys=0.00s Real=0.00s
[416.623s][info ][safepoint    ] Leaving safepoint region
[416.623s][info ][safepoint    ] Total time for which application threads were stopped: 0.0036925 seconds, Stopping threads took: 0.0000139 seconds
[417.623s][info ][safepoint    ] Application time: 1.0000853 seconds
[417.623s][info ][safepoint    ] Entering safepoint region: Cleanup
[417.623s][info ][safepoint    ] Leaving safepoint region
[417.623s][info ][safepoint    ] Total time for which application threads were stopped: 0.0001113 seconds, Stopping threads took: 0.0000574 seconds
[418.623s][info ][safepoint    ] Application time: 1.0000940 seconds
[418.623s][info ][safepoint    ] Entering safepoint region: Cleanup
[418.623s][info ][safepoint    ] Leaving safepoint region
[418.623s][info ][safepoint    ] Total time for which application threads were stopped: 0.0002348 seconds, Stopping threads took: 0.0001704 seconds
[419.623s][info ][safepoint    ] Application time: 1.0000895 seconds
[419.624s][info ][safepoint    ] Entering safepoint region: Cleanup
[419.624s][info ][safepoint    ] Leaving safepoint region
[419.624s][info ][safepoint    ] Total time for which application threads were stopped: 0.0001541 seconds, Stopping threads took: 0.0000582 seconds
[420.465s][info ][safepoint    ] Application time: 0.8415661 seconds
[420.465s][info ][safepoint    ] Entering safepoint region: GenCollectForAllocation
[420.465s][info ][gc,start     ] GC(208) Pause Young (Allocation Failure)
[420.465s][info ][gc,task      ] GC(208) Using 4 workers of 4 for evacuation
[420.469s][debug][gc,ref       ] GC(208) Skipped phase1 of Reference Processing due to unavailable references
[420.469s][debug][gc,ref       ] GC(208) Skipped phase2 of Reference Processing due to unavailable references
[420.469s][debug][gc,ref       ] GC(208) Skipped phase3 of Reference Processing due to unavailable references
[420.469s][debug][gc,ref       ] GC(208) Skipped phase4 of Reference Processing due to unavailable references
[420.469s][debug][gc,age       ] GC(208) Desired survivor size 15368192 bytes, new threshold 6 (max threshold 6)
[420.469s][info ][gc,heap      ] GC(208) ParNew: 242567K->2174K(270336K)
[420.469s][info ][gc,heap      ] GC(208) CMS: 242729K->243146K(600768K)
[420.469s][info ][gc,metaspace ] GC(208) Metaspace: 56619K->56619K(1101824K)
[420.469s][info ][gc           ] GC(208) Pause Young (Allocation Failure) 473M->239M(850M) 3.504ms
[420.469s][info ][gc,cpu       ] GC(208) User=0.01s Sys=0.00s Real=0.01s
[420.469s][info ][safepoint    ] Leaving safepoint region
[420.469s][info ][safepoint    ] Total time for which application threads were stopped: 0.0037194 seconds, Stopping threads took: 0.0000696 seconds
[421.469s][info ][safepoint    ] Application time: 1.0001041 seconds
[421.469s][info ][safepoint    ] Entering safepoint region: Cleanup
[421.469s][info ][safepoint    ] Leaving safepoint region
[421.469s][info ][safepoint    ] Total time for which application threads were stopped: 0.0001231 seconds, Stopping threads took: 0.0000602 seconds
[422.469s][info ][safepoint    ] Application time: 1.0001793 seconds
[422.470s][info ][safepoint    ] Entering safepoint region: Cleanup
[422.470s][info ][safepoint    ] Leaving safepoint region
[422.470s][info ][safepoint    ] Total time for which application threads were stopped: 0.0001823 seconds, Stopping threads took: 0.0000868 seconds
[423.470s][info ][safepoint    ] Application time: 1.0001126 seconds
[423.470s][info ][safepoint    ] Entering safepoint region: Cleanup
[423.470s][info ][safepoint    ] Leaving safepoint region
[423.470s][info ][safepoint    ] Total time for which application threads were stopped: 0.0001241 seconds, Stopping threads took: 0.0000647 seconds
[424.266s][info ][safepoint    ] Application time: 0.7958456 seconds
[424.266s][info ][safepoint    ] Entering safepoint region: GenCollectForAllocation
[424.266s][info ][gc,start     ] GC(209) Pause Young (Allocation Failure)
[424.266s][info ][gc,task      ] GC(209) Using 4 workers of 4 for evacuation
[424.269s][debug][gc,ref       ] GC(209) Skipped phase1 of Reference Processing due to unavailable references
[424.269s][debug][gc,ref       ] GC(209) Skipped phase2 of Reference Processing due to unavailable references
[424.269s][debug][gc,ref       ] GC(209) Skipped phase3 of Reference Processing due to unavailable references
[424.269s][debug][gc,ref       ] GC(209) Skipped phase4 of Reference Processing due to unavailable references
[424.269s][debug][gc,age       ] GC(209) Desired survivor size 15368192 bytes, new threshold 6 (max threshold 6)
[424.269s][info ][gc,heap      ] GC(209) ParNew: 242494K->2008K(270336K)
[424.269s][info ][gc,heap      ] GC(209) CMS: 243146K->243614K(600768K)
[424.269s][info ][gc,metaspace ] GC(209) Metaspace: 56621K->56621K(1101824K)
[424.269s][info ][gc           ] GC(209) Pause Young (Allocation Failure) 474M->239M(850M) 3.218ms
[424.269s][info ][gc,cpu       ] GC(209) User=0.02s Sys=0.00s Real=0.00s
[424.269s][info ][safepoint    ] Leaving safepoint region
[424.269s][info ][safepoint    ] Total time for which application threads were stopped: 0.0033736 seconds, Stopping threads took: 0.0000148 seconds
[425.269s][info ][safepoint    ] Application time: 1.0001097 seconds
[425.269s][info ][safepoint    ] Entering safepoint region: Cleanup
[425.269s][info ][safepoint    ] Leaving safepoint region
[425.269s][info ][safepoint    ] Total time for which application threads were stopped: 0.0001308 seconds, Stopping threads took: 0.0000533 seconds
[426.270s][info ][safepoint    ] Application time: 1.0000821 seconds
[426.270s][info ][safepoint    ] Entering safepoint region: Cleanup
[426.270s][info ][safepoint    ] Leaving safepoint region
[426.270s][info ][safepoint    ] Total time for which application threads were stopped: 0.0002062 seconds, Stopping threads took: 0.0001426 seconds
[427.270s][info ][safepoint    ] Application time: 1.0000598 seconds
[427.270s][info ][safepoint    ] Entering safepoint region: Cleanup
[427.270s][info ][safepoint    ] Leaving safepoint region
[427.270s][info ][safepoint    ] Total time for which application threads were stopped: 0.0001343 seconds, Stopping threads took: 0.0000521 seconds
[427.568s][info ][safepoint    ] Application time: 0.2980423 seconds
[427.568s][info ][safepoint    ] Entering safepoint region: GenCollectForAllocation
[427.568s][info ][gc,start     ] GC(210) Pause Young (Allocation Failure)
[427.568s][info ][gc,task      ] GC(210) Using 4 workers of 4 for evacuation
[427.573s][debug][gc,ref       ] GC(210) Skipped phase1 of Reference Processing due to unavailable references
[427.573s][debug][gc,ref       ] GC(210) Skipped phase3 of Reference Processing due to unavailable references
[427.573s][debug][gc,age       ] GC(210) Desired survivor size 15368192 bytes, new threshold 6 (max threshold 6)
[427.573s][info ][gc,heap      ] GC(210) ParNew: 242328K->6136K(270336K)
[427.573s][info ][gc,heap      ] GC(210) CMS: 243614K->243649K(600768K)
[427.573s][info ][gc,metaspace ] GC(210) Metaspace: 56643K->56643K(1101824K)
[427.573s][info ][gc           ] GC(210) Pause Young (Allocation Failure) 474M->243M(850M) 4.701ms
[427.573s][info ][gc,cpu       ] GC(210) User=0.02s Sys=0.00s Real=0.00s
[427.573s][info ][safepoint    ] Leaving safepoint region
[427.573s][info ][safepoint    ] Total time for which application threads were stopped: 0.0048610 seconds, Stopping threads took: 0.0000136 seconds
[428.573s][info ][safepoint    ] Application time: 1.0001102 seconds
[428.573s][info ][safepoint    ] Entering safepoint region: Cleanup
[428.573s][info ][safepoint    ] Leaving safepoint region
[428.573s][info ][safepoint    ] Total time for which application threads were stopped: 0.0001788 seconds, Stopping threads took: 0.0000529 seconds
[429.573s][info ][safepoint    ] Application time: 1.0001016 seconds
[429.573s][info ][safepoint    ] Entering safepoint region: Cleanup
[429.574s][info ][safepoint    ] Leaving safepoint region
[429.574s][info ][safepoint    ] Total time for which application threads were stopped: 0.0000712 seconds, Stopping threads took: 0.0000145 seconds
[430.574s][info ][safepoint    ] Application time: 1.0001022 seconds
[430.574s][info ][safepoint    ] Entering safepoint region: Cleanup
[430.574s][info ][safepoint    ] Leaving safepoint region
[430.574s][info ][safepoint    ] Total time for which application threads were stopped: 0.0000715 seconds, Stopping threads took: 0.0000159 seconds
[431.270s][info ][safepoint    ] Application time: 0.6959697 seconds
[431.270s][info ][safepoint    ] Entering safepoint region: GenCollectForAllocation
[431.270s][info ][gc,start     ] GC(211) Pause Young (Allocation Failure)
[431.270s][info ][gc,task      ] GC(211) Using 4 workers of 4 for evacuation
[431.274s][debug][gc,ref       ] GC(211) Skipped phase1 of Reference Processing due to unavailable references
[431.274s][debug][gc,ref       ] GC(211) Skipped phase2 of Reference Processing due to unavailable references
[431.274s][debug][gc,ref       ] GC(211) Skipped phase3 of Reference Processing due to unavailable references
[431.274s][debug][gc,ref       ] GC(211) Skipped phase4 of Reference Processing due to unavailable references
[431.274s][debug][gc,age       ] GC(211) Desired survivor size 15368192 bytes, new threshold 6 (max threshold 6)
[431.274s][info ][gc,heap      ] GC(211) ParNew: 246456K->7976K(270336K)
[431.274s][info ][gc,heap      ] GC(211) CMS: 243649K->243697K(600768K)
[431.274s][info ][gc,metaspace ] GC(211) Metaspace: 56645K->56645K(1101824K)
[431.274s][info ][gc           ] GC(211) Pause Young (Allocation Failure) 478M->245M(850M) 4.024ms
[431.274s][info ][gc,cpu       ] GC(211) User=0.01s Sys=0.00s Real=0.01s
[431.274s][info ][safepoint    ] Leaving safepoint region
[431.274s][info ][safepoint    ] Total time for which application threads were stopped: 0.0041933 seconds, Stopping threads took: 0.0000150 seconds
[432.274s][info ][safepoint    ] Application time: 1.0000827 seconds
[432.274s][info ][safepoint    ] Entering safepoint region: Cleanup
[432.274s][info ][safepoint    ] Leaving safepoint region
[432.274s][info ][safepoint    ] Total time for which application threads were stopped: 0.0000852 seconds, Stopping threads took: 0.0000144 seconds
[433.274s][info ][safepoint    ] Application time: 1.0000903 seconds
[433.274s][info ][safepoint    ] Entering safepoint region: Cleanup
[433.274s][info ][safepoint    ] Leaving safepoint region
[433.274s][info ][safepoint    ] Total time for which application threads were stopped: 0.0000771 seconds, Stopping threads took: 0.0000154 seconds
[434.274s][info ][safepoint    ] Application time: 1.0000851 seconds
[434.274s][info ][safepoint    ] Entering safepoint region: Cleanup
[434.275s][info ][safepoint    ] Leaving safepoint region
[434.275s][info ][safepoint    ] Total time for which application threads were stopped: 0.0000640 seconds, Stopping threads took: 0.0000151 seconds
[435.166s][info ][safepoint    ] Application time: 0.8916418 seconds
[435.166s][info ][safepoint    ] Entering safepoint region: GenCollectForAllocation
[435.166s][info ][gc,start     ] GC(212) Pause Young (Allocation Failure)
[435.166s][info ][gc,task      ] GC(212) Using 4 workers of 4 for evacuation
[435.172s][debug][gc,ref       ] GC(212) Skipped phase1 of Reference Processing due to unavailable references
[435.172s][debug][gc,ref       ] GC(212) Skipped phase2 of Reference Processing due to unavailable references
[435.172s][debug][gc,ref       ] GC(212) Skipped phase3 of Reference Processing due to unavailable references
[435.172s][debug][gc,ref       ] GC(212) Skipped phase4 of Reference Processing due to unavailable references
[435.172s][debug][gc,age       ] GC(212) Desired survivor size 15368192 bytes, new threshold 6 (max threshold 6)
[435.172s][info ][gc,heap      ] GC(212) ParNew: 248296K->6184K(270336K)
[435.172s][info ][gc,heap      ] GC(212) CMS: 243697K->243810K(600768K)
[435.172s][info ][gc,metaspace ] GC(212) Metaspace: 56645K->56645K(1101824K)
[435.172s][info ][gc           ] GC(212) Pause Young (Allocation Failure) 480M->244M(850M) 5.776ms
[435.172s][info ][gc,cpu       ] GC(212) User=0.02s Sys=0.00s Real=0.00s
[435.172s][info ][safepoint    ] Leaving safepoint region
[435.172s][info ][safepoint    ] Total time for which application threads were stopped: 0.0059272 seconds, Stopping threads took: 0.0000143 seconds
[436.172s][info ][safepoint    ] Application time: 1.0000804 seconds
[436.172s][info ][safepoint    ] Entering safepoint region: Cleanup
[436.172s][info ][safepoint    ] Leaving safepoint region
[436.172s][info ][safepoint    ] Total time for which application threads were stopped: 0.0001332 seconds, Stopping threads took: 0.0000644 seconds
[437.173s][info ][safepoint    ] Application time: 1.0001099 seconds
[437.173s][info ][safepoint    ] Entering safepoint region: Cleanup
[437.173s][info ][safepoint    ] Leaving safepoint region
[437.173s][info ][safepoint    ] Total time for which application threads were stopped: 0.0001336 seconds, Stopping threads took: 0.0000655 seconds
[438.173s][info ][safepoint    ] Application time: 1.0000864 seconds
[438.173s][info ][safepoint    ] Entering safepoint region: Cleanup
[438.173s][info ][safepoint    ] Leaving safepoint region
[438.173s][info ][safepoint    ] Total time for which application threads were stopped: 0.0002412 seconds, Stopping threads took: 0.0001725 seconds
[439.015s][info ][safepoint    ] Application time: 0.8419542 seconds
[439.015s][info ][safepoint    ] Entering safepoint region: GenCollectForAllocation
[439.015s][info ][gc,start     ] GC(213) Pause Young (Allocation Failure)
[439.015s][info ][gc,task      ] GC(213) Using 4 workers of 4 for evacuation
[439.019s][debug][gc,ref       ] GC(213) Skipped phase1 of Reference Processing due to unavailable references
[439.019s][debug][gc,ref       ] GC(213) Skipped phase2 of Reference Processing due to unavailable references
[439.019s][debug][gc,ref       ] GC(213) Skipped phase3 of Reference Processing due to unavailable references
[439.019s][debug][gc,ref       ] GC(213) Skipped phase4 of Reference Processing due to unavailable references
[439.019s][debug][gc,age       ] GC(213) Desired survivor size 15368192 bytes, new threshold 6 (max threshold 6)
[439.019s][info ][gc,heap      ] GC(213) ParNew: 246504K->6419K(270336K)
[439.019s][info ][gc,heap      ] GC(213) CMS: 243810K->243904K(600768K)
[439.019s][info ][gc,metaspace ] GC(213) Metaspace: 56650K->56650K(1101824K)
[439.019s][info ][gc           ] GC(213) Pause Young (Allocation Failure) 478M->244M(850M) 4.206ms
[439.019s][info ][gc,cpu       ] GC(213) User=0.02s Sys=0.00s Real=0.00s
[439.019s][info ][safepoint    ] Leaving safepoint region
[439.019s][info ][safepoint    ] Total time for which application threads were stopped: 0.0043454 seconds, Stopping threads took: 0.0000149 seconds
[440.020s][info ][safepoint    ] Application time: 1.0002103 seconds
[440.020s][info ][safepoint    ] Entering safepoint region: Cleanup
[440.020s][info ][safepoint    ] Leaving safepoint region
[440.020s][info ][safepoint    ] Total time for which application threads were stopped: 0.0001015 seconds, Stopping threads took: 0.0000376 seconds
[441.020s][info ][safepoint    ] Application time: 1.0001107 seconds
[441.020s][info ][safepoint    ] Entering safepoint region: Cleanup
[441.020s][info ][safepoint    ] Leaving safepoint region
[441.020s][info ][safepoint    ] Total time for which application threads were stopped: 0.0001400 seconds, Stopping threads took: 0.0000750 seconds
[442.020s][info ][safepoint    ] Application time: 1.0000859 seconds
[442.020s][info ][safepoint    ] Entering safepoint region: Cleanup
[442.020s][info ][safepoint    ] Leaving safepoint region
[442.020s][info ][safepoint    ] Total time for which application threads were stopped: 0.0001391 seconds, Stopping threads took: 0.0000790 seconds
[442.915s][info ][safepoint    ] Application time: 0.8948086 seconds
[442.915s][info ][safepoint    ] Entering safepoint region: GenCollectForAllocation
[442.915s][info ][gc,start     ] GC(214) Pause Young (Allocation Failure)
[442.915s][info ][gc,task      ] GC(214) Using 4 workers of 4 for evacuation
[442.927s][debug][gc,ref       ] GC(214) Skipped phase1 of Reference Processing due to unavailable references
[442.927s][debug][gc,ref       ] GC(214) Skipped phase2 of Reference Processing due to unavailable references
[442.927s][debug][gc,ref       ] GC(214) Skipped phase3 of Reference Processing due to unavailable references
[442.927s][debug][gc,ref       ] GC(214) Skipped phase4 of Reference Processing due to unavailable references
[442.927s][debug][gc,age       ] GC(214) Desired survivor size 15368192 bytes, new threshold 6 (max threshold 6)
[442.927s][info ][gc,heap      ] GC(214) ParNew: 246739K->7801K(270336K)
[442.927s][info ][gc,heap      ] GC(214) CMS: 243904K->244082K(600768K)
[442.927s][info ][gc,metaspace ] GC(214) Metaspace: 56653K->56653K(1101824K)
[442.927s][info ][gc           ] GC(214) Pause Young (Allocation Failure) 479M->245M(850M) 11.468ms
[442.927s][info ][gc,cpu       ] GC(214) User=0.04s Sys=0.00s Real=0.01s
[442.927s][info ][safepoint    ] Leaving safepoint region
[442.927s][info ][safepoint    ] Total time for which application threads were stopped: 0.0116565 seconds, Stopping threads took: 0.0000454 seconds
[443.927s][info ][safepoint    ] Application time: 1.0000977 seconds
[443.927s][info ][safepoint    ] Entering safepoint region: Cleanup
[443.927s][info ][safepoint    ] Leaving safepoint region
[443.927s][info ][safepoint    ] Total time for which application threads were stopped: 0.0000917 seconds, Stopping threads took: 0.0000315 seconds
[444.927s][info ][safepoint    ] Application time: 1.0000921 seconds
[444.927s][info ][safepoint    ] Entering safepoint region: Cleanup
[444.927s][info ][safepoint    ] Leaving safepoint region
[444.927s][info ][safepoint    ] Total time for which application threads were stopped: 0.0000831 seconds, Stopping threads took: 0.0000147 seconds
[445.927s][info ][safepoint    ] Application time: 1.0000786 seconds
[445.927s][info ][safepoint    ] Entering safepoint region: Cleanup
[445.927s][info ][safepoint    ] Leaving safepoint region
[445.927s][info ][safepoint    ] Total time for which application threads were stopped: 0.0000627 seconds, Stopping threads took: 0.0000151 seconds
[446.766s][info ][safepoint    ] Application time: 0.8382054 seconds
[446.766s][info ][safepoint    ] Entering safepoint region: GenCollectForAllocation
[446.766s][info ][gc,start     ] GC(215) Pause Young (Allocation Failure)
[446.766s][info ][gc,task      ] GC(215) Using 4 workers of 4 for evacuation
[446.770s][debug][gc,ref       ] GC(215) Skipped phase1 of Reference Processing due to unavailable references
[446.770s][debug][gc,ref       ] GC(215) Skipped phase2 of Reference Processing due to unavailable references
[446.770s][debug][gc,ref       ] GC(215) Skipped phase3 of Reference Processing due to unavailable references
[446.770s][debug][gc,ref       ] GC(215) Skipped phase4 of Reference Processing due to unavailable references
[446.770s][debug][gc,age       ] GC(215) Desired survivor size 15368192 bytes, new threshold 6 (max threshold 6)
[446.770s][info ][gc,heap      ] GC(215) ParNew: 248121K->6421K(270336K)
[446.770s][info ][gc,heap      ] GC(215) CMS: 244082K->244519K(600768K)
[446.770s][info ][gc,metaspace ] GC(215) Metaspace: 56655K->56655K(1101824K)
[446.771s][info ][gc           ] GC(215) Pause Young (Allocation Failure) 480M->245M(850M) 4.638ms
[446.771s][info ][gc,cpu       ] GC(215) User=0.02s Sys=0.00s Real=0.00s
[446.771s][info ][safepoint    ] Leaving safepoint region
[446.771s][info ][safepoint    ] Total time for which application threads were stopped: 0.0048623 seconds, Stopping threads took: 0.0000557 seconds
[447.771s][info ][safepoint    ] Application time: 1.0001080 seconds
[447.771s][info ][safepoint    ] Entering safepoint region: Cleanup
[447.771s][info ][safepoint    ] Leaving safepoint region
[447.771s][info ][safepoint    ] Total time for which application threads were stopped: 0.0001302 seconds, Stopping threads took: 0.0000579 seconds
[448.771s][info ][safepoint    ] Application time: 1.0000734 seconds
[448.771s][info ][safepoint    ] Entering safepoint region: Cleanup
[448.771s][info ][safepoint    ] Leaving safepoint region
[448.771s][info ][safepoint    ] Total time for which application threads were stopped: 0.0001324 seconds, Stopping threads took: 0.0000635 seconds
[449.771s][info ][safepoint    ] Application time: 1.0000916 seconds
[449.771s][info ][safepoint    ] Entering safepoint region: Cleanup
[449.771s][info ][safepoint    ] Leaving safepoint region
[449.771s][info ][safepoint    ] Total time for which application threads were stopped: 0.0001569 seconds, Stopping threads took: 0.0000804 seconds
[450.639s][info ][safepoint    ] Application time: 0.8680824 seconds
[450.640s][info ][safepoint    ] Entering safepoint region: GenCollectForAllocation
[450.640s][info ][gc,start     ] GC(216) Pause Young (Allocation Failure)
[450.640s][info ][gc,task      ] GC(216) Using 4 workers of 4 for evacuation
[450.647s][debug][gc,ref       ] GC(216) Skipped phase1 of Reference Processing due to unavailable references
[450.647s][debug][gc,ref       ] GC(216) Skipped phase2 of Reference Processing due to unavailable references
[450.647s][debug][gc,ref       ] GC(216) Skipped phase3 of Reference Processing due to unavailable references
[450.647s][debug][gc,ref       ] GC(216) Skipped phase4 of Reference Processing due to unavailable references
[450.647s][debug][gc,age       ] GC(216) Desired survivor size 15368192 bytes, new threshold 6 (max threshold 6)
[450.648s][info ][gc,heap      ] GC(216) ParNew: 246741K->4882K(270336K)
[450.648s][info ][gc,heap      ] GC(216) CMS: 244519K->248080K(600768K)
[450.648s][info ][gc,metaspace ] GC(216) Metaspace: 56656K->56656K(1101824K)
[450.648s][info ][gc           ] GC(216) Pause Young (Allocation Failure) 479M->247M(850M) 7.919ms
[450.648s][info ][gc,cpu       ] GC(216) User=0.03s Sys=0.00s Real=0.01s
[450.648s][info ][safepoint    ] Leaving safepoint region
[450.648s][info ][safepoint    ] Total time for which application threads were stopped: 0.0080821 seconds, Stopping threads took: 0.0000155 seconds
[451.648s][info ][safepoint    ] Application time: 1.0001073 seconds
[451.648s][info ][safepoint    ] Entering safepoint region: Cleanup
[451.648s][info ][safepoint    ] Leaving safepoint region
[451.648s][info ][safepoint    ] Total time for which application threads were stopped: 0.0001602 seconds, Stopping threads took: 0.0000154 seconds
[452.648s][info ][safepoint    ] Application time: 1.0001138 seconds
[452.648s][info ][safepoint    ] Entering safepoint region: Cleanup
[452.648s][info ][safepoint    ] Leaving safepoint region
[452.648s][info ][safepoint    ] Total time for which application threads were stopped: 0.0001306 seconds, Stopping threads took: 0.0000192 seconds
[453.648s][info ][safepoint    ] Application time: 1.0002012 seconds
[453.648s][info ][safepoint    ] Entering safepoint region: Cleanup
[453.649s][info ][safepoint    ] Leaving safepoint region
[453.649s][info ][safepoint    ] Total time for which application threads were stopped: 0.0001272 seconds, Stopping threads took: 0.0000180 seconds
[454.522s][info ][safepoint    ] Application time: 0.8730842 seconds
[454.522s][info ][safepoint    ] Entering safepoint region: GenCollectForAllocation
[454.522s][info ][gc,start     ] GC(217) Pause Young (Allocation Failure)
[454.522s][info ][gc,task      ] GC(217) Using 4 workers of 4 for evacuation
[454.527s][debug][gc,ref       ] GC(217) Skipped phase1 of Reference Processing due to unavailable references
[454.527s][debug][gc,ref       ] GC(217) Skipped phase3 of Reference Processing due to unavailable references
[454.527s][debug][gc,age       ] GC(217) Desired survivor size 15368192 bytes, new threshold 6 (max threshold 6)
[454.527s][info ][gc,heap      ] GC(217) ParNew: 245202K->1547K(270336K)
[454.527s][info ][gc,heap      ] GC(217) CMS: 248080K->248827K(600768K)
[454.527s][info ][gc,metaspace ] GC(217) Metaspace: 56669K->56669K(1101824K)
[454.527s][info ][gc           ] GC(217) Pause Young (Allocation Failure) 481M->244M(850M) 5.337ms
[454.527s][info ][gc,cpu       ] GC(217) User=0.02s Sys=0.00s Real=0.01s
[454.527s][info ][safepoint    ] Leaving safepoint region
[454.527s][info ][safepoint    ] Total time for which application threads were stopped: 0.0055028 seconds, Stopping threads took: 0.0000153 seconds
[455.527s][info ][safepoint    ] Application time: 1.0000598 seconds
[455.527s][info ][safepoint    ] Entering safepoint region: Cleanup
[455.527s][info ][safepoint    ] Leaving safepoint region
[455.527s][info ][safepoint    ] Total time for which application threads were stopped: 0.0000674 seconds, Stopping threads took: 0.0000151 seconds
[456.527s][info ][safepoint    ] Application time: 1.0000931 seconds
[456.528s][info ][safepoint    ] Entering safepoint region: Cleanup
[456.528s][info ][safepoint    ] Leaving safepoint region
[456.528s][info ][safepoint    ] Total time for which application threads were stopped: 0.0000817 seconds, Stopping threads took: 0.0000155 seconds
[457.529s][info ][safepoint    ] Application time: 1.0011262 seconds
[457.529s][info ][safepoint    ] Entering safepoint region: Cleanup
[457.529s][info ][safepoint    ] Leaving safepoint region
[457.529s][info ][safepoint    ] Total time for which application threads were stopped: 0.0001042 seconds, Stopping threads took: 0.0000516 seconds
[458.370s][info ][safepoint    ] Application time: 0.8411380 seconds
[458.370s][info ][safepoint    ] Entering safepoint region: GenCollectForAllocation
[458.370s][info ][gc,start     ] GC(218) Pause Young (Allocation Failure)
[458.370s][info ][gc,task      ] GC(218) Using 4 workers of 4 for evacuation
[458.372s][debug][gc,ref       ] GC(218) Skipped phase1 of Reference Processing due to unavailable references
[458.372s][debug][gc,ref       ] GC(218) Skipped phase3 of Reference Processing due to unavailable references
[458.372s][debug][gc,ref       ] GC(218) Skipped phase4 of Reference Processing due to unavailable references
[458.372s][debug][gc,age       ] GC(218) Desired survivor size 15368192 bytes, new threshold 6 (max threshold 6)
[458.372s][info ][gc,heap      ] GC(218) ParNew: 241867K->1130K(270336K)
[458.372s][info ][gc,heap      ] GC(218) CMS: 248827K->248870K(600768K)
[458.372s][info ][gc,metaspace ] GC(218) Metaspace: 56671K->56671K(1101824K)
[458.373s][info ][gc           ] GC(218) Pause Young (Allocation Failure) 479M->244M(850M) 2.343ms
[458.373s][info ][gc,cpu       ] GC(218) User=0.01s Sys=0.00s Real=0.00s
[458.373s][info ][safepoint    ] Leaving safepoint region
[458.373s][info ][safepoint    ] Total time for which application threads were stopped: 0.0024809 seconds, Stopping threads took: 0.0000138 seconds
[459.373s][info ][safepoint    ] Application time: 1.0000942 seconds
[459.373s][info ][safepoint    ] Entering safepoint region: Cleanup
[459.373s][info ][safepoint    ] Leaving safepoint region
[459.373s][info ][safepoint    ] Total time for which application threads were stopped: 0.0001391 seconds, Stopping threads took: 0.0000694 seconds
[460.373s][info ][safepoint    ] Application time: 1.0000992 seconds
[460.373s][info ][safepoint    ] Entering safepoint region: Cleanup
[460.373s][info ][safepoint    ] Leaving safepoint region
[460.373s][info ][safepoint    ] Total time for which application threads were stopped: 0.0001122 seconds, Stopping threads took: 0.0000477 seconds
[461.373s][info ][safepoint    ] Application time: 1.0001027 seconds
[461.373s][info ][safepoint    ] Entering safepoint region: Cleanup
[461.373s][info ][safepoint    ] Leaving safepoint region
[461.373s][info ][safepoint    ] Total time for which application threads were stopped: 0.0002045 seconds, Stopping threads took: 0.0001021 seconds
[462.265s][info ][safepoint    ] Application time: 0.8917911 seconds
[462.265s][info ][safepoint    ] Entering safepoint region: GenCollectForAllocation
[462.265s][info ][gc,start     ] GC(219) Pause Young (Allocation Failure)
[462.265s][info ][gc,task      ] GC(219) Using 4 workers of 4 for evacuation
[462.268s][debug][gc,ref       ] GC(219) Skipped phase1 of Reference Processing due to unavailable references
[462.268s][debug][gc,ref       ] GC(219) Skipped phase3 of Reference Processing due to unavailable references
[462.268s][debug][gc,age       ] GC(219) Desired survivor size 15368192 bytes, new threshold 6 (max threshold 6)
[462.268s][info ][gc,heap      ] GC(219) ParNew: 241450K->1495K(270336K)
[462.268s][info ][gc,heap      ] GC(219) CMS: 248870K->248966K(600768K)
[462.268s][info ][gc,metaspace ] GC(219) Metaspace: 56755K->56755K(1101824K)
[462.268s][info ][gc           ] GC(219) Pause Young (Allocation Failure) 478M->244M(850M) 2.530ms
[462.268s][info ][gc,cpu       ] GC(219) User=0.01s Sys=0.00s Real=0.01s
[462.268s][info ][safepoint    ] Leaving safepoint region
[462.268s][info ][safepoint    ] Total time for which application threads were stopped: 0.0027629 seconds, Stopping threads took: 0.0000688 seconds
[463.268s][info ][safepoint    ] Application time: 1.0001642 seconds
[463.268s][info ][safepoint    ] Entering safepoint region: Cleanup
[463.268s][info ][safepoint    ] Leaving safepoint region
[463.268s][info ][safepoint    ] Total time for which application threads were stopped: 0.0001256 seconds, Stopping threads took: 0.0000658 seconds
[464.268s][info ][safepoint    ] Application time: 1.0000946 seconds
[464.269s][info ][safepoint    ] Entering safepoint region: Cleanup
[464.269s][info ][safepoint    ] Leaving safepoint region
[464.269s][info ][safepoint    ] Total time for which application threads were stopped: 0.0004248 seconds, Stopping threads took: 0.0000797 seconds
[465.270s][info ][safepoint    ] Application time: 1.0011769 seconds
[465.271s][info ][safepoint    ] Entering safepoint region: Cleanup
[465.271s][info ][safepoint    ] Leaving safepoint region
[465.271s][info ][safepoint    ] Total time for which application threads were stopped: 0.0006461 seconds, Stopping threads took: 0.0005688 seconds
[465.924s][info ][safepoint    ] Application time: 0.6528082 seconds
[465.924s][info ][safepoint    ] Entering safepoint region: GenCollectForAllocation
[465.924s][info ][gc,start     ] GC(220) Pause Young (Allocation Failure)
[465.924s][info ][gc,task      ] GC(220) Using 4 workers of 4 for evacuation
[465.927s][debug][gc,ref       ] GC(220) Skipped phase1 of Reference Processing due to unavailable references
[465.927s][debug][gc,ref       ] GC(220) Skipped phase3 of Reference Processing due to unavailable references
[465.927s][debug][gc,ref       ] GC(220) Skipped phase4 of Reference Processing due to unavailable references
[465.927s][debug][gc,age       ] GC(220) Desired survivor size 15368192 bytes, new threshold 6 (max threshold 6)
[465.927s][info ][gc,heap      ] GC(220) ParNew: 241815K->1678K(270336K)
[465.927s][info ][gc,heap      ] GC(220) CMS: 248966K->249047K(600768K)
[465.927s][info ][gc,metaspace ] GC(220) Metaspace: 56757K->56757K(1101824K)
[465.927s][info ][gc           ] GC(220) Pause Young (Allocation Failure) 479M->244M(850M) 3.002ms
[465.927s][info ][gc,cpu       ] GC(220) User=0.01s Sys=0.00s Real=0.01s
[465.927s][info ][safepoint    ] Leaving safepoint region
[465.927s][info ][safepoint    ] Total time for which application threads were stopped: 0.0031632 seconds, Stopping threads took: 0.0000148 seconds
[466.927s][info ][safepoint    ] Application time: 1.0000576 seconds
[466.927s][info ][safepoint    ] Entering safepoint region: Cleanup
[466.927s][info ][safepoint    ] Leaving safepoint region
[466.927s][info ][safepoint    ] Total time for which application threads were stopped: 0.0000829 seconds, Stopping threads took: 0.0000156 seconds
[467.927s][info ][safepoint    ] Application time: 1.0000817 seconds
[467.927s][info ][safepoint    ] Entering safepoint region: Cleanup
[467.927s][info ][safepoint    ] Leaving safepoint region
[467.927s][info ][safepoint    ] Total time for which application threads were stopped: 0.0000671 seconds, Stopping threads took: 0.0000155 seconds
[468.927s][info ][safepoint    ] Application time: 1.0000941 seconds
[468.927s][info ][safepoint    ] Entering safepoint region: Cleanup
[468.927s][info ][safepoint    ] Leaving safepoint region
[468.927s][info ][safepoint    ] Total time for which application threads were stopped: 0.0000859 seconds, Stopping threads took: 0.0000147 seconds
[469.522s][info ][safepoint    ] Application time: 0.5948885 seconds
[469.522s][info ][safepoint    ] Entering safepoint region: GenCollectForAllocation
[469.522s][info ][gc,start     ] GC(221) Pause Young (Allocation Failure)
[469.522s][info ][gc,task      ] GC(221) Using 4 workers of 4 for evacuation
[469.525s][debug][gc,ref       ] GC(221) Skipped phase1 of Reference Processing due to unavailable references
[469.525s][debug][gc,ref       ] GC(221) Skipped phase3 of Reference Processing due to unavailable references
[469.525s][debug][gc,ref       ] GC(221) Skipped phase4 of Reference Processing due to unavailable references
[469.525s][debug][gc,age       ] GC(221) Desired survivor size 15368192 bytes, new threshold 6 (max threshold 6)
[469.525s][info ][gc,heap      ] GC(221) ParNew: 241998K->1496K(270336K)
[469.525s][info ][gc,heap      ] GC(221) CMS: 249047K->249152K(600768K)
[469.525s][info ][gc,metaspace ] GC(221) Metaspace: 56757K->56757K(1101824K)
[469.525s][info ][gc           ] GC(221) Pause Young (Allocation Failure) 479M->244M(850M) 2.743ms
[469.525s][info ][gc,cpu       ] GC(221) User=0.01s Sys=0.00s Real=0.00s
[469.525s][info ][safepoint    ] Leaving safepoint region
[469.525s][info ][safepoint    ] Total time for which application threads were stopped: 0.0029268 seconds, Stopping threads took: 0.0000137 seconds
[470.525s][info ][safepoint    ] Application time: 1.0000626 seconds
[470.526s][info ][safepoint    ] Entering safepoint region: Cleanup
[470.526s][info ][safepoint    ] Leaving safepoint region
[470.526s][info ][safepoint    ] Total time for which application threads were stopped: 0.0001729 seconds, Stopping threads took: 0.0001163 seconds
[471.526s][info ][safepoint    ] Application time: 1.0000940 seconds
[471.526s][info ][safepoint    ] Entering safepoint region: Cleanup
[471.526s][info ][safepoint    ] Leaving safepoint region
[471.526s][info ][safepoint    ] Total time for which application threads were stopped: 0.0000791 seconds, Stopping threads took: 0.0000137 seconds
[472.526s][info ][safepoint    ] Application time: 1.0001195 seconds
[472.526s][info ][safepoint    ] Entering safepoint region: Cleanup
[472.526s][info ][safepoint    ] Leaving safepoint region
[472.526s][info ][safepoint    ] Total time for which application threads were stopped: 0.0001285 seconds, Stopping threads took: 0.0000480 seconds
[473.124s][info ][safepoint    ] Application time: 0.5977908 seconds
[473.124s][info ][safepoint    ] Entering safepoint region: GenCollectForAllocation
[473.124s][info ][gc,start     ] GC(222) Pause Young (Allocation Failure)
[473.124s][info ][gc,task      ] GC(222) Using 4 workers of 4 for evacuation
[473.129s][debug][gc,ref       ] GC(222) Skipped phase1 of Reference Processing due to unavailable references
[473.129s][debug][gc,ref       ] GC(222) Skipped phase3 of Reference Processing due to unavailable references
[473.129s][debug][gc,ref       ] GC(222) Skipped phase4 of Reference Processing due to unavailable references
[473.129s][debug][gc,age       ] GC(222) Desired survivor size 15368192 bytes, new threshold 6 (max threshold 6)
[473.129s][info ][gc,heap      ] GC(222) ParNew: 241816K->1894K(270336K)
[473.129s][info ][gc,heap      ] GC(222) CMS: 249152K->249155K(600768K)
[473.129s][info ][gc,metaspace ] GC(222) Metaspace: 56757K->56757K(1101824K)
[473.129s][info ][gc           ] GC(222) Pause Young (Allocation Failure) 479M->245M(850M) 5.221ms
[473.129s][info ][gc,cpu       ] GC(222) User=0.01s Sys=0.00s Real=0.01s
[473.129s][info ][safepoint    ] Leaving safepoint region
[473.129s][info ][safepoint    ] Total time for which application threads were stopped: 0.0053735 seconds, Stopping threads took: 0.0000149 seconds
[474.129s][info ][safepoint    ] Application time: 1.0000940 seconds
[474.129s][info ][safepoint    ] Entering safepoint region: Cleanup
[474.129s][info ][safepoint    ] Leaving safepoint region
[474.129s][info ][safepoint    ] Total time for which application threads were stopped: 0.0000790 seconds, Stopping threads took: 0.0000162 seconds
[475.130s][info ][safepoint    ] Application time: 1.0000873 seconds
[475.130s][info ][safepoint    ] Entering safepoint region: Cleanup
[475.130s][info ][safepoint    ] Leaving safepoint region
[475.130s][info ][safepoint    ] Total time for which application threads were stopped: 0.0001183 seconds, Stopping threads took: 0.0000644 seconds
[476.130s][info ][safepoint    ] Application time: 1.0000987 seconds
[476.130s][info ][safepoint    ] Entering safepoint region: Cleanup
[476.130s][info ][safepoint    ] Leaving safepoint region
[476.130s][info ][safepoint    ] Total time for which application threads were stopped: 0.0000941 seconds, Stopping threads took: 0.0000393 seconds
[476.474s][info ][safepoint    ] Application time: 0.3436354 seconds
[476.474s][info ][safepoint    ] Entering safepoint region: GenCollectForAllocation
[476.474s][info ][gc,start     ] GC(223) Pause Young (Allocation Failure)
[476.474s][info ][gc,task      ] GC(223) Using 4 workers of 4 for evacuation
[476.478s][debug][gc,ref       ] GC(223) Skipped phase1 of Reference Processing due to unavailable references
[476.478s][debug][gc,ref       ] GC(223) Skipped phase3 of Reference Processing due to unavailable references
[476.478s][debug][gc,ref       ] GC(223) Skipped phase4 of Reference Processing due to unavailable references
[476.478s][debug][gc,age       ] GC(223) Desired survivor size 15368192 bytes, new threshold 6 (max threshold 6)
[476.478s][info ][gc,heap      ] GC(223) ParNew: 242214K->4173K(270336K)
[476.478s][info ][gc,heap      ] GC(223) CMS: 249155K->249287K(600768K)
[476.478s][info ][gc,metaspace ] GC(223) Metaspace: 56758K->56758K(1101824K)
[476.478s][info ][gc           ] GC(223) Pause Young (Allocation Failure) 479M->247M(850M) 4.140ms
[476.478s][info ][gc,cpu       ] GC(223) User=0.01s Sys=0.00s Real=0.01s
[476.478s][info ][safepoint    ] Leaving safepoint region
[476.478s][info ][safepoint    ] Total time for which application threads were stopped: 0.0043014 seconds, Stopping threads took: 0.0000171 seconds
[477.478s][info ][safepoint    ] Application time: 1.0000730 seconds
[477.478s][info ][safepoint    ] Entering safepoint region: Cleanup
[477.478s][info ][safepoint    ] Leaving safepoint region
[477.478s][info ][safepoint    ] Total time for which application threads were stopped: 0.0000811 seconds, Stopping threads took: 0.0000160 seconds
[478.478s][info ][safepoint    ] Application time: 1.0000862 seconds
[478.478s][info ][safepoint    ] Entering safepoint region: Cleanup
[478.478s][info ][safepoint    ] Leaving safepoint region
[478.478s][info ][safepoint    ] Total time for which application threads were stopped: 0.0000630 seconds, Stopping threads took: 0.0000137 seconds
[479.478s][info ][safepoint    ] Application time: 1.0000843 seconds
[479.478s][info ][safepoint    ] Entering safepoint region: Cleanup
[479.479s][info ][safepoint    ] Leaving safepoint region
[479.479s][info ][safepoint    ] Total time for which application threads were stopped: 0.0000837 seconds, Stopping threads took: 0.0000142 seconds
[479.677s][info ][safepoint    ] Application time: 0.1980199 seconds
[479.677s][info ][safepoint    ] Entering safepoint region: GenCollectForAllocation
[479.677s][info ][gc,start     ] GC(224) Pause Young (Allocation Failure)
[479.677s][info ][gc,task      ] GC(224) Using 4 workers of 4 for evacuation
[479.681s][debug][gc,ref       ] GC(224) Skipped phase1 of Reference Processing due to unavailable references
[479.681s][debug][gc,ref       ] GC(224) Skipped phase3 of Reference Processing due to unavailable references
[479.681s][debug][gc,ref       ] GC(224) Skipped phase4 of Reference Processing due to unavailable references
[479.681s][debug][gc,age       ] GC(224) Desired survivor size 15368192 bytes, new threshold 6 (max threshold 6)
[479.681s][info ][gc,heap      ] GC(224) ParNew: 244493K->6484K(270336K)
[479.681s][info ][gc,heap      ] GC(224) CMS: 249287K->249349K(600768K)
[479.681s][info ][gc,metaspace ] GC(224) Metaspace: 56758K->56758K(1101824K)
[479.681s][info ][gc           ] GC(224) Pause Young (Allocation Failure) 482M->249M(850M) 4.473ms
[479.681s][info ][gc,cpu       ] GC(224) User=0.01s Sys=0.00s Real=0.00s
[479.681s][info ][safepoint    ] Leaving safepoint region
[479.681s][info ][safepoint    ] Total time for which application threads were stopped: 0.0046127 seconds, Stopping threads took: 0.0000153 seconds
[480.681s][info ][safepoint    ] Application time: 1.0001146 seconds
[480.681s][info ][safepoint    ] Entering safepoint region: Cleanup
[480.681s][info ][safepoint    ] Leaving safepoint region
[480.681s][info ][safepoint    ] Total time for which application threads were stopped: 0.0000822 seconds, Stopping threads took: 0.0000145 seconds
[482.972s][info ][safepoint    ] Application time: 2.2901687 seconds
[482.972s][info ][safepoint    ] Entering safepoint region: GenCollectForAllocation
[482.972s][info ][gc,start     ] GC(225) Pause Young (Allocation Failure)
[482.972s][info ][gc,task      ] GC(225) Using 4 workers of 4 for evacuation
[482.976s][debug][gc,ref       ] GC(225) Skipped phase1 of Reference Processing due to unavailable references
[482.976s][debug][gc,ref       ] GC(225) Skipped phase2 of Reference Processing due to unavailable references
[482.976s][debug][gc,ref       ] GC(225) Skipped phase3 of Reference Processing due to unavailable references
[482.976s][debug][gc,ref       ] GC(225) Skipped phase4 of Reference Processing due to unavailable references
[482.977s][debug][gc,age       ] GC(225) Desired survivor size 15368192 bytes, new threshold 6 (max threshold 6)
[482.977s][info ][gc,heap      ] GC(225) ParNew: 246804K->8935K(270336K)
[482.977s][info ][gc,heap      ] GC(225) CMS: 249349K->249535K(600768K)
[482.977s][info ][gc,metaspace ] GC(225) Metaspace: 56759K->56759K(1101824K)
[482.977s][info ][gc           ] GC(225) Pause Young (Allocation Failure) 484M->252M(850M) 4.932ms
[482.977s][info ][gc,cpu       ] GC(225) User=0.02s Sys=0.00s Real=0.01s
[482.977s][info ][safepoint    ] Leaving safepoint region
[482.977s][info ][safepoint    ] Total time for which application threads were stopped: 0.0050799 seconds, Stopping threads took: 0.0000156 seconds
[485.977s][info ][safepoint    ] Application time: 3.0003042 seconds
[485.977s][info ][safepoint    ] Entering safepoint region: Cleanup
[485.977s][info ][safepoint    ] Leaving safepoint region
[485.977s][info ][safepoint    ] Total time for which application threads were stopped: 0.0000757 seconds, Stopping threads took: 0.0000161 seconds
[486.666s][info ][safepoint    ] Application time: 0.6885025 seconds
[486.666s][info ][safepoint    ] Entering safepoint region: GenCollectForAllocation
[486.666s][info ][gc,start     ] GC(226) Pause Young (Allocation Failure)
[486.666s][info ][gc,task      ] GC(226) Using 4 workers of 4 for evacuation
[486.670s][debug][gc,ref       ] GC(226) Skipped phase1 of Reference Processing due to unavailable references
[486.670s][debug][gc,ref       ] GC(226) Skipped phase2 of Reference Processing due to unavailable references
[486.670s][debug][gc,ref       ] GC(226) Skipped phase3 of Reference Processing due to unavailable references
[486.670s][debug][gc,ref       ] GC(226) Skipped phase4 of Reference Processing due to unavailable references
[486.670s][debug][gc,age       ] GC(226) Desired survivor size 15368192 bytes, new threshold 6 (max threshold 6)
[486.670s][info ][gc,heap      ] GC(226) ParNew: 249255K->7034K(270336K)
[486.670s][info ][gc,heap      ] GC(226) CMS: 249535K->249672K(600768K)
[486.670s][info ][gc,metaspace ] GC(226) Metaspace: 56760K->56760K(1101824K)
[486.670s][info ][gc           ] GC(226) Pause Young (Allocation Failure) 487M->250M(850M) 4.623ms
[486.671s][info ][gc,cpu       ] GC(226) User=0.02s Sys=0.00s Real=0.00s
[486.671s][info ][safepoint    ] Leaving safepoint region
[486.671s][info ][safepoint    ] Total time for which application threads were stopped: 0.0048623 seconds, Stopping threads took: 0.0000975 seconds
[490.320s][info ][safepoint    ] Application time: 3.6494137 seconds
[490.320s][info ][safepoint    ] Entering safepoint region: GenCollectForAllocation
[490.320s][info ][gc,start     ] GC(227) Pause Young (Allocation Failure)
[490.320s][info ][gc,task      ] GC(227) Using 4 workers of 4 for evacuation
[490.326s][debug][gc,ref       ] GC(227) Skipped phase1 of Reference Processing due to unavailable references
[490.326s][debug][gc,ref       ] GC(227) Skipped phase2 of Reference Processing due to unavailable references
[490.326s][debug][gc,ref       ] GC(227) Skipped phase3 of Reference Processing due to unavailable references
[490.326s][debug][gc,ref       ] GC(227) Skipped phase4 of Reference Processing due to unavailable references
[490.326s][debug][gc,age       ] GC(227) Desired survivor size 15368192 bytes, new threshold 6 (max threshold 6)
[490.326s][info ][gc,heap      ] GC(227) ParNew: 247354K->7310K(270336K)
[490.326s][info ][gc,heap      ] GC(227) CMS: 249672K->249729K(600768K)
[490.326s][info ][gc,metaspace ] GC(227) Metaspace: 56761K->56761K(1101824K)
[490.326s][info ][gc           ] GC(227) Pause Young (Allocation Failure) 485M->251M(850M) 6.027ms
[490.326s][info ][gc,cpu       ] GC(227) User=0.02s Sys=0.00s Real=0.01s
[490.326s][info ][safepoint    ] Leaving safepoint region
[490.326s][info ][safepoint    ] Total time for which application threads were stopped: 0.0061733 seconds, Stopping threads took: 0.0000140 seconds
[491.326s][info ][safepoint    ] Application time: 1.0001179 seconds
[491.326s][info ][safepoint    ] Entering safepoint region: Cleanup
[491.326s][info ][safepoint    ] Leaving safepoint region
[491.326s][info ][safepoint    ] Total time for which application threads were stopped: 0.0001027 seconds, Stopping threads took: 0.0000317 seconds
[493.865s][info ][safepoint    ] Application time: 2.5388109 seconds
[493.865s][info ][safepoint    ] Entering safepoint region: GenCollectForAllocation
[493.865s][info ][gc,start     ] GC(228) Pause Young (Allocation Failure)
[493.865s][info ][gc,task      ] GC(228) Using 4 workers of 4 for evacuation
[493.870s][debug][gc,ref       ] GC(228) Skipped phase1 of Reference Processing due to unavailable references
[493.870s][debug][gc,ref       ] GC(228) Skipped phase2 of Reference Processing due to unavailable references
[493.870s][debug][gc,ref       ] GC(228) Skipped phase3 of Reference Processing due to unavailable references
[493.870s][debug][gc,ref       ] GC(228) Skipped phase4 of Reference Processing due to unavailable references
[493.870s][debug][gc,age       ] GC(228) Desired survivor size 15368192 bytes, new threshold 6 (max threshold 6)
[493.870s][info ][gc,heap      ] GC(228) ParNew: 247630K->7459K(270336K)
[493.870s][info ][gc,heap      ] GC(228) CMS: 249729K->249933K(600768K)
[493.870s][info ][gc,metaspace ] GC(228) Metaspace: 56762K->56762K(1101824K)
[493.870s][info ][gc           ] GC(228) Pause Young (Allocation Failure) 485M->251M(850M) 4.676ms
[493.870s][info ][gc,cpu       ] GC(228) User=0.02s Sys=0.00s Real=0.01s
[493.870s][info ][safepoint    ] Leaving safepoint region
[493.870s][info ][safepoint    ] Total time for which application threads were stopped: 0.0048587 seconds, Stopping threads took: 0.0000487 seconds
[497.415s][info ][safepoint    ] Application time: 3.5453472 seconds
[497.416s][info ][safepoint    ] Entering safepoint region: GenCollectForAllocation
[497.416s][info ][gc,start     ] GC(229) Pause Young (Allocation Failure)
[497.416s][info ][gc,task      ] GC(229) Using 4 workers of 4 for evacuation
[497.421s][debug][gc,ref       ] GC(229) Skipped phase1 of Reference Processing due to unavailable references
[497.421s][debug][gc,ref       ] GC(229) Skipped phase2 of Reference Processing due to unavailable references
[497.421s][debug][gc,ref       ] GC(229) Skipped phase3 of Reference Processing due to unavailable references
[497.421s][debug][gc,ref       ] GC(229) Skipped phase4 of Reference Processing due to unavailable references
[497.421s][debug][gc,age       ] GC(229) Desired survivor size 15368192 bytes, new threshold 6 (max threshold 6)
[497.422s][info ][gc,heap      ] GC(229) ParNew: 247779K->7515K(270336K)
[497.422s][info ][gc,heap      ] GC(229) CMS: 249933K->251003K(600768K)
[497.422s][info ][gc,metaspace ] GC(229) Metaspace: 56766K->56766K(1101824K)
[497.422s][info ][gc           ] GC(229) Pause Young (Allocation Failure) 486M->252M(850M) 5.854ms
[497.422s][info ][gc,cpu       ] GC(229) User=0.01s Sys=0.00s Real=0.00s
[497.422s][info ][safepoint    ] Leaving safepoint region
[497.422s][info ][safepoint    ] Total time for which application threads were stopped: 0.0060545 seconds, Stopping threads took: 0.0000695 seconds
[498.422s][info ][safepoint    ] Application time: 1.0000980 seconds
[498.422s][info ][safepoint    ] Entering safepoint region: Cleanup
[498.422s][info ][safepoint    ] Leaving safepoint region
[498.422s][info ][safepoint    ] Total time for which application threads were stopped: 0.0001402 seconds, Stopping threads took: 0.0000707 seconds
[500.922s][info ][safepoint    ] Application time: 2.5002212 seconds
[500.922s][info ][safepoint    ] Entering safepoint region: GenCollectForAllocation
[500.922s][info ][gc,start     ] GC(230) Pause Young (Allocation Failure)
[500.922s][info ][gc,task      ] GC(230) Using 4 workers of 4 for evacuation
[500.928s][debug][gc,ref       ] GC(230) Skipped phase1 of Reference Processing due to unavailable references
[500.928s][debug][gc,ref       ] GC(230) Skipped phase2 of Reference Processing due to unavailable references
[500.928s][debug][gc,ref       ] GC(230) Skipped phase3 of Reference Processing due to unavailable references
[500.928s][debug][gc,ref       ] GC(230) Skipped phase4 of Reference Processing due to unavailable references
[500.928s][debug][gc,age       ] GC(230) Desired survivor size 15368192 bytes, new threshold 6 (max threshold 6)
[500.928s][info ][gc,heap      ] GC(230) ParNew: 247835K->5319K(270336K)
[500.928s][info ][gc,heap      ] GC(230) CMS: 251003K->252211K(600768K)
[500.928s][info ][gc,metaspace ] GC(230) Metaspace: 56768K->56768K(1101824K)
[500.928s][info ][gc           ] GC(230) Pause Young (Allocation Failure) 487M->251M(850M) 5.701ms
[500.928s][info ][gc,cpu       ] GC(230) User=0.02s Sys=0.01s Real=0.01s
[500.928s][info ][safepoint    ] Leaving safepoint region
[500.928s][info ][safepoint    ] Total time for which application threads were stopped: 0.0058487 seconds, Stopping threads took: 0.0000142 seconds
[501.928s][info ][safepoint    ] Application time: 1.0000939 seconds
[501.928s][info ][safepoint    ] Entering safepoint region: Cleanup
[501.928s][info ][safepoint    ] Leaving safepoint region
[501.928s][info ][safepoint    ] Total time for which application threads were stopped: 0.0000848 seconds, Stopping threads took: 0.0000148 seconds
[502.928s][info ][safepoint    ] Application time: 1.0000905 seconds
[502.928s][info ][safepoint    ] Entering safepoint region: Cleanup
[502.928s][info ][safepoint    ] Leaving safepoint region
[502.928s][info ][safepoint    ] Total time for which application threads were stopped: 0.0000729 seconds, Stopping threads took: 0.0000149 seconds
[503.929s][info ][safepoint    ] Application time: 1.0001012 seconds
[503.929s][info ][safepoint    ] Entering safepoint region: Cleanup
[503.929s][info ][safepoint    ] Leaving safepoint region
[503.929s][info ][safepoint    ] Total time for which application threads were stopped: 0.0000722 seconds, Stopping threads took: 0.0000160 seconds
[504.572s][info ][safepoint    ] Application time: 0.6437059 seconds
[504.572s][info ][safepoint    ] Entering safepoint region: GenCollectForAllocation
[504.572s][info ][gc,start     ] GC(231) Pause Young (Allocation Failure)
[504.572s][info ][gc,task      ] GC(231) Using 4 workers of 4 for evacuation
[504.579s][debug][gc,ref       ] GC(231) Skipped phase1 of Reference Processing due to unavailable references
[504.579s][debug][gc,ref       ] GC(231) Skipped phase2 of Reference Processing due to unavailable references
[504.579s][debug][gc,ref       ] GC(231) Skipped phase3 of Reference Processing due to unavailable references
[504.579s][debug][gc,ref       ] GC(231) Skipped phase4 of Reference Processing due to unavailable references
[504.579s][debug][gc,age       ] GC(231) Desired survivor size 15368192 bytes, new threshold 6 (max threshold 6)
[504.579s][info ][gc,heap      ] GC(231) ParNew: 245639K->4293K(270336K)
[504.579s][info ][gc,heap      ] GC(231) CMS: 252211K->254894K(600768K)
[504.579s][info ][gc,metaspace ] GC(231) Metaspace: 56768K->56768K(1101824K)
[504.579s][info ][gc           ] GC(231) Pause Young (Allocation Failure) 486M->253M(850M) 6.325ms
[504.579s][info ][gc,cpu       ] GC(231) User=0.03s Sys=0.00s Real=0.01s
[504.579s][info ][safepoint    ] Leaving safepoint region
[504.579s][info ][safepoint    ] Total time for which application threads were stopped: 0.0064920 seconds, Stopping threads took: 0.0000281 seconds
[506.579s][info ][safepoint    ] Application time: 2.0001697 seconds
[506.579s][info ][safepoint    ] Entering safepoint region: Cleanup
[506.579s][info ][safepoint    ] Leaving safepoint region
[506.579s][info ][safepoint    ] Total time for which application threads were stopped: 0.0000771 seconds, Stopping threads took: 0.0000153 seconds
[508.068s][info ][safepoint    ] Application time: 1.4888984 seconds
[508.068s][info ][safepoint    ] Entering safepoint region: GenCollectForAllocation
[508.068s][info ][gc,start     ] GC(232) Pause Young (Allocation Failure)
[508.068s][info ][gc,task      ] GC(232) Using 4 workers of 4 for evacuation
[508.071s][debug][gc,ref       ] GC(232) Skipped phase1 of Reference Processing due to unavailable references
[508.071s][debug][gc,ref       ] GC(232) Skipped phase2 of Reference Processing due to unavailable references
[508.071s][debug][gc,ref       ] GC(232) Skipped phase3 of Reference Processing due to unavailable references
[508.071s][debug][gc,ref       ] GC(232) Skipped phase4 of Reference Processing due to unavailable references
[508.071s][debug][gc,age       ] GC(232) Desired survivor size 15368192 bytes, new threshold 6 (max threshold 6)
[508.071s][info ][gc,heap      ] GC(232) ParNew: 244613K->1410K(270336K)
[508.071s][info ][gc,heap      ] GC(232) CMS: 254894K->255225K(600768K)
[508.071s][info ][gc,metaspace ] GC(232) Metaspace: 56768K->56768K(1101824K)
[508.071s][info ][gc           ] GC(232) Pause Young (Allocation Failure) 487M->250M(850M) 2.752ms
[508.071s][info ][gc,cpu       ] GC(232) User=0.01s Sys=0.00s Real=0.00s
[508.071s][info ][safepoint    ] Leaving safepoint region
[508.071s][info ][safepoint    ] Total time for which application threads were stopped: 0.0029126 seconds, Stopping threads took: 0.0000151 seconds
[509.071s][info ][safepoint    ] Application time: 1.0001603 seconds
[509.071s][info ][safepoint    ] Entering safepoint region: Cleanup
[509.071s][info ][safepoint    ] Leaving safepoint region
[509.071s][info ][safepoint    ] Total time for which application threads were stopped: 0.0001257 seconds, Stopping threads took: 0.0000558 seconds
[510.071s][info ][safepoint    ] Application time: 1.0001054 seconds
[510.072s][info ][safepoint    ] Entering safepoint region: Cleanup
[510.072s][info ][safepoint    ] Leaving safepoint region
[510.072s][info ][safepoint    ] Total time for which application threads were stopped: 0.0002065 seconds, Stopping threads took: 0.0001344 seconds
[511.626s][info ][safepoint    ] Application time: 1.5539019 seconds
[511.626s][info ][safepoint    ] Entering safepoint region: GenCollectForAllocation
[511.626s][info ][gc,start     ] GC(233) Pause Young (Allocation Failure)
[511.626s][info ][gc,task      ] GC(233) Using 4 workers of 4 for evacuation
[511.628s][debug][gc,ref       ] GC(233) Skipped phase1 of Reference Processing due to unavailable references
[511.628s][debug][gc,ref       ] GC(233) Skipped phase2 of Reference Processing due to unavailable references
[511.628s][debug][gc,ref       ] GC(233) Skipped phase3 of Reference Processing due to unavailable references
[511.628s][debug][gc,ref       ] GC(233) Skipped phase4 of Reference Processing due to unavailable references
[511.628s][debug][gc,age       ] GC(233) Desired survivor size 15368192 bytes, new threshold 6 (max threshold 6)
[511.628s][info ][gc,heap      ] GC(233) ParNew: 241730K->1279K(270336K)
[511.628s][info ][gc,heap      ] GC(233) CMS: 255225K->255363K(600768K)
[511.628s][info ][gc,metaspace ] GC(233) Metaspace: 56772K->56772K(1101824K)
[511.628s][info ][gc           ] GC(233) Pause Young (Allocation Failure) 485M->250M(850M) 2.653ms
[511.628s][info ][gc,cpu       ] GC(233) User=0.01s Sys=0.00s Real=0.01s
[511.628s][info ][safepoint    ] Leaving safepoint region
[511.628s][info ][safepoint    ] Total time for which application threads were stopped: 0.0027960 seconds, Stopping threads took: 0.0000152 seconds
[514.629s][info ][safepoint    ] Application time: 3.0002435 seconds
[514.629s][info ][safepoint    ] Entering safepoint region: Cleanup
[514.629s][info ][safepoint    ] Leaving safepoint region
[514.629s][info ][safepoint    ] Total time for which application threads were stopped: 0.0000775 seconds, Stopping threads took: 0.0000159 seconds
[515.315s][info ][safepoint    ] Application time: 0.6865946 seconds
[515.315s][info ][safepoint    ] Entering safepoint region: GenCollectForAllocation
[515.316s][info ][gc,start     ] GC(234) Pause Young (Allocation Failure)
[515.316s][info ][gc,task      ] GC(234) Using 4 workers of 4 for evacuation
[515.318s][debug][gc,ref       ] GC(234) Skipped phase1 of Reference Processing due to unavailable references
[515.318s][debug][gc,ref       ] GC(234) Skipped phase2 of Reference Processing due to unavailable references
[515.318s][debug][gc,ref       ] GC(234) Skipped phase3 of Reference Processing due to unavailable references
[515.318s][debug][gc,ref       ] GC(234) Skipped phase4 of Reference Processing due to unavailable references
[515.318s][debug][gc,age       ] GC(234) Desired survivor size 15368192 bytes, new threshold 6 (max threshold 6)
[515.318s][info ][gc,heap      ] GC(234) ParNew: 241599K->1174K(270336K)
[515.318s][info ][gc,heap      ] GC(234) CMS: 255363K->255603K(600768K)
[515.318s][info ][gc,metaspace ] GC(234) Metaspace: 56778K->56778K(1101824K)
[515.318s][info ][gc           ] GC(234) Pause Young (Allocation Failure) 485M->250M(850M) 2.830ms
[515.318s][info ][gc,cpu       ] GC(234) User=0.01s Sys=0.00s Real=0.00s
[515.318s][info ][safepoint    ] Leaving safepoint region
[515.318s][info ][safepoint    ] Total time for which application threads were stopped: 0.0030115 seconds, Stopping threads took: 0.0000381 seconds
[518.966s][info ][safepoint    ] Application time: 3.6472196 seconds
[518.966s][info ][safepoint    ] Entering safepoint region: GenCollectForAllocation
[518.966s][info ][gc,start     ] GC(235) Pause Young (Allocation Failure)
[518.966s][info ][gc,task      ] GC(235) Using 4 workers of 4 for evacuation
[518.968s][debug][gc,ref       ] GC(235) Skipped phase1 of Reference Processing due to unavailable references
[518.968s][debug][gc,ref       ] GC(235) Skipped phase2 of Reference Processing due to unavailable references
[518.968s][debug][gc,ref       ] GC(235) Skipped phase3 of Reference Processing due to unavailable references
[518.968s][debug][gc,ref       ] GC(235) Skipped phase4 of Reference Processing due to unavailable references
[518.968s][debug][gc,age       ] GC(235) Desired survivor size 15368192 bytes, new threshold 6 (max threshold 6)
[518.968s][info ][gc,heap      ] GC(235) ParNew: 241494K->1548K(270336K)
[518.969s][info ][gc,heap      ] GC(235) CMS: 255603K->255744K(600768K)
[518.969s][info ][gc,metaspace ] GC(235) Metaspace: 56778K->56778K(1101824K)
[518.969s][info ][gc           ] GC(235) Pause Young (Allocation Failure) 485M->251M(850M) 2.686ms
[518.969s][info ][gc,cpu       ] GC(235) User=0.01s Sys=0.00s Real=0.01s
[518.969s][info ][safepoint    ] Leaving safepoint region
[518.969s][info ][safepoint    ] Total time for which application threads were stopped: 0.0028790 seconds, Stopping threads took: 0.0000572 seconds
[519.969s][info ][safepoint    ] Application time: 1.0001058 seconds
[519.969s][info ][safepoint    ] Entering safepoint region: Cleanup
[519.969s][info ][safepoint    ] Leaving safepoint region
[519.969s][info ][safepoint    ] Total time for which application threads were stopped: 0.0001470 seconds, Stopping threads took: 0.0000800 seconds
[522.566s][info ][safepoint    ] Application time: 2.5966846 seconds
[522.566s][info ][safepoint    ] Entering safepoint region: GenCollectForAllocation
[522.566s][info ][gc,start     ] GC(236) Pause Young (Allocation Failure)
[522.566s][info ][gc,task      ] GC(236) Using 4 workers of 4 for evacuation
[522.568s][debug][gc,ref       ] GC(236) Skipped phase1 of Reference Processing due to unavailable references
[522.568s][debug][gc,ref       ] GC(236) Skipped phase2 of Reference Processing due to unavailable references
[522.568s][debug][gc,ref       ] GC(236) Skipped phase3 of Reference Processing due to unavailable references
[522.568s][debug][gc,ref       ] GC(236) Skipped phase4 of Reference Processing due to unavailable references
[522.568s][debug][gc,age       ] GC(236) Desired survivor size 15368192 bytes, new threshold 6 (max threshold 6)
[522.568s][info ][gc,heap      ] GC(236) ParNew: 241868K->1717K(270336K)
[522.568s][info ][gc,heap      ] GC(236) CMS: 255744K->255791K(600768K)
[522.568s][info ][gc,metaspace ] GC(236) Metaspace: 56778K->56778K(1101824K)
[522.568s][info ][gc           ] GC(236) Pause Young (Allocation Failure) 485M->251M(850M) 2.622ms
[522.568s][info ][gc,cpu       ] GC(236) User=0.01s Sys=0.00s Real=0.01s
[522.568s][info ][safepoint    ] Leaving safepoint region
[522.568s][info ][safepoint    ] Total time for which application threads were stopped: 0.0028616 seconds, Stopping threads took: 0.0000734 seconds
[526.419s][info ][safepoint    ] Application time: 3.8506998 seconds
[526.419s][info ][safepoint    ] Entering safepoint region: GenCollectForAllocation
[526.419s][info ][gc,start     ] GC(237) Pause Young (Allocation Failure)
[526.419s][info ][gc,task      ] GC(237) Using 4 workers of 4 for evacuation
[526.422s][debug][gc,ref       ] GC(237) Skipped phase1 of Reference Processing due to unavailable references
[526.422s][debug][gc,ref       ] GC(237) Skipped phase2 of Reference Processing due to unavailable references
[526.422s][debug][gc,ref       ] GC(237) Skipped phase3 of Reference Processing due to unavailable references
[526.422s][debug][gc,ref       ] GC(237) Skipped phase4 of Reference Processing due to unavailable references
[526.422s][debug][gc,age       ] GC(237) Desired survivor size 15368192 bytes, new threshold 6 (max threshold 6)
[526.422s][info ][gc,heap      ] GC(237) ParNew: 242037K->1827K(270336K)
[526.422s][info ][gc,heap      ] GC(237) CMS: 255791K->255825K(600768K)
[526.422s][info ][gc,metaspace ] GC(237) Metaspace: 56778K->56778K(1101824K)
[526.422s][info ][gc           ] GC(237) Pause Young (Allocation Failure) 486M->251M(850M) 3.189ms
[526.422s][info ][gc,cpu       ] GC(237) User=0.01s Sys=0.00s Real=0.00s
[526.423s][info ][safepoint    ] Leaving safepoint region
[526.423s][info ][safepoint    ] Total time for which application threads were stopped: 0.0033430 seconds, Stopping threads took: 0.0000143 seconds
[528.423s][info ][safepoint    ] Application time: 2.0001802 seconds
[528.423s][info ][safepoint    ] Entering safepoint region: Cleanup
[528.423s][info ][safepoint    ] Leaving safepoint region
[528.423s][info ][safepoint    ] Total time for which application threads were stopped: 0.0001289 seconds, Stopping threads took: 0.0000525 seconds
[529.423s][info ][safepoint    ] Application time: 1.0000958 seconds
[529.423s][info ][safepoint    ] Entering safepoint region: Cleanup
[529.423s][info ][safepoint    ] Leaving safepoint region
[529.423s][info ][safepoint    ] Total time for which application threads were stopped: 0.0001482 seconds, Stopping threads took: 0.0000766 seconds
[530.273s][info ][safepoint    ] Application time: 0.8497864 seconds
[530.273s][info ][safepoint    ] Entering safepoint region: GenCollectForAllocation
[530.273s][info ][gc,start     ] GC(238) Pause Young (Allocation Failure)
[530.273s][info ][gc,task      ] GC(238) Using 4 workers of 4 for evacuation
[530.276s][debug][gc,ref       ] GC(238) Skipped phase1 of Reference Processing due to unavailable references
[530.276s][debug][gc,ref       ] GC(238) Skipped phase2 of Reference Processing due to unavailable references
[530.276s][debug][gc,ref       ] GC(238) Skipped phase3 of Reference Processing due to unavailable references
[530.276s][debug][gc,ref       ] GC(238) Skipped phase4 of Reference Processing due to unavailable references
[530.276s][debug][gc,age       ] GC(238) Desired survivor size 15368192 bytes, new threshold 6 (max threshold 6)
[530.276s][info ][gc,heap      ] GC(238) ParNew: 242147K->1396K(270336K)
[530.276s][info ][gc,heap      ] GC(238) CMS: 255825K->256053K(600768K)
[530.276s][info ][gc,metaspace ] GC(238) Metaspace: 56780K->56780K(1101824K)
[530.276s][info ][gc           ] GC(238) Pause Young (Allocation Failure) 486M->251M(850M) 2.907ms
[530.276s][info ][gc,cpu       ] GC(238) User=0.01s Sys=0.00s Real=0.01s
[530.276s][info ][safepoint    ] Leaving safepoint region
[530.276s][info ][safepoint    ] Total time for which application threads were stopped: 0.0030609 seconds, Stopping threads took: 0.0000137 seconds
[532.276s][info ][safepoint    ] Application time: 2.0002194 seconds
[532.276s][info ][safepoint    ] Entering safepoint region: Cleanup
[532.276s][info ][safepoint    ] Leaving safepoint region
[532.276s][info ][safepoint    ] Total time for which application threads were stopped: 0.0000772 seconds, Stopping threads took: 0.0000170 seconds
[533.276s][info ][safepoint    ] Application time: 1.0000821 seconds
[533.277s][info ][safepoint    ] Entering safepoint region: Cleanup
[533.277s][info ][safepoint    ] Leaving safepoint region
[533.277s][info ][safepoint    ] Total time for which application threads were stopped: 0.0001175 seconds, Stopping threads took: 0.0000160 seconds
[534.125s][info ][safepoint    ] Application time: 0.8483232 seconds
[534.125s][info ][safepoint    ] Entering safepoint region: GenCollectForAllocation
[534.125s][info ][gc,start     ] GC(239) Pause Young (Allocation Failure)
[534.125s][info ][gc,task      ] GC(239) Using 4 workers of 4 for evacuation
[534.127s][debug][gc,ref       ] GC(239) Skipped phase1 of Reference Processing due to unavailable references
[534.127s][debug][gc,ref       ] GC(239) Skipped phase2 of Reference Processing due to unavailable references
[534.127s][debug][gc,ref       ] GC(239) Skipped phase3 of Reference Processing due to unavailable references
[534.127s][debug][gc,ref       ] GC(239) Skipped phase4 of Reference Processing due to unavailable references
[534.128s][debug][gc,age       ] GC(239) Desired survivor size 15368192 bytes, new threshold 6 (max threshold 6)
[534.128s][info ][gc,heap      ] GC(239) ParNew: 241716K->1592K(270336K)
[534.128s][info ][gc,heap      ] GC(239) CMS: 256053K->256111K(600768K)
[534.128s][info ][gc,metaspace ] GC(239) Metaspace: 56780K->56780K(1101824K)
[534.128s][info ][gc           ] GC(239) Pause Young (Allocation Failure) 486M->251M(850M) 2.464ms
[534.128s][info ][gc,cpu       ] GC(239) User=0.01s Sys=0.00s Real=0.01s
[534.128s][info ][safepoint    ] Leaving safepoint region
[534.128s][info ][safepoint    ] Total time for which application threads were stopped: 0.0026173 seconds, Stopping threads took: 0.0000158 seconds
[537.821s][info ][safepoint    ] Application time: 3.6934952 seconds
[537.821s][info ][safepoint    ] Entering safepoint region: GenCollectForAllocation
[537.821s][info ][gc,start     ] GC(240) Pause Young (Allocation Failure)
[537.821s][info ][gc,task      ] GC(240) Using 4 workers of 4 for evacuation
[537.824s][debug][gc,ref       ] GC(240) Skipped phase1 of Reference Processing due to unavailable references
[537.824s][debug][gc,ref       ] GC(240) Skipped phase2 of Reference Processing due to unavailable references
[537.824s][debug][gc,ref       ] GC(240) Skipped phase3 of Reference Processing due to unavailable references
[537.824s][debug][gc,ref       ] GC(240) Skipped phase4 of Reference Processing due to unavailable references
[537.824s][debug][gc,age       ] GC(240) Desired survivor size 15368192 bytes, new threshold 6 (max threshold 6)
[537.824s][info ][gc,heap      ] GC(240) ParNew: 241912K->2240K(270336K)
[537.824s][info ][gc,heap      ] GC(240) CMS: 256111K->256183K(600768K)
[537.824s][info ][gc,metaspace ] GC(240) Metaspace: 56781K->56781K(1101824K)
[537.824s][info ][gc           ] GC(240) Pause Young (Allocation Failure) 486M->252M(850M) 3.079ms
[537.824s][info ][gc,cpu       ] GC(240) User=0.01s Sys=0.00s Real=0.00s
[537.825s][info ][safepoint    ] Leaving safepoint region
[537.825s][info ][safepoint    ] Total time for which application threads were stopped: 0.0033650 seconds, Stopping threads took: 0.0000155 seconds
[539.825s][info ][safepoint    ] Application time: 2.0001653 seconds
[539.825s][info ][safepoint    ] Entering safepoint region: Cleanup
[539.825s][info ][safepoint    ] Leaving safepoint region
[539.825s][info ][safepoint    ] Total time for which application threads were stopped: 0.0000833 seconds, Stopping threads took: 0.0000152 seconds
[540.825s][info ][safepoint    ] Application time: 1.0000863 seconds
[540.825s][info ][safepoint    ] Entering safepoint region: Cleanup
[540.825s][info ][safepoint    ] Leaving safepoint region
[540.825s][info ][safepoint    ] Total time for which application threads were stopped: 0.0002242 seconds, Stopping threads took: 0.0001587 seconds
[541.615s][info ][safepoint    ] Application time: 0.7900858 seconds
[541.615s][info ][safepoint    ] Entering safepoint region: GenCollectForAllocation
[541.615s][info ][gc,start     ] GC(241) Pause Young (Allocation Failure)
[541.615s][info ][gc,task      ] GC(241) Using 4 workers of 4 for evacuation
[541.618s][debug][gc,ref       ] GC(241) Skipped phase1 of Reference Processing due to unavailable references
[541.618s][debug][gc,ref       ] GC(241) Skipped phase2 of Reference Processing due to unavailable references
[541.618s][debug][gc,ref       ] GC(241) Skipped phase3 of Reference Processing due to unavailable references
[541.618s][debug][gc,ref       ] GC(241) Skipped phase4 of Reference Processing due to unavailable references
[541.618s][debug][gc,age       ] GC(241) Desired survivor size 15368192 bytes, new threshold 6 (max threshold 6)
[541.618s][info ][gc,heap      ] GC(241) ParNew: 242560K->2037K(270336K)
[541.618s][info ][gc,heap      ] GC(241) CMS: 256183K->256308K(600768K)
[541.618s][info ][gc,metaspace ] GC(241) Metaspace: 56782K->56782K(1101824K)
[541.618s][info ][gc           ] GC(241) Pause Young (Allocation Failure) 487M->252M(850M) 2.840ms
[541.618s][info ][gc,cpu       ] GC(241) User=0.02s Sys=0.00s Real=0.00s
[541.618s][info ][safepoint    ] Leaving safepoint region
[541.618s][info ][safepoint    ] Total time for which application threads were stopped: 0.0030235 seconds, Stopping threads took: 0.0000478 seconds
[545.366s][info ][safepoint    ] Application time: 3.7481386 seconds
[545.367s][info ][safepoint    ] Entering safepoint region: GenCollectForAllocation
[545.367s][info ][gc,start     ] GC(242) Pause Young (Allocation Failure)
[545.367s][info ][gc,task      ] GC(242) Using 4 workers of 4 for evacuation
[545.370s][debug][gc,ref       ] GC(242) Skipped phase1 of Reference Processing due to unavailable references
[545.370s][debug][gc,ref       ] GC(242) Skipped phase2 of Reference Processing due to unavailable references
[545.370s][debug][gc,ref       ] GC(242) Skipped phase3 of Reference Processing due to unavailable references
[545.370s][debug][gc,ref       ] GC(242) Skipped phase4 of Reference Processing due to unavailable references
[545.370s][debug][gc,age       ] GC(242) Desired survivor size 15368192 bytes, new threshold 6 (max threshold 6)
[545.370s][info ][gc,heap      ] GC(242) ParNew: 242357K->2379K(270336K)
[545.370s][info ][gc,heap      ] GC(242) CMS: 256308K->256499K(600768K)
[545.370s][info ][gc,metaspace ] GC(242) Metaspace: 56783K->56783K(1101824K)
[545.370s][info ][gc           ] GC(242) Pause Young (Allocation Failure) 486M->252M(850M) 3.542ms
[545.370s][info ][gc,cpu       ] GC(242) User=0.01s Sys=0.01s Real=0.00s
[545.370s][info ][safepoint    ] Leaving safepoint region
[545.370s][info ][safepoint    ] Total time for which application threads were stopped: 0.0037511 seconds, Stopping threads took: 0.0000787 seconds
[546.370s][info ][safepoint    ] Application time: 1.0001085 seconds
[546.370s][info ][safepoint    ] Entering safepoint region: Cleanup
[546.371s][info ][safepoint    ] Leaving safepoint region
[546.371s][info ][safepoint    ] Total time for which application threads were stopped: 0.0001376 seconds, Stopping threads took: 0.0000684 seconds
[547.371s][info ][safepoint    ] Application time: 1.0000751 seconds
[547.371s][info ][safepoint    ] Entering safepoint region: Cleanup
[547.371s][info ][safepoint    ] Leaving safepoint region
[547.371s][info ][safepoint    ] Total time for which application threads were stopped: 0.0001227 seconds, Stopping threads took: 0.0000509 seconds
[549.067s][info ][safepoint    ] Application time: 1.6961918 seconds
[549.067s][info ][safepoint    ] Entering safepoint region: GenCollectForAllocation
[549.067s][info ][gc,start     ] GC(243) Pause Young (Allocation Failure)
[549.067s][info ][gc,task      ] GC(243) Using 4 workers of 4 for evacuation
[549.070s][debug][gc,ref       ] GC(243) Skipped phase1 of Reference Processing due to unavailable references
[549.070s][debug][gc,ref       ] GC(243) Skipped phase2 of Reference Processing due to unavailable references
[549.070s][debug][gc,ref       ] GC(243) Skipped phase3 of Reference Processing due to unavailable references
[549.070s][debug][gc,ref       ] GC(243) Skipped phase4 of Reference Processing due to unavailable references
[549.070s][debug][gc,age       ] GC(243) Desired survivor size 15368192 bytes, new threshold 6 (max threshold 6)
[549.070s][info ][gc,heap      ] GC(243) ParNew: 242699K->2218K(270336K)
[549.070s][info ][gc,heap      ] GC(243) CMS: 256499K->256534K(600768K)
[549.070s][info ][gc,metaspace ] GC(243) Metaspace: 56783K->56783K(1101824K)
[549.070s][info ][gc           ] GC(243) Pause Young (Allocation Failure) 487M->252M(850M) 2.654ms
[549.070s][info ][gc,cpu       ] GC(243) User=0.01s Sys=0.00s Real=0.00s
[549.070s][info ][safepoint    ] Leaving safepoint region
[549.070s][info ][safepoint    ] Total time for which application threads were stopped: 0.0028157 seconds, Stopping threads took: 0.0000143 seconds
[550.070s][info ][safepoint    ] Application time: 1.0000882 seconds
[550.070s][info ][safepoint    ] Entering safepoint region: Cleanup
[550.070s][info ][safepoint    ] Leaving safepoint region
[550.070s][info ][safepoint    ] Total time for which application threads were stopped: 0.0001329 seconds, Stopping threads took: 0.0000589 seconds
[552.716s][info ][safepoint    ] Application time: 2.6454297 seconds
[552.716s][info ][safepoint    ] Entering safepoint region: GenCollectForAllocation
[552.716s][info ][gc,start     ] GC(244) Pause Young (Allocation Failure)
[552.716s][info ][gc,task      ] GC(244) Using 4 workers of 4 for evacuation
[552.719s][debug][gc,ref       ] GC(244) Skipped phase1 of Reference Processing due to unavailable references
[552.719s][debug][gc,ref       ] GC(244) Skipped phase2 of Reference Processing due to unavailable references
[552.719s][debug][gc,ref       ] GC(244) Skipped phase3 of Reference Processing due to unavailable references
[552.719s][debug][gc,ref       ] GC(244) Skipped phase4 of Reference Processing due to unavailable references
[552.719s][debug][gc,age       ] GC(244) Desired survivor size 15368192 bytes, new threshold 6 (max threshold 6)
[552.719s][info ][gc,heap      ] GC(244) ParNew: 242538K->2120K(270336K)
[552.719s][info ][gc,heap      ] GC(244) CMS: 256534K->256675K(600768K)
[552.719s][info ][gc,metaspace ] GC(244) Metaspace: 56783K->56783K(1101824K)
[552.719s][info ][gc           ] GC(244) Pause Young (Allocation Failure) 487M->252M(850M) 3.145ms
[552.719s][info ][gc,cpu       ] GC(244) User=0.01s Sys=0.00s Real=0.00s
[552.719s][info ][safepoint    ] Leaving safepoint region
[552.719s][info ][safepoint    ] Total time for which application threads were stopped: 0.0033487 seconds, Stopping threads took: 0.0000594 seconds
[554.719s][info ][safepoint    ] Application time: 2.0002773 seconds
[554.719s][info ][safepoint    ] Entering safepoint region: Cleanup
[554.719s][info ][safepoint    ] Leaving safepoint region
[554.719s][info ][safepoint    ] Total time for which application threads were stopped: 0.0001289 seconds, Stopping threads took: 0.0000549 seconds
[555.719s][info ][safepoint    ] Application time: 1.0001004 seconds
[555.720s][info ][safepoint    ] Entering safepoint region: Cleanup
[555.720s][info ][safepoint    ] Leaving safepoint region
[555.720s][info ][safepoint    ] Total time for which application threads were stopped: 0.0001484 seconds, Stopping threads took: 0.0000767 seconds
[556.421s][info ][safepoint    ] Application time: 0.7017199 seconds
[556.421s][info ][safepoint    ] Entering safepoint region: GenCollectForAllocation
[556.422s][info ][gc,start     ] GC(245) Pause Young (Allocation Failure)
[556.422s][info ][gc,task      ] GC(245) Using 4 workers of 4 for evacuation
[556.424s][debug][gc,ref       ] GC(245) Skipped phase1 of Reference Processing due to unavailable references
[556.424s][debug][gc,ref       ] GC(245) Skipped phase2 of Reference Processing due to unavailable references
[556.424s][debug][gc,ref       ] GC(245) Skipped phase3 of Reference Processing due to unavailable references
[556.424s][debug][gc,ref       ] GC(245) Skipped phase4 of Reference Processing due to unavailable references
[556.424s][debug][gc,age       ] GC(245) Desired survivor size 15368192 bytes, new threshold 6 (max threshold 6)
[556.424s][info ][gc,heap      ] GC(245) ParNew: 242440K->2531K(270336K)
[556.424s][info ][gc,heap      ] GC(245) CMS: 256675K->256712K(600768K)
[556.424s][info ][gc,metaspace ] GC(245) Metaspace: 56784K->56784K(1101824K)
[556.424s][info ][gc           ] GC(245) Pause Young (Allocation Failure) 487M->253M(850M) 2.639ms
[556.424s][info ][gc,cpu       ] GC(245) User=0.01s Sys=0.00s Real=0.00s
[556.424s][info ][safepoint    ] Leaving safepoint region
[556.424s][info ][safepoint    ] Total time for which application threads were stopped: 0.0027797 seconds, Stopping threads took: 0.0000157 seconds
[557.424s][info ][safepoint    ] Application time: 1.0001090 seconds
[557.424s][info ][safepoint    ] Entering safepoint region: Cleanup
[557.424s][info ][safepoint    ] Leaving safepoint region
[557.424s][info ][safepoint    ] Total time for which application threads were stopped: 0.0000668 seconds, Stopping threads took: 0.0000156 seconds
[558.425s][info ][safepoint    ] Application time: 1.0000883 seconds
[558.425s][info ][safepoint    ] Entering safepoint region: Cleanup
[558.425s][info ][safepoint    ] Leaving safepoint region
[558.425s][info ][safepoint    ] Total time for which application threads were stopped: 0.0000694 seconds, Stopping threads took: 0.0000171 seconds
[559.425s][info ][safepoint    ] Application time: 1.0001648 seconds
[559.425s][info ][safepoint    ] Entering safepoint region: Cleanup
[559.425s][info ][safepoint    ] Leaving safepoint region
[559.425s][info ][safepoint    ] Total time for which application threads were stopped: 0.0000744 seconds, Stopping threads took: 0.0000169 seconds
[560.130s][info ][safepoint    ] Application time: 0.7055260 seconds
[560.130s][info ][safepoint    ] Entering safepoint region: GenCollectForAllocation
[560.131s][info ][gc,start     ] GC(246) Pause Young (Allocation Failure)
[560.131s][info ][gc,task      ] GC(246) Using 4 workers of 4 for evacuation
[560.134s][debug][gc,ref       ] GC(246) Skipped phase1 of Reference Processing due to unavailable references
[560.134s][debug][gc,ref       ] GC(246) Skipped phase2 of Reference Processing due to unavailable references
[560.134s][debug][gc,ref       ] GC(246) Skipped phase3 of Reference Processing due to unavailable references
[560.134s][debug][gc,ref       ] GC(246) Skipped phase4 of Reference Processing due to unavailable references
[560.134s][debug][gc,age       ] GC(246) Desired survivor size 15368192 bytes, new threshold 6 (max threshold 6)
[560.134s][info ][gc,heap      ] GC(246) ParNew: 242851K->2636K(270336K)
[560.134s][info ][gc,heap      ] GC(246) CMS: 256712K->256942K(600768K)
[560.134s][info ][gc,metaspace ] GC(246) Metaspace: 56785K->56785K(1101824K)
[560.134s][info ][gc           ] GC(246) Pause Young (Allocation Failure) 487M->253M(850M) 3.381ms
[560.134s][info ][gc,cpu       ] GC(246) User=0.01s Sys=0.01s Real=0.01s
[560.134s][info ][safepoint    ] Leaving safepoint region
[560.134s][info ][safepoint    ] Total time for which application threads were stopped: 0.0035260 seconds, Stopping threads took: 0.0000143 seconds
[561.134s][info ][safepoint    ] Application time: 1.0000583 seconds
[561.134s][info ][safepoint    ] Entering safepoint region: Cleanup
[561.134s][info ][safepoint    ] Leaving safepoint region
[561.134s][info ][safepoint    ] Total time for which application threads were stopped: 0.0000917 seconds, Stopping threads took: 0.0000295 seconds
[562.134s][info ][safepoint    ] Application time: 1.0001047 seconds
[562.134s][info ][safepoint    ] Entering safepoint region: Cleanup
[562.134s][info ][safepoint    ] Leaving safepoint region
[562.134s][info ][safepoint    ] Total time for which application threads were stopped: 0.0000772 seconds, Stopping threads took: 0.0000155 seconds
[563.135s][info ][safepoint    ] Application time: 1.0001004 seconds
[563.135s][info ][safepoint    ] Entering safepoint region: Cleanup
[563.135s][info ][safepoint    ] Leaving safepoint region
[563.135s][info ][safepoint    ] Total time for which application threads were stopped: 0.0000828 seconds, Stopping threads took: 0.0000151 seconds
[563.766s][info ][safepoint    ] Application time: 0.6315652 seconds
[563.766s][info ][safepoint    ] Entering safepoint region: GenCollectForAllocation
[563.766s][info ][gc,start     ] GC(247) Pause Young (Allocation Failure)
[563.766s][info ][gc,task      ] GC(247) Using 4 workers of 4 for evacuation
[563.769s][debug][gc,ref       ] GC(247) Skipped phase1 of Reference Processing due to unavailable references
[563.769s][debug][gc,ref       ] GC(247) Skipped phase2 of Reference Processing due to unavailable references
[563.769s][debug][gc,ref       ] GC(247) Skipped phase3 of Reference Processing due to unavailable references
[563.769s][debug][gc,ref       ] GC(247) Skipped phase4 of Reference Processing due to unavailable references
[563.770s][debug][gc,age       ] GC(247) Desired survivor size 15368192 bytes, new threshold 6 (max threshold 6)
[563.770s][info ][gc,heap      ] GC(247) ParNew: 242956K->3345K(270336K)
[563.770s][info ][gc,heap      ] GC(247) CMS: 256942K->257062K(600768K)
[563.770s][info ][gc,metaspace ] GC(247) Metaspace: 56788K->56788K(1101824K)
[563.770s][info ][gc           ] GC(247) Pause Young (Allocation Failure) 488M->254M(850M) 3.164ms
[563.770s][info ][gc,cpu       ] GC(247) User=0.01s Sys=0.00s Real=0.00s
[563.770s][info ][safepoint    ] Leaving safepoint region
[563.770s][info ][safepoint    ] Total time for which application threads were stopped: 0.0033536 seconds, Stopping threads took: 0.0000476 seconds
[564.770s][info ][safepoint    ] Application time: 1.0000995 seconds
[564.770s][info ][safepoint    ] Entering safepoint region: Cleanup
[564.770s][info ][safepoint    ] Leaving safepoint region
[564.770s][info ][safepoint    ] Total time for which application threads were stopped: 0.0001530 seconds, Stopping threads took: 0.0000836 seconds
[565.770s][info ][safepoint    ] Application time: 1.0000363 seconds
[565.770s][info ][safepoint    ] Entering safepoint region: Cleanup
[565.770s][info ][safepoint    ] Leaving safepoint region
[565.770s][info ][safepoint    ] Total time for which application threads were stopped: 0.0001759 seconds, Stopping threads took: 0.0000818 seconds
[566.770s][info ][safepoint    ] Application time: 1.0001117 seconds
[566.770s][info ][safepoint    ] Entering safepoint region: Cleanup
[566.770s][info ][safepoint    ] Leaving safepoint region
[566.770s][info ][safepoint    ] Total time for which application threads were stopped: 0.0001382 seconds, Stopping threads took: 0.0000704 seconds
[567.267s][info ][safepoint    ] Application time: 0.4969762 seconds
[567.267s][info ][safepoint    ] Entering safepoint region: GenCollectForAllocation
[567.268s][info ][gc,start     ] GC(248) Pause Young (Allocation Failure)
[567.268s][info ][gc,task      ] GC(248) Using 4 workers of 4 for evacuation
[567.272s][debug][gc,ref       ] GC(248) Skipped phase1 of Reference Processing due to unavailable references
[567.272s][debug][gc,ref       ] GC(248) Skipped phase2 of Reference Processing due to unavailable references
[567.272s][debug][gc,ref       ] GC(248) Skipped phase3 of Reference Processing due to unavailable references
[567.272s][debug][gc,ref       ] GC(248) Skipped phase4 of Reference Processing due to unavailable references
[567.272s][debug][gc,age       ] GC(248) Desired survivor size 15368192 bytes, new threshold 6 (max threshold 6)
[567.272s][info ][gc,heap      ] GC(248) ParNew: 243665K->4898K(270336K)
[567.272s][info ][gc,heap      ] GC(248) CMS: 257062K->257271K(600768K)
[567.272s][info ][gc,metaspace ] GC(248) Metaspace: 56789K->56789K(1101824K)
[567.272s][info ][gc           ] GC(248) Pause Young (Allocation Failure) 488M->256M(850M) 4.184ms
[567.272s][info ][gc,cpu       ] GC(248) User=0.02s Sys=0.00s Real=0.00s
[567.272s][info ][safepoint    ] Leaving safepoint region
[567.272s][info ][safepoint    ] Total time for which application threads were stopped: 0.0044232 seconds, Stopping threads took: 0.0000129 seconds
[568.272s][info ][safepoint    ] Application time: 1.0001251 seconds
[568.272s][info ][safepoint    ] Entering safepoint region: Cleanup
[568.272s][info ][safepoint    ] Leaving safepoint region
[568.272s][info ][safepoint    ] Total time for which application threads were stopped: 0.0001287 seconds, Stopping threads took: 0.0000619 seconds
[569.272s][info ][safepoint    ] Application time: 1.0000887 seconds
[569.272s][info ][safepoint    ] Entering safepoint region: Cleanup
[569.272s][info ][safepoint    ] Leaving safepoint region
[569.272s][info ][safepoint    ] Total time for which application threads were stopped: 0.0001303 seconds, Stopping threads took: 0.0000671 seconds
[570.273s][info ][safepoint    ] Application time: 1.0001091 seconds
[570.273s][info ][safepoint    ] Entering safepoint region: Cleanup
[570.273s][info ][safepoint    ] Leaving safepoint region
[570.273s][info ][safepoint    ] Total time for which application threads were stopped: 0.0001418 seconds, Stopping threads took: 0.0000624 seconds
[570.675s][info ][safepoint    ] Application time: 0.4024903 seconds
[570.675s][info ][safepoint    ] Entering safepoint region: GenCollectForAllocation
[570.675s][info ][gc,start     ] GC(249) Pause Young (Allocation Failure)
[570.675s][info ][gc,task      ] GC(249) Using 4 workers of 4 for evacuation
[570.679s][debug][gc,ref       ] GC(249) Skipped phase1 of Reference Processing due to unavailable references
[570.679s][debug][gc,ref       ] GC(249) Skipped phase2 of Reference Processing due to unavailable references
[570.679s][debug][gc,ref       ] GC(249) Skipped phase3 of Reference Processing due to unavailable references
[570.679s][debug][gc,ref       ] GC(249) Skipped phase4 of Reference Processing due to unavailable references
[570.679s][debug][gc,age       ] GC(249) Desired survivor size 15368192 bytes, new threshold 6 (max threshold 6)
[570.679s][info ][gc,heap      ] GC(249) ParNew: 245218K->6907K(270336K)
[570.679s][info ][gc,heap      ] GC(249) CMS: 257271K->257343K(600768K)
[570.679s][info ][gc,metaspace ] GC(249) Metaspace: 56791K->56791K(1101824K)
[570.680s][info ][gc           ] GC(249) Pause Young (Allocation Failure) 490M->258M(850M) 4.161ms
[570.680s][info ][gc,cpu       ] GC(249) User=0.02s Sys=0.00s Real=0.00s
[570.680s][info ][safepoint    ] Leaving safepoint region
[570.680s][info ][safepoint    ] Total time for which application threads were stopped: 0.0043034 seconds, Stopping threads took: 0.0000144 seconds
[571.680s][info ][safepoint    ] Application time: 1.0001018 seconds
[571.680s][info ][safepoint    ] Entering safepoint region: Cleanup
[571.680s][info ][safepoint    ] Leaving safepoint region
[571.680s][info ][safepoint    ] Total time for which application threads were stopped: 0.0001044 seconds, Stopping threads took: 0.0000324 seconds
[572.680s][info ][safepoint    ] Application time: 1.0000951 seconds
[572.680s][info ][safepoint    ] Entering safepoint region: Cleanup
[572.680s][info ][safepoint    ] Leaving safepoint region
[572.680s][info ][safepoint    ] Total time for which application threads were stopped: 0.0000773 seconds, Stopping threads took: 0.0000155 seconds
[573.680s][info ][safepoint    ] Application time: 1.0001582 seconds
[573.680s][info ][safepoint    ] Entering safepoint region: Cleanup
[573.680s][info ][safepoint    ] Leaving safepoint region
[573.680s][info ][safepoint    ] Total time for which application threads were stopped: 0.0000949 seconds, Stopping threads took: 0.0000176 seconds
[574.166s][info ][safepoint    ] Application time: 0.4855320 seconds
[574.166s][info ][safepoint    ] Entering safepoint region: GenCollectForAllocation
[574.166s][info ][gc,start     ] GC(250) Pause Young (Allocation Failure)
[574.166s][info ][gc,task      ] GC(250) Using 4 workers of 4 for evacuation
[574.171s][debug][gc,ref       ] GC(250) Skipped phase1 of Reference Processing due to unavailable references
[574.171s][debug][gc,ref       ] GC(250) Skipped phase2 of Reference Processing due to unavailable references
[574.171s][debug][gc,ref       ] GC(250) Skipped phase3 of Reference Processing due to unavailable references
[574.171s][debug][gc,ref       ] GC(250) Skipped phase4 of Reference Processing due to unavailable references
[574.171s][debug][gc,age       ] GC(250) Desired survivor size 15368192 bytes, new threshold 6 (max threshold 6)
[574.171s][info ][gc,heap      ] GC(250) ParNew: 247227K->9429K(270336K)
[574.171s][info ][gc,heap      ] GC(250) CMS: 257343K->257524K(600768K)
[574.171s][info ][gc,metaspace ] GC(250) Metaspace: 56794K->56794K(1101824K)
[574.171s][info ][gc           ] GC(250) Pause Young (Allocation Failure) 492M->260M(850M) 4.718ms
[574.171s][info ][gc,cpu       ] GC(250) User=0.01s Sys=0.00s Real=0.00s
[574.171s][info ][safepoint    ] Leaving safepoint region
[574.171s][info ][safepoint    ] Total time for which application threads were stopped: 0.0048716 seconds, Stopping threads took: 0.0000159 seconds
[575.171s][info ][safepoint    ] Application time: 1.0001137 seconds
[575.171s][info ][safepoint    ] Entering safepoint region: Cleanup
[575.171s][info ][safepoint    ] Leaving safepoint region
[575.171s][info ][safepoint    ] Total time for which application threads were stopped: 0.0001479 seconds, Stopping threads took: 0.0000722 seconds
[576.171s][info ][safepoint    ] Application time: 1.0001218 seconds
[576.171s][info ][safepoint    ] Entering safepoint region: Cleanup
[576.171s][info ][safepoint    ] Leaving safepoint region
[576.171s][info ][safepoint    ] Total time for which application threads were stopped: 0.0001275 seconds, Stopping threads took: 0.0000518 seconds
[577.171s][info ][safepoint    ] Application time: 1.0000954 seconds
[577.172s][info ][safepoint    ] Entering safepoint region: Cleanup
[577.172s][info ][safepoint    ] Leaving safepoint region
[577.172s][info ][safepoint    ] Total time for which application threads were stopped: 0.0001622 seconds, Stopping threads took: 0.0001029 seconds
[577.571s][info ][safepoint    ] Application time: 0.3989069 seconds
[577.571s][info ][safepoint    ] Entering safepoint region: GenCollectForAllocation
[577.571s][info ][gc,start     ] GC(251) Pause Young (Allocation Failure)
[577.571s][info ][gc,task      ] GC(251) Using 4 workers of 4 for evacuation
[577.575s][debug][gc,ref       ] GC(251) Skipped phase1 of Reference Processing due to unavailable references
[577.575s][debug][gc,ref       ] GC(251) Skipped phase2 of Reference Processing due to unavailable references
[577.575s][debug][gc,ref       ] GC(251) Skipped phase3 of Reference Processing due to unavailable references
[577.575s][debug][gc,ref       ] GC(251) Skipped phase4 of Reference Processing due to unavailable references
[577.576s][debug][gc,age       ] GC(251) Desired survivor size 15368192 bytes, new threshold 6 (max threshold 6)
[577.576s][info ][gc,heap      ] GC(251) ParNew: 249749K->7358K(270336K)
[577.576s][info ][gc,heap      ] GC(251) CMS: 257524K->257556K(600768K)
[577.576s][info ][gc,metaspace ] GC(251) Metaspace: 56795K->56795K(1101824K)
[577.576s][info ][gc           ] GC(251) Pause Young (Allocation Failure) 495M->258M(850M) 4.923ms
[577.576s][info ][gc,cpu       ] GC(251) User=0.02s Sys=0.00s Real=0.01s
[577.576s][info ][safepoint    ] Leaving safepoint region
[577.576s][info ][safepoint    ] Total time for which application threads were stopped: 0.0050815 seconds, Stopping threads took: 0.0000144 seconds
[578.576s][info ][safepoint    ] Application time: 1.0000967 seconds
[578.576s][info ][safepoint    ] Entering safepoint region: Cleanup
[578.576s][info ][safepoint    ] Leaving safepoint region
[578.576s][info ][safepoint    ] Total time for which application threads were stopped: 0.0001058 seconds, Stopping threads took: 0.0000159 seconds
[579.576s][info ][safepoint    ] Application time: 1.0001495 seconds
[579.576s][info ][safepoint    ] Entering safepoint region: Cleanup
[579.576s][info ][safepoint    ] Leaving safepoint region
[579.576s][info ][safepoint    ] Total time for which application threads were stopped: 0.0000788 seconds, Stopping threads took: 0.0000151 seconds
[580.576s][info ][safepoint    ] Application time: 1.0000859 seconds
[580.576s][info ][safepoint    ] Entering safepoint region: Cleanup
[580.576s][info ][safepoint    ] Leaving safepoint region
[580.576s][info ][safepoint    ] Total time for which application threads were stopped: 0.0000693 seconds, Stopping threads took: 0.0000151 seconds
[580.973s][info ][safepoint    ] Application time: 0.3965647 seconds
[580.973s][info ][safepoint    ] Entering safepoint region: GenCollectForAllocation
[580.973s][info ][gc,start     ] GC(252) Pause Young (Allocation Failure)
[580.973s][info ][gc,task      ] GC(252) Using 4 workers of 4 for evacuation
[580.978s][debug][gc,ref       ] GC(252) Skipped phase1 of Reference Processing due to unavailable references
[580.978s][debug][gc,ref       ] GC(252) Skipped phase2 of Reference Processing due to unavailable references
[580.978s][debug][gc,ref       ] GC(252) Skipped phase3 of Reference Processing due to unavailable references
[580.978s][debug][gc,ref       ] GC(252) Skipped phase4 of Reference Processing due to unavailable references
[580.978s][debug][gc,age       ] GC(252) Desired survivor size 15368192 bytes, new threshold 6 (max threshold 6)
[580.978s][info ][gc,heap      ] GC(252) ParNew: 247678K->9290K(270336K)
[580.978s][info ][gc,heap      ] GC(252) CMS: 257556K->257960K(600768K)
[580.978s][info ][gc,metaspace ] GC(252) Metaspace: 56798K->56798K(1101824K)
[580.978s][info ][gc           ] GC(252) Pause Young (Allocation Failure) 493M->260M(850M) 5.344ms
[580.978s][info ][gc,cpu       ] GC(252) User=0.01s Sys=0.00s Real=0.01s
[580.978s][info ][safepoint    ] Leaving safepoint region
[580.978s][info ][safepoint    ] Total time for which application threads were stopped: 0.0055011 seconds, Stopping threads took: 0.0000140 seconds
[581.979s][info ][safepoint    ] Application time: 1.0000897 seconds
[581.979s][info ][safepoint    ] Entering safepoint region: Cleanup
[581.979s][info ][safepoint    ] Leaving safepoint region
[581.979s][info ][safepoint    ] Total time for which application threads were stopped: 0.0001271 seconds, Stopping threads took: 0.0000645 seconds
[582.979s][info ][safepoint    ] Application time: 1.0001622 seconds
[582.979s][info ][safepoint    ] Entering safepoint region: Cleanup
[582.979s][info ][safepoint    ] Leaving safepoint region
[582.979s][info ][safepoint    ] Total time for which application threads were stopped: 0.0000711 seconds, Stopping threads took: 0.0000169 seconds
[583.979s][info ][safepoint    ] Application time: 1.0000931 seconds
[583.979s][info ][safepoint    ] Entering safepoint region: Cleanup
[583.979s][info ][safepoint    ] Leaving safepoint region
[583.979s][info ][safepoint    ] Total time for which application threads were stopped: 0.0000987 seconds, Stopping threads took: 0.0000326 seconds
[584.416s][info ][safepoint    ] Application time: 0.4370564 seconds
[584.416s][info ][safepoint    ] Entering safepoint region: GenCollectForAllocation
[584.416s][info ][gc,start     ] GC(253) Pause Young (Allocation Failure)
[584.416s][info ][gc,task      ] GC(253) Using 4 workers of 4 for evacuation
[584.421s][debug][gc,ref       ] GC(253) Skipped phase1 of Reference Processing due to unavailable references
[584.421s][debug][gc,ref       ] GC(253) Skipped phase2 of Reference Processing due to unavailable references
[584.421s][debug][gc,ref       ] GC(253) Skipped phase3 of Reference Processing due to unavailable references
[584.421s][debug][gc,ref       ] GC(253) Skipped phase4 of Reference Processing due to unavailable references
[584.422s][debug][gc,age       ] GC(253) Desired survivor size 15368192 bytes, new threshold 6 (max threshold 6)
[584.422s][info ][gc,heap      ] GC(253) ParNew: 249610K->7809K(270336K)
[584.422s][info ][gc,heap      ] GC(253) CMS: 257960K->258361K(600768K)
[584.422s][info ][gc,metaspace ] GC(253) Metaspace: 56799K->56799K(1101824K)
[584.422s][info ][gc           ] GC(253) Pause Young (Allocation Failure) 495M->259M(850M) 5.134ms
[584.422s][info ][gc,cpu       ] GC(253) User=0.02s Sys=0.00s Real=0.00s
[584.422s][info ][safepoint    ] Leaving safepoint region
[584.422s][info ][safepoint    ] Total time for which application threads were stopped: 0.0053216 seconds, Stopping threads took: 0.0000498 seconds
[585.422s][info ][safepoint    ] Application time: 1.0002225 seconds
[585.422s][info ][safepoint    ] Entering safepoint region: Cleanup
[585.422s][info ][safepoint    ] Leaving safepoint region
[585.422s][info ][safepoint    ] Total time for which application threads were stopped: 0.0001132 seconds, Stopping threads took: 0.0000489 seconds
[586.422s][info ][safepoint    ] Application time: 1.0001629 seconds
[586.422s][info ][safepoint    ] Entering safepoint region: Cleanup
[586.422s][info ][safepoint    ] Leaving safepoint region
[586.422s][info ][safepoint    ] Total time for which application threads were stopped: 0.0001005 seconds, Stopping threads took: 0.0000396 seconds
[587.422s][info ][safepoint    ] Application time: 1.0001036 seconds
[587.423s][info ][safepoint    ] Entering safepoint region: Cleanup
[587.423s][info ][safepoint    ] Leaving safepoint region
[587.423s][info ][safepoint    ] Total time for which application threads were stopped: 0.0001387 seconds, Stopping threads took: 0.0000738 seconds
[587.818s][info ][safepoint    ] Application time: 0.3955107 seconds
[587.818s][info ][safepoint    ] Entering safepoint region: GenCollectForAllocation
[587.818s][info ][gc,start     ] GC(254) Pause Young (Allocation Failure)
[587.818s][info ][gc,task      ] GC(254) Using 4 workers of 4 for evacuation
[587.824s][debug][gc,ref       ] GC(254) Skipped phase1 of Reference Processing due to unavailable references
[587.824s][debug][gc,ref       ] GC(254) Skipped phase2 of Reference Processing due to unavailable references
[587.824s][debug][gc,ref       ] GC(254) Skipped phase3 of Reference Processing due to unavailable references
[587.824s][debug][gc,ref       ] GC(254) Skipped phase4 of Reference Processing due to unavailable references
[587.824s][debug][gc,age       ] GC(254) Desired survivor size 15368192 bytes, new threshold 6 (max threshold 6)
[587.824s][info ][gc,heap      ] GC(254) ParNew: 248129K->7778K(270336K)
[587.824s][info ][gc,heap      ] GC(254) CMS: 258361K->259545K(600768K)
[587.824s][info ][gc,metaspace ] GC(254) Metaspace: 56800K->56800K(1101824K)
[587.824s][info ][gc           ] GC(254) Pause Young (Allocation Failure) 494M->261M(850M) 5.988ms
[587.824s][info ][gc,cpu       ] GC(254) User=0.02s Sys=0.00s Real=0.00s
[587.824s][info ][safepoint    ] Leaving safepoint region
[587.824s][info ][safepoint    ] Total time for which application threads were stopped: 0.0061305 seconds, Stopping threads took: 0.0000144 seconds
[588.828s][info ][safepoint    ] Application time: 1.0039196 seconds
[588.828s][info ][safepoint    ] Entering safepoint region: Cleanup
[588.828s][info ][safepoint    ] Leaving safepoint region
[588.828s][info ][safepoint    ] Total time for which application threads were stopped: 0.0001092 seconds, Stopping threads took: 0.0000382 seconds
[589.828s][info ][safepoint    ] Application time: 1.0000874 seconds
[589.829s][info ][safepoint    ] Entering safepoint region: Cleanup
[589.829s][info ][safepoint    ] Leaving safepoint region
[589.829s][info ][safepoint    ] Total time for which application threads were stopped: 0.0000994 seconds, Stopping threads took: 0.0000148 seconds
[590.829s][info ][safepoint    ] Application time: 1.0000876 seconds
[590.829s][info ][safepoint    ] Entering safepoint region: Cleanup
[590.829s][info ][safepoint    ] Leaving safepoint region
[590.829s][info ][safepoint    ] Total time for which application threads were stopped: 0.0000681 seconds, Stopping threads took: 0.0000153 seconds
[591.466s][info ][safepoint    ] Application time: 0.6374655 seconds
[591.466s][info ][safepoint    ] Entering safepoint region: GenCollectForAllocation
[591.466s][info ][gc,start     ] GC(255) Pause Young (Allocation Failure)
[591.466s][info ][gc,task      ] GC(255) Using 4 workers of 4 for evacuation
[591.472s][debug][gc,ref       ] GC(255) Skipped phase1 of Reference Processing due to unavailable references
[591.472s][debug][gc,ref       ] GC(255) Skipped phase2 of Reference Processing due to unavailable references
[591.472s][debug][gc,ref       ] GC(255) Skipped phase3 of Reference Processing due to unavailable references
[591.472s][debug][gc,age       ] GC(255) Desired survivor size 15368192 bytes, new threshold 6 (max threshold 6)
[591.472s][info ][gc,heap      ] GC(255) ParNew: 248098K->5351K(270336K)
[591.472s][info ][gc,heap      ] GC(255) CMS: 259545K->261869K(600768K)
[591.472s][info ][gc,metaspace ] GC(255) Metaspace: 56808K->56808K(1101824K)
[591.472s][info ][gc           ] GC(255) Pause Young (Allocation Failure) 495M->260M(850M) 5.877ms
[591.472s][info ][gc,cpu       ] GC(255) User=0.02s Sys=0.00s Real=0.00s
[591.472s][info ][safepoint    ] Leaving safepoint region
[591.472s][info ][safepoint    ] Total time for which application threads were stopped: 0.0060367 seconds, Stopping threads took: 0.0000140 seconds
[592.472s][info ][safepoint    ] Application time: 1.0000572 seconds
[592.472s][info ][safepoint    ] Entering safepoint region: Cleanup
[592.473s][info ][safepoint    ] Leaving safepoint region
[592.473s][info ][safepoint    ] Total time for which application threads were stopped: 0.0001383 seconds, Stopping threads took: 0.0000698 seconds
[593.473s][info ][safepoint    ] Application time: 1.0000833 seconds
[593.473s][info ][safepoint    ] Entering safepoint region: Cleanup
[593.473s][info ][safepoint    ] Leaving safepoint region
[593.473s][info ][safepoint    ] Total time for which application threads were stopped: 0.0001441 seconds, Stopping threads took: 0.0000733 seconds
[594.473s][info ][safepoint    ] Application time: 1.0000992 seconds
[594.473s][info ][safepoint    ] Entering safepoint region: Cleanup
[594.473s][info ][safepoint    ] Leaving safepoint region
[594.473s][info ][safepoint    ] Total time for which application threads were stopped: 0.0001202 seconds, Stopping threads took: 0.0000607 seconds
[595.073s][info ][safepoint    ] Application time: 0.5995666 seconds
[595.073s][info ][safepoint    ] Entering safepoint region: GenCollectForAllocation
[595.073s][info ][gc,start     ] GC(256) Pause Young (Allocation Failure)
[595.073s][info ][gc,task      ] GC(256) Using 4 workers of 4 for evacuation
[595.077s][debug][gc,ref       ] GC(256) Skipped phase1 of Reference Processing due to unavailable references
[595.077s][debug][gc,ref       ] GC(256) Skipped phase2 of Reference Processing due to unavailable references
[595.077s][debug][gc,ref       ] GC(256) Skipped phase3 of Reference Processing due to unavailable references
[595.077s][debug][gc,ref       ] GC(256) Skipped phase4 of Reference Processing due to unavailable references
[595.077s][debug][gc,age       ] GC(256) Desired survivor size 15368192 bytes, new threshold 6 (max threshold 6)
[595.077s][info ][gc,heap      ] GC(256) ParNew: 245671K->3662K(270336K)
[595.077s][info ][gc,heap      ] GC(256) CMS: 261869K->262516K(600768K)
[595.077s][info ][gc,metaspace ] GC(256) Metaspace: 56808K->56808K(1101824K)
[595.077s][info ][gc           ] GC(256) Pause Young (Allocation Failure) 495M->259M(850M) 4.190ms
[595.077s][info ][gc,cpu       ] GC(256) User=0.02s Sys=0.00s Real=0.01s
[595.077s][info ][safepoint    ] Leaving safepoint region
[595.077s][info ][safepoint    ] Total time for which application threads were stopped: 0.0043385 seconds, Stopping threads took: 0.0000147 seconds
[596.078s][info ][safepoint    ] Application time: 1.0011174 seconds
[596.078s][info ][safepoint    ] Entering safepoint region: Cleanup
[596.078s][info ][safepoint    ] Leaving safepoint region
[596.078s][info ][safepoint    ] Total time for which application threads were stopped: 0.0000763 seconds, Stopping threads took: 0.0000171 seconds
[597.078s][info ][safepoint    ] Application time: 1.0000990 seconds
[597.084s][info ][safepoint    ] Entering safepoint region: Cleanup
[597.084s][info ][safepoint    ] Leaving safepoint region
[597.084s][info ][safepoint    ] Total time for which application threads were stopped: 0.0058691 seconds, Stopping threads took: 0.0058031 seconds
[598.084s][info ][safepoint    ] Application time: 1.0000967 seconds
[598.084s][info ][safepoint    ] Entering safepoint region: Cleanup
[598.085s][info ][safepoint    ] Leaving safepoint region
[598.085s][info ][safepoint    ] Total time for which application threads were stopped: 0.0000776 seconds, Stopping threads took: 0.0000161 seconds
[598.586s][info ][safepoint    ] Application time: 0.5012089 seconds
[598.586s][info ][safepoint    ] Entering safepoint region: GenCollectForAllocation
[598.587s][info ][safepoint    ] Leaving safepoint region
[598.587s][info ][safepoint    ] Total time for which application threads were stopped: 0.0007795 seconds, Stopping threads took: 0.0006955 seconds
[598.587s][info ][safepoint    ] Application time: 0.0001323 seconds
[598.587s][info ][safepoint    ] Entering safepoint region: GenCollectFull
[598.587s][info ][gc,start     ] GC(257) Pause Young (GCLocker Initiated GC)
[598.587s][info ][gc,task      ] GC(257) Using 4 workers of 4 for evacuation
[598.591s][debug][gc,ref       ] GC(257) Skipped phase1 of Reference Processing due to unavailable references
[598.591s][debug][gc,ref       ] GC(257) Skipped phase2 of Reference Processing due to unavailable references
[598.591s][debug][gc,ref       ] GC(257) Skipped phase3 of Reference Processing due to unavailable references
[598.591s][debug][gc,ref       ] GC(257) Skipped phase4 of Reference Processing due to unavailable references
[598.591s][debug][gc,age       ] GC(257) Desired survivor size 15368192 bytes, new threshold 6 (max threshold 6)
[598.591s][info ][gc,heap      ] GC(257) ParNew: 243984K->3359K(270336K)
[598.591s][info ][gc,heap      ] GC(257) CMS: 262516K->262921K(600768K)
[598.591s][info ][gc,metaspace ] GC(257) Metaspace: 56808K->56808K(1101824K)
[598.591s][info ][gc           ] GC(257) Pause Young (GCLocker Initiated GC) 494M->260M(850M) 4.384ms
[598.591s][info ][gc,cpu       ] GC(257) User=0.02s Sys=0.00s Real=0.00s
[598.591s][info ][safepoint    ] Leaving safepoint region
[598.591s][info ][safepoint    ] Total time for which application threads were stopped: 0.0045601 seconds, Stopping threads took: 0.0000582 seconds
[599.591s][info ][safepoint    ] Application time: 1.0001138 seconds
[599.591s][info ][safepoint    ] Entering safepoint region: Cleanup
[599.591s][info ][safepoint    ] Leaving safepoint region
[599.591s][info ][safepoint    ] Total time for which application threads were stopped: 0.0000684 seconds, Stopping threads took: 0.0000157 seconds
[600.592s][info ][safepoint    ] Application time: 1.0001066 seconds
[600.592s][info ][safepoint    ] Entering safepoint region: Cleanup
[600.592s][info ][safepoint    ] Leaving safepoint region
[600.592s][info ][safepoint    ] Total time for which application threads were stopped: 0.0000830 seconds, Stopping threads took: 0.0000156 seconds
[601.592s][info ][safepoint    ] Application time: 1.0001224 seconds
[601.592s][info ][safepoint    ] Entering safepoint region: Cleanup
[601.592s][info ][safepoint    ] Leaving safepoint region
[601.592s][info ][safepoint    ] Total time for which application threads were stopped: 0.0003591 seconds, Stopping threads took: 0.0002162 seconds
[602.217s][info ][safepoint    ] Application time: 0.6246359 seconds
[602.217s][info ][safepoint    ] Entering safepoint region: GenCollectForAllocation
[602.217s][info ][gc,start     ] GC(258) Pause Young (Allocation Failure)
[602.217s][info ][gc,task      ] GC(258) Using 4 workers of 4 for evacuation
[602.220s][debug][gc,ref       ] GC(258) Skipped phase1 of Reference Processing due to unavailable references
[602.220s][debug][gc,ref       ] GC(258) Skipped phase2 of Reference Processing due to unavailable references
[602.220s][debug][gc,ref       ] GC(258) Skipped phase3 of Reference Processing due to unavailable references
[602.220s][debug][gc,ref       ] GC(258) Skipped phase4 of Reference Processing due to unavailable references
[602.220s][debug][gc,age       ] GC(258) Desired survivor size 15368192 bytes, new threshold 6 (max threshold 6)
[602.220s][info ][gc,heap      ] GC(258) ParNew: 243679K->2153K(270336K)
[602.220s][info ][gc,heap      ] GC(258) CMS: 262921K->263858K(600768K)
[602.220s][info ][gc,metaspace ] GC(258) Metaspace: 56808K->56808K(1101824K)
[602.220s][info ][gc           ] GC(258) Pause Young (Allocation Failure) 494M->259M(850M) 3.365ms
[602.220s][info ][gc,cpu       ] GC(258) User=0.01s Sys=0.00s Real=0.00s
[602.220s][info ][safepoint    ] Leaving safepoint region
[602.220s][info ][safepoint    ] Total time for which application threads were stopped: 0.0035058 seconds, Stopping threads took: 0.0000142 seconds
[603.221s][info ][safepoint    ] Application time: 1.0001177 seconds
[603.221s][info ][safepoint    ] Entering safepoint region: Cleanup
[603.221s][info ][safepoint    ] Leaving safepoint region
[603.221s][info ][safepoint    ] Total time for which application threads were stopped: 0.0001224 seconds, Stopping threads took: 0.0000522 seconds
[604.221s][info ][safepoint    ] Application time: 1.0001003 seconds
[604.221s][info ][safepoint    ] Entering safepoint region: Cleanup
[604.221s][info ][safepoint    ] Leaving safepoint region
[604.221s][info ][safepoint    ] Total time for which application threads were stopped: 0.0001010 seconds, Stopping threads took: 0.0000381 seconds
[605.221s][info ][safepoint    ] Application time: 1.0000824 seconds
[605.221s][info ][safepoint    ] Entering safepoint region: Cleanup
[605.221s][info ][safepoint    ] Leaving safepoint region
[605.221s][info ][safepoint    ] Total time for which application threads were stopped: 0.0001394 seconds, Stopping threads took: 0.0000656 seconds
[605.771s][info ][safepoint    ] Application time: 0.5501747 seconds
[605.771s][info ][safepoint    ] Entering safepoint region: GenCollectForAllocation
[605.772s][info ][gc,start     ] GC(259) Pause Young (Allocation Failure)
[605.772s][info ][gc,task      ] GC(259) Using 4 workers of 4 for evacuation
[605.774s][debug][gc,ref       ] GC(259) Skipped phase1 of Reference Processing due to unavailable references
[605.774s][debug][gc,ref       ] GC(259) Skipped phase2 of Reference Processing due to unavailable references
[605.774s][debug][gc,ref       ] GC(259) Skipped phase3 of Reference Processing due to unavailable references
[605.774s][debug][gc,ref       ] GC(259) Skipped phase4 of Reference Processing due to unavailable references
[605.774s][debug][gc,age       ] GC(259) Desired survivor size 15368192 bytes, new threshold 6 (max threshold 6)
[605.774s][info ][gc,heap      ] GC(259) ParNew: 242473K->1578K(270336K)
[605.774s][info ][gc,heap      ] GC(259) CMS: 263858K->263921K(600768K)
[605.774s][info ][gc,metaspace ] GC(259) Metaspace: 56811K->56811K(1101824K)
[605.774s][info ][gc           ] GC(259) Pause Young (Allocation Failure) 494M->259M(850M) 2.720ms
[605.774s][info ][gc,cpu       ] GC(259) User=0.01s Sys=0.00s Real=0.01s
[605.774s][info ][safepoint    ] Leaving safepoint region
[605.774s][info ][safepoint    ] Total time for which application threads were stopped: 0.0028633 seconds, Stopping threads took: 0.0000129 seconds
[606.774s][info ][safepoint    ] Application time: 1.0000878 seconds
[606.775s][info ][safepoint    ] Entering safepoint region: Cleanup
[606.775s][info ][safepoint    ] Leaving safepoint region
[606.775s][info ][safepoint    ] Total time for which application threads were stopped: 0.0001266 seconds, Stopping threads took: 0.0000689 seconds
[607.775s][info ][safepoint    ] Application time: 1.0001972 seconds
[607.775s][info ][safepoint    ] Entering safepoint region: Cleanup
[607.775s][info ][safepoint    ] Leaving safepoint region
[607.775s][info ][safepoint    ] Total time for which application threads were stopped: 0.0001200 seconds, Stopping threads took: 0.0000571 seconds
[608.775s][info ][safepoint    ] Application time: 1.0000970 seconds
[608.775s][info ][safepoint    ] Entering safepoint region: Cleanup
[608.775s][info ][safepoint    ] Leaving safepoint region
[608.775s][info ][safepoint    ] Total time for which application threads were stopped: 0.0000779 seconds, Stopping threads took: 0.0000139 seconds
[609.320s][info ][safepoint    ] Application time: 0.5448330 seconds
[609.320s][info ][safepoint    ] Entering safepoint region: GenCollectForAllocation
[609.320s][info ][gc,start     ] GC(260) Pause Young (Allocation Failure)
[609.320s][info ][gc,task      ] GC(260) Using 4 workers of 4 for evacuation
[609.323s][debug][gc,ref       ] GC(260) Skipped phase1 of Reference Processing due to unavailable references
[609.323s][debug][gc,ref       ] GC(260) Skipped phase2 of Reference Processing due to unavailable references
[609.323s][debug][gc,ref       ] GC(260) Skipped phase3 of Reference Processing due to unavailable references
[609.323s][debug][gc,ref       ] GC(260) Skipped phase4 of Reference Processing due to unavailable references
[609.323s][debug][gc,age       ] GC(260) Desired survivor size 15368192 bytes, new threshold 6 (max threshold 6)
[609.323s][info ][gc,heap      ] GC(260) ParNew: 241898K->1514K(270336K)
[609.323s][info ][gc,heap      ] GC(260) CMS: 263921K->263957K(600768K)
[609.323s][info ][gc,metaspace ] GC(260) Metaspace: 56813K->56813K(1101824K)
[609.323s][info ][gc           ] GC(260) Pause Young (Allocation Failure) 493M->259M(850M) 2.926ms
[609.323s][info ][gc,cpu       ] GC(260) User=0.01s Sys=0.00s Real=0.00s
[609.323s][info ][safepoint    ] Leaving safepoint region
[609.323s][info ][safepoint    ] Total time for which application threads were stopped: 0.0030746 seconds, Stopping threads took: 0.0000159 seconds
[610.323s][info ][safepoint    ] Application time: 1.0001135 seconds
[610.323s][info ][safepoint    ] Entering safepoint region: Cleanup
[610.323s][info ][safepoint    ] Leaving safepoint region
[610.323s][info ][safepoint    ] Total time for which application threads were stopped: 0.0001391 seconds, Stopping threads took: 0.0000767 seconds
[611.324s][info ][safepoint    ] Application time: 1.0001086 seconds
[611.324s][info ][safepoint    ] Entering safepoint region: Cleanup
[611.324s][info ][safepoint    ] Leaving safepoint region
[611.324s][info ][safepoint    ] Total time for which application threads were stopped: 0.0001114 seconds, Stopping threads took: 0.0000482 seconds
[612.328s][info ][safepoint    ] Application time: 1.0039609 seconds
[612.328s][info ][safepoint    ] Entering safepoint region: Cleanup
[612.328s][info ][safepoint    ] Leaving safepoint region
[612.328s][info ][safepoint    ] Total time for which application threads were stopped: 0.0000672 seconds, Stopping threads took: 0.0000138 seconds
[612.616s][info ][safepoint    ] Application time: 0.2881294 seconds
[612.616s][info ][safepoint    ] Entering safepoint region: GenCollectForAllocation
[612.616s][info ][gc,start     ] GC(261) Pause Young (Allocation Failure)
[612.616s][info ][gc,task      ] GC(261) Using 4 workers of 4 for evacuation
[612.620s][debug][gc,ref       ] GC(261) Skipped phase1 of Reference Processing due to unavailable references
[612.620s][debug][gc,ref       ] GC(261) Skipped phase2 of Reference Processing due to unavailable references
[612.620s][debug][gc,ref       ] GC(261) Skipped phase3 of Reference Processing due to unavailable references
[612.620s][debug][gc,ref       ] GC(261) Skipped phase4 of Reference Processing due to unavailable references
[612.620s][debug][gc,age       ] GC(261) Desired survivor size 15368192 bytes, new threshold 6 (max threshold 6)
[612.620s][info ][gc,heap      ] GC(261) ParNew: 241834K->4984K(270336K)
[612.620s][info ][gc,heap      ] GC(261) CMS: 263957K->263982K(600768K)
[612.620s][info ][gc,metaspace ] GC(261) Metaspace: 56816K->56816K(1101824K)
[612.620s][info ][gc           ] GC(261) Pause Young (Allocation Failure) 493M->262M(850M) 3.926ms
[612.620s][info ][gc,cpu       ] GC(261) User=0.02s Sys=0.00s Real=0.00s
[612.620s][info ][safepoint    ] Leaving safepoint region
[612.620s][info ][safepoint    ] Total time for which application threads were stopped: 0.0041215 seconds, Stopping threads took: 0.0000465 seconds
[613.620s][info ][safepoint    ] Application time: 1.0001724 seconds
[613.620s][info ][safepoint    ] Entering safepoint region: Cleanup
[613.620s][info ][safepoint    ] Leaving safepoint region
[613.620s][info ][safepoint    ] Total time for which application threads were stopped: 0.0002535 seconds, Stopping threads took: 0.0000611 seconds
[614.621s][info ][safepoint    ] Application time: 1.0007265 seconds
[614.621s][info ][safepoint    ] Entering safepoint region: Cleanup
[614.622s][info ][safepoint    ] Leaving safepoint region
[614.622s][info ][safepoint    ] Total time for which application threads were stopped: 0.0003291 seconds, Stopping threads took: 0.0002549 seconds
[614.967s][info ][safepoint    ] Application time: 0.3454423 seconds
[614.967s][info ][safepoint    ] Entering safepoint region: GenCollectForAllocation
[614.967s][info ][gc,start     ] GC(262) Pause Young (Allocation Failure)
[614.967s][info ][gc,task      ] GC(262) Using 4 workers of 4 for evacuation
[614.971s][debug][gc,ref       ] GC(262) Skipped phase1 of Reference Processing due to unavailable references
[614.971s][debug][gc,ref       ] GC(262) Skipped phase2 of Reference Processing due to unavailable references
[614.971s][debug][gc,ref       ] GC(262) Skipped phase3 of Reference Processing due to unavailable references
[614.971s][debug][gc,ref       ] GC(262) Skipped phase4 of Reference Processing due to unavailable references
[614.971s][debug][gc,age       ] GC(262) Desired survivor size 15368192 bytes, new threshold 6 (max threshold 6)
[614.971s][info ][gc,heap      ] GC(262) ParNew: 245304K->2643K(270336K)
[614.971s][info ][gc,heap      ] GC(262) CMS: 263982K->263988K(600768K)
[614.971s][info ][gc,metaspace ] GC(262) Metaspace: 56817K->56817K(1101824K)
[614.971s][info ][gc           ] GC(262) Pause Young (Allocation Failure) 497M->260M(850M) 3.982ms
[614.971s][info ][gc,cpu       ] GC(262) User=0.01s Sys=0.00s Real=0.00s
[614.971s][info ][safepoint    ] Leaving safepoint region
[614.971s][info ][safepoint    ] Total time for which application threads were stopped: 0.0041214 seconds, Stopping threads took: 0.0000143 seconds
[615.971s][info ][safepoint    ] Application time: 1.0001673 seconds
[615.971s][info ][safepoint    ] Entering safepoint region: Cleanup
[615.972s][info ][safepoint    ] Leaving safepoint region
[615.972s][info ][safepoint    ] Total time for which application threads were stopped: 0.0001320 seconds, Stopping threads took: 0.0000687 seconds
[616.972s][info ][safepoint    ] Application time: 1.0004418 seconds
[616.972s][info ][safepoint    ] Entering safepoint region: Cleanup
[616.972s][info ][safepoint    ] Leaving safepoint region
[616.972s][info ][safepoint    ] Total time for which application threads were stopped: 0.0001451 seconds, Stopping threads took: 0.0000608 seconds
[617.972s][info ][safepoint    ] Application time: 1.0000925 seconds
[617.972s][info ][safepoint    ] Entering safepoint region: Cleanup
[617.972s][info ][safepoint    ] Leaving safepoint region
[617.972s][info ][safepoint    ] Total time for which application threads were stopped: 0.0001590 seconds, Stopping threads took: 0.0000841 seconds
[618.767s][info ][safepoint    ] Application time: 0.7943780 seconds
[618.767s][info ][safepoint    ] Entering safepoint region: GenCollectForAllocation
[618.767s][info ][gc,start     ] GC(263) Pause Young (Allocation Failure)
[618.767s][info ][gc,task      ] GC(263) Using 4 workers of 4 for evacuation
[618.771s][debug][gc,ref       ] GC(263) Skipped phase1 of Reference Processing due to unavailable references
[618.771s][debug][gc,ref       ] GC(263) Skipped phase2 of Reference Processing due to unavailable references
[618.771s][debug][gc,ref       ] GC(263) Skipped phase3 of Reference Processing due to unavailable references
[618.771s][debug][gc,ref       ] GC(263) Skipped phase4 of Reference Processing due to unavailable references
[618.771s][debug][gc,age       ] GC(263) Desired survivor size 15368192 bytes, new threshold 6 (max threshold 6)
[618.771s][info ][gc,heap      ] GC(263) ParNew: 242963K->1796K(270336K)
[618.772s][info ][gc,heap      ] GC(263) CMS: 263988K->264214K(600768K)
[618.772s][info ][gc,metaspace ] GC(263) Metaspace: 56817K->56817K(1101824K)
[618.772s][info ][gc           ] GC(263) Pause Young (Allocation Failure) 495M->259M(850M) 4.555ms
[618.772s][info ][gc,cpu       ] GC(263) User=0.01s Sys=0.00s Real=0.00s
[618.772s][info ][safepoint    ] Leaving safepoint region
[618.772s][info ][safepoint    ] Total time for which application threads were stopped: 0.0047244 seconds, Stopping threads took: 0.0000144 seconds
[619.772s][info ][safepoint    ] Application time: 1.0001013 seconds
[619.772s][info ][safepoint    ] Entering safepoint region: Cleanup
[619.772s][info ][safepoint    ] Leaving safepoint region
[619.772s][info ][safepoint    ] Total time for which application threads were stopped: 0.0001492 seconds, Stopping threads took: 0.0000821 seconds
[620.772s][info ][safepoint    ] Application time: 1.0000945 seconds
[620.772s][info ][safepoint    ] Entering safepoint region: Cleanup
[620.772s][info ][safepoint    ] Leaving safepoint region
[620.772s][info ][safepoint    ] Total time for which application threads were stopped: 0.0001351 seconds, Stopping threads took: 0.0000693 seconds
[621.772s][info ][safepoint    ] Application time: 1.0001348 seconds
[621.772s][info ][safepoint    ] Entering safepoint region: Cleanup
[621.772s][info ][safepoint    ] Leaving safepoint region
[621.772s][info ][safepoint    ] Total time for which application threads were stopped: 0.0001338 seconds, Stopping threads took: 0.0000693 seconds
[622.514s][info ][safepoint    ] Application time: 0.7417832 seconds
[622.514s][info ][safepoint    ] Entering safepoint region: GenCollectForAllocation
[622.514s][info ][gc,start     ] GC(264) Pause Young (Allocation Failure)
[622.514s][info ][gc,task      ] GC(264) Using 4 workers of 4 for evacuation
[622.517s][debug][gc,ref       ] GC(264) Skipped phase1 of Reference Processing due to unavailable references
[622.517s][debug][gc,ref       ] GC(264) Skipped phase2 of Reference Processing due to unavailable references
[622.517s][debug][gc,ref       ] GC(264) Skipped phase3 of Reference Processing due to unavailable references
[622.517s][debug][gc,ref       ] GC(264) Skipped phase4 of Reference Processing due to unavailable references
[622.517s][debug][gc,age       ] GC(264) Desired survivor size 15368192 bytes, new threshold 6 (max threshold 6)
[622.517s][info ][gc,heap      ] GC(264) ParNew: 242116K->2045K(270336K)
[622.517s][info ][gc,heap      ] GC(264) CMS: 264214K->264223K(600768K)
[622.517s][info ][gc,metaspace ] GC(264) Metaspace: 56824K->56824K(1101824K)
[622.517s][info ][gc           ] GC(264) Pause Young (Allocation Failure) 494M->260M(850M) 3.033ms
[622.517s][info ][gc,cpu       ] GC(264) User=0.01s Sys=0.00s Real=0.00s
[622.517s][info ][safepoint    ] Leaving safepoint region
[622.517s][info ][safepoint    ] Total time for which application threads were stopped: 0.0031928 seconds, Stopping threads took: 0.0000148 seconds
[623.518s][info ][safepoint    ] Application time: 1.0000993 seconds
[623.518s][info ][safepoint    ] Entering safepoint region: Cleanup
[623.518s][info ][safepoint    ] Leaving safepoint region
[623.518s][info ][safepoint    ] Total time for which application threads were stopped: 0.0001243 seconds, Stopping threads took: 0.0000501 seconds
[624.518s][info ][safepoint    ] Application time: 1.0000958 seconds
[624.518s][info ][safepoint    ] Entering safepoint region: Cleanup
[624.518s][info ][safepoint    ] Leaving safepoint region
[624.518s][info ][safepoint    ] Total time for which application threads were stopped: 0.0001498 seconds, Stopping threads took: 0.0000847 seconds
[625.518s][info ][safepoint    ] Application time: 1.0001028 seconds
[625.518s][info ][safepoint    ] Entering safepoint region: Cleanup
[625.518s][info ][safepoint    ] Leaving safepoint region
[625.518s][info ][safepoint    ] Total time for which application threads were stopped: 0.0001120 seconds, Stopping threads took: 0.0000495 seconds
[626.116s][info ][safepoint    ] Application time: 0.5976538 seconds
[626.116s][info ][safepoint    ] Entering safepoint region: GenCollectForAllocation
[626.116s][info ][gc,start     ] GC(265) Pause Young (Allocation Failure)
[626.116s][info ][gc,task      ] GC(265) Using 4 workers of 4 for evacuation
[626.119s][debug][gc,ref       ] GC(265) Skipped phase1 of Reference Processing due to unavailable references
[626.119s][debug][gc,ref       ] GC(265) Skipped phase2 of Reference Processing due to unavailable references
[626.119s][debug][gc,ref       ] GC(265) Skipped phase3 of Reference Processing due to unavailable references
[626.119s][debug][gc,ref       ] GC(265) Skipped phase4 of Reference Processing due to unavailable references
[626.119s][debug][gc,age       ] GC(265) Desired survivor size 15368192 bytes, new threshold 6 (max threshold 6)
[626.119s][info ][gc,heap      ] GC(265) ParNew: 242365K->2213K(270336K)
[626.119s][info ][gc,heap      ] GC(265) CMS: 264223K->264466K(600768K)
[626.119s][info ][gc,metaspace ] GC(265) Metaspace: 56825K->56825K(1101824K)
[626.119s][info ][gc           ] GC(265) Pause Young (Allocation Failure) 494M->260M(850M) 3.410ms
[626.119s][info ][gc,cpu       ] GC(265) User=0.01s Sys=0.00s Real=0.00s
[626.120s][info ][safepoint    ] Leaving safepoint region
[626.120s][info ][safepoint    ] Total time for which application threads were stopped: 0.0035703 seconds, Stopping threads took: 0.0000151 seconds
[627.120s][info ][safepoint    ] Application time: 1.0000931 seconds
[627.120s][info ][safepoint    ] Entering safepoint region: Cleanup
[627.120s][info ][safepoint    ] Leaving safepoint region
[627.120s][info ][safepoint    ] Total time for which application threads were stopped: 0.0001327 seconds, Stopping threads took: 0.0000664 seconds
[628.120s][info ][safepoint    ] Application time: 1.0000954 seconds
[628.120s][info ][safepoint    ] Entering safepoint region: Cleanup
[628.120s][info ][safepoint    ] Leaving safepoint region
[628.120s][info ][safepoint    ] Total time for which application threads were stopped: 0.0001437 seconds, Stopping threads took: 0.0000771 seconds
[629.120s][info ][safepoint    ] Application time: 1.0000908 seconds
[629.120s][info ][safepoint    ] Entering safepoint region: Cleanup
[629.120s][info ][safepoint    ] Leaving safepoint region
[629.120s][info ][safepoint    ] Total time for which application threads were stopped: 0.0001486 seconds, Stopping threads took: 0.0000787 seconds
[629.871s][info ][safepoint    ] Application time: 0.7502535 seconds
[629.871s][info ][safepoint    ] Entering safepoint region: GenCollectForAllocation
[629.871s][info ][gc,start     ] GC(266) Pause Young (Allocation Failure)
[629.871s][info ][gc,task      ] GC(266) Using 4 workers of 4 for evacuation
[629.874s][debug][gc,ref       ] GC(266) Skipped phase1 of Reference Processing due to unavailable references
[629.874s][debug][gc,ref       ] GC(266) Skipped phase2 of Reference Processing due to unavailable references
[629.874s][debug][gc,ref       ] GC(266) Skipped phase3 of Reference Processing due to unavailable references
[629.874s][debug][gc,ref       ] GC(266) Skipped phase4 of Reference Processing due to unavailable references
[629.875s][debug][gc,age       ] GC(266) Desired survivor size 15368192 bytes, new threshold 6 (max threshold 6)
[629.875s][info ][gc,heap      ] GC(266) ParNew: 242533K->1690K(270336K)
[629.875s][info ][gc,heap      ] GC(266) CMS: 264466K->264694K(600768K)
[629.875s][info ][gc,metaspace ] GC(266) Metaspace: 56825K->56825K(1101824K)
[629.875s][info ][gc           ] GC(266) Pause Young (Allocation Failure) 495M->260M(850M) 3.889ms
[629.875s][info ][gc,cpu       ] GC(266) User=0.01s Sys=0.01s Real=0.01s
[629.875s][info ][safepoint    ] Leaving safepoint region
[629.875s][info ][safepoint    ] Total time for which application threads were stopped: 0.0040342 seconds, Stopping threads took: 0.0000146 seconds
[630.875s][info ][safepoint    ] Application time: 1.0001052 seconds
[630.875s][info ][safepoint    ] Entering safepoint region: Cleanup
[630.875s][info ][safepoint    ] Leaving safepoint region
[630.875s][info ][safepoint    ] Total time for which application threads were stopped: 0.0001862 seconds, Stopping threads took: 0.0001087 seconds
[631.875s][info ][safepoint    ] Application time: 1.0000863 seconds
[631.875s][info ][safepoint    ] Entering safepoint region: Cleanup
[631.875s][info ][safepoint    ] Leaving safepoint region
[631.875s][info ][safepoint    ] Total time for which application threads were stopped: 0.0001009 seconds, Stopping threads took: 0.0000430 seconds
[632.875s][info ][safepoint    ] Application time: 1.0000953 seconds
[632.875s][info ][safepoint    ] Entering safepoint region: Cleanup
[632.875s][info ][safepoint    ] Leaving safepoint region
[632.875s][info ][safepoint    ] Total time for which application threads were stopped: 0.0001006 seconds, Stopping threads took: 0.0000146 seconds
[633.419s][info ][safepoint    ] Application time: 0.5430562 seconds
[633.419s][info ][safepoint    ] Entering safepoint region: GenCollectForAllocation
[633.419s][info ][gc,start     ] GC(267) Pause Young (Allocation Failure)
[633.419s][info ][gc,task      ] GC(267) Using 4 workers of 4 for evacuation
[633.423s][debug][gc,ref       ] GC(267) Skipped phase1 of Reference Processing due to unavailable references
[633.423s][debug][gc,ref       ] GC(267) Skipped phase2 of Reference Processing due to unavailable references
[633.423s][debug][gc,ref       ] GC(267) Skipped phase3 of Reference Processing due to unavailable references
[633.423s][debug][gc,ref       ] GC(267) Skipped phase4 of Reference Processing due to unavailable references
[633.423s][debug][gc,age       ] GC(267) Desired survivor size 15368192 bytes, new threshold 6 (max threshold 6)
[633.423s][info ][gc,heap      ] GC(267) ParNew: 242010K->1795K(270336K)
[633.423s][info ][gc,heap      ] GC(267) CMS: 264694K->264782K(600768K)
[633.423s][info ][gc,metaspace ] GC(267) Metaspace: 56826K->56826K(1101824K)
[633.423s][info ][gc           ] GC(267) Pause Young (Allocation Failure) 494M->260M(850M) 4.794ms
[633.423s][info ][gc,cpu       ] GC(267) User=0.02s Sys=0.00s Real=0.00s
[633.424s][info ][safepoint    ] Leaving safepoint region
[633.424s][info ][safepoint    ] Total time for which application threads were stopped: 0.0049498 seconds, Stopping threads took: 0.0000155 seconds
[634.428s][info ][safepoint    ] Application time: 1.0040314 seconds
[634.428s][info ][safepoint    ] Entering safepoint region: Cleanup
[634.428s][info ][safepoint    ] Leaving safepoint region
[634.428s][info ][safepoint    ] Total time for which application threads were stopped: 0.0000832 seconds, Stopping threads took: 0.0000161 seconds
[635.428s][info ][safepoint    ] Application time: 1.0000925 seconds
[635.428s][info ][safepoint    ] Entering safepoint region: Cleanup
[635.428s][info ][safepoint    ] Leaving safepoint region
[635.428s][info ][safepoint    ] Total time for which application threads were stopped: 0.0000858 seconds, Stopping threads took: 0.0000148 seconds
[636.428s][info ][safepoint    ] Application time: 1.0001757 seconds
[636.428s][info ][safepoint    ] Entering safepoint region: Cleanup
[636.428s][info ][safepoint    ] Leaving safepoint region
[636.428s][info ][safepoint    ] Total time for which application threads were stopped: 0.0000675 seconds, Stopping threads took: 0.0000154 seconds
[637.024s][info ][safepoint    ] Application time: 0.5962072 seconds
[637.024s][info ][safepoint    ] Entering safepoint region: GenCollectForAllocation
[637.025s][info ][gc,start     ] GC(268) Pause Young (Allocation Failure)
[637.025s][info ][gc,task      ] GC(268) Using 4 workers of 4 for evacuation
[637.028s][debug][gc,ref       ] GC(268) Skipped phase1 of Reference Processing due to unavailable references
[637.028s][debug][gc,ref       ] GC(268) Skipped phase2 of Reference Processing due to unavailable references
[637.028s][debug][gc,ref       ] GC(268) Skipped phase3 of Reference Processing due to unavailable references
[637.028s][debug][gc,ref       ] GC(268) Skipped phase4 of Reference Processing due to unavailable references
[637.028s][debug][gc,age       ] GC(268) Desired survivor size 15368192 bytes, new threshold 6 (max threshold 6)
[637.028s][info ][gc,heap      ] GC(268) ParNew: 242115K->1693K(270336K)
[637.028s][info ][gc,heap      ] GC(268) CMS: 264782K->264919K(600768K)
[637.028s][info ][gc,metaspace ] GC(268) Metaspace: 56827K->56827K(1101824K)
[637.028s][info ][gc           ] GC(268) Pause Young (Allocation Failure) 495M->260M(850M) 3.255ms
[637.028s][info ][gc,cpu       ] GC(268) User=0.02s Sys=0.00s Real=0.01s
[637.028s][info ][safepoint    ] Leaving safepoint region
[637.028s][info ][safepoint    ] Total time for which application threads were stopped: 0.0034130 seconds, Stopping threads took: 0.0000146 seconds
[638.028s][info ][safepoint    ] Application time: 1.0001025 seconds
[638.028s][info ][safepoint    ] Entering safepoint region: Cleanup
[638.028s][info ][safepoint    ] Leaving safepoint region
[638.028s][info ][safepoint    ] Total time for which application threads were stopped: 0.0000829 seconds, Stopping threads took: 0.0000160 seconds
[639.028s][info ][safepoint    ] Application time: 1.0000857 seconds
[639.028s][info ][safepoint    ] Entering safepoint region: Cleanup
[639.028s][info ][safepoint    ] Leaving safepoint region
[639.028s][info ][safepoint    ] Total time for which application threads were stopped: 0.0000743 seconds, Stopping threads took: 0.0000152 seconds
[640.028s][info ][safepoint    ] Application time: 1.0000912 seconds
[640.028s][info ][safepoint    ] Entering safepoint region: Cleanup
[640.028s][info ][safepoint    ] Leaving safepoint region
[640.028s][info ][safepoint    ] Total time for which application threads were stopped: 0.0000713 seconds, Stopping threads took: 0.0000145 seconds
[640.618s][info ][safepoint    ] Application time: 0.5892808 seconds
[640.618s][info ][safepoint    ] Entering safepoint region: GenCollectForAllocation
[640.618s][info ][gc,start     ] GC(269) Pause Young (Allocation Failure)
[640.618s][info ][gc,task      ] GC(269) Using 4 workers of 4 for evacuation
[640.620s][debug][gc,ref       ] GC(269) Skipped phase1 of Reference Processing due to unavailable references
[640.621s][debug][gc,ref       ] GC(269) Skipped phase2 of Reference Processing due to unavailable references
[640.621s][debug][gc,ref       ] GC(269) Skipped phase3 of Reference Processing due to unavailable references
[640.621s][debug][gc,ref       ] GC(269) Skipped phase4 of Reference Processing due to unavailable references
[640.621s][debug][gc,age       ] GC(269) Desired survivor size 15368192 bytes, new threshold 6 (max threshold 6)
[640.621s][info ][gc,heap      ] GC(269) ParNew: 242013K->1457K(270336K)
[640.621s][info ][gc,heap      ] GC(269) CMS: 264919K->265002K(600768K)
[640.621s][info ][gc,metaspace ] GC(269) Metaspace: 56828K->56828K(1101824K)
[640.621s][info ][gc           ] GC(269) Pause Young (Allocation Failure) 495M->260M(850M) 2.807ms
[640.621s][info ][gc,cpu       ] GC(269) User=0.01s Sys=0.01s Real=0.00s
[640.621s][info ][safepoint    ] Leaving safepoint region
[640.621s][info ][safepoint    ] Total time for which application threads were stopped: 0.0029613 seconds, Stopping threads took: 0.0000147 seconds
[641.621s][info ][safepoint    ] Application time: 1.0001033 seconds
[641.621s][info ][safepoint    ] Entering safepoint region: Cleanup
[641.621s][info ][safepoint    ] Leaving safepoint region
[641.621s][info ][safepoint    ] Total time for which application threads were stopped: 0.0001456 seconds, Stopping threads took: 0.0000765 seconds
[642.621s][info ][safepoint    ] Application time: 1.0001076 seconds
[642.621s][info ][safepoint    ] Entering safepoint region: Cleanup
[642.621s][info ][safepoint    ] Leaving safepoint region
[642.621s][info ][safepoint    ] Total time for which application threads were stopped: 0.0002170 seconds, Stopping threads took: 0.0001459 seconds
[643.622s][info ][safepoint    ] Application time: 1.0001676 seconds
[643.622s][info ][safepoint    ] Entering safepoint region: Cleanup
[643.622s][info ][safepoint    ] Leaving safepoint region
[643.622s][info ][safepoint    ] Total time for which application threads were stopped: 0.0001561 seconds, Stopping threads took: 0.0000862 seconds
[644.173s][info ][safepoint    ] Application time: 0.5515771 seconds
[644.173s][info ][safepoint    ] Entering safepoint region: GenCollectForAllocation
[644.173s][info ][gc,start     ] GC(270) Pause Young (Allocation Failure)
[644.174s][info ][gc,task      ] GC(270) Using 4 workers of 4 for evacuation
[644.176s][debug][gc,ref       ] GC(270) Skipped phase1 of Reference Processing due to unavailable references
[644.176s][debug][gc,ref       ] GC(270) Skipped phase2 of Reference Processing due to unavailable references
[644.176s][debug][gc,ref       ] GC(270) Skipped phase3 of Reference Processing due to unavailable references
[644.176s][debug][gc,ref       ] GC(270) Skipped phase4 of Reference Processing due to unavailable references
[644.177s][debug][gc,age       ] GC(270) Desired survivor size 15368192 bytes, new threshold 6 (max threshold 6)
[644.177s][info ][gc,heap      ] GC(270) ParNew: 241777K->1773K(270336K)
[644.177s][info ][gc,heap      ] GC(270) CMS: 265002K->265510K(600768K)
[644.177s][info ][gc,metaspace ] GC(270) Metaspace: 56829K->56829K(1101824K)
[644.177s][info ][gc           ] GC(270) Pause Young (Allocation Failure) 494M->261M(850M) 3.120ms
[644.177s][info ][gc,cpu       ] GC(270) User=0.01s Sys=0.00s Real=0.01s
[644.177s][info ][safepoint    ] Leaving safepoint region
[644.177s][info ][safepoint    ] Total time for which application threads were stopped: 0.0032876 seconds, Stopping threads took: 0.0000291 seconds
[645.177s][info ][safepoint    ] Application time: 1.0000961 seconds
[645.177s][info ][safepoint    ] Entering safepoint region: Cleanup
[645.177s][info ][safepoint    ] Leaving safepoint region
[645.177s][info ][safepoint    ] Total time for which application threads were stopped: 0.0000918 seconds, Stopping threads took: 0.0000391 seconds
[646.177s][info ][safepoint    ] Application time: 1.0001753 seconds
[646.177s][info ][safepoint    ] Entering safepoint region: Cleanup
[646.177s][info ][safepoint    ] Leaving safepoint region
[646.177s][info ][safepoint    ] Total time for which application threads were stopped: 0.0000679 seconds, Stopping threads took: 0.0000160 seconds
[647.177s][info ][safepoint    ] Application time: 1.0000941 seconds
[647.177s][info ][safepoint    ] Entering safepoint region: Cleanup
[647.177s][info ][safepoint    ] Leaving safepoint region
[647.177s][info ][safepoint    ] Total time for which application threads were stopped: 0.0001440 seconds, Stopping threads took: 0.0000787 seconds
[647.570s][info ][safepoint    ] Application time: 0.3928316 seconds
[647.570s][info ][safepoint    ] Entering safepoint region: GenCollectForAllocation
[647.570s][info ][gc,start     ] GC(271) Pause Young (Allocation Failure)
[647.570s][info ][gc,task      ] GC(271) Using 4 workers of 4 for evacuation
[647.573s][debug][gc,ref       ] GC(271) Skipped phase1 of Reference Processing due to unavailable references
[647.573s][debug][gc,ref       ] GC(271) Skipped phase2 of Reference Processing due to unavailable references
[647.573s][debug][gc,ref       ] GC(271) Skipped phase3 of Reference Processing due to unavailable references
[647.573s][debug][gc,ref       ] GC(271) Skipped phase4 of Reference Processing due to unavailable references
[647.573s][debug][gc,age       ] GC(271) Desired survivor size 15368192 bytes, new threshold 6 (max threshold 6)
[647.573s][info ][gc,heap      ] GC(271) ParNew: 242093K->1620K(270336K)
[647.573s][info ][gc,heap      ] GC(271) CMS: 265510K->265544K(600768K)
[647.573s][info ][gc,metaspace ] GC(271) Metaspace: 56831K->56831K(1101824K)
[647.573s][info ][gc           ] GC(271) Pause Young (Allocation Failure) 495M->260M(850M) 2.844ms
[647.573s][info ][gc,cpu       ] GC(271) User=0.01s Sys=0.00s Real=0.00s
[647.573s][info ][safepoint    ] Leaving safepoint region
[647.573s][info ][safepoint    ] Total time for which application threads were stopped: 0.0029888 seconds, Stopping threads took: 0.0000145 seconds
[648.573s][info ][safepoint    ] Application time: 1.0001018 seconds
[648.574s][info ][safepoint    ] Entering safepoint region: Cleanup
[648.574s][info ][safepoint    ] Leaving safepoint region
[648.574s][info ][safepoint    ] Total time for which application threads were stopped: 0.0001465 seconds, Stopping threads took: 0.0000818 seconds
[649.574s][info ][safepoint    ] Application time: 1.0000963 seconds
[649.574s][info ][safepoint    ] Entering safepoint region: Cleanup
[649.574s][info ][safepoint    ] Leaving safepoint region
[649.574s][info ][safepoint    ] Total time for which application threads were stopped: 0.0001136 seconds, Stopping threads took: 0.0000446 seconds
[650.574s][info ][safepoint    ] Application time: 1.0001055 seconds
[650.574s][info ][safepoint    ] Entering safepoint region: Cleanup
[650.574s][info ][safepoint    ] Leaving safepoint region
[650.574s][info ][safepoint    ] Total time for which application threads were stopped: 0.0001357 seconds, Stopping threads took: 0.0000619 seconds
[651.022s][info ][safepoint    ] Application time: 0.4475812 seconds
[651.022s][info ][safepoint    ] Entering safepoint region: GenCollectForAllocation
[651.022s][info ][gc,start     ] GC(272) Pause Young (Allocation Failure)
[651.022s][info ][gc,task      ] GC(272) Using 4 workers of 4 for evacuation
[651.026s][debug][gc,ref       ] GC(272) Skipped phase1 of Reference Processing due to unavailable references
[651.026s][debug][gc,ref       ] GC(272) Skipped phase2 of Reference Processing due to unavailable references
[651.026s][debug][gc,ref       ] GC(272) Skipped phase3 of Reference Processing due to unavailable references
[651.026s][debug][gc,ref       ] GC(272) Skipped phase4 of Reference Processing due to unavailable references
[651.026s][debug][gc,age       ] GC(272) Desired survivor size 15368192 bytes, new threshold 6 (max threshold 6)
[651.026s][info ][gc,heap      ] GC(272) ParNew: 241940K->1679K(270336K)
[651.026s][info ][gc,heap      ] GC(272) CMS: 265544K->265664K(600768K)
[651.026s][info ][gc,metaspace ] GC(272) Metaspace: 56834K->56834K(1101824K)
[651.026s][info ][gc           ] GC(272) Pause Young (Allocation Failure) 495M->261M(850M) 4.369ms
[651.026s][info ][gc,cpu       ] GC(272) User=0.01s Sys=0.00s Real=0.01s
[651.026s][info ][safepoint    ] Leaving safepoint region
[651.026s][info ][safepoint    ] Total time for which application threads were stopped: 0.0045255 seconds, Stopping threads took: 0.0000145 seconds
[652.026s][info ][safepoint    ] Application time: 1.0000978 seconds
[652.026s][info ][safepoint    ] Entering safepoint region: Cleanup
[652.026s][info ][safepoint    ] Leaving safepoint region
[652.026s][info ][safepoint    ] Total time for which application threads were stopped: 0.0000744 seconds, Stopping threads took: 0.0000138 seconds
[653.027s][info ][safepoint    ] Application time: 1.0000963 seconds
[653.027s][info ][safepoint    ] Entering safepoint region: Cleanup
[653.027s][info ][safepoint    ] Leaving safepoint region
[653.027s][info ][safepoint    ] Total time for which application threads were stopped: 0.0001292 seconds, Stopping threads took: 0.0000611 seconds
[654.027s][info ][safepoint    ] Application time: 1.0000884 seconds
[654.027s][info ][safepoint    ] Entering safepoint region: Cleanup
[654.027s][info ][safepoint    ] Leaving safepoint region
[654.027s][info ][safepoint    ] Total time for which application threads were stopped: 0.0000852 seconds, Stopping threads took: 0.0000272 seconds
[654.420s][info ][safepoint    ] Application time: 0.3934079 seconds
[654.420s][info ][safepoint    ] Entering safepoint region: GenCollectForAllocation
[654.421s][info ][gc,start     ] GC(273) Pause Young (Allocation Failure)
[654.421s][info ][gc,task      ] GC(273) Using 4 workers of 4 for evacuation
[654.424s][debug][gc,ref       ] GC(273) Skipped phase1 of Reference Processing due to unavailable references
[654.424s][debug][gc,ref       ] GC(273) Skipped phase2 of Reference Processing due to unavailable references
[654.424s][debug][gc,ref       ] GC(273) Skipped phase3 of Reference Processing due to unavailable references
[654.424s][debug][gc,ref       ] GC(273) Skipped phase4 of Reference Processing due to unavailable references
[654.424s][debug][gc,age       ] GC(273) Desired survivor size 15368192 bytes, new threshold 6 (max threshold 6)
[654.424s][info ][gc,heap      ] GC(273) ParNew: 241999K->1989K(270336K)
[654.424s][info ][gc,heap      ] GC(273) CMS: 265664K->265730K(600768K)
[654.424s][info ][gc,metaspace ] GC(273) Metaspace: 56836K->56836K(1101824K)
[654.424s][info ][gc           ] GC(273) Pause Young (Allocation Failure) 495M->261M(850M) 3.224ms
[654.424s][info ][gc,cpu       ] GC(273) User=0.01s Sys=0.00s Real=0.00s
[654.424s][info ][safepoint    ] Leaving safepoint region
[654.424s][info ][safepoint    ] Total time for which application threads were stopped: 0.0033732 seconds, Stopping threads took: 0.0000149 seconds
[656.427s][info ][safepoint    ] Application time: 2.0036296 seconds
[656.427s][info ][safepoint    ] Entering safepoint region: Cleanup
[656.428s][info ][safepoint    ] Leaving safepoint region
[656.428s][info ][safepoint    ] Total time for which application threads were stopped: 0.0000672 seconds, Stopping threads took: 0.0000146 seconds
[657.428s][info ][safepoint    ] Application time: 1.0003247 seconds
[657.428s][info ][safepoint    ] Entering safepoint region: Cleanup
[657.428s][info ][safepoint    ] Leaving safepoint region
[657.428s][info ][safepoint    ] Total time for which application threads were stopped: 0.0000751 seconds, Stopping threads took: 0.0000171 seconds
[658.017s][info ][safepoint    ] Application time: 0.5893225 seconds
[658.017s][info ][safepoint    ] Entering safepoint region: GenCollectForAllocation
[658.017s][info ][gc,start     ] GC(274) Pause Young (Allocation Failure)
[658.017s][info ][gc,task      ] GC(274) Using 4 workers of 4 for evacuation
[658.021s][debug][gc,ref       ] GC(274) Skipped phase1 of Reference Processing due to unavailable references
[658.021s][debug][gc,ref       ] GC(274) Skipped phase2 of Reference Processing due to unavailable references
[658.021s][debug][gc,ref       ] GC(274) Skipped phase3 of Reference Processing due to unavailable references
[658.021s][debug][gc,ref       ] GC(274) Skipped phase4 of Reference Processing due to unavailable references
[658.021s][debug][gc,age       ] GC(274) Desired survivor size 15368192 bytes, new threshold 6 (max threshold 6)
[658.021s][info ][gc,heap      ] GC(274) ParNew: 242309K->1812K(270336K)
[658.021s][info ][gc,heap      ] GC(274) CMS: 265730K->265796K(600768K)
[658.021s][info ][gc,metaspace ] GC(274) Metaspace: 56836K->56836K(1101824K)
[658.021s][info ][gc           ] GC(274) Pause Young (Allocation Failure) 496M->261M(850M) 3.688ms
[658.021s][info ][gc,cpu       ] GC(274) User=0.02s Sys=0.00s Real=0.00s
[658.021s][info ][safepoint    ] Leaving safepoint region
[658.021s][info ][safepoint    ] Total time for which application threads were stopped: 0.0038277 seconds, Stopping threads took: 0.0000144 seconds
[659.021s][info ][safepoint    ] Application time: 1.0001222 seconds
[659.021s][info ][safepoint    ] Entering safepoint region: Cleanup
[659.021s][info ][safepoint    ] Leaving safepoint region
[659.021s][info ][safepoint    ] Total time for which application threads were stopped: 0.0001255 seconds, Stopping threads took: 0.0000553 seconds
[661.572s][info ][safepoint    ] Application time: 2.5506366 seconds
[661.572s][info ][safepoint    ] Entering safepoint region: GenCollectForAllocation
[661.572s][info ][gc,start     ] GC(275) Pause Young (Allocation Failure)
[661.572s][info ][gc,task      ] GC(275) Using 4 workers of 4 for evacuation
[661.575s][debug][gc,ref       ] GC(275) Skipped phase1 of Reference Processing due to unavailable references
[661.575s][debug][gc,ref       ] GC(275) Skipped phase2 of Reference Processing due to unavailable references
[661.575s][debug][gc,ref       ] GC(275) Skipped phase3 of Reference Processing due to unavailable references
[661.575s][debug][gc,ref       ] GC(275) Skipped phase4 of Reference Processing due to unavailable references
[661.575s][debug][gc,age       ] GC(275) Desired survivor size 15368192 bytes, new threshold 6 (max threshold 6)
[661.575s][info ][gc,heap      ] GC(275) ParNew: 242132K->1899K(270336K)
[661.575s][info ][gc,heap      ] GC(275) CMS: 265796K->265855K(600768K)
[661.575s][info ][gc,metaspace ] GC(275) Metaspace: 56837K->56837K(1101824K)
[661.575s][info ][gc           ] GC(275) Pause Young (Allocation Failure) 496M->261M(850M) 3.134ms
[661.575s][info ][gc,cpu       ] GC(275) User=0.01s Sys=0.00s Real=0.01s
[661.575s][info ][safepoint    ] Leaving safepoint region
[661.575s][info ][safepoint    ] Total time for which application threads were stopped: 0.0032831 seconds, Stopping threads took: 0.0000142 seconds
[662.575s][info ][safepoint    ] Application time: 1.0000948 seconds
[662.576s][info ][safepoint    ] Entering safepoint region: Cleanup
[662.576s][info ][safepoint    ] Leaving safepoint region
[662.576s][info ][safepoint    ] Total time for which application threads were stopped: 0.0001262 seconds, Stopping threads took: 0.0000570 seconds
[663.576s][info ][safepoint    ] Application time: 1.0007219 seconds
[663.576s][info ][safepoint    ] Entering safepoint region: Cleanup
[663.577s][info ][safepoint    ] Leaving safepoint region
[663.577s][info ][safepoint    ] Total time for which application threads were stopped: 0.0000914 seconds, Stopping threads took: 0.0000147 seconds
[665.185s][info ][safepoint    ] Application time: 1.6087519 seconds
[665.185s][info ][safepoint    ] Entering safepoint region: GenCollectForAllocation
[665.185s][info ][gc,start     ] GC(276) Pause Young (Allocation Failure)
[665.185s][info ][gc,task      ] GC(276) Using 4 workers of 4 for evacuation
[665.188s][debug][gc,ref       ] GC(276) Skipped phase1 of Reference Processing due to unavailable references
[665.188s][debug][gc,ref       ] GC(276) Skipped phase2 of Reference Processing due to unavailable references
[665.188s][debug][gc,ref       ] GC(276) Skipped phase3 of Reference Processing due to unavailable references
[665.188s][debug][gc,ref       ] GC(276) Skipped phase4 of Reference Processing due to unavailable references
[665.188s][debug][gc,age       ] GC(276) Desired survivor size 15368192 bytes, new threshold 6 (max threshold 6)
[665.188s][info ][gc,heap      ] GC(276) ParNew: 242219K->1619K(270336K)
[665.188s][info ][gc,heap      ] GC(276) CMS: 265855K->266034K(600768K)
[665.188s][info ][gc,metaspace ] GC(276) Metaspace: 56840K->56840K(1101824K)
[665.189s][info ][gc           ] GC(276) Pause Young (Allocation Failure) 496M->261M(850M) 3.108ms
[665.189s][info ][gc,cpu       ] GC(276) User=0.01s Sys=0.00s Real=0.01s
[665.189s][info ][safepoint    ] Leaving safepoint region
[665.189s][info ][safepoint    ] Total time for which application threads were stopped: 0.0032440 seconds, Stopping threads took: 0.0000144 seconds
[666.189s][info ][safepoint    ] Application time: 1.0000912 seconds
[666.189s][info ][safepoint    ] Entering safepoint region: Cleanup
[666.189s][info ][safepoint    ] Leaving safepoint region
[666.189s][info ][safepoint    ] Total time for which application threads were stopped: 0.0000747 seconds, Stopping threads took: 0.0000171 seconds
[668.715s][info ][safepoint    ] Application time: 2.5264875 seconds
[668.715s][info ][safepoint    ] Entering safepoint region: GenCollectForAllocation
[668.715s][info ][gc,start     ] GC(277) Pause Young (Allocation Failure)
[668.716s][info ][gc,task      ] GC(277) Using 4 workers of 4 for evacuation
[668.718s][debug][gc,ref       ] GC(277) Skipped phase1 of Reference Processing due to unavailable references
[668.718s][debug][gc,ref       ] GC(277) Skipped phase2 of Reference Processing due to unavailable references
[668.718s][debug][gc,ref       ] GC(277) Skipped phase3 of Reference Processing due to unavailable references
[668.718s][debug][gc,ref       ] GC(277) Skipped phase4 of Reference Processing due to unavailable references
[668.719s][debug][gc,age       ] GC(277) Desired survivor size 15368192 bytes, new threshold 6 (max threshold 6)
[668.719s][info ][gc,heap      ] GC(277) ParNew: 241939K->1760K(270336K)
[668.719s][info ][gc,heap      ] GC(277) CMS: 266034K->266097K(600768K)
[668.719s][info ][gc,metaspace ] GC(277) Metaspace: 56840K->56840K(1101824K)
[668.719s][info ][gc           ] GC(277) Pause Young (Allocation Failure) 496M->261M(850M) 3.098ms
[668.719s][info ][gc,cpu       ] GC(277) User=0.00s Sys=0.00s Real=0.00s
[668.719s][info ][safepoint    ] Leaving safepoint region
[668.719s][info ][safepoint    ] Total time for which application threads were stopped: 0.0033003 seconds, Stopping threads took: 0.0000501 seconds
[672.319s][info ][safepoint    ] Application time: 3.6006370 seconds
[672.319s][info ][safepoint    ] Entering safepoint region: GenCollectForAllocation
[672.319s][info ][gc,start     ] GC(278) Pause Young (Allocation Failure)
[672.319s][info ][gc,task      ] GC(278) Using 4 workers of 4 for evacuation
[672.323s][debug][gc,ref       ] GC(278) Skipped phase1 of Reference Processing due to unavailable references
[672.323s][debug][gc,ref       ] GC(278) Skipped phase2 of Reference Processing due to unavailable references
[672.323s][debug][gc,ref       ] GC(278) Skipped phase3 of Reference Processing due to unavailable references
[672.323s][debug][gc,ref       ] GC(278) Skipped phase4 of Reference Processing due to unavailable references
[672.323s][debug][gc,age       ] GC(278) Desired survivor size 15368192 bytes, new threshold 6 (max threshold 6)
[672.323s][info ][gc,heap      ] GC(278) ParNew: 242080K->1775K(270336K)
[672.323s][info ][gc,heap      ] GC(278) CMS: 266097K->266292K(600768K)
[672.323s][info ][gc,metaspace ] GC(278) Metaspace: 56841K->56841K(1101824K)
[672.323s][info ][gc           ] GC(278) Pause Young (Allocation Failure) 496M->261M(850M) 3.492ms
[672.323s][info ][gc,cpu       ] GC(278) User=0.02s Sys=0.00s Real=0.00s
[672.323s][info ][safepoint    ] Leaving safepoint region
[672.323s][info ][safepoint    ] Total time for which application threads were stopped: 0.0036416 seconds, Stopping threads took: 0.0000147 seconds
[675.824s][info ][safepoint    ] Application time: 3.5015264 seconds
[675.825s][info ][safepoint    ] Entering safepoint region: GenCollectForAllocation
[675.825s][info ][gc,start     ] GC(279) Pause Young (Allocation Failure)
[675.825s][info ][gc,task      ] GC(279) Using 4 workers of 4 for evacuation
[675.828s][debug][gc,ref       ] GC(279) Skipped phase1 of Reference Processing due to unavailable references
[675.828s][debug][gc,ref       ] GC(279) Skipped phase2 of Reference Processing due to unavailable references
[675.828s][debug][gc,ref       ] GC(279) Skipped phase3 of Reference Processing due to unavailable references
[675.828s][debug][gc,ref       ] GC(279) Skipped phase4 of Reference Processing due to unavailable references
[675.828s][debug][gc,age       ] GC(279) Desired survivor size 15368192 bytes, new threshold 6 (max threshold 6)
[675.828s][info ][gc,heap      ] GC(279) ParNew: 242095K->1843K(270336K)
[675.828s][info ][gc,heap      ] GC(279) CMS: 266292K->266528K(600768K)
[675.828s][info ][gc,metaspace ] GC(279) Metaspace: 56841K->56841K(1101824K)
[675.828s][info ][gc           ] GC(279) Pause Young (Allocation Failure) 496M->262M(850M) 3.473ms
[675.828s][info ][gc,cpu       ] GC(279) User=0.02s Sys=0.00s Real=0.01s
[675.828s][info ][safepoint    ] Leaving safepoint region
[675.828s][info ][safepoint    ] Total time for which application threads were stopped: 0.0036261 seconds, Stopping threads took: 0.0000153 seconds
[679.416s][info ][safepoint    ] Application time: 3.5882169 seconds
[679.416s][info ][safepoint    ] Entering safepoint region: GenCollectForAllocation
[679.417s][info ][gc,start     ] GC(280) Pause Young (Allocation Failure)
[679.417s][info ][gc,task      ] GC(280) Using 4 workers of 4 for evacuation
[679.420s][debug][gc,ref       ] GC(280) Skipped phase1 of Reference Processing due to unavailable references
[679.420s][debug][gc,ref       ] GC(280) Skipped phase2 of Reference Processing due to unavailable references
[679.420s][debug][gc,ref       ] GC(280) Skipped phase3 of Reference Processing due to unavailable references
[679.420s][debug][gc,ref       ] GC(280) Skipped phase4 of Reference Processing due to unavailable references
[679.420s][debug][gc,age       ] GC(280) Desired survivor size 15368192 bytes, new threshold 6 (max threshold 6)
[679.420s][info ][gc,heap      ] GC(280) ParNew: 242163K->2066K(270336K)
[679.420s][info ][gc,heap      ] GC(280) CMS: 266528K->266672K(600768K)
[679.420s][info ][gc,metaspace ] GC(280) Metaspace: 56841K->56841K(1101824K)
[679.420s][info ][gc           ] GC(280) Pause Young (Allocation Failure) 496M->262M(850M) 3.336ms
[679.420s][info ][gc,cpu       ] GC(280) User=0.01s Sys=0.01s Real=0.00s
[679.420s][info ][safepoint    ] Leaving safepoint region
[679.420s][info ][safepoint    ] Total time for which application threads were stopped: 0.0035001 seconds, Stopping threads took: 0.0000146 seconds
[680.420s][info ][safepoint    ] Application time: 1.0001761 seconds
[680.420s][info ][safepoint    ] Entering safepoint region: Cleanup
[680.420s][info ][safepoint    ] Leaving safepoint region
[680.420s][info ][safepoint    ] Total time for which application threads were stopped: 0.0001291 seconds, Stopping threads took: 0.0000602 seconds
[682.923s][info ][safepoint    ] Application time: 2.5023588 seconds
[682.923s][info ][safepoint    ] Entering safepoint region: GenCollectForAllocation
[682.923s][info ][gc,start     ] GC(281) Pause Young (Allocation Failure)
[682.923s][info ][gc,task      ] GC(281) Using 4 workers of 4 for evacuation
[682.925s][debug][gc,ref       ] GC(281) Skipped phase1 of Reference Processing due to unavailable references
[682.925s][debug][gc,ref       ] GC(281) Skipped phase2 of Reference Processing due to unavailable references
[682.925s][debug][gc,ref       ] GC(281) Skipped phase3 of Reference Processing due to unavailable references
[682.925s][debug][gc,ref       ] GC(281) Skipped phase4 of Reference Processing due to unavailable references
[682.926s][debug][gc,age       ] GC(281) Desired survivor size 15368192 bytes, new threshold 6 (max threshold 6)
[682.926s][info ][gc,heap      ] GC(281) ParNew: 242386K->1536K(270336K)
[682.926s][info ][gc,heap      ] GC(281) CMS: 266672K->266724K(600768K)
[682.926s][info ][gc,metaspace ] GC(281) Metaspace: 56841K->56841K(1101824K)
[682.926s][info ][gc           ] GC(281) Pause Young (Allocation Failure) 497M->261M(850M) 2.829ms
[682.926s][info ][gc,cpu       ] GC(281) User=0.01s Sys=0.00s Real=0.00s
[682.926s][info ][safepoint    ] Leaving safepoint region
[682.926s][info ][safepoint    ] Total time for which application threads were stopped: 0.0030273 seconds, Stopping threads took: 0.0000155 seconds
[684.926s][info ][safepoint    ] Application time: 2.0001740 seconds
[684.926s][info ][safepoint    ] Entering safepoint region: Cleanup
[684.926s][info ][safepoint    ] Leaving safepoint region
[684.926s][info ][safepoint    ] Total time for which application threads were stopped: 0.0000711 seconds, Stopping threads took: 0.0000153 seconds
[685.926s][info ][safepoint    ] Application time: 1.0000909 seconds
[685.926s][info ][safepoint    ] Entering safepoint region: Cleanup
[685.926s][info ][safepoint    ] Leaving safepoint region
[685.926s][info ][safepoint    ] Total time for which application threads were stopped: 0.0000789 seconds, Stopping threads took: 0.0000167 seconds
[686.469s][info ][safepoint    ] Application time: 0.5423932 seconds
[686.469s][info ][safepoint    ] Entering safepoint region: GenCollectForAllocation
[686.469s][info ][gc,start     ] GC(282) Pause Young (Allocation Failure)
[686.469s][info ][gc,task      ] GC(282) Using 4 workers of 4 for evacuation
[686.472s][debug][gc,ref       ] GC(282) Skipped phase1 of Reference Processing due to unavailable references
[686.472s][debug][gc,ref       ] GC(282) Skipped phase2 of Reference Processing due to unavailable references
[686.472s][debug][gc,ref       ] GC(282) Skipped phase3 of Reference Processing due to unavailable references
[686.472s][debug][gc,ref       ] GC(282) Skipped phase4 of Reference Processing due to unavailable references
[686.472s][debug][gc,age       ] GC(282) Desired survivor size 15368192 bytes, new threshold 6 (max threshold 6)
[686.472s][info ][gc,heap      ] GC(282) ParNew: 241856K->1572K(270336K)
[686.472s][info ][gc,heap      ] GC(282) CMS: 266724K->266844K(600768K)
[686.472s][info ][gc,metaspace ] GC(282) Metaspace: 56843K->56843K(1101824K)
[686.472s][info ][gc           ] GC(282) Pause Young (Allocation Failure) 496M->262M(850M) 3.137ms
[686.472s][info ][gc,cpu       ] GC(282) User=0.01s Sys=0.00s Real=0.00s
[686.472s][info ][safepoint    ] Leaving safepoint region
[686.472s][info ][safepoint    ] Total time for which application threads were stopped: 0.0032854 seconds, Stopping threads took: 0.0000154 seconds
[689.472s][info ][safepoint    ] Application time: 3.0002298 seconds
[689.472s][info ][safepoint    ] Entering safepoint region: Cleanup
[689.472s][info ][safepoint    ] Leaving safepoint region
[689.472s][info ][safepoint    ] Total time for which application threads were stopped: 0.0001395 seconds, Stopping threads took: 0.0000715 seconds
[690.114s][info ][safepoint    ] Application time: 0.6419865 seconds
[690.114s][info ][safepoint    ] Entering safepoint region: GenCollectForAllocation
[690.114s][info ][gc,start     ] GC(283) Pause Young (Allocation Failure)
[690.114s][info ][gc,task      ] GC(283) Using 4 workers of 4 for evacuation
[690.117s][debug][gc,ref       ] GC(283) Skipped phase1 of Reference Processing due to unavailable references
[690.117s][debug][gc,ref       ] GC(283) Skipped phase2 of Reference Processing due to unavailable references
[690.117s][debug][gc,ref       ] GC(283) Skipped phase3 of Reference Processing due to unavailable references
[690.117s][debug][gc,ref       ] GC(283) Skipped phase4 of Reference Processing due to unavailable references
[690.117s][debug][gc,age       ] GC(283) Desired survivor size 15368192 bytes, new threshold 6 (max threshold 6)
[690.117s][info ][gc,heap      ] GC(283) ParNew: 241892K->1967K(270336K)
[690.117s][info ][gc,heap      ] GC(283) CMS: 266844K->266879K(600768K)
[690.117s][info ][gc,metaspace ] GC(283) Metaspace: 56843K->56843K(1101824K)
[690.117s][info ][gc           ] GC(283) Pause Young (Allocation Failure) 496M->262M(850M) 2.795ms
[690.117s][info ][gc,cpu       ] GC(283) User=0.01s Sys=0.00s Real=0.00s
[690.117s][info ][safepoint    ] Leaving safepoint region
[690.117s][info ][safepoint    ] Total time for which application threads were stopped: 0.0029236 seconds, Stopping threads took: 0.0000147 seconds
[691.117s][info ][safepoint    ] Application time: 1.0000925 seconds
[691.117s][info ][safepoint    ] Entering safepoint region: Cleanup
[691.118s][info ][safepoint    ] Leaving safepoint region
[691.118s][info ][safepoint    ] Total time for which application threads were stopped: 0.0001262 seconds, Stopping threads took: 0.0000625 seconds
[692.118s][info ][safepoint    ] Application time: 1.0000549 seconds
[692.118s][info ][safepoint    ] Entering safepoint region: Cleanup
[692.118s][info ][safepoint    ] Leaving safepoint region
[692.118s][info ][safepoint    ] Total time for which application threads were stopped: 0.0001323 seconds, Stopping threads took: 0.0000688 seconds
[693.118s][info ][safepoint    ] Application time: 1.0000980 seconds
[693.118s][info ][safepoint    ] Entering safepoint region: Cleanup
[693.118s][info ][safepoint    ] Leaving safepoint region
[693.118s][info ][safepoint    ] Total time for which application threads were stopped: 0.0001348 seconds, Stopping threads took: 0.0000641 seconds
[693.668s][info ][safepoint    ] Application time: 0.5501345 seconds
[693.668s][info ][safepoint    ] Entering safepoint region: GenCollectForAllocation
[693.668s][info ][gc,start     ] GC(284) Pause Young (Allocation Failure)
[693.668s][info ][gc,task      ] GC(284) Using 4 workers of 4 for evacuation
[693.671s][debug][gc,ref       ] GC(284) Skipped phase1 of Reference Processing due to unavailable references
[693.671s][debug][gc,ref       ] GC(284) Skipped phase2 of Reference Processing due to unavailable references
[693.671s][debug][gc,ref       ] GC(284) Skipped phase3 of Reference Processing due to unavailable references
[693.671s][debug][gc,ref       ] GC(284) Skipped phase4 of Reference Processing due to unavailable references
[693.672s][debug][gc,age       ] GC(284) Desired survivor size 15368192 bytes, new threshold 6 (max threshold 6)
[693.672s][info ][gc,heap      ] GC(284) ParNew: 242287K->2252K(270336K)
[693.672s][info ][gc,heap      ] GC(284) CMS: 266879K->267066K(600768K)
[693.672s][info ][gc,metaspace ] GC(284) Metaspace: 56843K->56843K(1101824K)
[693.672s][info ][gc           ] GC(284) Pause Young (Allocation Failure) 497M->263M(850M) 3.280ms
[693.672s][info ][gc,cpu       ] GC(284) User=0.01s Sys=0.00s Real=0.00s
[693.672s][info ][safepoint    ] Leaving safepoint region
[693.672s][info ][safepoint    ] Total time for which application threads were stopped: 0.0034341 seconds, Stopping threads took: 0.0000163 seconds
[696.672s][info ][safepoint    ] Application time: 3.0002354 seconds
[696.672s][info ][safepoint    ] Entering safepoint region: Cleanup
[696.672s][info ][safepoint    ] Leaving safepoint region
[696.672s][info ][safepoint    ] Total time for which application threads were stopped: 0.0001329 seconds, Stopping threads took: 0.0000580 seconds
[697.273s][info ][safepoint    ] Application time: 0.6011303 seconds
[697.273s][info ][safepoint    ] Entering safepoint region: GenCollectForAllocation
[697.273s][info ][gc,start     ] GC(285) Pause Young (Allocation Failure)
[697.273s][info ][gc,task      ] GC(285) Using 4 workers of 4 for evacuation
[697.276s][debug][gc,ref       ] GC(285) Skipped phase1 of Reference Processing due to unavailable references
[697.276s][debug][gc,ref       ] GC(285) Skipped phase2 of Reference Processing due to unavailable references
[697.276s][debug][gc,ref       ] GC(285) Skipped phase3 of Reference Processing due to unavailable references
[697.276s][debug][gc,ref       ] GC(285) Skipped phase4 of Reference Processing due to unavailable references
[697.276s][debug][gc,age       ] GC(285) Desired survivor size 15368192 bytes, new threshold 6 (max threshold 6)
[697.276s][info ][gc,heap      ] GC(285) ParNew: 242572K->2309K(270336K)
[697.276s][info ][gc,heap      ] GC(285) CMS: 267066K->267263K(600768K)
[697.276s][info ][gc,metaspace ] GC(285) Metaspace: 56850K->56850K(1101824K)
[697.277s][info ][gc           ] GC(285) Pause Young (Allocation Failure) 497M->263M(850M) 3.128ms
[697.277s][info ][gc,cpu       ] GC(285) User=0.01s Sys=0.00s Real=0.01s
[697.277s][info ][safepoint    ] Leaving safepoint region
[697.277s][info ][safepoint    ] Total time for which application threads were stopped: 0.0032848 seconds, Stopping threads took: 0.0000159 seconds
[700.277s][info ][safepoint    ] Application time: 3.0002279 seconds
[700.277s][info ][safepoint    ] Entering safepoint region: Cleanup
[700.277s][info ][safepoint    ] Leaving safepoint region
[700.277s][info ][safepoint    ] Total time for which application threads were stopped: 0.0001351 seconds, Stopping threads took: 0.0000159 seconds
[700.752s][info ][safepoint    ] Application time: 0.4747571 seconds
[700.752s][info ][safepoint    ] Entering safepoint region: GenCollectForAllocation
[700.752s][info ][gc,start     ] GC(286) Pause Young (Allocation Failure)
[700.752s][info ][gc,task      ] GC(286) Using 4 workers of 4 for evacuation
[700.755s][debug][gc,ref       ] GC(286) Skipped phase1 of Reference Processing due to unavailable references
[700.755s][debug][gc,ref       ] GC(286) Skipped phase2 of Reference Processing due to unavailable references
[700.755s][debug][gc,ref       ] GC(286) Skipped phase3 of Reference Processing due to unavailable references
[700.755s][debug][gc,ref       ] GC(286) Skipped phase4 of Reference Processing due to unavailable references
[700.755s][debug][gc,age       ] GC(286) Desired survivor size 15368192 bytes, new threshold 6 (max threshold 6)
[700.755s][info ][gc,heap      ] GC(286) ParNew: 242629K->2205K(270336K)
[700.755s][info ][gc,heap      ] GC(286) CMS: 267263K->267380K(600768K)
[700.755s][info ][gc,metaspace ] GC(286) Metaspace: 56855K->56855K(1101824K)
[700.755s][info ][gc           ] GC(286) Pause Young (Allocation Failure) 497M->263M(850M) 3.127ms
[700.755s][info ][gc,cpu       ] GC(286) User=0.01s Sys=0.00s Real=0.01s
[700.755s][info ][safepoint    ] Leaving safepoint region
[700.755s][info ][safepoint    ] Total time for which application threads were stopped: 0.0032960 seconds, Stopping threads took: 0.0000151 seconds
[703.755s][info ][safepoint    ] Application time: 3.0002769 seconds
[703.758s][info ][safepoint    ] Entering safepoint region: Cleanup
[703.758s][info ][safepoint    ] Leaving safepoint region
[703.758s][info ][safepoint    ] Total time for which application threads were stopped: 0.0029617 seconds, Stopping threads took: 0.0028772 seconds
[704.124s][info ][safepoint    ] Application time: 0.3653281 seconds
[704.124s][info ][safepoint    ] Entering safepoint region: GenCollectForAllocation
[704.124s][info ][gc,start     ] GC(287) Pause Young (Allocation Failure)
[704.124s][info ][gc,task      ] GC(287) Using 4 workers of 4 for evacuation
[704.127s][debug][gc,ref       ] GC(287) Skipped phase1 of Reference Processing due to unavailable references
[704.127s][debug][gc,ref       ] GC(287) Skipped phase3 of Reference Processing due to unavailable references
[704.127s][debug][gc,age       ] GC(287) Desired survivor size 15368192 bytes, new threshold 6 (max threshold 6)
[704.127s][info ][gc,heap      ] GC(287) ParNew: 242525K->3268K(270336K)
[704.127s][info ][gc,heap      ] GC(287) CMS: 267380K->267435K(600768K)
[704.127s][info ][gc,metaspace ] GC(287) Metaspace: 56888K->56888K(1101824K)
[704.127s][info ][gc           ] GC(287) Pause Young (Allocation Failure) 497M->264M(850M) 3.658ms
[704.127s][info ][gc,cpu       ] GC(287) User=0.01s Sys=0.00s Real=0.01s
[704.127s][info ][safepoint    ] Leaving safepoint region
[704.127s][info ][safepoint    ] Total time for which application threads were stopped: 0.0038066 seconds, Stopping threads took: 0.0000154 seconds
[707.615s][info ][safepoint    ] Application time: 3.4878503 seconds
[707.615s][info ][safepoint    ] Entering safepoint region: GenCollectForAllocation
[707.616s][info ][gc,start     ] GC(288) Pause Young (Allocation Failure)
[707.616s][info ][gc,task      ] GC(288) Using 4 workers of 4 for evacuation
[707.625s][debug][gc,ref       ] GC(288) Skipped phase1 of Reference Processing due to unavailable references
[707.625s][debug][gc,ref       ] GC(288) Skipped phase3 of Reference Processing due to unavailable references
[707.625s][debug][gc,age       ] GC(288) Desired survivor size 15368192 bytes, new threshold 6 (max threshold 6)
[707.625s][info ][gc,heap      ] GC(288) ParNew: 243588K->3813K(270336K)
[707.625s][info ][gc,heap      ] GC(288) CMS: 267435K->267619K(600768K)
[707.625s][info ][gc,metaspace ] GC(288) Metaspace: 56893K->56893K(1101824K)
[707.625s][info ][gc           ] GC(288) Pause Young (Allocation Failure) 499M->265M(850M) 9.744ms
[707.625s][info ][gc,cpu       ] GC(288) User=0.01s Sys=0.00s Real=0.00s
[707.625s][info ][safepoint    ] Leaving safepoint region
[707.625s][info ][safepoint    ] Total time for which application threads were stopped: 0.0099523 seconds, Stopping threads took: 0.0000502 seconds
[709.626s][info ][safepoint    ] Application time: 2.0002063 seconds
[709.626s][info ][safepoint    ] Entering safepoint region: Cleanup
[709.626s][info ][safepoint    ] Leaving safepoint region
[709.626s][info ][safepoint    ] Total time for which application threads were stopped: 0.0000797 seconds, Stopping threads took: 0.0000166 seconds
[711.169s][info ][safepoint    ] Application time: 1.5429821 seconds
[711.169s][info ][safepoint    ] Entering safepoint region: GenCollectForAllocation
[711.169s][info ][gc,start     ] GC(289) Pause Young (Allocation Failure)
[711.169s][info ][gc,task      ] GC(289) Using 4 workers of 4 for evacuation
[711.172s][debug][gc,ref       ] GC(289) Skipped phase1 of Reference Processing due to unavailable references
[711.172s][debug][gc,ref       ] GC(289) Skipped phase3 of Reference Processing due to unavailable references
[711.172s][debug][gc,ref       ] GC(289) Skipped phase4 of Reference Processing due to unavailable references
[711.172s][debug][gc,age       ] GC(289) Desired survivor size 15368192 bytes, new threshold 6 (max threshold 6)
[711.172s][info ][gc,heap      ] GC(289) ParNew: 244133K->3643K(270336K)
[711.172s][info ][gc,heap      ] GC(289) CMS: 267619K->267668K(600768K)
[711.172s][info ][gc,metaspace ] GC(289) Metaspace: 56893K->56893K(1101824K)
[711.172s][info ][gc           ] GC(289) Pause Young (Allocation Failure) 499M->264M(850M) 3.680ms
[711.172s][info ][gc,cpu       ] GC(289) User=0.01s Sys=0.01s Real=0.00s
[711.173s][info ][safepoint    ] Leaving safepoint region
[711.173s][info ][safepoint    ] Total time for which application threads were stopped: 0.0038508 seconds, Stopping threads took: 0.0000144 seconds
[713.692s][info ][safepoint    ] Application time: 2.5199138 seconds
[713.692s][info ][safepoint    ] Entering safepoint region: Deoptimize
[713.694s][info ][safepoint    ] Leaving safepoint region
[713.694s][info ][safepoint    ] Total time for which application threads were stopped: 0.0017117 seconds, Stopping threads took: 0.0000144 seconds
[714.676s][info ][safepoint    ] Application time: 0.9819791 seconds
[714.676s][info ][safepoint    ] Entering safepoint region: GenCollectForAllocation
[714.676s][info ][gc,start     ] GC(290) Pause Young (Allocation Failure)
[714.676s][info ][gc,task      ] GC(290) Using 4 workers of 4 for evacuation
[714.680s][debug][gc,ref       ] GC(290) Skipped phase1 of Reference Processing due to unavailable references
[714.680s][debug][gc,ref       ] GC(290) Skipped phase3 of Reference Processing due to unavailable references
[714.680s][debug][gc,ref       ] GC(290) Skipped phase4 of Reference Processing due to unavailable references
[714.680s][debug][gc,age       ] GC(290) Desired survivor size 15368192 bytes, new threshold 6 (max threshold 6)
[714.680s][info ][gc,heap      ] GC(290) ParNew: 243963K->3840K(270336K)
[714.680s][info ][gc,heap      ] GC(290) CMS: 267668K->267868K(600768K)
[714.680s][info ][gc,metaspace ] GC(290) Metaspace: 56898K->56898K(1101824K)
[714.680s][info ][gc           ] GC(290) Pause Young (Allocation Failure) 499M->265M(850M) 4.013ms
[714.680s][info ][gc,cpu       ] GC(290) User=0.02s Sys=0.00s Real=0.00s
[714.680s][info ][safepoint    ] Leaving safepoint region
[714.680s][info ][safepoint    ] Total time for which application threads were stopped: 0.0042087 seconds, Stopping threads took: 0.0000710 seconds
[716.681s][info ][safepoint    ] Application time: 2.0002058 seconds
[716.681s][info ][safepoint    ] Entering safepoint region: Cleanup
[716.681s][info ][safepoint    ] Leaving safepoint region
[716.681s][info ][safepoint    ] Total time for which application threads were stopped: 0.0000780 seconds, Stopping threads took: 0.0000163 seconds
[717.681s][info ][safepoint    ] Application time: 1.0000969 seconds
[717.681s][info ][safepoint    ] Entering safepoint region: Cleanup
[717.681s][info ][safepoint    ] Leaving safepoint region
[717.681s][info ][safepoint    ] Total time for which application threads were stopped: 0.0000801 seconds, Stopping threads took: 0.0000144 seconds
[718.316s][info ][safepoint    ] Application time: 0.6347700 seconds
[718.316s][info ][safepoint    ] Entering safepoint region: GenCollectForAllocation
[718.316s][info ][gc,start     ] GC(291) Pause Young (Allocation Failure)
[718.316s][info ][gc,task      ] GC(291) Using 4 workers of 4 for evacuation
[718.319s][debug][gc,ref       ] GC(291) Skipped phase1 of Reference Processing due to unavailable references
[718.319s][debug][gc,ref       ] GC(291) Skipped phase3 of Reference Processing due to unavailable references
[718.319s][debug][gc,ref       ] GC(291) Skipped phase4 of Reference Processing due to unavailable references
[718.320s][debug][gc,age       ] GC(291) Desired survivor size 15368192 bytes, new threshold 6 (max threshold 6)
[718.320s][info ][gc,heap      ] GC(291) ParNew: 244160K->4966K(270336K)
[718.320s][info ][gc,heap      ] GC(291) CMS: 267868K->267906K(600768K)
[718.320s][info ][gc,metaspace ] GC(291) Metaspace: 56902K->56902K(1101824K)
[718.320s][info ][gc           ] GC(291) Pause Young (Allocation Failure) 500M->266M(850M) 3.704ms
[718.320s][info ][gc,cpu       ] GC(291) User=0.01s Sys=0.00s Real=0.00s
[718.320s][info ][safepoint    ] Leaving safepoint region
[718.320s][info ][safepoint    ] Total time for which application threads were stopped: 0.0038711 seconds, Stopping threads took: 0.0000156 seconds
[720.320s][info ][safepoint    ] Application time: 2.0001773 seconds
[720.320s][info ][safepoint    ] Entering safepoint region: Cleanup
[720.320s][info ][safepoint    ] Leaving safepoint region
[720.320s][info ][safepoint    ] Total time for which application threads were stopped: 0.0001234 seconds, Stopping threads took: 0.0000479 seconds
[721.770s][info ][safepoint    ] Application time: 1.4495789 seconds
[721.770s][info ][safepoint    ] Entering safepoint region: GenCollectForAllocation
[721.770s][info ][gc,start     ] GC(292) Pause Young (Allocation Failure)
[721.770s][info ][gc,task      ] GC(292) Using 4 workers of 4 for evacuation
[721.773s][debug][gc,ref       ] GC(292) Skipped phase1 of Reference Processing due to unavailable references
[721.773s][debug][gc,ref       ] GC(292) Skipped phase3 of Reference Processing due to unavailable references
[721.773s][debug][gc,ref       ] GC(292) Skipped phase4 of Reference Processing due to unavailable references
[721.773s][debug][gc,age       ] GC(292) Desired survivor size 15368192 bytes, new threshold 6 (max threshold 6)
[721.774s][info ][gc,heap      ] GC(292) ParNew: 245286K->5291K(270336K)
[721.774s][info ][gc,heap      ] GC(292) CMS: 267906K->267999K(600768K)
[721.774s][info ][gc,metaspace ] GC(292) Metaspace: 56903K->56903K(1101824K)
[721.774s][info ][gc           ] GC(292) Pause Young (Allocation Failure) 501M->266M(850M) 3.819ms
[721.774s][info ][gc,cpu       ] GC(292) User=0.01s Sys=0.00s Real=0.00s
[721.774s][info ][safepoint    ] Leaving safepoint region
[721.774s][info ][safepoint    ] Total time for which application threads were stopped: 0.0039772 seconds, Stopping threads took: 0.0000142 seconds
[722.774s][info ][safepoint    ] Application time: 1.0001301 seconds
[722.774s][info ][safepoint    ] Entering safepoint region: Cleanup
[722.774s][info ][safepoint    ] Leaving safepoint region
[722.774s][info ][safepoint    ] Total time for which application threads were stopped: 0.0001439 seconds, Stopping threads took: 0.0000438 seconds
[723.774s][info ][safepoint    ] Application time: 1.0000985 seconds
[723.774s][info ][safepoint    ] Entering safepoint region: Cleanup
[723.774s][info ][safepoint    ] Leaving safepoint region
[723.774s][info ][safepoint    ] Total time for which application threads were stopped: 0.0000762 seconds, Stopping threads took: 0.0000161 seconds
[724.774s][info ][safepoint    ] Application time: 1.0000799 seconds
[724.774s][info ][safepoint    ] Entering safepoint region: Cleanup
[724.774s][info ][safepoint    ] Leaving safepoint region
[724.774s][info ][safepoint    ] Total time for which application threads were stopped: 0.0000874 seconds, Stopping threads took: 0.0000270 seconds
[725.374s][info ][safepoint    ] Application time: 0.5997574 seconds
[725.374s][info ][safepoint    ] Entering safepoint region: GenCollectForAllocation
[725.374s][info ][gc,start     ] GC(293) Pause Young (Allocation Failure)
[725.374s][info ][gc,task      ] GC(293) Using 4 workers of 4 for evacuation
[725.379s][debug][gc,ref       ] GC(293) Skipped phase1 of Reference Processing due to unavailable references
[725.379s][debug][gc,ref       ] GC(293) Skipped phase2 of Reference Processing due to unavailable references
[725.379s][debug][gc,ref       ] GC(293) Skipped phase3 of Reference Processing due to unavailable references
[725.379s][debug][gc,ref       ] GC(293) Skipped phase4 of Reference Processing due to unavailable references
[725.379s][debug][gc,age       ] GC(293) Desired survivor size 15368192 bytes, new threshold 6 (max threshold 6)
[725.379s][info ][gc,heap      ] GC(293) ParNew: 245611K->4816K(270336K)
[725.379s][info ][gc,heap      ] GC(293) CMS: 267999K->268575K(600768K)
[725.379s][info ][gc,metaspace ] GC(293) Metaspace: 56905K->56905K(1101824K)
[725.379s][info ][gc           ] GC(293) Pause Young (Allocation Failure) 501M->266M(850M) 4.618ms
[725.379s][info ][gc,cpu       ] GC(293) User=0.02s Sys=0.00s Real=0.00s
[725.379s][info ][safepoint    ] Leaving safepoint region
[725.379s][info ][safepoint    ] Total time for which application threads were stopped: 0.0047983 seconds, Stopping threads took: 0.0000322 seconds
[726.379s][info ][safepoint    ] Application time: 1.0001049 seconds
[726.379s][info ][safepoint    ] Entering safepoint region: Cleanup
[726.379s][info ][safepoint    ] Leaving safepoint region
[726.379s][info ][safepoint    ] Total time for which application threads were stopped: 0.0000759 seconds, Stopping threads took: 0.0000183 seconds
[728.924s][info ][safepoint    ] Application time: 2.5445191 seconds
[728.924s][info ][safepoint    ] Entering safepoint region: GenCollectForAllocation
[728.924s][info ][gc,start     ] GC(294) Pause Young (Allocation Failure)
[728.924s][info ][gc,task      ] GC(294) Using 4 workers of 4 for evacuation
[728.928s][debug][gc,ref       ] GC(294) Skipped phase1 of Reference Processing due to unavailable references
[728.928s][debug][gc,ref       ] GC(294) Skipped phase2 of Reference Processing due to unavailable references
[728.928s][debug][gc,ref       ] GC(294) Skipped phase3 of Reference Processing due to unavailable references
[728.928s][debug][gc,ref       ] GC(294) Skipped phase4 of Reference Processing due to unavailable references
[728.928s][debug][gc,age       ] GC(294) Desired survivor size 15368192 bytes, new threshold 6 (max threshold 6)
[728.928s][info ][gc,heap      ] GC(294) ParNew: 245136K->4689K(270336K)
[728.928s][info ][gc,heap      ] GC(294) CMS: 268575K->269166K(600768K)
[728.928s][info ][gc,metaspace ] GC(294) Metaspace: 56905K->56905K(1101824K)
[728.928s][info ][gc           ] GC(294) Pause Young (Allocation Failure) 501M->267M(850M) 4.415ms
[728.928s][info ][gc,cpu       ] GC(294) User=0.01s Sys=0.00s Real=0.01s
[728.928s][info ][safepoint    ] Leaving safepoint region
[728.928s][info ][safepoint    ] Total time for which application threads were stopped: 0.0045720 seconds, Stopping threads took: 0.0000149 seconds
[732.667s][info ][safepoint    ] Application time: 3.7392302 seconds
[732.668s][info ][safepoint    ] Entering safepoint region: GenCollectForAllocation
[732.668s][info ][gc,start     ] GC(295) Pause Young (Allocation Failure)
[732.668s][info ][gc,task      ] GC(295) Using 4 workers of 4 for evacuation
[732.671s][debug][gc,ref       ] GC(295) Skipped phase1 of Reference Processing due to unavailable references
[732.671s][debug][gc,ref       ] GC(295) Skipped phase2 of Reference Processing due to unavailable references
[732.671s][debug][gc,ref       ] GC(295) Skipped phase3 of Reference Processing due to unavailable references
[732.671s][debug][gc,ref       ] GC(295) Skipped phase4 of Reference Processing due to unavailable references
[732.671s][debug][gc,age       ] GC(295) Desired survivor size 15368192 bytes, new threshold 6 (max threshold 6)
[732.671s][info ][gc,heap      ] GC(295) ParNew: 245009K->3537K(270336K)
[732.671s][info ][gc,heap      ] GC(295) CMS: 269166K->269268K(600768K)
[732.671s][info ][gc,metaspace ] GC(295) Metaspace: 56905K->56905K(1101824K)
[732.671s][info ][gc           ] GC(295) Pause Young (Allocation Failure) 502M->266M(850M) 3.814ms
[732.671s][info ][gc,cpu       ] GC(295) User=0.02s Sys=0.00s Real=0.00s
[732.671s][info ][safepoint    ] Leaving safepoint region
[732.671s][info ][safepoint    ] Total time for which application threads were stopped: 0.0039641 seconds, Stopping threads took: 0.0000150 seconds
[736.319s][info ][safepoint    ] Application time: 3.6480091 seconds
[736.320s][info ][safepoint    ] Entering safepoint region: GenCollectForAllocation
[736.320s][info ][gc,start     ] GC(296) Pause Young (Allocation Failure)
[736.320s][info ][gc,task      ] GC(296) Using 4 workers of 4 for evacuation
[736.323s][debug][gc,ref       ] GC(296) Skipped phase1 of Reference Processing due to unavailable references
[736.323s][debug][gc,ref       ] GC(296) Skipped phase2 of Reference Processing due to unavailable references
[736.323s][debug][gc,ref       ] GC(296) Skipped phase3 of Reference Processing due to unavailable references
[736.323s][debug][gc,ref       ] GC(296) Skipped phase4 of Reference Processing due to unavailable references
[736.323s][debug][gc,age       ] GC(296) Desired survivor size 15368192 bytes, new threshold 6 (max threshold 6)
[736.323s][info ][gc,heap      ] GC(296) ParNew: 243857K->2807K(270336K)
[736.323s][info ][gc,heap      ] GC(296) CMS: 269268K->269934K(600768K)
[736.323s][info ][gc,metaspace ] GC(296) Metaspace: 56905K->56905K(1101824K)
[736.323s][info ][gc           ] GC(296) Pause Young (Allocation Failure) 501M->266M(850M) 3.518ms
[736.323s][info ][gc,cpu       ] GC(296) User=0.01s Sys=0.00s Real=0.00s
[736.323s][info ][safepoint    ] Leaving safepoint region
[736.323s][info ][safepoint    ] Total time for which application threads were stopped: 0.0036738 seconds, Stopping threads took: 0.0000141 seconds
[737.323s][info ][safepoint    ] Application time: 1.0000966 seconds
[737.324s][info ][safepoint    ] Entering safepoint region: Cleanup
[737.324s][info ][safepoint    ] Leaving safepoint region
[737.324s][info ][safepoint    ] Total time for which application threads were stopped: 0.0002864 seconds, Stopping threads took: 0.0001629 seconds
[738.324s][info ][safepoint    ] Application time: 1.0000942 seconds
[738.324s][info ][safepoint    ] Entering safepoint region: Cleanup
[738.324s][info ][safepoint    ] Leaving safepoint region
[738.324s][info ][safepoint    ] Total time for which application threads were stopped: 0.0001347 seconds, Stopping threads took: 0.0000628 seconds
[739.324s][info ][safepoint    ] Application time: 1.0000927 seconds
[739.324s][info ][safepoint    ] Entering safepoint region: Cleanup
[739.324s][info ][safepoint    ] Leaving safepoint region
[739.324s][info ][safepoint    ] Total time for which application threads were stopped: 0.0001018 seconds, Stopping threads took: 0.0000159 seconds
[740.165s][info ][safepoint    ] Application time: 0.8412325 seconds
[740.165s][info ][safepoint    ] Entering safepoint region: GenCollectForAllocation
[740.166s][info ][gc,start     ] GC(297) Pause Young (Allocation Failure)
[740.166s][info ][gc,task      ] GC(297) Using 4 workers of 4 for evacuation
[740.169s][debug][gc,ref       ] GC(297) Skipped phase1 of Reference Processing due to unavailable references
[740.169s][debug][gc,ref       ] GC(297) Skipped phase2 of Reference Processing due to unavailable references
[740.169s][debug][gc,ref       ] GC(297) Skipped phase3 of Reference Processing due to unavailable references
[740.169s][debug][gc,ref       ] GC(297) Skipped phase4 of Reference Processing due to unavailable references
[740.169s][debug][gc,age       ] GC(297) Desired survivor size 15368192 bytes, new threshold 6 (max threshold 6)
[740.169s][info ][gc,heap      ] GC(297) ParNew: 243127K->2435K(270336K)
[740.169s][info ][gc,heap      ] GC(297) CMS: 269934K->270447K(600768K)
[740.169s][info ][gc,metaspace ] GC(297) Metaspace: 56908K->56908K(1101824K)
[740.169s][info ][gc           ] GC(297) Pause Young (Allocation Failure) 501M->266M(850M) 3.535ms
[740.169s][info ][gc,cpu       ] GC(297) User=0.01s Sys=0.00s Real=0.01s
[740.169s][info ][safepoint    ] Leaving safepoint region
[740.169s][info ][safepoint    ] Total time for which application threads were stopped: 0.0037753 seconds, Stopping threads took: 0.0000139 seconds
[741.169s][info ][safepoint    ] Application time: 1.0001413 seconds
[741.169s][info ][safepoint    ] Entering safepoint region: Cleanup
[741.170s][info ][safepoint    ] Leaving safepoint region
[741.170s][info ][safepoint    ] Total time for which application threads were stopped: 0.0001307 seconds, Stopping threads took: 0.0000573 seconds
[742.170s][info ][safepoint    ] Application time: 1.0001002 seconds
[742.170s][info ][safepoint    ] Entering safepoint region: Cleanup
[742.170s][info ][safepoint    ] Leaving safepoint region
[742.170s][info ][safepoint    ] Total time for which application threads were stopped: 0.0002375 seconds, Stopping threads took: 0.0000649 seconds
[743.968s][info ][safepoint    ] Application time: 1.7984249 seconds
[743.968s][info ][safepoint    ] Entering safepoint region: GenCollectForAllocation
[743.968s][info ][gc,start     ] GC(298) Pause Young (Allocation Failure)
[743.969s][info ][gc,task      ] GC(298) Using 4 workers of 4 for evacuation
[743.972s][debug][gc,ref       ] GC(298) Skipped phase1 of Reference Processing due to unavailable references
[743.972s][debug][gc,ref       ] GC(298) Skipped phase2 of Reference Processing due to unavailable references
[743.972s][debug][gc,ref       ] GC(298) Skipped phase3 of Reference Processing due to unavailable references
[743.972s][debug][gc,ref       ] GC(298) Skipped phase4 of Reference Processing due to unavailable references
[743.972s][debug][gc,age       ] GC(298) Desired survivor size 15368192 bytes, new threshold 6 (max threshold 6)
[743.972s][info ][gc,heap      ] GC(298) ParNew: 242755K->1492K(270336K)
[743.972s][info ][gc,heap      ] GC(298) CMS: 270447K->271015K(600768K)
[743.972s][info ][gc,metaspace ] GC(298) Metaspace: 56909K->56909K(1101824K)
[743.972s][info ][gc           ] GC(298) Pause Young (Allocation Failure) 501M->266M(850M) 3.452ms
[743.972s][info ][gc,cpu       ] GC(298) User=0.02s Sys=0.00s Real=0.00s
[743.972s][info ][safepoint    ] Leaving safepoint region
[743.972s][info ][safepoint    ] Total time for which application threads were stopped: 0.0036133 seconds, Stopping threads took: 0.0000170 seconds
[744.972s][info ][safepoint    ] Application time: 1.0001085 seconds
[744.972s][info ][safepoint    ] Entering safepoint region: Cleanup
[744.972s][info ][safepoint    ] Leaving safepoint region
[744.972s][info ][safepoint    ] Total time for which application threads were stopped: 0.0001438 seconds, Stopping threads took: 0.0000724 seconds
[747.671s][info ][safepoint    ] Application time: 2.6991658 seconds
[747.671s][info ][safepoint    ] Entering safepoint region: GenCollectForAllocation
[747.672s][info ][gc,start     ] GC(299) Pause Young (Allocation Failure)
[747.672s][info ][gc,task      ] GC(299) Using 4 workers of 4 for evacuation
[747.674s][debug][gc,ref       ] GC(299) Skipped phase1 of Reference Processing due to unavailable references
[747.674s][debug][gc,ref       ] GC(299) Skipped phase2 of Reference Processing due to unavailable references
[747.674s][debug][gc,ref       ] GC(299) Skipped phase3 of Reference Processing due to unavailable references
[747.674s][debug][gc,ref       ] GC(299) Skipped phase4 of Reference Processing due to unavailable references
[747.675s][debug][gc,age       ] GC(299) Desired survivor size 15368192 bytes, new threshold 6 (max threshold 6)
[747.675s][info ][gc,heap      ] GC(299) ParNew: 241812K->700K(270336K)
[747.675s][info ][gc,heap      ] GC(299) CMS: 271015K->271506K(600768K)
[747.675s][info ][gc,metaspace ] GC(299) Metaspace: 56909K->56909K(1101824K)
[747.675s][info ][gc           ] GC(299) Pause Young (Allocation Failure) 500M->265M(850M) 3.157ms
[747.675s][info ][gc,cpu       ] GC(299) User=0.01s Sys=0.00s Real=0.01s
[747.675s][info ][safepoint    ] Leaving safepoint region
[747.675s][info ][safepoint    ] Total time for which application threads were stopped: 0.0033470 seconds, Stopping threads took: 0.0000166 seconds
[748.675s][info ][safepoint    ] Application time: 1.0000629 seconds
[748.675s][info ][safepoint    ] Entering safepoint region: Cleanup
[748.675s][info ][safepoint    ] Leaving safepoint region
[748.675s][info ][safepoint    ] Total time for which application threads were stopped: 0.0000931 seconds, Stopping threads took: 0.0000143 seconds
[751.425s][info ][safepoint    ] Application time: 2.7504277 seconds
[751.426s][info ][safepoint    ] Entering safepoint region: GenCollectForAllocation
[751.426s][info ][gc,start     ] GC(300) Pause Young (Allocation Failure)
[751.426s][info ][gc,task      ] GC(300) Using 4 workers of 4 for evacuation
[751.428s][debug][gc,ref       ] GC(300) Skipped phase1 of Reference Processing due to unavailable references
[751.428s][debug][gc,ref       ] GC(300) Skipped phase2 of Reference Processing due to unavailable references
[751.428s][debug][gc,ref       ] GC(300) Skipped phase3 of Reference Processing due to unavailable references
[751.428s][debug][gc,ref       ] GC(300) Skipped phase4 of Reference Processing due to unavailable references
[751.428s][debug][gc,age       ] GC(300) Desired survivor size 15368192 bytes, new threshold 6 (max threshold 6)
[751.428s][info ][gc,heap      ] GC(300) ParNew: 241020K->757K(270336K)
[751.428s][info ][gc,heap      ] GC(300) CMS: 271506K->271584K(600768K)
[751.428s][info ][gc,metaspace ] GC(300) Metaspace: 56909K->56909K(1101824K)
[751.428s][info ][gc           ] GC(300) Pause Young (Allocation Failure) 500M->265M(850M) 2.262ms
[751.428s][info ][gc,cpu       ] GC(300) User=0.00s Sys=0.00s Real=0.01s
[751.428s][info ][safepoint    ] Leaving safepoint region
[751.428s][info ][safepoint    ] Total time for which application threads were stopped: 0.0024122 seconds, Stopping threads took: 0.0000157 seconds
[753.428s][info ][safepoint    ] Application time: 2.0001722 seconds
[753.428s][info ][safepoint    ] Entering safepoint region: Cleanup
[753.428s][info ][safepoint    ] Leaving safepoint region
[753.428s][info ][safepoint    ] Total time for which application threads were stopped: 0.0000840 seconds, Stopping threads took: 0.0000166 seconds
[754.720s][info ][safepoint    ] Application time: 1.2915465 seconds
[754.720s][info ][safepoint    ] Entering safepoint region: GenCollectForAllocation
[754.720s][info ][gc,start     ] GC(301) Pause Young (Allocation Failure)
[754.720s][info ][gc,task      ] GC(301) Using 4 workers of 4 for evacuation
[754.724s][debug][gc,ref       ] GC(301) Skipped phase1 of Reference Processing due to unavailable references
[754.724s][debug][gc,ref       ] GC(301) Skipped phase2 of Reference Processing due to unavailable references
[754.724s][debug][gc,ref       ] GC(301) Skipped phase3 of Reference Processing due to unavailable references
[754.724s][debug][gc,ref       ] GC(301) Skipped phase4 of Reference Processing due to unavailable references
[754.724s][debug][gc,age       ] GC(301) Desired survivor size 15368192 bytes, new threshold 6 (max threshold 6)
[754.724s][info ][gc,heap      ] GC(301) ParNew: 241077K->4210K(270336K)
[754.724s][info ][gc,heap      ] GC(301) CMS: 271584K->271618K(600768K)
[754.724s][info ][gc,metaspace ] GC(301) Metaspace: 56910K->56910K(1101824K)
[754.724s][info ][gc           ] GC(301) Pause Young (Allocation Failure) 500M->269M(850M) 3.957ms
[754.724s][info ][gc,cpu       ] GC(301) User=0.01s Sys=0.00s Real=0.00s
[754.724s][info ][safepoint    ] Leaving safepoint region
[754.724s][info ][safepoint    ] Total time for which application threads were stopped: 0.0041056 seconds, Stopping threads took: 0.0000153 seconds
[758.425s][info ][safepoint    ] Application time: 3.7009262 seconds
[758.425s][info ][safepoint    ] Entering safepoint region: GenCollectForAllocation
[758.425s][info ][gc,start     ] GC(302) Pause Young (Allocation Failure)
[758.425s][info ][gc,task      ] GC(302) Using 4 workers of 4 for evacuation
[758.428s][debug][gc,ref       ] GC(302) Skipped phase1 of Reference Processing due to unavailable references
[758.428s][debug][gc,ref       ] GC(302) Skipped phase3 of Reference Processing due to unavailable references
[758.428s][debug][gc,age       ] GC(302) Desired survivor size 15368192 bytes, new threshold 6 (max threshold 6)
[758.428s][info ][gc,heap      ] GC(302) ParNew: 244530K->5781K(270336K)
[758.428s][info ][gc,heap      ] GC(302) CMS: 271618K->271669K(600768K)
[758.428s][info ][gc,metaspace ] GC(302) Metaspace: 56912K->56912K(1101824K)
[758.428s][info ][gc           ] GC(302) Pause Young (Allocation Failure) 504M->270M(850M) 3.367ms
[758.428s][info ][gc,cpu       ] GC(302) User=0.01s Sys=0.00s Real=0.01s
[758.428s][info ][safepoint    ] Leaving safepoint region
[758.428s][info ][safepoint    ] Total time for which application threads were stopped: 0.0035769 seconds, Stopping threads took: 0.0000641 seconds
[760.429s][info ][safepoint    ] Application time: 2.0002243 seconds
[760.429s][info ][safepoint    ] Entering safepoint region: Cleanup
[760.429s][info ][safepoint    ] Leaving safepoint region
[760.429s][info ][safepoint    ] Total time for which application threads were stopped: 0.0000922 seconds, Stopping threads took: 0.0000308 seconds
[762.218s][info ][safepoint    ] Application time: 1.7892353 seconds
[762.218s][info ][safepoint    ] Entering safepoint region: GenCollectForAllocation
[762.218s][info ][gc,start     ] GC(303) Pause Young (Allocation Failure)
[762.218s][info ][gc,task      ] GC(303) Using 4 workers of 4 for evacuation
[762.221s][debug][gc,ref       ] GC(303) Skipped phase1 of Reference Processing due to unavailable references
[762.221s][debug][gc,ref       ] GC(303) Skipped phase2 of Reference Processing due to unavailable references
[762.221s][debug][gc,ref       ] GC(303) Skipped phase3 of Reference Processing due to unavailable references
[762.221s][debug][gc,ref       ] GC(303) Skipped phase4 of Reference Processing due to unavailable references
[762.221s][debug][gc,age       ] GC(303) Desired survivor size 15368192 bytes, new threshold 6 (max threshold 6)
[762.221s][info ][gc,heap      ] GC(303) ParNew: 246101K->5708K(270336K)
[762.221s][info ][gc,heap      ] GC(303) CMS: 271669K->271670K(600768K)
[762.221s][info ][gc,metaspace ] GC(303) Metaspace: 56912K->56912K(1101824K)
[762.221s][info ][gc           ] GC(303) Pause Young (Allocation Failure) 505M->270M(850M) 3.229ms
[762.221s][info ][gc,cpu       ] GC(303) User=0.01s Sys=0.00s Real=0.00s
[762.221s][info ][safepoint    ] Leaving safepoint region
[762.221s][info ][safepoint    ] Total time for which application threads were stopped: 0.0033759 seconds, Stopping threads took: 0.0000163 seconds
[764.222s][info ][safepoint    ] Application time: 2.0002067 seconds
[764.222s][info ][safepoint    ] Entering safepoint region: Cleanup
[764.222s][info ][safepoint    ] Leaving safepoint region
[764.222s][info ][safepoint    ] Total time for which application threads were stopped: 0.0001323 seconds, Stopping threads took: 0.0000591 seconds
[766.021s][info ][safepoint    ] Application time: 1.7989173 seconds
[766.021s][info ][safepoint    ] Entering safepoint region: GenCollectForAllocation
[766.021s][info ][gc,start     ] GC(304) Pause Young (Allocation Failure)
[766.021s][info ][gc,task      ] GC(304) Using 4 workers of 4 for evacuation
[766.024s][debug][gc,ref       ] GC(304) Skipped phase1 of Reference Processing due to unavailable references
[766.024s][debug][gc,ref       ] GC(304) Skipped phase2 of Reference Processing due to unavailable references
[766.024s][debug][gc,ref       ] GC(304) Skipped phase3 of Reference Processing due to unavailable references
[766.024s][debug][gc,ref       ] GC(304) Skipped phase4 of Reference Processing due to unavailable references
[766.024s][debug][gc,age       ] GC(304) Desired survivor size 15368192 bytes, new threshold 6 (max threshold 6)
[766.024s][info ][gc,heap      ] GC(304) ParNew: 246028K->5874K(270336K)
[766.024s][info ][gc,heap      ] GC(304) CMS: 271670K->271701K(600768K)
[766.024s][info ][gc,metaspace ] GC(304) Metaspace: 56916K->56916K(1101824K)
[766.024s][info ][gc           ] GC(304) Pause Young (Allocation Failure) 505M->271M(850M) 3.423ms
[766.024s][info ][gc,cpu       ] GC(304) User=0.01s Sys=0.00s Real=0.00s
[766.024s][info ][safepoint    ] Leaving safepoint region
[766.024s][info ][safepoint    ] Total time for which application threads were stopped: 0.0035691 seconds, Stopping threads took: 0.0000162 seconds
[769.772s][info ][safepoint    ] Application time: 3.7480265 seconds
[769.772s][info ][safepoint    ] Entering safepoint region: GenCollectForAllocation
[769.773s][info ][gc,start     ] GC(305) Pause Young (Allocation Failure)
[769.773s][info ][gc,task      ] GC(305) Using 4 workers of 4 for evacuation
[769.776s][debug][gc,ref       ] GC(305) Skipped phase1 of Reference Processing due to unavailable references
[769.776s][debug][gc,ref       ] GC(305) Skipped phase2 of Reference Processing due to unavailable references
[769.776s][debug][gc,ref       ] GC(305) Skipped phase3 of Reference Processing due to unavailable references
[769.776s][debug][gc,ref       ] GC(305) Skipped phase4 of Reference Processing due to unavailable references
[769.776s][debug][gc,age       ] GC(305) Desired survivor size 15368192 bytes, new threshold 6 (max threshold 6)
[769.776s][info ][gc,heap      ] GC(305) ParNew: 246194K->7357K(270336K)
[769.776s][info ][gc,heap      ] GC(305) CMS: 271701K->271807K(600768K)
[769.776s][info ][gc,metaspace ] GC(305) Metaspace: 56916K->56916K(1101824K)
[769.776s][info ][gc           ] GC(305) Pause Young (Allocation Failure) 505M->272M(850M) 3.724ms
[769.776s][info ][gc,cpu       ] GC(305) User=0.02s Sys=0.00s Real=0.01s
[769.776s][info ][safepoint    ] Leaving safepoint region
[769.776s][info ][safepoint    ] Total time for which application threads were stopped: 0.0038847 seconds, Stopping threads took: 0.0000285 seconds
[771.777s][info ][safepoint    ] Application time: 2.0001690 seconds
[771.777s][info ][safepoint    ] Entering safepoint region: Cleanup
[771.777s][info ][safepoint    ] Leaving safepoint region
[771.777s][info ][safepoint    ] Total time for which application threads were stopped: 0.0000784 seconds, Stopping threads took: 0.0000161 seconds
[772.777s][info ][safepoint    ] Application time: 1.0000945 seconds
[772.777s][info ][safepoint    ] Entering safepoint region: Cleanup
[772.777s][info ][safepoint    ] Leaving safepoint region
[772.777s][info ][safepoint    ] Total time for which application threads were stopped: 0.0000806 seconds, Stopping threads took: 0.0000167 seconds
[773.565s][info ][safepoint    ] Application time: 0.7881953 seconds
[773.565s][info ][safepoint    ] Entering safepoint region: GenCollectForAllocation
[773.565s][info ][gc,start     ] GC(306) Pause Young (Allocation Failure)
[773.565s][info ][gc,task      ] GC(306) Using 4 workers of 4 for evacuation
[773.569s][debug][gc,ref       ] GC(306) Skipped phase1 of Reference Processing due to unavailable references
[773.569s][debug][gc,ref       ] GC(306) Skipped phase2 of Reference Processing due to unavailable references
[773.569s][debug][gc,ref       ] GC(306) Skipped phase3 of Reference Processing due to unavailable references
[773.569s][debug][gc,ref       ] GC(306) Skipped phase4 of Reference Processing due to unavailable references
[773.569s][debug][gc,age       ] GC(306) Desired survivor size 15368192 bytes, new threshold 6 (max threshold 6)
[773.569s][info ][gc,heap      ] GC(306) ParNew: 247677K->5321K(270336K)
[773.569s][info ][gc,heap      ] GC(306) CMS: 271807K->271924K(600768K)
[773.569s][info ][gc,metaspace ] GC(306) Metaspace: 56916K->56916K(1101824K)
[773.569s][info ][gc           ] GC(306) Pause Young (Allocation Failure) 507M->270M(850M) 3.724ms
[773.569s][info ][gc,cpu       ] GC(306) User=0.02s Sys=0.00s Real=0.01s
[773.569s][info ][safepoint    ] Leaving safepoint region
[773.569s][info ][safepoint    ] Total time for which application threads were stopped: 0.0038628 seconds, Stopping threads took: 0.0000169 seconds
[777.171s][info ][safepoint    ] Application time: 3.6017649 seconds
[777.171s][info ][safepoint    ] Entering safepoint region: GenCollectForAllocation
[777.171s][info ][gc,start     ] GC(307) Pause Young (Allocation Failure)
[777.171s][info ][gc,task      ] GC(307) Using 4 workers of 4 for evacuation
[777.180s][debug][gc,ref       ] GC(307) Skipped phase1 of Reference Processing due to unavailable references
[777.180s][debug][gc,ref       ] GC(307) Skipped phase2 of Reference Processing due to unavailable references
[777.180s][debug][gc,ref       ] GC(307) Skipped phase3 of Reference Processing due to unavailable references
[777.180s][debug][gc,ref       ] GC(307) Skipped phase4 of Reference Processing due to unavailable references
[777.180s][debug][gc,age       ] GC(307) Desired survivor size 15368192 bytes, new threshold 6 (max threshold 6)
[777.180s][info ][gc,heap      ] GC(307) ParNew: 245641K->3875K(270336K)
[777.180s][info ][gc,heap      ] GC(307) CMS: 271924K->275469K(600768K)
[777.180s][info ][gc,metaspace ] GC(307) Metaspace: 56917K->56917K(1101824K)
[777.180s][info ][gc           ] GC(307) Pause Young (Allocation Failure) 505M->272M(850M) 9.627ms
[777.180s][info ][gc,cpu       ] GC(307) User=0.02s Sys=0.01s Real=0.01s
[777.181s][info ][safepoint    ] Leaving safepoint region
[777.181s][info ][safepoint    ] Total time for which application threads were stopped: 0.0097901 seconds, Stopping threads took: 0.0000155 seconds
[778.188s][info ][safepoint    ] Application time: 1.0076591 seconds
[778.188s][info ][safepoint    ] Entering safepoint region: Cleanup
[778.188s][info ][safepoint    ] Leaving safepoint region
[778.188s][info ][safepoint    ] Total time for which application threads were stopped: 0.0000886 seconds, Stopping threads took: 0.0000150 seconds
[779.188s][info ][safepoint    ] Application time: 1.0001522 seconds
[779.189s][info ][safepoint    ] Entering safepoint region: Cleanup
[779.189s][info ][safepoint    ] Leaving safepoint region
[779.189s][info ][safepoint    ] Total time for which application threads were stopped: 0.0000829 seconds, Stopping threads took: 0.0000200 seconds
[780.189s][info ][safepoint    ] Application time: 1.0001039 seconds
[780.189s][info ][safepoint    ] Entering safepoint region: Cleanup
[780.189s][info ][safepoint    ] Leaving safepoint region
[780.189s][info ][safepoint    ] Total time for which application threads were stopped: 0.0000776 seconds, Stopping threads took: 0.0000171 seconds
[780.971s][info ][safepoint    ] Application time: 0.7817092 seconds
[780.971s][info ][safepoint    ] Entering safepoint region: GenCollectForAllocation
[780.971s][info ][gc,start     ] GC(308) Pause Young (Allocation Failure)
[780.971s][info ][gc,task      ] GC(308) Using 4 workers of 4 for evacuation
[780.973s][debug][gc,ref       ] GC(308) Skipped phase1 of Reference Processing due to unavailable references
[780.973s][debug][gc,ref       ] GC(308) Skipped phase2 of Reference Processing due to unavailable references
[780.973s][debug][gc,ref       ] GC(308) Skipped phase3 of Reference Processing due to unavailable references
[780.973s][debug][gc,ref       ] GC(308) Skipped phase4 of Reference Processing due to unavailable references
[780.973s][debug][gc,age       ] GC(308) Desired survivor size 15368192 bytes, new threshold 6 (max threshold 6)
[780.973s][info ][gc,heap      ] GC(308) ParNew: 244195K->1574K(270336K)
[780.973s][info ][gc,heap      ] GC(308) CMS: 275469K->275503K(600768K)
[780.973s][info ][gc,metaspace ] GC(308) Metaspace: 56917K->56917K(1101824K)
[780.973s][info ][gc           ] GC(308) Pause Young (Allocation Failure) 507M->270M(850M) 2.581ms
[780.973s][info ][gc,cpu       ] GC(308) User=0.01s Sys=0.00s Real=0.00s
[780.973s][info ][safepoint    ] Leaving safepoint region
[780.973s][info ][safepoint    ] Total time for which application threads were stopped: 0.0027365 seconds, Stopping threads took: 0.0000146 seconds
[784.865s][info ][safepoint    ] Application time: 3.8919697 seconds
[784.865s][info ][safepoint    ] Entering safepoint region: GenCollectForAllocation
[784.866s][info ][gc,start     ] GC(309) Pause Young (Allocation Failure)
[784.866s][info ][gc,task      ] GC(309) Using 4 workers of 4 for evacuation
[784.868s][debug][gc,ref       ] GC(309) Skipped phase1 of Reference Processing due to unavailable references
[784.868s][debug][gc,ref       ] GC(309) Skipped phase2 of Reference Processing due to unavailable references
[784.868s][debug][gc,ref       ] GC(309) Skipped phase3 of Reference Processing due to unavailable references
[784.868s][debug][gc,ref       ] GC(309) Skipped phase4 of Reference Processing due to unavailable references
[784.868s][debug][gc,age       ] GC(309) Desired survivor size 15368192 bytes, new threshold 6 (max threshold 6)
[784.868s][info ][gc,heap      ] GC(309) ParNew: 241894K->1306K(270336K)
[784.868s][info ][gc,heap      ] GC(309) CMS: 275503K->275622K(600768K)
[784.868s][info ][gc,metaspace ] GC(309) Metaspace: 56920K->56920K(1101824K)
[784.868s][info ][gc           ] GC(309) Pause Young (Allocation Failure) 505M->270M(850M) 2.604ms
[784.868s][info ][gc,cpu       ] GC(309) User=0.01s Sys=0.00s Real=0.01s
[784.868s][info ][safepoint    ] Leaving safepoint region
[784.868s][info ][safepoint    ] Total time for which application threads were stopped: 0.0028279 seconds, Stopping threads took: 0.0000730 seconds
[788.667s][info ][safepoint    ] Application time: 3.7983206 seconds
[788.667s][info ][safepoint    ] Entering safepoint region: GenCollectForAllocation
[788.667s][info ][gc,start     ] GC(310) Pause Young (Allocation Failure)
[788.667s][info ][gc,task      ] GC(310) Using 4 workers of 4 for evacuation
[788.669s][debug][gc,ref       ] GC(310) Skipped phase1 of Reference Processing due to unavailable references
[788.669s][debug][gc,ref       ] GC(310) Skipped phase2 of Reference Processing due to unavailable references
[788.669s][debug][gc,ref       ] GC(310) Skipped phase3 of Reference Processing due to unavailable references
[788.669s][debug][gc,ref       ] GC(310) Skipped phase4 of Reference Processing due to unavailable references
[788.669s][debug][gc,age       ] GC(310) Desired survivor size 15368192 bytes, new threshold 6 (max threshold 6)
[788.669s][info ][gc,heap      ] GC(310) ParNew: 241626K->1047K(270336K)
[788.669s][info ][gc,heap      ] GC(310) CMS: 275622K->275820K(600768K)
[788.669s][info ][gc,metaspace ] GC(310) Metaspace: 56923K->56923K(1101824K)
[788.669s][info ][gc           ] GC(310) Pause Young (Allocation Failure) 505M->270M(850M) 2.695ms
[788.669s][info ][gc,cpu       ] GC(310) User=0.01s Sys=0.00s Real=0.00s
[788.669s][info ][safepoint    ] Leaving safepoint region
[788.669s][info ][safepoint    ] Total time for which application threads were stopped: 0.0028434 seconds, Stopping threads took: 0.0000152 seconds
[789.670s][info ][safepoint    ] Application time: 1.0001032 seconds
[789.670s][info ][safepoint    ] Entering safepoint region: Cleanup
[789.670s][info ][safepoint    ] Leaving safepoint region
[789.670s][info ][safepoint    ] Total time for which application threads were stopped: 0.0001473 seconds, Stopping threads took: 0.0000768 seconds
[790.670s][info ][safepoint    ] Application time: 1.0002350 seconds
[790.670s][info ][safepoint    ] Entering safepoint region: Cleanup
[790.670s][info ][safepoint    ] Leaving safepoint region
[790.670s][info ][safepoint    ] Total time for which application threads were stopped: 0.0001034 seconds, Stopping threads took: 0.0000379 seconds
[792.421s][info ][safepoint    ] Application time: 1.7513365 seconds
[792.422s][info ][safepoint    ] Entering safepoint region: GenCollectForAllocation
[792.422s][info ][gc,start     ] GC(311) Pause Young (Allocation Failure)
[792.422s][info ][gc,task      ] GC(311) Using 4 workers of 4 for evacuation
[792.424s][debug][gc,ref       ] GC(311) Skipped phase1 of Reference Processing due to unavailable references
[792.424s][debug][gc,ref       ] GC(311) Skipped phase2 of Reference Processing due to unavailable references
[792.424s][debug][gc,ref       ] GC(311) Skipped phase3 of Reference Processing due to unavailable references
[792.424s][debug][gc,ref       ] GC(311) Skipped phase4 of Reference Processing due to unavailable references
[792.424s][debug][gc,age       ] GC(311) Desired survivor size 15368192 bytes, new threshold 6 (max threshold 6)
[792.424s][info ][gc,heap      ] GC(311) ParNew: 241367K->1169K(270336K)
[792.424s][info ][gc,heap      ] GC(311) CMS: 275820K->275915K(600768K)
[792.424s][info ][gc,metaspace ] GC(311) Metaspace: 56923K->56923K(1101824K)
[792.425s][info ][gc           ] GC(311) Pause Young (Allocation Failure) 505M->270M(850M) 2.866ms
[792.425s][info ][gc,cpu       ] GC(311) User=0.01s Sys=0.00s Real=0.00s
[792.425s][info ][safepoint    ] Leaving safepoint region
[792.425s][info ][safepoint    ] Total time for which application threads were stopped: 0.0031081 seconds, Stopping threads took: 0.0000285 seconds
[793.425s][info ][safepoint    ] Application time: 1.0001146 seconds
[793.425s][info ][safepoint    ] Entering safepoint region: Cleanup
[793.425s][info ][safepoint    ] Leaving safepoint region
[793.425s][info ][safepoint    ] Total time for which application threads were stopped: 0.0001142 seconds, Stopping threads took: 0.0000529 seconds
[794.425s][info ][safepoint    ] Application time: 1.0001077 seconds
[794.425s][info ][safepoint    ] Entering safepoint region: Cleanup
[794.425s][info ][safepoint    ] Leaving safepoint region
[794.425s][info ][safepoint    ] Total time for which application threads were stopped: 0.0002180 seconds, Stopping threads took: 0.0001108 seconds
[796.073s][info ][safepoint    ] Application time: 1.6473199 seconds
[796.073s][info ][safepoint    ] Entering safepoint region: GenCollectForAllocation
[796.073s][info ][gc,start     ] GC(312) Pause Young (Allocation Failure)
[796.073s][info ][gc,task      ] GC(312) Using 4 workers of 4 for evacuation
[796.075s][debug][gc,ref       ] GC(312) Skipped phase1 of Reference Processing due to unavailable references
[796.075s][debug][gc,ref       ] GC(312) Skipped phase3 of Reference Processing due to unavailable references
[796.075s][debug][gc,age       ] GC(312) Desired survivor size 15368192 bytes, new threshold 6 (max threshold 6)
[796.075s][info ][gc,heap      ] GC(312) ParNew: 241489K->1203K(270336K)
[796.075s][info ][gc,heap      ] GC(312) CMS: 275915K->276048K(600768K)
[796.076s][info ][gc,metaspace ] GC(312) Metaspace: 56956K->56956K(1101824K)
[796.076s][info ][gc           ] GC(312) Pause Young (Allocation Failure) 505M->270M(850M) 2.777ms
[796.076s][info ][gc,cpu       ] GC(312) User=0.01s Sys=0.00s Real=0.01s
[796.076s][info ][safepoint    ] Leaving safepoint region
[796.076s][info ][safepoint    ] Total time for which application threads were stopped: 0.0029288 seconds, Stopping threads took: 0.0000140 seconds
[799.919s][info ][safepoint    ] Application time: 3.8434860 seconds
[799.919s][info ][safepoint    ] Entering safepoint region: GenCollectForAllocation
[799.919s][info ][gc,start     ] GC(313) Pause Young (Allocation Failure)
[799.919s][info ][gc,task      ] GC(313) Using 4 workers of 4 for evacuation
[799.922s][debug][gc,ref       ] GC(313) Skipped phase1 of Reference Processing due to unavailable references
[799.922s][debug][gc,ref       ] GC(313) Skipped phase3 of Reference Processing due to unavailable references
[799.922s][debug][gc,ref       ] GC(313) Skipped phase4 of Reference Processing due to unavailable references
[799.922s][debug][gc,age       ] GC(313) Desired survivor size 15368192 bytes, new threshold 6 (max threshold 6)
[799.922s][info ][gc,heap      ] GC(313) ParNew: 241523K->1321K(270336K)
[799.922s][info ][gc,heap      ] GC(313) CMS: 276048K->276211K(600768K)
[799.922s][info ][gc,metaspace ] GC(313) Metaspace: 56956K->56956K(1101824K)
[799.922s][info ][gc           ] GC(313) Pause Young (Allocation Failure) 505M->271M(850M) 2.980ms
[799.922s][info ][gc,cpu       ] GC(313) User=0.02s Sys=0.00s Real=0.00s
[799.922s][info ][safepoint    ] Leaving safepoint region
[799.922s][info ][safepoint    ] Total time for which application threads were stopped: 0.0031577 seconds, Stopping threads took: 0.0000318 seconds
[801.924s][info ][safepoint    ] Application time: 2.0018400 seconds
[801.924s][info ][safepoint    ] Entering safepoint region: Cleanup
[801.924s][info ][safepoint    ] Leaving safepoint region
[801.924s][info ][safepoint    ] Total time for which application threads were stopped: 0.0000766 seconds, Stopping threads took: 0.0000159 seconds
[802.924s][info ][safepoint    ] Application time: 1.0000829 seconds
[802.924s][info ][safepoint    ] Entering safepoint region: Cleanup
[802.924s][info ][safepoint    ] Leaving safepoint region
[802.924s][info ][safepoint    ] Total time for which application threads were stopped: 0.0000726 seconds, Stopping threads took: 0.0000154 seconds
[803.821s][info ][safepoint    ] Application time: 0.8967844 seconds
[803.821s][info ][safepoint    ] Entering safepoint region: GenCollectForAllocation
[803.821s][info ][gc,start     ] GC(314) Pause Young (Allocation Failure)
[803.821s][info ][gc,task      ] GC(314) Using 4 workers of 4 for evacuation
[803.824s][debug][gc,ref       ] GC(314) Skipped phase1 of Reference Processing due to unavailable references
[803.824s][debug][gc,ref       ] GC(314) Skipped phase3 of Reference Processing due to unavailable references
[803.824s][debug][gc,ref       ] GC(314) Skipped phase4 of Reference Processing due to unavailable references
[803.824s][debug][gc,age       ] GC(314) Desired survivor size 15368192 bytes, new threshold 6 (max threshold 6)
[803.824s][info ][gc,heap      ] GC(314) ParNew: 241641K->1399K(270336K)
[803.824s][info ][gc,heap      ] GC(314) CMS: 276211K->276436K(600768K)
[803.824s][info ][gc,metaspace ] GC(314) Metaspace: 56957K->56957K(1101824K)
[803.824s][info ][gc           ] GC(314) Pause Young (Allocation Failure) 505M->271M(850M) 2.527ms
[803.824s][info ][gc,cpu       ] GC(314) User=0.01s Sys=0.00s Real=0.00s
[803.824s][info ][safepoint    ] Leaving safepoint region
[803.824s][info ][safepoint    ] Total time for which application threads were stopped: 0.0026727 seconds, Stopping threads took: 0.0000154 seconds
[804.824s][info ][safepoint    ] Application time: 1.0001907 seconds
[804.824s][info ][safepoint    ] Entering safepoint region: Cleanup
[804.824s][info ][safepoint    ] Leaving safepoint region
[804.824s][info ][safepoint    ] Total time for which application threads were stopped: 0.0000722 seconds, Stopping threads took: 0.0000155 seconds
[806.824s][info ][safepoint    ] Application time: 2.0001788 seconds
[806.824s][info ][safepoint    ] Entering safepoint region: Cleanup
[806.825s][info ][safepoint    ] Leaving safepoint region
[806.825s][info ][safepoint    ] Total time for which application threads were stopped: 0.0001388 seconds, Stopping threads took: 0.0000659 seconds
[807.671s][info ][safepoint    ] Application time: 0.8462210 seconds
[807.671s][info ][safepoint    ] Entering safepoint region: GenCollectForAllocation
[807.671s][info ][gc,start     ] GC(315) Pause Young (Allocation Failure)
[807.671s][info ][gc,task      ] GC(315) Using 4 workers of 4 for evacuation
[807.674s][debug][gc,ref       ] GC(315) Skipped phase1 of Reference Processing due to unavailable references
[807.674s][debug][gc,ref       ] GC(315) Skipped phase3 of Reference Processing due to unavailable references
[807.674s][debug][gc,ref       ] GC(315) Skipped phase4 of Reference Processing due to unavailable references
[807.674s][debug][gc,age       ] GC(315) Desired survivor size 15368192 bytes, new threshold 6 (max threshold 6)
[807.674s][info ][gc,heap      ] GC(315) ParNew: 241719K->1468K(270336K)
[807.674s][info ][gc,heap      ] GC(315) CMS: 276436K->276488K(600768K)
[807.674s][info ][gc,metaspace ] GC(315) Metaspace: 56957K->56957K(1101824K)
[807.674s][info ][gc           ] GC(315) Pause Young (Allocation Failure) 506M->271M(850M) 2.881ms
[807.674s][info ][gc,cpu       ] GC(315) User=0.00s Sys=0.00s Real=0.00s
[807.674s][info ][safepoint    ] Leaving safepoint region
[807.674s][info ][safepoint    ] Total time for which application threads were stopped: 0.0030285 seconds, Stopping threads took: 0.0000148 seconds
[809.674s][info ][safepoint    ] Application time: 2.0001859 seconds
[809.674s][info ][safepoint    ] Entering safepoint region: Cleanup
[809.674s][info ][safepoint    ] Leaving safepoint region
[809.674s][info ][safepoint    ] Total time for which application threads were stopped: 0.0001414 seconds, Stopping threads took: 0.0000658 seconds
[810.674s][info ][safepoint    ] Application time: 1.0000949 seconds
[810.674s][info ][safepoint    ] Entering safepoint region: Cleanup
[810.674s][info ][safepoint    ] Leaving safepoint region
[810.674s][info ][safepoint    ] Total time for which application threads were stopped: 0.0000714 seconds, Stopping threads took: 0.0000139 seconds
[811.566s][info ][safepoint    ] Application time: 0.8917931 seconds
[811.566s][info ][safepoint    ] Entering safepoint region: GenCollectForAllocation
[811.566s][info ][gc,start     ] GC(316) Pause Young (Allocation Failure)
[811.566s][info ][gc,task      ] GC(316) Using 4 workers of 4 for evacuation
[811.569s][debug][gc,ref       ] GC(316) Skipped phase1 of Reference Processing due to unavailable references
[811.569s][debug][gc,ref       ] GC(316) Skipped phase3 of Reference Processing due to unavailable references
[811.569s][debug][gc,ref       ] GC(316) Skipped phase4 of Reference Processing due to unavailable references
[811.569s][debug][gc,age       ] GC(316) Desired survivor size 15368192 bytes, new threshold 6 (max threshold 6)
[811.569s][info ][gc,heap      ] GC(316) ParNew: 241788K->1377K(270336K)
[811.569s][info ][gc,heap      ] GC(316) CMS: 276488K->276599K(600768K)
[811.569s][info ][gc,metaspace ] GC(316) Metaspace: 56957K->56957K(1101824K)
[811.569s][info ][gc           ] GC(316) Pause Young (Allocation Failure) 506M->271M(850M) 2.717ms
[811.569s][info ][gc,cpu       ] GC(316) User=0.01s Sys=0.00s Real=0.00s
[811.569s][info ][safepoint    ] Leaving safepoint region
[811.569s][info ][safepoint    ] Total time for which application threads were stopped: 0.0028683 seconds, Stopping threads took: 0.0000149 seconds
[814.569s][info ][safepoint    ] Application time: 3.0002414 seconds
[814.569s][info ][safepoint    ] Entering safepoint region: Cleanup
[814.570s][info ][safepoint    ] Leaving safepoint region
[814.570s][info ][safepoint    ] Total time for which application threads were stopped: 0.0001212 seconds, Stopping threads took: 0.0000544 seconds
[815.514s][info ][safepoint    ] Application time: 0.9447188 seconds
[815.514s][info ][safepoint    ] Entering safepoint region: GenCollectForAllocation
[815.514s][info ][gc,start     ] GC(317) Pause Young (Allocation Failure)
[815.514s][info ][gc,task      ] GC(317) Using 4 workers of 4 for evacuation
[815.517s][debug][gc,ref       ] GC(317) Skipped phase1 of Reference Processing due to unavailable references
[815.517s][debug][gc,ref       ] GC(317) Skipped phase3 of Reference Processing due to unavailable references
[815.517s][debug][gc,ref       ] GC(317) Skipped phase4 of Reference Processing due to unavailable references
[815.517s][debug][gc,age       ] GC(317) Desired survivor size 15368192 bytes, new threshold 6 (max threshold 6)
[815.517s][info ][gc,heap      ] GC(317) ParNew: 241697K->1123K(270336K)
[815.517s][info ][gc,heap      ] GC(317) CMS: 276599K->276756K(600768K)
[815.517s][info ][gc,metaspace ] GC(317) Metaspace: 56957K->56957K(1101824K)
[815.517s][info ][gc           ] GC(317) Pause Young (Allocation Failure) 506M->271M(850M) 2.759ms
[815.517s][info ][gc,cpu       ] GC(317) User=0.01s Sys=0.00s Real=0.00s
[815.517s][info ][safepoint    ] Leaving safepoint region
[815.517s][info ][safepoint    ] Total time for which application threads were stopped: 0.0029078 seconds, Stopping threads took: 0.0000263 seconds
[816.517s][info ][safepoint    ] Application time: 1.0000973 seconds
[816.517s][info ][safepoint    ] Entering safepoint region: Cleanup
[816.517s][info ][safepoint    ] Leaving safepoint region
[816.517s][info ][safepoint    ] Total time for which application threads were stopped: 0.0001464 seconds, Stopping threads took: 0.0000770 seconds
[819.516s][info ][safepoint    ] Application time: 2.9987536 seconds
[819.516s][info ][safepoint    ] Entering safepoint region: GenCollectForAllocation
[819.516s][info ][gc,start     ] GC(318) Pause Young (Allocation Failure)
[819.516s][info ][gc,task      ] GC(318) Using 4 workers of 4 for evacuation
[819.519s][debug][gc,ref       ] GC(318) Skipped phase1 of Reference Processing due to unavailable references
[819.519s][debug][gc,ref       ] GC(318) Skipped phase3 of Reference Processing due to unavailable references
[819.519s][debug][gc,ref       ] GC(318) Skipped phase4 of Reference Processing due to unavailable references
[819.519s][debug][gc,age       ] GC(318) Desired survivor size 15368192 bytes, new threshold 6 (max threshold 6)
[819.519s][info ][gc,heap      ] GC(318) ParNew: 241443K->978K(270336K)
[819.519s][info ][gc,heap      ] GC(318) CMS: 276756K->276937K(600768K)
[819.519s][info ][gc,metaspace ] GC(318) Metaspace: 56957K->56957K(1101824K)
[819.519s][info ][gc           ] GC(318) Pause Young (Allocation Failure) 506M->271M(850M) 3.060ms
[819.519s][info ][gc,cpu       ] GC(318) User=0.01s Sys=0.01s Real=0.00s
[819.519s][info ][safepoint    ] Leaving safepoint region
[819.520s][info ][safepoint    ] Total time for which application threads were stopped: 0.0032142 seconds, Stopping threads took: 0.0000147 seconds
[821.520s][info ][safepoint    ] Application time: 2.0001768 seconds
[821.520s][info ][safepoint    ] Entering safepoint region: Cleanup
[821.520s][info ][safepoint    ] Leaving safepoint region
[821.520s][info ][safepoint    ] Total time for which application threads were stopped: 0.0001091 seconds, Stopping threads took: 0.0000382 seconds
[822.520s][info ][safepoint    ] Application time: 1.0000587 seconds
[822.520s][info ][safepoint    ] Entering safepoint region: Cleanup
[822.520s][info ][safepoint    ] Leaving safepoint region
[822.520s][info ][safepoint    ] Total time for which application threads were stopped: 0.0001502 seconds, Stopping threads took: 0.0000769 seconds
[823.478s][info ][safepoint    ] Application time: 0.9574959 seconds
[823.478s][info ][safepoint    ] Entering safepoint region: GenCollectForAllocation
[823.478s][info ][gc,start     ] GC(319) Pause Young (Allocation Failure)
[823.478s][info ][gc,task      ] GC(319) Using 4 workers of 4 for evacuation
[823.480s][debug][gc,ref       ] GC(319) Skipped phase1 of Reference Processing due to unavailable references
[823.480s][debug][gc,ref       ] GC(319) Skipped phase3 of Reference Processing due to unavailable references
[823.480s][debug][gc,ref       ] GC(319) Skipped phase4 of Reference Processing due to unavailable references
[823.481s][debug][gc,age       ] GC(319) Desired survivor size 15368192 bytes, new threshold 6 (max threshold 6)
[823.481s][info ][gc,heap      ] GC(319) ParNew: 241298K->715K(270336K)
[823.481s][info ][gc,heap      ] GC(319) CMS: 276937K->277038K(600768K)
[823.481s][info ][gc,metaspace ] GC(319) Metaspace: 56957K->56957K(1101824K)
[823.481s][info ][gc           ] GC(319) Pause Young (Allocation Failure) 506M->271M(850M) 2.904ms
[823.481s][info ][gc,cpu       ] GC(319) User=0.01s Sys=0.01s Real=0.00s
[823.481s][info ][safepoint    ] Leaving safepoint region
[823.481s][info ][safepoint    ] Total time for which application threads were stopped: 0.0030649 seconds, Stopping threads took: 0.0000152 seconds
[824.481s][info ][safepoint    ] Application time: 1.0000745 seconds
[824.481s][info ][safepoint    ] Entering safepoint region: Cleanup
[824.481s][info ][safepoint    ] Leaving safepoint region
[824.481s][info ][safepoint    ] Total time for which application threads were stopped: 0.0000721 seconds, Stopping threads took: 0.0000163 seconds
[827.417s][info ][safepoint    ] Application time: 2.9365568 seconds
[827.417s][info ][safepoint    ] Entering safepoint region: GenCollectForAllocation
[827.418s][info ][gc,start     ] GC(320) Pause Young (Allocation Failure)
[827.418s][info ][gc,task      ] GC(320) Using 4 workers of 4 for evacuation
[827.420s][debug][gc,ref       ] GC(320) Skipped phase1 of Reference Processing due to unavailable references
[827.420s][debug][gc,ref       ] GC(320) Skipped phase3 of Reference Processing due to unavailable references
[827.420s][debug][gc,ref       ] GC(320) Skipped phase4 of Reference Processing due to unavailable references
[827.420s][debug][gc,age       ] GC(320) Desired survivor size 15368192 bytes, new threshold 6 (max threshold 6)
[827.420s][info ][gc,heap      ] GC(320) ParNew: 241035K->817K(270336K)
[827.420s][info ][gc,heap      ] GC(320) CMS: 277038K->277275K(600768K)
[827.420s][info ][gc,metaspace ] GC(320) Metaspace: 56957K->56957K(1101824K)
[827.420s][info ][gc           ] GC(320) Pause Young (Allocation Failure) 505M->271M(850M) 2.680ms
[827.420s][info ][gc,cpu       ] GC(320) User=0.01s Sys=0.00s Real=0.00s
[827.420s][info ][safepoint    ] Leaving safepoint region
[827.420s][info ][safepoint    ] Total time for which application threads were stopped: 0.0029065 seconds, Stopping threads took: 0.0000155 seconds
[831.320s][info ][safepoint    ] Application time: 3.8993357 seconds
[831.320s][info ][safepoint    ] Entering safepoint region: GenCollectForAllocation
[831.320s][info ][gc,start     ] GC(321) Pause Young (Allocation Failure)
[831.320s][info ][gc,task      ] GC(321) Using 4 workers of 4 for evacuation
[831.322s][debug][gc,ref       ] GC(321) Skipped phase1 of Reference Processing due to unavailable references
[831.322s][debug][gc,ref       ] GC(321) Skipped phase3 of Reference Processing due to unavailable references
[831.322s][debug][gc,ref       ] GC(321) Skipped phase4 of Reference Processing due to unavailable references
[831.322s][debug][gc,age       ] GC(321) Desired survivor size 15368192 bytes, new threshold 6 (max threshold 6)
[831.322s][info ][gc,heap      ] GC(321) ParNew: 241137K->787K(270336K)
[831.322s][info ][gc,heap      ] GC(321) CMS: 277275K->277396K(600768K)
[831.322s][info ][gc,metaspace ] GC(321) Metaspace: 56957K->56957K(1101824K)
[831.322s][info ][gc           ] GC(321) Pause Young (Allocation Failure) 506M->271M(850M) 2.535ms
[831.322s][info ][gc,cpu       ] GC(321) User=0.01s Sys=0.00s Real=0.00s
[831.322s][info ][safepoint    ] Leaving safepoint region
[831.322s][info ][safepoint    ] Total time for which application threads were stopped: 0.0027011 seconds, Stopping threads took: 0.0000318 seconds
[833.323s][info ][safepoint    ] Application time: 2.0001430 seconds
[833.323s][info ][safepoint    ] Entering safepoint region: Cleanup
[833.323s][info ][safepoint    ] Leaving safepoint region
[833.323s][info ][safepoint    ] Total time for which application threads were stopped: 0.0001432 seconds, Stopping threads took: 0.0000777 seconds
[835.265s][info ][safepoint    ] Application time: 1.9426377 seconds
[835.265s][info ][safepoint    ] Entering safepoint region: GenCollectForAllocation
[835.266s][info ][gc,start     ] GC(322) Pause Young (Allocation Failure)
[835.266s][info ][gc,task      ] GC(322) Using 4 workers of 4 for evacuation
[835.268s][debug][gc,ref       ] GC(322) Skipped phase1 of Reference Processing due to unavailable references
[835.268s][debug][gc,ref       ] GC(322) Skipped phase2 of Reference Processing due to unavailable references
[835.268s][debug][gc,ref       ] GC(322) Skipped phase3 of Reference Processing due to unavailable references
[835.268s][debug][gc,ref       ] GC(322) Skipped phase4 of Reference Processing due to unavailable references
[835.268s][debug][gc,age       ] GC(322) Desired survivor size 15368192 bytes, new threshold 6 (max threshold 6)
[835.268s][info ][gc,heap      ] GC(322) ParNew: 241107K->605K(270336K)
[835.268s][info ][gc,heap      ] GC(322) CMS: 277396K->277471K(600768K)
[835.268s][info ][gc,metaspace ] GC(322) Metaspace: 56957K->56957K(1101824K)
[835.268s][info ][gc           ] GC(322) Pause Young (Allocation Failure) 506M->271M(850M) 2.550ms
[835.268s][info ][gc,cpu       ] GC(322) User=0.01s Sys=0.00s Real=0.01s
[835.268s][info ][safepoint    ] Leaving safepoint region
[835.268s][info ][safepoint    ] Total time for which application threads were stopped: 0.0027050 seconds, Stopping threads took: 0.0000148 seconds
[836.268s][info ][safepoint    ] Application time: 1.0000813 seconds
[836.268s][info ][safepoint    ] Entering safepoint region: Cleanup
[836.268s][info ][safepoint    ] Leaving safepoint region
[836.268s][info ][safepoint    ] Total time for which application threads were stopped: 0.0001654 seconds, Stopping threads took: 0.0000792 seconds
[837.269s][info ][safepoint    ] Application time: 1.0001048 seconds
[837.269s][info ][safepoint    ] Entering safepoint region: Cleanup
[837.269s][info ][safepoint    ] Leaving safepoint region
[837.269s][info ][safepoint    ] Total time for which application threads were stopped: 0.0001182 seconds, Stopping threads took: 0.0000478 seconds
[839.076s][info ][safepoint    ] Application time: 1.8071711 seconds
[839.076s][info ][safepoint    ] Entering safepoint region: GenCollectForAllocation
[839.076s][info ][gc,start     ] GC(323) Pause Young (Allocation Failure)
[839.076s][info ][gc,task      ] GC(323) Using 4 workers of 4 for evacuation
[839.081s][debug][gc,ref       ] GC(323) Skipped phase1 of Reference Processing due to unavailable references
[839.081s][debug][gc,ref       ] GC(323) Skipped phase2 of Reference Processing due to unavailable references
[839.081s][debug][gc,ref       ] GC(323) Skipped phase3 of Reference Processing due to unavailable references
[839.081s][debug][gc,ref       ] GC(323) Skipped phase4 of Reference Processing due to unavailable references
[839.081s][debug][gc,age       ] GC(323) Desired survivor size 15368192 bytes, new threshold 6 (max threshold 6)
[839.081s][info ][gc,heap      ] GC(323) ParNew: 240925K->995K(270336K)
[839.081s][info ][gc,heap      ] GC(323) CMS: 277471K->277473K(600768K)
[839.081s][info ][gc,metaspace ] GC(323) Metaspace: 56965K->56965K(1101824K)
[839.081s][info ][gc           ] GC(323) Pause Young (Allocation Failure) 506M->271M(850M) 5.053ms
[839.081s][info ][gc,cpu       ] GC(323) User=0.02s Sys=0.00s Real=0.00s
[839.081s][info ][safepoint    ] Leaving safepoint region
[839.081s][info ][safepoint    ] Total time for which application threads were stopped: 0.0052189 seconds, Stopping threads took: 0.0000149 seconds
[842.871s][info ][safepoint    ] Application time: 3.7895017 seconds
[842.871s][info ][safepoint    ] Entering safepoint region: GenCollectForAllocation
[842.871s][info ][gc,start     ] GC(324) Pause Young (Allocation Failure)
[842.871s][info ][gc,task      ] GC(324) Using 4 workers of 4 for evacuation
[842.873s][debug][gc,ref       ] GC(324) Skipped phase1 of Reference Processing due to unavailable references
[842.873s][debug][gc,ref       ] GC(324) Skipped phase2 of Reference Processing due to unavailable references
[842.873s][debug][gc,ref       ] GC(324) Skipped phase3 of Reference Processing due to unavailable references
[842.873s][debug][gc,ref       ] GC(324) Skipped phase4 of Reference Processing due to unavailable references
[842.873s][debug][gc,age       ] GC(324) Desired survivor size 15368192 bytes, new threshold 6 (max threshold 6)
[842.873s][info ][gc,heap      ] GC(324) ParNew: 241315K->963K(270336K)
[842.873s][info ][gc,heap      ] GC(324) CMS: 277473K->277476K(600768K)
[842.873s][info ][gc,metaspace ] GC(324) Metaspace: 56965K->56965K(1101824K)
[842.873s][info ][gc           ] GC(324) Pause Young (Allocation Failure) 506M->271M(850M) 2.594ms
[842.873s][info ][gc,cpu       ] GC(324) User=0.01s Sys=0.00s Real=0.00s
[842.873s][info ][safepoint    ] Leaving safepoint region
[842.873s][info ][safepoint    ] Total time for which application threads were stopped: 0.0027426 seconds, Stopping threads took: 0.0000142 seconds
[846.868s][info ][safepoint    ] Application time: 3.9948233 seconds
[846.868s][info ][safepoint    ] Entering safepoint region: GenCollectForAllocation
[846.868s][info ][gc,start     ] GC(325) Pause Young (Allocation Failure)
[846.868s][info ][gc,task      ] GC(325) Using 4 workers of 4 for evacuation
[846.872s][debug][gc,ref       ] GC(325) Skipped phase1 of Reference Processing due to unavailable references
[846.872s][debug][gc,ref       ] GC(325) Skipped phase2 of Reference Processing due to unavailable references
[846.872s][debug][gc,ref       ] GC(325) Skipped phase3 of Reference Processing due to unavailable references
[846.872s][debug][gc,ref       ] GC(325) Skipped phase4 of Reference Processing due to unavailable references
[846.872s][debug][gc,age       ] GC(325) Desired survivor size 15368192 bytes, new threshold 6 (max threshold 6)
[846.872s][info ][gc,heap      ] GC(325) ParNew: 241283K->1074K(270336K)
[846.872s][info ][gc,heap      ] GC(325) CMS: 277476K->277562K(600768K)
[846.872s][info ][gc,metaspace ] GC(325) Metaspace: 56966K->56966K(1101824K)
[846.872s][info ][gc           ] GC(325) Pause Young (Allocation Failure) 506M->272M(850M) 3.346ms
[846.872s][info ][gc,cpu       ] GC(325) User=0.01s Sys=0.00s Real=0.00s
[846.872s][info ][safepoint    ] Leaving safepoint region
[846.872s][info ][safepoint    ] Total time for which application threads were stopped: 0.0034975 seconds, Stopping threads took: 0.0000155 seconds
[848.872s][info ][safepoint    ] Application time: 2.0001777 seconds
[848.872s][info ][safepoint    ] Entering safepoint region: Cleanup
[848.872s][info ][safepoint    ] Leaving safepoint region
[848.872s][info ][safepoint    ] Total time for which application threads were stopped: 0.0001479 seconds, Stopping threads took: 0.0000815 seconds
[849.872s][info ][safepoint    ] Application time: 1.0000917 seconds
[849.872s][info ][safepoint    ] Entering safepoint region: Cleanup
[849.872s][info ][safepoint    ] Leaving safepoint region
[849.872s][info ][safepoint    ] Total time for which application threads were stopped: 0.0001892 seconds, Stopping threads took: 0.0000971 seconds
[850.472s][info ][safepoint    ] Application time: 0.5997646 seconds
[850.472s][info ][safepoint    ] Entering safepoint region: GenCollectForAllocation
[850.472s][info ][gc,start     ] GC(326) Pause Young (Allocation Failure)
[850.472s][info ][gc,task      ] GC(326) Using 4 workers of 4 for evacuation
[850.476s][debug][gc,ref       ] GC(326) Skipped phase1 of Reference Processing due to unavailable references
[850.476s][debug][gc,ref       ] GC(326) Skipped phase2 of Reference Processing due to unavailable references
[850.476s][debug][gc,ref       ] GC(326) Skipped phase3 of Reference Processing due to unavailable references
[850.476s][debug][gc,ref       ] GC(326) Skipped phase4 of Reference Processing due to unavailable references
[850.476s][debug][gc,age       ] GC(326) Desired survivor size 15368192 bytes, new threshold 6 (max threshold 6)
[850.476s][info ][gc,heap      ] GC(326) ParNew: 241394K->3569K(270336K)
[850.476s][info ][gc,heap      ] GC(326) CMS: 277562K->277722K(600768K)
[850.476s][info ][gc,metaspace ] GC(326) Metaspace: 56970K->56970K(1101824K)
[850.476s][info ][gc           ] GC(326) Pause Young (Allocation Failure) 506M->274M(850M) 3.965ms
[850.476s][info ][gc,cpu       ] GC(326) User=0.01s Sys=0.00s Real=0.01s
[850.476s][info ][safepoint    ] Leaving safepoint region
[850.476s][info ][safepoint    ] Total time for which application threads were stopped: 0.0041221 seconds, Stopping threads took: 0.0000150 seconds
[852.477s][info ][safepoint    ] Application time: 2.0002793 seconds
[852.477s][info ][safepoint    ] Entering safepoint region: Cleanup
[852.477s][info ][safepoint    ] Leaving safepoint region
[852.477s][info ][safepoint    ] Total time for which application threads were stopped: 0.0000751 seconds, Stopping threads took: 0.0000155 seconds
[854.223s][info ][safepoint    ] Application time: 1.7458613 seconds
[854.223s][info ][safepoint    ] Entering safepoint region: GenCollectForAllocation
[854.223s][info ][gc,start     ] GC(327) Pause Young (Allocation Failure)
[854.223s][info ][gc,task      ] GC(327) Using 4 workers of 4 for evacuation
[854.226s][debug][gc,ref       ] GC(327) Skipped phase1 of Reference Processing due to unavailable references
[854.226s][debug][gc,ref       ] GC(327) Skipped phase2 of Reference Processing due to unavailable references
[854.226s][debug][gc,ref       ] GC(327) Skipped phase3 of Reference Processing due to unavailable references
[854.226s][debug][gc,ref       ] GC(327) Skipped phase4 of Reference Processing due to unavailable references
[854.227s][debug][gc,age       ] GC(327) Desired survivor size 15368192 bytes, new threshold 6 (max threshold 6)
[854.227s][info ][gc,heap      ] GC(327) ParNew: 243889K->4508K(270336K)
[854.227s][info ][gc,heap      ] GC(327) CMS: 277722K->277778K(600768K)
[854.227s][info ][gc,metaspace ] GC(327) Metaspace: 56970K->56970K(1101824K)
[854.227s][info ][gc           ] GC(327) Pause Young (Allocation Failure) 509M->275M(850M) 3.703ms
[854.227s][info ][gc,cpu       ] GC(327) User=0.01s Sys=0.00s Real=0.01s
[854.227s][info ][safepoint    ] Leaving safepoint region
[854.227s][info ][safepoint    ] Total time for which application threads were stopped: 0.0038789 seconds, Stopping threads took: 0.0000153 seconds
[856.227s][info ][safepoint    ] Application time: 2.0001239 seconds
[856.227s][info ][safepoint    ] Entering safepoint region: Cleanup
[856.227s][info ][safepoint    ] Leaving safepoint region
[856.227s][info ][safepoint    ] Total time for which application threads were stopped: 0.0000890 seconds, Stopping threads took: 0.0000150 seconds
[858.023s][info ][safepoint    ] Application time: 1.7963828 seconds
[858.023s][info ][safepoint    ] Entering safepoint region: GenCollectForAllocation
[858.023s][info ][gc,start     ] GC(328) Pause Young (Allocation Failure)
[858.023s][info ][gc,task      ] GC(328) Using 4 workers of 4 for evacuation
[858.027s][debug][gc,ref       ] GC(328) Skipped phase1 of Reference Processing due to unavailable references
[858.027s][debug][gc,ref       ] GC(328) Skipped phase2 of Reference Processing due to unavailable references
[858.027s][debug][gc,ref       ] GC(328) Skipped phase3 of Reference Processing due to unavailable references
[858.027s][debug][gc,ref       ] GC(328) Skipped phase4 of Reference Processing due to unavailable references
[858.027s][debug][gc,age       ] GC(328) Desired survivor size 15368192 bytes, new threshold 6 (max threshold 6)
[858.027s][info ][gc,heap      ] GC(328) ParNew: 244828K->5092K(270336K)
[858.027s][info ][gc,heap      ] GC(328) CMS: 277778K->277828K(600768K)
[858.027s][info ][gc,metaspace ] GC(328) Metaspace: 56980K->56980K(1101824K)
[858.027s][info ][gc           ] GC(328) Pause Young (Allocation Failure) 510M->276M(850M) 3.455ms
[858.027s][info ][gc,cpu       ] GC(328) User=0.02s Sys=0.00s Real=0.01s
[858.027s][info ][safepoint    ] Leaving safepoint region
[858.027s][info ][safepoint    ] Total time for which application threads were stopped: 0.0036104 seconds, Stopping threads took: 0.0000144 seconds
[860.027s][info ][safepoint    ] Application time: 2.0001624 seconds
[860.027s][info ][safepoint    ] Entering safepoint region: Cleanup
[860.027s][info ][safepoint    ] Leaving safepoint region
[860.027s][info ][safepoint    ] Total time for which application threads were stopped: 0.0000958 seconds, Stopping threads took: 0.0000301 seconds
[861.636s][info ][safepoint    ] Application time: 1.6086699 seconds
[861.636s][info ][safepoint    ] Entering safepoint region: GenCollectForAllocation
[861.636s][info ][gc,start     ] GC(329) Pause Young (Allocation Failure)
[861.636s][info ][gc,task      ] GC(329) Using 4 workers of 4 for evacuation
[861.642s][debug][gc,ref       ] GC(329) Skipped phase1 of Reference Processing due to unavailable references
[861.642s][debug][gc,ref       ] GC(329) Skipped phase2 of Reference Processing due to unavailable references
[861.642s][debug][gc,ref       ] GC(329) Skipped phase3 of Reference Processing due to unavailable references
[861.642s][debug][gc,ref       ] GC(329) Skipped phase4 of Reference Processing due to unavailable references
[861.642s][debug][gc,age       ] GC(329) Desired survivor size 15368192 bytes, new threshold 6 (max threshold 6)
[861.642s][info ][gc,heap      ] GC(329) ParNew: 245412K->4244K(270336K)
[861.642s][info ][gc,heap      ] GC(329) CMS: 277828K->277970K(600768K)
[861.642s][info ][gc,metaspace ] GC(329) Metaspace: 56984K->56984K(1101824K)
[861.642s][info ][gc           ] GC(329) Pause Young (Allocation Failure) 510M->275M(850M) 5.854ms
[861.642s][info ][gc,cpu       ] GC(329) User=0.02s Sys=0.00s Real=0.00s
[861.642s][info ][safepoint    ] Leaving safepoint region
[861.642s][info ][safepoint    ] Total time for which application threads were stopped: 0.0060054 seconds, Stopping threads took: 0.0000164 seconds
[862.642s][info ][safepoint    ] Application time: 1.0001097 seconds
[862.642s][info ][safepoint    ] Entering safepoint region: Cleanup
[862.642s][info ][safepoint    ] Leaving safepoint region
[862.642s][info ][safepoint    ] Total time for which application threads were stopped: 0.0000862 seconds, Stopping threads took: 0.0000171 seconds
[864.646s][info ][safepoint    ] Application time: 2.0037780 seconds
[864.646s][info ][safepoint    ] Entering safepoint region: Cleanup
[864.646s][info ][safepoint    ] Leaving safepoint region
[864.646s][info ][safepoint    ] Total time for which application threads were stopped: 0.0000763 seconds, Stopping threads took: 0.0000163 seconds
[865.322s][info ][safepoint    ] Application time: 0.6756088 seconds
[865.322s][info ][safepoint    ] Entering safepoint region: GenCollectForAllocation
[865.322s][info ][gc,start     ] GC(330) Pause Young (Allocation Failure)
[865.322s][info ][gc,task      ] GC(330) Using 4 workers of 4 for evacuation
[865.325s][debug][gc,ref       ] GC(330) Skipped phase1 of Reference Processing due to unavailable references
[865.325s][debug][gc,ref       ] GC(330) Skipped phase2 of Reference Processing due to unavailable references
[865.325s][debug][gc,ref       ] GC(330) Skipped phase3 of Reference Processing due to unavailable references
[865.325s][debug][gc,ref       ] GC(330) Skipped phase4 of Reference Processing due to unavailable references
[865.325s][debug][gc,age       ] GC(330) Desired survivor size 15368192 bytes, new threshold 6 (max threshold 6)
[865.325s][info ][gc,heap      ] GC(330) ParNew: 244564K->4580K(270336K)
[865.325s][info ][gc,heap      ] GC(330) CMS: 277970K->277990K(600768K)
[865.325s][info ][gc,metaspace ] GC(330) Metaspace: 56984K->56984K(1101824K)
[865.325s][info ][gc           ] GC(330) Pause Young (Allocation Failure) 510M->275M(850M) 3.335ms
[865.325s][info ][gc,cpu       ] GC(330) User=0.00s Sys=0.00s Real=0.00s
[865.325s][info ][safepoint    ] Leaving safepoint region
[865.325s][info ][safepoint    ] Total time for which application threads were stopped: 0.0034746 seconds, Stopping threads took: 0.0000145 seconds
[866.325s][info ][safepoint    ] Application time: 1.0001097 seconds
[866.325s][info ][safepoint    ] Entering safepoint region: Cleanup
[866.325s][info ][safepoint    ] Leaving safepoint region
[866.325s][info ][safepoint    ] Total time for which application threads were stopped: 0.0000717 seconds, Stopping threads took: 0.0000168 seconds
[867.326s][info ][safepoint    ] Application time: 1.0001641 seconds
[867.326s][info ][safepoint    ] Entering safepoint region: Cleanup
[867.326s][info ][safepoint    ] Leaving safepoint region
[867.326s][info ][safepoint    ] Total time for which application threads were stopped: 0.0000761 seconds, Stopping threads took: 0.0000145 seconds
[868.326s][info ][safepoint    ] Application time: 1.0000930 seconds
[868.326s][info ][safepoint    ] Entering safepoint region: Cleanup
[868.326s][info ][safepoint    ] Leaving safepoint region
[868.326s][info ][safepoint    ] Total time for which application threads were stopped: 0.0000902 seconds, Stopping threads took: 0.0000168 seconds
[868.971s][info ][safepoint    ] Application time: 0.6454199 seconds
[868.971s][info ][safepoint    ] Entering safepoint region: GenCollectForAllocation
[868.972s][info ][gc,start     ] GC(331) Pause Young (Allocation Failure)
[868.972s][info ][gc,task      ] GC(331) Using 4 workers of 4 for evacuation
[868.975s][debug][gc,ref       ] GC(331) Skipped phase1 of Reference Processing due to unavailable references
[868.975s][debug][gc,ref       ] GC(331) Skipped phase3 of Reference Processing due to unavailable references
[868.975s][debug][gc,age       ] GC(331) Desired survivor size 15368192 bytes, new threshold 6 (max threshold 6)
[868.975s][info ][gc,heap      ] GC(331) ParNew: 244900K->5644K(270336K)
[868.975s][info ][gc,heap      ] GC(331) CMS: 277990K->278130K(600768K)
[868.975s][info ][gc,metaspace ] GC(331) Metaspace: 56989K->56989K(1101824K)
[868.975s][info ][gc           ] GC(331) Pause Young (Allocation Failure) 510M->277M(850M) 3.844ms
[868.975s][info ][gc,cpu       ] GC(331) User=0.02s Sys=0.00s Real=0.01s
[868.975s][info ][safepoint    ] Leaving safepoint region
[868.975s][info ][safepoint    ] Total time for which application threads were stopped: 0.0039932 seconds, Stopping threads took: 0.0000152 seconds
[869.975s][info ][safepoint    ] Application time: 1.0000668 seconds
[869.975s][info ][safepoint    ] Entering safepoint region: Cleanup
[869.976s][info ][safepoint    ] Leaving safepoint region
[869.976s][info ][safepoint    ] Total time for which application threads were stopped: 0.0000860 seconds, Stopping threads took: 0.0000139 seconds
[870.976s][info ][safepoint    ] Application time: 1.0001464 seconds
[870.976s][info ][safepoint    ] Entering safepoint region: Cleanup
[870.976s][info ][safepoint    ] Leaving safepoint region
[870.976s][info ][safepoint    ] Total time for which application threads were stopped: 0.0000681 seconds, Stopping threads took: 0.0000156 seconds
[871.976s][info ][safepoint    ] Application time: 1.0000992 seconds
[871.976s][info ][safepoint    ] Entering safepoint region: Cleanup
[871.976s][info ][safepoint    ] Leaving safepoint region
[871.976s][info ][safepoint    ] Total time for which application threads were stopped: 0.0000664 seconds, Stopping threads took: 0.0000149 seconds
[872.766s][info ][safepoint    ] Application time: 0.7897668 seconds
[872.766s][info ][safepoint    ] Entering safepoint region: GenCollectForAllocation
[872.766s][info ][gc,start     ] GC(332) Pause Young (Allocation Failure)
[872.766s][info ][gc,task      ] GC(332) Using 4 workers of 4 for evacuation
[872.772s][debug][gc,ref       ] GC(332) Skipped phase1 of Reference Processing due to unavailable references
[872.772s][debug][gc,ref       ] GC(332) Skipped phase3 of Reference Processing due to unavailable references
[872.772s][debug][gc,ref       ] GC(332) Skipped phase4 of Reference Processing due to unavailable references
[872.772s][debug][gc,age       ] GC(332) Desired survivor size 15368192 bytes, new threshold 6 (max threshold 6)
[872.772s][info ][gc,heap      ] GC(332) ParNew: 245964K->3829K(270336K)
[872.772s][info ][gc,heap      ] GC(332) CMS: 278130K->280438K(600768K)
[872.772s][info ][gc,metaspace ] GC(332) Metaspace: 56989K->56989K(1101824K)
[872.772s][info ][gc           ] GC(332) Pause Young (Allocation Failure) 511M->277M(850M) 6.265ms
[872.772s][info ][gc,cpu       ] GC(332) User=0.02s Sys=0.00s Real=0.00s
[872.772s][info ][safepoint    ] Leaving safepoint region
[872.772s][info ][safepoint    ] Total time for which application threads were stopped: 0.0064223 seconds, Stopping threads took: 0.0000265 seconds
[873.772s][info ][safepoint    ] Application time: 1.0001020 seconds
[873.772s][info ][safepoint    ] Entering safepoint region: Cleanup
[873.773s][info ][safepoint    ] Leaving safepoint region
[873.773s][info ][safepoint    ] Total time for which application threads were stopped: 0.0001131 seconds, Stopping threads took: 0.0000507 seconds
[874.773s][info ][safepoint    ] Application time: 1.0000997 seconds
[874.773s][info ][safepoint    ] Entering safepoint region: Cleanup
[874.773s][info ][safepoint    ] Leaving safepoint region
[874.773s][info ][safepoint    ] Total time for which application threads were stopped: 0.0001185 seconds, Stopping threads took: 0.0000522 seconds
[875.773s][info ][safepoint    ] Application time: 1.0000903 seconds
[875.773s][info ][safepoint    ] Entering safepoint region: Cleanup
[875.773s][info ][safepoint    ] Leaving safepoint region
[875.773s][info ][safepoint    ] Total time for which application threads were stopped: 0.0002333 seconds, Stopping threads took: 0.0001597 seconds
[876.667s][info ][safepoint    ] Application time: 0.8942384 seconds
[876.667s][info ][safepoint    ] Entering safepoint region: GenCollectForAllocation
[876.668s][info ][gc,start     ] GC(333) Pause Young (Allocation Failure)
[876.668s][info ][gc,task      ] GC(333) Using 4 workers of 4 for evacuation
[876.671s][debug][gc,ref       ] GC(333) Skipped phase1 of Reference Processing due to unavailable references
[876.671s][debug][gc,ref       ] GC(333) Skipped phase3 of Reference Processing due to unavailable references
[876.671s][debug][gc,ref       ] GC(333) Skipped phase4 of Reference Processing due to unavailable references
[876.671s][debug][gc,age       ] GC(333) Desired survivor size 15368192 bytes, new threshold 6 (max threshold 6)
[876.671s][info ][gc,heap      ] GC(333) ParNew: 244149K->1690K(270336K)
[876.671s][info ][gc,heap      ] GC(333) CMS: 280438K->280714K(600768K)
[876.671s][info ][gc,metaspace ] GC(333) Metaspace: 56989K->56989K(1101824K)
[876.671s][info ][gc           ] GC(333) Pause Young (Allocation Failure) 512M->275M(850M) 3.163ms
[876.671s][info ][gc,cpu       ] GC(333) User=0.01s Sys=0.00s Real=0.00s
[876.671s][info ][safepoint    ] Leaving safepoint region
[876.671s][info ][safepoint    ] Total time for which application threads were stopped: 0.0033389 seconds, Stopping threads took: 0.0000155 seconds
[877.671s][info ][safepoint    ] Application time: 1.0001038 seconds
[877.671s][info ][safepoint    ] Entering safepoint region: Cleanup
[877.671s][info ][safepoint    ] Leaving safepoint region
[877.671s][info ][safepoint    ] Total time for which application threads were stopped: 0.0001713 seconds, Stopping threads took: 0.0001010 seconds
[878.671s][info ][safepoint    ] Application time: 1.0000977 seconds
[878.671s][info ][safepoint    ] Entering safepoint region: Cleanup
[878.672s][info ][safepoint    ] Leaving safepoint region
[878.672s][info ][safepoint    ] Total time for which application threads were stopped: 0.0001566 seconds, Stopping threads took: 0.0000907 seconds
[879.672s][info ][safepoint    ] Application time: 1.0001003 seconds
[879.672s][info ][safepoint    ] Entering safepoint region: Cleanup
[879.672s][info ][safepoint    ] Leaving safepoint region
[879.672s][info ][safepoint    ] Total time for which application threads were stopped: 0.0001404 seconds, Stopping threads took: 0.0000704 seconds
[880.570s][info ][safepoint    ] Application time: 0.8980194 seconds
[880.570s][info ][safepoint    ] Entering safepoint region: GenCollectForAllocation
[880.570s][info ][gc,start     ] GC(334) Pause Young (Allocation Failure)
[880.570s][info ][gc,task      ] GC(334) Using 4 workers of 4 for evacuation
[880.573s][debug][gc,ref       ] GC(334) Skipped phase1 of Reference Processing due to unavailable references
[880.573s][debug][gc,ref       ] GC(334) Skipped phase3 of Reference Processing due to unavailable references
[880.573s][debug][gc,ref       ] GC(334) Skipped phase4 of Reference Processing due to unavailable references
[880.573s][debug][gc,age       ] GC(334) Desired survivor size 15368192 bytes, new threshold 6 (max threshold 6)
[880.573s][info ][gc,heap      ] GC(334) ParNew: 242010K->1368K(270336K)
[880.573s][info ][gc,heap      ] GC(334) CMS: 280714K->280852K(600768K)
[880.573s][info ][gc,metaspace ] GC(334) Metaspace: 56989K->56989K(1101824K)
[880.573s][info ][gc           ] GC(334) Pause Young (Allocation Failure) 510M->275M(850M) 2.705ms
[880.573s][info ][gc,cpu       ] GC(334) User=0.01s Sys=0.00s Real=0.00s
[880.573s][info ][safepoint    ] Leaving safepoint region
[880.573s][info ][safepoint    ] Total time for which application threads were stopped: 0.0028527 seconds, Stopping threads took: 0.0000160 seconds
[881.573s][info ][safepoint    ] Application time: 1.0001058 seconds
[881.577s][info ][safepoint    ] Entering safepoint region: Cleanup
[881.577s][info ][safepoint    ] Leaving safepoint region
[881.577s][info ][safepoint    ] Total time for which application threads were stopped: 0.0038185 seconds, Stopping threads took: 0.0037583 seconds
[882.577s][info ][safepoint    ] Application time: 1.0000535 seconds
[882.577s][info ][safepoint    ] Entering safepoint region: Cleanup
[882.577s][info ][safepoint    ] Leaving safepoint region
[882.577s][info ][safepoint    ] Total time for which application threads were stopped: 0.0000819 seconds, Stopping threads took: 0.0000160 seconds
[883.577s][info ][safepoint    ] Application time: 1.0000923 seconds
[883.577s][info ][safepoint    ] Entering safepoint region: Cleanup
[883.577s][info ][safepoint    ] Leaving safepoint region
[883.577s][info ][safepoint    ] Total time for which application threads were stopped: 0.0000669 seconds, Stopping threads took: 0.0000154 seconds
[884.268s][info ][safepoint    ] Application time: 0.6906216 seconds
[884.268s][info ][safepoint    ] Entering safepoint region: GenCollectForAllocation
[884.268s][info ][gc,start     ] GC(335) Pause Young (Allocation Failure)
[884.268s][info ][gc,task      ] GC(335) Using 4 workers of 4 for evacuation
[884.271s][debug][gc,ref       ] GC(335) Skipped phase1 of Reference Processing due to unavailable references
[884.272s][debug][gc,ref       ] GC(335) Skipped phase3 of Reference Processing due to unavailable references
[884.272s][debug][gc,ref       ] GC(335) Skipped phase4 of Reference Processing due to unavailable references
[884.272s][debug][gc,age       ] GC(335) Desired survivor size 15368192 bytes, new threshold 6 (max threshold 6)
[884.272s][info ][gc,heap      ] GC(335) ParNew: 241688K->1562K(270336K)
[884.272s][info ][gc,heap      ] GC(335) CMS: 280852K->281394K(600768K)
[884.272s][info ][gc,metaspace ] GC(335) Metaspace: 56989K->56989K(1101824K)
[884.272s][info ][gc           ] GC(335) Pause Young (Allocation Failure) 510M->276M(850M) 3.846ms
[884.272s][info ][gc,cpu       ] GC(335) User=0.01s Sys=0.00s Real=0.00s
[884.272s][info ][safepoint    ] Leaving safepoint region
[884.272s][info ][safepoint    ] Total time for which application threads were stopped: 0.0039921 seconds, Stopping threads took: 0.0000139 seconds
[885.272s][info ][safepoint    ] Application time: 1.0001028 seconds
[885.272s][info ][safepoint    ] Entering safepoint region: Cleanup
[885.272s][info ][safepoint    ] Leaving safepoint region
[885.272s][info ][safepoint    ] Total time for which application threads were stopped: 0.0001314 seconds, Stopping threads took: 0.0000693 seconds
[886.272s][info ][safepoint    ] Application time: 1.0000909 seconds
[886.272s][info ][safepoint    ] Entering safepoint region: Cleanup
[886.272s][info ][safepoint    ] Leaving safepoint region
[886.272s][info ][safepoint    ] Total time for which application threads were stopped: 0.0001314 seconds, Stopping threads took: 0.0000670 seconds
[887.272s][info ][safepoint    ] Application time: 1.0000967 seconds
[887.272s][info ][safepoint    ] Entering safepoint region: Cleanup
[887.273s][info ][safepoint    ] Leaving safepoint region
[887.273s][info ][safepoint    ] Total time for which application threads were stopped: 0.0001213 seconds, Stopping threads took: 0.0000587 seconds
[888.020s][info ][safepoint    ] Application time: 0.7476750 seconds
[888.020s][info ][safepoint    ] Entering safepoint region: GenCollectForAllocation
[888.020s][info ][gc,start     ] GC(336) Pause Young (Allocation Failure)
[888.020s][info ][gc,task      ] GC(336) Using 4 workers of 4 for evacuation
[888.023s][debug][gc,ref       ] GC(336) Skipped phase1 of Reference Processing due to unavailable references
[888.023s][debug][gc,ref       ] GC(336) Skipped phase3 of Reference Processing due to unavailable references
[888.023s][debug][gc,ref       ] GC(336) Skipped phase4 of Reference Processing due to unavailable references
[888.023s][debug][gc,age       ] GC(336) Desired survivor size 15368192 bytes, new threshold 6 (max threshold 6)
[888.023s][info ][gc,heap      ] GC(336) ParNew: 241882K->1430K(270336K)
[888.023s][info ][gc,heap      ] GC(336) CMS: 281394K->281454K(600768K)
[888.023s][info ][gc,metaspace ] GC(336) Metaspace: 56989K->56989K(1101824K)
[888.023s][info ][gc           ] GC(336) Pause Young (Allocation Failure) 511M->276M(850M) 2.829ms
[888.023s][info ][gc,cpu       ] GC(336) User=0.01s Sys=0.00s Real=0.00s
[888.023s][info ][safepoint    ] Leaving safepoint region
[888.023s][info ][safepoint    ] Total time for which application threads were stopped: 0.0030087 seconds, Stopping threads took: 0.0000154 seconds
[889.023s][info ][safepoint    ] Application time: 1.0000984 seconds
[889.023s][info ][safepoint    ] Entering safepoint region: Cleanup
[889.024s][info ][safepoint    ] Leaving safepoint region
[889.024s][info ][safepoint    ] Total time for which application threads were stopped: 0.0001328 seconds, Stopping threads took: 0.0000652 seconds
[890.024s][info ][safepoint    ] Application time: 1.0000718 seconds
[890.024s][info ][safepoint    ] Entering safepoint region: Cleanup
[890.024s][info ][safepoint    ] Leaving safepoint region
[890.024s][info ][safepoint    ] Total time for which application threads were stopped: 0.0000829 seconds, Stopping threads took: 0.0000161 seconds
[891.024s][info ][safepoint    ] Application time: 1.0000773 seconds
[891.024s][info ][safepoint    ] Entering safepoint region: Cleanup
[891.024s][info ][safepoint    ] Leaving safepoint region
[891.024s][info ][safepoint    ] Total time for which application threads were stopped: 0.0001386 seconds, Stopping threads took: 0.0000798 seconds
[891.723s][info ][safepoint    ] Application time: 0.6989057 seconds
[891.723s][info ][safepoint    ] Entering safepoint region: GenCollectForAllocation
[891.723s][info ][gc,start     ] GC(337) Pause Young (Allocation Failure)
[891.723s][info ][gc,task      ] GC(337) Using 4 workers of 4 for evacuation
[891.726s][debug][gc,ref       ] GC(337) Skipped phase1 of Reference Processing due to unavailable references
[891.726s][debug][gc,ref       ] GC(337) Skipped phase2 of Reference Processing due to unavailable references
[891.726s][debug][gc,ref       ] GC(337) Skipped phase3 of Reference Processing due to unavailable references
[891.726s][debug][gc,ref       ] GC(337) Skipped phase4 of Reference Processing due to unavailable references
[891.726s][debug][gc,age       ] GC(337) Desired survivor size 15368192 bytes, new threshold 6 (max threshold 6)
[891.726s][info ][gc,heap      ] GC(337) ParNew: 241750K->1204K(270336K)
[891.726s][info ][gc,heap      ] GC(337) CMS: 281454K->281837K(600768K)
[891.726s][info ][gc,metaspace ] GC(337) Metaspace: 56989K->56989K(1101824K)
[891.726s][info ][gc           ] GC(337) Pause Young (Allocation Failure) 510M->276M(850M) 3.084ms
[891.726s][info ][gc,cpu       ] GC(337) User=0.01s Sys=0.00s Real=0.01s
[891.726s][info ][safepoint    ] Leaving safepoint region
[891.726s][info ][safepoint    ] Total time for which application threads were stopped: 0.0032291 seconds, Stopping threads took: 0.0000140 seconds
[892.727s][info ][safepoint    ] Application time: 1.0008262 seconds
[892.727s][info ][safepoint    ] Entering safepoint region: Cleanup
[892.727s][info ][safepoint    ] Leaving safepoint region
[892.727s][info ][safepoint    ] Total time for which application threads were stopped: 0.0000836 seconds, Stopping threads took: 0.0000289 seconds
[893.727s][info ][safepoint    ] Application time: 1.0000938 seconds
[893.727s][info ][safepoint    ] Entering safepoint region: Cleanup
[893.727s][info ][safepoint    ] Leaving safepoint region
[893.727s][info ][safepoint    ] Total time for which application threads were stopped: 0.0000695 seconds, Stopping threads took: 0.0000148 seconds
[894.727s][info ][safepoint    ] Application time: 1.0001303 seconds
[894.727s][info ][safepoint    ] Entering safepoint region: Cleanup
[894.728s][info ][safepoint    ] Leaving safepoint region
[894.728s][info ][safepoint    ] Total time for which application threads were stopped: 0.0000868 seconds, Stopping threads took: 0.0000154 seconds
[895.571s][info ][safepoint    ] Application time: 0.8432275 seconds
[895.571s][info ][safepoint    ] Entering safepoint region: GenCollectForAllocation
[895.571s][info ][gc,start     ] GC(338) Pause Young (Allocation Failure)
[895.571s][info ][gc,task      ] GC(338) Using 4 workers of 4 for evacuation
[895.573s][debug][gc,ref       ] GC(338) Skipped phase1 of Reference Processing due to unavailable references
[895.573s][debug][gc,ref       ] GC(338) Skipped phase2 of Reference Processing due to unavailable references
[895.573s][debug][gc,ref       ] GC(338) Skipped phase3 of Reference Processing due to unavailable references
[895.573s][debug][gc,ref       ] GC(338) Skipped phase4 of Reference Processing due to unavailable references
[895.573s][debug][gc,age       ] GC(338) Desired survivor size 15368192 bytes, new threshold 6 (max threshold 6)
[895.573s][info ][gc,heap      ] GC(338) ParNew: 241524K->926K(270336K)
[895.573s][info ][gc,heap      ] GC(338) CMS: 281837K->281855K(600768K)
[895.573s][info ][gc,metaspace ] GC(338) Metaspace: 56991K->56991K(1101824K)
[895.573s][info ][gc           ] GC(338) Pause Young (Allocation Failure) 511M->276M(850M) 2.368ms
[895.573s][info ][gc,cpu       ] GC(338) User=0.00s Sys=0.00s Real=0.00s
[895.573s][info ][safepoint    ] Leaving safepoint region
[895.573s][info ][safepoint    ] Total time for which application threads were stopped: 0.0025259 seconds, Stopping threads took: 0.0000169 seconds
[896.573s][info ][safepoint    ] Application time: 1.0000933 seconds
[896.574s][info ][safepoint    ] Entering safepoint region: Cleanup
[896.574s][info ][safepoint    ] Leaving safepoint region
[896.574s][info ][safepoint    ] Total time for which application threads were stopped: 0.0001406 seconds, Stopping threads took: 0.0000826 seconds
[897.574s][info ][safepoint    ] Application time: 1.0000864 seconds
[897.574s][info ][safepoint    ] Entering safepoint region: Cleanup
[897.574s][info ][safepoint    ] Leaving safepoint region
[897.574s][info ][safepoint    ] Total time for which application threads were stopped: 0.0001170 seconds, Stopping threads took: 0.0000507 seconds
[898.574s][info ][safepoint    ] Application time: 1.0000977 seconds
[898.574s][info ][safepoint    ] Entering safepoint region: Cleanup
[898.574s][info ][safepoint    ] Leaving safepoint region
[898.574s][info ][safepoint    ] Total time for which application threads were stopped: 0.0001309 seconds, Stopping threads took: 0.0000699 seconds
[899.265s][info ][safepoint    ] Application time: 0.6911194 seconds
[899.265s][info ][safepoint    ] Entering safepoint region: GenCollectForAllocation
[899.265s][info ][gc,start     ] GC(339) Pause Young (Allocation Failure)
[899.265s][info ][gc,task      ] GC(339) Using 4 workers of 4 for evacuation
[899.268s][debug][gc,ref       ] GC(339) Skipped phase1 of Reference Processing due to unavailable references
[899.268s][debug][gc,ref       ] GC(339) Skipped phase2 of Reference Processing due to unavailable references
[899.268s][debug][gc,ref       ] GC(339) Skipped phase3 of Reference Processing due to unavailable references
[899.268s][debug][gc,ref       ] GC(339) Skipped phase4 of Reference Processing due to unavailable references
[899.268s][debug][gc,age       ] GC(339) Desired survivor size 15368192 bytes, new threshold 6 (max threshold 6)
[899.268s][info ][gc,heap      ] GC(339) ParNew: 241246K->1188K(270336K)
[899.268s][info ][gc,heap      ] GC(339) CMS: 281855K->281857K(600768K)
[899.268s][info ][gc,metaspace ] GC(339) Metaspace: 56991K->56991K(1101824K)
[899.268s][info ][gc           ] GC(339) Pause Young (Allocation Failure) 510M->276M(850M) 2.473ms
[899.268s][info ][gc,cpu       ] GC(339) User=0.01s Sys=0.00s Real=0.01s
[899.268s][info ][safepoint    ] Leaving safepoint region
[899.268s][info ][safepoint    ] Total time for which application threads were stopped: 0.0026693 seconds, Stopping threads took: 0.0000633 seconds
[900.268s][info ][safepoint    ] Application time: 1.0001101 seconds
[900.268s][info ][safepoint    ] Entering safepoint region: Cleanup
[900.268s][info ][safepoint    ] Leaving safepoint region
[900.268s][info ][safepoint    ] Total time for which application threads were stopped: 0.0001293 seconds, Stopping threads took: 0.0000619 seconds
[901.268s][info ][safepoint    ] Application time: 1.0000949 seconds
[901.268s][info ][safepoint    ] Entering safepoint region: Cleanup
[901.269s][info ][safepoint    ] Leaving safepoint region
[901.269s][info ][safepoint    ] Total time for which application threads were stopped: 0.0001294 seconds, Stopping threads took: 0.0000666 seconds
[902.269s][info ][safepoint    ] Application time: 1.0000593 seconds
[902.269s][info ][safepoint    ] Entering safepoint region: Cleanup
[902.269s][info ][safepoint    ] Leaving safepoint region
[902.269s][info ][safepoint    ] Total time for which application threads were stopped: 0.0001446 seconds, Stopping threads took: 0.0000702 seconds
[903.021s][info ][safepoint    ] Application time: 0.7520089 seconds
[903.021s][info ][safepoint    ] Entering safepoint region: GenCollectForAllocation
[903.021s][info ][gc,start     ] GC(340) Pause Young (Allocation Failure)
[903.021s][info ][gc,task      ] GC(340) Using 4 workers of 4 for evacuation
[903.023s][debug][gc,ref       ] GC(340) Skipped phase1 of Reference Processing due to unavailable references
[903.024s][debug][gc,ref       ] GC(340) Skipped phase2 of Reference Processing due to unavailable references
[903.024s][debug][gc,ref       ] GC(340) Skipped phase3 of Reference Processing due to unavailable references
[903.024s][debug][gc,ref       ] GC(340) Skipped phase4 of Reference Processing due to unavailable references
[903.024s][debug][gc,age       ] GC(340) Desired survivor size 15368192 bytes, new threshold 6 (max threshold 6)
[903.024s][info ][gc,heap      ] GC(340) ParNew: 241508K->1199K(270336K)
[903.024s][info ][gc,heap      ] GC(340) CMS: 281857K->281876K(600768K)
[903.024s][info ][gc,metaspace ] GC(340) Metaspace: 57002K->57002K(1101824K)
[903.024s][info ][gc           ] GC(340) Pause Young (Allocation Failure) 511M->276M(850M) 2.728ms
[903.024s][info ][gc,cpu       ] GC(340) User=0.01s Sys=0.00s Real=0.00s
[903.024s][info ][safepoint    ] Leaving safepoint region
[903.024s][info ][safepoint    ] Total time for which application threads were stopped: 0.0028848 seconds, Stopping threads took: 0.0000160 seconds
[904.024s][info ][safepoint    ] Application time: 1.0000958 seconds
[904.024s][info ][safepoint    ] Entering safepoint region: Cleanup
[904.024s][info ][safepoint    ] Leaving safepoint region
[904.024s][info ][safepoint    ] Total time for which application threads were stopped: 0.0000696 seconds, Stopping threads took: 0.0000143 seconds
[905.024s][info ][safepoint    ] Application time: 1.0000818 seconds
[905.024s][info ][safepoint    ] Entering safepoint region: Cleanup
[905.024s][info ][safepoint    ] Leaving safepoint region
[905.024s][info ][safepoint    ] Total time for which application threads were stopped: 0.0001355 seconds, Stopping threads took: 0.0000709 seconds
[906.024s][info ][safepoint    ] Application time: 1.0001018 seconds
[906.024s][info ][safepoint    ] Entering safepoint region: Cleanup
[906.024s][info ][safepoint    ] Leaving safepoint region
[906.024s][info ][safepoint    ] Total time for which application threads were stopped: 0.0001291 seconds, Stopping threads took: 0.0000634 seconds
[906.869s][info ][safepoint    ] Application time: 0.8440093 seconds
[906.869s][info ][safepoint    ] Entering safepoint region: GenCollectForAllocation
[906.869s][info ][gc,start     ] GC(341) Pause Young (Allocation Failure)
[906.869s][info ][gc,task      ] GC(341) Using 4 workers of 4 for evacuation
[906.871s][debug][gc,ref       ] GC(341) Skipped phase1 of Reference Processing due to unavailable references
[906.872s][debug][gc,ref       ] GC(341) Skipped phase2 of Reference Processing due to unavailable references
[906.872s][debug][gc,ref       ] GC(341) Skipped phase3 of Reference Processing due to unavailable references
[906.872s][debug][gc,ref       ] GC(341) Skipped phase4 of Reference Processing due to unavailable references
[906.872s][debug][gc,age       ] GC(341) Desired survivor size 15368192 bytes, new threshold 6 (max threshold 6)
[906.872s][info ][gc,heap      ] GC(341) ParNew: 241519K->1328K(270336K)
[906.872s][info ][gc,heap      ] GC(341) CMS: 281876K->282049K(600768K)
[906.872s][info ][gc,metaspace ] GC(341) Metaspace: 57002K->57002K(1101824K)
[906.872s][info ][gc           ] GC(341) Pause Young (Allocation Failure) 511M->276M(850M) 3.071ms
[906.872s][info ][gc,cpu       ] GC(341) User=0.01s Sys=0.00s Real=0.00s
[906.872s][info ][safepoint    ] Leaving safepoint region
[906.872s][info ][safepoint    ] Total time for which application threads were stopped: 0.0032230 seconds, Stopping threads took: 0.0000150 seconds
[907.872s][info ][safepoint    ] Application time: 1.0000917 seconds
[907.872s][info ][safepoint    ] Entering safepoint region: Cleanup
[907.872s][info ][safepoint    ] Leaving safepoint region
[907.872s][info ][safepoint    ] Total time for which application threads were stopped: 0.0001053 seconds, Stopping threads took: 0.0000388 seconds
[908.872s][info ][safepoint    ] Application time: 1.0001153 seconds
[908.872s][info ][safepoint    ] Entering safepoint region: Cleanup
[908.872s][info ][safepoint    ] Leaving safepoint region
[908.872s][info ][safepoint    ] Total time for which application threads were stopped: 0.0001371 seconds, Stopping threads took: 0.0000695 seconds
[909.872s][info ][safepoint    ] Application time: 1.0000934 seconds
[909.872s][info ][safepoint    ] Entering safepoint region: Cleanup
[909.873s][info ][safepoint    ] Leaving safepoint region
[909.873s][info ][safepoint    ] Total time for which application threads were stopped: 0.0001471 seconds, Stopping threads took: 0.0000638 seconds
[910.577s][info ][safepoint    ] Application time: 0.7043317 seconds
[910.577s][info ][safepoint    ] Entering safepoint region: GenCollectForAllocation
[910.577s][info ][gc,start     ] GC(342) Pause Young (Allocation Failure)
[910.577s][info ][gc,task      ] GC(342) Using 4 workers of 4 for evacuation
[910.580s][debug][gc,ref       ] GC(342) Skipped phase1 of Reference Processing due to unavailable references
[910.580s][debug][gc,ref       ] GC(342) Skipped phase2 of Reference Processing due to unavailable references
[910.580s][debug][gc,ref       ] GC(342) Skipped phase3 of Reference Processing due to unavailable references
[910.580s][debug][gc,ref       ] GC(342) Skipped phase4 of Reference Processing due to unavailable references
[910.580s][debug][gc,age       ] GC(342) Desired survivor size 15368192 bytes, new threshold 6 (max threshold 6)
[910.580s][info ][gc,heap      ] GC(342) ParNew: 241648K->1267K(270336K)
[910.580s][info ][gc,heap      ] GC(342) CMS: 282049K->282256K(600768K)
[910.580s][info ][gc,metaspace ] GC(342) Metaspace: 57002K->57002K(1101824K)
[910.580s][info ][gc           ] GC(342) Pause Young (Allocation Failure) 511M->276M(850M) 2.933ms
[910.580s][info ][gc,cpu       ] GC(342) User=0.01s Sys=0.00s Real=0.00s
[910.580s][info ][safepoint    ] Leaving safepoint region
[910.580s][info ][safepoint    ] Total time for which application threads were stopped: 0.0030722 seconds, Stopping threads took: 0.0000151 seconds
[911.580s][info ][safepoint    ] Application time: 1.0000978 seconds
[911.580s][info ][safepoint    ] Entering safepoint region: Cleanup
[911.580s][info ][safepoint    ] Leaving safepoint region
[911.580s][info ][safepoint    ] Total time for which application threads were stopped: 0.0000684 seconds, Stopping threads took: 0.0000145 seconds
[912.580s][info ][safepoint    ] Application time: 1.0000845 seconds
[912.580s][info ][safepoint    ] Entering safepoint region: Cleanup
[912.580s][info ][safepoint    ] Leaving safepoint region
[912.580s][info ][safepoint    ] Total time for which application threads were stopped: 0.0001493 seconds, Stopping threads took: 0.0000567 seconds
[912.883s][info ][safepoint    ] Application time: 0.3023784 seconds
[912.883s][info ][safepoint    ] Entering safepoint region: GenCollectForAllocation
[912.883s][info ][gc,start     ] GC(343) Pause Young (Allocation Failure)
[912.883s][info ][gc,task      ] GC(343) Using 4 workers of 4 for evacuation
[912.898s][debug][gc,ref       ] GC(343) Skipped phase1 of Reference Processing due to unavailable references
[912.898s][debug][gc,ref       ] GC(343) Skipped phase3 of Reference Processing due to unavailable references
[912.899s][debug][gc,age       ] GC(343) Desired survivor size 15368192 bytes, new threshold 6 (max threshold 6)
[912.899s][info ][gc,heap      ] GC(343) ParNew: 241587K->11846K(270336K)
[912.899s][info ][gc,heap      ] GC(343) CMS: 282256K->282336K(600768K)
[912.899s][info ][gc,metaspace ] GC(343) Metaspace: 57021K->57021K(1101824K)
[912.899s][info ][gc           ] GC(343) Pause Young (Allocation Failure) 511M->287M(850M) 15.624ms
[912.899s][info ][gc,cpu       ] GC(343) User=0.07s Sys=0.00s Real=0.02s
[912.899s][info ][safepoint    ] Leaving safepoint region
[912.899s][info ][safepoint    ] Total time for which application threads were stopped: 0.0158831 seconds, Stopping threads took: 0.0000676 seconds
[913.899s][info ][safepoint    ] Application time: 1.0001142 seconds
[913.899s][info ][safepoint    ] Entering safepoint region: Cleanup
[913.899s][info ][safepoint    ] Leaving safepoint region
[913.899s][info ][safepoint    ] Total time for which application threads were stopped: 0.0000816 seconds, Stopping threads took: 0.0000164 seconds
[914.899s][info ][safepoint    ] Application time: 1.0000875 seconds
[914.899s][info ][safepoint    ] Entering safepoint region: Cleanup
[914.899s][info ][safepoint    ] Leaving safepoint region
[914.899s][info ][safepoint    ] Total time for which application threads were stopped: 0.0000980 seconds, Stopping threads took: 0.0000157 seconds
[915.899s][info ][safepoint    ] Application time: 1.0000982 seconds
[915.899s][info ][safepoint    ] Entering safepoint region: Cleanup
[915.899s][info ][safepoint    ] Leaving safepoint region
[915.899s][info ][safepoint    ] Total time for which application threads were stopped: 0.0000918 seconds, Stopping threads took: 0.0000356 seconds
[916.473s][info ][safepoint    ] Application time: 0.5732612 seconds
[916.473s][info ][safepoint    ] Entering safepoint region: GenCollectForAllocation
[916.473s][info ][gc,start     ] GC(344) Pause Young (Allocation Failure)
[916.473s][info ][gc,task      ] GC(344) Using 4 workers of 4 for evacuation
[916.476s][debug][gc,ref       ] GC(344) Skipped phase1 of Reference Processing due to unavailable references
[916.476s][debug][gc,ref       ] GC(344) Skipped phase3 of Reference Processing due to unavailable references
[916.476s][debug][gc,ref       ] GC(344) Skipped phase4 of Reference Processing due to unavailable references
[916.476s][debug][gc,age       ] GC(344) Desired survivor size 15368192 bytes, new threshold 6 (max threshold 6)
[916.476s][info ][gc,heap      ] GC(344) ParNew: 252166K->8829K(270336K)
[916.476s][info ][gc,heap      ] GC(344) CMS: 282336K->282390K(600768K)
[916.476s][info ][gc,metaspace ] GC(344) Metaspace: 57022K->57022K(1101824K)
[916.476s][info ][gc           ] GC(344) Pause Young (Allocation Failure) 521M->284M(850M) 3.038ms
[916.476s][info ][gc,cpu       ] GC(344) User=0.01s Sys=0.00s Real=0.01s
[916.476s][info ][safepoint    ] Leaving safepoint region
[916.476s][info ][safepoint    ] Total time for which application threads were stopped: 0.0031950 seconds, Stopping threads took: 0.0000147 seconds
[917.476s][info ][safepoint    ] Application time: 1.0001010 seconds
[917.476s][info ][safepoint    ] Entering safepoint region: Cleanup
[917.476s][info ][safepoint    ] Leaving safepoint region
[917.476s][info ][safepoint    ] Total time for which application threads were stopped: 0.0000747 seconds, Stopping threads took: 0.0000141 seconds
[918.476s][info ][safepoint    ] Application time: 1.0000902 seconds
[918.476s][info ][safepoint    ] Entering safepoint region: Cleanup
[918.476s][info ][safepoint    ] Leaving safepoint region
[918.476s][info ][safepoint    ] Total time for which application threads were stopped: 0.0000705 seconds, Stopping threads took: 0.0000162 seconds
[919.477s][info ][safepoint    ] Application time: 1.0001254 seconds
[919.477s][info ][safepoint    ] Entering safepoint region: Cleanup
[919.477s][info ][safepoint    ] Leaving safepoint region
[919.477s][info ][safepoint    ] Total time for which application threads were stopped: 0.0000773 seconds, Stopping threads took: 0.0000162 seconds
[920.075s][info ][safepoint    ] Application time: 0.5982074 seconds
[920.075s][info ][safepoint    ] Entering safepoint region: GenCollectForAllocation
[920.075s][info ][gc,start     ] GC(345) Pause Young (Allocation Failure)
[920.075s][info ][gc,task      ] GC(345) Using 4 workers of 4 for evacuation
[920.078s][debug][gc,ref       ] GC(345) Skipped phase1 of Reference Processing due to unavailable references
[920.078s][debug][gc,ref       ] GC(345) Skipped phase3 of Reference Processing due to unavailable references
[920.078s][debug][gc,ref       ] GC(345) Skipped phase4 of Reference Processing due to unavailable references
[920.078s][debug][gc,age       ] GC(345) Desired survivor size 15368192 bytes, new threshold 6 (max threshold 6)
[920.078s][info ][gc,heap      ] GC(345) ParNew: 249149K->2356K(270336K)
[920.078s][info ][gc,heap      ] GC(345) CMS: 282390K->282528K(600768K)
[920.078s][info ][gc,metaspace ] GC(345) Metaspace: 57025K->57025K(1101824K)
[920.078s][info ][gc           ] GC(345) Pause Young (Allocation Failure) 519M->278M(850M) 3.362ms
[920.078s][info ][gc,cpu       ] GC(345) User=0.01s Sys=0.00s Real=0.00s
[920.078s][info ][safepoint    ] Leaving safepoint region
[920.078s][info ][safepoint    ] Total time for which application threads were stopped: 0.0035108 seconds, Stopping threads took: 0.0000147 seconds
[921.079s][info ][safepoint    ] Application time: 1.0000809 seconds
[921.079s][info ][safepoint    ] Entering safepoint region: Cleanup
[921.079s][info ][safepoint    ] Leaving safepoint region
[921.079s][info ][safepoint    ] Total time for which application threads were stopped: 0.0000808 seconds, Stopping threads took: 0.0000282 seconds
[922.079s][info ][safepoint    ] Application time: 1.0000868 seconds
[922.079s][info ][safepoint    ] Entering safepoint region: Cleanup
[922.079s][info ][safepoint    ] Leaving safepoint region
[922.079s][info ][safepoint    ] Total time for which application threads were stopped: 0.0000770 seconds, Stopping threads took: 0.0000278 seconds
[923.079s][info ][safepoint    ] Application time: 1.0000939 seconds
[923.079s][info ][safepoint    ] Entering safepoint region: Cleanup
[923.079s][info ][safepoint    ] Leaving safepoint region
[923.079s][info ][safepoint    ] Total time for which application threads were stopped: 0.0000698 seconds, Stopping threads took: 0.0000149 seconds
[923.765s][info ][safepoint    ] Application time: 0.6860981 seconds
[923.765s][info ][safepoint    ] Entering safepoint region: GenCollectForAllocation
[923.765s][info ][gc,start     ] GC(346) Pause Young (Allocation Failure)
[923.765s][info ][gc,task      ] GC(346) Using 4 workers of 4 for evacuation
[923.768s][debug][gc,ref       ] GC(346) Skipped phase1 of Reference Processing due to unavailable references
[923.768s][debug][gc,ref       ] GC(346) Skipped phase3 of Reference Processing due to unavailable references
[923.768s][debug][gc,ref       ] GC(346) Skipped phase4 of Reference Processing due to unavailable references
[923.768s][debug][gc,age       ] GC(346) Desired survivor size 15368192 bytes, new threshold 6 (max threshold 6)
[923.768s][info ][gc,heap      ] GC(346) ParNew: 242676K->1420K(270336K)
[923.768s][info ][gc,heap      ] GC(346) CMS: 282528K->282603K(600768K)
[923.768s][info ][gc,metaspace ] GC(346) Metaspace: 57025K->57025K(1101824K)
[923.768s][info ][gc           ] GC(346) Pause Young (Allocation Failure) 512M->277M(850M) 2.976ms
[923.768s][info ][gc,cpu       ] GC(346) User=0.01s Sys=0.00s Real=0.01s
[923.768s][info ][safepoint    ] Leaving safepoint region
[923.768s][info ][safepoint    ] Total time for which application threads were stopped: 0.0031749 seconds, Stopping threads took: 0.0000157 seconds
[924.769s][info ][safepoint    ] Application time: 1.0001712 seconds
[924.769s][info ][safepoint    ] Entering safepoint region: Cleanup
[924.769s][info ][safepoint    ] Leaving safepoint region
[924.769s][info ][safepoint    ] Total time for which application threads were stopped: 0.0001083 seconds, Stopping threads took: 0.0000395 seconds
[925.769s][info ][safepoint    ] Application time: 1.0001045 seconds
[925.769s][info ][safepoint    ] Entering safepoint region: Cleanup
[925.769s][info ][safepoint    ] Leaving safepoint region
[925.769s][info ][safepoint    ] Total time for which application threads were stopped: 0.0001319 seconds, Stopping threads took: 0.0000705 seconds
[926.769s][info ][safepoint    ] Application time: 1.0001050 seconds
[926.769s][info ][safepoint    ] Entering safepoint region: Cleanup
[926.769s][info ][safepoint    ] Leaving safepoint region
[926.769s][info ][safepoint    ] Total time for which application threads were stopped: 0.0001275 seconds, Stopping threads took: 0.0000643 seconds
[927.465s][info ][safepoint    ] Application time: 0.6961344 seconds
[927.465s][info ][safepoint    ] Entering safepoint region: GenCollectForAllocation
[927.465s][info ][gc,start     ] GC(347) Pause Young (Allocation Failure)
[927.466s][info ][gc,task      ] GC(347) Using 4 workers of 4 for evacuation
[927.469s][debug][gc,ref       ] GC(347) Skipped phase1 of Reference Processing due to unavailable references
[927.469s][debug][gc,ref       ] GC(347) Skipped phase3 of Reference Processing due to unavailable references
[927.469s][debug][gc,ref       ] GC(347) Skipped phase4 of Reference Processing due to unavailable references
[927.470s][debug][gc,age       ] GC(347) Desired survivor size 15368192 bytes, new threshold 6 (max threshold 6)
[927.470s][info ][gc,heap      ] GC(347) ParNew: 241740K->1624K(270336K)
[927.470s][info ][gc,heap      ] GC(347) CMS: 282603K->282685K(600768K)
[927.470s][info ][gc,metaspace ] GC(347) Metaspace: 57025K->57025K(1101824K)
[927.470s][info ][gc           ] GC(347) Pause Young (Allocation Failure) 512M->277M(850M) 4.187ms
[927.470s][info ][gc,cpu       ] GC(347) User=0.02s Sys=0.00s Real=0.01s
[927.470s][info ][safepoint    ] Leaving safepoint region
[927.470s][info ][safepoint    ] Total time for which application threads were stopped: 0.0043493 seconds, Stopping threads took: 0.0000153 seconds
[928.470s][info ][safepoint    ] Application time: 1.0000974 seconds
[928.470s][info ][safepoint    ] Entering safepoint region: Cleanup
[928.470s][info ][safepoint    ] Leaving safepoint region
[928.470s][info ][safepoint    ] Total time for which application threads were stopped: 0.0001161 seconds, Stopping threads took: 0.0000501 seconds
[929.470s][info ][safepoint    ] Application time: 1.0000880 seconds
[929.470s][info ][safepoint    ] Entering safepoint region: Cleanup
[929.470s][info ][safepoint    ] Leaving safepoint region
[929.470s][info ][safepoint    ] Total time for which application threads were stopped: 0.0001431 seconds, Stopping threads took: 0.0000777 seconds
[930.470s][info ][safepoint    ] Application time: 1.0001090 seconds
[930.471s][info ][safepoint    ] Entering safepoint region: Cleanup
[930.471s][info ][safepoint    ] Leaving safepoint region
[930.471s][info ][safepoint    ] Total time for which application threads were stopped: 0.0001390 seconds, Stopping threads took: 0.0000660 seconds
[931.121s][info ][safepoint    ] Application time: 0.6499178 seconds
[931.121s][info ][safepoint    ] Entering safepoint region: GenCollectForAllocation
[931.121s][info ][gc,start     ] GC(348) Pause Young (Allocation Failure)
[931.121s][info ][gc,task      ] GC(348) Using 4 workers of 4 for evacuation
[931.124s][debug][gc,ref       ] GC(348) Skipped phase1 of Reference Processing due to unavailable references
[931.124s][debug][gc,ref       ] GC(348) Skipped phase3 of Reference Processing due to unavailable references
[931.124s][debug][gc,ref       ] GC(348) Skipped phase4 of Reference Processing due to unavailable references
[931.124s][debug][gc,age       ] GC(348) Desired survivor size 15368192 bytes, new threshold 6 (max threshold 6)
[931.124s][info ][gc,heap      ] GC(348) ParNew: 241944K->1790K(270336K)
[931.124s][info ][gc,heap      ] GC(348) CMS: 282685K->282773K(600768K)
[931.124s][info ][gc,metaspace ] GC(348) Metaspace: 57025K->57025K(1101824K)
[931.124s][info ][gc           ] GC(348) Pause Young (Allocation Failure) 512M->277M(850M) 3.058ms
[931.124s][info ][gc,cpu       ] GC(348) User=0.01s Sys=0.00s Real=0.00s
[931.124s][info ][safepoint    ] Leaving safepoint region
[931.124s][info ][safepoint    ] Total time for which application threads were stopped: 0.0032018 seconds, Stopping threads took: 0.0000155 seconds
[932.124s][info ][safepoint    ] Application time: 1.0000953 seconds
[932.124s][info ][safepoint    ] Entering safepoint region: Cleanup
[932.124s][info ][safepoint    ] Leaving safepoint region
[932.124s][info ][safepoint    ] Total time for which application threads were stopped: 0.0001494 seconds, Stopping threads took: 0.0000800 seconds
[933.124s][info ][safepoint    ] Application time: 1.0001001 seconds
[933.124s][info ][safepoint    ] Entering safepoint region: Cleanup
[933.124s][info ][safepoint    ] Leaving safepoint region
[933.124s][info ][safepoint    ] Total time for which application threads were stopped: 0.0000929 seconds, Stopping threads took: 0.0000342 seconds
[934.124s][info ][safepoint    ] Application time: 1.0000959 seconds
[934.124s][info ][safepoint    ] Entering safepoint region: Cleanup
[934.124s][info ][safepoint    ] Leaving safepoint region
[934.125s][info ][safepoint    ] Total time for which application threads were stopped: 0.0000892 seconds, Stopping threads took: 0.0000142 seconds
[934.615s][info ][safepoint    ] Application time: 0.4906278 seconds
[934.615s][info ][safepoint    ] Entering safepoint region: GenCollectForAllocation
[934.615s][info ][gc,start     ] GC(349) Pause Young (Allocation Failure)
[934.615s][info ][gc,task      ] GC(349) Using 4 workers of 4 for evacuation
[934.620s][debug][gc,ref       ] GC(349) Skipped phase1 of Reference Processing due to unavailable references
[934.620s][debug][gc,ref       ] GC(349) Skipped phase2 of Reference Processing due to unavailable references
[934.620s][debug][gc,ref       ] GC(349) Skipped phase3 of Reference Processing due to unavailable references
[934.620s][debug][gc,ref       ] GC(349) Skipped phase4 of Reference Processing due to unavailable references
[934.620s][debug][gc,age       ] GC(349) Desired survivor size 15368192 bytes, new threshold 6 (max threshold 6)
[934.620s][info ][gc,heap      ] GC(349) ParNew: 242110K->1626K(270336K)
[934.620s][info ][gc,heap      ] GC(349) CMS: 282773K->282927K(600768K)
[934.620s][info ][gc,metaspace ] GC(349) Metaspace: 57025K->57025K(1101824K)
[934.620s][info ][gc           ] GC(349) Pause Young (Allocation Failure) 512M->277M(850M) 4.836ms
[934.620s][info ][gc,cpu       ] GC(349) User=0.01s Sys=0.00s Real=0.00s
[934.620s][info ][safepoint    ] Leaving safepoint region
[934.620s][info ][safepoint    ] Total time for which application threads were stopped: 0.0050280 seconds, Stopping threads took: 0.0000369 seconds
[935.621s][info ][safepoint    ] Application time: 1.0008977 seconds
[935.621s][info ][safepoint    ] Entering safepoint region: Cleanup
[935.621s][info ][safepoint    ] Leaving safepoint region
[935.621s][info ][safepoint    ] Total time for which application threads were stopped: 0.0001331 seconds, Stopping threads took: 0.0000573 seconds
[936.621s][info ][safepoint    ] Application time: 1.0001051 seconds
[936.622s][info ][safepoint    ] Entering safepoint region: Cleanup
[936.622s][info ][safepoint    ] Leaving safepoint region
[936.622s][info ][safepoint    ] Total time for which application threads were stopped: 0.0001403 seconds, Stopping threads took: 0.0000641 seconds
[937.622s][info ][safepoint    ] Application time: 1.0001038 seconds
[937.622s][info ][safepoint    ] Entering safepoint region: Cleanup
[937.622s][info ][safepoint    ] Leaving safepoint region
[937.622s][info ][safepoint    ] Total time for which application threads were stopped: 0.0002091 seconds, Stopping threads took: 0.0001325 seconds
[938.175s][info ][safepoint    ] Application time: 0.5533681 seconds
[938.175s][info ][safepoint    ] Entering safepoint region: GenCollectForAllocation
[938.175s][info ][gc,start     ] GC(350) Pause Young (Allocation Failure)
[938.176s][info ][gc,task      ] GC(350) Using 4 workers of 4 for evacuation
[938.178s][debug][gc,ref       ] GC(350) Skipped phase1 of Reference Processing due to unavailable references
[938.178s][debug][gc,ref       ] GC(350) Skipped phase2 of Reference Processing due to unavailable references
[938.178s][debug][gc,ref       ] GC(350) Skipped phase3 of Reference Processing due to unavailable references
[938.178s][debug][gc,ref       ] GC(350) Skipped phase4 of Reference Processing due to unavailable references
[938.178s][debug][gc,age       ] GC(350) Desired survivor size 15368192 bytes, new threshold 6 (max threshold 6)
[938.178s][info ][gc,heap      ] GC(350) ParNew: 241946K->2346K(270336K)
[938.178s][info ][gc,heap      ] GC(350) CMS: 282927K->282945K(600768K)
[938.178s][info ][gc,metaspace ] GC(350) Metaspace: 57025K->57025K(1101824K)
[938.178s][info ][gc           ] GC(350) Pause Young (Allocation Failure) 512M->278M(850M) 2.934ms
[938.178s][info ][gc,cpu       ] GC(350) User=0.01s Sys=0.00s Real=0.00s
[938.178s][info ][safepoint    ] Leaving safepoint region
[938.178s][info ][safepoint    ] Total time for which application threads were stopped: 0.0030826 seconds, Stopping threads took: 0.0000140 seconds
[939.179s][info ][safepoint    ] Application time: 1.0000967 seconds
[939.179s][info ][safepoint    ] Entering safepoint region: Cleanup
[939.179s][info ][safepoint    ] Leaving safepoint region
[939.179s][info ][safepoint    ] Total time for which application threads were stopped: 0.0000761 seconds, Stopping threads took: 0.0000146 seconds
[940.179s][info ][safepoint    ] Application time: 1.0000873 seconds
[940.179s][info ][safepoint    ] Entering safepoint region: Cleanup
[940.179s][info ][safepoint    ] Leaving safepoint region
[940.179s][info ][safepoint    ] Total time for which application threads were stopped: 0.0000738 seconds, Stopping threads took: 0.0000160 seconds
[941.179s][info ][safepoint    ] Application time: 1.0000843 seconds
[941.179s][info ][safepoint    ] Entering safepoint region: Cleanup
[941.179s][info ][safepoint    ] Leaving safepoint region
[941.179s][info ][safepoint    ] Total time for which application threads were stopped: 0.0000874 seconds, Stopping threads took: 0.0000299 seconds
[941.523s][info ][safepoint    ] Application time: 0.3436653 seconds
[941.523s][info ][safepoint    ] Entering safepoint region: GenCollectForAllocation
[941.523s][info ][gc,start     ] GC(351) Pause Young (Allocation Failure)
[941.523s][info ][gc,task      ] GC(351) Using 4 workers of 4 for evacuation
[941.527s][debug][gc,ref       ] GC(351) Skipped phase1 of Reference Processing due to unavailable references
[941.527s][debug][gc,ref       ] GC(351) Skipped phase2 of Reference Processing due to unavailable references
[941.527s][debug][gc,ref       ] GC(351) Skipped phase3 of Reference Processing due to unavailable references
[941.527s][debug][gc,ref       ] GC(351) Skipped phase4 of Reference Processing due to unavailable references
[941.527s][debug][gc,age       ] GC(351) Desired survivor size 15368192 bytes, new threshold 6 (max threshold 6)
[941.527s][info ][gc,heap      ] GC(351) ParNew: 242666K->2224K(270336K)
[941.527s][info ][gc,heap      ] GC(351) CMS: 282945K->283196K(600768K)
[941.527s][info ][gc,metaspace ] GC(351) Metaspace: 57032K->57032K(1101824K)
[941.527s][info ][gc           ] GC(351) Pause Young (Allocation Failure) 513M->278M(850M) 4.164ms
[941.527s][info ][gc,cpu       ] GC(351) User=0.02s Sys=0.00s Real=0.01s
[941.527s][info ][safepoint    ] Leaving safepoint region
[941.527s][info ][safepoint    ] Total time for which application threads were stopped: 0.0043058 seconds, Stopping threads took: 0.0000149 seconds
[942.527s][info ][safepoint    ] Application time: 1.0000926 seconds
[942.527s][info ][safepoint    ] Entering safepoint region: Cleanup
[942.527s][info ][safepoint    ] Leaving safepoint region
[942.527s][info ][safepoint    ] Total time for which application threads were stopped: 0.0000699 seconds, Stopping threads took: 0.0000157 seconds
[943.528s][info ][safepoint    ] Application time: 1.0000890 seconds
[943.528s][info ][safepoint    ] Entering safepoint region: Cleanup
[943.528s][info ][safepoint    ] Leaving safepoint region
[943.528s][info ][safepoint    ] Total time for which application threads were stopped: 0.0000845 seconds, Stopping threads took: 0.0000156 seconds
[944.528s][info ][safepoint    ] Application time: 1.0000960 seconds
[944.528s][info ][safepoint    ] Entering safepoint region: Cleanup
[944.528s][info ][safepoint    ] Leaving safepoint region
[944.528s][info ][safepoint    ] Total time for which application threads were stopped: 0.0000669 seconds, Stopping threads took: 0.0000147 seconds
[944.973s][info ][safepoint    ] Application time: 0.4451201 seconds
[944.973s][info ][safepoint    ] Entering safepoint region: GenCollectForAllocation
[944.973s][info ][gc,start     ] GC(352) Pause Young (Allocation Failure)
[944.973s][info ][gc,task      ] GC(352) Using 4 workers of 4 for evacuation
[944.977s][debug][gc,ref       ] GC(352) Skipped phase1 of Reference Processing due to unavailable references
[944.977s][debug][gc,ref       ] GC(352) Skipped phase2 of Reference Processing due to unavailable references
[944.977s][debug][gc,ref       ] GC(352) Skipped phase3 of Reference Processing due to unavailable references
[944.977s][debug][gc,ref       ] GC(352) Skipped phase4 of Reference Processing due to unavailable references
[944.977s][debug][gc,age       ] GC(352) Desired survivor size 15368192 bytes, new threshold 6 (max threshold 6)
[944.977s][info ][gc,heap      ] GC(352) ParNew: 242544K->2923K(270336K)
[944.977s][info ][gc,heap      ] GC(352) CMS: 283196K->283298K(600768K)
[944.977s][info ][gc,metaspace ] GC(352) Metaspace: 57033K->57033K(1101824K)
[944.977s][info ][gc           ] GC(352) Pause Young (Allocation Failure) 513M->279M(850M) 3.595ms
[944.977s][info ][gc,cpu       ] GC(352) User=0.01s Sys=0.00s Real=0.01s
[944.977s][info ][safepoint    ] Leaving safepoint region
[944.977s][info ][safepoint    ] Total time for which application threads were stopped: 0.0037475 seconds, Stopping threads took: 0.0000158 seconds
[945.977s][info ][safepoint    ] Application time: 1.0001076 seconds
[945.977s][info ][safepoint    ] Entering safepoint region: Cleanup
[945.977s][info ][safepoint    ] Leaving safepoint region
[945.977s][info ][safepoint    ] Total time for which application threads were stopped: 0.0000813 seconds, Stopping threads took: 0.0000161 seconds
[946.977s][info ][safepoint    ] Application time: 1.0000836 seconds
[946.977s][info ][safepoint    ] Entering safepoint region: Cleanup
[946.977s][info ][safepoint    ] Leaving safepoint region
[946.977s][info ][safepoint    ] Total time for which application threads were stopped: 0.0000698 seconds, Stopping threads took: 0.0000159 seconds
[947.977s][info ][safepoint    ] Application time: 1.0000817 seconds
[947.977s][info ][safepoint    ] Entering safepoint region: Cleanup
[947.977s][info ][safepoint    ] Leaving safepoint region
[947.977s][info ][safepoint    ] Total time for which application threads were stopped: 0.0000705 seconds, Stopping threads took: 0.0000154 seconds
[948.472s][info ][safepoint    ] Application time: 0.4943319 seconds
[948.472s][info ][safepoint    ] Entering safepoint region: GenCollectForAllocation
[948.472s][info ][gc,start     ] GC(353) Pause Young (Allocation Failure)
[948.472s][info ][gc,task      ] GC(353) Using 4 workers of 4 for evacuation
[948.475s][debug][gc,ref       ] GC(353) Skipped phase1 of Reference Processing due to unavailable references
[948.475s][debug][gc,ref       ] GC(353) Skipped phase2 of Reference Processing due to unavailable references
[948.475s][debug][gc,ref       ] GC(353) Skipped phase3 of Reference Processing due to unavailable references
[948.476s][debug][gc,ref       ] GC(353) Skipped phase4 of Reference Processing due to unavailable references
[948.476s][debug][gc,age       ] GC(353) Desired survivor size 15368192 bytes, new threshold 6 (max threshold 6)
[948.476s][info ][gc,heap      ] GC(353) ParNew: 243243K->3932K(270336K)
[948.476s][info ][gc,heap      ] GC(353) CMS: 283298K->283394K(600768K)
[948.476s][info ][gc,metaspace ] GC(353) Metaspace: 57036K->57036K(1101824K)
[948.476s][info ][gc           ] GC(353) Pause Young (Allocation Failure) 514M->280M(850M) 3.778ms
[948.476s][info ][gc,cpu       ] GC(353) User=0.02s Sys=0.00s Real=0.01s
[948.476s][info ][safepoint    ] Leaving safepoint region
[948.476s][info ][safepoint    ] Total time for which application threads were stopped: 0.0039350 seconds, Stopping threads took: 0.0000157 seconds
[949.476s][info ][safepoint    ] Application time: 1.0001002 seconds
[949.476s][info ][safepoint    ] Entering safepoint region: Cleanup
[949.476s][info ][safepoint    ] Leaving safepoint region
[949.476s][info ][safepoint    ] Total time for which application threads were stopped: 0.0000728 seconds, Stopping threads took: 0.0000188 seconds
[950.476s][info ][safepoint    ] Application time: 1.0000884 seconds
[950.476s][info ][safepoint    ] Entering safepoint region: Cleanup
[950.476s][info ][safepoint    ] Leaving safepoint region
[950.476s][info ][safepoint    ] Total time for which application threads were stopped: 0.0000720 seconds, Stopping threads took: 0.0000172 seconds
[951.476s][info ][safepoint    ] Application time: 1.0000890 seconds
[951.476s][info ][safepoint    ] Entering safepoint region: Cleanup
[951.476s][info ][safepoint    ] Leaving safepoint region
[951.476s][info ][safepoint    ] Total time for which application threads were stopped: 0.0000829 seconds, Stopping threads took: 0.0000283 seconds
[952.068s][info ][safepoint    ] Application time: 0.5919739 seconds
[952.068s][info ][safepoint    ] Entering safepoint region: GenCollectForAllocation
[952.069s][info ][gc,start     ] GC(354) Pause Young (Allocation Failure)
[952.069s][info ][gc,task      ] GC(354) Using 4 workers of 4 for evacuation
[952.072s][debug][gc,ref       ] GC(354) Skipped phase1 of Reference Processing due to unavailable references
[952.072s][debug][gc,ref       ] GC(354) Skipped phase2 of Reference Processing due to unavailable references
[952.072s][debug][gc,ref       ] GC(354) Skipped phase3 of Reference Processing due to unavailable references
[952.072s][debug][gc,ref       ] GC(354) Skipped phase4 of Reference Processing due to unavailable references
[952.072s][debug][gc,age       ] GC(354) Desired survivor size 15368192 bytes, new threshold 6 (max threshold 6)
[952.072s][info ][gc,heap      ] GC(354) ParNew: 244252K->3438K(270336K)
[952.072s][info ][gc,heap      ] GC(354) CMS: 283394K->283513K(600768K)
[952.072s][info ][gc,metaspace ] GC(354) Metaspace: 57037K->57037K(1101824K)
[952.072s][info ][gc           ] GC(354) Pause Young (Allocation Failure) 515M->280M(850M) 3.700ms
[952.072s][info ][gc,cpu       ] GC(354) User=0.01s Sys=0.00s Real=0.00s
[952.072s][info ][safepoint    ] Leaving safepoint region
[952.072s][info ][safepoint    ] Total time for which application threads were stopped: 0.0038607 seconds, Stopping threads took: 0.0000325 seconds
[953.072s][info ][safepoint    ] Application time: 1.0001717 seconds
[953.073s][info ][safepoint    ] Entering safepoint region: Cleanup
[953.073s][info ][safepoint    ] Leaving safepoint region
[953.073s][info ][safepoint    ] Total time for which application threads were stopped: 0.0001326 seconds, Stopping threads took: 0.0000595 seconds
[954.073s][info ][safepoint    ] Application time: 1.0001699 seconds
[954.073s][info ][safepoint    ] Entering safepoint region: Cleanup
[954.073s][info ][safepoint    ] Leaving safepoint region
[954.073s][info ][safepoint    ] Total time for which application threads were stopped: 0.0001148 seconds, Stopping threads took: 0.0000403 seconds
[955.073s][info ][safepoint    ] Application time: 1.0001021 seconds
[955.073s][info ][safepoint    ] Entering safepoint region: Cleanup
[955.073s][info ][safepoint    ] Leaving safepoint region
[955.073s][info ][safepoint    ] Total time for which application threads were stopped: 0.0001332 seconds, Stopping threads took: 0.0000656 seconds
[955.774s][info ][safepoint    ] Application time: 0.7007760 seconds
[955.774s][info ][safepoint    ] Entering safepoint region: GenCollectForAllocation
[955.774s][info ][gc,start     ] GC(355) Pause Young (Allocation Failure)
[955.774s][info ][gc,task      ] GC(355) Using 4 workers of 4 for evacuation
[955.777s][debug][gc,ref       ] GC(355) Skipped phase1 of Reference Processing due to unavailable references
[955.777s][debug][gc,ref       ] GC(355) Skipped phase2 of Reference Processing due to unavailable references
[955.777s][debug][gc,ref       ] GC(355) Skipped phase3 of Reference Processing due to unavailable references
[955.778s][debug][gc,ref       ] GC(355) Skipped phase4 of Reference Processing due to unavailable references
[955.778s][debug][gc,age       ] GC(355) Desired survivor size 15368192 bytes, new threshold 6 (max threshold 6)
[955.778s][info ][gc,heap      ] GC(355) ParNew: 243758K->3726K(270336K)
[955.778s][info ][gc,heap      ] GC(355) CMS: 283513K->283598K(600768K)
[955.778s][info ][gc,metaspace ] GC(355) Metaspace: 57037K->57037K(1101824K)
[955.778s][info ][gc           ] GC(355) Pause Young (Allocation Failure) 514M->280M(850M) 3.509ms
[955.778s][info ][gc,cpu       ] GC(355) User=0.01s Sys=0.00s Real=0.00s
[955.778s][info ][safepoint    ] Leaving safepoint region
[955.778s][info ][safepoint    ] Total time for which application threads were stopped: 0.0036636 seconds, Stopping threads took: 0.0000148 seconds
[956.778s][info ][safepoint    ] Application time: 1.0001048 seconds
[956.778s][info ][safepoint    ] Entering safepoint region: Cleanup
[956.778s][info ][safepoint    ] Leaving safepoint region
[956.778s][info ][safepoint    ] Total time for which application threads were stopped: 0.0000689 seconds, Stopping threads took: 0.0000154 seconds
[957.778s][info ][safepoint    ] Application time: 1.0002807 seconds
[957.778s][info ][safepoint    ] Entering safepoint region: Cleanup
[957.778s][info ][safepoint    ] Leaving safepoint region
[957.778s][info ][safepoint    ] Total time for which application threads were stopped: 0.0000851 seconds, Stopping threads took: 0.0000305 seconds
[958.779s][info ][safepoint    ] Application time: 1.0000972 seconds
[958.779s][info ][safepoint    ] Entering safepoint region: Cleanup
[958.779s][info ][safepoint    ] Leaving safepoint region
[958.779s][info ][safepoint    ] Total time for which application threads were stopped: 0.0001105 seconds, Stopping threads took: 0.0000352 seconds
[959.367s][info ][safepoint    ] Application time: 0.5880880 seconds
[959.367s][info ][safepoint    ] Entering safepoint region: GenCollectForAllocation
[959.367s][info ][gc,start     ] GC(356) Pause Young (Allocation Failure)
[959.367s][info ][gc,task      ] GC(356) Using 4 workers of 4 for evacuation
[959.370s][debug][gc,ref       ] GC(356) Skipped phase1 of Reference Processing due to unavailable references
[959.370s][debug][gc,ref       ] GC(356) Skipped phase2 of Reference Processing due to unavailable references
[959.370s][debug][gc,ref       ] GC(356) Skipped phase3 of Reference Processing due to unavailable references
[959.370s][debug][gc,ref       ] GC(356) Skipped phase4 of Reference Processing due to unavailable references
[959.370s][debug][gc,age       ] GC(356) Desired survivor size 15368192 bytes, new threshold 6 (max threshold 6)
[959.370s][info ][gc,heap      ] GC(356) ParNew: 244046K->3157K(270336K)
[959.370s][info ][gc,heap      ] GC(356) CMS: 283598K->283864K(600768K)
[959.370s][info ][gc,metaspace ] GC(356) Metaspace: 57037K->57037K(1101824K)
[959.370s][info ][gc           ] GC(356) Pause Young (Allocation Failure) 515M->280M(850M) 3.352ms
[959.370s][info ][gc,cpu       ] GC(356) User=0.01s Sys=0.00s Real=0.00s
[959.370s][info ][safepoint    ] Leaving safepoint region
[959.370s][info ][safepoint    ] Total time for which application threads were stopped: 0.0035412 seconds, Stopping threads took: 0.0000147 seconds
[960.370s][info ][safepoint    ] Application time: 1.0000975 seconds
[960.370s][info ][safepoint    ] Entering safepoint region: Cleanup
[960.371s][info ][safepoint    ] Leaving safepoint region
[960.371s][info ][safepoint    ] Total time for which application threads were stopped: 0.0001293 seconds, Stopping threads took: 0.0000429 seconds
[961.371s][info ][safepoint    ] Application time: 1.0001013 seconds
[961.371s][info ][safepoint    ] Entering safepoint region: Cleanup
[961.371s][info ][safepoint    ] Leaving safepoint region
[961.371s][info ][safepoint    ] Total time for which application threads were stopped: 0.0001338 seconds, Stopping threads took: 0.0000705 seconds
[962.371s][info ][safepoint    ] Application time: 1.0000931 seconds
[962.371s][info ][safepoint    ] Entering safepoint region: Cleanup
[962.371s][info ][safepoint    ] Leaving safepoint region
[962.371s][info ][safepoint    ] Total time for which application threads were stopped: 0.0001484 seconds, Stopping threads took: 0.0000771 seconds
[963.070s][info ][safepoint    ] Application time: 0.6986954 seconds
[963.070s][info ][safepoint    ] Entering safepoint region: GenCollectForAllocation
[963.070s][info ][gc,start     ] GC(357) Pause Young (Allocation Failure)
[963.070s][info ][gc,task      ] GC(357) Using 4 workers of 4 for evacuation
[963.073s][debug][gc,ref       ] GC(357) Skipped phase1 of Reference Processing due to unavailable references
[963.073s][debug][gc,ref       ] GC(357) Skipped phase2 of Reference Processing due to unavailable references
[963.073s][debug][gc,ref       ] GC(357) Skipped phase3 of Reference Processing due to unavailable references
[963.073s][debug][gc,ref       ] GC(357) Skipped phase4 of Reference Processing due to unavailable references
[963.073s][debug][gc,age       ] GC(357) Desired survivor size 15368192 bytes, new threshold 6 (max threshold 6)
[963.073s][info ][gc,heap      ] GC(357) ParNew: 243477K->2925K(270336K)
[963.073s][info ][gc,heap      ] GC(357) CMS: 283864K->284059K(600768K)
[963.073s][info ][gc,metaspace ] GC(357) Metaspace: 57048K->57048K(1101824K)
[963.073s][info ][gc           ] GC(357) Pause Young (Allocation Failure) 514M->280M(850M) 3.297ms
[963.073s][info ][gc,cpu       ] GC(357) User=0.01s Sys=0.00s Real=0.00s
[963.073s][info ][safepoint    ] Leaving safepoint region
[963.073s][info ][safepoint    ] Total time for which application threads were stopped: 0.0034480 seconds, Stopping threads took: 0.0000159 seconds
[964.073s][info ][safepoint    ] Application time: 1.0000999 seconds
[964.074s][info ][safepoint    ] Entering safepoint region: Cleanup
[964.074s][info ][safepoint    ] Leaving safepoint region
[964.074s][info ][safepoint    ] Total time for which application threads were stopped: 0.0001448 seconds, Stopping threads took: 0.0000820 seconds
[965.074s][info ][safepoint    ] Application time: 1.0001081 seconds
[965.074s][info ][safepoint    ] Entering safepoint region: Cleanup
[965.074s][info ][safepoint    ] Leaving safepoint region
[965.074s][info ][safepoint    ] Total time for which application threads were stopped: 0.0001378 seconds, Stopping threads took: 0.0000617 seconds
[966.074s][info ][safepoint    ] Application time: 1.0000957 seconds
[966.074s][info ][safepoint    ] Entering safepoint region: Cleanup
[966.074s][info ][safepoint    ] Leaving safepoint region
[966.074s][info ][safepoint    ] Total time for which application threads were stopped: 0.0001262 seconds, Stopping threads took: 0.0000636 seconds
[966.870s][info ][safepoint    ] Application time: 0.7958548 seconds
[966.870s][info ][safepoint    ] Entering safepoint region: GenCollectForAllocation
[966.870s][info ][gc,start     ] GC(358) Pause Young (Allocation Failure)
[966.870s][info ][gc,task      ] GC(358) Using 4 workers of 4 for evacuation
[966.874s][debug][gc,ref       ] GC(358) Skipped phase1 of Reference Processing due to unavailable references
[966.874s][debug][gc,ref       ] GC(358) Skipped phase2 of Reference Processing due to unavailable references
[966.874s][debug][gc,ref       ] GC(358) Skipped phase3 of Reference Processing due to unavailable references
[966.874s][debug][gc,ref       ] GC(358) Skipped phase4 of Reference Processing due to unavailable references
[966.874s][debug][gc,age       ] GC(358) Desired survivor size 15368192 bytes, new threshold 6 (max threshold 6)
[966.874s][info ][gc,heap      ] GC(358) ParNew: 243245K->3313K(270336K)
[966.874s][info ][gc,heap      ] GC(358) CMS: 284059K->284407K(600768K)
[966.874s][info ][gc,metaspace ] GC(358) Metaspace: 57048K->57048K(1101824K)
[966.874s][info ][gc           ] GC(358) Pause Young (Allocation Failure) 514M->280M(850M) 3.777ms
[966.874s][info ][gc,cpu       ] GC(358) User=0.02s Sys=0.00s Real=0.01s
[966.874s][info ][safepoint    ] Leaving safepoint region
[966.874s][info ][safepoint    ] Total time for which application threads were stopped: 0.0039281 seconds, Stopping threads took: 0.0000147 seconds
[967.874s][info ][safepoint    ] Application time: 1.0000648 seconds
[967.874s][info ][safepoint    ] Entering safepoint region: Cleanup
[967.874s][info ][safepoint    ] Leaving safepoint region
[967.874s][info ][safepoint    ] Total time for which application threads were stopped: 0.0001216 seconds, Stopping threads took: 0.0000465 seconds
[968.874s][info ][safepoint    ] Application time: 1.0000962 seconds
[968.874s][info ][safepoint    ] Entering safepoint region: Cleanup
[968.874s][info ][safepoint    ] Leaving safepoint region
[968.874s][info ][safepoint    ] Total time for which application threads were stopped: 0.0000691 seconds, Stopping threads took: 0.0000149 seconds
[969.875s][info ][safepoint    ] Application time: 1.0001048 seconds
[969.875s][info ][safepoint    ] Entering safepoint region: Cleanup
[969.875s][info ][safepoint    ] Leaving safepoint region
[969.875s][info ][safepoint    ] Total time for which application threads were stopped: 0.0000696 seconds, Stopping threads took: 0.0000147 seconds
[970.668s][info ][safepoint    ] Application time: 0.7934291 seconds
[970.668s][info ][safepoint    ] Entering safepoint region: GenCollectForAllocation
[970.668s][info ][gc,start     ] GC(359) Pause Young (Allocation Failure)
[970.668s][info ][gc,task      ] GC(359) Using 4 workers of 4 for evacuation
[970.672s][debug][gc,ref       ] GC(359) Skipped phase1 of Reference Processing due to unavailable references
[970.673s][debug][gc,ref       ] GC(359) Skipped phase2 of Reference Processing due to unavailable references
[970.673s][debug][gc,ref       ] GC(359) Skipped phase3 of Reference Processing due to unavailable references
[970.673s][debug][gc,ref       ] GC(359) Skipped phase4 of Reference Processing due to unavailable references
[970.673s][debug][gc,age       ] GC(359) Desired survivor size 15368192 bytes, new threshold 6 (max threshold 6)
[970.673s][info ][gc,heap      ] GC(359) ParNew: 243633K->2678K(270336K)
[970.673s][info ][gc,heap      ] GC(359) CMS: 284407K->285531K(600768K)
[970.673s][info ][gc,metaspace ] GC(359) Metaspace: 57048K->57048K(1101824K)
[970.673s][info ][gc           ] GC(359) Pause Young (Allocation Failure) 515M->281M(850M) 4.582ms
[970.673s][info ][gc,cpu       ] GC(359) User=0.01s Sys=0.01s Real=0.00s
[970.673s][info ][safepoint    ] Leaving safepoint region
[970.673s][info ][safepoint    ] Total time for which application threads were stopped: 0.0047339 seconds, Stopping threads took: 0.0000155 seconds
[971.673s][info ][safepoint    ] Application time: 1.0000890 seconds
[971.673s][info ][safepoint    ] Entering safepoint region: Cleanup
[971.673s][info ][safepoint    ] Leaving safepoint region
[971.673s][info ][safepoint    ] Total time for which application threads were stopped: 0.0001149 seconds, Stopping threads took: 0.0000460 seconds
[972.673s][info ][safepoint    ] Application time: 1.0000999 seconds
[972.675s][info ][safepoint    ] Entering safepoint region: Cleanup
[972.675s][info ][safepoint    ] Leaving safepoint region
[972.675s][info ][safepoint    ] Total time for which application threads were stopped: 0.0018427 seconds, Stopping threads took: 0.0017678 seconds
[973.675s][info ][safepoint    ] Application time: 1.0000957 seconds
[973.675s][info ][safepoint    ] Entering safepoint region: Cleanup
[973.675s][info ][safepoint    ] Leaving safepoint region
[973.675s][info ][safepoint    ] Total time for which application threads were stopped: 0.0000675 seconds, Stopping threads took: 0.0000148 seconds
[974.572s][info ][safepoint    ] Application time: 0.8967887 seconds
[974.572s][info ][safepoint    ] Entering safepoint region: GenCollectForAllocation
[974.572s][info ][gc,start     ] GC(360) Pause Young (Allocation Failure)
[974.572s][info ][gc,task      ] GC(360) Using 4 workers of 4 for evacuation
[974.575s][debug][gc,ref       ] GC(360) Skipped phase1 of Reference Processing due to unavailable references
[974.575s][debug][gc,ref       ] GC(360) Skipped phase2 of Reference Processing due to unavailable references
[974.575s][debug][gc,ref       ] GC(360) Skipped phase3 of Reference Processing due to unavailable references
[974.575s][debug][gc,ref       ] GC(360) Skipped phase4 of Reference Processing due to unavailable references
[974.575s][debug][gc,age       ] GC(360) Desired survivor size 15368192 bytes, new threshold 6 (max threshold 6)
[974.575s][info ][gc,heap      ] GC(360) ParNew: 242998K->1426K(270336K)
[974.575s][info ][gc,heap      ] GC(360) CMS: 285531K->285741K(600768K)
[974.575s][info ][gc,metaspace ] GC(360) Metaspace: 57048K->57048K(1101824K)
[974.575s][info ][gc           ] GC(360) Pause Young (Allocation Failure) 516M->280M(850M) 2.811ms
[974.575s][info ][gc,cpu       ] GC(360) User=0.01s Sys=0.00s Real=0.01s
[974.575s][info ][safepoint    ] Leaving safepoint region
[974.575s][info ][safepoint    ] Total time for which application threads were stopped: 0.0030135 seconds, Stopping threads took: 0.0000153 seconds
[975.575s][info ][safepoint    ] Application time: 1.0001314 seconds
[975.575s][info ][safepoint    ] Entering safepoint region: Cleanup
[975.575s][info ][safepoint    ] Leaving safepoint region
[975.575s][info ][safepoint    ] Total time for which application threads were stopped: 0.0000705 seconds, Stopping threads took: 0.0000161 seconds
[976.576s][info ][safepoint    ] Application time: 1.0000842 seconds
[976.576s][info ][safepoint    ] Entering safepoint region: Cleanup
[976.576s][info ][safepoint    ] Leaving safepoint region
[976.576s][info ][safepoint    ] Total time for which application threads were stopped: 0.0000721 seconds, Stopping threads took: 0.0000167 seconds
[977.576s][info ][safepoint    ] Application time: 1.0000931 seconds
[977.576s][info ][safepoint    ] Entering safepoint region: Cleanup
[977.576s][info ][safepoint    ] Leaving safepoint region
[977.576s][info ][safepoint    ] Total time for which application threads were stopped: 0.0000709 seconds, Stopping threads took: 0.0000159 seconds
[978.416s][info ][safepoint    ] Application time: 0.8400530 seconds
[978.416s][info ][safepoint    ] Entering safepoint region: GenCollectForAllocation
[978.416s][info ][gc,start     ] GC(361) Pause Young (Allocation Failure)
[978.416s][info ][gc,task      ] GC(361) Using 4 workers of 4 for evacuation
[978.419s][debug][gc,ref       ] GC(361) Skipped phase1 of Reference Processing due to unavailable references
[978.419s][debug][gc,ref       ] GC(361) Skipped phase2 of Reference Processing due to unavailable references
[978.419s][debug][gc,ref       ] GC(361) Skipped phase3 of Reference Processing due to unavailable references
[978.419s][debug][gc,ref       ] GC(361) Skipped phase4 of Reference Processing due to unavailable references
[978.419s][debug][gc,age       ] GC(361) Desired survivor size 15368192 bytes, new threshold 6 (max threshold 6)
[978.419s][info ][gc,heap      ] GC(361) ParNew: 241746K->1318K(270336K)
[978.419s][info ][gc,heap      ] GC(361) CMS: 285741K->285857K(600768K)
[978.419s][info ][gc,metaspace ] GC(361) Metaspace: 57048K->57048K(1101824K)
[978.419s][info ][gc           ] GC(361) Pause Young (Allocation Failure) 515M->280M(850M) 2.831ms
[978.419s][info ][gc,cpu       ] GC(361) User=0.02s Sys=0.00s Real=0.00s
[978.419s][info ][safepoint    ] Leaving safepoint region
[978.419s][info ][safepoint    ] Total time for which application threads were stopped: 0.0029966 seconds, Stopping threads took: 0.0000147 seconds
[979.419s][info ][safepoint    ] Application time: 1.0000992 seconds
[979.419s][info ][safepoint    ] Entering safepoint region: Cleanup
[979.419s][info ][safepoint    ] Leaving safepoint region
[979.419s][info ][safepoint    ] Total time for which application threads were stopped: 0.0001252 seconds, Stopping threads took: 0.0000577 seconds
[980.419s][info ][safepoint    ] Application time: 1.0001454 seconds
[980.419s][info ][safepoint    ] Entering safepoint region: Cleanup
[980.419s][info ][safepoint    ] Leaving safepoint region
[980.419s][info ][safepoint    ] Total time for which application threads were stopped: 0.0001372 seconds, Stopping threads took: 0.0000692 seconds
[981.420s][info ][safepoint    ] Application time: 1.0000982 seconds
[981.420s][info ][safepoint    ] Entering safepoint region: Cleanup
[981.420s][info ][safepoint    ] Leaving safepoint region
[981.420s][info ][safepoint    ] Total time for which application threads were stopped: 0.0001470 seconds, Stopping threads took: 0.0000693 seconds
[981.839s][info ][safepoint    ] Application time: 0.4187642 seconds
[981.839s][info ][safepoint    ] Entering safepoint region: GenCollectForAllocation
[981.839s][info ][safepoint    ] Leaving safepoint region
[981.839s][info ][safepoint    ] Total time for which application threads were stopped: 0.0001009 seconds, Stopping threads took: 0.0000134 seconds
[981.839s][info ][safepoint    ] Application time: 0.0000577 seconds
[981.839s][info ][safepoint    ] Entering safepoint region: GenCollectFull
[981.839s][info ][gc,start     ] GC(362) Pause Young (GCLocker Initiated GC)
[981.839s][info ][gc,task      ] GC(362) Using 4 workers of 4 for evacuation
[981.842s][debug][gc,ref       ] GC(362) Skipped phase1 of Reference Processing due to unavailable references
[981.842s][debug][gc,ref       ] GC(362) Skipped phase2 of Reference Processing due to unavailable references
[981.842s][debug][gc,ref       ] GC(362) Skipped phase3 of Reference Processing due to unavailable references
[981.842s][debug][gc,ref       ] GC(362) Skipped phase4 of Reference Processing due to unavailable references
[981.842s][debug][gc,age       ] GC(362) Desired survivor size 15368192 bytes, new threshold 6 (max threshold 6)
[981.842s][info ][gc,heap      ] GC(362) ParNew: 241638K->2737K(270336K)
[981.842s][info ][gc,heap      ] GC(362) CMS: 285857K->285906K(600768K)
[981.842s][info ][gc,metaspace ] GC(362) Metaspace: 57048K->57048K(1101824K)
[981.842s][info ][gc           ] GC(362) Pause Young (GCLocker Initiated GC) 515M->281M(850M) 2.895ms
[981.842s][info ][gc,cpu       ] GC(362) User=0.01s Sys=0.00s Real=0.00s
[981.842s][info ][safepoint    ] Leaving safepoint region
[981.842s][info ][safepoint    ] Total time for which application threads were stopped: 0.0029803 seconds, Stopping threads took: 0.0000050 seconds
[982.842s][info ][safepoint    ] Application time: 1.0002022 seconds
[982.843s][info ][safepoint    ] Entering safepoint region: Cleanup
[982.843s][info ][safepoint    ] Leaving safepoint region
[982.843s][info ][safepoint    ] Total time for which application threads were stopped: 0.0001029 seconds, Stopping threads took: 0.0000328 seconds
[983.843s][info ][safepoint    ] Application time: 1.0000963 seconds
[983.843s][info ][safepoint    ] Entering safepoint region: Cleanup
[983.843s][info ][safepoint    ] Leaving safepoint region
[983.843s][info ][safepoint    ] Total time for which application threads were stopped: 0.0000809 seconds, Stopping threads took: 0.0000271 seconds
[984.843s][info ][safepoint    ] Application time: 1.0000832 seconds
[984.843s][info ][safepoint    ] Entering safepoint region: Cleanup
[984.843s][info ][safepoint    ] Leaving safepoint region
[984.843s][info ][safepoint    ] Total time for which application threads were stopped: 0.0000677 seconds, Stopping threads took: 0.0000157 seconds
[985.290s][info ][safepoint    ] Application time: 0.4469387 seconds
[985.290s][info ][safepoint    ] Entering safepoint region: GenCollectForAllocation
[985.290s][info ][gc,start     ] GC(363) Pause Young (Allocation Failure)
[985.290s][info ][gc,task      ] GC(363) Using 4 workers of 4 for evacuation
[985.300s][debug][gc,ref       ] GC(363) Skipped phase1 of Reference Processing due to unavailable references
[985.300s][debug][gc,ref       ] GC(363) Skipped phase2 of Reference Processing due to unavailable references
[985.300s][debug][gc,ref       ] GC(363) Skipped phase3 of Reference Processing due to unavailable references
[985.300s][debug][gc,ref       ] GC(363) Skipped phase4 of Reference Processing due to unavailable references
[985.300s][debug][gc,age       ] GC(363) Desired survivor size 15368192 bytes, new threshold 6 (max threshold 6)
[985.300s][info ][gc,heap      ] GC(363) ParNew: 243057K->2680K(270336K)
[985.300s][info ][gc,heap      ] GC(363) CMS: 285906K->286050K(600768K)
[985.300s][info ][gc,metaspace ] GC(363) Metaspace: 57049K->57049K(1101824K)
[985.300s][info ][gc           ] GC(363) Pause Young (Allocation Failure) 516M->281M(850M) 10.074ms
[985.300s][info ][gc,cpu       ] GC(363) User=0.02s Sys=0.00s Real=0.01s
[985.300s][info ][safepoint    ] Leaving safepoint region
[985.300s][info ][safepoint    ] Total time for which application threads were stopped: 0.0102573 seconds, Stopping threads took: 0.0000541 seconds
[986.301s][info ][safepoint    ] Application time: 1.0001153 seconds
[986.301s][info ][safepoint    ] Entering safepoint region: Cleanup
[986.301s][info ][safepoint    ] Leaving safepoint region
[986.301s][info ][safepoint    ] Total time for which application threads were stopped: 0.0000969 seconds, Stopping threads took: 0.0000148 seconds
[987.301s][info ][safepoint    ] Application time: 1.0000862 seconds
[987.301s][info ][safepoint    ] Entering safepoint region: Cleanup
[987.301s][info ][safepoint    ] Leaving safepoint region
[987.301s][info ][safepoint    ] Total time for which application threads were stopped: 0.0000741 seconds, Stopping threads took: 0.0000165 seconds
[988.301s][info ][safepoint    ] Application time: 1.0000904 seconds
[988.301s][info ][safepoint    ] Entering safepoint region: Cleanup
[988.301s][info ][safepoint    ] Leaving safepoint region
[988.301s][info ][safepoint    ] Total time for which application threads were stopped: 0.0001145 seconds, Stopping threads took: 0.0000320 seconds
[989.023s][info ][safepoint    ] Application time: 0.7217732 seconds
[989.023s][info ][safepoint    ] Entering safepoint region: GenCollectForAllocation
[989.023s][info ][gc,start     ] GC(364) Pause Young (Allocation Failure)
[989.023s][info ][gc,task      ] GC(364) Using 4 workers of 4 for evacuation
[989.027s][debug][gc,ref       ] GC(364) Skipped phase1 of Reference Processing due to unavailable references
[989.027s][debug][gc,ref       ] GC(364) Skipped phase3 of Reference Processing due to unavailable references
[989.027s][debug][gc,age       ] GC(364) Desired survivor size 15368192 bytes, new threshold 6 (max threshold 6)
[989.027s][info ][gc,heap      ] GC(364) ParNew: 243000K->2843K(270336K)
[989.027s][info ][gc,heap      ] GC(364) CMS: 286050K->286354K(600768K)
[989.027s][info ][gc,metaspace ] GC(364) Metaspace: 57096K->57096K(1101824K)
[989.027s][info ][gc           ] GC(364) Pause Young (Allocation Failure) 516M->282M(850M) 3.931ms
[989.027s][info ][gc,cpu       ] GC(364) User=0.01s Sys=0.00s Real=0.01s
[989.027s][info ][safepoint    ] Leaving safepoint region
[989.027s][info ][safepoint    ] Total time for which application threads were stopped: 0.0040846 seconds, Stopping threads took: 0.0000131 seconds
[990.027s][info ][safepoint    ] Application time: 1.0000939 seconds
[990.027s][info ][safepoint    ] Entering safepoint region: Cleanup
[990.027s][info ][safepoint    ] Leaving safepoint region
[990.027s][info ][safepoint    ] Total time for which application threads were stopped: 0.0000833 seconds, Stopping threads took: 0.0000162 seconds
[991.027s][info ][safepoint    ] Application time: 1.0000889 seconds
[991.027s][info ][safepoint    ] Entering safepoint region: Cleanup
[991.027s][info ][safepoint    ] Leaving safepoint region
[991.027s][info ][safepoint    ] Total time for which application threads were stopped: 0.0000874 seconds, Stopping threads took: 0.0000286 seconds
[992.028s][info ][safepoint    ] Application time: 1.0000826 seconds
[992.028s][info ][safepoint    ] Entering safepoint region: Cleanup
[992.028s][info ][safepoint    ] Leaving safepoint region
[992.028s][info ][safepoint    ] Total time for which application threads were stopped: 0.0000936 seconds, Stopping threads took: 0.0000183 seconds
[992.819s][info ][safepoint    ] Application time: 0.7911890 seconds
[992.819s][info ][safepoint    ] Entering safepoint region: GenCollectForAllocation
[992.819s][info ][gc,start     ] GC(365) Pause Young (Allocation Failure)
[992.819s][info ][gc,task      ] GC(365) Using 4 workers of 4 for evacuation
[992.822s][debug][gc,ref       ] GC(365) Skipped phase1 of Reference Processing due to unavailable references
[992.822s][debug][gc,ref       ] GC(365) Skipped phase3 of Reference Processing due to unavailable references
[992.822s][debug][gc,age       ] GC(365) Desired survivor size 15368192 bytes, new threshold 6 (max threshold 6)
[992.822s][info ][gc,heap      ] GC(365) ParNew: 243163K->2131K(270336K)
[992.822s][info ][gc,heap      ] GC(365) CMS: 286354K->286436K(600768K)
[992.822s][info ][gc,metaspace ] GC(365) Metaspace: 57113K->57113K(1101824K)
[992.822s][info ][gc           ] GC(365) Pause Young (Allocation Failure) 517M->281M(850M) 3.064ms
[992.822s][info ][gc,cpu       ] GC(365) User=0.01s Sys=0.00s Real=0.00s
[992.822s][info ][safepoint    ] Leaving safepoint region
[992.822s][info ][safepoint    ] Total time for which application threads were stopped: 0.0032295 seconds, Stopping threads took: 0.0000157 seconds
[993.822s][info ][safepoint    ] Application time: 1.0000947 seconds
[993.822s][info ][safepoint    ] Entering safepoint region: Cleanup
[993.822s][info ][safepoint    ] Leaving safepoint region
[993.822s][info ][safepoint    ] Total time for which application threads were stopped: 0.0001506 seconds, Stopping threads took: 0.0000776 seconds
[994.823s][info ][safepoint    ] Application time: 1.0001021 seconds
[994.823s][info ][safepoint    ] Entering safepoint region: Cleanup
[994.823s][info ][safepoint    ] Leaving safepoint region
[994.823s][info ][safepoint    ] Total time for which application threads were stopped: 0.0001432 seconds, Stopping threads took: 0.0000689 seconds
[995.823s][info ][safepoint    ] Application time: 1.0000970 seconds
[995.823s][info ][safepoint    ] Entering safepoint region: Cleanup
[995.823s][info ][safepoint    ] Leaving safepoint region
[995.823s][info ][safepoint    ] Total time for which application threads were stopped: 0.0001342 seconds, Stopping threads took: 0.0000660 seconds
[996.718s][info ][safepoint    ] Application time: 0.8953224 seconds
[996.718s][info ][safepoint    ] Entering safepoint region: GenCollectForAllocation
[996.718s][info ][gc,start     ] GC(366) Pause Young (Allocation Failure)
[996.718s][info ][gc,task      ] GC(366) Using 4 workers of 4 for evacuation
[996.722s][debug][gc,ref       ] GC(366) Skipped phase1 of Reference Processing due to unavailable references
[996.722s][debug][gc,ref       ] GC(366) Skipped phase3 of Reference Processing due to unavailable references
[996.722s][debug][gc,ref       ] GC(366) Skipped phase4 of Reference Processing due to unavailable references
[996.722s][debug][gc,age       ] GC(366) Desired survivor size 15368192 bytes, new threshold 6 (max threshold 6)
[996.722s][info ][gc,heap      ] GC(366) ParNew: 242451K->2358K(270336K)
[996.722s][info ][gc,heap      ] GC(366) CMS: 286436K->286540K(600768K)
[996.722s][info ][gc,metaspace ] GC(366) Metaspace: 57113K->57113K(1101824K)
[996.722s][info ][gc           ] GC(366) Pause Young (Allocation Failure) 516M->282M(850M) 3.912ms
[996.722s][info ][gc,cpu       ] GC(366) User=0.01s Sys=0.00s Real=0.00s
[996.722s][info ][safepoint    ] Leaving safepoint region
[996.722s][info ][safepoint    ] Total time for which application threads were stopped: 0.0040924 seconds, Stopping threads took: 0.0000154 seconds
[997.723s][info ][safepoint    ] Application time: 1.0001067 seconds
[997.723s][info ][safepoint    ] Entering safepoint region: Cleanup
[997.723s][info ][safepoint    ] Leaving safepoint region
[997.723s][info ][safepoint    ] Total time for which application threads were stopped: 0.0001613 seconds, Stopping threads took: 0.0000937 seconds
[998.723s][info ][safepoint    ] Application time: 1.0000862 seconds
[998.723s][info ][safepoint    ] Entering safepoint region: Cleanup
[998.723s][info ][safepoint    ] Leaving safepoint region
[998.723s][info ][safepoint    ] Total time for which application threads were stopped: 0.0001410 seconds, Stopping threads took: 0.0000786 seconds
[999.723s][info ][safepoint    ] Application time: 1.0000986 seconds
[999.723s][info ][safepoint    ] Entering safepoint region: Cleanup
[999.723s][info ][safepoint    ] Leaving safepoint region
[999.723s][info ][safepoint    ] Total time for which application threads were stopped: 0.0001425 seconds, Stopping threads took: 0.0000701 seconds
[1000.565s][info ][safepoint    ] Application time: 0.8419358 seconds
[1000.565s][info ][safepoint    ] Entering safepoint region: GenCollectForAllocation
[1000.565s][info ][gc,start     ] GC(367) Pause Young (Allocation Failure)
[1000.565s][info ][gc,task      ] GC(367) Using 4 workers of 4 for evacuation
[1000.568s][debug][gc,ref       ] GC(367) Skipped phase1 of Reference Processing due to unavailable references
[1000.568s][debug][gc,ref       ] GC(367) Skipped phase3 of Reference Processing due to unavailable references
[1000.568s][debug][gc,ref       ] GC(367) Skipped phase4 of Reference Processing due to unavailable references
[1000.568s][debug][gc,age       ] GC(367) Desired survivor size 15368192 bytes, new threshold 6 (max threshold 6)
[1000.568s][info ][gc,heap      ] GC(367) ParNew: 242678K->2848K(270336K)
[1000.568s][info ][gc,heap      ] GC(367) CMS: 286540K->286572K(600768K)
[1000.568s][info ][gc,metaspace ] GC(367) Metaspace: 57115K->57115K(1101824K)
[1000.568s][info ][gc           ] GC(367) Pause Young (Allocation Failure) 516M->282M(850M) 2.887ms
[1000.568s][info ][gc,cpu       ] GC(367) User=0.01s Sys=0.00s Real=0.01s
[1000.568s][info ][safepoint    ] Leaving safepoint region
[1000.568s][info ][safepoint    ] Total time for which application threads were stopped: 0.0030805 seconds, Stopping threads took: 0.0000530 seconds
[1001.568s][info ][safepoint    ] Application time: 1.0001018 seconds
[1001.569s][info ][safepoint    ] Entering safepoint region: Cleanup
[1001.569s][info ][safepoint    ] Leaving safepoint region
[1001.569s][info ][safepoint    ] Total time for which application threads were stopped: 0.0001270 seconds, Stopping threads took: 0.0000649 seconds
[1002.569s][info ][safepoint    ] Application time: 1.0001108 seconds
[1002.569s][info ][safepoint    ] Entering safepoint region: Cleanup
[1002.569s][info ][safepoint    ] Leaving safepoint region
[1002.569s][info ][safepoint    ] Total time for which application threads were stopped: 0.0001346 seconds, Stopping threads took: 0.0000615 seconds
[1003.569s][info ][safepoint    ] Application time: 1.0001048 seconds
[1003.569s][info ][safepoint    ] Entering safepoint region: Cleanup
[1003.569s][info ][safepoint    ] Leaving safepoint region
[1003.569s][info ][safepoint    ] Total time for which application threads were stopped: 0.0001498 seconds, Stopping threads took: 0.0000758 seconds
[1004.323s][info ][safepoint    ] Application time: 0.7539246 seconds
[1004.323s][info ][safepoint    ] Entering safepoint region: GenCollectForAllocation
[1004.323s][info ][gc,start     ] GC(368) Pause Young (Allocation Failure)
[1004.323s][info ][gc,task      ] GC(368) Using 4 workers of 4 for evacuation
[1004.327s][debug][gc,ref       ] GC(368) Skipped phase1 of Reference Processing due to unavailable references
[1004.327s][debug][gc,ref       ] GC(368) Skipped phase3 of Reference Processing due to unavailable references
[1004.327s][debug][gc,ref       ] GC(368) Skipped phase4 of Reference Processing due to unavailable references
[1004.327s][debug][gc,age       ] GC(368) Desired survivor size 15368192 bytes, new threshold 6 (max threshold 6)
[1004.327s][info ][gc,heap      ] GC(368) ParNew: 243168K->1984K(270336K)
[1004.327s][info ][gc,heap      ] GC(368) CMS: 286572K->287495K(600768K)
[1004.327s][info ][gc,metaspace ] GC(368) Metaspace: 57117K->57117K(1101824K)
[1004.327s][info ][gc           ] GC(368) Pause Young (Allocation Failure) 517M->282M(850M) 4.140ms
[1004.327s][info ][gc,cpu       ] GC(368) User=0.01s Sys=0.00s Real=0.01s
[1004.327s][info ][safepoint    ] Leaving safepoint region
[1004.327s][info ][safepoint    ] Total time for which application threads were stopped: 0.0042810 seconds, Stopping threads took: 0.0000142 seconds
[1005.328s][info ][safepoint    ] Application time: 1.0000968 seconds
[1005.328s][info ][safepoint    ] Entering safepoint region: Cleanup
[1005.328s][info ][safepoint    ] Leaving safepoint region
[1005.328s][info ][safepoint    ] Total time for which application threads were stopped: 0.0000734 seconds, Stopping threads took: 0.0000148 seconds
[1006.328s][info ][safepoint    ] Application time: 1.0000872 seconds
[1006.328s][info ][safepoint    ] Entering safepoint region: Cleanup
[1006.328s][info ][safepoint    ] Leaving safepoint region
[1006.328s][info ][safepoint    ] Total time for which application threads were stopped: 0.0000657 seconds, Stopping threads took: 0.0000148 seconds
[1007.328s][info ][safepoint    ] Application time: 1.0001862 seconds
[1007.328s][info ][safepoint    ] Entering safepoint region: Cleanup
[1007.328s][info ][safepoint    ] Leaving safepoint region
[1007.328s][info ][safepoint    ] Total time for which application threads were stopped: 0.0000806 seconds, Stopping threads took: 0.0000158 seconds
[1008.018s][info ][safepoint    ] Application time: 0.6901867 seconds
[1008.018s][info ][safepoint    ] Entering safepoint region: GenCollectForAllocation
[1008.018s][info ][gc,start     ] GC(369) Pause Young (Allocation Failure)
[1008.019s][info ][gc,task      ] GC(369) Using 4 workers of 4 for evacuation
[1008.021s][debug][gc,ref       ] GC(369) Skipped phase1 of Reference Processing due to unavailable references
[1008.021s][debug][gc,ref       ] GC(369) Skipped phase3 of Reference Processing due to unavailable references
[1008.021s][debug][gc,ref       ] GC(369) Skipped phase4 of Reference Processing due to unavailable references
[1008.021s][debug][gc,age       ] GC(369) Desired survivor size 15368192 bytes, new threshold 6 (max threshold 6)
[1008.021s][info ][gc,heap      ] GC(369) ParNew: 242304K->1466K(270336K)
[1008.021s][info ][gc,heap      ] GC(369) CMS: 287495K->287809K(600768K)
[1008.021s][info ][gc,metaspace ] GC(369) Metaspace: 57119K->57119K(1101824K)
[1008.021s][info ][gc           ] GC(369) Pause Young (Allocation Failure) 517M->282M(850M) 2.963ms
[1008.021s][info ][gc,cpu       ] GC(369) User=0.01s Sys=0.00s Real=0.00s
[1008.021s][info ][safepoint    ] Leaving safepoint region
[1008.021s][info ][safepoint    ] Total time for which application threads were stopped: 0.0031093 seconds, Stopping threads took: 0.0000139 seconds
[1009.022s][info ][safepoint    ] Application time: 1.0000964 seconds
[1009.022s][info ][safepoint    ] Entering safepoint region: Cleanup
[1009.022s][info ][safepoint    ] Leaving safepoint region
[1009.022s][info ][safepoint    ] Total time for which application threads were stopped: 0.0001398 seconds, Stopping threads took: 0.0000724 seconds
[1010.022s][info ][safepoint    ] Application time: 1.0001003 seconds
[1010.022s][info ][safepoint    ] Entering safepoint region: Cleanup
[1010.022s][info ][safepoint    ] Leaving safepoint region
[1010.022s][info ][safepoint    ] Total time for which application threads were stopped: 0.0001419 seconds, Stopping threads took: 0.0000647 seconds
[1011.022s][info ][safepoint    ] Application time: 1.0001143 seconds
[1011.022s][info ][safepoint    ] Entering safepoint region: Cleanup
[1011.022s][info ][safepoint    ] Leaving safepoint region
[1011.022s][info ][safepoint    ] Total time for which application threads were stopped: 0.0001771 seconds, Stopping threads took: 0.0001020 seconds
[1011.472s][info ][safepoint    ] Application time: 0.4500800 seconds
[1011.472s][info ][safepoint    ] Entering safepoint region: GenCollectForAllocation
[1011.473s][info ][gc,start     ] GC(370) Pause Young (Allocation Failure)
[1011.473s][info ][gc,task      ] GC(370) Using 4 workers of 4 for evacuation
[1011.475s][debug][gc,ref       ] GC(370) Skipped phase1 of Reference Processing due to unavailable references
[1011.475s][debug][gc,ref       ] GC(370) Skipped phase3 of Reference Processing due to unavailable references
[1011.475s][debug][gc,ref       ] GC(370) Skipped phase4 of Reference Processing due to unavailable references
[1011.476s][debug][gc,age       ] GC(370) Desired survivor size 15368192 bytes, new threshold 6 (max threshold 6)
[1011.476s][info ][gc,heap      ] GC(370) ParNew: 241786K->1650K(270336K)
[1011.476s][info ][gc,heap      ] GC(370) CMS: 287809K->287859K(600768K)
[1011.476s][info ][gc,metaspace ] GC(370) Metaspace: 57119K->57119K(1101824K)
[1011.476s][info ][gc           ] GC(370) Pause Young (Allocation Failure) 517M->282M(850M) 3.020ms
[1011.476s][info ][gc,cpu       ] GC(370) User=0.01s Sys=0.00s Real=0.01s
[1011.476s][info ][safepoint    ] Leaving safepoint region
[1011.476s][info ][safepoint    ] Total time for which application threads were stopped: 0.0031994 seconds, Stopping threads took: 0.0000143 seconds
[1012.476s][info ][safepoint    ] Application time: 1.0001061 seconds
[1012.476s][info ][safepoint    ] Entering safepoint region: Cleanup
[1012.476s][info ][safepoint    ] Leaving safepoint region
[1012.476s][info ][safepoint    ] Total time for which application threads were stopped: 0.0000694 seconds, Stopping threads took: 0.0000160 seconds
[1013.476s][info ][safepoint    ] Application time: 1.0000827 seconds
[1013.476s][info ][safepoint    ] Entering safepoint region: Cleanup
[1013.476s][info ][safepoint    ] Leaving safepoint region
[1013.476s][info ][safepoint    ] Total time for which application threads were stopped: 0.0000985 seconds, Stopping threads took: 0.0000316 seconds
[1014.476s][info ][safepoint    ] Application time: 1.0000950 seconds
[1014.476s][info ][safepoint    ] Entering safepoint region: Cleanup
[1014.476s][info ][safepoint    ] Leaving safepoint region
[1014.476s][info ][safepoint    ] Total time for which application threads were stopped: 0.0000686 seconds, Stopping threads took: 0.0000151 seconds
[1015.223s][info ][safepoint    ] Application time: 0.7463975 seconds
[1015.223s][info ][safepoint    ] Entering safepoint region: GenCollectForAllocation
[1015.223s][info ][gc,start     ] GC(371) Pause Young (Allocation Failure)
[1015.223s][info ][gc,task      ] GC(371) Using 4 workers of 4 for evacuation
[1015.226s][debug][gc,ref       ] GC(371) Skipped phase1 of Reference Processing due to unavailable references
[1015.226s][debug][gc,ref       ] GC(371) Skipped phase2 of Reference Processing due to unavailable references
[1015.226s][debug][gc,ref       ] GC(371) Skipped phase3 of Reference Processing due to unavailable references
[1015.226s][debug][gc,ref       ] GC(371) Skipped phase4 of Reference Processing due to unavailable references
[1015.226s][debug][gc,age       ] GC(371) Desired survivor size 15368192 bytes, new threshold 6 (max threshold 6)
[1015.226s][info ][gc,heap      ] GC(371) ParNew: 241970K->1316K(270336K)
[1015.226s][info ][gc,heap      ] GC(371) CMS: 287859K->288069K(600768K)
[1015.226s][info ][gc,metaspace ] GC(371) Metaspace: 57120K->57120K(1101824K)
[1015.226s][info ][gc           ] GC(371) Pause Young (Allocation Failure) 517M->282M(850M) 3.298ms
[1015.226s][info ][gc,cpu       ] GC(371) User=0.01s Sys=0.00s Real=0.01s
[1015.226s][info ][safepoint    ] Leaving safepoint region
[1015.226s][info ][safepoint    ] Total time for which application threads were stopped: 0.0035752 seconds, Stopping threads took: 0.0000155 seconds
[1016.226s][info ][safepoint    ] Application time: 1.0000974 seconds
[1016.226s][info ][safepoint    ] Entering safepoint region: Cleanup
[1016.227s][info ][safepoint    ] Leaving safepoint region
[1016.227s][info ][safepoint    ] Total time for which application threads were stopped: 0.0000639 seconds, Stopping threads took: 0.0000146 seconds
[1017.227s][info ][safepoint    ] Application time: 1.0000860 seconds
[1017.227s][info ][safepoint    ] Entering safepoint region: Cleanup
[1017.227s][info ][safepoint    ] Leaving safepoint region
[1017.227s][info ][safepoint    ] Total time for which application threads were stopped: 0.0000822 seconds, Stopping threads took: 0.0000155 seconds
[1018.227s][info ][safepoint    ] Application time: 1.0000877 seconds
[1018.227s][info ][safepoint    ] Entering safepoint region: Cleanup
[1018.227s][info ][safepoint    ] Leaving safepoint region
[1018.227s][info ][safepoint    ] Total time for which application threads were stopped: 0.0000685 seconds, Stopping threads took: 0.0000155 seconds
[1019.118s][info ][safepoint    ] Application time: 0.8910450 seconds
[1019.118s][info ][safepoint    ] Entering safepoint region: GenCollectForAllocation
[1019.118s][info ][gc,start     ] GC(372) Pause Young (Allocation Failure)
[1019.118s][info ][gc,task      ] GC(372) Using 4 workers of 4 for evacuation
[1019.121s][debug][gc,ref       ] GC(372) Skipped phase1 of Reference Processing due to unavailable references
[1019.121s][debug][gc,ref       ] GC(372) Skipped phase2 of Reference Processing due to unavailable references
[1019.121s][debug][gc,ref       ] GC(372) Skipped phase3 of Reference Processing due to unavailable references
[1019.121s][debug][gc,ref       ] GC(372) Skipped phase4 of Reference Processing due to unavailable references
[1019.121s][debug][gc,age       ] GC(372) Desired survivor size 15368192 bytes, new threshold 6 (max threshold 6)
[1019.121s][info ][gc,heap      ] GC(372) ParNew: 241636K->1442K(270336K)
[1019.121s][info ][gc,heap      ] GC(372) CMS: 288069K->288073K(600768K)
[1019.121s][info ][gc,metaspace ] GC(372) Metaspace: 57120K->57120K(1101824K)
[1019.121s][info ][gc           ] GC(372) Pause Young (Allocation Failure) 517M->282M(850M) 2.600ms
[1019.121s][info ][gc,cpu       ] GC(372) User=0.01s Sys=0.00s Real=0.00s
[1019.121s][info ][safepoint    ] Leaving safepoint region
[1019.121s][info ][safepoint    ] Total time for which application threads were stopped: 0.0027730 seconds, Stopping threads took: 0.0000293 seconds
[1020.121s][info ][safepoint    ] Application time: 1.0001048 seconds
[1020.121s][info ][safepoint    ] Entering safepoint region: Cleanup
[1020.121s][info ][safepoint    ] Leaving safepoint region
[1020.121s][info ][safepoint    ] Total time for which application threads were stopped: 0.0001376 seconds, Stopping threads took: 0.0000653 seconds
[1021.121s][info ][safepoint    ] Application time: 1.0001600 seconds
[1021.121s][info ][safepoint    ] Entering safepoint region: Cleanup
[1021.121s][info ][safepoint    ] Leaving safepoint region
[1021.121s][info ][safepoint    ] Total time for which application threads were stopped: 0.0001083 seconds, Stopping threads took: 0.0000391 seconds
[1022.122s][info ][safepoint    ] Application time: 1.0001019 seconds
[1022.122s][info ][safepoint    ] Entering safepoint region: Cleanup
[1022.122s][info ][safepoint    ] Leaving safepoint region
[1022.122s][info ][safepoint    ] Total time for which application threads were stopped: 0.0001285 seconds, Stopping threads took: 0.0000632 seconds
[1023.019s][info ][safepoint    ] Application time: 0.8977284 seconds
[1023.019s][info ][safepoint    ] Entering safepoint region: GenCollectForAllocation
[1023.020s][info ][gc,start     ] GC(373) Pause Young (Allocation Failure)
[1023.020s][info ][gc,task      ] GC(373) Using 4 workers of 4 for evacuation
[1023.022s][debug][gc,ref       ] GC(373) Skipped phase1 of Reference Processing due to unavailable references
[1023.022s][debug][gc,ref       ] GC(373) Skipped phase2 of Reference Processing due to unavailable references
[1023.022s][debug][gc,ref       ] GC(373) Skipped phase3 of Reference Processing due to unavailable references
[1023.022s][debug][gc,ref       ] GC(373) Skipped phase4 of Reference Processing due to unavailable references
[1023.023s][debug][gc,age       ] GC(373) Desired survivor size 15368192 bytes, new threshold 6 (max threshold 6)
[1023.023s][info ][gc,heap      ] GC(373) ParNew: 241762K->1185K(270336K)
[1023.023s][info ][gc,heap      ] GC(373) CMS: 288073K->288176K(600768K)
[1023.023s][info ][gc,metaspace ] GC(373) Metaspace: 57120K->57120K(1101824K)
[1023.023s][info ][gc           ] GC(373) Pause Young (Allocation Failure) 517M->282M(850M) 3.061ms
[1023.023s][info ][gc,cpu       ] GC(373) User=0.01s Sys=0.00s Real=0.00s
[1023.023s][info ][safepoint    ] Leaving safepoint region
[1023.023s][info ][safepoint    ] Total time for which application threads were stopped: 0.0032099 seconds, Stopping threads took: 0.0000151 seconds
[1024.023s][info ][safepoint    ] Application time: 1.0000989 seconds
[1024.023s][info ][safepoint    ] Entering safepoint region: Cleanup
[1024.023s][info ][safepoint    ] Leaving safepoint region
[1024.023s][info ][safepoint    ] Total time for which application threads were stopped: 0.0001378 seconds, Stopping threads took: 0.0000744 seconds
[1025.023s][info ][safepoint    ] Application time: 1.0000957 seconds
[1025.023s][info ][safepoint    ] Entering safepoint region: Cleanup
[1025.023s][info ][safepoint    ] Leaving safepoint region
[1025.023s][info ][safepoint    ] Total time for which application threads were stopped: 0.0001314 seconds, Stopping threads took: 0.0000680 seconds
[1026.023s][info ][safepoint    ] Application time: 1.0001068 seconds
[1026.023s][info ][safepoint    ] Entering safepoint region: Cleanup
[1026.024s][info ][safepoint    ] Leaving safepoint region
[1026.024s][info ][safepoint    ] Total time for which application threads were stopped: 0.0001822 seconds, Stopping threads took: 0.0001121 seconds
[1026.636s][info ][safepoint    ] Application time: 0.6119882 seconds
[1026.636s][info ][safepoint    ] Entering safepoint region: GenCollectForAllocation
[1026.636s][info ][gc,start     ] GC(374) Pause Young (Allocation Failure)
[1026.636s][info ][gc,task      ] GC(374) Using 4 workers of 4 for evacuation
[1026.639s][debug][gc,ref       ] GC(374) Skipped phase1 of Reference Processing due to unavailable references
[1026.639s][debug][gc,ref       ] GC(374) Skipped phase2 of Reference Processing due to unavailable references
[1026.639s][debug][gc,ref       ] GC(374) Skipped phase3 of Reference Processing due to unavailable references
[1026.639s][debug][gc,ref       ] GC(374) Skipped phase4 of Reference Processing due to unavailable references
[1026.639s][debug][gc,age       ] GC(374) Desired survivor size 15368192 bytes, new threshold 6 (max threshold 6)
[1026.639s][info ][gc,heap      ] GC(374) ParNew: 241505K->1643K(270336K)
[1026.639s][info ][gc,heap      ] GC(374) CMS: 288176K->288424K(600768K)
[1026.639s][info ][gc,metaspace ] GC(374) Metaspace: 57121K->57121K(1101824K)
[1026.639s][info ][gc           ] GC(374) Pause Young (Allocation Failure) 517M->283M(850M) 3.383ms
[1026.639s][info ][gc,cpu       ] GC(374) User=0.02s Sys=0.00s Real=0.00s
[1026.639s][info ][safepoint    ] Leaving safepoint region
[1026.639s][info ][safepoint    ] Total time for which application threads were stopped: 0.0035733 seconds, Stopping threads took: 0.0000479 seconds
[1027.639s][info ][safepoint    ] Application time: 1.0001041 seconds
[1027.639s][info ][safepoint    ] Entering safepoint region: Cleanup
[1027.639s][info ][safepoint    ] Leaving safepoint region
[1027.639s][info ][safepoint    ] Total time for which application threads were stopped: 0.0000801 seconds, Stopping threads took: 0.0000146 seconds
[1028.639s][info ][safepoint    ] Application time: 1.0000953 seconds
[1028.640s][info ][safepoint    ] Entering safepoint region: Cleanup
[1028.640s][info ][safepoint    ] Leaving safepoint region
[1028.640s][info ][safepoint    ] Total time for which application threads were stopped: 0.0000925 seconds, Stopping threads took: 0.0000167 seconds
[1030.165s][info ][safepoint    ] Application time: 1.5258294 seconds
[1030.166s][info ][safepoint    ] Entering safepoint region: GenCollectForAllocation
[1030.166s][info ][gc,start     ] GC(375) Pause Young (Allocation Failure)
[1030.166s][info ][gc,task      ] GC(375) Using 4 workers of 4 for evacuation
[1030.169s][debug][gc,ref       ] GC(375) Skipped phase1 of Reference Processing due to unavailable references
[1030.169s][debug][gc,ref       ] GC(375) Skipped phase3 of Reference Processing due to unavailable references
[1030.169s][debug][gc,age       ] GC(375) Desired survivor size 15368192 bytes, new threshold 6 (max threshold 6)
[1030.169s][info ][gc,heap      ] GC(375) ParNew: 241963K->1681K(270336K)
[1030.169s][info ][gc,heap      ] GC(375) CMS: 288424K->288500K(600768K)
[1030.169s][info ][gc,metaspace ] GC(375) Metaspace: 57131K->57131K(1101824K)
[1030.169s][info ][gc           ] GC(375) Pause Young (Allocation Failure) 517M->283M(850M) 3.138ms
[1030.169s][info ][gc,cpu       ] GC(375) User=0.01s Sys=0.00s Real=0.01s
[1030.169s][info ][safepoint    ] Leaving safepoint region
[1030.169s][info ][safepoint    ] Total time for which application threads were stopped: 0.0033480 seconds, Stopping threads took: 0.0000724 seconds
[1032.169s][info ][safepoint    ] Application time: 2.0001955 seconds
[1032.169s][info ][safepoint    ] Entering safepoint region: Cleanup
[1032.169s][info ][safepoint    ] Leaving safepoint region
[1032.169s][info ][safepoint    ] Total time for which application threads were stopped: 0.0001463 seconds, Stopping threads took: 0.0000685 seconds
[1033.169s][info ][safepoint    ] Application time: 1.0000935 seconds
[1033.169s][info ][safepoint    ] Entering safepoint region: Cleanup
[1033.169s][info ][safepoint    ] Leaving safepoint region
[1033.169s][info ][safepoint    ] Total time for which application threads were stopped: 0.0001402 seconds, Stopping threads took: 0.0000748 seconds
[1033.821s][info ][safepoint    ] Application time: 0.6518359 seconds
[1033.821s][info ][safepoint    ] Entering safepoint region: GenCollectForAllocation
[1033.821s][info ][gc,start     ] GC(376) Pause Young (Allocation Failure)
[1033.821s][info ][gc,task      ] GC(376) Using 4 workers of 4 for evacuation
[1033.825s][debug][gc,ref       ] GC(376) Skipped phase1 of Reference Processing due to unavailable references
[1033.825s][debug][gc,ref       ] GC(376) Skipped phase3 of Reference Processing due to unavailable references
[1033.825s][debug][gc,ref       ] GC(376) Skipped phase4 of Reference Processing due to unavailable references
[1033.825s][debug][gc,age       ] GC(376) Desired survivor size 15368192 bytes, new threshold 6 (max threshold 6)
[1033.825s][info ][gc,heap      ] GC(376) ParNew: 242001K->1802K(270336K)
[1033.825s][info ][gc,heap      ] GC(376) CMS: 288500K->288721K(600768K)
[1033.825s][info ][gc,metaspace ] GC(376) Metaspace: 57151K->57151K(1101824K)
[1033.825s][info ][gc           ] GC(376) Pause Young (Allocation Failure) 518M->283M(850M) 3.713ms
[1033.825s][info ][gc,cpu       ] GC(376) User=0.01s Sys=0.00s Real=0.00s
[1033.825s][info ][safepoint    ] Leaving safepoint region
[1033.825s][info ][safepoint    ] Total time for which application threads were stopped: 0.0038690 seconds, Stopping threads took: 0.0000147 seconds
[1034.825s][info ][safepoint    ] Application time: 1.0000947 seconds
[1034.825s][info ][safepoint    ] Entering safepoint region: Cleanup
[1034.825s][info ][safepoint    ] Leaving safepoint region
[1034.825s][info ][safepoint    ] Total time for which application threads were stopped: 0.0000776 seconds, Stopping threads took: 0.0000157 seconds
[1037.519s][info ][safepoint    ] Application time: 2.6939472 seconds
[1037.519s][info ][safepoint    ] Entering safepoint region: GenCollectForAllocation
[1037.520s][info ][gc,start     ] GC(377) Pause Young (Allocation Failure)
[1037.520s][info ][gc,task      ] GC(377) Using 4 workers of 4 for evacuation
[1037.522s][debug][gc,ref       ] GC(377) Skipped phase1 of Reference Processing due to unavailable references
[1037.522s][debug][gc,ref       ] GC(377) Skipped phase3 of Reference Processing due to unavailable references
[1037.522s][debug][gc,ref       ] GC(377) Skipped phase4 of Reference Processing due to unavailable references
[1037.523s][debug][gc,age       ] GC(377) Desired survivor size 15368192 bytes, new threshold 6 (max threshold 6)
[1037.523s][info ][gc,heap      ] GC(377) ParNew: 242122K->1755K(270336K)
[1037.523s][info ][gc,heap      ] GC(377) CMS: 288721K->288768K(600768K)
[1037.523s][info ][gc,metaspace ] GC(377) Metaspace: 57153K->57153K(1101824K)
[1037.523s][info ][gc           ] GC(377) Pause Young (Allocation Failure) 518M->283M(850M) 3.086ms
[1037.523s][info ][gc,cpu       ] GC(377) User=0.01s Sys=0.00s Real=0.00s
[1037.523s][info ][safepoint    ] Leaving safepoint region
[1037.523s][info ][safepoint    ] Total time for which application threads were stopped: 0.0032345 seconds, Stopping threads took: 0.0000145 seconds
[1038.523s][info ][safepoint    ] Application time: 1.0001043 seconds
[1038.523s][info ][safepoint    ] Entering safepoint region: Cleanup
[1038.523s][info ][safepoint    ] Leaving safepoint region
[1038.523s][info ][safepoint    ] Total time for which application threads were stopped: 0.0001138 seconds, Stopping threads took: 0.0000387 seconds
[1039.523s][info ][safepoint    ] Application time: 1.0001044 seconds
[1039.523s][info ][safepoint    ] Entering safepoint region: Cleanup
[1039.523s][info ][safepoint    ] Leaving safepoint region
[1039.523s][info ][safepoint    ] Total time for which application threads were stopped: 0.0001215 seconds, Stopping threads took: 0.0000536 seconds
[1039.777s][info ][safepoint    ] Application time: 0.2536565 seconds
[1039.777s][info ][safepoint    ] Entering safepoint region: Deoptimize
[1039.779s][info ][safepoint    ] Leaving safepoint region
[1039.779s][info ][safepoint    ] Total time for which application threads were stopped: 0.0017680 seconds, Stopping threads took: 0.0000148 seconds
[1039.779s][info ][safepoint    ] Application time: 0.0007028 seconds
[1039.779s][info ][safepoint    ] Entering safepoint region: Deoptimize
[1039.781s][info ][safepoint    ] Leaving safepoint region
[1039.781s][info ][safepoint    ] Total time for which application threads were stopped: 0.0014517 seconds, Stopping threads took: 0.0000105 seconds
[1040.781s][info ][safepoint    ] Application time: 1.0003528 seconds
[1040.781s][info ][safepoint    ] Entering safepoint region: Cleanup
[1040.781s][info ][safepoint    ] Leaving safepoint region
[1040.781s][info ][safepoint    ] Total time for which application threads were stopped: 0.0002046 seconds, Stopping threads took: 0.0000158 seconds
[1041.063s][info ][safepoint    ] Application time: 0.2817721 seconds
[1041.063s][info ][safepoint    ] Entering safepoint region: GenCollectForAllocation
[1041.063s][info ][gc,start     ] GC(378) Pause Young (Allocation Failure)
[1041.063s][info ][gc,task      ] GC(378) Using 4 workers of 4 for evacuation
[1041.067s][debug][gc,ref       ] GC(378) Skipped phase1 of Reference Processing due to unavailable references
[1041.067s][debug][gc,ref       ] GC(378) Skipped phase3 of Reference Processing due to unavailable references
[1041.067s][debug][gc,ref       ] GC(378) Skipped phase4 of Reference Processing due to unavailable references
[1041.067s][debug][gc,age       ] GC(378) Desired survivor size 15368192 bytes, new threshold 6 (max threshold 6)
[1041.067s][info ][gc,heap      ] GC(378) ParNew: 242031K->2690K(270336K)
[1041.067s][info ][gc,heap      ] GC(378) CMS: 288768K->288779K(600768K)
[1041.067s][info ][gc,metaspace ] GC(378) Metaspace: 57167K->57167K(1101824K)
[1041.067s][info ][gc           ] GC(378) Pause Young (Allocation Failure) 518M->284M(850M) 3.387ms
[1041.067s][info ][gc,cpu       ] GC(378) User=0.02s Sys=0.00s Real=0.01s
[1041.067s][info ][safepoint    ] Leaving safepoint region
[1041.067s][info ][safepoint    ] Total time for which application threads were stopped: 0.0036055 seconds, Stopping threads took: 0.0000126 seconds
[1042.067s][info ][safepoint    ] Application time: 1.0001110 seconds
[1042.067s][info ][safepoint    ] Entering safepoint region: Cleanup
[1042.067s][info ][safepoint    ] Leaving safepoint region
[1042.067s][info ][safepoint    ] Total time for which application threads were stopped: 0.0001321 seconds, Stopping threads took: 0.0000547 seconds
[1043.067s][info ][safepoint    ] Application time: 1.0001155 seconds
[1043.067s][info ][safepoint    ] Entering safepoint region: Cleanup
[1043.067s][info ][safepoint    ] Leaving safepoint region
[1043.067s][info ][safepoint    ] Total time for which application threads were stopped: 0.0001270 seconds, Stopping threads took: 0.0000550 seconds
[1044.068s][info ][safepoint    ] Application time: 1.0001013 seconds
[1044.068s][info ][safepoint    ] Entering safepoint region: Cleanup
[1044.068s][info ][safepoint    ] Leaving safepoint region
[1044.068s][info ][safepoint    ] Total time for which application threads were stopped: 0.0001042 seconds, Stopping threads took: 0.0000379 seconds
[1044.524s][info ][safepoint    ] Application time: 0.4565001 seconds
[1044.524s][info ][safepoint    ] Entering safepoint region: GenCollectForAllocation
[1044.524s][info ][gc,start     ] GC(379) Pause Young (Allocation Failure)
[1044.524s][info ][gc,task      ] GC(379) Using 4 workers of 4 for evacuation
[1044.527s][debug][gc,ref       ] GC(379) Skipped phase1 of Reference Processing due to unavailable references
[1044.527s][debug][gc,ref       ] GC(379) Skipped phase3 of Reference Processing due to unavailable references
[1044.527s][debug][gc,ref       ] GC(379) Skipped phase4 of Reference Processing due to unavailable references
[1044.527s][debug][gc,age       ] GC(379) Desired survivor size 15368192 bytes, new threshold 6 (max threshold 6)
[1044.527s][info ][gc,heap      ] GC(379) ParNew: 243010K->2593K(270336K)
[1044.527s][info ][gc,heap      ] GC(379) CMS: 288779K->288856K(600768K)
[1044.527s][info ][gc,metaspace ] GC(379) Metaspace: 57169K->57169K(1101824K)
[1044.527s][info ][gc           ] GC(379) Pause Young (Allocation Failure) 519M->284M(850M) 3.087ms
[1044.527s][info ][gc,cpu       ] GC(379) User=0.01s Sys=0.00s Real=0.01s
[1044.527s][info ][safepoint    ] Leaving safepoint region
[1044.527s][info ][safepoint    ] Total time for which application threads were stopped: 0.0032549 seconds, Stopping threads took: 0.0000434 seconds
[1046.528s][info ][safepoint    ] Application time: 2.0002362 seconds
[1046.528s][info ][safepoint    ] Entering safepoint region: Cleanup
[1046.528s][info ][safepoint    ] Leaving safepoint region
[1046.528s][info ][safepoint    ] Total time for which application threads were stopped: 0.0000808 seconds, Stopping threads took: 0.0000166 seconds
[1048.016s][info ][safepoint    ] Application time: 1.4882130 seconds
[1048.016s][info ][safepoint    ] Entering safepoint region: GenCollectForAllocation
[1048.016s][info ][gc,start     ] GC(380) Pause Young (Allocation Failure)
[1048.016s][info ][gc,task      ] GC(380) Using 4 workers of 4 for evacuation
[1048.020s][debug][gc,ref       ] GC(380) Skipped phase1 of Reference Processing due to unavailable references
[1048.020s][debug][gc,ref       ] GC(380) Skipped phase3 of Reference Processing due to unavailable references
[1048.020s][debug][gc,ref       ] GC(380) Skipped phase4 of Reference Processing due to unavailable references
[1048.020s][debug][gc,age       ] GC(380) Desired survivor size 15368192 bytes, new threshold 6 (max threshold 6)
[1048.020s][info ][gc,heap      ] GC(380) ParNew: 242913K->2329K(270336K)
[1048.020s][info ][gc,heap      ] GC(380) CMS: 288856K->289088K(600768K)
[1048.020s][info ][gc,metaspace ] GC(380) Metaspace: 57171K->57171K(1101824K)
[1048.020s][info ][gc           ] GC(380) Pause Young (Allocation Failure) 519M->284M(850M) 3.713ms
[1048.020s][info ][gc,cpu       ] GC(380) User=0.02s Sys=0.00s Real=0.00s
[1048.020s][info ][safepoint    ] Leaving safepoint region
[1048.020s][info ][safepoint    ] Total time for which application threads were stopped: 0.0038684 seconds, Stopping threads took: 0.0000145 seconds
[1050.020s][info ][safepoint    ] Application time: 2.0001868 seconds
[1050.020s][info ][safepoint    ] Entering safepoint region: Cleanup
[1050.020s][info ][safepoint    ] Leaving safepoint region
[1050.020s][info ][safepoint    ] Total time for which application threads were stopped: 0.0001472 seconds, Stopping threads took: 0.0000791 seconds
[1051.020s][info ][safepoint    ] Application time: 1.0001031 seconds
[1051.021s][info ][safepoint    ] Entering safepoint region: Cleanup
[1051.021s][info ][safepoint    ] Leaving safepoint region
[1051.021s][info ][safepoint    ] Total time for which application threads were stopped: 0.0002142 seconds, Stopping threads took: 0.0001420 seconds
[1051.420s][info ][safepoint    ] Application time: 0.3989816 seconds
[1051.420s][info ][safepoint    ] Entering safepoint region: GenCollectForAllocation
[1051.420s][info ][gc,start     ] GC(381) Pause Young (Allocation Failure)
[1051.420s][info ][gc,task      ] GC(381) Using 4 workers of 4 for evacuation
[1051.424s][debug][gc,ref       ] GC(381) Skipped phase1 of Reference Processing due to unavailable references
[1051.424s][debug][gc,ref       ] GC(381) Skipped phase2 of Reference Processing due to unavailable references
[1051.424s][debug][gc,ref       ] GC(381) Skipped phase3 of Reference Processing due to unavailable references
[1051.424s][debug][gc,ref       ] GC(381) Skipped phase4 of Reference Processing due to unavailable references
[1051.425s][debug][gc,age       ] GC(381) Desired survivor size 15368192 bytes, new threshold 6 (max threshold 6)
[1051.425s][info ][gc,heap      ] GC(381) ParNew: 242649K->2309K(270336K)
[1051.425s][info ][gc,heap      ] GC(381) CMS: 289088K->289257K(600768K)
[1051.425s][info ][gc,metaspace ] GC(381) Metaspace: 57171K->57171K(1101824K)
[1051.425s][info ][gc           ] GC(381) Pause Young (Allocation Failure) 519M->284M(850M) 4.740ms
[1051.425s][info ][gc,cpu       ] GC(381) User=0.01s Sys=0.00s Real=0.00s
[1051.425s][info ][safepoint    ] Leaving safepoint region
[1051.425s][info ][safepoint    ] Total time for which application threads were stopped: 0.0049830 seconds, Stopping threads took: 0.0000448 seconds
[1055.028s][info ][safepoint    ] Application time: 3.6036960 seconds
[1055.028s][info ][safepoint    ] Entering safepoint region: GenCollectForAllocation
[1055.029s][info ][gc,start     ] GC(382) Pause Young (Allocation Failure)
[1055.029s][info ][gc,task      ] GC(382) Using 4 workers of 4 for evacuation
[1055.032s][debug][gc,ref       ] GC(382) Skipped phase1 of Reference Processing due to unavailable references
[1055.032s][debug][gc,ref       ] GC(382) Skipped phase3 of Reference Processing due to unavailable references
[1055.032s][debug][gc,age       ] GC(382) Desired survivor size 15368192 bytes, new threshold 6 (max threshold 6)
[1055.032s][info ][gc,heap      ] GC(382) ParNew: 242629K->2259K(270336K)
[1055.032s][info ][gc,heap      ] GC(382) CMS: 289257K->289445K(600768K)
[1055.032s][info ][gc,metaspace ] GC(382) Metaspace: 57174K->57174K(1101824K)
[1055.032s][info ][gc           ] GC(382) Pause Young (Allocation Failure) 519M->284M(850M) 3.470ms
[1055.032s][info ][gc,cpu       ] GC(382) User=0.01s Sys=0.00s Real=0.00s
[1055.032s][info ][safepoint    ] Leaving safepoint region
[1055.032s][info ][safepoint    ] Total time for which application threads were stopped: 0.0036338 seconds, Stopping threads took: 0.0000148 seconds
[1057.032s][info ][safepoint    ] Application time: 2.0002173 seconds
[1057.032s][info ][safepoint    ] Entering safepoint region: Cleanup
[1057.032s][info ][safepoint    ] Leaving safepoint region
[1057.032s][info ][safepoint    ] Total time for which application threads were stopped: 0.0000941 seconds, Stopping threads took: 0.0000279 seconds
[1058.033s][info ][safepoint    ] Application time: 1.0001627 seconds
[1058.033s][info ][safepoint    ] Entering safepoint region: Cleanup
[1058.033s][info ][safepoint    ] Leaving safepoint region
[1058.033s][info ][safepoint    ] Total time for which application threads were stopped: 0.0001175 seconds, Stopping threads took: 0.0000152 seconds
[1058.620s][info ][safepoint    ] Application time: 0.5869847 seconds
[1058.620s][info ][safepoint    ] Entering safepoint region: GenCollectForAllocation
[1058.620s][info ][gc,start     ] GC(383) Pause Young (Allocation Failure)
[1058.620s][info ][gc,task      ] GC(383) Using 4 workers of 4 for evacuation
[1058.623s][debug][gc,ref       ] GC(383) Skipped phase1 of Reference Processing due to unavailable references
[1058.623s][debug][gc,ref       ] GC(383) Skipped phase3 of Reference Processing due to unavailable references
[1058.623s][debug][gc,ref       ] GC(383) Skipped phase4 of Reference Processing due to unavailable references
[1058.623s][debug][gc,age       ] GC(383) Desired survivor size 15368192 bytes, new threshold 6 (max threshold 6)
[1058.623s][info ][gc,heap      ] GC(383) ParNew: 242579K->2241K(270336K)
[1058.623s][info ][gc,heap      ] GC(383) CMS: 289445K->289588K(600768K)
[1058.623s][info ][gc,metaspace ] GC(383) Metaspace: 57175K->57175K(1101824K)
[1058.623s][info ][gc           ] GC(383) Pause Young (Allocation Failure) 519M->284M(850M) 3.526ms
[1058.623s][info ][gc,cpu       ] GC(383) User=0.01s Sys=0.00s Real=0.00s
[1058.623s][info ][safepoint    ] Leaving safepoint region
[1058.623s][info ][safepoint    ] Total time for which application threads were stopped: 0.0036908 seconds, Stopping threads took: 0.0000208 seconds
[1059.623s][info ][safepoint    ] Application time: 1.0000563 seconds
[1059.624s][info ][safepoint    ] Entering safepoint region: Cleanup
[1059.624s][info ][safepoint    ] Leaving safepoint region
[1059.624s][info ][safepoint    ] Total time for which application threads were stopped: 0.0001533 seconds, Stopping threads took: 0.0000790 seconds
[1062.415s][info ][safepoint    ] Application time: 2.7914825 seconds
[1062.415s][info ][safepoint    ] Entering safepoint region: GenCollectForAllocation
[1062.415s][info ][gc,start     ] GC(384) Pause Young (Allocation Failure)
[1062.415s][info ][gc,task      ] GC(384) Using 4 workers of 4 for evacuation
[1062.419s][debug][gc,ref       ] GC(384) Skipped phase1 of Reference Processing due to unavailable references
[1062.419s][debug][gc,ref       ] GC(384) Skipped phase2 of Reference Processing due to unavailable references
[1062.419s][debug][gc,ref       ] GC(384) Skipped phase3 of Reference Processing due to unavailable references
[1062.419s][debug][gc,ref       ] GC(384) Skipped phase4 of Reference Processing due to unavailable references
[1062.419s][debug][gc,age       ] GC(384) Desired survivor size 15368192 bytes, new threshold 6 (max threshold 6)
[1062.419s][info ][gc,heap      ] GC(384) ParNew: 242561K->2151K(270336K)
[1062.419s][info ][gc,heap      ] GC(384) CMS: 289588K->290009K(600768K)
[1062.419s][info ][gc,metaspace ] GC(384) Metaspace: 57175K->57175K(1101824K)
[1062.419s][info ][gc           ] GC(384) Pause Young (Allocation Failure) 519M->285M(850M) 3.637ms
[1062.419s][info ][gc,cpu       ] GC(384) User=0.01s Sys=0.00s Real=0.00s
[1062.419s][info ][safepoint    ] Leaving safepoint region
[1062.419s][info ][safepoint    ] Total time for which application threads were stopped: 0.0039155 seconds, Stopping threads took: 0.0001420 seconds
[1063.419s][info ][safepoint    ] Application time: 1.0001252 seconds
[1063.419s][info ][safepoint    ] Entering safepoint region: Cleanup
[1063.419s][info ][safepoint    ] Leaving safepoint region
[1063.419s][info ][safepoint    ] Total time for which application threads were stopped: 0.0001300 seconds, Stopping threads took: 0.0000468 seconds
[1064.420s][info ][safepoint    ] Application time: 1.0001074 seconds
[1064.420s][info ][safepoint    ] Entering safepoint region: Cleanup
[1064.420s][info ][safepoint    ] Leaving safepoint region
[1064.420s][info ][safepoint    ] Total time for which application threads were stopped: 0.0001144 seconds, Stopping threads took: 0.0000486 seconds
[1065.420s][info ][safepoint    ] Application time: 1.0000916 seconds
[1065.420s][info ][safepoint    ] Entering safepoint region: Cleanup
[1065.420s][info ][safepoint    ] Leaving safepoint region
[1065.420s][info ][safepoint    ] Total time for which application threads were stopped: 0.0001140 seconds, Stopping threads took: 0.0000551 seconds
[1066.169s][info ][safepoint    ] Application time: 0.7492917 seconds
[1066.169s][info ][safepoint    ] Entering safepoint region: GenCollectForAllocation
[1066.169s][info ][gc,start     ] GC(385) Pause Young (Allocation Failure)
[1066.169s][info ][gc,task      ] GC(385) Using 4 workers of 4 for evacuation
[1066.172s][debug][gc,ref       ] GC(385) Skipped phase1 of Reference Processing due to unavailable references
[1066.172s][debug][gc,ref       ] GC(385) Skipped phase3 of Reference Processing due to unavailable references
[1066.172s][debug][gc,ref       ] GC(385) Skipped phase4 of Reference Processing due to unavailable references
[1066.172s][debug][gc,age       ] GC(385) Desired survivor size 15368192 bytes, new threshold 6 (max threshold 6)
[1066.172s][info ][gc,heap      ] GC(385) ParNew: 242471K->1848K(270336K)
[1066.172s][info ][gc,heap      ] GC(385) CMS: 290009K->290203K(600768K)
[1066.172s][info ][gc,metaspace ] GC(385) Metaspace: 57176K->57176K(1101824K)
[1066.172s][info ][gc           ] GC(385) Pause Young (Allocation Failure) 520M->285M(850M) 3.079ms
[1066.172s][info ][gc,cpu       ] GC(385) User=0.01s Sys=0.00s Real=0.00s
[1066.172s][info ][safepoint    ] Leaving safepoint region
[1066.172s][info ][safepoint    ] Total time for which application threads were stopped: 0.0032509 seconds, Stopping threads took: 0.0000159 seconds
[1067.173s][info ][safepoint    ] Application time: 1.0000881 seconds
[1067.173s][info ][safepoint    ] Entering safepoint region: Cleanup
[1067.173s][info ][safepoint    ] Leaving safepoint region
[1067.173s][info ][safepoint    ] Total time for which application threads were stopped: 0.0001676 seconds, Stopping threads took: 0.0000960 seconds
[1068.173s][info ][safepoint    ] Application time: 1.0001025 seconds
[1068.173s][info ][safepoint    ] Entering safepoint region: Cleanup
[1068.173s][info ][safepoint    ] Leaving safepoint region
[1068.173s][info ][safepoint    ] Total time for which application threads were stopped: 0.0001451 seconds, Stopping threads took: 0.0000628 seconds
[1069.173s][info ][safepoint    ] Application time: 1.0000956 seconds
[1069.173s][info ][safepoint    ] Entering safepoint region: Cleanup
[1069.173s][info ][safepoint    ] Leaving safepoint region
[1069.173s][info ][safepoint    ] Total time for which application threads were stopped: 0.0002128 seconds, Stopping threads took: 0.0001441 seconds
[1070.066s][info ][safepoint    ] Application time: 0.8927110 seconds
[1070.066s][info ][safepoint    ] Entering safepoint region: GenCollectForAllocation
[1070.067s][info ][gc,start     ] GC(386) Pause Young (Allocation Failure)
[1070.067s][info ][gc,task      ] GC(386) Using 4 workers of 4 for evacuation
[1070.069s][debug][gc,ref       ] GC(386) Skipped phase1 of Reference Processing due to unavailable references
[1070.069s][debug][gc,ref       ] GC(386) Skipped phase2 of Reference Processing due to unavailable references
[1070.069s][debug][gc,ref       ] GC(386) Skipped phase3 of Reference Processing due to unavailable references
[1070.069s][debug][gc,ref       ] GC(386) Skipped phase4 of Reference Processing due to unavailable references
[1070.069s][debug][gc,age       ] GC(386) Desired survivor size 15368192 bytes, new threshold 6 (max threshold 6)
[1070.069s][info ][gc,heap      ] GC(386) ParNew: 242168K->1619K(270336K)
[1070.069s][info ][gc,heap      ] GC(386) CMS: 290203K->290392K(600768K)
[1070.069s][info ][gc,metaspace ] GC(386) Metaspace: 57182K->57182K(1101824K)
[1070.069s][info ][gc           ] GC(386) Pause Young (Allocation Failure) 519M->285M(850M) 2.807ms
[1070.069s][info ][gc,cpu       ] GC(386) User=0.01s Sys=0.00s Real=0.00s
[1070.069s][info ][safepoint    ] Leaving safepoint region
[1070.069s][info ][safepoint    ] Total time for which application threads were stopped: 0.0031664 seconds, Stopping threads took: 0.0001594 seconds
[1071.069s][info ][safepoint    ] Application time: 1.0001093 seconds
[1071.070s][info ][safepoint    ] Entering safepoint region: Cleanup
[1071.070s][info ][safepoint    ] Leaving safepoint region
[1071.070s][info ][safepoint    ] Total time for which application threads were stopped: 0.0001576 seconds, Stopping threads took: 0.0000768 seconds
[1072.070s][info ][safepoint    ] Application time: 1.0000941 seconds
[1072.070s][info ][safepoint    ] Entering safepoint region: Cleanup
[1072.070s][info ][safepoint    ] Leaving safepoint region
[1072.070s][info ][safepoint    ] Total time for which application threads were stopped: 0.0001467 seconds, Stopping threads took: 0.0000764 seconds
[1073.070s][info ][safepoint    ] Application time: 1.0001621 seconds
[1073.070s][info ][safepoint    ] Entering safepoint region: Cleanup
[1073.070s][info ][safepoint    ] Leaving safepoint region
[1073.070s][info ][safepoint    ] Total time for which application threads were stopped: 0.0000703 seconds, Stopping threads took: 0.0000174 seconds
[1073.773s][info ][safepoint    ] Application time: 0.7024369 seconds
[1073.773s][info ][safepoint    ] Entering safepoint region: GenCollectForAllocation
[1073.773s][info ][gc,start     ] GC(387) Pause Young (Allocation Failure)
[1073.773s][info ][gc,task      ] GC(387) Using 4 workers of 4 for evacuation
[1073.775s][debug][gc,ref       ] GC(387) Skipped phase1 of Reference Processing due to unavailable references
[1073.775s][debug][gc,ref       ] GC(387) Skipped phase2 of Reference Processing due to unavailable references
[1073.775s][debug][gc,ref       ] GC(387) Skipped phase3 of Reference Processing due to unavailable references
[1073.775s][debug][gc,ref       ] GC(387) Skipped phase4 of Reference Processing due to unavailable references
[1073.775s][debug][gc,age       ] GC(387) Desired survivor size 15368192 bytes, new threshold 6 (max threshold 6)
[1073.776s][info ][gc,heap      ] GC(387) ParNew: 241939K->1357K(270336K)
[1073.776s][info ][gc,heap      ] GC(387) CMS: 290392K->290589K(600768K)
[1073.776s][info ][gc,metaspace ] GC(387) Metaspace: 57182K->57182K(1101824K)
[1073.776s][info ][gc           ] GC(387) Pause Young (Allocation Failure) 519M->285M(850M) 2.718ms
[1073.776s][info ][gc,cpu       ] GC(387) User=0.01s Sys=0.00s Real=0.01s
[1073.776s][info ][safepoint    ] Leaving safepoint region
[1073.776s][info ][safepoint    ] Total time for which application threads were stopped: 0.0028820 seconds, Stopping threads took: 0.0000169 seconds
[1074.776s][info ][safepoint    ] Application time: 1.0000978 seconds
[1074.776s][info ][safepoint    ] Entering safepoint region: Cleanup
[1074.776s][info ][safepoint    ] Leaving safepoint region
[1074.776s][info ][safepoint    ] Total time for which application threads were stopped: 0.0000737 seconds, Stopping threads took: 0.0000151 seconds
[1075.776s][info ][safepoint    ] Application time: 1.0000913 seconds
[1075.776s][info ][safepoint    ] Entering safepoint region: Cleanup
[1075.776s][info ][safepoint    ] Leaving safepoint region
[1075.776s][info ][safepoint    ] Total time for which application threads were stopped: 0.0000739 seconds, Stopping threads took: 0.0000151 seconds
[1076.776s][info ][safepoint    ] Application time: 1.0000822 seconds
[1076.776s][info ][safepoint    ] Entering safepoint region: Cleanup
[1076.776s][info ][safepoint    ] Leaving safepoint region
[1076.776s][info ][safepoint    ] Total time for which application threads were stopped: 0.0000836 seconds, Stopping threads took: 0.0000164 seconds
[1077.519s][info ][safepoint    ] Application time: 0.7428484 seconds
[1077.519s][info ][safepoint    ] Entering safepoint region: GenCollectForAllocation
[1077.519s][info ][gc,start     ] GC(388) Pause Young (Allocation Failure)
[1077.519s][info ][gc,task      ] GC(388) Using 4 workers of 4 for evacuation
[1077.522s][debug][gc,ref       ] GC(388) Skipped phase1 of Reference Processing due to unavailable references
[1077.522s][debug][gc,ref       ] GC(388) Skipped phase2 of Reference Processing due to unavailable references
[1077.522s][debug][gc,ref       ] GC(388) Skipped phase3 of Reference Processing due to unavailable references
[1077.522s][debug][gc,ref       ] GC(388) Skipped phase4 of Reference Processing due to unavailable references
[1077.522s][debug][gc,age       ] GC(388) Desired survivor size 15368192 bytes, new threshold 6 (max threshold 6)
[1077.522s][info ][gc,heap      ] GC(388) ParNew: 241677K->1361K(270336K)
[1077.522s][info ][gc,heap      ] GC(388) CMS: 290589K->290928K(600768K)
[1077.522s][info ][gc,metaspace ] GC(388) Metaspace: 57183K->57183K(1101824K)
[1077.522s][info ][gc           ] GC(388) Pause Young (Allocation Failure) 519M->285M(850M) 2.825ms
[1077.522s][info ][gc,cpu       ] GC(388) User=0.01s Sys=0.00s Real=0.00s
[1077.522s][info ][safepoint    ] Leaving safepoint region
[1077.522s][info ][safepoint    ] Total time for which application threads were stopped: 0.0030374 seconds, Stopping threads took: 0.0000151 seconds
[1078.522s][info ][safepoint    ] Application time: 1.0000953 seconds
[1078.522s][info ][safepoint    ] Entering safepoint region: Cleanup
[1078.522s][info ][safepoint    ] Leaving safepoint region
[1078.522s][info ][safepoint    ] Total time for which application threads were stopped: 0.0001354 seconds, Stopping threads took: 0.0000679 seconds
[1079.523s][info ][safepoint    ] Application time: 1.0000993 seconds
[1079.523s][info ][safepoint    ] Entering safepoint region: Cleanup
[1079.523s][info ][safepoint    ] Leaving safepoint region
[1079.523s][info ][safepoint    ] Total time for which application threads were stopped: 0.0001336 seconds, Stopping threads took: 0.0000695 seconds
[1080.523s][info ][safepoint    ] Application time: 1.0001041 seconds
[1080.523s][info ][safepoint    ] Entering safepoint region: Cleanup
[1080.523s][info ][safepoint    ] Leaving safepoint region
[1080.523s][info ][safepoint    ] Total time for which application threads were stopped: 0.0001206 seconds, Stopping threads took: 0.0000514 seconds
[1081.267s][info ][safepoint    ] Application time: 0.7435844 seconds
[1081.267s][info ][safepoint    ] Entering safepoint region: GenCollectForAllocation
[1081.267s][info ][gc,start     ] GC(389) Pause Young (Allocation Failure)
[1081.267s][info ][gc,task      ] GC(389) Using 4 workers of 4 for evacuation
[1081.270s][debug][gc,ref       ] GC(389) Skipped phase1 of Reference Processing due to unavailable references
[1081.270s][debug][gc,ref       ] GC(389) Skipped phase3 of Reference Processing due to unavailable references
[1081.270s][debug][gc,age       ] GC(389) Desired survivor size 15368192 bytes, new threshold 6 (max threshold 6)
[1081.270s][info ][gc,heap      ] GC(389) ParNew: 241681K->1065K(270336K)
[1081.270s][info ][gc,heap      ] GC(389) CMS: 290928K->291001K(600768K)
[1081.270s][info ][gc,metaspace ] GC(389) Metaspace: 57186K->57186K(1101824K)
[1081.270s][info ][gc           ] GC(389) Pause Young (Allocation Failure) 520M->285M(850M) 3.547ms
[1081.270s][info ][gc,cpu       ] GC(389) User=0.01s Sys=0.00s Real=0.00s
[1081.270s][info ][safepoint    ] Leaving safepoint region
[1081.270s][info ][safepoint    ] Total time for which application threads were stopped: 0.0036909 seconds, Stopping threads took: 0.0000142 seconds
[1082.270s][info ][safepoint    ] Application time: 1.0001123 seconds
[1082.271s][info ][safepoint    ] Entering safepoint region: Cleanup
[1082.271s][info ][safepoint    ] Leaving safepoint region
[1082.271s][info ][safepoint    ] Total time for which application threads were stopped: 0.0003612 seconds, Stopping threads took: 0.0001600 seconds
[1083.271s][info ][safepoint    ] Application time: 1.0001042 seconds
[1083.271s][info ][safepoint    ] Entering safepoint region: Cleanup
[1083.271s][info ][safepoint    ] Leaving safepoint region
[1083.271s][info ][safepoint    ] Total time for which application threads were stopped: 0.0001355 seconds, Stopping threads took: 0.0000668 seconds
[1084.271s][info ][safepoint    ] Application time: 1.0000963 seconds
[1084.271s][info ][safepoint    ] Entering safepoint region: Cleanup
[1084.271s][info ][safepoint    ] Leaving safepoint region
[1084.271s][info ][safepoint    ] Total time for which application threads were stopped: 0.0001406 seconds, Stopping threads took: 0.0000697 seconds
[1084.911s][info ][safepoint    ] Application time: 0.6392336 seconds
[1084.911s][info ][safepoint    ] Entering safepoint region: GenCollectForAllocation
[1084.911s][info ][gc,start     ] GC(390) Pause Young (Allocation Failure)
[1084.911s][info ][gc,task      ] GC(390) Using 4 workers of 4 for evacuation
[1084.913s][debug][gc,ref       ] GC(390) Skipped phase1 of Reference Processing due to unavailable references
[1084.913s][debug][gc,ref       ] GC(390) Skipped phase2 of Reference Processing due to unavailable references
[1084.913s][debug][gc,ref       ] GC(390) Skipped phase3 of Reference Processing due to unavailable references
[1084.913s][debug][gc,ref       ] GC(390) Skipped phase4 of Reference Processing due to unavailable references
[1084.914s][debug][gc,age       ] GC(390) Desired survivor size 15368192 bytes, new threshold 6 (max threshold 6)
[1084.914s][info ][gc,heap      ] GC(390) ParNew: 241385K->1099K(270336K)
[1084.914s][info ][gc,heap      ] GC(390) CMS: 291001K->291118K(600768K)
[1084.914s][info ][gc,metaspace ] GC(390) Metaspace: 57186K->57186K(1101824K)
[1084.914s][info ][gc           ] GC(390) Pause Young (Allocation Failure) 519M->285M(850M) 2.909ms
[1084.914s][info ][gc,cpu       ] GC(390) User=0.01s Sys=0.00s Real=0.00s
[1084.914s][info ][safepoint    ] Leaving safepoint region
[1084.914s][info ][safepoint    ] Total time for which application threads were stopped: 0.0030523 seconds, Stopping threads took: 0.0000149 seconds
[1085.914s][info ][safepoint    ] Application time: 1.0001052 seconds
[1085.914s][info ][safepoint    ] Entering safepoint region: Cleanup
[1085.914s][info ][safepoint    ] Leaving safepoint region
[1085.914s][info ][safepoint    ] Total time for which application threads were stopped: 0.0000844 seconds, Stopping threads took: 0.0000288 seconds
[1086.914s][info ][safepoint    ] Application time: 1.0000867 seconds
[1086.914s][info ][safepoint    ] Entering safepoint region: Cleanup
[1086.914s][info ][safepoint    ] Leaving safepoint region
[1086.914s][info ][safepoint    ] Total time for which application threads were stopped: 0.0001210 seconds, Stopping threads took: 0.0000570 seconds
[1087.914s][info ][safepoint    ] Application time: 1.0001020 seconds
[1087.914s][info ][safepoint    ] Entering safepoint region: Cleanup
[1087.915s][info ][safepoint    ] Leaving safepoint region
[1087.915s][info ][safepoint    ] Total time for which application threads were stopped: 0.0002291 seconds, Stopping threads took: 0.0001611 seconds
[1088.516s][info ][safepoint    ] Application time: 0.6014075 seconds
[1088.516s][info ][safepoint    ] Entering safepoint region: GenCollectForAllocation
[1088.516s][info ][gc,start     ] GC(391) Pause Young (Allocation Failure)
[1088.516s][info ][gc,task      ] GC(391) Using 4 workers of 4 for evacuation
[1088.519s][debug][gc,ref       ] GC(391) Skipped phase1 of Reference Processing due to unavailable references
[1088.519s][debug][gc,ref       ] GC(391) Skipped phase2 of Reference Processing due to unavailable references
[1088.519s][debug][gc,ref       ] GC(391) Skipped phase3 of Reference Processing due to unavailable references
[1088.519s][debug][gc,ref       ] GC(391) Skipped phase4 of Reference Processing due to unavailable references
[1088.519s][debug][gc,age       ] GC(391) Desired survivor size 15368192 bytes, new threshold 6 (max threshold 6)
[1088.519s][info ][gc,heap      ] GC(391) ParNew: 241419K->1272K(270336K)
[1088.519s][info ][gc,heap      ] GC(391) CMS: 291118K->291152K(600768K)
[1088.519s][info ][gc,metaspace ] GC(391) Metaspace: 57199K->57199K(1101824K)
[1088.519s][info ][gc           ] GC(391) Pause Young (Allocation Failure) 520M->285M(850M) 2.767ms
[1088.519s][info ][gc,cpu       ] GC(391) User=0.01s Sys=0.00s Real=0.00s
[1088.519s][info ][safepoint    ] Leaving safepoint region
[1088.519s][info ][safepoint    ] Total time for which application threads were stopped: 0.0029229 seconds, Stopping threads took: 0.0000145 seconds
[1089.519s][info ][safepoint    ] Application time: 1.0001022 seconds
[1089.519s][info ][safepoint    ] Entering safepoint region: Cleanup
[1089.519s][info ][safepoint    ] Leaving safepoint region
[1089.519s][info ][safepoint    ] Total time for which application threads were stopped: 0.0001726 seconds, Stopping threads took: 0.0000958 seconds
[1090.519s][info ][safepoint    ] Application time: 1.0001163 seconds
[1090.519s][info ][safepoint    ] Entering safepoint region: Cleanup
[1090.520s][info ][safepoint    ] Leaving safepoint region
[1090.520s][info ][safepoint    ] Total time for which application threads were stopped: 0.0001323 seconds, Stopping threads took: 0.0000584 seconds
[1091.521s][info ][safepoint    ] Application time: 1.0016382 seconds
[1091.521s][info ][safepoint    ] Entering safepoint region: Cleanup
[1091.521s][info ][safepoint    ] Leaving safepoint region
[1091.521s][info ][safepoint    ] Total time for which application threads were stopped: 0.0001336 seconds, Stopping threads took: 0.0000613 seconds
[1092.267s][info ][safepoint    ] Application time: 0.7451879 seconds
[1092.267s][info ][safepoint    ] Entering safepoint region: GenCollectForAllocation
[1092.267s][info ][gc,start     ] GC(392) Pause Young (Allocation Failure)
[1092.267s][info ][gc,task      ] GC(392) Using 4 workers of 4 for evacuation
[1092.269s][debug][gc,ref       ] GC(392) Skipped phase1 of Reference Processing due to unavailable references
[1092.269s][debug][gc,ref       ] GC(392) Skipped phase2 of Reference Processing due to unavailable references
[1092.269s][debug][gc,ref       ] GC(392) Skipped phase3 of Reference Processing due to unavailable references
[1092.269s][debug][gc,ref       ] GC(392) Skipped phase4 of Reference Processing due to unavailable references
[1092.269s][debug][gc,age       ] GC(392) Desired survivor size 15368192 bytes, new threshold 6 (max threshold 6)
[1092.269s][info ][gc,heap      ] GC(392) ParNew: 241592K->1415K(270336K)
[1092.269s][info ][gc,heap      ] GC(392) CMS: 291152K->291178K(600768K)
[1092.269s][info ][gc,metaspace ] GC(392) Metaspace: 57200K->57200K(1101824K)
[1092.269s][info ][gc           ] GC(392) Pause Young (Allocation Failure) 520M->285M(850M) 2.677ms
[1092.269s][info ][gc,cpu       ] GC(392) User=0.01s Sys=0.00s Real=0.00s
[1092.269s][info ][safepoint    ] Leaving safepoint region
[1092.269s][info ][safepoint    ] Total time for which application threads were stopped: 0.0028203 seconds, Stopping threads took: 0.0000161 seconds
[1093.270s][info ][safepoint    ] Application time: 1.0001045 seconds
[1093.270s][info ][safepoint    ] Entering safepoint region: Cleanup
[1093.270s][info ][safepoint    ] Leaving safepoint region
[1093.270s][info ][safepoint    ] Total time for which application threads were stopped: 0.0001313 seconds, Stopping threads took: 0.0000664 seconds
[1094.270s][info ][safepoint    ] Application time: 1.0000902 seconds
[1094.270s][info ][safepoint    ] Entering safepoint region: Cleanup
[1094.270s][info ][safepoint    ] Leaving safepoint region
[1094.270s][info ][safepoint    ] Total time for which application threads were stopped: 0.0001731 seconds, Stopping threads took: 0.0000958 seconds
[1095.270s][info ][safepoint    ] Application time: 1.0000951 seconds
[1095.270s][info ][safepoint    ] Entering safepoint region: Cleanup
[1095.270s][info ][safepoint    ] Leaving safepoint region
[1095.270s][info ][safepoint    ] Total time for which application threads were stopped: 0.0001643 seconds, Stopping threads took: 0.0000813 seconds
[1096.068s][info ][safepoint    ] Application time: 0.7979304 seconds
[1096.068s][info ][safepoint    ] Entering safepoint region: GenCollectForAllocation
[1096.068s][info ][gc,start     ] GC(393) Pause Young (Allocation Failure)
[1096.068s][info ][gc,task      ] GC(393) Using 4 workers of 4 for evacuation
[1096.071s][debug][gc,ref       ] GC(393) Skipped phase1 of Reference Processing due to unavailable references
[1096.071s][debug][gc,ref       ] GC(393) Skipped phase2 of Reference Processing due to unavailable references
[1096.071s][debug][gc,ref       ] GC(393) Skipped phase3 of Reference Processing due to unavailable references
[1096.071s][debug][gc,ref       ] GC(393) Skipped phase4 of Reference Processing due to unavailable references
[1096.072s][debug][gc,age       ] GC(393) Desired survivor size 15368192 bytes, new threshold 6 (max threshold 6)
[1096.072s][info ][gc,heap      ] GC(393) ParNew: 241735K->1481K(270336K)
[1096.072s][info ][gc,heap      ] GC(393) CMS: 291178K->291218K(600768K)
[1096.072s][info ][gc,metaspace ] GC(393) Metaspace: 57204K->57204K(1101824K)
[1096.072s][info ][gc           ] GC(393) Pause Young (Allocation Failure) 520M->285M(850M) 3.162ms
[1096.072s][info ][gc,cpu       ] GC(393) User=0.00s Sys=0.00s Real=0.00s
[1096.072s][info ][safepoint    ] Leaving safepoint region
[1096.072s][info ][safepoint    ] Total time for which application threads were stopped: 0.0033942 seconds, Stopping threads took: 0.0000148 seconds
[1097.072s][info ][safepoint    ] Application time: 1.0000990 seconds
[1097.072s][info ][safepoint    ] Entering safepoint region: Cleanup
[1097.072s][info ][safepoint    ] Leaving safepoint region
[1097.072s][info ][safepoint    ] Total time for which application threads were stopped: 0.0001418 seconds, Stopping threads took: 0.0000737 seconds
[1098.072s][info ][safepoint    ] Application time: 1.0001016 seconds
[1098.072s][info ][safepoint    ] Entering safepoint region: Cleanup
[1098.072s][info ][safepoint    ] Leaving safepoint region
[1098.072s][info ][safepoint    ] Total time for which application threads were stopped: 0.0001355 seconds, Stopping threads took: 0.0000614 seconds
[1099.072s][info ][safepoint    ] Application time: 1.0000709 seconds
[1099.072s][info ][safepoint    ] Entering safepoint region: Cleanup
[1099.072s][info ][safepoint    ] Leaving safepoint region
[1099.072s][info ][safepoint    ] Total time for which application threads were stopped: 0.0001605 seconds, Stopping threads took: 0.0000950 seconds
[1099.622s][info ][safepoint    ] Application time: 0.5495831 seconds
[1099.622s][info ][safepoint    ] Entering safepoint region: GenCollectForAllocation
[1099.622s][info ][gc,start     ] GC(394) Pause Young (Allocation Failure)
[1099.622s][info ][gc,task      ] GC(394) Using 4 workers of 4 for evacuation
[1099.625s][debug][gc,ref       ] GC(394) Skipped phase1 of Reference Processing due to unavailable references
[1099.625s][debug][gc,ref       ] GC(394) Skipped phase2 of Reference Processing due to unavailable references
[1099.625s][debug][gc,ref       ] GC(394) Skipped phase3 of Reference Processing due to unavailable references
[1099.625s][debug][gc,ref       ] GC(394) Skipped phase4 of Reference Processing due to unavailable references
[1099.625s][debug][gc,age       ] GC(394) Desired survivor size 15368192 bytes, new threshold 6 (max threshold 6)
[1099.625s][info ][gc,heap      ] GC(394) ParNew: 241801K->1719K(270336K)
[1099.625s][info ][gc,heap      ] GC(394) CMS: 291218K->291285K(600768K)
[1099.625s][info ][gc,metaspace ] GC(394) Metaspace: 57210K->57210K(1101824K)
[1099.625s][info ][gc           ] GC(394) Pause Young (Allocation Failure) 520M->286M(850M) 3.004ms
[1099.625s][info ][gc,cpu       ] GC(394) User=0.01s Sys=0.00s Real=0.00s
[1099.625s][info ][safepoint    ] Leaving safepoint region
[1099.625s][info ][safepoint    ] Total time for which application threads were stopped: 0.0031636 seconds, Stopping threads took: 0.0000156 seconds
[1100.625s][info ][safepoint    ] Application time: 1.0000991 seconds
[1100.625s][info ][safepoint    ] Entering safepoint region: Cleanup
[1100.626s][info ][safepoint    ] Leaving safepoint region
[1100.626s][info ][safepoint    ] Total time for which application threads were stopped: 0.0000825 seconds, Stopping threads took: 0.0000280 seconds
[1101.626s][info ][safepoint    ] Application time: 1.0000995 seconds
[1101.626s][info ][safepoint    ] Entering safepoint region: Cleanup
[1101.626s][info ][safepoint    ] Leaving safepoint region
[1101.626s][info ][safepoint    ] Total time for which application threads were stopped: 0.0001604 seconds, Stopping threads took: 0.0000646 seconds
[1102.626s][info ][safepoint    ] Application time: 1.0001434 seconds
[1102.626s][info ][safepoint    ] Entering safepoint region: Cleanup
[1102.626s][info ][safepoint    ] Leaving safepoint region
[1102.626s][info ][safepoint    ] Total time for which application threads were stopped: 0.0000722 seconds, Stopping threads took: 0.0000165 seconds
[1103.275s][info ][safepoint    ] Application time: 0.6491235 seconds
[1103.275s][info ][safepoint    ] Entering safepoint region: GenCollectForAllocation
[1103.275s][info ][gc,start     ] GC(395) Pause Young (Allocation Failure)
[1103.275s][info ][gc,task      ] GC(395) Using 4 workers of 4 for evacuation
[1103.279s][debug][gc,ref       ] GC(395) Skipped phase1 of Reference Processing due to unavailable references
[1103.279s][debug][gc,ref       ] GC(395) Skipped phase2 of Reference Processing due to unavailable references
[1103.279s][debug][gc,ref       ] GC(395) Skipped phase3 of Reference Processing due to unavailable references
[1103.279s][debug][gc,ref       ] GC(395) Skipped phase4 of Reference Processing due to unavailable references
[1103.279s][debug][gc,age       ] GC(395) Desired survivor size 15368192 bytes, new threshold 6 (max threshold 6)
[1103.279s][info ][gc,heap      ] GC(395) ParNew: 242039K->2024K(270336K)
[1103.279s][info ][gc,heap      ] GC(395) CMS: 291285K->291444K(600768K)
[1103.279s][info ][gc,metaspace ] GC(395) Metaspace: 57210K->57210K(1101824K)
[1103.279s][info ][gc           ] GC(395) Pause Young (Allocation Failure) 520M->286M(850M) 3.465ms
[1103.279s][info ][gc,cpu       ] GC(395) User=0.01s Sys=0.00s Real=0.00s
[1103.279s][info ][safepoint    ] Leaving safepoint region
[1103.279s][info ][safepoint    ] Total time for which application threads were stopped: 0.0037076 seconds, Stopping threads took: 0.0000179 seconds
[1104.279s][info ][safepoint    ] Application time: 1.0001701 seconds
[1104.279s][info ][safepoint    ] Entering safepoint region: Cleanup
[1104.279s][info ][safepoint    ] Leaving safepoint region
[1104.279s][info ][safepoint    ] Total time for which application threads were stopped: 0.0000756 seconds, Stopping threads took: 0.0000150 seconds
[1105.279s][info ][safepoint    ] Application time: 1.0001005 seconds
[1105.279s][info ][safepoint    ] Entering safepoint region: Cleanup
[1105.279s][info ][safepoint    ] Leaving safepoint region
[1105.279s][info ][safepoint    ] Total time for which application threads were stopped: 0.0000809 seconds, Stopping threads took: 0.0000156 seconds
[1106.280s][info ][safepoint    ] Application time: 1.0000935 seconds
[1106.280s][info ][safepoint    ] Entering safepoint region: Cleanup
[1106.280s][info ][safepoint    ] Leaving safepoint region
[1106.280s][info ][safepoint    ] Total time for which application threads were stopped: 0.0001247 seconds, Stopping threads took: 0.0000169 seconds
[1106.822s][info ][safepoint    ] Application time: 0.5422222 seconds
[1106.822s][info ][safepoint    ] Entering safepoint region: GenCollectForAllocation
[1106.822s][info ][gc,start     ] GC(396) Pause Young (Allocation Failure)
[1106.822s][info ][gc,task      ] GC(396) Using 4 workers of 4 for evacuation
[1106.825s][debug][gc,ref       ] GC(396) Skipped phase1 of Reference Processing due to unavailable references
[1106.825s][debug][gc,ref       ] GC(396) Skipped phase2 of Reference Processing due to unavailable references
[1106.825s][debug][gc,ref       ] GC(396) Skipped phase3 of Reference Processing due to unavailable references
[1106.825s][debug][gc,ref       ] GC(396) Skipped phase4 of Reference Processing due to unavailable references
[1106.825s][debug][gc,age       ] GC(396) Desired survivor size 15368192 bytes, new threshold 6 (max threshold 6)
[1106.825s][info ][gc,heap      ] GC(396) ParNew: 242344K->1934K(270336K)
[1106.825s][info ][gc,heap      ] GC(396) CMS: 291444K->291573K(600768K)
[1106.825s][info ][gc,metaspace ] GC(396) Metaspace: 57210K->57210K(1101824K)
[1106.825s][info ][gc           ] GC(396) Pause Young (Allocation Failure) 521M->286M(850M) 3.103ms
[1106.825s][info ][gc,cpu       ] GC(396) User=0.01s Sys=0.00s Real=0.00s
[1106.825s][info ][safepoint    ] Leaving safepoint region
[1106.825s][info ][safepoint    ] Total time for which application threads were stopped: 0.0032787 seconds, Stopping threads took: 0.0000176 seconds
[1107.825s][info ][safepoint    ] Application time: 1.0000984 seconds
[1107.825s][info ][safepoint    ] Entering safepoint region: Cleanup
[1107.825s][info ][safepoint    ] Leaving safepoint region
[1107.825s][info ][safepoint    ] Total time for which application threads were stopped: 0.0000806 seconds, Stopping threads took: 0.0000268 seconds
[1108.515s][info ][safepoint    ] Application time: 0.6899111 seconds
[1108.515s][info ][safepoint    ] Entering safepoint region: Deoptimize
[1108.517s][info ][safepoint    ] Leaving safepoint region
[1108.517s][info ][safepoint    ] Total time for which application threads were stopped: 0.0017412 seconds, Stopping threads took: 0.0000157 seconds
[1108.519s][info ][safepoint    ] Application time: 0.0021635 seconds
[1108.519s][info ][safepoint    ] Entering safepoint region: Deoptimize
[1108.521s][info ][safepoint    ] Leaving safepoint region
[1108.521s][info ][safepoint    ] Total time for which application threads were stopped: 0.0015885 seconds, Stopping threads took: 0.0000246 seconds
[1109.521s][info ][safepoint    ] Application time: 1.0001066 seconds
[1109.521s][info ][safepoint    ] Entering safepoint region: Cleanup
[1109.521s][info ][safepoint    ] Leaving safepoint region
[1109.521s][info ][safepoint    ] Total time for which application threads were stopped: 0.0001770 seconds, Stopping threads took: 0.0000397 seconds
[1110.521s][info ][safepoint    ] Application time: 1.0000868 seconds
[1110.521s][info ][safepoint    ] Entering safepoint region: Cleanup
[1110.522s][info ][safepoint    ] Leaving safepoint region
[1110.522s][info ][safepoint    ] Total time for which application threads were stopped: 0.0001177 seconds, Stopping threads took: 0.0000559 seconds
[1110.566s][info ][safepoint    ] Application time: 0.0440728 seconds
[1110.566s][info ][safepoint    ] Entering safepoint region: GenCollectForAllocation
[1110.566s][info ][gc,start     ] GC(397) Pause Young (Allocation Failure)
[1110.566s][info ][gc,task      ] GC(397) Using 4 workers of 4 for evacuation
[1110.569s][debug][gc,ref       ] GC(397) Skipped phase1 of Reference Processing due to unavailable references
[1110.569s][debug][gc,ref       ] GC(397) Skipped phase3 of Reference Processing due to unavailable references
[1110.569s][debug][gc,age       ] GC(397) Desired survivor size 15368192 bytes, new threshold 6 (max threshold 6)
[1110.569s][info ][gc,heap      ] GC(397) ParNew: 242254K->1522K(270336K)
[1110.569s][info ][gc,heap      ] GC(397) CMS: 291573K->291755K(600768K)
[1110.569s][info ][gc,metaspace ] GC(397) Metaspace: 57251K->57251K(1101824K)
[1110.569s][info ][gc           ] GC(397) Pause Young (Allocation Failure) 521M->286M(850M) 3.292ms
[1110.569s][info ][gc,cpu       ] GC(397) User=0.01s Sys=0.00s Real=0.01s
[1110.569s][info ][safepoint    ] Leaving safepoint region
[1110.569s][info ][safepoint    ] Total time for which application threads were stopped: 0.0035219 seconds, Stopping threads took: 0.0000960 seconds
[1111.569s][info ][safepoint    ] Application time: 1.0001704 seconds
[1111.569s][info ][safepoint    ] Entering safepoint region: Cleanup
[1111.569s][info ][safepoint    ] Leaving safepoint region
[1111.569s][info ][safepoint    ] Total time for which application threads were stopped: 0.0001182 seconds, Stopping threads took: 0.0000534 seconds
[1112.570s][info ][safepoint    ] Application time: 1.0001008 seconds
[1112.570s][info ][safepoint    ] Entering safepoint region: Cleanup
[1112.570s][info ][safepoint    ] Leaving safepoint region
[1112.570s][info ][safepoint    ] Total time for which application threads were stopped: 0.0001496 seconds, Stopping threads took: 0.0000837 seconds
[1113.570s][info ][safepoint    ] Application time: 1.0001287 seconds
[1113.570s][info ][safepoint    ] Entering safepoint region: Cleanup
[1113.570s][info ][safepoint    ] Leaving safepoint region
[1113.570s][info ][safepoint    ] Total time for which application threads were stopped: 0.0001061 seconds, Stopping threads took: 0.0000475 seconds
[1114.216s][info ][safepoint    ] Application time: 0.6459528 seconds
[1114.216s][info ][safepoint    ] Entering safepoint region: GenCollectForAllocation
[1114.216s][info ][gc,start     ] GC(398) Pause Young (Allocation Failure)
[1114.216s][info ][gc,task      ] GC(398) Using 4 workers of 4 for evacuation
[1114.219s][debug][gc,ref       ] GC(398) Skipped phase1 of Reference Processing due to unavailable references
[1114.219s][debug][gc,ref       ] GC(398) Skipped phase3 of Reference Processing due to unavailable references
[1114.219s][debug][gc,ref       ] GC(398) Skipped phase4 of Reference Processing due to unavailable references
[1114.219s][debug][gc,age       ] GC(398) Desired survivor size 15368192 bytes, new threshold 6 (max threshold 6)
[1114.219s][info ][gc,heap      ] GC(398) ParNew: 241842K->1659K(270336K)
[1114.219s][info ][gc,heap      ] GC(398) CMS: 291755K->291767K(600768K)
[1114.219s][info ][gc,metaspace ] GC(398) Metaspace: 57258K->57258K(1101824K)
[1114.219s][info ][gc           ] GC(398) Pause Young (Allocation Failure) 521M->286M(850M) 2.926ms
[1114.219s][info ][gc,cpu       ] GC(398) User=0.01s Sys=0.00s Real=0.00s
[1114.219s][info ][safepoint    ] Leaving safepoint region
[1114.219s][info ][safepoint    ] Total time for which application threads were stopped: 0.0033639 seconds, Stopping threads took: 0.0002884 seconds
[1115.220s][info ][safepoint    ] Application time: 1.0001050 seconds
[1115.220s][info ][safepoint    ] Entering safepoint region: Cleanup
[1115.220s][info ][safepoint    ] Leaving safepoint region
[1115.220s][info ][safepoint    ] Total time for which application threads were stopped: 0.0001127 seconds, Stopping threads took: 0.0000446 seconds
[1116.220s][info ][safepoint    ] Application time: 1.0000603 seconds
[1116.220s][info ][safepoint    ] Entering safepoint region: Cleanup
[1116.220s][info ][safepoint    ] Leaving safepoint region
[1116.220s][info ][safepoint    ] Total time for which application threads were stopped: 0.0001893 seconds, Stopping threads took: 0.0000610 seconds
[1117.220s][info ][safepoint    ] Application time: 1.0000866 seconds
[1117.220s][info ][safepoint    ] Entering safepoint region: Cleanup
[1117.220s][info ][safepoint    ] Leaving safepoint region
[1117.220s][info ][safepoint    ] Total time for which application threads were stopped: 0.0001297 seconds, Stopping threads took: 0.0000572 seconds
[1117.768s][info ][safepoint    ] Application time: 0.5473767 seconds
[1117.768s][info ][safepoint    ] Entering safepoint region: GenCollectForAllocation
[1117.768s][info ][gc,start     ] GC(399) Pause Young (Allocation Failure)
[1117.768s][info ][gc,task      ] GC(399) Using 4 workers of 4 for evacuation
[1117.771s][debug][gc,ref       ] GC(399) Skipped phase1 of Reference Processing due to unavailable references
[1117.771s][debug][gc,ref       ] GC(399) Skipped phase3 of Reference Processing due to unavailable references
[1117.771s][debug][gc,ref       ] GC(399) Skipped phase4 of Reference Processing due to unavailable references
[1117.771s][debug][gc,age       ] GC(399) Desired survivor size 15368192 bytes, new threshold 6 (max threshold 6)
[1117.771s][info ][gc,heap      ] GC(399) ParNew: 241979K->1700K(270336K)
[1117.771s][info ][gc,heap      ] GC(399) CMS: 291767K->291804K(600768K)
[1117.771s][info ][gc,metaspace ] GC(399) Metaspace: 57276K->57276K(1101824K)
[1117.771s][info ][gc           ] GC(399) Pause Young (Allocation Failure) 521M->286M(850M) 3.118ms
[1117.771s][info ][gc,cpu       ] GC(399) User=0.01s Sys=0.00s Real=0.00s
[1117.771s][info ][safepoint    ] Leaving safepoint region
[1117.771s][info ][safepoint    ] Total time for which application threads were stopped: 0.0032691 seconds, Stopping threads took: 0.0000142 seconds
[1118.771s][info ][safepoint    ] Application time: 1.0000894 seconds
[1118.771s][info ][safepoint    ] Entering safepoint region: Cleanup
[1118.771s][info ][safepoint    ] Leaving safepoint region
[1118.771s][info ][safepoint    ] Total time for which application threads were stopped: 0.0001291 seconds, Stopping threads took: 0.0000643 seconds
[1119.771s][info ][safepoint    ] Application time: 1.0000949 seconds
[1119.771s][info ][safepoint    ] Entering safepoint region: Cleanup
[1119.771s][info ][safepoint    ] Leaving safepoint region
[1119.771s][info ][safepoint    ] Total time for which application threads were stopped: 0.0001129 seconds, Stopping threads took: 0.0000493 seconds
[1120.773s][info ][safepoint    ] Application time: 1.0019520 seconds
[1120.773s][info ][safepoint    ] Entering safepoint region: Cleanup
[1120.774s][info ][safepoint    ] Leaving safepoint region
[1120.774s][info ][safepoint    ] Total time for which application threads were stopped: 0.0001866 seconds, Stopping threads took: 0.0001147 seconds
[1121.422s][info ][safepoint    ] Application time: 0.6484974 seconds
[1121.422s][info ][safepoint    ] Entering safepoint region: GenCollectForAllocation
[1121.422s][info ][gc,start     ] GC(400) Pause Young (Allocation Failure)
[1121.422s][info ][gc,task      ] GC(400) Using 4 workers of 4 for evacuation
[1121.426s][debug][gc,ref       ] GC(400) Skipped phase1 of Reference Processing due to unavailable references
[1121.426s][debug][gc,ref       ] GC(400) Skipped phase3 of Reference Processing due to unavailable references
[1121.426s][debug][gc,ref       ] GC(400) Skipped phase4 of Reference Processing due to unavailable references
[1121.426s][debug][gc,age       ] GC(400) Desired survivor size 15368192 bytes, new threshold 6 (max threshold 6)
[1121.426s][info ][gc,heap      ] GC(400) ParNew: 242020K->1549K(270336K)
[1121.426s][info ][gc,heap      ] GC(400) CMS: 291804K->291990K(600768K)
[1121.426s][info ][gc,metaspace ] GC(400) Metaspace: 57283K->57283K(1101824K)
[1121.426s][info ][gc           ] GC(400) Pause Young (Allocation Failure) 521M->286M(850M) 3.871ms
[1121.426s][info ][gc,cpu       ] GC(400) User=0.01s Sys=0.00s Real=0.01s
[1121.426s][info ][safepoint    ] Leaving safepoint region
[1121.426s][info ][safepoint    ] Total time for which application threads were stopped: 0.0040213 seconds, Stopping threads took: 0.0000156 seconds
[1124.915s][info ][safepoint    ] Application time: 3.4893378 seconds
[1124.916s][info ][safepoint    ] Entering safepoint region: GenCollectForAllocation
[1124.916s][info ][gc,start     ] GC(401) Pause Young (Allocation Failure)
[1124.916s][info ][gc,task      ] GC(401) Using 4 workers of 4 for evacuation
[1124.919s][debug][gc,ref       ] GC(401) Skipped phase1 of Reference Processing due to unavailable references
[1124.919s][debug][gc,ref       ] GC(401) Skipped phase3 of Reference Processing due to unavailable references
[1124.919s][debug][gc,ref       ] GC(401) Skipped phase4 of Reference Processing due to unavailable references
[1124.919s][debug][gc,age       ] GC(401) Desired survivor size 15368192 bytes, new threshold 6 (max threshold 6)
[1124.919s][info ][gc,heap      ] GC(401) ParNew: 241869K->2664K(270336K)
[1124.919s][info ][gc,heap      ] GC(401) CMS: 291990K->292177K(600768K)
[1124.919s][info ][gc,metaspace ] GC(401) Metaspace: 57284K->57284K(1101824K)
[1124.919s][info ][gc           ] GC(401) Pause Young (Allocation Failure) 521M->287M(850M) 3.794ms
[1124.919s][info ][gc,cpu       ] GC(401) User=0.01s Sys=0.00s Real=0.00s
[1124.919s][info ][safepoint    ] Leaving safepoint region
[1124.919s][info ][safepoint    ] Total time for which application threads were stopped: 0.0039371 seconds, Stopping threads took: 0.0000147 seconds
[1126.920s][info ][safepoint    ] Application time: 2.0001814 seconds
[1126.920s][info ][safepoint    ] Entering safepoint region: Cleanup
[1126.920s][info ][safepoint    ] Leaving safepoint region
[1126.920s][info ][safepoint    ] Total time for which application threads were stopped: 0.0001318 seconds, Stopping threads took: 0.0000612 seconds
[1128.166s][info ][safepoint    ] Application time: 1.2457971 seconds
[1128.166s][info ][safepoint    ] Entering safepoint region: GenCollectForAllocation
[1128.166s][info ][gc,start     ] GC(402) Pause Young (Allocation Failure)
[1128.166s][info ][gc,task      ] GC(402) Using 4 workers of 4 for evacuation
[1128.169s][debug][gc,ref       ] GC(402) Skipped phase1 of Reference Processing due to unavailable references
[1128.169s][debug][gc,ref       ] GC(402) Skipped phase3 of Reference Processing due to unavailable references
[1128.169s][debug][gc,ref       ] GC(402) Skipped phase4 of Reference Processing due to unavailable references
[1128.169s][debug][gc,age       ] GC(402) Desired survivor size 15368192 bytes, new threshold 6 (max threshold 6)
[1128.169s][info ][gc,heap      ] GC(402) ParNew: 242984K->2961K(270336K)
[1128.169s][info ][gc,heap      ] GC(402) CMS: 292177K->292285K(600768K)
[1128.169s][info ][gc,metaspace ] GC(402) Metaspace: 57284K->57284K(1101824K)
[1128.169s][info ][gc           ] GC(402) Pause Young (Allocation Failure) 522M->288M(850M) 3.521ms
[1128.169s][info ][gc,cpu       ] GC(402) User=0.01s Sys=0.00s Real=0.01s
[1128.169s][info ][safepoint    ] Leaving safepoint region
[1128.169s][info ][safepoint    ] Total time for which application threads were stopped: 0.0036975 seconds, Stopping threads took: 0.0000155 seconds
[1131.467s][info ][safepoint    ] Application time: 3.2972116 seconds
[1131.467s][info ][safepoint    ] Entering safepoint region: GenCollectForAllocation
[1131.467s][info ][gc,start     ] GC(403) Pause Young (Allocation Failure)
[1131.467s][info ][gc,task      ] GC(403) Using 4 workers of 4 for evacuation
[1131.470s][debug][gc,ref       ] GC(403) Skipped phase1 of Reference Processing due to unavailable references
[1131.470s][debug][gc,ref       ] GC(403) Skipped phase2 of Reference Processing due to unavailable references
[1131.470s][debug][gc,ref       ] GC(403) Skipped phase3 of Reference Processing due to unavailable references
[1131.470s][debug][gc,ref       ] GC(403) Skipped phase4 of Reference Processing due to unavailable references
[1131.470s][debug][gc,age       ] GC(403) Desired survivor size 15368192 bytes, new threshold 6 (max threshold 6)
[1131.470s][info ][gc,heap      ] GC(403) ParNew: 243281K->2936K(270336K)
[1131.470s][info ][gc,heap      ] GC(403) CMS: 292285K->292454K(600768K)
[1131.470s][info ][gc,metaspace ] GC(403) Metaspace: 57284K->57284K(1101824K)
[1131.470s][info ][gc           ] GC(403) Pause Young (Allocation Failure) 523M->288M(850M) 3.781ms
[1131.470s][info ][gc,cpu       ] GC(403) User=0.01s Sys=0.00s Real=0.00s
[1131.471s][info ][safepoint    ] Leaving safepoint region
[1131.471s][info ][safepoint    ] Total time for which application threads were stopped: 0.0039411 seconds, Stopping threads took: 0.0000158 seconds
[1132.471s][info ][safepoint    ] Application time: 1.0001046 seconds
[1132.471s][info ][safepoint    ] Entering safepoint region: Cleanup
[1132.471s][info ][safepoint    ] Leaving safepoint region
[1132.471s][info ][safepoint    ] Total time for which application threads were stopped: 0.0003551 seconds, Stopping threads took: 0.0002727 seconds
[1134.468s][info ][safepoint    ] Application time: 1.9969341 seconds
[1134.468s][info ][safepoint    ] Entering safepoint region: GenCollectForAllocation
[1134.468s][info ][gc,start     ] GC(404) Pause Young (Allocation Failure)
[1134.468s][info ][gc,task      ] GC(404) Using 4 workers of 4 for evacuation
[1134.472s][debug][gc,ref       ] GC(404) Skipped phase1 of Reference Processing due to unavailable references
[1134.472s][debug][gc,ref       ] GC(404) Skipped phase2 of Reference Processing due to unavailable references
[1134.472s][debug][gc,ref       ] GC(404) Skipped phase3 of Reference Processing due to unavailable references
[1134.472s][debug][gc,ref       ] GC(404) Skipped phase4 of Reference Processing due to unavailable references
[1134.472s][debug][gc,age       ] GC(404) Desired survivor size 15368192 bytes, new threshold 6 (max threshold 6)
[1134.472s][info ][gc,heap      ] GC(404) ParNew: 243256K->3010K(270336K)
[1134.472s][info ][gc,heap      ] GC(404) CMS: 292454K->292531K(600768K)
[1134.472s][info ][gc,metaspace ] GC(404) Metaspace: 57284K->57284K(1101824K)
[1134.472s][info ][gc           ] GC(404) Pause Young (Allocation Failure) 523M->288M(850M) 3.681ms
[1134.472s][info ][gc,cpu       ] GC(404) User=0.02s Sys=0.00s Real=0.00s
[1134.472s][info ][safepoint    ] Leaving safepoint region
[1134.472s][info ][safepoint    ] Total time for which application threads were stopped: 0.0038950 seconds, Stopping threads took: 0.0000676 seconds
[1136.472s][info ][safepoint    ] Application time: 2.0003396 seconds
[1136.472s][info ][safepoint    ] Entering safepoint region: Cleanup
[1136.472s][info ][safepoint    ] Leaving safepoint region
[1136.472s][info ][safepoint    ] Total time for which application threads were stopped: 0.0001602 seconds, Stopping threads took: 0.0000994 seconds
[1137.816s][info ][safepoint    ] Application time: 1.3436450 seconds
[1137.817s][info ][safepoint    ] Entering safepoint region: GenCollectForAllocation
[1137.818s][info ][gc,start     ] GC(405) Pause Young (Allocation Failure)
[1137.818s][info ][gc,task      ] GC(405) Using 4 workers of 4 for evacuation
[1137.822s][debug][gc,ref       ] GC(405) Skipped phase1 of Reference Processing due to unavailable references
[1137.822s][debug][gc,ref       ] GC(405) Skipped phase2 of Reference Processing due to unavailable references
[1137.822s][debug][gc,ref       ] GC(405) Skipped phase3 of Reference Processing due to unavailable references
[1137.822s][debug][gc,ref       ] GC(405) Skipped phase4 of Reference Processing due to unavailable references
[1137.822s][debug][gc,age       ] GC(405) Desired survivor size 15368192 bytes, new threshold 6 (max threshold 6)
[1137.822s][info ][gc,heap      ] GC(405) ParNew: 243330K->3038K(270336K)
[1137.822s][info ][gc,heap      ] GC(405) CMS: 292531K->292654K(600768K)
[1137.822s][info ][gc,metaspace ] GC(405) Metaspace: 57285K->57285K(1101824K)
[1137.822s][info ][gc           ] GC(405) Pause Young (Allocation Failure) 523M->288M(850M) 3.795ms
[1137.822s][info ][gc,cpu       ] GC(405) User=0.01s Sys=0.00s Real=0.00s
[1137.822s][info ][safepoint    ] Leaving safepoint region
[1137.822s][info ][safepoint    ] Total time for which application threads were stopped: 0.0060214 seconds, Stopping threads took: 0.0012457 seconds
[1140.822s][info ][safepoint    ] Application time: 3.0002131 seconds
[1140.822s][info ][safepoint    ] Entering safepoint region: Cleanup
[1140.823s][info ][safepoint    ] Leaving safepoint region
[1140.823s][info ][safepoint    ] Total time for which application threads were stopped: 0.0001434 seconds, Stopping threads took: 0.0000599 seconds
[1140.921s][info ][safepoint    ] Application time: 0.0981209 seconds
[1140.921s][info ][safepoint    ] Entering safepoint region: GenCollectForAllocation
[1140.921s][info ][gc,start     ] GC(406) Pause Young (Allocation Failure)
[1140.921s][info ][gc,task      ] GC(406) Using 4 workers of 4 for evacuation
[1140.925s][debug][gc,ref       ] GC(406) Skipped phase1 of Reference Processing due to unavailable references
[1140.925s][debug][gc,ref       ] GC(406) Skipped phase2 of Reference Processing due to unavailable references
[1140.925s][debug][gc,ref       ] GC(406) Skipped phase3 of Reference Processing due to unavailable references
[1140.925s][debug][gc,ref       ] GC(406) Skipped phase4 of Reference Processing due to unavailable references
[1140.925s][debug][gc,age       ] GC(406) Desired survivor size 15368192 bytes, new threshold 6 (max threshold 6)
[1140.925s][info ][gc,heap      ] GC(406) ParNew: 243358K->3347K(270336K)
[1140.925s][info ][gc,heap      ] GC(406) CMS: 292654K->292913K(600768K)
[1140.925s][info ][gc,metaspace ] GC(406) Metaspace: 57285K->57285K(1101824K)
[1140.925s][info ][gc           ] GC(406) Pause Young (Allocation Failure) 523M->289M(850M) 4.112ms
[1140.925s][info ][gc,cpu       ] GC(406) User=0.02s Sys=0.00s Real=0.00s
[1140.925s][info ][safepoint    ] Leaving safepoint region
[1140.925s][info ][safepoint    ] Total time for which application threads were stopped: 0.0042669 seconds, Stopping threads took: 0.0000152 seconds
[1144.516s][info ][safepoint    ] Application time: 3.5910481 seconds
[1144.516s][info ][safepoint    ] Entering safepoint region: GenCollectForAllocation
[1144.516s][info ][gc,start     ] GC(407) Pause Young (Allocation Failure)
[1144.516s][info ][gc,task      ] GC(407) Using 4 workers of 4 for evacuation
[1144.527s][debug][gc,ref       ] GC(407) Skipped phase1 of Reference Processing due to unavailable references
[1144.527s][debug][gc,ref       ] GC(407) Skipped phase2 of Reference Processing due to unavailable references
[1144.527s][debug][gc,ref       ] GC(407) Skipped phase3 of Reference Processing due to unavailable references
[1144.527s][debug][gc,ref       ] GC(407) Skipped phase4 of Reference Processing due to unavailable references
[1144.527s][debug][gc,age       ] GC(407) Desired survivor size 15368192 bytes, new threshold 6 (max threshold 6)
[1144.527s][info ][gc,heap      ] GC(407) ParNew: 243667K->2750K(270336K)
[1144.527s][info ][gc,heap      ] GC(407) CMS: 292913K->293283K(600768K)
[1144.527s][info ][gc,metaspace ] GC(407) Metaspace: 57287K->57287K(1101824K)
[1144.527s][info ][gc           ] GC(407) Pause Young (Allocation Failure) 524M->289M(850M) 11.188ms
[1144.527s][info ][gc,cpu       ] GC(407) User=0.02s Sys=0.00s Real=0.01s
[1144.527s][info ][safepoint    ] Leaving safepoint region
[1144.527s][info ][safepoint    ] Total time for which application threads were stopped: 0.0113637 seconds, Stopping threads took: 0.0000149 seconds
[1146.530s][info ][safepoint    ] Application time: 2.0021686 seconds
[1146.530s][info ][safepoint    ] Entering safepoint region: Cleanup
[1146.530s][info ][safepoint    ] Leaving safepoint region
[1146.530s][info ][safepoint    ] Total time for which application threads were stopped: 0.0001038 seconds, Stopping threads took: 0.0000150 seconds
[1147.530s][info ][safepoint    ] Application time: 1.0001132 seconds
[1147.530s][info ][safepoint    ] Entering safepoint region: Cleanup
[1147.530s][info ][safepoint    ] Leaving safepoint region
[1147.530s][info ][safepoint    ] Total time for which application threads were stopped: 0.0000864 seconds, Stopping threads took: 0.0000151 seconds
[1148.115s][info ][safepoint    ] Application time: 0.5846897 seconds
[1148.115s][info ][safepoint    ] Entering safepoint region: GenCollectForAllocation
[1148.115s][info ][gc,start     ] GC(408) Pause Young (Allocation Failure)
[1148.115s][info ][gc,task      ] GC(408) Using 4 workers of 4 for evacuation
[1148.118s][debug][gc,ref       ] GC(408) Skipped phase1 of Reference Processing due to unavailable references
[1148.118s][debug][gc,ref       ] GC(408) Skipped phase2 of Reference Processing due to unavailable references
[1148.118s][debug][gc,ref       ] GC(408) Skipped phase3 of Reference Processing due to unavailable references
[1148.118s][debug][gc,ref       ] GC(408) Skipped phase4 of Reference Processing due to unavailable references
[1148.118s][debug][gc,age       ] GC(408) Desired survivor size 15368192 bytes, new threshold 6 (max threshold 6)
[1148.118s][info ][gc,heap      ] GC(408) ParNew: 243070K->1895K(270336K)
[1148.118s][info ][gc,heap      ] GC(408) CMS: 293283K->294006K(600768K)
[1148.118s][info ][gc,metaspace ] GC(408) Metaspace: 57288K->57288K(1101824K)
[1148.118s][info ][gc           ] GC(408) Pause Young (Allocation Failure) 523M->288M(850M) 3.234ms
[1148.118s][info ][gc,cpu       ] GC(408) User=0.01s Sys=0.00s Real=0.00s
[1148.118s][info ][safepoint    ] Leaving safepoint region
[1148.118s][info ][safepoint    ] Total time for which application threads were stopped: 0.0033858 seconds, Stopping threads took: 0.0000152 seconds
[1150.118s][info ][safepoint    ] Application time: 2.0001799 seconds
[1150.118s][info ][safepoint    ] Entering safepoint region: Cleanup
[1150.118s][info ][safepoint    ] Leaving safepoint region
[1150.118s][info ][safepoint    ] Total time for which application threads were stopped: 0.0001209 seconds, Stopping threads took: 0.0000468 seconds
[1151.715s][info ][safepoint    ] Application time: 1.5964253 seconds
[1151.715s][info ][safepoint    ] Entering safepoint region: GenCollectForAllocation
[1151.715s][info ][gc,start     ] GC(409) Pause Young (Allocation Failure)
[1151.715s][info ][gc,task      ] GC(409) Using 4 workers of 4 for evacuation
[1151.718s][debug][gc,ref       ] GC(409) Skipped phase1 of Reference Processing due to unavailable references
[1151.718s][debug][gc,ref       ] GC(409) Skipped phase2 of Reference Processing due to unavailable references
[1151.718s][debug][gc,ref       ] GC(409) Skipped phase3 of Reference Processing due to unavailable references
[1151.718s][debug][gc,ref       ] GC(409) Skipped phase4 of Reference Processing due to unavailable references
[1151.718s][debug][gc,age       ] GC(409) Desired survivor size 15368192 bytes, new threshold 6 (max threshold 6)
[1151.718s][info ][gc,heap      ] GC(409) ParNew: 242215K->1539K(270336K)
[1151.718s][info ][gc,heap      ] GC(409) CMS: 294006K->294109K(600768K)
[1151.718s][info ][gc,metaspace ] GC(409) Metaspace: 57288K->57288K(1101824K)
[1151.718s][info ][gc           ] GC(409) Pause Young (Allocation Failure) 523M->288M(850M) 2.760ms
[1151.718s][info ][gc,cpu       ] GC(409) User=0.01s Sys=0.00s Real=0.00s
[1151.718s][info ][safepoint    ] Leaving safepoint region
[1151.718s][info ][safepoint    ] Total time for which application threads were stopped: 0.0029044 seconds, Stopping threads took: 0.0000158 seconds
[1155.416s][info ][safepoint    ] Application time: 3.6977294 seconds
[1155.416s][info ][safepoint    ] Entering safepoint region: GenCollectForAllocation
[1155.416s][info ][gc,start     ] GC(410) Pause Young (Allocation Failure)
[1155.416s][info ][gc,task      ] GC(410) Using 4 workers of 4 for evacuation
[1155.418s][debug][gc,ref       ] GC(410) Skipped phase1 of Reference Processing due to unavailable references
[1155.418s][debug][gc,ref       ] GC(410) Skipped phase3 of Reference Processing due to unavailable references
[1155.418s][debug][gc,ref       ] GC(410) Skipped phase4 of Reference Processing due to unavailable references
[1155.419s][debug][gc,age       ] GC(410) Desired survivor size 15368192 bytes, new threshold 6 (max threshold 6)
[1155.419s][info ][gc,heap      ] GC(410) ParNew: 241859K->1472K(270336K)
[1155.419s][info ][gc,heap      ] GC(410) CMS: 294109K->294146K(600768K)
[1155.419s][info ][gc,metaspace ] GC(410) Metaspace: 57288K->57288K(1101824K)
[1155.419s][info ][gc           ] GC(410) Pause Young (Allocation Failure) 523M->288M(850M) 2.824ms
[1155.419s][info ][gc,cpu       ] GC(410) User=0.01s Sys=0.00s Real=0.00s
[1155.419s][info ][safepoint    ] Leaving safepoint region
[1155.419s][info ][safepoint    ] Total time for which application threads were stopped: 0.0030741 seconds, Stopping threads took: 0.0000885 seconds
[1158.419s][info ][safepoint    ] Application time: 3.0002645 seconds
[1158.419s][info ][safepoint    ] Entering safepoint region: Cleanup
[1158.419s][info ][safepoint    ] Leaving safepoint region
[1158.419s][info ][safepoint    ] Total time for which application threads were stopped: 0.0001798 seconds, Stopping threads took: 0.0000749 seconds
[1159.124s][info ][safepoint    ] Application time: 0.7049723 seconds
[1159.124s][info ][safepoint    ] Entering safepoint region: GenCollectForAllocation
[1159.124s][info ][gc,start     ] GC(411) Pause Young (Allocation Failure)
[1159.124s][info ][gc,task      ] GC(411) Using 4 workers of 4 for evacuation
[1159.127s][debug][gc,ref       ] GC(411) Skipped phase1 of Reference Processing due to unavailable references
[1159.127s][debug][gc,ref       ] GC(411) Skipped phase3 of Reference Processing due to unavailable references
[1159.127s][debug][gc,ref       ] GC(411) Skipped phase4 of Reference Processing due to unavailable references
[1159.128s][debug][gc,age       ] GC(411) Desired survivor size 15368192 bytes, new threshold 6 (max threshold 6)
[1159.128s][info ][gc,heap      ] GC(411) ParNew: 241792K->1262K(270336K)
[1159.128s][info ][gc,heap      ] GC(411) CMS: 294146K->294520K(600768K)
[1159.128s][info ][gc,metaspace ] GC(411) Metaspace: 57290K->57290K(1101824K)
[1159.128s][info ][gc           ] GC(411) Pause Young (Allocation Failure) 523M->288M(850M) 3.383ms
[1159.128s][info ][gc,cpu       ] GC(411) User=0.02s Sys=0.00s Real=0.01s
[1159.128s][info ][safepoint    ] Leaving safepoint region
[1159.128s][info ][safepoint    ] Total time for which application threads were stopped: 0.0035221 seconds, Stopping threads took: 0.0000146 seconds
[1160.128s][info ][safepoint    ] Application time: 1.0000953 seconds
[1160.128s][info ][safepoint    ] Entering safepoint region: Cleanup
[1160.128s][info ][safepoint    ] Leaving safepoint region
[1160.128s][info ][safepoint    ] Total time for which application threads were stopped: 0.0002828 seconds, Stopping threads took: 0.0000148 seconds
[1162.128s][info ][safepoint    ] Application time: 2.0001719 seconds
[1162.128s][info ][safepoint    ] Entering safepoint region: Cleanup
[1162.128s][info ][safepoint    ] Leaving safepoint region
[1162.128s][info ][safepoint    ] Total time for which application threads were stopped: 0.0000766 seconds, Stopping threads took: 0.0000163 seconds
[1162.868s][info ][safepoint    ] Application time: 0.7397940 seconds
[1162.868s][info ][safepoint    ] Entering safepoint region: GenCollectForAllocation
[1162.868s][info ][gc,start     ] GC(412) Pause Young (Allocation Failure)
[1162.868s][info ][gc,task      ] GC(412) Using 4 workers of 4 for evacuation
[1162.871s][debug][gc,ref       ] GC(412) Skipped phase1 of Reference Processing due to unavailable references
[1162.871s][debug][gc,ref       ] GC(412) Skipped phase3 of Reference Processing due to unavailable references
[1162.871s][debug][gc,ref       ] GC(412) Skipped phase4 of Reference Processing due to unavailable references
[1162.871s][debug][gc,age       ] GC(412) Desired survivor size 15368192 bytes, new threshold 6 (max threshold 6)
[1162.871s][info ][gc,heap      ] GC(412) ParNew: 241582K->1137K(270336K)
[1162.871s][info ][gc,heap      ] GC(412) CMS: 294520K->294619K(600768K)
[1162.871s][info ][gc,metaspace ] GC(412) Metaspace: 57290K->57290K(1101824K)
[1162.871s][info ][gc           ] GC(412) Pause Young (Allocation Failure) 523M->288M(850M) 2.775ms
[1162.871s][info ][gc,cpu       ] GC(412) User=0.01s Sys=0.00s Real=0.00s
[1162.871s][info ][safepoint    ] Leaving safepoint region
[1162.871s][info ][safepoint    ] Total time for which application threads were stopped: 0.0029403 seconds, Stopping threads took: 0.0000142 seconds
[1166.469s][info ][safepoint    ] Application time: 3.5978718 seconds
[1166.469s][info ][safepoint    ] Entering safepoint region: GenCollectForAllocation
[1166.469s][info ][gc,start     ] GC(413) Pause Young (Allocation Failure)
[1166.469s][info ][gc,task      ] GC(413) Using 4 workers of 4 for evacuation
[1166.472s][debug][gc,ref       ] GC(413) Skipped phase1 of Reference Processing due to unavailable references
[1166.472s][debug][gc,ref       ] GC(413) Skipped phase3 of Reference Processing due to unavailable references
[1166.472s][debug][gc,ref       ] GC(413) Skipped phase4 of Reference Processing due to unavailable references
[1166.472s][debug][gc,age       ] GC(413) Desired survivor size 15368192 bytes, new threshold 6 (max threshold 6)
[1166.472s][info ][gc,heap      ] GC(413) ParNew: 241457K->996K(270336K)
[1166.472s][info ][gc,heap      ] GC(413) CMS: 294619K->294640K(600768K)
[1166.472s][info ][gc,metaspace ] GC(413) Metaspace: 57290K->57290K(1101824K)
[1166.472s][info ][gc           ] GC(413) Pause Young (Allocation Failure) 523M->288M(850M) 3.054ms
[1166.472s][info ][gc,cpu       ] GC(413) User=0.01s Sys=0.00s Real=0.00s
[1166.472s][info ][safepoint    ] Leaving safepoint region
[1166.472s][info ][safepoint    ] Total time for which application threads were stopped: 0.0031996 seconds, Stopping threads took: 0.0000149 seconds
[1170.219s][info ][safepoint    ] Application time: 3.7464800 seconds
[1170.219s][info ][safepoint    ] Entering safepoint region: GenCollectForAllocation
[1170.219s][info ][gc,start     ] GC(414) Pause Young (Allocation Failure)
[1170.219s][info ][gc,task      ] GC(414) Using 4 workers of 4 for evacuation
[1170.222s][debug][gc,ref       ] GC(414) Skipped phase1 of Reference Processing due to unavailable references
[1170.222s][debug][gc,ref       ] GC(414) Skipped phase3 of Reference Processing due to unavailable references
[1170.222s][debug][gc,ref       ] GC(414) Skipped phase4 of Reference Processing due to unavailable references
[1170.222s][debug][gc,age       ] GC(414) Desired survivor size 15368192 bytes, new threshold 6 (max threshold 6)
[1170.222s][info ][gc,heap      ] GC(414) ParNew: 241316K->1326K(270336K)
[1170.222s][info ][gc,heap      ] GC(414) CMS: 294640K->294654K(600768K)
[1170.222s][info ][gc,metaspace ] GC(414) Metaspace: 57290K->57290K(1101824K)
[1170.222s][info ][gc           ] GC(414) Pause Young (Allocation Failure) 523M->289M(850M) 2.893ms
[1170.222s][info ][gc,cpu       ] GC(414) User=0.01s Sys=0.00s Real=0.00s
[1170.222s][info ][safepoint    ] Leaving safepoint region
[1170.222s][info ][safepoint    ] Total time for which application threads were stopped: 0.0030956 seconds, Stopping threads took: 0.0000143 seconds
[1173.572s][info ][safepoint    ] Application time: 3.3501216 seconds
[1173.572s][info ][safepoint    ] Entering safepoint region: GenCollectForAllocation
[1173.572s][info ][gc,start     ] GC(415) Pause Young (Allocation Failure)
[1173.572s][info ][gc,task      ] GC(415) Using 4 workers of 4 for evacuation
[1173.575s][debug][gc,ref       ] GC(415) Skipped phase1 of Reference Processing due to unavailable references
[1173.575s][debug][gc,ref       ] GC(415) Skipped phase3 of Reference Processing due to unavailable references
[1173.575s][debug][gc,ref       ] GC(415) Skipped phase4 of Reference Processing due to unavailable references
[1173.575s][debug][gc,age       ] GC(415) Desired survivor size 15368192 bytes, new threshold 6 (max threshold 6)
[1173.575s][info ][gc,heap      ] GC(415) ParNew: 241646K->1309K(270336K)
[1173.575s][info ][gc,heap      ] GC(415) CMS: 294654K->294729K(600768K)
[1173.575s][info ][gc,metaspace ] GC(415) Metaspace: 57290K->57290K(1101824K)
[1173.575s][info ][gc           ] GC(415) Pause Young (Allocation Failure) 523M->289M(850M) 2.981ms
[1173.575s][info ][gc,cpu       ] GC(415) User=0.01s Sys=0.00s Real=0.01s
[1173.575s][info ][safepoint    ] Leaving safepoint region
[1173.575s][info ][safepoint    ] Total time for which application threads were stopped: 0.0031384 seconds, Stopping threads took: 0.0000144 seconds
[1176.915s][info ][safepoint    ] Application time: 3.3399625 seconds
[1176.915s][info ][safepoint    ] Entering safepoint region: GenCollectForAllocation
[1176.915s][info ][gc,start     ] GC(416) Pause Young (Allocation Failure)
[1176.915s][info ][gc,task      ] GC(416) Using 4 workers of 4 for evacuation
[1176.918s][debug][gc,ref       ] GC(416) Skipped phase1 of Reference Processing due to unavailable references
[1176.918s][debug][gc,ref       ] GC(416) Skipped phase2 of Reference Processing due to unavailable references
[1176.918s][debug][gc,ref       ] GC(416) Skipped phase3 of Reference Processing due to unavailable references
[1176.918s][debug][gc,ref       ] GC(416) Skipped phase4 of Reference Processing due to unavailable references
[1176.918s][debug][gc,age       ] GC(416) Desired survivor size 15368192 bytes, new threshold 6 (max threshold 6)
[1176.918s][info ][gc,heap      ] GC(416) ParNew: 241629K->1238K(270336K)
[1176.918s][info ][gc,heap      ] GC(416) CMS: 294729K->294778K(600768K)
[1176.918s][info ][gc,metaspace ] GC(416) Metaspace: 57290K->57290K(1101824K)
[1176.918s][info ][gc           ] GC(416) Pause Young (Allocation Failure) 523M->289M(850M) 3.055ms
[1176.918s][info ][gc,cpu       ] GC(416) User=0.01s Sys=0.00s Real=0.00s
[1176.918s][info ][safepoint    ] Leaving safepoint region
[1176.918s][info ][safepoint    ] Total time for which application threads were stopped: 0.0032699 seconds, Stopping threads took: 0.0000821 seconds
[1177.919s][info ][safepoint    ] Application time: 1.0000987 seconds
[1177.919s][info ][safepoint    ] Entering safepoint region: Cleanup
[1177.919s][info ][safepoint    ] Leaving safepoint region
[1177.919s][info ][safepoint    ] Total time for which application threads were stopped: 0.0001200 seconds, Stopping threads took: 0.0000508 seconds
[1179.919s][info ][safepoint    ] Application time: 2.0001467 seconds
[1179.919s][info ][safepoint    ] Entering safepoint region: Cleanup
[1179.919s][info ][safepoint    ] Leaving safepoint region
[1179.919s][info ][safepoint    ] Total time for which application threads were stopped: 0.0001158 seconds, Stopping threads took: 0.0000457 seconds
[1180.467s][info ][safepoint    ] Application time: 0.5479784 seconds
[1180.467s][info ][safepoint    ] Entering safepoint region: GenCollectForAllocation
[1180.467s][info ][gc,start     ] GC(417) Pause Young (Allocation Failure)
[1180.467s][info ][gc,task      ] GC(417) Using 4 workers of 4 for evacuation
[1180.470s][debug][gc,ref       ] GC(417) Skipped phase1 of Reference Processing due to unavailable references
[1180.470s][debug][gc,ref       ] GC(417) Skipped phase2 of Reference Processing due to unavailable references
[1180.470s][debug][gc,ref       ] GC(417) Skipped phase3 of Reference Processing due to unavailable references
[1180.470s][debug][gc,ref       ] GC(417) Skipped phase4 of Reference Processing due to unavailable references
[1180.470s][debug][gc,age       ] GC(417) Desired survivor size 15368192 bytes, new threshold 6 (max threshold 6)
[1180.470s][info ][gc,heap      ] GC(417) ParNew: 241558K->1267K(270336K)
[1180.470s][info ][gc,heap      ] GC(417) CMS: 294778K->294977K(600768K)
[1180.470s][info ][gc,metaspace ] GC(417) Metaspace: 57290K->57290K(1101824K)
[1180.470s][info ][gc           ] GC(417) Pause Young (Allocation Failure) 523M->289M(850M) 3.260ms
[1180.470s][info ][gc,cpu       ] GC(417) User=0.01s Sys=0.00s Real=0.00s
[1180.470s][info ][safepoint    ] Leaving safepoint region
[1180.470s][info ][safepoint    ] Total time for which application threads were stopped: 0.0034447 seconds, Stopping threads took: 0.0000151 seconds
[1183.471s][info ][safepoint    ] Application time: 3.0002259 seconds
[1183.471s][info ][safepoint    ] Entering safepoint region: Cleanup
[1183.471s][info ][safepoint    ] Leaving safepoint region
[1183.471s][info ][safepoint    ] Total time for which application threads were stopped: 0.0001244 seconds, Stopping threads took: 0.0000511 seconds
[1184.170s][info ][safepoint    ] Application time: 0.6992490 seconds
[1184.170s][info ][safepoint    ] Entering safepoint region: GenCollectForAllocation
[1184.170s][info ][gc,start     ] GC(418) Pause Young (Allocation Failure)
[1184.170s][info ][gc,task      ] GC(418) Using 4 workers of 4 for evacuation
[1184.173s][debug][gc,ref       ] GC(418) Skipped phase1 of Reference Processing due to unavailable references
[1184.173s][debug][gc,ref       ] GC(418) Skipped phase2 of Reference Processing due to unavailable references
[1184.173s][debug][gc,ref       ] GC(418) Skipped phase3 of Reference Processing due to unavailable references
[1184.173s][debug][gc,ref       ] GC(418) Skipped phase4 of Reference Processing due to unavailable references
[1184.173s][debug][gc,age       ] GC(418) Desired survivor size 15368192 bytes, new threshold 6 (max threshold 6)
[1184.173s][info ][gc,heap      ] GC(418) ParNew: 241587K->1347K(270336K)
[1184.173s][info ][gc,heap      ] GC(418) CMS: 294977K->295000K(600768K)
[1184.173s][info ][gc,metaspace ] GC(418) Metaspace: 57291K->57291K(1101824K)
[1184.173s][info ][gc           ] GC(418) Pause Young (Allocation Failure) 523M->289M(850M) 2.698ms
[1184.173s][info ][gc,cpu       ] GC(418) User=0.01s Sys=0.00s Real=0.00s
[1184.173s][info ][safepoint    ] Leaving safepoint region
[1184.173s][info ][safepoint    ] Total time for which application threads were stopped: 0.0028391 seconds, Stopping threads took: 0.0000135 seconds
[1187.173s][info ][safepoint    ] Application time: 3.0003155 seconds
[1187.173s][info ][safepoint    ] Entering safepoint region: Cleanup
[1187.173s][info ][safepoint    ] Leaving safepoint region
[1187.173s][info ][safepoint    ] Total time for which application threads were stopped: 0.0001439 seconds, Stopping threads took: 0.0000627 seconds
[1187.827s][info ][safepoint    ] Application time: 0.6533376 seconds
[1187.827s][info ][safepoint    ] Entering safepoint region: GenCollectForAllocation
[1187.827s][info ][gc,start     ] GC(419) Pause Young (Allocation Failure)
[1187.827s][info ][gc,task      ] GC(419) Using 4 workers of 4 for evacuation
[1187.830s][debug][gc,ref       ] GC(419) Skipped phase1 of Reference Processing due to unavailable references
[1187.830s][debug][gc,ref       ] GC(419) Skipped phase2 of Reference Processing due to unavailable references
[1187.830s][debug][gc,ref       ] GC(419) Skipped phase3 of Reference Processing due to unavailable references
[1187.830s][debug][gc,ref       ] GC(419) Skipped phase4 of Reference Processing due to unavailable references
[1187.830s][debug][gc,age       ] GC(419) Desired survivor size 15368192 bytes, new threshold 6 (max threshold 6)
[1187.830s][info ][gc,heap      ] GC(419) ParNew: 241667K->1949K(270336K)
[1187.830s][info ][gc,heap      ] GC(419) CMS: 295000K->295007K(600768K)
[1187.830s][info ][gc,metaspace ] GC(419) Metaspace: 57292K->57292K(1101824K)
[1187.830s][info ][gc           ] GC(419) Pause Young (Allocation Failure) 524M->289M(850M) 2.973ms
[1187.830s][info ][gc,cpu       ] GC(419) User=0.01s Sys=0.00s Real=0.00s
[1187.830s][info ][safepoint    ] Leaving safepoint region
[1187.830s][info ][safepoint    ] Total time for which application threads were stopped: 0.0031338 seconds, Stopping threads took: 0.0000150 seconds
[1191.321s][info ][safepoint    ] Application time: 3.4910023 seconds
[1191.321s][info ][safepoint    ] Entering safepoint region: GenCollectForAllocation
[1191.321s][info ][gc,start     ] GC(420) Pause Young (Allocation Failure)
[1191.321s][info ][gc,task      ] GC(420) Using 4 workers of 4 for evacuation
[1191.324s][debug][gc,ref       ] GC(420) Skipped phase1 of Reference Processing due to unavailable references
[1191.324s][debug][gc,ref       ] GC(420) Skipped phase2 of Reference Processing due to unavailable references
[1191.324s][debug][gc,ref       ] GC(420) Skipped phase3 of Reference Processing due to unavailable references
[1191.324s][debug][gc,ref       ] GC(420) Skipped phase4 of Reference Processing due to unavailable references
[1191.324s][debug][gc,age       ] GC(420) Desired survivor size 15368192 bytes, new threshold 6 (max threshold 6)
[1191.324s][info ][gc,heap      ] GC(420) ParNew: 242269K->1557K(270336K)
[1191.324s][info ][gc,heap      ] GC(420) CMS: 295007K->295168K(600768K)
[1191.324s][info ][gc,metaspace ] GC(420) Metaspace: 57292K->57292K(1101824K)
[1191.324s][info ][gc           ] GC(420) Pause Young (Allocation Failure) 524M->289M(850M) 3.210ms
[1191.324s][info ][gc,cpu       ] GC(420) User=0.02s Sys=0.00s Real=0.00s
[1191.324s][info ][safepoint    ] Leaving safepoint region
[1191.324s][info ][safepoint    ] Total time for which application threads were stopped: 0.0033874 seconds, Stopping threads took: 0.0000290 seconds
[1192.325s][info ][safepoint    ] Application time: 1.0001113 seconds
[1192.325s][info ][safepoint    ] Entering safepoint region: Cleanup
[1192.325s][info ][safepoint    ] Leaving safepoint region
[1192.325s][info ][safepoint    ] Total time for which application threads were stopped: 0.0002524 seconds, Stopping threads took: 0.0000641 seconds
[1194.923s][info ][safepoint    ] Application time: 2.5982099 seconds
[1194.923s][info ][safepoint    ] Entering safepoint region: GenCollectForAllocation
[1194.923s][info ][gc,start     ] GC(421) Pause Young (Allocation Failure)
[1194.923s][info ][gc,task      ] GC(421) Using 4 workers of 4 for evacuation
[1194.936s][debug][gc,ref       ] GC(421) Skipped phase1 of Reference Processing due to unavailable references
[1194.936s][debug][gc,ref       ] GC(421) Skipped phase2 of Reference Processing due to unavailable references
[1194.936s][debug][gc,ref       ] GC(421) Skipped phase3 of Reference Processing due to unavailable references
[1194.936s][debug][gc,ref       ] GC(421) Skipped phase4 of Reference Processing due to unavailable references
[1194.936s][debug][gc,age       ] GC(421) Desired survivor size 15368192 bytes, new threshold 6 (max threshold 6)
[1194.936s][info ][gc,heap      ] GC(421) ParNew: 241877K->1582K(270336K)
[1194.936s][info ][gc,heap      ] GC(421) CMS: 295168K->295392K(600768K)
[1194.936s][info ][gc,metaspace ] GC(421) Metaspace: 57292K->57292K(1101824K)
[1194.936s][info ][gc           ] GC(421) Pause Young (Allocation Failure) 524M->290M(850M) 12.707ms
[1194.936s][info ][gc,cpu       ] GC(421) User=0.03s Sys=0.00s Real=0.02s
[1194.936s][info ][safepoint    ] Leaving safepoint region
[1194.936s][info ][safepoint    ] Total time for which application threads were stopped: 0.0128797 seconds, Stopping threads took: 0.0000334 seconds
[1195.936s][info ][safepoint    ] Application time: 1.0000565 seconds
[1195.936s][info ][safepoint    ] Entering safepoint region: Cleanup
[1195.936s][info ][safepoint    ] Leaving safepoint region
[1195.936s][info ][safepoint    ] Total time for which application threads were stopped: 0.0001017 seconds, Stopping threads took: 0.0000176 seconds
[1198.479s][info ][safepoint    ] Application time: 2.5425163 seconds
[1198.479s][info ][safepoint    ] Entering safepoint region: GenCollectForAllocation
[1198.479s][info ][gc,start     ] GC(422) Pause Young (Allocation Failure)
[1198.479s][info ][gc,task      ] GC(422) Using 4 workers of 4 for evacuation
[1198.482s][debug][gc,ref       ] GC(422) Skipped phase1 of Reference Processing due to unavailable references
[1198.482s][debug][gc,ref       ] GC(422) Skipped phase2 of Reference Processing due to unavailable references
[1198.482s][debug][gc,ref       ] GC(422) Skipped phase3 of Reference Processing due to unavailable references
[1198.482s][debug][gc,ref       ] GC(422) Skipped phase4 of Reference Processing due to unavailable references
[1198.482s][debug][gc,age       ] GC(422) Desired survivor size 15368192 bytes, new threshold 6 (max threshold 6)
[1198.482s][info ][gc,heap      ] GC(422) ParNew: 241902K->1368K(270336K)
[1198.482s][info ][gc,heap      ] GC(422) CMS: 295392K->295452K(600768K)
[1198.482s][info ][gc,metaspace ] GC(422) Metaspace: 57303K->57303K(1101824K)
[1198.482s][info ][gc           ] GC(422) Pause Young (Allocation Failure) 524M->289M(850M) 3.094ms
[1198.482s][info ][gc,cpu       ] GC(422) User=0.01s Sys=0.00s Real=0.00s
[1198.482s][info ][safepoint    ] Leaving safepoint region
[1198.482s][info ][safepoint    ] Total time for which application threads were stopped: 0.0032459 seconds, Stopping threads took: 0.0000305 seconds
[1199.482s][info ][safepoint    ] Application time: 1.0000656 seconds
[1199.482s][info ][safepoint    ] Entering safepoint region: Cleanup
[1199.482s][info ][safepoint    ] Leaving safepoint region
[1199.482s][info ][safepoint    ] Total time for which application threads were stopped: 0.0000810 seconds, Stopping threads took: 0.0000208 seconds
[1202.022s][info ][safepoint    ] Application time: 2.5396190 seconds
[1202.022s][info ][safepoint    ] Entering safepoint region: GenCollectForAllocation
[1202.022s][info ][gc,start     ] GC(423) Pause Young (Allocation Failure)
[1202.022s][info ][gc,task      ] GC(423) Using 4 workers of 4 for evacuation
[1202.025s][debug][gc,ref       ] GC(423) Skipped phase1 of Reference Processing due to unavailable references
[1202.025s][debug][gc,ref       ] GC(423) Skipped phase2 of Reference Processing due to unavailable references
[1202.025s][debug][gc,ref       ] GC(423) Skipped phase3 of Reference Processing due to unavailable references
[1202.025s][debug][gc,ref       ] GC(423) Skipped phase4 of Reference Processing due to unavailable references
[1202.025s][debug][gc,age       ] GC(423) Desired survivor size 15368192 bytes, new threshold 6 (max threshold 6)
[1202.025s][info ][gc,heap      ] GC(423) ParNew: 241688K->1744K(270336K)
[1202.025s][info ][gc,heap      ] GC(423) CMS: 295452K->295472K(600768K)
[1202.025s][info ][gc,metaspace ] GC(423) Metaspace: 57305K->57305K(1101824K)
[1202.025s][info ][gc           ] GC(423) Pause Young (Allocation Failure) 524M->290M(850M) 2.883ms
[1202.025s][info ][gc,cpu       ] GC(423) User=0.01s Sys=0.00s Real=0.00s
[1202.025s][info ][safepoint    ] Leaving safepoint region
[1202.025s][info ][safepoint    ] Total time for which application threads were stopped: 0.0030461 seconds, Stopping threads took: 0.0000143 seconds
[1203.025s][info ][safepoint    ] Application time: 1.0001839 seconds
[1203.025s][info ][safepoint    ] Entering safepoint region: Cleanup
[1203.025s][info ][safepoint    ] Leaving safepoint region
[1203.025s][info ][safepoint    ] Total time for which application threads were stopped: 0.0001075 seconds, Stopping threads took: 0.0000399 seconds
[1204.025s][info ][safepoint    ] Application time: 1.0000966 seconds
[1204.025s][info ][safepoint    ] Entering safepoint region: Cleanup
[1204.025s][info ][safepoint    ] Leaving safepoint region
[1204.025s][info ][safepoint    ] Total time for which application threads were stopped: 0.0000718 seconds, Stopping threads took: 0.0000142 seconds
[1205.025s][info ][safepoint    ] Application time: 1.0000952 seconds
[1205.026s][info ][safepoint    ] Entering safepoint region: Cleanup
[1205.026s][info ][safepoint    ] Leaving safepoint region
[1205.026s][info ][safepoint    ] Total time for which application threads were stopped: 0.0000897 seconds, Stopping threads took: 0.0000283 seconds
[1205.472s][info ][safepoint    ] Application time: 0.4468949 seconds
[1205.473s][info ][safepoint    ] Entering safepoint region: GenCollectForAllocation
[1205.473s][info ][gc,start     ] GC(424) Pause Young (Allocation Failure)
[1205.473s][info ][gc,task      ] GC(424) Using 4 workers of 4 for evacuation
[1205.476s][debug][gc,ref       ] GC(424) Skipped phase1 of Reference Processing due to unavailable references
[1205.476s][debug][gc,ref       ] GC(424) Skipped phase2 of Reference Processing due to unavailable references
[1205.476s][debug][gc,ref       ] GC(424) Skipped phase3 of Reference Processing due to unavailable references
[1205.476s][debug][gc,ref       ] GC(424) Skipped phase4 of Reference Processing due to unavailable references
[1205.476s][debug][gc,age       ] GC(424) Desired survivor size 15368192 bytes, new threshold 6 (max threshold 6)
[1205.476s][info ][gc,heap      ] GC(424) ParNew: 242064K->1575K(270336K)
[1205.476s][info ][gc,heap      ] GC(424) CMS: 295472K->295773K(600768K)
[1205.476s][info ][gc,metaspace ] GC(424) Metaspace: 57305K->57305K(1101824K)
[1205.476s][info ][gc           ] GC(424) Pause Young (Allocation Failure) 524M->290M(850M) 3.151ms
[1205.476s][info ][gc,cpu       ] GC(424) User=0.01s Sys=0.00s Real=0.01s
[1205.476s][info ][safepoint    ] Leaving safepoint region
[1205.476s][info ][safepoint    ] Total time for which application threads were stopped: 0.0032964 seconds, Stopping threads took: 0.0000165 seconds
[1206.476s][info ][safepoint    ] Application time: 1.0000921 seconds
[1206.480s][info ][safepoint    ] Entering safepoint region: Cleanup
[1206.480s][info ][safepoint    ] Leaving safepoint region
[1206.480s][info ][safepoint    ] Total time for which application threads were stopped: 0.0037997 seconds, Stopping threads took: 0.0037190 seconds
[1207.480s][info ][safepoint    ] Application time: 1.0001661 seconds
[1207.480s][info ][safepoint    ] Entering safepoint region: Cleanup
[1207.480s][info ][safepoint    ] Leaving safepoint region
[1207.480s][info ][safepoint    ] Total time for which application threads were stopped: 0.0000748 seconds, Stopping threads took: 0.0000168 seconds
[1208.480s][info ][safepoint    ] Application time: 1.0004269 seconds
[1208.481s][info ][safepoint    ] Entering safepoint region: Cleanup
[1208.481s][info ][safepoint    ] Leaving safepoint region
[1208.481s][info ][safepoint    ] Total time for which application threads were stopped: 0.0000811 seconds, Stopping threads took: 0.0000164 seconds
[1209.068s][info ][safepoint    ] Application time: 0.5876084 seconds
[1209.068s][info ][safepoint    ] Entering safepoint region: GenCollectForAllocation
[1209.068s][info ][gc,start     ] GC(425) Pause Young (Allocation Failure)
[1209.068s][info ][gc,task      ] GC(425) Using 4 workers of 4 for evacuation
[1209.071s][debug][gc,ref       ] GC(425) Skipped phase1 of Reference Processing due to unavailable references
[1209.071s][debug][gc,ref       ] GC(425) Skipped phase2 of Reference Processing due to unavailable references
[1209.071s][debug][gc,ref       ] GC(425) Skipped phase3 of Reference Processing due to unavailable references
[1209.071s][debug][gc,ref       ] GC(425) Skipped phase4 of Reference Processing due to unavailable references
[1209.071s][debug][gc,age       ] GC(425) Desired survivor size 15368192 bytes, new threshold 6 (max threshold 6)
[1209.071s][info ][gc,heap      ] GC(425) ParNew: 241895K->1501K(270336K)
[1209.071s][info ][gc,heap      ] GC(425) CMS: 295773K->296115K(600768K)
[1209.071s][info ][gc,metaspace ] GC(425) Metaspace: 57305K->57305K(1101824K)
[1209.071s][info ][gc           ] GC(425) Pause Young (Allocation Failure) 525M->290M(850M) 3.115ms
[1209.071s][info ][gc,cpu       ] GC(425) User=0.01s Sys=0.00s Real=0.00s
[1209.072s][info ][safepoint    ] Leaving safepoint region
[1209.072s][info ][safepoint    ] Total time for which application threads were stopped: 0.0032647 seconds, Stopping threads took: 0.0000149 seconds
[1210.072s][info ][safepoint    ] Application time: 1.0000992 seconds
[1210.072s][info ][safepoint    ] Entering safepoint region: Cleanup
[1210.072s][info ][safepoint    ] Leaving safepoint region
[1210.072s][info ][safepoint    ] Total time for which application threads were stopped: 0.0001417 seconds, Stopping threads took: 0.0000728 seconds
[1211.072s][info ][safepoint    ] Application time: 1.0002344 seconds
[1211.072s][info ][safepoint    ] Entering safepoint region: Cleanup
[1211.072s][info ][safepoint    ] Leaving safepoint region
[1211.072s][info ][safepoint    ] Total time for which application threads were stopped: 0.0001680 seconds, Stopping threads took: 0.0001030 seconds
[1212.072s][info ][safepoint    ] Application time: 1.0001025 seconds
[1212.072s][info ][safepoint    ] Entering safepoint region: Cleanup
[1212.073s][info ][safepoint    ] Leaving safepoint region
[1212.073s][info ][safepoint    ] Total time for which application threads were stopped: 0.0001316 seconds, Stopping threads took: 0.0000650 seconds
[1212.541s][info ][safepoint    ] Application time: 0.4686911 seconds
[1212.541s][info ][safepoint    ] Entering safepoint region: GenCollectForAllocation
[1212.541s][info ][safepoint    ] Leaving safepoint region
[1212.541s][info ][safepoint    ] Total time for which application threads were stopped: 0.0000907 seconds, Stopping threads took: 0.0000169 seconds
[1212.541s][info ][safepoint    ] Application time: 0.0001247 seconds
[1212.541s][info ][safepoint    ] Entering safepoint region: GenCollectFull
[1212.542s][info ][gc,start     ] GC(426) Pause Young (GCLocker Initiated GC)
[1212.542s][info ][gc,task      ] GC(426) Using 4 workers of 4 for evacuation
[1212.544s][debug][gc,ref       ] GC(426) Skipped phase1 of Reference Processing due to unavailable references
[1212.544s][debug][gc,ref       ] GC(426) Skipped phase2 of Reference Processing due to unavailable references
[1212.544s][debug][gc,ref       ] GC(426) Skipped phase3 of Reference Processing due to unavailable references
[1212.544s][debug][gc,ref       ] GC(426) Skipped phase4 of Reference Processing due to unavailable references
[1212.545s][debug][gc,age       ] GC(426) Desired survivor size 15368192 bytes, new threshold 6 (max threshold 6)
[1212.545s][info ][gc,heap      ] GC(426) ParNew: 241837K->1977K(270336K)
[1212.545s][info ][gc,heap      ] GC(426) CMS: 296115K->296193K(600768K)
[1212.545s][info ][gc,metaspace ] GC(426) Metaspace: 57309K->57309K(1101824K)
[1212.545s][info ][gc           ] GC(426) Pause Young (GCLocker Initiated GC) 525M->291M(850M) 3.035ms
[1212.545s][info ][gc,cpu       ] GC(426) User=0.02s Sys=0.00s Real=0.00s
[1212.545s][info ][safepoint    ] Leaving safepoint region
[1212.545s][info ][safepoint    ] Total time for which application threads were stopped: 0.0031329 seconds, Stopping threads took: 0.0000065 seconds
[1213.545s][info ][safepoint    ] Application time: 1.0001237 seconds
[1213.545s][info ][safepoint    ] Entering safepoint region: Cleanup
[1213.545s][info ][safepoint    ] Leaving safepoint region
[1213.545s][info ][safepoint    ] Total time for which application threads were stopped: 0.0001064 seconds, Stopping threads took: 0.0000168 seconds
[1214.366s][info ][safepoint    ] Application time: 0.8213745 seconds
[1214.366s][info ][safepoint    ] Entering safepoint region: GenCollectForAllocation
[1214.366s][info ][gc,start     ] GC(427) Pause Young (Allocation Failure)
[1214.366s][info ][gc,task      ] GC(427) Using 4 workers of 4 for evacuation
[1214.370s][debug][gc,ref       ] GC(427) Skipped phase1 of Reference Processing due to unavailable references
[1214.370s][debug][gc,ref       ] GC(427) Skipped phase3 of Reference Processing due to unavailable references
[1214.370s][debug][gc,ref       ] GC(427) Skipped phase4 of Reference Processing due to unavailable references
[1214.370s][debug][gc,age       ] GC(427) Desired survivor size 15368192 bytes, new threshold 6 (max threshold 6)
[1214.370s][info ][gc,heap      ] GC(427) ParNew: 242297K->1903K(270336K)
[1214.370s][info ][gc,heap      ] GC(427) CMS: 296193K->296215K(600768K)
[1214.370s][info ][gc,metaspace ] GC(427) Metaspace: 57315K->57315K(1101824K)
[1214.370s][info ][gc           ] GC(427) Pause Young (Allocation Failure) 525M->291M(850M) 3.297ms
[1214.370s][info ][gc,cpu       ] GC(427) User=0.01s Sys=0.00s Real=0.00s
[1214.370s][info ][safepoint    ] Leaving safepoint region
[1214.370s][info ][safepoint    ] Total time for which application threads were stopped: 0.0035066 seconds, Stopping threads took: 0.0000787 seconds
[1215.370s][info ][safepoint    ] Application time: 1.0001109 seconds
[1215.370s][info ][safepoint    ] Entering safepoint region: Cleanup
[1215.370s][info ][safepoint    ] Leaving safepoint region
[1215.370s][info ][safepoint    ] Total time for which application threads were stopped: 0.0001277 seconds, Stopping threads took: 0.0000519 seconds
[1216.370s][info ][safepoint    ] Application time: 1.0001000 seconds
[1216.370s][info ][safepoint    ] Entering safepoint region: Cleanup
[1216.370s][info ][safepoint    ] Leaving safepoint region
[1216.370s][info ][safepoint    ] Total time for which application threads were stopped: 0.0001688 seconds, Stopping threads took: 0.0000600 seconds
[1217.370s][info ][safepoint    ] Application time: 1.0000944 seconds
[1217.371s][info ][safepoint    ] Entering safepoint region: Cleanup
[1217.371s][info ][safepoint    ] Leaving safepoint region
[1217.371s][info ][safepoint    ] Total time for which application threads were stopped: 0.0002362 seconds, Stopping threads took: 0.0001637 seconds
[1217.720s][info ][safepoint    ] Application time: 0.3497019 seconds
[1217.720s][info ][safepoint    ] Entering safepoint region: GenCollectForAllocation
[1217.721s][info ][gc,start     ] GC(428) Pause Young (Allocation Failure)
[1217.721s][info ][gc,task      ] GC(428) Using 4 workers of 4 for evacuation
[1217.724s][debug][gc,ref       ] GC(428) Skipped phase1 of Reference Processing due to unavailable references
[1217.724s][debug][gc,ref       ] GC(428) Skipped phase3 of Reference Processing due to unavailable references
[1217.724s][debug][gc,ref       ] GC(428) Skipped phase4 of Reference Processing due to unavailable references
[1217.724s][debug][gc,age       ] GC(428) Desired survivor size 15368192 bytes, new threshold 6 (max threshold 6)
[1217.724s][info ][gc,heap      ] GC(428) ParNew: 242223K->1516K(270336K)
[1217.724s][info ][gc,heap      ] GC(428) CMS: 296215K->296407K(600768K)
[1217.724s][info ][gc,metaspace ] GC(428) Metaspace: 57317K->57317K(1101824K)
[1217.724s][info ][gc           ] GC(428) Pause Young (Allocation Failure) 525M->290M(850M) 3.424ms
[1217.724s][info ][gc,cpu       ] GC(428) User=0.01s Sys=0.00s Real=0.00s
[1217.724s][info ][safepoint    ] Leaving safepoint region
[1217.724s][info ][safepoint    ] Total time for which application threads were stopped: 0.0035868 seconds, Stopping threads took: 0.0000155 seconds
[1218.724s][info ][safepoint    ] Application time: 1.0001049 seconds
[1218.724s][info ][safepoint    ] Entering safepoint region: Cleanup
[1218.724s][info ][safepoint    ] Leaving safepoint region
[1218.724s][info ][safepoint    ] Total time for which application threads were stopped: 0.0001259 seconds, Stopping threads took: 0.0000625 seconds
[1219.724s][info ][safepoint    ] Application time: 1.0001027 seconds
[1219.725s][info ][safepoint    ] Entering safepoint region: Cleanup
[1219.725s][info ][safepoint    ] Leaving safepoint region
[1219.725s][info ][safepoint    ] Total time for which application threads were stopped: 0.0001429 seconds, Stopping threads took: 0.0000731 seconds
[1220.725s][info ][safepoint    ] Application time: 1.0002083 seconds
[1220.725s][info ][safepoint    ] Entering safepoint region: Cleanup
[1220.725s][info ][safepoint    ] Leaving safepoint region
[1220.725s][info ][safepoint    ] Total time for which application threads were stopped: 0.0001899 seconds, Stopping threads took: 0.0000953 seconds
[1221.215s][info ][safepoint    ] Application time: 0.4902025 seconds
[1221.215s][info ][safepoint    ] Entering safepoint region: GenCollectForAllocation
[1221.215s][info ][gc,start     ] GC(429) Pause Young (Allocation Failure)
[1221.216s][info ][gc,task      ] GC(429) Using 4 workers of 4 for evacuation
[1221.218s][debug][gc,ref       ] GC(429) Skipped phase1 of Reference Processing due to unavailable references
[1221.218s][debug][gc,ref       ] GC(429) Skipped phase3 of Reference Processing due to unavailable references
[1221.218s][debug][gc,ref       ] GC(429) Skipped phase4 of Reference Processing due to unavailable references
[1221.219s][debug][gc,age       ] GC(429) Desired survivor size 15368192 bytes, new threshold 6 (max threshold 6)
[1221.219s][info ][gc,heap      ] GC(429) ParNew: 241836K->1330K(270336K)
[1221.219s][info ][gc,heap      ] GC(429) CMS: 296407K->296510K(600768K)
[1221.219s][info ][gc,metaspace ] GC(429) Metaspace: 57320K->57320K(1101824K)
[1221.219s][info ][gc           ] GC(429) Pause Young (Allocation Failure) 525M->290M(850M) 3.203ms
[1221.219s][info ][gc,cpu       ] GC(429) User=0.02s Sys=0.00s Real=0.00s
[1221.219s][info ][safepoint    ] Leaving safepoint region
[1221.219s][info ][safepoint    ] Total time for which application threads were stopped: 0.0034150 seconds, Stopping threads took: 0.0000706 seconds
[1222.219s][info ][safepoint    ] Application time: 1.0001036 seconds
[1222.219s][info ][safepoint    ] Entering safepoint region: Cleanup
[1222.219s][info ][safepoint    ] Leaving safepoint region
[1222.219s][info ][safepoint    ] Total time for which application threads were stopped: 0.0001320 seconds, Stopping threads took: 0.0000590 seconds
[1223.219s][info ][safepoint    ] Application time: 1.0000970 seconds
[1223.219s][info ][safepoint    ] Entering safepoint region: Cleanup
[1223.219s][info ][safepoint    ] Leaving safepoint region
[1223.219s][info ][safepoint    ] Total time for which application threads were stopped: 0.0001317 seconds, Stopping threads took: 0.0000579 seconds
[1224.219s][info ][safepoint    ] Application time: 1.0000577 seconds
[1224.219s][info ][safepoint    ] Entering safepoint region: Cleanup
[1224.219s][info ][safepoint    ] Leaving safepoint region
[1224.219s][info ][safepoint    ] Total time for which application threads were stopped: 0.0001262 seconds, Stopping threads took: 0.0000611 seconds
[1224.665s][info ][safepoint    ] Application time: 0.4458988 seconds
[1224.665s][info ][safepoint    ] Entering safepoint region: GenCollectForAllocation
[1224.666s][info ][gc,start     ] GC(430) Pause Young (Allocation Failure)
[1224.666s][info ][gc,task      ] GC(430) Using 4 workers of 4 for evacuation
[1224.669s][debug][gc,ref       ] GC(430) Skipped phase1 of Reference Processing due to unavailable references
[1224.669s][debug][gc,ref       ] GC(430) Skipped phase3 of Reference Processing due to unavailable references
[1224.669s][debug][gc,ref       ] GC(430) Skipped phase4 of Reference Processing due to unavailable references
[1224.669s][debug][gc,age       ] GC(430) Desired survivor size 15368192 bytes, new threshold 6 (max threshold 6)
[1224.669s][info ][gc,heap      ] GC(430) ParNew: 241650K->1502K(270336K)
[1224.669s][info ][gc,heap      ] GC(430) CMS: 296510K->296681K(600768K)
[1224.669s][info ][gc,metaspace ] GC(430) Metaspace: 57325K->57325K(1101824K)
[1224.669s][info ][gc           ] GC(430) Pause Young (Allocation Failure) 525M->291M(850M) 3.271ms
[1224.669s][info ][gc,cpu       ] GC(430) User=0.01s Sys=0.00s Real=0.01s
[1224.669s][info ][safepoint    ] Leaving safepoint region
[1224.669s][info ][safepoint    ] Total time for which application threads were stopped: 0.0034824 seconds, Stopping threads took: 0.0000738 seconds
[1225.669s][info ][safepoint    ] Application time: 1.0001109 seconds
[1225.669s][info ][safepoint    ] Entering safepoint region: Cleanup
[1225.669s][info ][safepoint    ] Leaving safepoint region
[1225.669s][info ][safepoint    ] Total time for which application threads were stopped: 0.0001088 seconds, Stopping threads took: 0.0000445 seconds
[1226.669s][info ][safepoint    ] Application time: 1.0000896 seconds
[1226.669s][info ][safepoint    ] Entering safepoint region: Cleanup
[1226.669s][info ][safepoint    ] Leaving safepoint region
[1226.669s][info ][safepoint    ] Total time for which application threads were stopped: 0.0001282 seconds, Stopping threads took: 0.0000600 seconds
[1227.670s][info ][safepoint    ] Application time: 1.0001064 seconds
[1227.670s][info ][safepoint    ] Entering safepoint region: Cleanup
[1227.670s][info ][safepoint    ] Leaving safepoint region
[1227.670s][info ][safepoint    ] Total time for which application threads were stopped: 0.0001302 seconds, Stopping threads took: 0.0000612 seconds
[1228.075s][info ][safepoint    ] Application time: 0.4052539 seconds
[1228.075s][info ][safepoint    ] Entering safepoint region: GenCollectForAllocation
[1228.075s][info ][gc,start     ] GC(431) Pause Young (Allocation Failure)
[1228.075s][info ][gc,task      ] GC(431) Using 4 workers of 4 for evacuation
[1228.078s][debug][gc,ref       ] GC(431) Skipped phase1 of Reference Processing due to unavailable references
[1228.078s][debug][gc,ref       ] GC(431) Skipped phase3 of Reference Processing due to unavailable references
[1228.078s][debug][gc,ref       ] GC(431) Skipped phase4 of Reference Processing due to unavailable references
[1228.078s][debug][gc,age       ] GC(431) Desired survivor size 15368192 bytes, new threshold 6 (max threshold 6)
[1228.078s][info ][gc,heap      ] GC(431) ParNew: 241822K->1965K(270336K)
[1228.078s][info ][gc,heap      ] GC(431) CMS: 296681K->296741K(600768K)
[1228.078s][info ][gc,metaspace ] GC(431) Metaspace: 57325K->57325K(1101824K)
[1228.078s][info ][gc           ] GC(431) Pause Young (Allocation Failure) 525M->291M(850M) 3.322ms
[1228.078s][info ][gc,cpu       ] GC(431) User=0.01s Sys=0.00s Real=0.00s
[1228.079s][info ][safepoint    ] Leaving safepoint region
[1228.079s][info ][safepoint    ] Total time for which application threads were stopped: 0.0034984 seconds, Stopping threads took: 0.0000472 seconds
[1229.079s][info ][safepoint    ] Application time: 1.0001392 seconds
[1229.079s][info ][safepoint    ] Entering safepoint region: Cleanup
[1229.079s][info ][safepoint    ] Leaving safepoint region
[1229.079s][info ][safepoint    ] Total time for which application threads were stopped: 0.0000757 seconds, Stopping threads took: 0.0000169 seconds
[1230.079s][info ][safepoint    ] Application time: 1.0000966 seconds
[1230.079s][info ][safepoint    ] Entering safepoint region: Cleanup
[1230.079s][info ][safepoint    ] Leaving safepoint region
[1230.079s][info ][safepoint    ] Total time for which application threads were stopped: 0.0000807 seconds, Stopping threads took: 0.0000202 seconds
[1231.079s][info ][safepoint    ] Application time: 1.0000929 seconds
[1231.079s][info ][safepoint    ] Entering safepoint region: Cleanup
[1231.079s][info ][safepoint    ] Leaving safepoint region
[1231.079s][info ][safepoint    ] Total time for which application threads were stopped: 0.0000716 seconds, Stopping threads took: 0.0000155 seconds
[1231.377s][info ][safepoint    ] Application time: 0.2981633 seconds
[1231.377s][info ][safepoint    ] Entering safepoint region: GenCollectForAllocation
[1231.378s][info ][gc,start     ] GC(432) Pause Young (Allocation Failure)
[1231.378s][info ][gc,task      ] GC(432) Using 4 workers of 4 for evacuation
[1231.381s][debug][gc,ref       ] GC(432) Skipped phase1 of Reference Processing due to unavailable references
[1231.381s][debug][gc,ref       ] GC(432) Skipped phase3 of Reference Processing due to unavailable references
[1231.381s][debug][gc,ref       ] GC(432) Skipped phase4 of Reference Processing due to unavailable references
[1231.381s][debug][gc,age       ] GC(432) Desired survivor size 15368192 bytes, new threshold 6 (max threshold 6)
[1231.381s][info ][gc,heap      ] GC(432) ParNew: 242285K->2856K(270336K)
[1231.381s][info ][gc,heap      ] GC(432) CMS: 296741K->296857K(600768K)
[1231.381s][info ][gc,metaspace ] GC(432) Metaspace: 57326K->57326K(1101824K)
[1231.381s][info ][gc           ] GC(432) Pause Young (Allocation Failure) 526M->292M(850M) 3.772ms
[1231.381s][info ][gc,cpu       ] GC(432) User=0.02s Sys=0.00s Real=0.00s
[1231.381s][info ][safepoint    ] Leaving safepoint region
[1231.381s][info ][safepoint    ] Total time for which application threads were stopped: 0.0039769 seconds, Stopping threads took: 0.0000144 seconds
[1232.382s][info ][safepoint    ] Application time: 1.0001011 seconds
[1232.382s][info ][safepoint    ] Entering safepoint region: Cleanup
[1232.382s][info ][safepoint    ] Leaving safepoint region
[1232.382s][info ][safepoint    ] Total time for which application threads were stopped: 0.0000713 seconds, Stopping threads took: 0.0000167 seconds
[1233.382s][info ][safepoint    ] Application time: 1.0000850 seconds
[1233.382s][info ][safepoint    ] Entering safepoint region: Cleanup
[1233.382s][info ][safepoint    ] Leaving safepoint region
[1233.382s][info ][safepoint    ] Total time for which application threads were stopped: 0.0000900 seconds, Stopping threads took: 0.0000154 seconds
[1234.382s][info ][safepoint    ] Application time: 1.0001845 seconds
[1234.382s][info ][safepoint    ] Entering safepoint region: Cleanup
[1234.382s][info ][safepoint    ] Leaving safepoint region
[1234.382s][info ][safepoint    ] Total time for which application threads were stopped: 0.0000835 seconds, Stopping threads took: 0.0000178 seconds
[1234.571s][info ][safepoint    ] Application time: 0.1883478 seconds
[1234.571s][info ][safepoint    ] Entering safepoint region: GenCollectForAllocation
[1234.571s][info ][gc,start     ] GC(433) Pause Young (Allocation Failure)
[1234.571s][info ][gc,task      ] GC(433) Using 4 workers of 4 for evacuation
[1234.575s][debug][gc,ref       ] GC(433) Skipped phase1 of Reference Processing due to unavailable references
[1234.575s][debug][gc,ref       ] GC(433) Skipped phase2 of Reference Processing due to unavailable references
[1234.575s][debug][gc,ref       ] GC(433) Skipped phase3 of Reference Processing due to unavailable references
[1234.575s][debug][gc,ref       ] GC(433) Skipped phase4 of Reference Processing due to unavailable references
[1234.575s][debug][gc,age       ] GC(433) Desired survivor size 15368192 bytes, new threshold 6 (max threshold 6)
[1234.575s][info ][gc,heap      ] GC(433) ParNew: 243176K->3052K(270336K)
[1234.575s][info ][gc,heap      ] GC(433) CMS: 296857K->297169K(600768K)
[1234.575s][info ][gc,metaspace ] GC(433) Metaspace: 57327K->57327K(1101824K)
[1234.575s][info ][gc           ] GC(433) Pause Young (Allocation Failure) 527M->293M(850M) 4.274ms
[1234.575s][info ][gc,cpu       ] GC(433) User=0.01s Sys=0.00s Real=0.01s
[1234.575s][info ][safepoint    ] Leaving safepoint region
[1234.575s][info ][safepoint    ] Total time for which application threads were stopped: 0.0044240 seconds, Stopping threads took: 0.0000152 seconds
[1235.575s][info ][safepoint    ] Application time: 1.0000601 seconds
[1235.575s][info ][safepoint    ] Entering safepoint region: Cleanup
[1235.575s][info ][safepoint    ] Leaving safepoint region
[1235.575s][info ][safepoint    ] Total time for which application threads were stopped: 0.0000706 seconds, Stopping threads took: 0.0000162 seconds
[1236.575s][info ][safepoint    ] Application time: 1.0001759 seconds
[1236.575s][info ][safepoint    ] Entering safepoint region: Cleanup
[1236.575s][info ][safepoint    ] Leaving safepoint region
[1236.575s][info ][safepoint    ] Total time for which application threads were stopped: 0.0001167 seconds, Stopping threads took: 0.0000408 seconds
[1237.518s][info ][safepoint    ] Application time: 0.9422469 seconds
[1237.518s][info ][safepoint    ] Entering safepoint region: GenCollectForAllocation
[1237.518s][info ][gc,start     ] GC(434) Pause Young (Allocation Failure)
[1237.518s][info ][gc,task      ] GC(434) Using 4 workers of 4 for evacuation
[1237.522s][debug][gc,ref       ] GC(434) Skipped phase1 of Reference Processing due to unavailable references
[1237.522s][debug][gc,ref       ] GC(434) Skipped phase2 of Reference Processing due to unavailable references
[1237.522s][debug][gc,ref       ] GC(434) Skipped phase3 of Reference Processing due to unavailable references
[1237.522s][debug][gc,ref       ] GC(434) Skipped phase4 of Reference Processing due to unavailable references
[1237.522s][debug][gc,age       ] GC(434) Desired survivor size 15368192 bytes, new threshold 6 (max threshold 6)
[1237.522s][info ][gc,heap      ] GC(434) ParNew: 243372K->5545K(270336K)
[1237.522s][info ][gc,heap      ] GC(434) CMS: 297169K->297211K(600768K)
[1237.522s][info ][gc,metaspace ] GC(434) Metaspace: 57329K->57329K(1101824K)
[1237.522s][info ][gc           ] GC(434) Pause Young (Allocation Failure) 527M->295M(850M) 4.508ms
[1237.522s][info ][gc,cpu       ] GC(434) User=0.02s Sys=0.00s Real=0.00s
[1237.522s][info ][safepoint    ] Leaving safepoint region
[1237.522s][info ][safepoint    ] Total time for which application threads were stopped: 0.0046800 seconds, Stopping threads took: 0.0000144 seconds
[1238.523s][info ][safepoint    ] Application time: 1.0001006 seconds
[1238.523s][info ][safepoint    ] Entering safepoint region: Cleanup
[1238.523s][info ][safepoint    ] Leaving safepoint region
[1238.523s][info ][safepoint    ] Total time for which application threads were stopped: 0.0001196 seconds, Stopping threads took: 0.0000490 seconds
[1239.523s][info ][safepoint    ] Application time: 1.0000989 seconds
[1239.523s][info ][safepoint    ] Entering safepoint region: Cleanup
[1239.523s][info ][safepoint    ] Leaving safepoint region
[1239.523s][info ][safepoint    ] Total time for which application threads were stopped: 0.0001367 seconds, Stopping threads took: 0.0000704 seconds
[1240.523s][info ][safepoint    ] Application time: 1.0000885 seconds
[1240.523s][info ][safepoint    ] Entering safepoint region: Cleanup
[1240.523s][info ][safepoint    ] Leaving safepoint region
[1240.523s][info ][safepoint    ] Total time for which application threads were stopped: 0.0001773 seconds, Stopping threads took: 0.0000889 seconds
[1240.775s][info ][safepoint    ] Application time: 0.2521915 seconds
[1240.776s][info ][safepoint    ] Entering safepoint region: GenCollectForAllocation
[1240.776s][info ][gc,start     ] GC(435) Pause Young (Allocation Failure)
[1240.776s][info ][gc,task      ] GC(435) Using 4 workers of 4 for evacuation
[1240.780s][debug][gc,ref       ] GC(435) Skipped phase1 of Reference Processing due to unavailable references
[1240.780s][debug][gc,ref       ] GC(435) Skipped phase2 of Reference Processing due to unavailable references
[1240.780s][debug][gc,ref       ] GC(435) Skipped phase3 of Reference Processing due to unavailable references
[1240.780s][debug][gc,ref       ] GC(435) Skipped phase4 of Reference Processing due to unavailable references
[1240.780s][debug][gc,age       ] GC(435) Desired survivor size 15368192 bytes, new threshold 6 (max threshold 6)
[1240.780s][info ][gc,heap      ] GC(435) ParNew: 245865K->7783K(270336K)
[1240.780s][info ][gc,heap      ] GC(435) CMS: 297211K->297284K(600768K)
[1240.780s][info ][gc,metaspace ] GC(435) Metaspace: 57330K->57330K(1101824K)
[1240.780s][info ][gc           ] GC(435) Pause Young (Allocation Failure) 530M->297M(850M) 4.323ms
[1240.780s][info ][gc,cpu       ] GC(435) User=0.01s Sys=0.00s Real=0.00s
[1240.780s][info ][safepoint    ] Leaving safepoint region
[1240.780s][info ][safepoint    ] Total time for which application threads were stopped: 0.0044898 seconds, Stopping threads took: 0.0000157 seconds
[1241.780s][info ][safepoint    ] Application time: 1.0000883 seconds
[1241.780s][info ][safepoint    ] Entering safepoint region: Cleanup
[1241.780s][info ][safepoint    ] Leaving safepoint region
[1241.780s][info ][safepoint    ] Total time for which application threads were stopped: 0.0000769 seconds, Stopping threads took: 0.0000164 seconds
[1242.780s][info ][safepoint    ] Application time: 1.0001346 seconds
[1242.780s][info ][safepoint    ] Entering safepoint region: Cleanup
[1242.780s][info ][safepoint    ] Leaving safepoint region
[1242.780s][info ][safepoint    ] Total time for which application threads were stopped: 0.0000809 seconds, Stopping threads took: 0.0000158 seconds
[1243.781s][info ][safepoint    ] Application time: 1.0000916 seconds
[1243.781s][info ][safepoint    ] Entering safepoint region: Cleanup
[1243.781s][info ][safepoint    ] Leaving safepoint region
[1243.781s][info ][safepoint    ] Total time for which application threads were stopped: 0.0000761 seconds, Stopping threads took: 0.0000151 seconds
[1244.016s][info ][safepoint    ] Application time: 0.2352812 seconds
[1244.016s][info ][safepoint    ] Entering safepoint region: GenCollectForAllocation
[1244.016s][info ][gc,start     ] GC(436) Pause Young (Allocation Failure)
[1244.016s][info ][gc,task      ] GC(436) Using 4 workers of 4 for evacuation
[1244.021s][debug][gc,ref       ] GC(436) Skipped phase1 of Reference Processing due to unavailable references
[1244.021s][debug][gc,ref       ] GC(436) Skipped phase2 of Reference Processing due to unavailable references
[1244.021s][debug][gc,ref       ] GC(436) Skipped phase3 of Reference Processing due to unavailable references
[1244.021s][debug][gc,ref       ] GC(436) Skipped phase4 of Reference Processing due to unavailable references
[1244.021s][debug][gc,age       ] GC(436) Desired survivor size 15368192 bytes, new threshold 6 (max threshold 6)
[1244.021s][info ][gc,heap      ] GC(436) ParNew: 248103K->8008K(270336K)
[1244.021s][info ][gc,heap      ] GC(436) CMS: 297284K->297428K(600768K)
[1244.022s][info ][gc,metaspace ] GC(436) Metaspace: 57330K->57330K(1101824K)
[1244.022s][info ][gc           ] GC(436) Pause Young (Allocation Failure) 532M->298M(850M) 5.407ms
[1244.022s][info ][gc,cpu       ] GC(436) User=0.02s Sys=0.00s Real=0.00s
[1244.022s][info ][safepoint    ] Leaving safepoint region
[1244.022s][info ][safepoint    ] Total time for which application threads were stopped: 0.0055594 seconds, Stopping threads took: 0.0000147 seconds
[1245.022s][info ][safepoint    ] Application time: 1.0001068 seconds
[1245.022s][info ][safepoint    ] Entering safepoint region: Cleanup
[1245.022s][info ][safepoint    ] Leaving safepoint region
[1245.022s][info ][safepoint    ] Total time for which application threads were stopped: 0.0001350 seconds, Stopping threads took: 0.0000640 seconds
[1246.022s][info ][safepoint    ] Application time: 1.0001065 seconds
[1246.022s][info ][safepoint    ] Entering safepoint region: Cleanup
[1246.022s][info ][safepoint    ] Leaving safepoint region
[1246.022s][info ][safepoint    ] Total time for which application threads were stopped: 0.0001306 seconds, Stopping threads took: 0.0000646 seconds
[1247.022s][info ][safepoint    ] Application time: 1.0001000 seconds
[1247.022s][info ][safepoint    ] Entering safepoint region: Cleanup
[1247.022s][info ][safepoint    ] Leaving safepoint region
[1247.022s][info ][safepoint    ] Total time for which application threads were stopped: 0.0001133 seconds, Stopping threads took: 0.0000416 seconds
[1247.474s][info ][safepoint    ] Application time: 0.4511107 seconds
[1247.474s][info ][safepoint    ] Entering safepoint region: GenCollectForAllocation
[1247.474s][info ][gc,start     ] GC(437) Pause Young (Allocation Failure)
[1247.474s][info ][gc,task      ] GC(437) Using 4 workers of 4 for evacuation
[1247.478s][debug][gc,ref       ] GC(437) Skipped phase1 of Reference Processing due to unavailable references
[1247.478s][debug][gc,ref       ] GC(437) Skipped phase2 of Reference Processing due to unavailable references
[1247.478s][debug][gc,ref       ] GC(437) Skipped phase3 of Reference Processing due to unavailable references
[1247.478s][debug][gc,ref       ] GC(437) Skipped phase4 of Reference Processing due to unavailable references
[1247.478s][debug][gc,age       ] GC(437) Desired survivor size 15368192 bytes, new threshold 6 (max threshold 6)
[1247.478s][info ][gc,heap      ] GC(437) ParNew: 248328K->8264K(270336K)
[1247.478s][info ][gc,heap      ] GC(437) CMS: 297428K->297585K(600768K)
[1247.478s][info ][gc,metaspace ] GC(437) Metaspace: 57330K->57330K(1101824K)
[1247.478s][info ][gc           ] GC(437) Pause Young (Allocation Failure) 532M->298M(850M) 4.682ms
[1247.478s][info ][gc,cpu       ] GC(437) User=0.02s Sys=0.00s Real=0.01s
[1247.478s][info ][safepoint    ] Leaving safepoint region
[1247.478s][info ][safepoint    ] Total time for which application threads were stopped: 0.0048550 seconds, Stopping threads took: 0.0000319 seconds
[1248.478s][info ][safepoint    ] Application time: 1.0000591 seconds
[1248.479s][info ][safepoint    ] Entering safepoint region: Cleanup
[1248.479s][info ][safepoint    ] Leaving safepoint region
[1248.479s][info ][safepoint    ] Total time for which application threads were stopped: 0.0000728 seconds, Stopping threads took: 0.0000155 seconds
[1249.484s][info ][safepoint    ] Application time: 1.0058795 seconds
[1249.485s][info ][safepoint    ] Entering safepoint region: Cleanup
[1249.485s][info ][safepoint    ] Leaving safepoint region
[1249.485s][info ][safepoint    ] Total time for which application threads were stopped: 0.0000825 seconds, Stopping threads took: 0.0000173 seconds
[1250.485s][info ][safepoint    ] Application time: 1.0000999 seconds
[1250.485s][info ][safepoint    ] Entering safepoint region: Cleanup
[1250.485s][info ][safepoint    ] Leaving safepoint region
[1250.485s][info ][safepoint    ] Total time for which application threads were stopped: 0.0000710 seconds, Stopping threads took: 0.0000162 seconds
[1250.870s][info ][safepoint    ] Application time: 0.3856034 seconds
[1250.871s][info ][safepoint    ] Entering safepoint region: GenCollectForAllocation
[1250.871s][info ][gc,start     ] GC(438) Pause Young (Allocation Failure)
[1250.871s][info ][gc,task      ] GC(438) Using 4 workers of 4 for evacuation
[1250.876s][debug][gc,ref       ] GC(438) Skipped phase1 of Reference Processing due to unavailable references
[1250.876s][debug][gc,ref       ] GC(438) Skipped phase2 of Reference Processing due to unavailable references
[1250.876s][debug][gc,ref       ] GC(438) Skipped phase3 of Reference Processing due to unavailable references
[1250.876s][debug][gc,ref       ] GC(438) Skipped phase4 of Reference Processing due to unavailable references
[1250.876s][debug][gc,age       ] GC(438) Desired survivor size 15368192 bytes, new threshold 6 (max threshold 6)
[1250.876s][info ][gc,heap      ] GC(438) ParNew: 248584K->7029K(270336K)
[1250.876s][info ][gc,heap      ] GC(438) CMS: 297585K->297941K(600768K)
[1250.876s][info ][gc,metaspace ] GC(438) Metaspace: 57331K->57331K(1101824K)
[1250.876s][info ][gc           ] GC(438) Pause Young (Allocation Failure) 533M->297M(850M) 5.207ms
[1250.876s][info ][gc,cpu       ] GC(438) User=0.02s Sys=0.00s Real=0.01s
[1250.876s][info ][safepoint    ] Leaving safepoint region
[1250.876s][info ][safepoint    ] Total time for which application threads were stopped: 0.0053644 seconds, Stopping threads took: 0.0000207 seconds
[1251.876s][info ][safepoint    ] Application time: 1.0001356 seconds
[1251.876s][info ][safepoint    ] Entering safepoint region: Cleanup
[1251.876s][info ][safepoint    ] Leaving safepoint region
[1251.876s][info ][safepoint    ] Total time for which application threads were stopped: 0.0000719 seconds, Stopping threads took: 0.0000163 seconds
[1252.876s][info ][safepoint    ] Application time: 1.0001232 seconds
[1252.876s][info ][safepoint    ] Entering safepoint region: Cleanup
[1252.876s][info ][safepoint    ] Leaving safepoint region
[1252.876s][info ][safepoint    ] Total time for which application threads were stopped: 0.0000742 seconds, Stopping threads took: 0.0000147 seconds
[1253.878s][info ][safepoint    ] Application time: 1.0020564 seconds
[1253.878s][info ][safepoint    ] Entering safepoint region: Cleanup
[1253.879s][info ][safepoint    ] Leaving safepoint region
[1253.879s][info ][safepoint    ] Total time for which application threads were stopped: 0.0000790 seconds, Stopping threads took: 0.0000154 seconds
[1254.152s][info ][safepoint    ] Application time: 0.2734871 seconds
[1254.152s][info ][safepoint    ] Entering safepoint region: GenCollectForAllocation
[1254.152s][info ][gc,start     ] GC(439) Pause Young (Allocation Failure)
[1254.152s][info ][gc,task      ] GC(439) Using 4 workers of 4 for evacuation
[1254.156s][debug][gc,ref       ] GC(439) Skipped phase1 of Reference Processing due to unavailable references
[1254.157s][debug][gc,ref       ] GC(439) Skipped phase2 of Reference Processing due to unavailable references
[1254.157s][debug][gc,ref       ] GC(439) Skipped phase3 of Reference Processing due to unavailable references
[1254.157s][debug][gc,ref       ] GC(439) Skipped phase4 of Reference Processing due to unavailable references
[1254.157s][debug][gc,age       ] GC(439) Desired survivor size 15368192 bytes, new threshold 6 (max threshold 6)
[1254.157s][info ][gc,heap      ] GC(439) ParNew: 247349K->6819K(270336K)
[1254.157s][info ][gc,heap      ] GC(439) CMS: 297941K->298156K(600768K)
[1254.157s][info ][gc,metaspace ] GC(439) Metaspace: 57334K->57334K(1101824K)
[1254.157s][info ][gc           ] GC(439) Pause Young (Allocation Failure) 532M->297M(850M) 4.547ms
[1254.157s][info ][gc,cpu       ] GC(439) User=0.01s Sys=0.00s Real=0.01s
[1254.157s][info ][safepoint    ] Leaving safepoint region
[1254.157s][info ][safepoint    ] Total time for which application threads were stopped: 0.0046916 seconds, Stopping threads took: 0.0000151 seconds
[1255.157s][info ][safepoint    ] Application time: 1.0001048 seconds
[1255.157s][info ][safepoint    ] Entering safepoint region: Cleanup
[1255.157s][info ][safepoint    ] Leaving safepoint region
[1255.157s][info ][safepoint    ] Total time for which application threads were stopped: 0.0000710 seconds, Stopping threads took: 0.0000158 seconds
[1256.157s][info ][safepoint    ] Application time: 1.0000925 seconds
[1256.157s][info ][safepoint    ] Entering safepoint region: Cleanup
[1256.157s][info ][safepoint    ] Leaving safepoint region
[1256.157s][info ][safepoint    ] Total time for which application threads were stopped: 0.0000847 seconds, Stopping threads took: 0.0000173 seconds
[1257.159s][info ][safepoint    ] Application time: 1.0022132 seconds
[1257.159s][info ][safepoint    ] Entering safepoint region: Cleanup
[1257.160s][info ][safepoint    ] Leaving safepoint region
[1257.160s][info ][safepoint    ] Total time for which application threads were stopped: 0.0001201 seconds, Stopping threads took: 0.0000154 seconds
[1257.228s][info ][safepoint    ] Application time: 0.0683617 seconds
[1257.228s][info ][safepoint    ] Entering safepoint region: GenCollectForAllocation
[1257.228s][info ][gc,start     ] GC(440) Pause Young (Allocation Failure)
[1257.228s][info ][gc,task      ] GC(440) Using 4 workers of 4 for evacuation
[1257.235s][debug][gc,ref       ] GC(440) Skipped phase1 of Reference Processing due to unavailable references
[1257.235s][debug][gc,ref       ] GC(440) Skipped phase2 of Reference Processing due to unavailable references
[1257.235s][debug][gc,ref       ] GC(440) Skipped phase3 of Reference Processing due to unavailable references
[1257.235s][debug][gc,ref       ] GC(440) Skipped phase4 of Reference Processing due to unavailable references
[1257.235s][debug][gc,age       ] GC(440) Desired survivor size 15368192 bytes, new threshold 6 (max threshold 6)
[1257.235s][info ][gc,heap      ] GC(440) ParNew: 247139K->6714K(270336K)
[1257.235s][info ][gc,heap      ] GC(440) CMS: 298156K->299752K(600768K)
[1257.235s][info ][gc,metaspace ] GC(440) Metaspace: 57335K->57335K(1101824K)
[1257.235s][info ][gc           ] GC(440) Pause Young (Allocation Failure) 532M->299M(850M) 7.251ms
[1257.235s][info ][gc,cpu       ] GC(440) User=0.03s Sys=0.00s Real=0.01s
[1257.235s][info ][safepoint    ] Leaving safepoint region
[1257.235s][info ][safepoint    ] Total time for which application threads were stopped: 0.0074305 seconds, Stopping threads took: 0.0000152 seconds
[1258.236s][info ][safepoint    ] Application time: 1.0001028 seconds
[1258.236s][info ][safepoint    ] Entering safepoint region: Cleanup
[1258.236s][info ][safepoint    ] Leaving safepoint region
[1258.236s][info ][safepoint    ] Total time for which application threads were stopped: 0.0000894 seconds, Stopping threads took: 0.0000153 seconds
[1259.236s][info ][safepoint    ] Application time: 1.0000813 seconds
[1259.236s][info ][safepoint    ] Entering safepoint region: Cleanup
[1259.236s][info ][safepoint    ] Leaving safepoint region
[1259.236s][info ][safepoint    ] Total time for which application threads were stopped: 0.0001093 seconds, Stopping threads took: 0.0000319 seconds
[1260.236s][info ][safepoint    ] Application time: 1.0000892 seconds
[1260.236s][info ][safepoint    ] Entering safepoint region: Cleanup
[1260.236s][info ][safepoint    ] Leaving safepoint region
[1260.236s][info ][safepoint    ] Total time for which application threads were stopped: 0.0000915 seconds, Stopping threads took: 0.0000159 seconds
[1260.422s][info ][safepoint    ] Application time: 0.1862946 seconds
[1260.422s][info ][safepoint    ] Entering safepoint region: GenCollectForAllocation
[1260.423s][info ][gc,start     ] GC(441) Pause Young (Allocation Failure)
[1260.423s][info ][gc,task      ] GC(441) Using 4 workers of 4 for evacuation
[1260.427s][debug][gc,ref       ] GC(441) Skipped phase1 of Reference Processing due to unavailable references
[1260.427s][debug][gc,ref       ] GC(441) Skipped phase2 of Reference Processing due to unavailable references
[1260.427s][debug][gc,ref       ] GC(441) Skipped phase3 of Reference Processing due to unavailable references
[1260.427s][debug][gc,ref       ] GC(441) Skipped phase4 of Reference Processing due to unavailable references
[1260.427s][debug][gc,age       ] GC(441) Desired survivor size 15368192 bytes, new threshold 6 (max threshold 6)
[1260.427s][info ][gc,heap      ] GC(441) ParNew: 247034K->5535K(270336K)
[1260.427s][info ][gc,heap      ] GC(441) CMS: 299752K->299862K(600768K)
[1260.427s][info ][gc,metaspace ] GC(441) Metaspace: 57335K->57335K(1101824K)
[1260.427s][info ][gc           ] GC(441) Pause Young (Allocation Failure) 533M->298M(850M) 4.295ms
[1260.427s][info ][gc,cpu       ] GC(441) User=0.01s Sys=0.00s Real=0.01s
[1260.427s][info ][safepoint    ] Leaving safepoint region
[1260.427s][info ][safepoint    ] Total time for which application threads were stopped: 0.0044348 seconds, Stopping threads took: 0.0000152 seconds
[1262.427s][info ][safepoint    ] Application time: 2.0001367 seconds
[1262.427s][info ][safepoint    ] Entering safepoint region: Cleanup
[1262.427s][info ][safepoint    ] Leaving safepoint region
[1262.427s][info ][safepoint    ] Total time for which application threads were stopped: 0.0000759 seconds, Stopping threads took: 0.0000162 seconds
[1263.522s][info ][safepoint    ] Application time: 1.0945226 seconds
[1263.522s][info ][safepoint    ] Entering safepoint region: GenCollectForAllocation
[1263.522s][info ][gc,start     ] GC(442) Pause Young (Allocation Failure)
[1263.522s][info ][gc,task      ] GC(442) Using 4 workers of 4 for evacuation
[1263.528s][debug][gc,ref       ] GC(442) Skipped phase1 of Reference Processing due to unavailable references
[1263.528s][debug][gc,ref       ] GC(442) Skipped phase2 of Reference Processing due to unavailable references
[1263.528s][debug][gc,ref       ] GC(442) Skipped phase3 of Reference Processing due to unavailable references
[1263.528s][debug][gc,ref       ] GC(442) Skipped phase4 of Reference Processing due to unavailable references
[1263.528s][debug][gc,age       ] GC(442) Desired survivor size 15368192 bytes, new threshold 6 (max threshold 6)
[1263.528s][info ][gc,heap      ] GC(442) ParNew: 245855K->4240K(270336K)
[1263.528s][info ][gc,heap      ] GC(442) CMS: 299862K->302330K(600768K)
[1263.528s][info ][gc,metaspace ] GC(442) Metaspace: 57336K->57336K(1101824K)
[1263.528s][info ][gc           ] GC(442) Pause Young (Allocation Failure) 532M->299M(850M) 6.220ms
[1263.528s][info ][gc,cpu       ] GC(442) User=0.01s Sys=0.01s Real=0.01s
[1263.528s][info ][safepoint    ] Leaving safepoint region
[1263.528s][info ][safepoint    ] Total time for which application threads were stopped: 0.0063747 seconds, Stopping threads took: 0.0000146 seconds
[1264.528s][info ][safepoint    ] Application time: 1.0000581 seconds
[1264.528s][info ][safepoint    ] Entering safepoint region: Cleanup
[1264.528s][info ][safepoint    ] Leaving safepoint region
[1264.528s][info ][safepoint    ] Total time for which application threads were stopped: 0.0000822 seconds, Stopping threads took: 0.0000161 seconds
[1265.528s][info ][safepoint    ] Application time: 1.0000855 seconds
[1265.528s][info ][safepoint    ] Entering safepoint region: Cleanup
[1265.528s][info ][safepoint    ] Leaving safepoint region
[1265.528s][info ][safepoint    ] Total time for which application threads were stopped: 0.0000888 seconds, Stopping threads took: 0.0000156 seconds
[1266.621s][info ][safepoint    ] Application time: 1.0924023 seconds
[1266.621s][info ][safepoint    ] Entering safepoint region: GenCollectForAllocation
[1266.621s][info ][gc,start     ] GC(443) Pause Young (Allocation Failure)
[1266.621s][info ][gc,task      ] GC(443) Using 4 workers of 4 for evacuation
[1266.624s][debug][gc,ref       ] GC(443) Skipped phase1 of Reference Processing due to unavailable references
[1266.624s][debug][gc,ref       ] GC(443) Skipped phase2 of Reference Processing due to unavailable references
[1266.624s][debug][gc,ref       ] GC(443) Skipped phase3 of Reference Processing due to unavailable references
[1266.624s][debug][gc,ref       ] GC(443) Skipped phase4 of Reference Processing due to unavailable references
[1266.624s][debug][gc,age       ] GC(443) Desired survivor size 15368192 bytes, new threshold 6 (max threshold 6)
[1266.625s][info ][gc,heap      ] GC(443) ParNew: 244560K->2832K(270336K)
[1266.625s][info ][gc,heap      ] GC(443) CMS: 302330K->302349K(600768K)
[1266.625s][info ][gc,metaspace ] GC(443) Metaspace: 57336K->57336K(1101824K)
[1266.625s][info ][gc           ] GC(443) Pause Young (Allocation Failure) 534M->298M(850M) 3.487ms
[1266.625s][info ][gc,cpu       ] GC(443) User=0.01s Sys=0.00s Real=0.00s
[1266.625s][info ][safepoint    ] Leaving safepoint region
[1266.625s][info ][safepoint    ] Total time for which application threads were stopped: 0.0036698 seconds, Stopping threads took: 0.0000346 seconds
[1269.625s][info ][safepoint    ] Application time: 3.0001984 seconds
[1269.625s][info ][safepoint    ] Entering safepoint region: Cleanup
[1269.625s][info ][safepoint    ] Leaving safepoint region
[1269.625s][info ][safepoint    ] Total time for which application threads were stopped: 0.0000735 seconds, Stopping threads took: 0.0000151 seconds
[1270.077s][info ][safepoint    ] Application time: 0.4521915 seconds
[1270.077s][info ][safepoint    ] Entering safepoint region: GenCollectForAllocation
[1270.077s][info ][gc,start     ] GC(444) Pause Young (Allocation Failure)
[1270.077s][info ][gc,task      ] GC(444) Using 4 workers of 4 for evacuation
[1270.081s][debug][gc,ref       ] GC(444) Skipped phase1 of Reference Processing due to unavailable references
[1270.081s][debug][gc,ref       ] GC(444) Skipped phase2 of Reference Processing due to unavailable references
[1270.081s][debug][gc,ref       ] GC(444) Skipped phase3 of Reference Processing due to unavailable references
[1270.081s][debug][gc,ref       ] GC(444) Skipped phase4 of Reference Processing due to unavailable references
[1270.081s][debug][gc,age       ] GC(444) Desired survivor size 15368192 bytes, new threshold 6 (max threshold 6)
[1270.081s][info ][gc,heap      ] GC(444) ParNew: 243152K->2620K(270336K)
[1270.081s][info ][gc,heap      ] GC(444) CMS: 302349K->302703K(600768K)
[1270.081s][info ][gc,metaspace ] GC(444) Metaspace: 57337K->57337K(1101824K)
[1270.081s][info ][gc           ] GC(444) Pause Young (Allocation Failure) 532M->298M(850M) 3.736ms
[1270.081s][info ][gc,cpu       ] GC(444) User=0.02s Sys=0.00s Real=0.00s
[1270.081s][info ][safepoint    ] Leaving safepoint region
[1270.081s][info ][safepoint    ] Total time for which application threads were stopped: 0.0038738 seconds, Stopping threads took: 0.0000131 seconds
[1273.529s][info ][safepoint    ] Application time: 3.4481994 seconds
[1273.529s][info ][safepoint    ] Entering safepoint region: GenCollectForAllocation
[1273.529s][info ][gc,start     ] GC(445) Pause Young (Allocation Failure)
[1273.529s][info ][gc,task      ] GC(445) Using 4 workers of 4 for evacuation
[1273.533s][debug][gc,ref       ] GC(445) Skipped phase1 of Reference Processing due to unavailable references
[1273.533s][debug][gc,ref       ] GC(445) Skipped phase2 of Reference Processing due to unavailable references
[1273.533s][debug][gc,ref       ] GC(445) Skipped phase3 of Reference Processing due to unavailable references
[1273.533s][debug][gc,ref       ] GC(445) Skipped phase4 of Reference Processing due to unavailable references
[1273.533s][debug][gc,age       ] GC(445) Desired survivor size 15368192 bytes, new threshold 6 (max threshold 6)
[1273.533s][info ][gc,heap      ] GC(445) ParNew: 242940K->2578K(270336K)
[1273.533s][info ][gc,heap      ] GC(445) CMS: 302703K->302857K(600768K)
[1273.533s][info ][gc,metaspace ] GC(445) Metaspace: 57342K->57342K(1101824K)
[1273.533s][info ][gc           ] GC(445) Pause Young (Allocation Failure) 532M->298M(850M) 3.625ms
[1273.533s][info ][gc,cpu       ] GC(445) User=0.02s Sys=0.00s Real=0.00s
[1273.533s][info ][safepoint    ] Leaving safepoint region
[1273.533s][info ][safepoint    ] Total time for which application threads were stopped: 0.0037952 seconds, Stopping threads took: 0.0000414 seconds
[1274.533s][info ][safepoint    ] Application time: 1.0001068 seconds
[1274.533s][info ][safepoint    ] Entering safepoint region: Cleanup
[1274.533s][info ][safepoint    ] Leaving safepoint region
[1274.533s][info ][safepoint    ] Total time for which application threads were stopped: 0.0000760 seconds, Stopping threads took: 0.0000155 seconds
[1276.534s][info ][safepoint    ] Application time: 2.0002024 seconds
[1276.534s][info ][safepoint    ] Entering safepoint region: Cleanup
[1276.534s][info ][safepoint    ] Leaving safepoint region
[1276.534s][info ][safepoint    ] Total time for which application threads were stopped: 0.0000807 seconds, Stopping threads took: 0.0000197 seconds
[1277.120s][info ][safepoint    ] Application time: 0.5865810 seconds
[1277.120s][info ][safepoint    ] Entering safepoint region: GenCollectForAllocation
[1277.120s][info ][gc,start     ] GC(446) Pause Young (Allocation Failure)
[1277.120s][info ][gc,task      ] GC(446) Using 4 workers of 4 for evacuation
[1277.124s][debug][gc,ref       ] GC(446) Skipped phase1 of Reference Processing due to unavailable references
[1277.124s][debug][gc,ref       ] GC(446) Skipped phase2 of Reference Processing due to unavailable references
[1277.124s][debug][gc,ref       ] GC(446) Skipped phase3 of Reference Processing due to unavailable references
[1277.124s][debug][gc,ref       ] GC(446) Skipped phase4 of Reference Processing due to unavailable references
[1277.124s][debug][gc,age       ] GC(446) Desired survivor size 15368192 bytes, new threshold 6 (max threshold 6)
[1277.124s][info ][gc,heap      ] GC(446) ParNew: 242898K->2453K(270336K)
[1277.124s][info ][gc,heap      ] GC(446) CMS: 302857K->303231K(600768K)
[1277.124s][info ][gc,metaspace ] GC(446) Metaspace: 57343K->57343K(1101824K)
[1277.124s][info ][gc           ] GC(446) Pause Young (Allocation Failure) 532M->298M(850M) 3.451ms
[1277.124s][info ][gc,cpu       ] GC(446) User=0.01s Sys=0.00s Real=0.00s
[1277.124s][info ][safepoint    ] Leaving safepoint region
[1277.124s][info ][safepoint    ] Total time for which application threads were stopped: 0.0035923 seconds, Stopping threads took: 0.0000147 seconds
[1278.124s][info ][safepoint    ] Application time: 1.0001045 seconds
[1278.124s][info ][safepoint    ] Entering safepoint region: Cleanup
[1278.124s][info ][safepoint    ] Leaving safepoint region
[1278.124s][info ][safepoint    ] Total time for which application threads were stopped: 0.0000729 seconds, Stopping threads took: 0.0000143 seconds
[1280.867s][info ][safepoint    ] Application time: 2.7429601 seconds
[1280.867s][info ][safepoint    ] Entering safepoint region: GenCollectForAllocation
[1280.867s][info ][gc,start     ] GC(447) Pause Young (Allocation Failure)
[1280.867s][info ][gc,task      ] GC(447) Using 4 workers of 4 for evacuation
[1280.871s][debug][gc,ref       ] GC(447) Skipped phase1 of Reference Processing due to unavailable references
[1280.871s][debug][gc,ref       ] GC(447) Skipped phase2 of Reference Processing due to unavailable references
[1280.871s][debug][gc,ref       ] GC(447) Skipped phase3 of Reference Processing due to unavailable references
[1280.871s][debug][gc,ref       ] GC(447) Skipped phase4 of Reference Processing due to unavailable references
[1280.871s][debug][gc,age       ] GC(447) Desired survivor size 15368192 bytes, new threshold 6 (max threshold 6)
[1280.871s][info ][gc,heap      ] GC(447) ParNew: 242773K->2156K(270336K)
[1280.871s][info ][gc,heap      ] GC(447) CMS: 303231K->303481K(600768K)
[1280.871s][info ][gc,metaspace ] GC(447) Metaspace: 57343K->57343K(1101824K)
[1280.871s][info ][gc           ] GC(447) Pause Young (Allocation Failure) 533M->298M(850M) 4.291ms
[1280.871s][info ][gc,cpu       ] GC(447) User=0.01s Sys=0.00s Real=0.00s
[1280.871s][info ][safepoint    ] Leaving safepoint region
[1280.871s][info ][safepoint    ] Total time for which application threads were stopped: 0.0044382 seconds, Stopping threads took: 0.0000146 seconds
[1282.872s][info ][safepoint    ] Application time: 2.0001333 seconds
[1282.872s][info ][safepoint    ] Entering safepoint region: Cleanup
[1282.872s][info ][safepoint    ] Leaving safepoint region
[1282.872s][info ][safepoint    ] Total time for which application threads were stopped: 0.0001313 seconds, Stopping threads took: 0.0000618 seconds
[1284.618s][info ][safepoint    ] Application time: 1.7458761 seconds
[1284.618s][info ][safepoint    ] Entering safepoint region: GenCollectForAllocation
[1284.618s][info ][gc,start     ] GC(448) Pause Young (Allocation Failure)
[1284.618s][info ][gc,task      ] GC(448) Using 4 workers of 4 for evacuation
[1284.621s][debug][gc,ref       ] GC(448) Skipped phase1 of Reference Processing due to unavailable references
[1284.621s][debug][gc,ref       ] GC(448) Skipped phase2 of Reference Processing due to unavailable references
[1284.621s][debug][gc,ref       ] GC(448) Skipped phase3 of Reference Processing due to unavailable references
[1284.621s][debug][gc,ref       ] GC(448) Skipped phase4 of Reference Processing due to unavailable references
[1284.621s][debug][gc,age       ] GC(448) Desired survivor size 15368192 bytes, new threshold 6 (max threshold 6)
[1284.621s][info ][gc,heap      ] GC(448) ParNew: 242476K->1914K(270336K)
[1284.621s][info ][gc,heap      ] GC(448) CMS: 303481K->303909K(600768K)
[1284.621s][info ][gc,metaspace ] GC(448) Metaspace: 57343K->57343K(1101824K)
[1284.621s][info ][gc           ] GC(448) Pause Young (Allocation Failure) 533M->298M(850M) 3.391ms
[1284.621s][info ][gc,cpu       ] GC(448) User=0.01s Sys=0.01s Real=0.00s
[1284.621s][info ][safepoint    ] Leaving safepoint region
[1284.621s][info ][safepoint    ] Total time for which application threads were stopped: 0.0035516 seconds, Stopping threads took: 0.0000145 seconds
[1287.622s][info ][safepoint    ] Application time: 3.0002712 seconds
[1287.622s][info ][safepoint    ] Entering safepoint region: Cleanup
[1287.622s][info ][safepoint    ] Leaving safepoint region
[1287.622s][info ][safepoint    ] Total time for which application threads were stopped: 0.0001722 seconds, Stopping threads took: 0.0000657 seconds
[1288.322s][info ][safepoint    ] Application time: 0.7002958 seconds
[1288.322s][info ][safepoint    ] Entering safepoint region: GenCollectForAllocation
[1288.322s][info ][gc,start     ] GC(449) Pause Young (Allocation Failure)
[1288.322s][info ][gc,task      ] GC(449) Using 4 workers of 4 for evacuation
[1288.325s][debug][gc,ref       ] GC(449) Skipped phase1 of Reference Processing due to unavailable references
[1288.325s][debug][gc,ref       ] GC(449) Skipped phase2 of Reference Processing due to unavailable references
[1288.325s][debug][gc,ref       ] GC(449) Skipped phase3 of Reference Processing due to unavailable references
[1288.325s][debug][gc,ref       ] GC(449) Skipped phase4 of Reference Processing due to unavailable references
[1288.325s][debug][gc,age       ] GC(449) Desired survivor size 15368192 bytes, new threshold 6 (max threshold 6)
[1288.325s][info ][gc,heap      ] GC(449) ParNew: 242234K->1323K(270336K)
[1288.325s][info ][gc,heap      ] GC(449) CMS: 303909K->304040K(600768K)
[1288.325s][info ][gc,metaspace ] GC(449) Metaspace: 57345K->57345K(1101824K)
[1288.325s][info ][gc           ] GC(449) Pause Young (Allocation Failure) 533M->298M(850M) 2.993ms
[1288.325s][info ][gc,cpu       ] GC(449) User=0.01s Sys=0.00s Real=0.00s
[1288.325s][info ][safepoint    ] Leaving safepoint region
[1288.325s][info ][safepoint    ] Total time for which application threads were stopped: 0.0031702 seconds, Stopping threads took: 0.0000551 seconds
[1292.121s][info ][safepoint    ] Application time: 3.7958627 seconds
[1292.121s][info ][safepoint    ] Entering safepoint region: GenCollectForAllocation
[1292.121s][info ][gc,start     ] GC(450) Pause Young (Allocation Failure)
[1292.121s][info ][gc,task      ] GC(450) Using 4 workers of 4 for evacuation
[1292.124s][debug][gc,ref       ] GC(450) Skipped phase1 of Reference Processing due to unavailable references
[1292.124s][debug][gc,ref       ] GC(450) Skipped phase2 of Reference Processing due to unavailable references
[1292.124s][debug][gc,ref       ] GC(450) Skipped phase3 of Reference Processing due to unavailable references
[1292.124s][debug][gc,ref       ] GC(450) Skipped phase4 of Reference Processing due to unavailable references
[1292.124s][debug][gc,age       ] GC(450) Desired survivor size 15368192 bytes, new threshold 6 (max threshold 6)
[1292.124s][info ][gc,heap      ] GC(450) ParNew: 241643K->1287K(270336K)
[1292.124s][info ][gc,heap      ] GC(450) CMS: 304040K->304262K(600768K)
[1292.124s][info ][gc,metaspace ] GC(450) Metaspace: 57345K->57345K(1101824K)
[1292.124s][info ][gc           ] GC(450) Pause Young (Allocation Failure) 532M->298M(850M) 2.826ms
[1292.124s][info ][gc,cpu       ] GC(450) User=0.01s Sys=0.00s Real=0.00s
[1292.124s][info ][safepoint    ] Leaving safepoint region
[1292.124s][info ][safepoint    ] Total time for which application threads were stopped: 0.0029864 seconds, Stopping threads took: 0.0000160 seconds
[1295.915s][info ][safepoint    ] Application time: 3.7908745 seconds
[1295.915s][info ][safepoint    ] Entering safepoint region: GenCollectForAllocation
[1295.915s][info ][gc,start     ] GC(451) Pause Young (Allocation Failure)
[1295.915s][info ][gc,task      ] GC(451) Using 4 workers of 4 for evacuation
[1295.918s][debug][gc,ref       ] GC(451) Skipped phase1 of Reference Processing due to unavailable references
[1295.918s][debug][gc,ref       ] GC(451) Skipped phase2 of Reference Processing due to unavailable references
[1295.918s][debug][gc,ref       ] GC(451) Skipped phase3 of Reference Processing due to unavailable references
[1295.918s][debug][gc,ref       ] GC(451) Skipped phase4 of Reference Processing due to unavailable references
[1295.918s][debug][gc,age       ] GC(451) Desired survivor size 15368192 bytes, new threshold 6 (max threshold 6)
[1295.918s][info ][gc,heap      ] GC(451) ParNew: 241607K->1207K(270336K)
[1295.918s][info ][gc,heap      ] GC(451) CMS: 304262K->304666K(600768K)
[1295.918s][info ][gc,metaspace ] GC(451) Metaspace: 57345K->57345K(1101824K)
[1295.918s][info ][gc           ] GC(451) Pause Young (Allocation Failure) 533M->298M(850M) 3.190ms
[1295.918s][info ][gc,cpu       ] GC(451) User=0.01s Sys=0.00s Real=0.00s
[1295.919s][info ][safepoint    ] Leaving safepoint region
[1295.919s][info ][safepoint    ] Total time for which application threads were stopped: 0.0034044 seconds, Stopping threads took: 0.0000721 seconds
[1296.919s][info ][safepoint    ] Application time: 1.0001082 seconds
[1296.919s][info ][safepoint    ] Entering safepoint region: Cleanup
[1296.919s][info ][safepoint    ] Leaving safepoint region
[1296.919s][info ][safepoint    ] Total time for which application threads were stopped: 0.0001293 seconds, Stopping threads took: 0.0000627 seconds
[1299.521s][info ][safepoint    ] Application time: 2.6020207 seconds
[1299.521s][info ][safepoint    ] Entering safepoint region: GenCollectForAllocation
[1299.521s][info ][gc,start     ] GC(452) Pause Young (Allocation Failure)
[1299.521s][info ][gc,task      ] GC(452) Using 4 workers of 4 for evacuation
[1299.523s][debug][gc,ref       ] GC(452) Skipped phase1 of Reference Processing due to unavailable references
[1299.523s][debug][gc,ref       ] GC(452) Skipped phase2 of Reference Processing due to unavailable references
[1299.523s][debug][gc,ref       ] GC(452) Skipped phase3 of Reference Processing due to unavailable references
[1299.523s][debug][gc,ref       ] GC(452) Skipped phase4 of Reference Processing due to unavailable references
[1299.524s][debug][gc,age       ] GC(452) Desired survivor size 15368192 bytes, new threshold 6 (max threshold 6)
[1299.524s][info ][gc,heap      ] GC(452) ParNew: 241527K->956K(270336K)
[1299.524s][info ][gc,heap      ] GC(452) CMS: 304666K->304768K(600768K)
[1299.524s][info ][gc,metaspace ] GC(452) Metaspace: 57346K->57346K(1101824K)
[1299.524s][info ][gc           ] GC(452) Pause Young (Allocation Failure) 533M->298M(850M) 2.716ms
[1299.524s][info ][gc,cpu       ] GC(452) User=0.01s Sys=0.00s Real=0.00s
[1299.524s][info ][safepoint    ] Leaving safepoint region
[1299.524s][info ][safepoint    ] Total time for which application threads were stopped: 0.0028677 seconds, Stopping threads took: 0.0000158 seconds
[1300.524s][info ][safepoint    ] Application time: 1.0000973 seconds
[1300.524s][info ][safepoint    ] Entering safepoint region: Cleanup
[1300.524s][info ][safepoint    ] Leaving safepoint region
[1300.524s][info ][safepoint    ] Total time for which application threads were stopped: 0.0001603 seconds, Stopping threads took: 0.0000700 seconds
[1303.219s][info ][safepoint    ] Application time: 2.6953376 seconds
[1303.219s][info ][safepoint    ] Entering safepoint region: GenCollectForAllocation
[1303.219s][info ][gc,start     ] GC(453) Pause Young (Allocation Failure)
[1303.220s][info ][gc,task      ] GC(453) Using 4 workers of 4 for evacuation
[1303.222s][debug][gc,ref       ] GC(453) Skipped phase1 of Reference Processing due to unavailable references
[1303.222s][debug][gc,ref       ] GC(453) Skipped phase2 of Reference Processing due to unavailable references
[1303.222s][debug][gc,ref       ] GC(453) Skipped phase3 of Reference Processing due to unavailable references
[1303.222s][debug][gc,ref       ] GC(453) Skipped phase4 of Reference Processing due to unavailable references
[1303.222s][debug][gc,age       ] GC(453) Desired survivor size 15368192 bytes, new threshold 6 (max threshold 6)
[1303.222s][info ][gc,heap      ] GC(453) ParNew: 241276K->1200K(270336K)
[1303.222s][info ][gc,heap      ] GC(453) CMS: 304768K->304822K(600768K)
[1303.222s][info ][gc,metaspace ] GC(453) Metaspace: 57346K->57346K(1101824K)
[1303.222s][info ][gc           ] GC(453) Pause Young (Allocation Failure) 533M->298M(850M) 2.618ms
[1303.222s][info ][gc,cpu       ] GC(453) User=0.01s Sys=0.00s Real=0.00s
[1303.222s][info ][safepoint    ] Leaving safepoint region
[1303.222s][info ][safepoint    ] Total time for which application threads were stopped: 0.0027609 seconds, Stopping threads took: 0.0000146 seconds
[1306.222s][info ][safepoint    ] Application time: 3.0003100 seconds
[1306.223s][info ][safepoint    ] Entering safepoint region: Cleanup
[1306.223s][info ][safepoint    ] Leaving safepoint region
[1306.223s][info ][safepoint    ] Total time for which application threads were stopped: 0.0001418 seconds, Stopping threads took: 0.0000445 seconds
[1306.772s][info ][safepoint    ] Application time: 0.5493465 seconds
[1306.772s][info ][safepoint    ] Entering safepoint region: GenCollectForAllocation
[1306.772s][info ][gc,start     ] GC(454) Pause Young (Allocation Failure)
[1306.772s][info ][gc,task      ] GC(454) Using 4 workers of 4 for evacuation
[1306.775s][debug][gc,ref       ] GC(454) Skipped phase1 of Reference Processing due to unavailable references
[1306.775s][debug][gc,ref       ] GC(454) Skipped phase2 of Reference Processing due to unavailable references
[1306.775s][debug][gc,ref       ] GC(454) Skipped phase3 of Reference Processing due to unavailable references
[1306.775s][debug][gc,ref       ] GC(454) Skipped phase4 of Reference Processing due to unavailable references
[1306.775s][debug][gc,age       ] GC(454) Desired survivor size 15368192 bytes, new threshold 6 (max threshold 6)
[1306.775s][info ][gc,heap      ] GC(454) ParNew: 241520K->1503K(270336K)
[1306.775s][info ][gc,heap      ] GC(454) CMS: 304822K->304876K(600768K)
[1306.775s][info ][gc,metaspace ] GC(454) Metaspace: 57349K->57349K(1101824K)
[1306.775s][info ][gc           ] GC(454) Pause Young (Allocation Failure) 533M->299M(850M) 2.724ms
[1306.775s][info ][gc,cpu       ] GC(454) User=0.01s Sys=0.00s Real=0.01s
[1306.775s][info ][safepoint    ] Leaving safepoint region
[1306.775s][info ][safepoint    ] Total time for which application threads were stopped: 0.0028892 seconds, Stopping threads took: 0.0000150 seconds
[1307.775s][info ][safepoint    ] Application time: 1.0001109 seconds
[1307.775s][info ][safepoint    ] Entering safepoint region: Cleanup
[1307.775s][info ][safepoint    ] Leaving safepoint region
[1307.775s][info ][safepoint    ] Total time for which application threads were stopped: 0.0001295 seconds, Stopping threads took: 0.0000665 seconds
[1308.775s][info ][safepoint    ] Application time: 1.0001041 seconds
[1308.775s][info ][safepoint    ] Entering safepoint region: Cleanup
[1308.775s][info ][safepoint    ] Leaving safepoint region
[1308.775s][info ][safepoint    ] Total time for which application threads were stopped: 0.0001065 seconds, Stopping threads took: 0.0000166 seconds
[1309.776s][info ][safepoint    ] Application time: 1.0000903 seconds
[1309.776s][info ][safepoint    ] Entering safepoint region: Cleanup
[1309.776s][info ][safepoint    ] Leaving safepoint region
[1309.776s][info ][safepoint    ] Total time for which application threads were stopped: 0.0000822 seconds, Stopping threads took: 0.0000157 seconds
[1310.268s][info ][safepoint    ] Application time: 0.4919698 seconds
[1310.268s][info ][safepoint    ] Entering safepoint region: GenCollectForAllocation
[1310.268s][info ][gc,start     ] GC(455) Pause Young (Allocation Failure)
[1310.268s][info ][gc,task      ] GC(455) Using 4 workers of 4 for evacuation
[1310.271s][debug][gc,ref       ] GC(455) Skipped phase1 of Reference Processing due to unavailable references
[1310.271s][debug][gc,ref       ] GC(455) Skipped phase2 of Reference Processing due to unavailable references
[1310.271s][debug][gc,ref       ] GC(455) Skipped phase3 of Reference Processing due to unavailable references
[1310.271s][debug][gc,ref       ] GC(455) Skipped phase4 of Reference Processing due to unavailable references
[1310.271s][debug][gc,age       ] GC(455) Desired survivor size 15368192 bytes, new threshold 6 (max threshold 6)
[1310.271s][info ][gc,heap      ] GC(455) ParNew: 241823K->1628K(270336K)
[1310.271s][info ][gc,heap      ] GC(455) CMS: 304876K->304998K(600768K)
[1310.271s][info ][gc,metaspace ] GC(455) Metaspace: 57350K->57350K(1101824K)
[1310.271s][info ][gc           ] GC(455) Pause Young (Allocation Failure) 533M->299M(850M) 3.187ms
[1310.271s][info ][gc,cpu       ] GC(455) User=0.01s Sys=0.00s Real=0.00s
[1310.271s][info ][safepoint    ] Leaving safepoint region
[1310.271s][info ][safepoint    ] Total time for which application threads were stopped: 0.0033660 seconds, Stopping threads took: 0.0000272 seconds
[1313.718s][info ][safepoint    ] Application time: 3.4469022 seconds
[1313.718s][info ][safepoint    ] Entering safepoint region: GenCollectForAllocation
[1313.718s][info ][gc,start     ] GC(456) Pause Young (Allocation Failure)
[1313.718s][info ][gc,task      ] GC(456) Using 4 workers of 4 for evacuation
[1313.721s][debug][gc,ref       ] GC(456) Skipped phase1 of Reference Processing due to unavailable references
[1313.721s][debug][gc,ref       ] GC(456) Skipped phase2 of Reference Processing due to unavailable references
[1313.721s][debug][gc,ref       ] GC(456) Skipped phase3 of Reference Processing due to unavailable references
[1313.721s][debug][gc,ref       ] GC(456) Skipped phase4 of Reference Processing due to unavailable references
[1313.721s][debug][gc,age       ] GC(456) Desired survivor size 15368192 bytes, new threshold 6 (max threshold 6)
[1313.721s][info ][gc,heap      ] GC(456) ParNew: 241948K->1328K(270336K)
[1313.721s][info ][gc,heap      ] GC(456) CMS: 304998K->305007K(600768K)
[1313.721s][info ][gc,metaspace ] GC(456) Metaspace: 57350K->57350K(1101824K)
[1313.721s][info ][gc           ] GC(456) Pause Young (Allocation Failure) 534M->299M(850M) 2.854ms
[1313.721s][info ][gc,cpu       ] GC(456) User=0.01s Sys=0.00s Real=0.00s
[1313.721s][info ][safepoint    ] Leaving safepoint region
[1313.721s][info ][safepoint    ] Total time for which application threads were stopped: 0.0030218 seconds, Stopping threads took: 0.0000158 seconds
[1317.370s][info ][safepoint    ] Application time: 3.6494806 seconds
[1317.371s][info ][safepoint    ] Entering safepoint region: GenCollectForAllocation
[1317.371s][info ][gc,start     ] GC(457) Pause Young (Allocation Failure)
[1317.371s][info ][gc,task      ] GC(457) Using 4 workers of 4 for evacuation
[1317.374s][debug][gc,ref       ] GC(457) Skipped phase1 of Reference Processing due to unavailable references
[1317.374s][debug][gc,ref       ] GC(457) Skipped phase2 of Reference Processing due to unavailable references
[1317.374s][debug][gc,ref       ] GC(457) Skipped phase3 of Reference Processing due to unavailable references
[1317.374s][debug][gc,ref       ] GC(457) Skipped phase4 of Reference Processing due to unavailable references
[1317.374s][debug][gc,age       ] GC(457) Desired survivor size 15368192 bytes, new threshold 6 (max threshold 6)
[1317.374s][info ][gc,heap      ] GC(457) ParNew: 241648K->1689K(270336K)
[1317.374s][info ][gc,heap      ] GC(457) CMS: 305007K->305208K(600768K)
[1317.374s][info ][gc,metaspace ] GC(457) Metaspace: 57353K->57353K(1101824K)
[1317.374s][info ][gc           ] GC(457) Pause Young (Allocation Failure) 533M->299M(850M) 3.240ms
[1317.374s][info ][gc,cpu       ] GC(457) User=0.01s Sys=0.01s Real=0.01s
[1317.374s][info ][safepoint    ] Leaving safepoint region
[1317.374s][info ][safepoint    ] Total time for which application threads were stopped: 0.0033992 seconds, Stopping threads took: 0.0000146 seconds
[1318.374s][info ][safepoint    ] Application time: 1.0001034 seconds
[1318.374s][info ][safepoint    ] Entering safepoint region: Cleanup
[1318.374s][info ][safepoint    ] Leaving safepoint region
[1318.374s][info ][safepoint    ] Total time for which application threads were stopped: 0.0000807 seconds, Stopping threads took: 0.0000157 seconds
[1319.374s][info ][safepoint    ] Application time: 1.0002784 seconds
[1319.374s][info ][safepoint    ] Entering safepoint region: Cleanup
[1319.375s][info ][safepoint    ] Leaving safepoint region
[1319.375s][info ][safepoint    ] Total time for which application threads were stopped: 0.0000760 seconds, Stopping threads took: 0.0000145 seconds
[1320.375s][info ][safepoint    ] Application time: 1.0000922 seconds
[1320.375s][info ][safepoint    ] Entering safepoint region: Cleanup
[1320.375s][info ][safepoint    ] Leaving safepoint region
[1320.375s][info ][safepoint    ] Total time for which application threads were stopped: 0.0000749 seconds, Stopping threads took: 0.0000141 seconds
[1321.065s][info ][safepoint    ] Application time: 0.6900055 seconds
[1321.065s][info ][safepoint    ] Entering safepoint region: GenCollectForAllocation
[1321.065s][info ][gc,start     ] GC(458) Pause Young (Allocation Failure)
[1321.065s][info ][gc,task      ] GC(458) Using 4 workers of 4 for evacuation
[1321.067s][debug][gc,ref       ] GC(458) Skipped phase1 of Reference Processing due to unavailable references
[1321.067s][debug][gc,ref       ] GC(458) Skipped phase3 of Reference Processing due to unavailable references
[1321.067s][debug][gc,age       ] GC(458) Desired survivor size 15368192 bytes, new threshold 6 (max threshold 6)
[1321.068s][info ][gc,heap      ] GC(458) ParNew: 242009K->1348K(270336K)
[1321.068s][info ][gc,heap      ] GC(458) CMS: 305208K->305236K(600768K)
[1321.068s][info ][gc,metaspace ] GC(458) Metaspace: 57355K->57355K(1101824K)
[1321.068s][info ][gc           ] GC(458) Pause Young (Allocation Failure) 534M->299M(850M) 2.626ms
[1321.068s][info ][gc,cpu       ] GC(458) User=0.01s Sys=0.00s Real=0.01s
[1321.068s][info ][safepoint    ] Leaving safepoint region
[1321.068s][info ][safepoint    ] Total time for which application threads were stopped: 0.0027894 seconds, Stopping threads took: 0.0000336 seconds
[1322.068s][info ][safepoint    ] Application time: 1.0001104 seconds
[1322.068s][info ][safepoint    ] Entering safepoint region: Cleanup
[1322.068s][info ][safepoint    ] Leaving safepoint region
[1322.068s][info ][safepoint    ] Total time for which application threads were stopped: 0.0001789 seconds, Stopping threads took: 0.0001014 seconds
[1323.068s][info ][safepoint    ] Application time: 1.0000949 seconds
[1323.068s][info ][safepoint    ] Entering safepoint region: Cleanup
[1323.068s][info ][safepoint    ] Leaving safepoint region
[1323.068s][info ][safepoint    ] Total time for which application threads were stopped: 0.0001479 seconds, Stopping threads took: 0.0000777 seconds
[1324.068s][info ][safepoint    ] Application time: 1.0001026 seconds
[1324.068s][info ][safepoint    ] Entering safepoint region: Cleanup
[1324.068s][info ][safepoint    ] Leaving safepoint region
[1324.068s][info ][safepoint    ] Total time for which application threads were stopped: 0.0001284 seconds, Stopping threads took: 0.0000642 seconds
[1324.626s][info ][safepoint    ] Application time: 0.5574486 seconds
[1324.626s][info ][safepoint    ] Entering safepoint region: GenCollectForAllocation
[1324.626s][info ][gc,start     ] GC(459) Pause Young (Allocation Failure)
[1324.626s][info ][gc,task      ] GC(459) Using 4 workers of 4 for evacuation
[1324.629s][debug][gc,ref       ] GC(459) Skipped phase1 of Reference Processing due to unavailable references
[1324.629s][debug][gc,ref       ] GC(459) Skipped phase3 of Reference Processing due to unavailable references
[1324.629s][debug][gc,ref       ] GC(459) Skipped phase4 of Reference Processing due to unavailable references
[1324.629s][debug][gc,age       ] GC(459) Desired survivor size 15368192 bytes, new threshold 6 (max threshold 6)
[1324.629s][info ][gc,heap      ] GC(459) ParNew: 241668K->1602K(270336K)
[1324.629s][info ][gc,heap      ] GC(459) CMS: 305236K->305258K(600768K)
[1324.629s][info ][gc,metaspace ] GC(459) Metaspace: 57355K->57355K(1101824K)
[1324.629s][info ][gc           ] GC(459) Pause Young (Allocation Failure) 534M->299M(850M) 2.704ms
[1324.629s][info ][gc,cpu       ] GC(459) User=0.01s Sys=0.00s Real=0.00s
[1324.629s][info ][safepoint    ] Leaving safepoint region
[1324.629s][info ][safepoint    ] Total time for which application threads were stopped: 0.0028479 seconds, Stopping threads took: 0.0000162 seconds
[1325.629s][info ][safepoint    ] Application time: 1.0000928 seconds
[1325.629s][info ][safepoint    ] Entering safepoint region: Cleanup
[1325.629s][info ][safepoint    ] Leaving safepoint region
[1325.629s][info ][safepoint    ] Total time for which application threads were stopped: 0.0000804 seconds, Stopping threads took: 0.0000150 seconds
[1326.629s][info ][safepoint    ] Application time: 1.0001016 seconds
[1326.629s][info ][safepoint    ] Entering safepoint region: Cleanup
[1326.629s][info ][safepoint    ] Leaving safepoint region
[1326.629s][info ][safepoint    ] Total time for which application threads were stopped: 0.0000747 seconds, Stopping threads took: 0.0000155 seconds
[1327.629s][info ][safepoint    ] Application time: 1.0000938 seconds
[1327.629s][info ][safepoint    ] Entering safepoint region: Cleanup
[1327.629s][info ][safepoint    ] Leaving safepoint region
[1327.629s][info ][safepoint    ] Total time for which application threads were stopped: 0.0000813 seconds, Stopping threads took: 0.0000261 seconds
[1328.186s][info ][safepoint    ] Application time: 0.5565824 seconds
[1328.186s][info ][safepoint    ] Entering safepoint region: GenCollectForAllocation
[1328.186s][info ][gc,start     ] GC(460) Pause Young (Allocation Failure)
[1328.186s][info ][gc,task      ] GC(460) Using 4 workers of 4 for evacuation
[1328.190s][debug][gc,ref       ] GC(460) Skipped phase1 of Reference Processing due to unavailable references
[1328.190s][debug][gc,ref       ] GC(460) Skipped phase3 of Reference Processing due to unavailable references
[1328.190s][debug][gc,ref       ] GC(460) Skipped phase4 of Reference Processing due to unavailable references
[1328.190s][debug][gc,age       ] GC(460) Desired survivor size 15368192 bytes, new threshold 6 (max threshold 6)
[1328.190s][info ][gc,heap      ] GC(460) ParNew: 241916K->1642K(270336K)
[1328.190s][info ][gc,heap      ] GC(460) CMS: 305258K->305504K(600768K)
[1328.190s][info ][gc,metaspace ] GC(460) Metaspace: 57366K->57366K(1101824K)
[1328.190s][info ][gc           ] GC(460) Pause Young (Allocation Failure) 534M->299M(850M) 4.324ms
[1328.190s][info ][gc,cpu       ] GC(460) User=0.01s Sys=0.00s Real=0.00s
[1328.191s][info ][safepoint    ] Leaving safepoint region
[1328.191s][info ][safepoint    ] Total time for which application threads were stopped: 0.0044800 seconds, Stopping threads took: 0.0000135 seconds
[1329.191s][info ][safepoint    ] Application time: 1.0001975 seconds
[1329.191s][info ][safepoint    ] Entering safepoint region: Cleanup
[1329.191s][info ][safepoint    ] Leaving safepoint region
[1329.191s][info ][safepoint    ] Total time for which application threads were stopped: 0.0000915 seconds, Stopping threads took: 0.0000176 seconds
[1330.191s][info ][safepoint    ] Application time: 1.0000982 seconds
[1330.191s][info ][safepoint    ] Entering safepoint region: Cleanup
[1330.191s][info ][safepoint    ] Leaving safepoint region
[1330.191s][info ][safepoint    ] Total time for which application threads were stopped: 0.0000743 seconds, Stopping threads took: 0.0000158 seconds
[1331.191s][info ][safepoint    ] Application time: 1.0001085 seconds
[1331.191s][info ][safepoint    ] Entering safepoint region: Cleanup
[1331.191s][info ][safepoint    ] Leaving safepoint region
[1331.191s][info ][safepoint    ] Total time for which application threads were stopped: 0.0000781 seconds, Stopping threads took: 0.0000173 seconds
[1331.769s][info ][safepoint    ] Application time: 0.5781971 seconds
[1331.770s][info ][safepoint    ] Entering safepoint region: GenCollectForAllocation
[1331.770s][info ][gc,start     ] GC(461) Pause Young (Allocation Failure)
[1331.770s][info ][gc,task      ] GC(461) Using 4 workers of 4 for evacuation
[1331.772s][debug][gc,ref       ] GC(461) Skipped phase1 of Reference Processing due to unavailable references
[1331.772s][debug][gc,ref       ] GC(461) Skipped phase3 of Reference Processing due to unavailable references
[1331.772s][debug][gc,ref       ] GC(461) Skipped phase4 of Reference Processing due to unavailable references
[1331.772s][debug][gc,age       ] GC(461) Desired survivor size 15368192 bytes, new threshold 6 (max threshold 6)
[1331.772s][info ][gc,heap      ] GC(461) ParNew: 241962K->1460K(270336K)
[1331.772s][info ][gc,heap      ] GC(461) CMS: 305504K->305724K(600768K)
[1331.772s][info ][gc,metaspace ] GC(461) Metaspace: 57366K->57366K(1101824K)
[1331.772s][info ][gc           ] GC(461) Pause Young (Allocation Failure) 534M->299M(850M) 2.771ms
[1331.772s][info ][gc,cpu       ] GC(461) User=0.01s Sys=0.00s Real=0.00s
[1331.772s][info ][safepoint    ] Leaving safepoint region
[1331.772s][info ][safepoint    ] Total time for which application threads were stopped: 0.0029190 seconds, Stopping threads took: 0.0000149 seconds
[1332.773s][info ][safepoint    ] Application time: 1.0002181 seconds
[1332.773s][info ][safepoint    ] Entering safepoint region: Cleanup
[1332.773s][info ][safepoint    ] Leaving safepoint region
[1332.773s][info ][safepoint    ] Total time for which application threads were stopped: 0.0001407 seconds, Stopping threads took: 0.0000735 seconds
[1333.773s][info ][safepoint    ] Application time: 1.0000890 seconds
[1333.773s][info ][safepoint    ] Entering safepoint region: Cleanup
[1333.773s][info ][safepoint    ] Leaving safepoint region
[1333.773s][info ][safepoint    ] Total time for which application threads were stopped: 0.0001329 seconds, Stopping threads took: 0.0000664 seconds
[1334.773s][info ][safepoint    ] Application time: 1.0000995 seconds
[1334.773s][info ][safepoint    ] Entering safepoint region: Cleanup
[1334.773s][info ][safepoint    ] Leaving safepoint region
[1334.773s][info ][safepoint    ] Total time for which application threads were stopped: 0.0001372 seconds, Stopping threads took: 0.0000685 seconds
[1335.474s][info ][safepoint    ] Application time: 0.7003110 seconds
[1335.474s][info ][safepoint    ] Entering safepoint region: GenCollectForAllocation
[1335.474s][info ][gc,start     ] GC(462) Pause Young (Allocation Failure)
[1335.474s][info ][gc,task      ] GC(462) Using 4 workers of 4 for evacuation
[1335.476s][debug][gc,ref       ] GC(462) Skipped phase1 of Reference Processing due to unavailable references
[1335.476s][debug][gc,ref       ] GC(462) Skipped phase3 of Reference Processing due to unavailable references
[1335.476s][debug][gc,ref       ] GC(462) Skipped phase4 of Reference Processing due to unavailable references
[1335.476s][debug][gc,age       ] GC(462) Desired survivor size 15368192 bytes, new threshold 6 (max threshold 6)
[1335.476s][info ][gc,heap      ] GC(462) ParNew: 241780K->1514K(270336K)
[1335.476s][info ][gc,heap      ] GC(462) CMS: 305724K->305739K(600768K)
[1335.476s][info ][gc,metaspace ] GC(462) Metaspace: 57366K->57366K(1101824K)
[1335.476s][info ][gc           ] GC(462) Pause Young (Allocation Failure) 534M->300M(850M) 2.423ms
[1335.476s][info ][gc,cpu       ] GC(462) User=0.01s Sys=0.00s Real=0.00s
[1335.476s][info ][safepoint    ] Leaving safepoint region
[1335.476s][info ][safepoint    ] Total time for which application threads were stopped: 0.0026129 seconds, Stopping threads took: 0.0000422 seconds
[1336.476s][info ][safepoint    ] Application time: 1.0001040 seconds
[1336.476s][info ][safepoint    ] Entering safepoint region: Cleanup
[1336.477s][info ][safepoint    ] Leaving safepoint region
[1336.477s][info ][safepoint    ] Total time for which application threads were stopped: 0.0000689 seconds, Stopping threads took: 0.0000139 seconds
[1337.477s][info ][safepoint    ] Application time: 1.0000955 seconds
[1337.477s][info ][safepoint    ] Entering safepoint region: Cleanup
[1337.477s][info ][safepoint    ] Leaving safepoint region
[1337.477s][info ][safepoint    ] Total time for which application threads were stopped: 0.0000657 seconds, Stopping threads took: 0.0000139 seconds
[1338.477s][info ][safepoint    ] Application time: 1.0000903 seconds
[1338.477s][info ][safepoint    ] Entering safepoint region: Cleanup
[1338.477s][info ][safepoint    ] Leaving safepoint region
[1338.477s][info ][safepoint    ] Total time for which application threads were stopped: 0.0000779 seconds, Stopping threads took: 0.0000222 seconds
[1339.115s][info ][safepoint    ] Application time: 0.6383392 seconds
[1339.115s][info ][safepoint    ] Entering safepoint region: GenCollectForAllocation
[1339.115s][info ][gc,start     ] GC(463) Pause Young (Allocation Failure)
[1339.115s][info ][gc,task      ] GC(463) Using 4 workers of 4 for evacuation
[1339.118s][debug][gc,ref       ] GC(463) Skipped phase1 of Reference Processing due to unavailable references
[1339.118s][debug][gc,ref       ] GC(463) Skipped phase3 of Reference Processing due to unavailable references
[1339.118s][debug][gc,ref       ] GC(463) Skipped phase4 of Reference Processing due to unavailable references
[1339.118s][debug][gc,age       ] GC(463) Desired survivor size 15368192 bytes, new threshold 6 (max threshold 6)
[1339.118s][info ][gc,heap      ] GC(463) ParNew: 241834K->1254K(270336K)
[1339.118s][info ][gc,heap      ] GC(463) CMS: 305739K->305857K(600768K)
[1339.118s][info ][gc,metaspace ] GC(463) Metaspace: 57366K->57366K(1101824K)
[1339.119s][info ][gc           ] GC(463) Pause Young (Allocation Failure) 534M->299M(850M) 3.034ms
[1339.119s][info ][gc,cpu       ] GC(463) User=0.01s Sys=0.00s Real=0.00s
[1339.119s][info ][safepoint    ] Leaving safepoint region
[1339.119s][info ][safepoint    ] Total time for which application threads were stopped: 0.0031901 seconds, Stopping threads took: 0.0000140 seconds
[1340.119s][info ][safepoint    ] Application time: 1.0000956 seconds
[1340.119s][info ][safepoint    ] Entering safepoint region: Cleanup
[1340.119s][info ][safepoint    ] Leaving safepoint region
[1340.119s][info ][safepoint    ] Total time for which application threads were stopped: 0.0001444 seconds, Stopping threads took: 0.0000698 seconds
[1341.119s][info ][safepoint    ] Application time: 1.0000944 seconds
[1341.119s][info ][safepoint    ] Entering safepoint region: Cleanup
[1341.119s][info ][safepoint    ] Leaving safepoint region
[1341.119s][info ][safepoint    ] Total time for which application threads were stopped: 0.0001515 seconds, Stopping threads took: 0.0000810 seconds
[1342.119s][info ][safepoint    ] Application time: 1.0000990 seconds
[1342.119s][info ][safepoint    ] Entering safepoint region: Cleanup
[1342.119s][info ][safepoint    ] Leaving safepoint region
[1342.119s][info ][safepoint    ] Total time for which application threads were stopped: 0.0001110 seconds, Stopping threads took: 0.0000520 seconds
[1342.722s][info ][safepoint    ] Application time: 0.6022464 seconds
[1342.722s][info ][safepoint    ] Entering safepoint region: GenCollectForAllocation
[1342.722s][info ][gc,start     ] GC(464) Pause Young (Allocation Failure)
[1342.722s][info ][gc,task      ] GC(464) Using 4 workers of 4 for evacuation
[1342.724s][debug][gc,ref       ] GC(464) Skipped phase1 of Reference Processing due to unavailable references
[1342.724s][debug][gc,ref       ] GC(464) Skipped phase2 of Reference Processing due to unavailable references
[1342.724s][debug][gc,ref       ] GC(464) Skipped phase3 of Reference Processing due to unavailable references
[1342.724s][debug][gc,ref       ] GC(464) Skipped phase4 of Reference Processing due to unavailable references
[1342.724s][debug][gc,age       ] GC(464) Desired survivor size 15368192 bytes, new threshold 6 (max threshold 6)
[1342.724s][info ][gc,heap      ] GC(464) ParNew: 241574K->1832K(270336K)
[1342.725s][info ][gc,heap      ] GC(464) CMS: 305857K->305876K(600768K)
[1342.725s][info ][gc,metaspace ] GC(464) Metaspace: 57366K->57366K(1101824K)
[1342.725s][info ][gc           ] GC(464) Pause Young (Allocation Failure) 534M->300M(850M) 2.741ms
[1342.725s][info ][gc,cpu       ] GC(464) User=0.00s Sys=0.01s Real=0.00s
[1342.725s][info ][safepoint    ] Leaving safepoint region
[1342.725s][info ][safepoint    ] Total time for which application threads were stopped: 0.0028976 seconds, Stopping threads took: 0.0000145 seconds
[1343.725s][info ][safepoint    ] Application time: 1.0000964 seconds
[1343.725s][info ][safepoint    ] Entering safepoint region: Cleanup
[1343.725s][info ][safepoint    ] Leaving safepoint region
[1343.725s][info ][safepoint    ] Total time for which application threads were stopped: 0.0000707 seconds, Stopping threads took: 0.0000148 seconds
[1344.725s][info ][safepoint    ] Application time: 1.0000667 seconds
[1344.725s][info ][safepoint    ] Entering safepoint region: Cleanup
[1344.725s][info ][safepoint    ] Leaving safepoint region
[1344.725s][info ][safepoint    ] Total time for which application threads were stopped: 0.0000653 seconds, Stopping threads took: 0.0000148 seconds
[1345.725s][info ][safepoint    ] Application time: 1.0000936 seconds
[1345.725s][info ][safepoint    ] Entering safepoint region: Cleanup
[1345.725s][info ][safepoint    ] Leaving safepoint region
[1345.725s][info ][safepoint    ] Total time for which application threads were stopped: 0.0000675 seconds, Stopping threads took: 0.0000148 seconds
[1346.516s][info ][safepoint    ] Application time: 0.7906576 seconds
[1346.516s][info ][safepoint    ] Entering safepoint region: GenCollectForAllocation
[1346.516s][info ][gc,start     ] GC(465) Pause Young (Allocation Failure)
[1346.516s][info ][gc,task      ] GC(465) Using 4 workers of 4 for evacuation
[1346.518s][debug][gc,ref       ] GC(465) Skipped phase1 of Reference Processing due to unavailable references
[1346.519s][debug][gc,ref       ] GC(465) Skipped phase2 of Reference Processing due to unavailable references
[1346.519s][debug][gc,ref       ] GC(465) Skipped phase3 of Reference Processing due to unavailable references
[1346.519s][debug][gc,ref       ] GC(465) Skipped phase4 of Reference Processing due to unavailable references
[1346.519s][debug][gc,age       ] GC(465) Desired survivor size 15368192 bytes, new threshold 6 (max threshold 6)
[1346.519s][info ][gc,heap      ] GC(465) ParNew: 242152K->1343K(270336K)
[1346.519s][info ][gc,heap      ] GC(465) CMS: 305876K->305947K(600768K)
[1346.519s][info ][gc,metaspace ] GC(465) Metaspace: 57366K->57366K(1101824K)
[1346.519s][info ][gc           ] GC(465) Pause Young (Allocation Failure) 535M->300M(850M) 2.793ms
[1346.519s][info ][gc,cpu       ] GC(465) User=0.01s Sys=0.00s Real=0.00s
[1346.519s][info ][safepoint    ] Leaving safepoint region
[1346.519s][info ][safepoint    ] Total time for which application threads were stopped: 0.0029506 seconds, Stopping threads took: 0.0000146 seconds
[1347.519s][info ][safepoint    ] Application time: 1.0001002 seconds
[1347.519s][info ][safepoint    ] Entering safepoint region: Cleanup
[1347.519s][info ][safepoint    ] Leaving safepoint region
[1347.519s][info ][safepoint    ] Total time for which application threads were stopped: 0.0001281 seconds, Stopping threads took: 0.0000598 seconds
[1348.519s][info ][safepoint    ] Application time: 1.0000917 seconds
[1348.519s][info ][safepoint    ] Entering safepoint region: Cleanup
[1348.519s][info ][safepoint    ] Leaving safepoint region
[1348.519s][info ][safepoint    ] Total time for which application threads were stopped: 0.0001294 seconds, Stopping threads took: 0.0000639 seconds
[1349.519s][info ][safepoint    ] Application time: 1.0000919 seconds
[1349.520s][info ][safepoint    ] Entering safepoint region: Cleanup
[1349.520s][info ][safepoint    ] Leaving safepoint region
[1349.520s][info ][safepoint    ] Total time for which application threads were stopped: 0.0001489 seconds, Stopping threads took: 0.0000724 seconds
[1350.361s][info ][safepoint    ] Application time: 0.8417278 seconds
[1350.361s][info ][safepoint    ] Entering safepoint region: GenCollectForAllocation
[1350.361s][info ][gc,start     ] GC(466) Pause Young (Allocation Failure)
[1350.362s][info ][gc,task      ] GC(466) Using 4 workers of 4 for evacuation
[1350.364s][debug][gc,ref       ] GC(466) Skipped phase1 of Reference Processing due to unavailable references
[1350.364s][debug][gc,ref       ] GC(466) Skipped phase2 of Reference Processing due to unavailable references
[1350.364s][debug][gc,ref       ] GC(466) Skipped phase3 of Reference Processing due to unavailable references
[1350.364s][debug][gc,ref       ] GC(466) Skipped phase4 of Reference Processing due to unavailable references
[1350.364s][debug][gc,age       ] GC(466) Desired survivor size 15368192 bytes, new threshold 6 (max threshold 6)
[1350.365s][info ][gc,heap      ] GC(466) ParNew: 241663K->1328K(270336K)
[1350.365s][info ][gc,heap      ] GC(466) CMS: 305947K->306256K(600768K)
[1350.365s][info ][gc,metaspace ] GC(466) Metaspace: 57367K->57367K(1101824K)
[1350.365s][info ][gc           ] GC(466) Pause Young (Allocation Failure) 534M->300M(850M) 3.038ms
[1350.365s][info ][gc,cpu       ] GC(466) User=0.01s Sys=0.00s Real=0.00s
[1350.365s][info ][safepoint    ] Leaving safepoint region
[1350.365s][info ][safepoint    ] Total time for which application threads were stopped: 0.0032097 seconds, Stopping threads took: 0.0000142 seconds
[1351.365s][info ][safepoint    ] Application time: 1.0001504 seconds
[1351.365s][info ][safepoint    ] Entering safepoint region: Cleanup
[1351.365s][info ][safepoint    ] Leaving safepoint region
[1351.365s][info ][safepoint    ] Total time for which application threads were stopped: 0.0001175 seconds, Stopping threads took: 0.0000515 seconds
[1352.365s][info ][safepoint    ] Application time: 1.0000871 seconds
[1352.365s][info ][safepoint    ] Entering safepoint region: Cleanup
[1352.365s][info ][safepoint    ] Leaving safepoint region
[1352.365s][info ][safepoint    ] Total time for which application threads were stopped: 0.0001413 seconds, Stopping threads took: 0.0000774 seconds
[1353.365s][info ][safepoint    ] Application time: 1.0000998 seconds
[1353.365s][info ][safepoint    ] Entering safepoint region: Cleanup
[1353.365s][info ][safepoint    ] Leaving safepoint region
[1353.365s][info ][safepoint    ] Total time for which application threads were stopped: 0.0001486 seconds, Stopping threads took: 0.0000611 seconds
[1353.873s][info ][safepoint    ] Application time: 0.5074695 seconds
[1353.873s][info ][safepoint    ] Entering safepoint region: GenCollectForAllocation
[1353.873s][info ][gc,start     ] GC(467) Pause Young (Allocation Failure)
[1353.873s][info ][gc,task      ] GC(467) Using 4 workers of 4 for evacuation
[1353.876s][debug][gc,ref       ] GC(467) Skipped phase1 of Reference Processing due to unavailable references
[1353.876s][debug][gc,ref       ] GC(467) Skipped phase2 of Reference Processing due to unavailable references
[1353.876s][debug][gc,ref       ] GC(467) Skipped phase3 of Reference Processing due to unavailable references
[1353.876s][debug][gc,ref       ] GC(467) Skipped phase4 of Reference Processing due to unavailable references
[1353.876s][debug][gc,age       ] GC(467) Desired survivor size 15368192 bytes, new threshold 6 (max threshold 6)
[1353.876s][info ][gc,heap      ] GC(467) ParNew: 241648K->1475K(270336K)
[1353.876s][info ][gc,heap      ] GC(467) CMS: 306256K->306299K(600768K)
[1353.876s][info ][gc,metaspace ] GC(467) Metaspace: 57368K->57368K(1101824K)
[1353.876s][info ][gc           ] GC(467) Pause Young (Allocation Failure) 535M->300M(850M) 2.766ms
[1353.876s][info ][gc,cpu       ] GC(467) User=0.01s Sys=0.00s Real=0.01s
[1353.876s][info ][safepoint    ] Leaving safepoint region
[1353.876s][info ][safepoint    ] Total time for which application threads were stopped: 0.0029147 seconds, Stopping threads took: 0.0000149 seconds
[1354.876s][info ][safepoint    ] Application time: 1.0000983 seconds
[1354.876s][info ][safepoint    ] Entering safepoint region: Cleanup
[1354.876s][info ][safepoint    ] Leaving safepoint region
[1354.876s][info ][safepoint    ] Total time for which application threads were stopped: 0.0000696 seconds, Stopping threads took: 0.0000147 seconds
[1355.876s][info ][safepoint    ] Application time: 1.0000871 seconds
[1355.876s][info ][safepoint    ] Entering safepoint region: Cleanup
[1355.876s][info ][safepoint    ] Leaving safepoint region
[1355.876s][info ][safepoint    ] Total time for which application threads were stopped: 0.0000719 seconds, Stopping threads took: 0.0000161 seconds
[1356.876s][info ][safepoint    ] Application time: 1.0000859 seconds
[1356.877s][info ][safepoint    ] Entering safepoint region: Cleanup
[1356.877s][info ][safepoint    ] Leaving safepoint region
[1356.877s][info ][safepoint    ] Total time for which application threads were stopped: 0.0001408 seconds, Stopping threads took: 0.0000707 seconds
[1357.471s][info ][safepoint    ] Application time: 0.5946061 seconds
[1357.471s][info ][safepoint    ] Entering safepoint region: GenCollectForAllocation
[1357.471s][info ][gc,start     ] GC(468) Pause Young (Allocation Failure)
[1357.471s][info ][gc,task      ] GC(468) Using 4 workers of 4 for evacuation
[1357.475s][debug][gc,ref       ] GC(468) Skipped phase1 of Reference Processing due to unavailable references
[1357.475s][debug][gc,ref       ] GC(468) Skipped phase2 of Reference Processing due to unavailable references
[1357.475s][debug][gc,ref       ] GC(468) Skipped phase3 of Reference Processing due to unavailable references
[1357.475s][debug][gc,ref       ] GC(468) Skipped phase4 of Reference Processing due to unavailable references
[1357.475s][debug][gc,age       ] GC(468) Desired survivor size 15368192 bytes, new threshold 6 (max threshold 6)
[1357.475s][info ][gc,heap      ] GC(468) ParNew: 241795K->1433K(270336K)
[1357.475s][info ][gc,heap      ] GC(468) CMS: 306299K->306432K(600768K)
[1357.475s][info ][gc,metaspace ] GC(468) Metaspace: 57368K->57368K(1101824K)
[1357.475s][info ][gc           ] GC(468) Pause Young (Allocation Failure) 535M->300M(850M) 3.369ms
[1357.475s][info ][gc,cpu       ] GC(468) User=0.01s Sys=0.00s Real=0.01s
[1357.475s][info ][safepoint    ] Leaving safepoint region
[1357.475s][info ][safepoint    ] Total time for which application threads were stopped: 0.0035983 seconds, Stopping threads took: 0.0000142 seconds
[1358.475s][info ][safepoint    ] Application time: 1.0000902 seconds
[1358.475s][info ][safepoint    ] Entering safepoint region: Cleanup
[1358.475s][info ][safepoint    ] Leaving safepoint region
[1358.475s][info ][safepoint    ] Total time for which application threads were stopped: 0.0001620 seconds, Stopping threads took: 0.0000727 seconds
[1359.475s][info ][safepoint    ] Application time: 1.0001018 seconds
[1359.475s][info ][safepoint    ] Entering safepoint region: Cleanup
[1359.475s][info ][safepoint    ] Leaving safepoint region
[1359.475s][info ][safepoint    ] Total time for which application threads were stopped: 0.0000775 seconds, Stopping threads took: 0.0000157 seconds
[1360.475s][info ][safepoint    ] Application time: 1.0000896 seconds
[1360.476s][info ][safepoint    ] Entering safepoint region: Cleanup
[1360.476s][info ][safepoint    ] Leaving safepoint region
[1360.476s][info ][safepoint    ] Total time for which application threads were stopped: 0.0000709 seconds, Stopping threads took: 0.0000161 seconds
[1360.776s][info ][safepoint    ] Application time: 0.3005919 seconds
[1360.776s][info ][safepoint    ] Entering safepoint region: GenCollectForAllocation
[1360.776s][info ][gc,start     ] GC(469) Pause Young (Allocation Failure)
[1360.776s][info ][gc,task      ] GC(469) Using 4 workers of 4 for evacuation
[1360.779s][debug][gc,ref       ] GC(469) Skipped phase1 of Reference Processing due to unavailable references
[1360.780s][debug][gc,ref       ] GC(469) Skipped phase3 of Reference Processing due to unavailable references
[1360.780s][debug][gc,age       ] GC(469) Desired survivor size 15368192 bytes, new threshold 6 (max threshold 6)
[1360.780s][info ][gc,heap      ] GC(469) ParNew: 241753K->2027K(270336K)
[1360.780s][info ][gc,heap      ] GC(469) CMS: 306432K->306553K(600768K)
[1360.780s][info ][gc,metaspace ] GC(469) Metaspace: 57376K->57376K(1101824K)
[1360.780s][info ][gc           ] GC(469) Pause Young (Allocation Failure) 535M->301M(850M) 3.383ms
[1360.780s][info ][gc,cpu       ] GC(469) User=0.01s Sys=0.00s Real=0.00s
[1360.780s][info ][safepoint    ] Leaving safepoint region
[1360.780s][info ][safepoint    ] Total time for which application threads were stopped: 0.0035324 seconds, Stopping threads took: 0.0000150 seconds
[1361.780s][info ][safepoint    ] Application time: 1.0000863 seconds
[1361.780s][info ][safepoint    ] Entering safepoint region: Cleanup
[1361.780s][info ][safepoint    ] Leaving safepoint region
[1361.780s][info ][safepoint    ] Total time for which application threads were stopped: 0.0000978 seconds, Stopping threads took: 0.0000403 seconds
[1362.780s][info ][safepoint    ] Application time: 1.0000965 seconds
[1362.780s][info ][safepoint    ] Entering safepoint region: Cleanup
[1362.780s][info ][safepoint    ] Leaving safepoint region
[1362.780s][info ][safepoint    ] Total time for which application threads were stopped: 0.0000689 seconds, Stopping threads took: 0.0000153 seconds
[1363.780s][info ][safepoint    ] Application time: 1.0001568 seconds
[1363.780s][info ][safepoint    ] Entering safepoint region: Cleanup
[1363.780s][info ][safepoint    ] Leaving safepoint region
[1363.780s][info ][safepoint    ] Total time for which application threads were stopped: 0.0000849 seconds, Stopping threads took: 0.0000168 seconds
[1363.974s][info ][safepoint    ] Application time: 0.1931951 seconds
[1363.974s][info ][safepoint    ] Entering safepoint region: GenCollectForAllocation
[1363.974s][info ][gc,start     ] GC(470) Pause Young (Allocation Failure)
[1363.974s][info ][gc,task      ] GC(470) Using 4 workers of 4 for evacuation
[1363.977s][debug][gc,ref       ] GC(470) Skipped phase1 of Reference Processing due to unavailable references
[1363.977s][debug][gc,ref       ] GC(470) Skipped phase3 of Reference Processing due to unavailable references
[1363.977s][debug][gc,ref       ] GC(470) Skipped phase4 of Reference Processing due to unavailable references
[1363.977s][debug][gc,age       ] GC(470) Desired survivor size 15368192 bytes, new threshold 6 (max threshold 6)
[1363.977s][info ][gc,heap      ] GC(470) ParNew: 242347K->1683K(270336K)
[1363.977s][info ][gc,heap      ] GC(470) CMS: 306553K->306716K(600768K)
[1363.977s][info ][gc,metaspace ] GC(470) Metaspace: 57388K->57388K(1101824K)
[1363.977s][info ][gc           ] GC(470) Pause Young (Allocation Failure) 536M->301M(850M) 3.239ms
[1363.977s][info ][gc,cpu       ] GC(470) User=0.01s Sys=0.00s Real=0.00s
[1363.977s][info ][safepoint    ] Leaving safepoint region
[1363.977s][info ][safepoint    ] Total time for which application threads were stopped: 0.0034007 seconds, Stopping threads took: 0.0000165 seconds
[1364.983s][info ][safepoint    ] Application time: 1.0057856 seconds
[1364.983s][info ][safepoint    ] Entering safepoint region: Cleanup
[1364.983s][info ][safepoint    ] Leaving safepoint region
[1364.983s][info ][safepoint    ] Total time for which application threads were stopped: 0.0000813 seconds, Stopping threads took: 0.0000277 seconds
[1365.983s][info ][safepoint    ] Application time: 1.0000958 seconds
[1365.983s][info ][safepoint    ] Entering safepoint region: Cleanup
[1365.983s][info ][safepoint    ] Leaving safepoint region
[1365.983s][info ][safepoint    ] Total time for which application threads were stopped: 0.0001674 seconds, Stopping threads took: 0.0000979 seconds
[1366.983s][info ][safepoint    ] Application time: 1.0000687 seconds
[1366.983s][info ][safepoint    ] Entering safepoint region: Cleanup
[1366.984s][info ][safepoint    ] Leaving safepoint region
[1366.984s][info ][safepoint    ] Total time for which application threads were stopped: 0.0000826 seconds, Stopping threads took: 0.0000157 seconds
[1367.467s][info ][safepoint    ] Application time: 0.4830373 seconds
[1367.467s][info ][safepoint    ] Entering safepoint region: GenCollectForAllocation
[1367.467s][info ][gc,start     ] GC(471) Pause Young (Allocation Failure)
[1367.467s][info ][gc,task      ] GC(471) Using 4 workers of 4 for evacuation
[1367.470s][debug][gc,ref       ] GC(471) Skipped phase1 of Reference Processing due to unavailable references
[1367.470s][debug][gc,ref       ] GC(471) Skipped phase3 of Reference Processing due to unavailable references
[1367.470s][debug][gc,ref       ] GC(471) Skipped phase4 of Reference Processing due to unavailable references
[1367.470s][debug][gc,age       ] GC(471) Desired survivor size 15368192 bytes, new threshold 6 (max threshold 6)
[1367.470s][info ][gc,heap      ] GC(471) ParNew: 242003K->1851K(270336K)
[1367.470s][info ][gc,heap      ] GC(471) CMS: 306716K->306740K(600768K)
[1367.470s][info ][gc,metaspace ] GC(471) Metaspace: 57389K->57389K(1101824K)
[1367.470s][info ][gc           ] GC(471) Pause Young (Allocation Failure) 535M->301M(850M) 3.542ms
[1367.470s][info ][gc,cpu       ] GC(471) User=0.01s Sys=0.00s Real=0.00s
[1367.470s][info ][safepoint    ] Leaving safepoint region
[1367.470s][info ][safepoint    ] Total time for which application threads were stopped: 0.0036821 seconds, Stopping threads took: 0.0000146 seconds
[1368.471s][info ][safepoint    ] Application time: 1.0002600 seconds
[1368.471s][info ][safepoint    ] Entering safepoint region: Cleanup
[1368.471s][info ][safepoint    ] Leaving safepoint region
[1368.471s][info ][safepoint    ] Total time for which application threads were stopped: 0.0001525 seconds, Stopping threads took: 0.0000807 seconds
[1369.471s][info ][safepoint    ] Application time: 1.0000930 seconds
[1369.471s][info ][safepoint    ] Entering safepoint region: Cleanup
[1369.471s][info ][safepoint    ] Leaving safepoint region
[1369.471s][info ][safepoint    ] Total time for which application threads were stopped: 0.0001288 seconds, Stopping threads took: 0.0000655 seconds
[1370.471s][info ][safepoint    ] Application time: 1.0000973 seconds
[1370.471s][info ][safepoint    ] Entering safepoint region: Cleanup
[1370.471s][info ][safepoint    ] Leaving safepoint region
[1370.471s][info ][safepoint    ] Total time for which application threads were stopped: 0.0001792 seconds, Stopping threads took: 0.0001122 seconds
[1371.168s][info ][safepoint    ] Application time: 0.6967474 seconds
[1371.168s][info ][safepoint    ] Entering safepoint region: GenCollectForAllocation
[1371.168s][info ][gc,start     ] GC(472) Pause Young (Allocation Failure)
[1371.168s][info ][gc,task      ] GC(472) Using 4 workers of 4 for evacuation
[1371.171s][debug][gc,ref       ] GC(472) Skipped phase1 of Reference Processing due to unavailable references
[1371.171s][debug][gc,ref       ] GC(472) Skipped phase3 of Reference Processing due to unavailable references
[1371.171s][debug][gc,ref       ] GC(472) Skipped phase4 of Reference Processing due to unavailable references
[1371.172s][debug][gc,age       ] GC(472) Desired survivor size 15368192 bytes, new threshold 6 (max threshold 6)
[1371.172s][info ][gc,heap      ] GC(472) ParNew: 242171K->1908K(270336K)
[1371.172s][info ][gc,heap      ] GC(472) CMS: 306740K->306946K(600768K)
[1371.172s][info ][gc,metaspace ] GC(472) Metaspace: 57390K->57390K(1101824K)
[1371.172s][info ][gc           ] GC(472) Pause Young (Allocation Failure) 536M->301M(850M) 3.338ms
[1371.172s][info ][gc,cpu       ] GC(472) User=0.02s Sys=0.00s Real=0.00s
[1371.172s][info ][safepoint    ] Leaving safepoint region
[1371.172s][info ][safepoint    ] Total time for which application threads were stopped: 0.0034728 seconds, Stopping threads took: 0.0000124 seconds
[1372.172s][info ][safepoint    ] Application time: 1.0000958 seconds
[1372.172s][info ][safepoint    ] Entering safepoint region: Cleanup
[1372.172s][info ][safepoint    ] Leaving safepoint region
[1372.172s][info ][safepoint    ] Total time for which application threads were stopped: 0.0001408 seconds, Stopping threads took: 0.0000710 seconds
[1373.172s][info ][safepoint    ] Application time: 1.0000878 seconds
[1373.172s][info ][safepoint    ] Entering safepoint region: Cleanup
[1373.172s][info ][safepoint    ] Leaving safepoint region
[1373.172s][info ][safepoint    ] Total time for which application threads were stopped: 0.0001323 seconds, Stopping threads took: 0.0000647 seconds
[1374.172s][info ][safepoint    ] Application time: 1.0001679 seconds
[1374.172s][info ][safepoint    ] Entering safepoint region: Cleanup
[1374.173s][info ][safepoint    ] Leaving safepoint region
[1374.173s][info ][safepoint    ] Total time for which application threads were stopped: 0.0001371 seconds, Stopping threads took: 0.0000670 seconds
[1375.015s][info ][safepoint    ] Application time: 0.8422076 seconds
[1375.015s][info ][safepoint    ] Entering safepoint region: GenCollectForAllocation
[1375.015s][info ][gc,start     ] GC(473) Pause Young (Allocation Failure)
[1375.015s][info ][gc,task      ] GC(473) Using 4 workers of 4 for evacuation
[1375.018s][debug][gc,ref       ] GC(473) Skipped phase1 of Reference Processing due to unavailable references
[1375.018s][debug][gc,ref       ] GC(473) Skipped phase3 of Reference Processing due to unavailable references
[1375.018s][debug][gc,ref       ] GC(473) Skipped phase4 of Reference Processing due to unavailable references
[1375.018s][debug][gc,age       ] GC(473) Desired survivor size 15368192 bytes, new threshold 6 (max threshold 6)
[1375.018s][info ][gc,heap      ] GC(473) ParNew: 242228K->1730K(270336K)
[1375.018s][info ][gc,heap      ] GC(473) CMS: 306946K->307220K(600768K)
[1375.018s][info ][gc,metaspace ] GC(473) Metaspace: 57390K->57390K(1101824K)
[1375.018s][info ][gc           ] GC(473) Pause Young (Allocation Failure) 536M->301M(850M) 3.210ms
[1375.018s][info ][gc,cpu       ] GC(473) User=0.01s Sys=0.00s Real=0.00s
[1375.018s][info ][safepoint    ] Leaving safepoint region
[1375.018s][info ][safepoint    ] Total time for which application threads were stopped: 0.0033510 seconds, Stopping threads took: 0.0000154 seconds
[1376.018s][info ][safepoint    ] Application time: 1.0001031 seconds
[1376.018s][info ][safepoint    ] Entering safepoint region: Cleanup
[1376.018s][info ][safepoint    ] Leaving safepoint region
[1376.018s][info ][safepoint    ] Total time for which application threads were stopped: 0.0001604 seconds, Stopping threads took: 0.0000816 seconds
[1377.019s][info ][safepoint    ] Application time: 1.0001015 seconds
[1377.019s][info ][safepoint    ] Entering safepoint region: Cleanup
[1377.019s][info ][safepoint    ] Leaving safepoint region
[1377.019s][info ][safepoint    ] Total time for which application threads were stopped: 0.0001493 seconds, Stopping threads took: 0.0000684 seconds
[1378.019s][info ][safepoint    ] Application time: 1.0002748 seconds
[1378.019s][info ][safepoint    ] Entering safepoint region: Cleanup
[1378.019s][info ][safepoint    ] Leaving safepoint region
[1378.019s][info ][safepoint    ] Total time for which application threads were stopped: 0.0001432 seconds, Stopping threads took: 0.0000803 seconds
[1378.515s][info ][safepoint    ] Application time: 0.4960917 seconds
[1378.515s][info ][safepoint    ] Entering safepoint region: GenCollectForAllocation
[1378.515s][info ][gc,start     ] GC(474) Pause Young (Allocation Failure)
[1378.516s][info ][gc,task      ] GC(474) Using 4 workers of 4 for evacuation
[1378.518s][debug][gc,ref       ] GC(474) Skipped phase1 of Reference Processing due to unavailable references
[1378.518s][debug][gc,ref       ] GC(474) Skipped phase3 of Reference Processing due to unavailable references
[1378.518s][debug][gc,ref       ] GC(474) Skipped phase4 of Reference Processing due to unavailable references
[1378.518s][debug][gc,age       ] GC(474) Desired survivor size 15368192 bytes, new threshold 6 (max threshold 6)
[1378.518s][info ][gc,heap      ] GC(474) ParNew: 242050K->1532K(270336K)
[1378.518s][info ][gc,heap      ] GC(474) CMS: 307220K->307450K(600768K)
[1378.518s][info ][gc,metaspace ] GC(474) Metaspace: 57391K->57391K(1101824K)
[1378.518s][info ][gc           ] GC(474) Pause Young (Allocation Failure) 536M->301M(850M) 2.873ms
[1378.518s][info ][gc,cpu       ] GC(474) User=0.01s Sys=0.00s Real=0.00s
[1378.518s][info ][safepoint    ] Leaving safepoint region
[1378.518s][info ][safepoint    ] Total time for which application threads were stopped: 0.0031059 seconds, Stopping threads took: 0.0000948 seconds
[1379.519s][info ][safepoint    ] Application time: 1.0001082 seconds
[1379.519s][info ][safepoint    ] Entering safepoint region: Cleanup
[1379.519s][info ][safepoint    ] Leaving safepoint region
[1379.519s][info ][safepoint    ] Total time for which application threads were stopped: 0.0001873 seconds, Stopping threads took: 0.0001087 seconds
[1380.519s][info ][safepoint    ] Application time: 1.0000987 seconds
[1380.519s][info ][safepoint    ] Entering safepoint region: Cleanup
[1380.519s][info ][safepoint    ] Leaving safepoint region
[1380.519s][info ][safepoint    ] Total time for which application threads were stopped: 0.0001512 seconds, Stopping threads took: 0.0000693 seconds
[1381.519s][info ][safepoint    ] Application time: 1.0000965 seconds
[1381.519s][info ][safepoint    ] Entering safepoint region: Cleanup
[1381.519s][info ][safepoint    ] Leaving safepoint region
[1381.519s][info ][safepoint    ] Total time for which application threads were stopped: 0.0001483 seconds, Stopping threads took: 0.0000671 seconds
[1382.024s][info ][safepoint    ] Application time: 0.5047262 seconds
[1382.024s][info ][safepoint    ] Entering safepoint region: GenCollectForAllocation
[1382.024s][info ][gc,start     ] GC(475) Pause Young (Allocation Failure)
[1382.024s][info ][gc,task      ] GC(475) Using 4 workers of 4 for evacuation
[1382.027s][debug][gc,ref       ] GC(475) Skipped phase1 of Reference Processing due to unavailable references
[1382.027s][debug][gc,ref       ] GC(475) Skipped phase2 of Reference Processing due to unavailable references
[1382.027s][debug][gc,ref       ] GC(475) Skipped phase3 of Reference Processing due to unavailable references
[1382.027s][debug][gc,ref       ] GC(475) Skipped phase4 of Reference Processing due to unavailable references
[1382.028s][debug][gc,age       ] GC(475) Desired survivor size 15368192 bytes, new threshold 6 (max threshold 6)
[1382.028s][info ][gc,heap      ] GC(475) ParNew: 241852K->1345K(270336K)
[1382.028s][info ][gc,heap      ] GC(475) CMS: 307450K->307707K(600768K)
[1382.028s][info ][gc,metaspace ] GC(475) Metaspace: 57399K->57399K(1101824K)
[1382.028s][info ][gc           ] GC(475) Pause Young (Allocation Failure) 536M->301M(850M) 3.406ms
[1382.028s][info ][gc,cpu       ] GC(475) User=0.01s Sys=0.00s Real=0.01s
[1382.028s][info ][safepoint    ] Leaving safepoint region
[1382.028s][info ][safepoint    ] Total time for which application threads were stopped: 0.0035824 seconds, Stopping threads took: 0.0000269 seconds
[1383.028s][info ][safepoint    ] Application time: 1.0001177 seconds
[1383.028s][info ][safepoint    ] Entering safepoint region: Cleanup
[1383.028s][info ][safepoint    ] Leaving safepoint region
[1383.028s][info ][safepoint    ] Total time for which application threads were stopped: 0.0000864 seconds, Stopping threads took: 0.0000153 seconds
[1384.028s][info ][safepoint    ] Application time: 1.0000392 seconds
[1384.028s][info ][safepoint    ] Entering safepoint region: Cleanup
[1384.028s][info ][safepoint    ] Leaving safepoint region
[1384.028s][info ][safepoint    ] Total time for which application threads were stopped: 0.0000761 seconds, Stopping threads took: 0.0000155 seconds
[1385.028s][info ][safepoint    ] Application time: 1.0000446 seconds
[1385.031s][info ][safepoint    ] Entering safepoint region: Cleanup
[1385.031s][info ][safepoint    ] Leaving safepoint region
[1385.031s][info ][safepoint    ] Total time for which application threads were stopped: 0.0029195 seconds, Stopping threads took: 0.0028447 seconds
[1385.276s][info ][safepoint    ] Application time: 0.2451184 seconds
[1385.276s][info ][safepoint    ] Entering safepoint region: GenCollectForAllocation
[1385.276s][info ][gc,start     ] GC(476) Pause Young (Allocation Failure)
[1385.276s][info ][gc,task      ] GC(476) Using 4 workers of 4 for evacuation
[1385.279s][debug][gc,ref       ] GC(476) Skipped phase1 of Reference Processing due to unavailable references
[1385.279s][debug][gc,ref       ] GC(476) Skipped phase2 of Reference Processing due to unavailable references
[1385.279s][debug][gc,ref       ] GC(476) Skipped phase3 of Reference Processing due to unavailable references
[1385.279s][debug][gc,ref       ] GC(476) Skipped phase4 of Reference Processing due to unavailable references
[1385.280s][debug][gc,age       ] GC(476) Desired survivor size 15368192 bytes, new threshold 6 (max threshold 6)
[1385.280s][info ][gc,heap      ] GC(476) ParNew: 241665K->1479K(270336K)
[1385.280s][info ][gc,heap      ] GC(476) CMS: 307707K->307785K(600768K)
[1385.280s][info ][gc,metaspace ] GC(476) Metaspace: 57409K->57409K(1101824K)
[1385.280s][info ][gc           ] GC(476) Pause Young (Allocation Failure) 536M->302M(850M) 3.271ms
[1385.280s][info ][gc,cpu       ] GC(476) User=0.01s Sys=0.00s Real=0.00s
[1385.280s][info ][safepoint    ] Leaving safepoint region
[1385.280s][info ][safepoint    ] Total time for which application threads were stopped: 0.0034306 seconds, Stopping threads took: 0.0000280 seconds
[1386.280s][info ][safepoint    ] Application time: 1.0001054 seconds
[1386.280s][info ][safepoint    ] Entering safepoint region: Cleanup
[1386.280s][info ][safepoint    ] Leaving safepoint region
[1386.280s][info ][safepoint    ] Total time for which application threads were stopped: 0.0000725 seconds, Stopping threads took: 0.0000162 seconds
[1387.280s][info ][safepoint    ] Application time: 1.0000894 seconds
[1387.280s][info ][safepoint    ] Entering safepoint region: Cleanup
[1387.280s][info ][safepoint    ] Leaving safepoint region
[1387.280s][info ][safepoint    ] Total time for which application threads were stopped: 0.0000901 seconds, Stopping threads took: 0.0000153 seconds
[1388.280s][info ][safepoint    ] Application time: 1.0001006 seconds
[1388.280s][info ][safepoint    ] Entering safepoint region: Cleanup
[1388.280s][info ][safepoint    ] Leaving safepoint region
[1388.280s][info ][safepoint    ] Total time for which application threads were stopped: 0.0000743 seconds, Stopping threads took: 0.0000154 seconds
[1388.768s][info ][safepoint    ] Application time: 0.4873576 seconds
[1388.768s][info ][safepoint    ] Entering safepoint region: GenCollectForAllocation
[1388.768s][info ][gc,start     ] GC(477) Pause Young (Allocation Failure)
[1388.768s][info ][gc,task      ] GC(477) Using 4 workers of 4 for evacuation
[1388.770s][debug][gc,ref       ] GC(477) Skipped phase1 of Reference Processing due to unavailable references
[1388.770s][debug][gc,ref       ] GC(477) Skipped phase2 of Reference Processing due to unavailable references
[1388.770s][debug][gc,ref       ] GC(477) Skipped phase3 of Reference Processing due to unavailable references
[1388.770s][debug][gc,ref       ] GC(477) Skipped phase4 of Reference Processing due to unavailable references
[1388.770s][debug][gc,age       ] GC(477) Desired survivor size 15368192 bytes, new threshold 6 (max threshold 6)
[1388.770s][info ][gc,heap      ] GC(477) ParNew: 241799K->1604K(270336K)
[1388.770s][info ][gc,heap      ] GC(477) CMS: 307785K->307848K(600768K)
[1388.770s][info ][gc,metaspace ] GC(477) Metaspace: 57410K->57410K(1101824K)
[1388.770s][info ][gc           ] GC(477) Pause Young (Allocation Failure) 536M->302M(850M) 2.590ms
[1388.770s][info ][gc,cpu       ] GC(477) User=0.01s Sys=0.01s Real=0.00s
[1388.770s][info ][safepoint    ] Leaving safepoint region
[1388.770s][info ][safepoint    ] Total time for which application threads were stopped: 0.0027351 seconds, Stopping threads took: 0.0000143 seconds
[1389.770s][info ][safepoint    ] Application time: 1.0000962 seconds
[1389.771s][info ][safepoint    ] Entering safepoint region: Cleanup
[1389.771s][info ][safepoint    ] Leaving safepoint region
[1389.771s][info ][safepoint    ] Total time for which application threads were stopped: 0.0001885 seconds, Stopping threads took: 0.0000983 seconds
[1390.771s][info ][safepoint    ] Application time: 1.0001192 seconds
[1390.771s][info ][safepoint    ] Entering safepoint region: Cleanup
[1390.771s][info ][safepoint    ] Leaving safepoint region
[1390.771s][info ][safepoint    ] Total time for which application threads were stopped: 0.0004170 seconds, Stopping threads took: 0.0003467 seconds
[1391.772s][info ][safepoint    ] Application time: 1.0002782 seconds
[1391.772s][info ][safepoint    ] Entering safepoint region: Cleanup
[1391.772s][info ][safepoint    ] Leaving safepoint region
[1391.772s][info ][safepoint    ] Total time for which application threads were stopped: 0.0001381 seconds, Stopping threads took: 0.0000674 seconds
[1392.424s][info ][safepoint    ] Application time: 0.6520175 seconds
[1392.424s][info ][safepoint    ] Entering safepoint region: GenCollectForAllocation
[1392.424s][info ][gc,start     ] GC(478) Pause Young (Allocation Failure)
[1392.424s][info ][gc,task      ] GC(478) Using 4 workers of 4 for evacuation
[1392.430s][debug][gc,ref       ] GC(478) Skipped phase1 of Reference Processing due to unavailable references
[1392.430s][debug][gc,ref       ] GC(478) Skipped phase2 of Reference Processing due to unavailable references
[1392.430s][debug][gc,ref       ] GC(478) Skipped phase3 of Reference Processing due to unavailable references
[1392.430s][debug][gc,ref       ] GC(478) Skipped phase4 of Reference Processing due to unavailable references
[1392.430s][debug][gc,age       ] GC(478) Desired survivor size 15368192 bytes, new threshold 6 (max threshold 6)
[1392.430s][info ][gc,heap      ] GC(478) ParNew: 241924K->1744K(270336K)
[1392.430s][info ][gc,heap      ] GC(478) CMS: 307848K->307857K(600768K)
[1392.430s][info ][gc,metaspace ] GC(478) Metaspace: 57411K->57411K(1101824K)
[1392.430s][info ][gc           ] GC(478) Pause Young (Allocation Failure) 536M->302M(850M) 6.185ms
[1392.430s][info ][gc,cpu       ] GC(478) User=0.01s Sys=0.00s Real=0.01s
[1392.430s][info ][safepoint    ] Leaving safepoint region
[1392.430s][info ][safepoint    ] Total time for which application threads were stopped: 0.0063912 seconds, Stopping threads took: 0.0000548 seconds
[1393.430s][info ][safepoint    ] Application time: 1.0000954 seconds
[1393.430s][info ][safepoint    ] Entering safepoint region: Cleanup
[1393.430s][info ][safepoint    ] Leaving safepoint region
[1393.430s][info ][safepoint    ] Total time for which application threads were stopped: 0.0000953 seconds, Stopping threads took: 0.0000159 seconds
[1394.431s][info ][safepoint    ] Application time: 1.0000924 seconds
[1394.431s][info ][safepoint    ] Entering safepoint region: Cleanup
[1394.432s][info ][safepoint    ] Leaving safepoint region
[1394.432s][info ][safepoint    ] Total time for which application threads were stopped: 0.0009550 seconds, Stopping threads took: 0.0008692 seconds
[1395.432s][info ][safepoint    ] Application time: 1.0000981 seconds
[1395.432s][info ][safepoint    ] Entering safepoint region: Cleanup
[1395.432s][info ][safepoint    ] Leaving safepoint region
[1395.432s][info ][safepoint    ] Total time for which application threads were stopped: 0.0000730 seconds, Stopping threads took: 0.0000167 seconds
[1395.725s][info ][safepoint    ] Application time: 0.2929198 seconds
[1395.725s][info ][safepoint    ] Entering safepoint region: GenCollectForAllocation
[1395.725s][info ][gc,start     ] GC(479) Pause Young (Allocation Failure)
[1395.725s][info ][gc,task      ] GC(479) Using 4 workers of 4 for evacuation
[1395.728s][debug][gc,ref       ] GC(479) Skipped phase1 of Reference Processing due to unavailable references
[1395.728s][debug][gc,ref       ] GC(479) Skipped phase2 of Reference Processing due to unavailable references
[1395.728s][debug][gc,ref       ] GC(479) Skipped phase3 of Reference Processing due to unavailable references
[1395.728s][debug][gc,ref       ] GC(479) Skipped phase4 of Reference Processing due to unavailable references
[1395.728s][debug][gc,age       ] GC(479) Desired survivor size 15368192 bytes, new threshold 6 (max threshold 6)
[1395.728s][info ][gc,heap      ] GC(479) ParNew: 242064K->1799K(270336K)
[1395.728s][info ][gc,heap      ] GC(479) CMS: 307857K->307964K(600768K)
[1395.728s][info ][gc,metaspace ] GC(479) Metaspace: 57414K->57414K(1101824K)
[1395.728s][info ][gc           ] GC(479) Pause Young (Allocation Failure) 537M->302M(850M) 3.118ms
[1395.728s][info ][gc,cpu       ] GC(479) User=0.01s Sys=0.00s Real=0.01s
[1395.728s][info ][safepoint    ] Leaving safepoint region
[1395.728s][info ][safepoint    ] Total time for which application threads were stopped: 0.0032718 seconds, Stopping threads took: 0.0000140 seconds
[1396.728s][info ][safepoint    ] Application time: 1.0000926 seconds
[1396.728s][info ][safepoint    ] Entering safepoint region: Cleanup
[1396.728s][info ][safepoint    ] Leaving safepoint region
[1396.728s][info ][safepoint    ] Total time for which application threads were stopped: 0.0000873 seconds, Stopping threads took: 0.0000151 seconds
[1397.728s][info ][safepoint    ] Application time: 1.0000872 seconds
[1397.728s][info ][safepoint    ] Entering safepoint region: Cleanup
[1397.728s][info ][safepoint    ] Leaving safepoint region
[1397.728s][info ][safepoint    ] Total time for which application threads were stopped: 0.0000755 seconds, Stopping threads took: 0.0000150 seconds
[1398.728s][info ][safepoint    ] Application time: 1.0000827 seconds
[1398.729s][info ][safepoint    ] Entering safepoint region: Cleanup
[1398.729s][info ][safepoint    ] Leaving safepoint region
[1398.729s][info ][safepoint    ] Total time for which application threads were stopped: 0.0000771 seconds, Stopping threads took: 0.0000152 seconds
[1399.317s][info ][safepoint    ] Application time: 0.5879208 seconds
[1399.317s][info ][safepoint    ] Entering safepoint region: GenCollectForAllocation
[1399.317s][info ][gc,start     ] GC(480) Pause Young (Allocation Failure)
[1399.317s][info ][gc,task      ] GC(480) Using 4 workers of 4 for evacuation
[1399.320s][debug][gc,ref       ] GC(480) Skipped phase1 of Reference Processing due to unavailable references
[1399.320s][debug][gc,ref       ] GC(480) Skipped phase2 of Reference Processing due to unavailable references
[1399.320s][debug][gc,ref       ] GC(480) Skipped phase3 of Reference Processing due to unavailable references
[1399.320s][debug][gc,ref       ] GC(480) Skipped phase4 of Reference Processing due to unavailable references
[1399.320s][debug][gc,age       ] GC(480) Desired survivor size 15368192 bytes, new threshold 6 (max threshold 6)
[1399.320s][info ][gc,heap      ] GC(480) ParNew: 242119K->2056K(270336K)
[1399.320s][info ][gc,heap      ] GC(480) CMS: 307964K->308003K(600768K)
[1399.320s][info ][gc,metaspace ] GC(480) Metaspace: 57415K->57415K(1101824K)
[1399.320s][info ][gc           ] GC(480) Pause Young (Allocation Failure) 537M->302M(850M) 3.653ms
[1399.320s][info ][gc,cpu       ] GC(480) User=0.01s Sys=0.00s Real=0.00s
[1399.320s][info ][safepoint    ] Leaving safepoint region
[1399.320s][info ][safepoint    ] Total time for which application threads were stopped: 0.0039245 seconds, Stopping threads took: 0.0000143 seconds
[1400.321s][info ][safepoint    ] Application time: 1.0001034 seconds
[1400.321s][info ][safepoint    ] Entering safepoint region: Cleanup
[1400.321s][info ][safepoint    ] Leaving safepoint region
[1400.321s][info ][safepoint    ] Total time for which application threads were stopped: 0.0001438 seconds, Stopping threads took: 0.0000757 seconds
[1401.321s][info ][safepoint    ] Application time: 1.0001663 seconds
[1401.321s][info ][safepoint    ] Entering safepoint region: Cleanup
[1401.321s][info ][safepoint    ] Leaving safepoint region
[1401.321s][info ][safepoint    ] Total time for which application threads were stopped: 0.0001373 seconds, Stopping threads took: 0.0000690 seconds
[1402.321s][info ][safepoint    ] Application time: 1.0001053 seconds
[1402.321s][info ][safepoint    ] Entering safepoint region: Cleanup
[1402.321s][info ][safepoint    ] Leaving safepoint region
[1402.321s][info ][safepoint    ] Total time for which application threads were stopped: 0.0001404 seconds, Stopping threads took: 0.0000781 seconds
[1402.974s][info ][safepoint    ] Application time: 0.6524128 seconds
[1402.974s][info ][safepoint    ] Entering safepoint region: GenCollectForAllocation
[1402.974s][info ][gc,start     ] GC(481) Pause Young (Allocation Failure)
[1402.974s][info ][gc,task      ] GC(481) Using 4 workers of 4 for evacuation
[1402.977s][debug][gc,ref       ] GC(481) Skipped phase1 of Reference Processing due to unavailable references
[1402.977s][debug][gc,ref       ] GC(481) Skipped phase2 of Reference Processing due to unavailable references
[1402.977s][debug][gc,ref       ] GC(481) Skipped phase3 of Reference Processing due to unavailable references
[1402.977s][debug][gc,ref       ] GC(481) Skipped phase4 of Reference Processing due to unavailable references
[1402.977s][debug][gc,age       ] GC(481) Desired survivor size 15368192 bytes, new threshold 6 (max threshold 6)
[1402.977s][info ][gc,heap      ] GC(481) ParNew: 242376K->2128K(270336K)
[1402.977s][info ][gc,heap      ] GC(481) CMS: 308003K->308071K(600768K)
[1402.977s][info ][gc,metaspace ] GC(481) Metaspace: 57415K->57415K(1101824K)
[1402.977s][info ][gc           ] GC(481) Pause Young (Allocation Failure) 537M->302M(850M) 2.890ms
[1402.977s][info ][gc,cpu       ] GC(481) User=0.01s Sys=0.00s Real=0.00s
[1402.977s][info ][safepoint    ] Leaving safepoint region
[1402.977s][info ][safepoint    ] Total time for which application threads were stopped: 0.0030385 seconds, Stopping threads took: 0.0000257 seconds
[1403.977s][info ][safepoint    ] Application time: 1.0001015 seconds
[1403.977s][info ][safepoint    ] Entering safepoint region: Cleanup
[1403.977s][info ][safepoint    ] Leaving safepoint region
[1403.977s][info ][safepoint    ] Total time for which application threads were stopped: 0.0000690 seconds, Stopping threads took: 0.0000152 seconds
[1404.977s][info ][safepoint    ] Application time: 1.0000858 seconds
[1404.977s][info ][safepoint    ] Entering safepoint region: Cleanup
[1404.977s][info ][safepoint    ] Leaving safepoint region
[1404.977s][info ][safepoint    ] Total time for which application threads were stopped: 0.0000725 seconds, Stopping threads took: 0.0000169 seconds
[1405.977s][info ][safepoint    ] Application time: 1.0000910 seconds
[1405.977s][info ][safepoint    ] Entering safepoint region: Cleanup
[1405.978s][info ][safepoint    ] Leaving safepoint region
[1405.978s][info ][safepoint    ] Total time for which application threads were stopped: 0.0000790 seconds, Stopping threads took: 0.0000157 seconds
[1406.265s][info ][safepoint    ] Application time: 0.2877286 seconds
[1406.265s][info ][safepoint    ] Entering safepoint region: GenCollectForAllocation
[1406.265s][info ][gc,start     ] GC(482) Pause Young (Allocation Failure)
[1406.265s][info ][gc,task      ] GC(482) Using 4 workers of 4 for evacuation
[1406.268s][debug][gc,ref       ] GC(482) Skipped phase1 of Reference Processing due to unavailable references
[1406.268s][debug][gc,ref       ] GC(482) Skipped phase2 of Reference Processing due to unavailable references
[1406.268s][debug][gc,ref       ] GC(482) Skipped phase3 of Reference Processing due to unavailable references
[1406.268s][debug][gc,ref       ] GC(482) Skipped phase4 of Reference Processing due to unavailable references
[1406.269s][debug][gc,age       ] GC(482) Desired survivor size 15368192 bytes, new threshold 6 (max threshold 6)
[1406.269s][info ][gc,heap      ] GC(482) ParNew: 242448K->1804K(270336K)
[1406.269s][info ][gc,heap      ] GC(482) CMS: 308071K->308361K(600768K)
[1406.269s][info ][gc,metaspace ] GC(482) Metaspace: 57419K->57419K(1101824K)
[1406.269s][info ][gc           ] GC(482) Pause Young (Allocation Failure) 537M->302M(850M) 3.182ms
[1406.269s][info ][gc,cpu       ] GC(482) User=0.01s Sys=0.00s Real=0.01s
[1406.269s][info ][safepoint    ] Leaving safepoint region
[1406.269s][info ][safepoint    ] Total time for which application threads were stopped: 0.0033528 seconds, Stopping threads took: 0.0000479 seconds
[1407.269s][info ][safepoint    ] Application time: 1.0001092 seconds
[1407.269s][info ][safepoint    ] Entering safepoint region: Cleanup
[1407.269s][info ][safepoint    ] Leaving safepoint region
[1407.269s][info ][safepoint    ] Total time for which application threads were stopped: 0.0001437 seconds, Stopping threads took: 0.0000776 seconds
[1408.269s][info ][safepoint    ] Application time: 1.0000855 seconds
[1408.269s][info ][safepoint    ] Entering safepoint region: Cleanup
[1408.269s][info ][safepoint    ] Leaving safepoint region
[1408.269s][info ][safepoint    ] Total time for which application threads were stopped: 0.0001312 seconds, Stopping threads took: 0.0000670 seconds
[1409.466s][info ][safepoint    ] Application time: 1.1968484 seconds
[1409.466s][info ][safepoint    ] Entering safepoint region: GenCollectForAllocation
[1409.466s][info ][gc,start     ] GC(483) Pause Young (Allocation Failure)
[1409.466s][info ][gc,task      ] GC(483) Using 4 workers of 4 for evacuation
[1409.469s][debug][gc,ref       ] GC(483) Skipped phase1 of Reference Processing due to unavailable references
[1409.469s][debug][gc,ref       ] GC(483) Skipped phase2 of Reference Processing due to unavailable references
[1409.469s][debug][gc,ref       ] GC(483) Skipped phase3 of Reference Processing due to unavailable references
[1409.469s][debug][gc,ref       ] GC(483) Skipped phase4 of Reference Processing due to unavailable references
[1409.469s][debug][gc,age       ] GC(483) Desired survivor size 15368192 bytes, new threshold 6 (max threshold 6)
[1409.469s][info ][gc,heap      ] GC(483) ParNew: 242124K->1948K(270336K)
[1409.469s][info ][gc,heap      ] GC(483) CMS: 308361K->308480K(600768K)
[1409.469s][info ][gc,metaspace ] GC(483) Metaspace: 57419K->57419K(1101824K)
[1409.469s][info ][gc           ] GC(483) Pause Young (Allocation Failure) 537M->303M(850M) 2.884ms
[1409.469s][info ][gc,cpu       ] GC(483) User=0.01s Sys=0.00s Real=0.00s
[1409.469s][info ][safepoint    ] Leaving safepoint region
[1409.469s][info ][safepoint    ] Total time for which application threads were stopped: 0.0030372 seconds, Stopping threads took: 0.0000148 seconds
[1412.868s][info ][safepoint    ] Application time: 3.3985674 seconds
[1412.868s][info ][safepoint    ] Entering safepoint region: GenCollectForAllocation
[1412.868s][info ][gc,start     ] GC(484) Pause Young (Allocation Failure)
[1412.868s][info ][gc,task      ] GC(484) Using 4 workers of 4 for evacuation
[1412.871s][debug][gc,ref       ] GC(484) Skipped phase1 of Reference Processing due to unavailable references
[1412.871s][debug][gc,ref       ] GC(484) Skipped phase2 of Reference Processing due to unavailable references
[1412.871s][debug][gc,ref       ] GC(484) Skipped phase3 of Reference Processing due to unavailable references
[1412.871s][debug][gc,ref       ] GC(484) Skipped phase4 of Reference Processing due to unavailable references
[1412.871s][debug][gc,age       ] GC(484) Desired survivor size 15368192 bytes, new threshold 6 (max threshold 6)
[1412.871s][info ][gc,heap      ] GC(484) ParNew: 242268K->2016K(270336K)
[1412.871s][info ][gc,heap      ] GC(484) CMS: 308480K->308612K(600768K)
[1412.871s][info ][gc,metaspace ] GC(484) Metaspace: 57419K->57419K(1101824K)
[1412.871s][info ][gc           ] GC(484) Pause Young (Allocation Failure) 537M->303M(850M) 3.191ms
[1412.871s][info ][gc,cpu       ] GC(484) User=0.01s Sys=0.00s Real=0.00s
[1412.871s][info ][safepoint    ] Leaving safepoint region
[1412.871s][info ][safepoint    ] Total time for which application threads were stopped: 0.0033465 seconds, Stopping threads took: 0.0000151 seconds
[1415.872s][info ][safepoint    ] Application time: 3.0013376 seconds
[1415.873s][info ][safepoint    ] Entering safepoint region: Cleanup
[1415.873s][info ][safepoint    ] Leaving safepoint region
[1415.873s][info ][safepoint    ] Total time for which application threads were stopped: 0.0001406 seconds, Stopping threads took: 0.0000706 seconds
[1416.265s][info ][safepoint    ] Application time: 0.3919754 seconds
[1416.265s][info ][safepoint    ] Entering safepoint region: GenCollectForAllocation
[1416.265s][info ][gc,start     ] GC(485) Pause Young (Allocation Failure)
[1416.265s][info ][gc,task      ] GC(485) Using 4 workers of 4 for evacuation
[1416.268s][debug][gc,ref       ] GC(485) Skipped phase1 of Reference Processing due to unavailable references
[1416.268s][debug][gc,ref       ] GC(485) Skipped phase2 of Reference Processing due to unavailable references
[1416.268s][debug][gc,ref       ] GC(485) Skipped phase3 of Reference Processing due to unavailable references
[1416.268s][debug][gc,ref       ] GC(485) Skipped phase4 of Reference Processing due to unavailable references
[1416.268s][debug][gc,age       ] GC(485) Desired survivor size 15368192 bytes, new threshold 6 (max threshold 6)
[1416.268s][info ][gc,heap      ] GC(485) ParNew: 242336K->1670K(270336K)
[1416.268s][info ][gc,heap      ] GC(485) CMS: 308612K->309252K(600768K)
[1416.268s][info ][gc,metaspace ] GC(485) Metaspace: 57419K->57419K(1101824K)
[1416.268s][info ][gc           ] GC(485) Pause Young (Allocation Failure) 538M->303M(850M) 3.746ms
[1416.268s][info ][gc,cpu       ] GC(485) User=0.01s Sys=0.00s Real=0.01s
[1416.269s][info ][safepoint    ] Leaving safepoint region
[1416.269s][info ][safepoint    ] Total time for which application threads were stopped: 0.0038887 seconds, Stopping threads took: 0.0000198 seconds
[1417.269s][info ][safepoint    ] Application time: 1.0000955 seconds
[1417.269s][info ][safepoint    ] Entering safepoint region: Cleanup
[1417.269s][info ][safepoint    ] Leaving safepoint region
[1417.269s][info ][safepoint    ] Total time for which application threads were stopped: 0.0001399 seconds, Stopping threads took: 0.0000705 seconds
[1419.768s][info ][safepoint    ] Application time: 2.4990196 seconds
[1419.768s][info ][safepoint    ] Entering safepoint region: GenCollectForAllocation
[1419.768s][info ][gc,start     ] GC(486) Pause Young (Allocation Failure)
[1419.768s][info ][gc,task      ] GC(486) Using 4 workers of 4 for evacuation
[1419.771s][debug][gc,ref       ] GC(486) Skipped phase1 of Reference Processing due to unavailable references
[1419.771s][debug][gc,ref       ] GC(486) Skipped phase2 of Reference Processing due to unavailable references
[1419.771s][debug][gc,ref       ] GC(486) Skipped phase3 of Reference Processing due to unavailable references
[1419.771s][debug][gc,ref       ] GC(486) Skipped phase4 of Reference Processing due to unavailable references
[1419.771s][debug][gc,age       ] GC(486) Desired survivor size 15368192 bytes, new threshold 6 (max threshold 6)
[1419.771s][info ][gc,heap      ] GC(486) ParNew: 241990K->1342K(270336K)
[1419.771s][info ][gc,heap      ] GC(486) CMS: 309252K->309363K(600768K)
[1419.771s][info ][gc,metaspace ] GC(486) Metaspace: 57422K->57422K(1101824K)
[1419.771s][info ][gc           ] GC(486) Pause Young (Allocation Failure) 538M->303M(850M) 3.005ms
[1419.771s][info ][gc,cpu       ] GC(486) User=0.01s Sys=0.00s Real=0.00s
[1419.771s][info ][safepoint    ] Leaving safepoint region
[1419.771s][info ][safepoint    ] Total time for which application threads were stopped: 0.0031728 seconds, Stopping threads took: 0.0000269 seconds
[1423.225s][info ][safepoint    ] Application time: 3.4541929 seconds
[1423.225s][info ][safepoint    ] Entering safepoint region: GenCollectForAllocation
[1423.225s][info ][gc,start     ] GC(487) Pause Young (Allocation Failure)
[1423.225s][info ][gc,task      ] GC(487) Using 4 workers of 4 for evacuation
[1423.228s][debug][gc,ref       ] GC(487) Skipped phase1 of Reference Processing due to unavailable references
[1423.228s][debug][gc,ref       ] GC(487) Skipped phase2 of Reference Processing due to unavailable references
[1423.228s][debug][gc,ref       ] GC(487) Skipped phase3 of Reference Processing due to unavailable references
[1423.228s][debug][gc,ref       ] GC(487) Skipped phase4 of Reference Processing due to unavailable references
[1423.228s][debug][gc,age       ] GC(487) Desired survivor size 15368192 bytes, new threshold 6 (max threshold 6)
[1423.228s][info ][gc,heap      ] GC(487) ParNew: 241662K->1544K(270336K)
[1423.228s][info ][gc,heap      ] GC(487) CMS: 309363K->309366K(600768K)
[1423.228s][info ][gc,metaspace ] GC(487) Metaspace: 57424K->57424K(1101824K)
[1423.228s][info ][gc           ] GC(487) Pause Young (Allocation Failure) 538M->303M(850M) 2.784ms
[1423.228s][info ][gc,cpu       ] GC(487) User=0.02s Sys=0.00s Real=0.01s
[1423.228s][info ][safepoint    ] Leaving safepoint region
[1423.228s][info ][safepoint    ] Total time for which application threads were stopped: 0.0029583 seconds, Stopping threads took: 0.0000307 seconds
[1424.228s][info ][safepoint    ] Application time: 1.0001044 seconds
[1424.228s][info ][safepoint    ] Entering safepoint region: Cleanup
[1424.228s][info ][safepoint    ] Leaving safepoint region
[1424.228s][info ][safepoint    ] Total time for which application threads were stopped: 0.0000802 seconds, Stopping threads took: 0.0000182 seconds
[1425.229s][info ][safepoint    ] Application time: 1.0000957 seconds
[1425.229s][info ][safepoint    ] Entering safepoint region: Cleanup
[1425.229s][info ][safepoint    ] Leaving safepoint region
[1425.229s][info ][safepoint    ] Total time for which application threads were stopped: 0.0000770 seconds, Stopping threads took: 0.0000167 seconds
[1426.229s][info ][safepoint    ] Application time: 1.0001088 seconds
[1426.229s][info ][safepoint    ] Entering safepoint region: Cleanup
[1426.229s][info ][safepoint    ] Leaving safepoint region
[1426.229s][info ][safepoint    ] Total time for which application threads were stopped: 0.0000765 seconds, Stopping threads took: 0.0000159 seconds
[1426.519s][info ][safepoint    ] Application time: 0.2902893 seconds
[1426.519s][info ][safepoint    ] Entering safepoint region: GenCollectForAllocation
[1426.519s][info ][gc,start     ] GC(488) Pause Young (Allocation Failure)
[1426.519s][info ][gc,task      ] GC(488) Using 4 workers of 4 for evacuation
[1426.523s][debug][gc,ref       ] GC(488) Skipped phase1 of Reference Processing due to unavailable references
[1426.523s][debug][gc,ref       ] GC(488) Skipped phase2 of Reference Processing due to unavailable references
[1426.523s][debug][gc,ref       ] GC(488) Skipped phase3 of Reference Processing due to unavailable references
[1426.523s][debug][gc,ref       ] GC(488) Skipped phase4 of Reference Processing due to unavailable references
[1426.523s][debug][gc,age       ] GC(488) Desired survivor size 15368192 bytes, new threshold 6 (max threshold 6)
[1426.523s][info ][gc,heap      ] GC(488) ParNew: 241864K->1167K(270336K)
[1426.523s][info ][gc,heap      ] GC(488) CMS: 309366K->309617K(600768K)
[1426.523s][info ][gc,metaspace ] GC(488) Metaspace: 57430K->57430K(1101824K)
[1426.523s][info ][gc           ] GC(488) Pause Young (Allocation Failure) 538M->303M(850M) 3.560ms
[1426.523s][info ][gc,cpu       ] GC(488) User=0.01s Sys=0.00s Real=0.00s
[1426.523s][info ][safepoint    ] Leaving safepoint region
[1426.523s][info ][safepoint    ] Total time for which application threads were stopped: 0.0037333 seconds, Stopping threads took: 0.0000160 seconds
[1429.872s][info ][safepoint    ] Application time: 3.3488716 seconds
[1429.872s][info ][safepoint    ] Entering safepoint region: GenCollectForAllocation
[1429.872s][info ][gc,start     ] GC(489) Pause Young (Allocation Failure)
[1429.872s][info ][gc,task      ] GC(489) Using 4 workers of 4 for evacuation
[1429.875s][debug][gc,ref       ] GC(489) Skipped phase1 of Reference Processing due to unavailable references
[1429.875s][debug][gc,ref       ] GC(489) Skipped phase2 of Reference Processing due to unavailable references
[1429.875s][debug][gc,ref       ] GC(489) Skipped phase3 of Reference Processing due to unavailable references
[1429.875s][debug][gc,ref       ] GC(489) Skipped phase4 of Reference Processing due to unavailable references
[1429.875s][debug][gc,age       ] GC(489) Desired survivor size 15368192 bytes, new threshold 6 (max threshold 6)
[1429.875s][info ][gc,heap      ] GC(489) ParNew: 241487K->828K(270336K)
[1429.875s][info ][gc,heap      ] GC(489) CMS: 309617K->309817K(600768K)
[1429.875s][info ][gc,metaspace ] GC(489) Metaspace: 57431K->57431K(1101824K)
[1429.875s][info ][gc           ] GC(489) Pause Young (Allocation Failure) 538M->303M(850M) 3.092ms
[1429.875s][info ][gc,cpu       ] GC(489) User=0.01s Sys=0.01s Real=0.01s
[1429.875s][info ][safepoint    ] Leaving safepoint region
[1429.875s][info ][safepoint    ] Total time for which application threads were stopped: 0.0032393 seconds, Stopping threads took: 0.0000156 seconds
[1432.876s][info ][safepoint    ] Application time: 3.0003832 seconds
[1432.876s][info ][safepoint    ] Entering safepoint region: Cleanup
[1432.876s][info ][safepoint    ] Leaving safepoint region
[1432.876s][info ][safepoint    ] Total time for which application threads were stopped: 0.0000761 seconds, Stopping threads took: 0.0000145 seconds
[1433.322s][info ][safepoint    ] Application time: 0.4463330 seconds
[1433.322s][info ][safepoint    ] Entering safepoint region: GenCollectForAllocation
[1433.322s][info ][gc,start     ] GC(490) Pause Young (Allocation Failure)
[1433.322s][info ][gc,task      ] GC(490) Using 4 workers of 4 for evacuation
[1433.324s][debug][gc,ref       ] GC(490) Skipped phase1 of Reference Processing due to unavailable references
[1433.324s][debug][gc,ref       ] GC(490) Skipped phase2 of Reference Processing due to unavailable references
[1433.324s][debug][gc,ref       ] GC(490) Skipped phase3 of Reference Processing due to unavailable references
[1433.324s][debug][gc,ref       ] GC(490) Skipped phase4 of Reference Processing due to unavailable references
[1433.325s][debug][gc,age       ] GC(490) Desired survivor size 15368192 bytes, new threshold 6 (max threshold 6)
[1433.325s][info ][gc,heap      ] GC(490) ParNew: 241148K->1132K(270336K)
[1433.325s][info ][gc,heap      ] GC(490) CMS: 309817K->309866K(600768K)
[1433.325s][info ][gc,metaspace ] GC(490) Metaspace: 57433K->57433K(1101824K)
[1433.325s][info ][gc           ] GC(490) Pause Young (Allocation Failure) 538M->303M(850M) 2.473ms
[1433.325s][info ][gc,cpu       ] GC(490) User=0.01s Sys=0.00s Real=0.00s
[1433.325s][info ][safepoint    ] Leaving safepoint region
[1433.325s][info ][safepoint    ] Total time for which application threads were stopped: 0.0026128 seconds, Stopping threads took: 0.0000138 seconds
[1436.325s][info ][safepoint    ] Application time: 3.0002363 seconds
[1436.325s][info ][safepoint    ] Entering safepoint region: Cleanup
[1436.325s][info ][safepoint    ] Leaving safepoint region
[1436.325s][info ][safepoint    ] Total time for which application threads were stopped: 0.0000723 seconds, Stopping threads took: 0.0000147 seconds
[1436.667s][info ][safepoint    ] Application time: 0.3421667 seconds
[1436.667s][info ][safepoint    ] Entering safepoint region: GenCollectForAllocation
[1436.667s][info ][gc,start     ] GC(491) Pause Young (Allocation Failure)
[1436.667s][info ][gc,task      ] GC(491) Using 4 workers of 4 for evacuation
[1436.670s][debug][gc,ref       ] GC(491) Skipped phase1 of Reference Processing due to unavailable references
[1436.670s][debug][gc,ref       ] GC(491) Skipped phase2 of Reference Processing due to unavailable references
[1436.670s][debug][gc,ref       ] GC(491) Skipped phase3 of Reference Processing due to unavailable references
[1436.670s][debug][gc,ref       ] GC(491) Skipped phase4 of Reference Processing due to unavailable references
[1436.670s][debug][gc,age       ] GC(491) Desired survivor size 15368192 bytes, new threshold 6 (max threshold 6)
[1436.670s][info ][gc,heap      ] GC(491) ParNew: 241452K->1612K(270336K)
[1436.670s][info ][gc,heap      ] GC(491) CMS: 309866K->309971K(600768K)
[1436.670s][info ][gc,metaspace ] GC(491) Metaspace: 57438K->57438K(1101824K)
[1436.670s][info ][gc           ] GC(491) Pause Young (Allocation Failure) 538M->304M(850M) 2.751ms
[1436.670s][info ][gc,cpu       ] GC(491) User=0.01s Sys=0.00s Real=0.00s
[1436.670s][info ][safepoint    ] Leaving safepoint region
[1436.670s][info ][safepoint    ] Total time for which application threads were stopped: 0.0028913 seconds, Stopping threads took: 0.0000153 seconds
[1439.670s][info ][safepoint    ] Application time: 3.0002456 seconds
[1439.670s][info ][safepoint    ] Entering safepoint region: Cleanup
[1439.670s][info ][safepoint    ] Leaving safepoint region
[1439.670s][info ][safepoint    ] Total time for which application threads were stopped: 0.0001357 seconds, Stopping threads took: 0.0000606 seconds
[1439.874s][info ][safepoint    ] Application time: 0.2036575 seconds
[1439.874s][info ][safepoint    ] Entering safepoint region: GenCollectForAllocation
[1439.874s][info ][gc,start     ] GC(492) Pause Young (Allocation Failure)
[1439.874s][info ][gc,task      ] GC(492) Using 4 workers of 4 for evacuation
[1439.877s][debug][gc,ref       ] GC(492) Skipped phase1 of Reference Processing due to unavailable references
[1439.877s][debug][gc,ref       ] GC(492) Skipped phase2 of Reference Processing due to unavailable references
[1439.877s][debug][gc,ref       ] GC(492) Skipped phase3 of Reference Processing due to unavailable references
[1439.877s][debug][gc,ref       ] GC(492) Skipped phase4 of Reference Processing due to unavailable references
[1439.877s][debug][gc,age       ] GC(492) Desired survivor size 15368192 bytes, new threshold 6 (max threshold 6)
[1439.877s][info ][gc,heap      ] GC(492) ParNew: 241932K->1437K(270336K)
[1439.877s][info ][gc,heap      ] GC(492) CMS: 309971K->310113K(600768K)
[1439.877s][info ][gc,metaspace ] GC(492) Metaspace: 57442K->57442K(1101824K)
[1439.877s][info ][gc           ] GC(492) Pause Young (Allocation Failure) 538M->304M(850M) 3.015ms
[1439.877s][info ][gc,cpu       ] GC(492) User=0.01s Sys=0.00s Real=0.00s
[1439.877s][info ][safepoint    ] Leaving safepoint region
[1439.877s][info ][safepoint    ] Total time for which application threads were stopped: 0.0031664 seconds, Stopping threads took: 0.0000150 seconds
[1440.877s][info ][safepoint    ] Application time: 1.0001090 seconds
[1440.878s][info ][safepoint    ] Entering safepoint region: Cleanup
[1440.878s][info ][safepoint    ] Leaving safepoint region
[1440.878s][info ][safepoint    ] Total time for which application threads were stopped: 0.0001378 seconds, Stopping threads took: 0.0000570 seconds
[1443.372s][info ][safepoint    ] Application time: 2.4946257 seconds
[1443.372s][info ][safepoint    ] Entering safepoint region: GenCollectForAllocation
[1443.372s][info ][gc,start     ] GC(493) Pause Young (Allocation Failure)
[1443.372s][info ][gc,task      ] GC(493) Using 4 workers of 4 for evacuation
[1443.376s][debug][gc,ref       ] GC(493) Skipped phase1 of Reference Processing due to unavailable references
[1443.376s][debug][gc,ref       ] GC(493) Skipped phase2 of Reference Processing due to unavailable references
[1443.376s][debug][gc,ref       ] GC(493) Skipped phase3 of Reference Processing due to unavailable references
[1443.376s][debug][gc,ref       ] GC(493) Skipped phase4 of Reference Processing due to unavailable references
[1443.376s][debug][gc,age       ] GC(493) Desired survivor size 15368192 bytes, new threshold 6 (max threshold 6)
[1443.376s][info ][gc,heap      ] GC(493) ParNew: 241757K->1408K(270336K)
[1443.376s][info ][gc,heap      ] GC(493) CMS: 310113K->310167K(600768K)
[1443.376s][info ][gc,metaspace ] GC(493) Metaspace: 57442K->57442K(1101824K)
[1443.376s][info ][gc           ] GC(493) Pause Young (Allocation Failure) 538M->304M(850M) 4.095ms
[1443.376s][info ][gc,cpu       ] GC(493) User=0.01s Sys=0.00s Real=0.01s
[1443.377s][info ][safepoint    ] Leaving safepoint region
[1443.377s][info ][safepoint    ] Total time for which application threads were stopped: 0.0042442 seconds, Stopping threads took: 0.0000268 seconds
[1446.377s][info ][safepoint    ] Application time: 3.0003052 seconds
[1446.377s][info ][safepoint    ] Entering safepoint region: Cleanup
[1446.377s][info ][safepoint    ] Leaving safepoint region
[1446.377s][info ][safepoint    ] Total time for which application threads were stopped: 0.0000742 seconds, Stopping threads took: 0.0000155 seconds
[1446.915s][info ][safepoint    ] Application time: 0.5379780 seconds
[1446.915s][info ][safepoint    ] Entering safepoint region: GenCollectForAllocation
[1446.915s][info ][gc,start     ] GC(494) Pause Young (Allocation Failure)
[1446.915s][info ][gc,task      ] GC(494) Using 4 workers of 4 for evacuation
[1446.918s][debug][gc,ref       ] GC(494) Skipped phase1 of Reference Processing due to unavailable references
[1446.918s][debug][gc,ref       ] GC(494) Skipped phase2 of Reference Processing due to unavailable references
[1446.918s][debug][gc,ref       ] GC(494) Skipped phase3 of Reference Processing due to unavailable references
[1446.918s][debug][gc,ref       ] GC(494) Skipped phase4 of Reference Processing due to unavailable references
[1446.918s][debug][gc,age       ] GC(494) Desired survivor size 15368192 bytes, new threshold 6 (max threshold 6)
[1446.918s][info ][gc,heap      ] GC(494) ParNew: 241728K->1496K(270336K)
[1446.918s][info ][gc,heap      ] GC(494) CMS: 310167K->310227K(600768K)
[1446.918s][info ][gc,metaspace ] GC(494) Metaspace: 57443K->57443K(1101824K)
[1446.918s][info ][gc           ] GC(494) Pause Young (Allocation Failure) 538M->304M(850M) 2.781ms
[1446.918s][info ][gc,cpu       ] GC(494) User=0.01s Sys=0.00s Real=0.00s
[1446.918s][info ][safepoint    ] Leaving safepoint region
[1446.918s][info ][safepoint    ] Total time for which application threads were stopped: 0.0029439 seconds, Stopping threads took: 0.0000162 seconds
[1448.918s][info ][safepoint    ] Application time: 2.0001710 seconds
[1448.918s][info ][safepoint    ] Entering safepoint region: Cleanup
[1448.918s][info ][safepoint    ] Leaving safepoint region
[1448.918s][info ][safepoint    ] Total time for which application threads were stopped: 0.0001102 seconds, Stopping threads took: 0.0000480 seconds
[1450.372s][info ][safepoint    ] Application time: 1.4537336 seconds
[1450.372s][info ][safepoint    ] Entering safepoint region: GenCollectForAllocation
[1450.372s][info ][gc,start     ] GC(495) Pause Young (Allocation Failure)
[1450.372s][info ][gc,task      ] GC(495) Using 4 workers of 4 for evacuation
[1450.375s][debug][gc,ref       ] GC(495) Skipped phase1 of Reference Processing due to unavailable references
[1450.375s][debug][gc,ref       ] GC(495) Skipped phase2 of Reference Processing due to unavailable references
[1450.375s][debug][gc,ref       ] GC(495) Skipped phase3 of Reference Processing due to unavailable references
[1450.375s][debug][gc,ref       ] GC(495) Skipped phase4 of Reference Processing due to unavailable references
[1450.375s][debug][gc,age       ] GC(495) Desired survivor size 15368192 bytes, new threshold 6 (max threshold 6)
[1450.375s][info ][gc,heap      ] GC(495) ParNew: 241816K->1765K(270336K)
[1450.375s][info ][gc,heap      ] GC(495) CMS: 310227K->310352K(600768K)
[1450.375s][info ][gc,metaspace ] GC(495) Metaspace: 57445K->57445K(1101824K)
[1450.375s][info ][gc           ] GC(495) Pause Young (Allocation Failure) 539M->304M(850M) 3.016ms
[1450.375s][info ][gc,cpu       ] GC(495) User=0.01s Sys=0.00s Real=0.01s
[1450.375s][info ][safepoint    ] Leaving safepoint region
[1450.375s][info ][safepoint    ] Total time for which application threads were stopped: 0.0031540 seconds, Stopping threads took: 0.0000148 seconds
[1451.375s][info ][safepoint    ] Application time: 1.0000913 seconds
[1451.375s][info ][safepoint    ] Entering safepoint region: Cleanup
[1451.375s][info ][safepoint    ] Leaving safepoint region
[1451.375s][info ][safepoint    ] Total time for which application threads were stopped: 0.0000905 seconds, Stopping threads took: 0.0000139 seconds
[1453.622s][info ][safepoint    ] Application time: 2.2468894 seconds
[1453.622s][info ][safepoint    ] Entering safepoint region: GenCollectForAllocation
[1453.622s][info ][gc,start     ] GC(496) Pause Young (Allocation Failure)
[1453.622s][info ][gc,task      ] GC(496) Using 4 workers of 4 for evacuation
[1453.625s][debug][gc,ref       ] GC(496) Skipped phase1 of Reference Processing due to unavailable references
[1453.625s][debug][gc,ref       ] GC(496) Skipped phase2 of Reference Processing due to unavailable references
[1453.625s][debug][gc,ref       ] GC(496) Skipped phase3 of Reference Processing due to unavailable references
[1453.625s][debug][gc,ref       ] GC(496) Skipped phase4 of Reference Processing due to unavailable references
[1453.625s][debug][gc,age       ] GC(496) Desired survivor size 15368192 bytes, new threshold 6 (max threshold 6)
[1453.625s][info ][gc,heap      ] GC(496) ParNew: 242085K->1780K(270336K)
[1453.625s][info ][gc,heap      ] GC(496) CMS: 310352K->310467K(600768K)
[1453.625s][info ][gc,metaspace ] GC(496) Metaspace: 57445K->57445K(1101824K)
[1453.625s][info ][gc           ] GC(496) Pause Young (Allocation Failure) 539M->304M(850M) 3.047ms
[1453.625s][info ][gc,cpu       ] GC(496) User=0.01s Sys=0.00s Real=0.00s
[1453.626s][info ][safepoint    ] Leaving safepoint region
[1453.626s][info ][safepoint    ] Total time for which application threads were stopped: 0.0032169 seconds, Stopping threads took: 0.0000264 seconds
[1454.626s][info ][safepoint    ] Application time: 1.0000962 seconds
[1454.626s][info ][safepoint    ] Entering safepoint region: Cleanup
[1454.626s][info ][safepoint    ] Leaving safepoint region
[1454.626s][info ][safepoint    ] Total time for which application threads were stopped: 0.0001514 seconds, Stopping threads took: 0.0000802 seconds
[1456.974s][info ][safepoint    ] Application time: 2.3478365 seconds
[1456.974s][info ][safepoint    ] Entering safepoint region: GenCollectForAllocation
[1456.974s][info ][gc,start     ] GC(497) Pause Young (Allocation Failure)
[1456.974s][info ][gc,task      ] GC(497) Using 4 workers of 4 for evacuation
[1456.976s][debug][gc,ref       ] GC(497) Skipped phase1 of Reference Processing due to unavailable references
[1456.976s][debug][gc,ref       ] GC(497) Skipped phase2 of Reference Processing due to unavailable references
[1456.976s][debug][gc,ref       ] GC(497) Skipped phase3 of Reference Processing due to unavailable references
[1456.976s][debug][gc,ref       ] GC(497) Skipped phase4 of Reference Processing due to unavailable references
[1456.977s][debug][gc,age       ] GC(497) Desired survivor size 15368192 bytes, new threshold 6 (max threshold 6)
[1456.977s][info ][gc,heap      ] GC(497) ParNew: 242100K->1440K(270336K)
[1456.977s][info ][gc,heap      ] GC(497) CMS: 310467K->310956K(600768K)
[1456.977s][info ][gc,metaspace ] GC(497) Metaspace: 57447K->57447K(1101824K)
[1456.977s][info ][gc           ] GC(497) Pause Young (Allocation Failure) 539M->305M(850M) 2.813ms
[1456.977s][info ][gc,cpu       ] GC(497) User=0.00s Sys=0.00s Real=0.01s
[1456.977s][info ][safepoint    ] Leaving safepoint region
[1456.977s][info ][safepoint    ] Total time for which application threads were stopped: 0.0029593 seconds, Stopping threads took: 0.0000147 seconds
[1457.977s][info ][safepoint    ] Application time: 1.0000635 seconds
[1457.977s][info ][safepoint    ] Entering safepoint region: Cleanup
[1457.977s][info ][safepoint    ] Leaving safepoint region
[1457.977s][info ][safepoint    ] Total time for which application threads were stopped: 0.0000720 seconds, Stopping threads took: 0.0000142 seconds
[1458.977s][info ][safepoint    ] Application time: 1.0000817 seconds
[1458.977s][info ][safepoint    ] Entering safepoint region: Cleanup
[1458.977s][info ][safepoint    ] Leaving safepoint region
[1458.977s][info ][safepoint    ] Total time for which application threads were stopped: 0.0000759 seconds, Stopping threads took: 0.0000157 seconds
[1460.520s][info ][safepoint    ] Application time: 1.5428230 seconds
[1460.520s][info ][safepoint    ] Entering safepoint region: GenCollectForAllocation
[1460.520s][info ][gc,start     ] GC(498) Pause Young (Allocation Failure)
[1460.520s][info ][gc,task      ] GC(498) Using 4 workers of 4 for evacuation
[1460.523s][debug][gc,ref       ] GC(498) Skipped phase1 of Reference Processing due to unavailable references
[1460.523s][debug][gc,ref       ] GC(498) Skipped phase2 of Reference Processing due to unavailable references
[1460.523s][debug][gc,ref       ] GC(498) Skipped phase3 of Reference Processing due to unavailable references
[1460.523s][debug][gc,ref       ] GC(498) Skipped phase4 of Reference Processing due to unavailable references
[1460.523s][debug][gc,age       ] GC(498) Desired survivor size 15368192 bytes, new threshold 6 (max threshold 6)
[1460.523s][info ][gc,heap      ] GC(498) ParNew: 241760K->1197K(270336K)
[1460.523s][info ][gc,heap      ] GC(498) CMS: 310956K->310982K(600768K)
[1460.523s][info ][gc,metaspace ] GC(498) Metaspace: 57450K->57450K(1101824K)
[1460.523s][info ][gc           ] GC(498) Pause Young (Allocation Failure) 539M->304M(850M) 3.018ms
[1460.523s][info ][gc,cpu       ] GC(498) User=0.01s Sys=0.00s Real=0.00s
[1460.523s][info ][safepoint    ] Leaving safepoint region
[1460.523s][info ][safepoint    ] Total time for which application threads were stopped: 0.0031765 seconds, Stopping threads took: 0.0000188 seconds
[1464.022s][info ][safepoint    ] Application time: 3.4990818 seconds
[1464.022s][info ][safepoint    ] Entering safepoint region: GenCollectForAllocation
[1464.022s][info ][gc,start     ] GC(499) Pause Young (Allocation Failure)
[1464.022s][info ][gc,task      ] GC(499) Using 4 workers of 4 for evacuation
[1464.025s][debug][gc,ref       ] GC(499) Skipped phase1 of Reference Processing due to unavailable references
[1464.025s][debug][gc,ref       ] GC(499) Skipped phase2 of Reference Processing due to unavailable references
[1464.025s][debug][gc,ref       ] GC(499) Skipped phase3 of Reference Processing due to unavailable references
[1464.025s][debug][gc,ref       ] GC(499) Skipped phase4 of Reference Processing due to unavailable references
[1464.025s][debug][gc,age       ] GC(499) Desired survivor size 15368192 bytes, new threshold 6 (max threshold 6)
[1464.025s][info ][gc,heap      ] GC(499) ParNew: 241517K->1502K(270336K)
[1464.025s][info ][gc,heap      ] GC(499) CMS: 310982K->311056K(600768K)
[1464.025s][info ][gc,metaspace ] GC(499) Metaspace: 57452K->57452K(1101824K)
[1464.025s][info ][gc           ] GC(499) Pause Young (Allocation Failure) 539M->305M(850M) 2.822ms
[1464.025s][info ][gc,cpu       ] GC(499) User=0.01s Sys=0.00s Real=0.00s
[1464.025s][info ][safepoint    ] Leaving safepoint region
[1464.025s][info ][safepoint    ] Total time for which application threads were stopped: 0.0029640 seconds, Stopping threads took: 0.0000143 seconds
[1467.218s][info ][safepoint    ] Application time: 3.1926091 seconds
[1467.218s][info ][safepoint    ] Entering safepoint region: GenCollectForAllocation
[1467.218s][info ][gc,start     ] GC(500) Pause Young (Allocation Failure)
[1467.218s][info ][gc,task      ] GC(500) Using 4 workers of 4 for evacuation
[1467.221s][debug][gc,ref       ] GC(500) Skipped phase1 of Reference Processing due to unavailable references
[1467.221s][debug][gc,ref       ] GC(500) Skipped phase2 of Reference Processing due to unavailable references
[1467.221s][debug][gc,ref       ] GC(500) Skipped phase3 of Reference Processing due to unavailable references
[1467.221s][debug][gc,ref       ] GC(500) Skipped phase4 of Reference Processing due to unavailable references
[1467.221s][debug][gc,age       ] GC(500) Desired survivor size 15368192 bytes, new threshold 6 (max threshold 6)
[1467.221s][info ][gc,heap      ] GC(500) ParNew: 241822K->1412K(270336K)
[1467.221s][info ][gc,heap      ] GC(500) CMS: 311056K->311241K(600768K)
[1467.221s][info ][gc,metaspace ] GC(500) Metaspace: 57455K->57455K(1101824K)
[1467.221s][info ][gc           ] GC(500) Pause Young (Allocation Failure) 539M->305M(850M) 2.935ms
[1467.221s][info ][gc,cpu       ] GC(500) User=0.01s Sys=0.00s Real=0.00s
[1467.221s][info ][safepoint    ] Leaving safepoint region
[1467.221s][info ][safepoint    ] Total time for which application threads were stopped: 0.0030925 seconds, Stopping threads took: 0.0000153 seconds
[1470.769s][info ][safepoint    ] Application time: 3.5481644 seconds
[1470.769s][info ][safepoint    ] Entering safepoint region: GenCollectForAllocation
[1470.769s][info ][gc,start     ] GC(501) Pause Young (Allocation Failure)
[1470.769s][info ][gc,task      ] GC(501) Using 4 workers of 4 for evacuation
[1470.772s][debug][gc,ref       ] GC(501) Skipped phase1 of Reference Processing due to unavailable references
[1470.772s][debug][gc,ref       ] GC(501) Skipped phase2 of Reference Processing due to unavailable references
[1470.772s][debug][gc,ref       ] GC(501) Skipped phase3 of Reference Processing due to unavailable references
[1470.772s][debug][gc,ref       ] GC(501) Skipped phase4 of Reference Processing due to unavailable references
[1470.772s][debug][gc,age       ] GC(501) Desired survivor size 15368192 bytes, new threshold 6 (max threshold 6)
[1470.772s][info ][gc,heap      ] GC(501) ParNew: 241732K->1005K(270336K)
[1470.772s][info ][gc,heap      ] GC(501) CMS: 311241K->311443K(600768K)
[1470.772s][info ][gc,metaspace ] GC(501) Metaspace: 57456K->57456K(1101824K)
[1470.772s][info ][gc           ] GC(501) Pause Young (Allocation Failure) 540M->305M(850M) 2.961ms
[1470.772s][info ][gc,cpu       ] GC(501) User=0.01s Sys=0.01s Real=0.00s
[1470.772s][info ][safepoint    ] Leaving safepoint region
[1470.772s][info ][safepoint    ] Total time for which application threads were stopped: 0.0031354 seconds, Stopping threads took: 0.0000479 seconds
[1474.268s][info ][safepoint    ] Application time: 3.4960250 seconds
[1474.268s][info ][safepoint    ] Entering safepoint region: GenCollectForAllocation
[1474.268s][info ][gc,start     ] GC(502) Pause Young (Allocation Failure)
[1474.268s][info ][gc,task      ] GC(502) Using 4 workers of 4 for evacuation
[1474.271s][debug][gc,ref       ] GC(502) Skipped phase1 of Reference Processing due to unavailable references
[1474.271s][debug][gc,ref       ] GC(502) Skipped phase2 of Reference Processing due to unavailable references
[1474.271s][debug][gc,ref       ] GC(502) Skipped phase3 of Reference Processing due to unavailable references
[1474.271s][debug][gc,ref       ] GC(502) Skipped phase4 of Reference Processing due to unavailable references
[1474.271s][debug][gc,age       ] GC(502) Desired survivor size 15368192 bytes, new threshold 6 (max threshold 6)
[1474.271s][info ][gc,heap      ] GC(502) ParNew: 241325K->966K(270336K)
[1474.271s][info ][gc,heap      ] GC(502) CMS: 311443K->311559K(600768K)
[1474.271s][info ][gc,metaspace ] GC(502) Metaspace: 57459K->57459K(1101824K)
[1474.271s][info ][gc           ] GC(502) Pause Young (Allocation Failure) 539M->305M(850M) 2.630ms
[1474.271s][info ][gc,cpu       ] GC(502) User=0.01s Sys=0.00s Real=0.00s
[1474.271s][info ][safepoint    ] Leaving safepoint region
[1474.271s][info ][safepoint    ] Total time for which application threads were stopped: 0.0027789 seconds, Stopping threads took: 0.0000158 seconds
[1477.870s][info ][safepoint    ] Application time: 3.5986344 seconds
[1477.870s][info ][safepoint    ] Entering safepoint region: GenCollectForAllocation
[1477.870s][info ][gc,start     ] GC(503) Pause Young (Allocation Failure)
[1477.870s][info ][gc,task      ] GC(503) Using 4 workers of 4 for evacuation
[1477.872s][debug][gc,ref       ] GC(503) Skipped phase1 of Reference Processing due to unavailable references
[1477.872s][debug][gc,ref       ] GC(503) Skipped phase2 of Reference Processing due to unavailable references
[1477.872s][debug][gc,ref       ] GC(503) Skipped phase3 of Reference Processing due to unavailable references
[1477.872s][debug][gc,ref       ] GC(503) Skipped phase4 of Reference Processing due to unavailable references
[1477.873s][debug][gc,age       ] GC(503) Desired survivor size 15368192 bytes, new threshold 6 (max threshold 6)
[1477.873s][info ][gc,heap      ] GC(503) ParNew: 241286K->1305K(270336K)
[1477.873s][info ][gc,heap      ] GC(503) CMS: 311559K->311595K(600768K)
[1477.873s][info ][gc,metaspace ] GC(503) Metaspace: 57460K->57460K(1101824K)
[1477.873s][info ][gc           ] GC(503) Pause Young (Allocation Failure) 539M->305M(850M) 2.723ms
[1477.873s][info ][gc,cpu       ] GC(503) User=0.01s Sys=0.00s Real=0.00s
[1477.873s][info ][safepoint    ] Leaving safepoint region
[1477.873s][info ][safepoint    ] Total time for which application threads were stopped: 0.0028794 seconds, Stopping threads took: 0.0000138 seconds
[1481.266s][info ][safepoint    ] Application time: 3.3929188 seconds
[1481.266s][info ][safepoint    ] Entering safepoint region: GenCollectForAllocation
[1481.266s][info ][gc,start     ] GC(504) Pause Young (Allocation Failure)
[1481.266s][info ][gc,task      ] GC(504) Using 4 workers of 4 for evacuation
[1481.269s][debug][gc,ref       ] GC(504) Skipped phase1 of Reference Processing due to unavailable references
[1481.269s][debug][gc,ref       ] GC(504) Skipped phase2 of Reference Processing due to unavailable references
[1481.269s][debug][gc,ref       ] GC(504) Skipped phase3 of Reference Processing due to unavailable references
[1481.269s][debug][gc,ref       ] GC(504) Skipped phase4 of Reference Processing due to unavailable references
[1481.269s][debug][gc,age       ] GC(504) Desired survivor size 15368192 bytes, new threshold 6 (max threshold 6)
[1481.269s][info ][gc,heap      ] GC(504) ParNew: 241625K->1147K(270336K)
[1481.269s][info ][gc,heap      ] GC(504) CMS: 311595K->311746K(600768K)
[1481.269s][info ][gc,metaspace ] GC(504) Metaspace: 57460K->57460K(1101824K)
[1481.269s][info ][gc           ] GC(504) Pause Young (Allocation Failure) 540M->305M(850M) 3.535ms
[1481.269s][info ][gc,cpu       ] GC(504) User=0.01s Sys=0.00s Real=0.01s
[1481.269s][info ][safepoint    ] Leaving safepoint region
[1481.269s][info ][safepoint    ] Total time for which application threads were stopped: 0.0037425 seconds, Stopping threads took: 0.0000644 seconds
[1483.270s][info ][safepoint    ] Application time: 2.0001740 seconds
[1483.270s][info ][safepoint    ] Entering safepoint region: Cleanup
[1483.270s][info ][safepoint    ] Leaving safepoint region
[1483.270s][info ][safepoint    ] Total time for which application threads were stopped: 0.0001697 seconds, Stopping threads took: 0.0000989 seconds
[1484.572s][info ][safepoint    ] Application time: 1.3023970 seconds
[1484.572s][info ][safepoint    ] Entering safepoint region: GenCollectForAllocation
[1484.572s][info ][gc,start     ] GC(505) Pause Young (Allocation Failure)
[1484.572s][info ][gc,task      ] GC(505) Using 4 workers of 4 for evacuation
[1484.575s][debug][gc,ref       ] GC(505) Skipped phase1 of Reference Processing due to unavailable references
[1484.575s][debug][gc,ref       ] GC(505) Skipped phase2 of Reference Processing due to unavailable references
[1484.575s][debug][gc,ref       ] GC(505) Skipped phase3 of Reference Processing due to unavailable references
[1484.575s][debug][gc,ref       ] GC(505) Skipped phase4 of Reference Processing due to unavailable references
[1484.575s][debug][gc,age       ] GC(505) Desired survivor size 15368192 bytes, new threshold 6 (max threshold 6)
[1484.575s][info ][gc,heap      ] GC(505) ParNew: 241467K->1088K(270336K)
[1484.575s][info ][gc,heap      ] GC(505) CMS: 311746K->311849K(600768K)
[1484.575s][info ][gc,metaspace ] GC(505) Metaspace: 57460K->57460K(1101824K)
[1484.575s][info ][gc           ] GC(505) Pause Young (Allocation Failure) 540M->305M(850M) 2.619ms
[1484.575s][info ][gc,cpu       ] GC(505) User=0.00s Sys=0.01s Real=0.01s
[1484.575s][info ][safepoint    ] Leaving safepoint region
[1484.575s][info ][safepoint    ] Total time for which application threads were stopped: 0.0027909 seconds, Stopping threads took: 0.0000271 seconds
[1488.323s][info ][safepoint    ] Application time: 3.7479705 seconds
[1488.323s][info ][safepoint    ] Entering safepoint region: GenCollectForAllocation
[1488.323s][info ][gc,start     ] GC(506) Pause Young (Allocation Failure)
[1488.323s][info ][gc,task      ] GC(506) Using 4 workers of 4 for evacuation
[1488.326s][debug][gc,ref       ] GC(506) Skipped phase1 of Reference Processing due to unavailable references
[1488.326s][debug][gc,ref       ] GC(506) Skipped phase2 of Reference Processing due to unavailable references
[1488.326s][debug][gc,ref       ] GC(506) Skipped phase3 of Reference Processing due to unavailable references
[1488.326s][debug][gc,ref       ] GC(506) Skipped phase4 of Reference Processing due to unavailable references
[1488.326s][debug][gc,age       ] GC(506) Desired survivor size 15368192 bytes, new threshold 6 (max threshold 6)
[1488.326s][info ][gc,heap      ] GC(506) ParNew: 241408K->1308K(270336K)
[1488.326s][info ][gc,heap      ] GC(506) CMS: 311849K->311874K(600768K)
[1488.326s][info ][gc,metaspace ] GC(506) Metaspace: 57460K->57460K(1101824K)
[1488.326s][info ][gc           ] GC(506) Pause Young (Allocation Failure) 540M->305M(850M) 2.717ms
[1488.326s][info ][gc,cpu       ] GC(506) User=0.01s Sys=0.01s Real=0.00s
[1488.326s][info ][safepoint    ] Leaving safepoint region
[1488.326s][info ][safepoint    ] Total time for which application threads were stopped: 0.0028773 seconds, Stopping threads took: 0.0000156 seconds
[1492.067s][info ][safepoint    ] Application time: 3.7409019 seconds
[1492.067s][info ][safepoint    ] Entering safepoint region: GenCollectForAllocation
[1492.067s][info ][gc,start     ] GC(507) Pause Young (Allocation Failure)
[1492.067s][info ][gc,task      ] GC(507) Using 4 workers of 4 for evacuation
[1492.069s][debug][gc,ref       ] GC(507) Skipped phase1 of Reference Processing due to unavailable references
[1492.069s][debug][gc,ref       ] GC(507) Skipped phase2 of Reference Processing due to unavailable references
[1492.069s][debug][gc,ref       ] GC(507) Skipped phase3 of Reference Processing due to unavailable references
[1492.069s][debug][gc,ref       ] GC(507) Skipped phase4 of Reference Processing due to unavailable references
[1492.070s][debug][gc,age       ] GC(507) Desired survivor size 15368192 bytes, new threshold 6 (max threshold 6)
[1492.070s][info ][gc,heap      ] GC(507) ParNew: 241628K->973K(270336K)
[1492.070s][info ][gc,heap      ] GC(507) CMS: 311874K->311969K(600768K)
[1492.070s][info ][gc,metaspace ] GC(507) Metaspace: 57460K->57460K(1101824K)
[1492.070s][info ][gc           ] GC(507) Pause Young (Allocation Failure) 540M->305M(850M) 2.684ms
[1492.070s][info ][gc,cpu       ] GC(507) User=0.01s Sys=0.00s Real=0.00s
[1492.070s][info ][safepoint    ] Leaving safepoint region
[1492.070s][info ][safepoint    ] Total time for which application threads were stopped: 0.0028326 seconds, Stopping threads took: 0.0000162 seconds
[1495.819s][info ][safepoint    ] Application time: 3.7492880 seconds
[1495.819s][info ][safepoint    ] Entering safepoint region: GenCollectForAllocation
[1495.819s][info ][gc,start     ] GC(508) Pause Young (Allocation Failure)
[1495.819s][info ][gc,task      ] GC(508) Using 4 workers of 4 for evacuation
[1495.824s][debug][gc,ref       ] GC(508) Skipped phase1 of Reference Processing due to unavailable references
[1495.824s][debug][gc,ref       ] GC(508) Skipped phase2 of Reference Processing due to unavailable references
[1495.824s][debug][gc,ref       ] GC(508) Skipped phase3 of Reference Processing due to unavailable references
[1495.824s][debug][gc,ref       ] GC(508) Skipped phase4 of Reference Processing due to unavailable references
[1495.824s][debug][gc,age       ] GC(508) Desired survivor size 15368192 bytes, new threshold 6 (max threshold 6)
[1495.825s][info ][gc,heap      ] GC(508) ParNew: 241293K->1007K(270336K)
[1495.825s][info ][gc,heap      ] GC(508) CMS: 311969K->312023K(600768K)
[1495.825s][info ][gc,metaspace ] GC(508) Metaspace: 57460K->57460K(1101824K)
[1495.825s][info ][gc           ] GC(508) Pause Young (Allocation Failure) 540M->305M(850M) 5.428ms
[1495.825s][info ][gc,cpu       ] GC(508) User=0.02s Sys=0.00s Real=0.00s
[1495.825s][info ][safepoint    ] Leaving safepoint region
[1495.825s][info ][safepoint    ] Total time for which application threads were stopped: 0.0056125 seconds, Stopping threads took: 0.0000152 seconds
[1499.520s][info ][safepoint    ] Application time: 3.6953834 seconds
[1499.520s][info ][safepoint    ] Entering safepoint region: GenCollectForAllocation
[1499.520s][info ][gc,start     ] GC(509) Pause Young (Allocation Failure)
[1499.520s][info ][gc,task      ] GC(509) Using 4 workers of 4 for evacuation
[1499.523s][debug][gc,ref       ] GC(509) Skipped phase1 of Reference Processing due to unavailable references
[1499.523s][debug][gc,ref       ] GC(509) Skipped phase2 of Reference Processing due to unavailable references
[1499.523s][debug][gc,ref       ] GC(509) Skipped phase3 of Reference Processing due to unavailable references
[1499.523s][debug][gc,ref       ] GC(509) Skipped phase4 of Reference Processing due to unavailable references
[1499.523s][debug][gc,age       ] GC(509) Desired survivor size 15368192 bytes, new threshold 6 (max threshold 6)
[1499.523s][info ][gc,heap      ] GC(509) ParNew: 241327K->910K(270336K)
[1499.523s][info ][gc,heap      ] GC(509) CMS: 312023K->312392K(600768K)
[1499.523s][info ][gc,metaspace ] GC(509) Metaspace: 57460K->57460K(1101824K)
[1499.523s][info ][gc           ] GC(509) Pause Young (Allocation Failure) 540M->305M(850M) 2.912ms
[1499.523s][info ][gc,cpu       ] GC(509) User=0.01s Sys=0.00s Real=0.00s
[1499.523s][info ][safepoint    ] Leaving safepoint region
[1499.523s][info ][safepoint    ] Total time for which application threads were stopped: 0.0030579 seconds, Stopping threads took: 0.0000152 seconds
[1503.015s][info ][safepoint    ] Application time: 3.4921519 seconds
[1503.015s][info ][safepoint    ] Entering safepoint region: GenCollectForAllocation
[1503.015s][info ][gc,start     ] GC(510) Pause Young (Allocation Failure)
[1503.015s][info ][gc,task      ] GC(510) Using 4 workers of 4 for evacuation
[1503.018s][debug][gc,ref       ] GC(510) Skipped phase1 of Reference Processing due to unavailable references
[1503.018s][debug][gc,ref       ] GC(510) Skipped phase2 of Reference Processing due to unavailable references
[1503.018s][debug][gc,ref       ] GC(510) Skipped phase3 of Reference Processing due to unavailable references
[1503.018s][debug][gc,ref       ] GC(510) Skipped phase4 of Reference Processing due to unavailable references
[1503.018s][debug][gc,age       ] GC(510) Desired survivor size 15368192 bytes, new threshold 6 (max threshold 6)
[1503.018s][info ][gc,heap      ] GC(510) ParNew: 241230K->821K(270336K)
[1503.018s][info ][gc,heap      ] GC(510) CMS: 312392K->312458K(600768K)
[1503.018s][info ][gc,metaspace ] GC(510) Metaspace: 57463K->57463K(1101824K)
[1503.018s][info ][gc           ] GC(510) Pause Young (Allocation Failure) 540M->305M(850M) 2.776ms
[1503.018s][info ][gc,cpu       ] GC(510) User=0.00s Sys=0.00s Real=0.00s
[1503.018s][info ][safepoint    ] Leaving safepoint region
[1503.018s][info ][safepoint    ] Total time for which application threads were stopped: 0.0029521 seconds, Stopping threads took: 0.0000421 seconds
[1506.320s][info ][safepoint    ] Application time: 3.3022040 seconds
[1506.320s][info ][safepoint    ] Entering safepoint region: GenCollectForAllocation
[1506.321s][info ][gc,start     ] GC(511) Pause Young (Allocation Failure)
[1506.321s][info ][gc,task      ] GC(511) Using 4 workers of 4 for evacuation
[1506.323s][debug][gc,ref       ] GC(511) Skipped phase1 of Reference Processing due to unavailable references
[1506.323s][debug][gc,ref       ] GC(511) Skipped phase2 of Reference Processing due to unavailable references
[1506.323s][debug][gc,ref       ] GC(511) Skipped phase3 of Reference Processing due to unavailable references
[1506.323s][debug][gc,ref       ] GC(511) Skipped phase4 of Reference Processing due to unavailable references
[1506.323s][debug][gc,age       ] GC(511) Desired survivor size 15368192 bytes, new threshold 6 (max threshold 6)
[1506.323s][info ][gc,heap      ] GC(511) ParNew: 241141K->1187K(270336K)
[1506.323s][info ][gc,heap      ] GC(511) CMS: 312458K->312557K(600768K)
[1506.323s][info ][gc,metaspace ] GC(511) Metaspace: 57463K->57463K(1101824K)
[1506.323s][info ][gc           ] GC(511) Pause Young (Allocation Failure) 540M->306M(850M) 2.700ms
[1506.323s][info ][gc,cpu       ] GC(511) User=0.01s Sys=0.00s Real=0.00s
[1506.323s][info ][safepoint    ] Leaving safepoint region
[1506.323s][info ][safepoint    ] Total time for which application threads were stopped: 0.0028468 seconds, Stopping threads took: 0.0000159 seconds
[1509.665s][info ][safepoint    ] Application time: 3.3420794 seconds
[1509.665s][info ][safepoint    ] Entering safepoint region: GenCollectForAllocation
[1509.666s][info ][gc,start     ] GC(512) Pause Young (Allocation Failure)
[1509.666s][info ][gc,task      ] GC(512) Using 4 workers of 4 for evacuation
[1509.668s][debug][gc,ref       ] GC(512) Skipped phase1 of Reference Processing due to unavailable references
[1509.668s][debug][gc,ref       ] GC(512) Skipped phase2 of Reference Processing due to unavailable references
[1509.668s][debug][gc,ref       ] GC(512) Skipped phase3 of Reference Processing due to unavailable references
[1509.668s][debug][gc,ref       ] GC(512) Skipped phase4 of Reference Processing due to unavailable references
[1509.668s][debug][gc,age       ] GC(512) Desired survivor size 15368192 bytes, new threshold 6 (max threshold 6)
[1509.668s][info ][gc,heap      ] GC(512) ParNew: 241507K->1612K(270336K)
[1509.668s][info ][gc,heap      ] GC(512) CMS: 312557K->312606K(600768K)
[1509.668s][info ][gc,metaspace ] GC(512) Metaspace: 57472K->57472K(1101824K)
[1509.668s][info ][gc           ] GC(512) Pause Young (Allocation Failure) 541M->306M(850M) 2.665ms
[1509.668s][info ][gc,cpu       ] GC(512) User=0.01s Sys=0.00s Real=0.01s
[1509.668s][info ][safepoint    ] Leaving safepoint region
[1509.668s][info ][safepoint    ] Total time for which application threads were stopped: 0.0028682 seconds, Stopping threads took: 0.0000668 seconds
[1510.668s][info ][safepoint    ] Application time: 1.0000965 seconds
[1510.668s][info ][safepoint    ] Entering safepoint region: Cleanup
[1510.669s][info ][safepoint    ] Leaving safepoint region
[1510.669s][info ][safepoint    ] Total time for which application threads were stopped: 0.0001418 seconds, Stopping threads took: 0.0000553 seconds
[1512.558s][info ][safepoint    ] Application time: 1.8891343 seconds
[1512.558s][info ][safepoint    ] Entering safepoint region: GenCollectForAllocation
[1512.558s][info ][gc,start     ] GC(513) Pause Young (Allocation Failure)
[1512.558s][info ][gc,task      ] GC(513) Using 4 workers of 4 for evacuation
[1512.562s][debug][gc,ref       ] GC(513) Skipped phase1 of Reference Processing due to unavailable references
[1512.562s][debug][gc,ref       ] GC(513) Skipped phase2 of Reference Processing due to unavailable references
[1512.562s][debug][gc,ref       ] GC(513) Skipped phase3 of Reference Processing due to unavailable references
[1512.562s][debug][gc,ref       ] GC(513) Skipped phase4 of Reference Processing due to unavailable references
[1512.562s][debug][gc,age       ] GC(513) Desired survivor size 15368192 bytes, new threshold 6 (max threshold 6)
[1512.562s][info ][gc,heap      ] GC(513) ParNew: 241932K->3293K(270336K)
[1512.562s][info ][gc,heap      ] GC(513) CMS: 312606K->312653K(600768K)
[1512.562s][info ][gc,metaspace ] GC(513) Metaspace: 57478K->57478K(1101824K)
[1512.562s][info ][gc           ] GC(513) Pause Young (Allocation Failure) 541M->308M(850M) 4.129ms
[1512.562s][info ][gc,cpu       ] GC(513) User=0.02s Sys=0.01s Real=0.00s
[1512.562s][info ][safepoint    ] Leaving safepoint region
[1512.562s][info ][safepoint    ] Total time for which application threads were stopped: 0.0043203 seconds, Stopping threads took: 0.0000477 seconds
[1513.562s][info ][safepoint    ] Application time: 1.0001078 seconds
[1513.562s][info ][safepoint    ] Entering safepoint region: Cleanup
[1513.562s][info ][safepoint    ] Leaving safepoint region
[1513.562s][info ][safepoint    ] Total time for which application threads were stopped: 0.0000834 seconds, Stopping threads took: 0.0000156 seconds
[1514.573s][info ][safepoint    ] Application time: 1.0110916 seconds
[1514.573s][info ][safepoint    ] Entering safepoint region: GenCollectForAllocation
[1514.574s][info ][gc,start     ] GC(514) Pause Young (Allocation Failure)
[1514.574s][info ][gc,task      ] GC(514) Using 4 workers of 4 for evacuation
[1514.577s][debug][gc,ref       ] GC(514) Skipped phase1 of Reference Processing due to unavailable references
[1514.577s][debug][gc,ref       ] GC(514) Skipped phase2 of Reference Processing due to unavailable references
[1514.577s][debug][gc,ref       ] GC(514) Skipped phase3 of Reference Processing due to unavailable references
[1514.577s][debug][gc,ref       ] GC(514) Skipped phase4 of Reference Processing due to unavailable references
[1514.577s][debug][gc,age       ] GC(514) Desired survivor size 15368192 bytes, new threshold 6 (max threshold 6)
[1514.577s][info ][gc,heap      ] GC(514) ParNew: 243613K->2826K(270336K)
[1514.577s][info ][gc,heap      ] GC(514) CMS: 312653K->312659K(600768K)
[1514.577s][info ][gc,metaspace ] GC(514) Metaspace: 57478K->57478K(1101824K)
[1514.577s][info ][gc           ] GC(514) Pause Young (Allocation Failure) 543M->308M(850M) 3.475ms
[1514.577s][info ][gc,cpu       ] GC(514) User=0.01s Sys=0.00s Real=0.01s
[1514.577s][info ][safepoint    ] Leaving safepoint region
[1514.577s][info ][safepoint    ] Total time for which application threads were stopped: 0.0036158 seconds, Stopping threads took: 0.0000150 seconds
[1515.577s][info ][safepoint    ] Application time: 1.0001021 seconds
[1515.577s][info ][safepoint    ] Entering safepoint region: Cleanup
[1515.577s][info ][safepoint    ] Leaving safepoint region
[1515.577s][info ][safepoint    ] Total time for which application threads were stopped: 0.0000878 seconds, Stopping threads took: 0.0000286 seconds
[1517.577s][info ][safepoint    ] Application time: 2.0001968 seconds
[1517.577s][info ][safepoint    ] Entering safepoint region: Cleanup
[1517.578s][info ][safepoint    ] Leaving safepoint region
[1517.578s][info ][safepoint    ] Total time for which application threads were stopped: 0.0000733 seconds, Stopping threads took: 0.0000151 seconds
[1517.767s][info ][safepoint    ] Application time: 0.1895389 seconds
[1517.767s][info ][safepoint    ] Entering safepoint region: GenCollectForAllocation
[1517.767s][info ][gc,start     ] GC(515) Pause Young (Allocation Failure)
[1517.767s][info ][gc,task      ] GC(515) Using 4 workers of 4 for evacuation
[1517.770s][debug][gc,ref       ] GC(515) Skipped phase1 of Reference Processing due to unavailable references
[1517.770s][debug][gc,ref       ] GC(515) Skipped phase2 of Reference Processing due to unavailable references
[1517.770s][debug][gc,ref       ] GC(515) Skipped phase3 of Reference Processing due to unavailable references
[1517.770s][debug][gc,ref       ] GC(515) Skipped phase4 of Reference Processing due to unavailable references
[1517.770s][debug][gc,age       ] GC(515) Desired survivor size 15368192 bytes, new threshold 6 (max threshold 6)
[1517.770s][info ][gc,heap      ] GC(515) ParNew: 243122K->1875K(270336K)
[1517.770s][info ][gc,heap      ] GC(515) CMS: 312659K->312732K(600768K)
[1517.770s][info ][gc,metaspace ] GC(515) Metaspace: 57486K->57486K(1101824K)
[1517.770s][info ][gc           ] GC(515) Pause Young (Allocation Failure) 542M->307M(850M) 2.966ms
[1517.770s][info ][gc,cpu       ] GC(515) User=0.01s Sys=0.00s Real=0.00s
[1517.770s][info ][safepoint    ] Leaving safepoint region
[1517.770s][info ][safepoint    ] Total time for which application threads were stopped: 0.0031610 seconds, Stopping threads took: 0.0000560 seconds
[1521.115s][info ][safepoint    ] Application time: 3.3449650 seconds
[1521.115s][info ][safepoint    ] Entering safepoint region: GenCollectForAllocation
[1521.115s][info ][gc,start     ] GC(516) Pause Young (Allocation Failure)
[1521.115s][info ][gc,task      ] GC(516) Using 4 workers of 4 for evacuation
[1521.119s][debug][gc,ref       ] GC(516) Skipped phase1 of Reference Processing due to unavailable references
[1521.119s][debug][gc,ref       ] GC(516) Skipped phase2 of Reference Processing due to unavailable references
[1521.119s][debug][gc,ref       ] GC(516) Skipped phase3 of Reference Processing due to unavailable references
[1521.119s][debug][gc,ref       ] GC(516) Skipped phase4 of Reference Processing due to unavailable references
[1521.119s][debug][gc,age       ] GC(516) Desired survivor size 15368192 bytes, new threshold 6 (max threshold 6)
[1521.119s][info ][gc,heap      ] GC(516) ParNew: 242195K->1924K(270336K)
[1521.119s][info ][gc,heap      ] GC(516) CMS: 312732K->312939K(600768K)
[1521.119s][info ][gc,metaspace ] GC(516) Metaspace: 57488K->57488K(1101824K)
[1521.119s][info ][gc           ] GC(516) Pause Young (Allocation Failure) 541M->307M(850M) 3.260ms
[1521.119s][info ][gc,cpu       ] GC(516) User=0.01s Sys=0.00s Real=0.00s
[1521.119s][info ][safepoint    ] Leaving safepoint region
[1521.119s][info ][safepoint    ] Total time for which application threads were stopped: 0.0034717 seconds, Stopping threads took: 0.0000581 seconds
[1524.119s][info ][safepoint    ] Application time: 3.0002316 seconds
[1524.119s][info ][safepoint    ] Entering safepoint region: Cleanup
[1524.119s][info ][safepoint    ] Leaving safepoint region
[1524.119s][info ][safepoint    ] Total time for which application threads were stopped: 0.0001166 seconds, Stopping threads took: 0.0000465 seconds
[1524.566s][info ][safepoint    ] Application time: 0.4473371 seconds
[1524.567s][info ][safepoint    ] Entering safepoint region: GenCollectForAllocation
[1524.567s][info ][gc,start     ] GC(517) Pause Young (Allocation Failure)
[1524.567s][info ][gc,task      ] GC(517) Using 4 workers of 4 for evacuation
[1524.569s][debug][gc,ref       ] GC(517) Skipped phase1 of Reference Processing due to unavailable references
[1524.569s][debug][gc,ref       ] GC(517) Skipped phase2 of Reference Processing due to unavailable references
[1524.569s][debug][gc,ref       ] GC(517) Skipped phase3 of Reference Processing due to unavailable references
[1524.569s][debug][gc,ref       ] GC(517) Skipped phase4 of Reference Processing due to unavailable references
[1524.570s][debug][gc,age       ] GC(517) Desired survivor size 15368192 bytes, new threshold 6 (max threshold 6)
[1524.570s][info ][gc,heap      ] GC(517) ParNew: 242244K->1749K(270336K)
[1524.570s][info ][gc,heap      ] GC(517) CMS: 312939K->313052K(600768K)
[1524.570s][info ][gc,metaspace ] GC(517) Metaspace: 57493K->57493K(1101824K)
[1524.570s][info ][gc           ] GC(517) Pause Young (Allocation Failure) 542M->307M(850M) 2.955ms
[1524.570s][info ][gc,cpu       ] GC(517) User=0.01s Sys=0.00s Real=0.00s
[1524.570s][info ][safepoint    ] Leaving safepoint region
[1524.570s][info ][safepoint    ] Total time for which application threads were stopped: 0.0030976 seconds, Stopping threads took: 0.0000149 seconds
[1525.570s][info ][safepoint    ] Application time: 1.0001060 seconds
[1525.570s][info ][safepoint    ] Entering safepoint region: Cleanup
[1525.570s][info ][safepoint    ] Leaving safepoint region
[1525.570s][info ][safepoint    ] Total time for which application threads were stopped: 0.0001585 seconds, Stopping threads took: 0.0000745 seconds
[1526.570s][info ][safepoint    ] Application time: 1.0000963 seconds
[1526.570s][info ][safepoint    ] Entering safepoint region: Cleanup
[1526.570s][info ][safepoint    ] Leaving safepoint region
[1526.570s][info ][safepoint    ] Total time for which application threads were stopped: 0.0001306 seconds, Stopping threads took: 0.0000609 seconds
[1527.570s][info ][safepoint    ] Application time: 1.0000917 seconds
[1527.570s][info ][safepoint    ] Entering safepoint region: Cleanup
[1527.570s][info ][safepoint    ] Leaving safepoint region
[1527.570s][info ][safepoint    ] Total time for which application threads were stopped: 0.0001244 seconds, Stopping threads took: 0.0000564 seconds
[1527.719s][info ][safepoint    ] Application time: 0.1490075 seconds
[1527.720s][info ][safepoint    ] Entering safepoint region: GenCollectForAllocation
[1527.720s][info ][gc,start     ] GC(518) Pause Young (Allocation Failure)
[1527.720s][info ][gc,task      ] GC(518) Using 4 workers of 4 for evacuation
[1527.723s][debug][gc,ref       ] GC(518) Skipped phase1 of Reference Processing due to unavailable references
[1527.723s][debug][gc,ref       ] GC(518) Skipped phase2 of Reference Processing due to unavailable references
[1527.723s][debug][gc,ref       ] GC(518) Skipped phase3 of Reference Processing due to unavailable references
[1527.723s][debug][gc,ref       ] GC(518) Skipped phase4 of Reference Processing due to unavailable references
[1527.723s][debug][gc,age       ] GC(518) Desired survivor size 15368192 bytes, new threshold 6 (max threshold 6)
[1527.723s][info ][gc,heap      ] GC(518) ParNew: 242069K->1832K(270336K)
[1527.723s][info ][gc,heap      ] GC(518) CMS: 313052K->313307K(600768K)
[1527.723s][info ][gc,metaspace ] GC(518) Metaspace: 57498K->57498K(1101824K)
[1527.723s][info ][gc           ] GC(518) Pause Young (Allocation Failure) 542M->307M(850M) 3.319ms
[1527.723s][info ][gc,cpu       ] GC(518) User=0.01s Sys=0.00s Real=0.00s
[1527.723s][info ][safepoint    ] Leaving safepoint region
[1527.723s][info ][safepoint    ] Total time for which application threads were stopped: 0.0035172 seconds, Stopping threads took: 0.0000523 seconds
[1528.723s][info ][safepoint    ] Application time: 1.0000774 seconds
[1528.723s][info ][safepoint    ] Entering safepoint region: Cleanup
[1528.723s][info ][safepoint    ] Leaving safepoint region
[1528.723s][info ][safepoint    ] Total time for which application threads were stopped: 0.0001360 seconds, Stopping threads took: 0.0000678 seconds
[1529.723s][info ][safepoint    ] Application time: 1.0000853 seconds
[1529.723s][info ][safepoint    ] Entering safepoint region: Cleanup
[1529.724s][info ][safepoint    ] Leaving safepoint region
[1529.724s][info ][safepoint    ] Total time for which application threads were stopped: 0.0001185 seconds, Stopping threads took: 0.0000494 seconds
[1530.724s][info ][safepoint    ] Application time: 1.0000509 seconds
[1530.724s][info ][safepoint    ] Entering safepoint region: Cleanup
[1530.724s][info ][safepoint    ] Leaving safepoint region
[1530.724s][info ][safepoint    ] Total time for which application threads were stopped: 0.0001601 seconds, Stopping threads took: 0.0000873 seconds
[1530.920s][info ][safepoint    ] Application time: 0.1962275 seconds
[1530.920s][info ][safepoint    ] Entering safepoint region: GenCollectForAllocation
[1530.920s][info ][gc,start     ] GC(519) Pause Young (Allocation Failure)
[1530.920s][info ][gc,task      ] GC(519) Using 4 workers of 4 for evacuation
[1530.923s][debug][gc,ref       ] GC(519) Skipped phase1 of Reference Processing due to unavailable references
[1530.923s][debug][gc,ref       ] GC(519) Skipped phase2 of Reference Processing due to unavailable references
[1530.923s][debug][gc,ref       ] GC(519) Skipped phase3 of Reference Processing due to unavailable references
[1530.923s][debug][gc,ref       ] GC(519) Skipped phase4 of Reference Processing due to unavailable references
[1530.923s][debug][gc,age       ] GC(519) Desired survivor size 15368192 bytes, new threshold 6 (max threshold 6)
[1530.923s][info ][gc,heap      ] GC(519) ParNew: 242152K->1464K(270336K)
[1530.923s][info ][gc,heap      ] GC(519) CMS: 313307K->313361K(600768K)
[1530.923s][info ][gc,metaspace ] GC(519) Metaspace: 57499K->57499K(1101824K)
[1530.923s][info ][gc           ] GC(519) Pause Young (Allocation Failure) 542M->307M(850M) 2.802ms
[1530.923s][info ][gc,cpu       ] GC(519) User=0.01s Sys=0.00s Real=0.00s
[1530.923s][info ][safepoint    ] Leaving safepoint region
[1530.923s][info ][safepoint    ] Total time for which application threads were stopped: 0.0029360 seconds, Stopping threads took: 0.0000142 seconds
[1531.923s][info ][safepoint    ] Application time: 1.0000997 seconds
[1531.923s][info ][safepoint    ] Entering safepoint region: Cleanup
[1531.923s][info ][safepoint    ] Leaving safepoint region
[1531.923s][info ][safepoint    ] Total time for which application threads were stopped: 0.0001180 seconds, Stopping threads took: 0.0000514 seconds
[1532.923s][info ][safepoint    ] Application time: 1.0000973 seconds
[1532.923s][info ][safepoint    ] Entering safepoint region: Cleanup
[1532.924s][info ][safepoint    ] Leaving safepoint region
[1532.924s][info ][safepoint    ] Total time for which application threads were stopped: 0.0001210 seconds, Stopping threads took: 0.0000551 seconds
[1533.924s][info ][safepoint    ] Application time: 1.0000919 seconds
[1533.924s][info ][safepoint    ] Entering safepoint region: Cleanup
[1533.924s][info ][safepoint    ] Leaving safepoint region
[1533.924s][info ][safepoint    ] Total time for which application threads were stopped: 0.0001616 seconds, Stopping threads took: 0.0000967 seconds
[1534.365s][info ][safepoint    ] Application time: 0.4408997 seconds
[1534.365s][info ][safepoint    ] Entering safepoint region: GenCollectForAllocation
[1534.365s][info ][gc,start     ] GC(520) Pause Young (Allocation Failure)
[1534.365s][info ][gc,task      ] GC(520) Using 4 workers of 4 for evacuation
[1534.368s][debug][gc,ref       ] GC(520) Skipped phase1 of Reference Processing due to unavailable references
[1534.368s][debug][gc,ref       ] GC(520) Skipped phase2 of Reference Processing due to unavailable references
[1534.368s][debug][gc,ref       ] GC(520) Skipped phase3 of Reference Processing due to unavailable references
[1534.368s][debug][gc,ref       ] GC(520) Skipped phase4 of Reference Processing due to unavailable references
[1534.368s][debug][gc,age       ] GC(520) Desired survivor size 15368192 bytes, new threshold 6 (max threshold 6)
[1534.368s][info ][gc,heap      ] GC(520) ParNew: 241784K->1622K(270336K)
[1534.368s][info ][gc,heap      ] GC(520) CMS: 313361K->313536K(600768K)
[1534.368s][info ][gc,metaspace ] GC(520) Metaspace: 57499K->57499K(1101824K)
[1534.368s][info ][gc           ] GC(520) Pause Young (Allocation Failure) 542M->307M(850M) 3.392ms
[1534.368s][info ][gc,cpu       ] GC(520) User=0.01s Sys=0.00s Real=0.01s
[1534.368s][info ][safepoint    ] Leaving safepoint region
[1534.368s][info ][safepoint    ] Total time for which application threads were stopped: 0.0035329 seconds, Stopping threads took: 0.0000154 seconds
[1535.368s][info ][safepoint    ] Application time: 1.0000970 seconds
[1535.368s][info ][safepoint    ] Entering safepoint region: Cleanup
[1535.369s][info ][safepoint    ] Leaving safepoint region
[1535.369s][info ][safepoint    ] Total time for which application threads were stopped: 0.0001381 seconds, Stopping threads took: 0.0000712 seconds
[1536.369s][info ][safepoint    ] Application time: 1.0001091 seconds
[1536.369s][info ][safepoint    ] Entering safepoint region: Cleanup
[1536.369s][info ][safepoint    ] Leaving safepoint region
[1536.369s][info ][safepoint    ] Total time for which application threads were stopped: 0.0001342 seconds, Stopping threads took: 0.0000700 seconds
[1537.369s][info ][safepoint    ] Application time: 1.0000950 seconds
[1537.369s][info ][safepoint    ] Entering safepoint region: Cleanup
[1537.369s][info ][safepoint    ] Leaving safepoint region
[1537.369s][info ][safepoint    ] Total time for which application threads were stopped: 0.0001217 seconds, Stopping threads took: 0.0000578 seconds
[1537.815s][info ][safepoint    ] Application time: 0.4454310 seconds
[1537.815s][info ][safepoint    ] Entering safepoint region: GenCollectForAllocation
[1537.815s][info ][gc,start     ] GC(521) Pause Young (Allocation Failure)
[1537.815s][info ][gc,task      ] GC(521) Using 4 workers of 4 for evacuation
[1537.817s][debug][gc,ref       ] GC(521) Skipped phase1 of Reference Processing due to unavailable references
[1537.817s][debug][gc,ref       ] GC(521) Skipped phase2 of Reference Processing due to unavailable references
[1537.817s][debug][gc,ref       ] GC(521) Skipped phase3 of Reference Processing due to unavailable references
[1537.817s][debug][gc,ref       ] GC(521) Skipped phase4 of Reference Processing due to unavailable references
[1537.817s][debug][gc,age       ] GC(521) Desired survivor size 15368192 bytes, new threshold 6 (max threshold 6)
[1537.817s][info ][gc,heap      ] GC(521) ParNew: 241942K->1403K(270336K)
[1537.817s][info ][gc,heap      ] GC(521) CMS: 313536K->313624K(600768K)
[1537.817s][info ][gc,metaspace ] GC(521) Metaspace: 57499K->57499K(1101824K)
[1537.817s][info ][gc           ] GC(521) Pause Young (Allocation Failure) 542M->307M(850M) 2.733ms
[1537.817s][info ][gc,cpu       ] GC(521) User=0.01s Sys=0.00s Real=0.00s
[1537.817s][info ][safepoint    ] Leaving safepoint region
[1537.817s][info ][safepoint    ] Total time for which application threads were stopped: 0.0028851 seconds, Stopping threads took: 0.0000152 seconds
[1538.818s][info ][safepoint    ] Application time: 1.0001028 seconds
[1538.818s][info ][safepoint    ] Entering safepoint region: Cleanup
[1538.818s][info ][safepoint    ] Leaving safepoint region
[1538.818s][info ][safepoint    ] Total time for which application threads were stopped: 0.0001214 seconds, Stopping threads took: 0.0000587 seconds
[1539.818s][info ][safepoint    ] Application time: 1.0001703 seconds
[1539.818s][info ][safepoint    ] Entering safepoint region: Cleanup
[1539.818s][info ][safepoint    ] Leaving safepoint region
[1539.818s][info ][safepoint    ] Total time for which application threads were stopped: 0.0001319 seconds, Stopping threads took: 0.0000593 seconds
[1540.818s][info ][safepoint    ] Application time: 1.0000865 seconds
[1540.818s][info ][safepoint    ] Entering safepoint region: Cleanup
[1540.818s][info ][safepoint    ] Leaving safepoint region
[1540.818s][info ][safepoint    ] Total time for which application threads were stopped: 0.0001415 seconds, Stopping threads took: 0.0000690 seconds
[1541.169s][info ][safepoint    ] Application time: 0.3510898 seconds
[1541.170s][info ][safepoint    ] Entering safepoint region: GenCollectForAllocation
[1541.170s][info ][gc,start     ] GC(522) Pause Young (Allocation Failure)
[1541.170s][info ][gc,task      ] GC(522) Using 4 workers of 4 for evacuation
[1541.172s][debug][gc,ref       ] GC(522) Skipped phase1 of Reference Processing due to unavailable references
[1541.172s][debug][gc,ref       ] GC(522) Skipped phase2 of Reference Processing due to unavailable references
[1541.172s][debug][gc,ref       ] GC(522) Skipped phase3 of Reference Processing due to unavailable references
[1541.172s][debug][gc,ref       ] GC(522) Skipped phase4 of Reference Processing due to unavailable references
[1541.172s][debug][gc,age       ] GC(522) Desired survivor size 15368192 bytes, new threshold 6 (max threshold 6)
[1541.172s][info ][gc,heap      ] GC(522) ParNew: 241723K->1293K(270336K)
[1541.172s][info ][gc,heap      ] GC(522) CMS: 313624K->313760K(600768K)
[1541.172s][info ][gc,metaspace ] GC(522) Metaspace: 57500K->57500K(1101824K)
[1541.172s][info ][gc           ] GC(522) Pause Young (Allocation Failure) 542M->307M(850M) 2.755ms
[1541.172s][info ][gc,cpu       ] GC(522) User=0.01s Sys=0.00s Real=0.00s
[1541.172s][info ][safepoint    ] Leaving safepoint region
[1541.172s][info ][safepoint    ] Total time for which application threads were stopped: 0.0029990 seconds, Stopping threads took: 0.0001084 seconds
[1542.173s][info ][safepoint    ] Application time: 1.0000957 seconds
[1542.173s][info ][safepoint    ] Entering safepoint region: Cleanup
[1542.173s][info ][safepoint    ] Leaving safepoint region
[1542.173s][info ][safepoint    ] Total time for which application threads were stopped: 0.0001622 seconds, Stopping threads took: 0.0000937 seconds
[1543.173s][info ][safepoint    ] Application time: 1.0001670 seconds
[1543.173s][info ][safepoint    ] Entering safepoint region: Cleanup
[1543.173s][info ][safepoint    ] Leaving safepoint region
[1543.173s][info ][safepoint    ] Total time for which application threads were stopped: 0.0001767 seconds, Stopping threads took: 0.0001052 seconds
[1544.173s][info ][safepoint    ] Application time: 1.0000983 seconds
[1544.173s][info ][safepoint    ] Entering safepoint region: Cleanup
[1544.173s][info ][safepoint    ] Leaving safepoint region
[1544.173s][info ][safepoint    ] Total time for which application threads were stopped: 0.0001535 seconds, Stopping threads took: 0.0000842 seconds
[1544.468s][info ][safepoint    ] Application time: 0.2946986 seconds
[1544.468s][info ][safepoint    ] Entering safepoint region: GenCollectForAllocation
[1544.468s][info ][gc,start     ] GC(523) Pause Young (Allocation Failure)
[1544.468s][info ][gc,task      ] GC(523) Using 4 workers of 4 for evacuation
[1544.471s][debug][gc,ref       ] GC(523) Skipped phase1 of Reference Processing due to unavailable references
[1544.471s][debug][gc,ref       ] GC(523) Skipped phase2 of Reference Processing due to unavailable references
[1544.471s][debug][gc,ref       ] GC(523) Skipped phase3 of Reference Processing due to unavailable references
[1544.471s][debug][gc,ref       ] GC(523) Skipped phase4 of Reference Processing due to unavailable references
[1544.471s][debug][gc,age       ] GC(523) Desired survivor size 15368192 bytes, new threshold 6 (max threshold 6)
[1544.471s][info ][gc,heap      ] GC(523) ParNew: 241613K->1508K(270336K)
[1544.471s][info ][gc,heap      ] GC(523) CMS: 313760K->313822K(600768K)
[1544.471s][info ][gc,metaspace ] GC(523) Metaspace: 57503K->57503K(1101824K)
[1544.471s][info ][gc           ] GC(523) Pause Young (Allocation Failure) 542M->307M(850M) 2.762ms
[1544.471s][info ][gc,cpu       ] GC(523) User=0.01s Sys=0.00s Real=0.00s
[1544.471s][info ][safepoint    ] Leaving safepoint region
[1544.471s][info ][safepoint    ] Total time for which application threads were stopped: 0.0029307 seconds, Stopping threads took: 0.0000172 seconds
[1545.471s][info ][safepoint    ] Application time: 1.0000896 seconds
[1545.471s][info ][safepoint    ] Entering safepoint region: Cleanup
[1545.471s][info ][safepoint    ] Leaving safepoint region
[1545.471s][info ][safepoint    ] Total time for which application threads were stopped: 0.0001270 seconds, Stopping threads took: 0.0000585 seconds
[1546.471s][info ][safepoint    ] Application time: 1.0000462 seconds
[1546.472s][info ][safepoint    ] Entering safepoint region: Cleanup
[1546.472s][info ][safepoint    ] Leaving safepoint region
[1546.472s][info ][safepoint    ] Total time for which application threads were stopped: 0.0001577 seconds, Stopping threads took: 0.0000782 seconds
[1547.472s][info ][safepoint    ] Application time: 1.0000958 seconds
[1547.472s][info ][safepoint    ] Entering safepoint region: Cleanup
[1547.472s][info ][safepoint    ] Leaving safepoint region
[1547.472s][info ][safepoint    ] Total time for which application threads were stopped: 0.0001534 seconds, Stopping threads took: 0.0000689 seconds
[1547.919s][info ][safepoint    ] Application time: 0.4472044 seconds
[1547.919s][info ][safepoint    ] Entering safepoint region: GenCollectForAllocation
[1547.919s][info ][gc,start     ] GC(524) Pause Young (Allocation Failure)
[1547.919s][info ][gc,task      ] GC(524) Using 4 workers of 4 for evacuation
[1547.923s][debug][gc,ref       ] GC(524) Skipped phase1 of Reference Processing due to unavailable references
[1547.923s][debug][gc,ref       ] GC(524) Skipped phase2 of Reference Processing due to unavailable references
[1547.923s][debug][gc,ref       ] GC(524) Skipped phase3 of Reference Processing due to unavailable references
[1547.923s][debug][gc,ref       ] GC(524) Skipped phase4 of Reference Processing due to unavailable references
[1547.923s][debug][gc,age       ] GC(524) Desired survivor size 15368192 bytes, new threshold 6 (max threshold 6)
[1547.923s][info ][gc,heap      ] GC(524) ParNew: 241828K->1757K(270336K)
[1547.923s][info ][gc,heap      ] GC(524) CMS: 313822K->313942K(600768K)
[1547.923s][info ][gc,metaspace ] GC(524) Metaspace: 57505K->57505K(1101824K)
[1547.923s][info ][gc           ] GC(524) Pause Young (Allocation Failure) 542M->308M(850M) 3.877ms
[1547.923s][info ][gc,cpu       ] GC(524) User=0.02s Sys=0.00s Real=0.00s
[1547.923s][info ][safepoint    ] Leaving safepoint region
[1547.923s][info ][safepoint    ] Total time for which application threads were stopped: 0.0040266 seconds, Stopping threads took: 0.0000162 seconds
[1548.923s][info ][safepoint    ] Application time: 1.0001869 seconds
[1548.923s][info ][safepoint    ] Entering safepoint region: Cleanup
[1548.924s][info ][safepoint    ] Leaving safepoint region
[1548.924s][info ][safepoint    ] Total time for which application threads were stopped: 0.0001214 seconds, Stopping threads took: 0.0000436 seconds
[1549.924s][info ][safepoint    ] Application time: 1.0000765 seconds
[1549.924s][info ][safepoint    ] Entering safepoint region: Cleanup
[1549.924s][info ][safepoint    ] Leaving safepoint region
[1549.924s][info ][safepoint    ] Total time for which application threads were stopped: 0.0001584 seconds, Stopping threads took: 0.0000781 seconds
[1550.924s][info ][safepoint    ] Application time: 1.0000923 seconds
[1550.924s][info ][safepoint    ] Entering safepoint region: Cleanup
[1550.924s][info ][safepoint    ] Leaving safepoint region
[1550.924s][info ][safepoint    ] Total time for which application threads were stopped: 0.0000828 seconds, Stopping threads took: 0.0000162 seconds
[1551.330s][info ][safepoint    ] Application time: 0.4057218 seconds
[1551.330s][info ][safepoint    ] Entering safepoint region: GenCollectForAllocation
[1551.330s][info ][gc,start     ] GC(525) Pause Young (Allocation Failure)
[1551.330s][info ][gc,task      ] GC(525) Using 4 workers of 4 for evacuation
[1551.333s][debug][gc,ref       ] GC(525) Skipped phase1 of Reference Processing due to unavailable references
[1551.333s][debug][gc,ref       ] GC(525) Skipped phase2 of Reference Processing due to unavailable references
[1551.333s][debug][gc,ref       ] GC(525) Skipped phase3 of Reference Processing due to unavailable references
[1551.333s][debug][gc,ref       ] GC(525) Skipped phase4 of Reference Processing due to unavailable references
[1551.333s][debug][gc,age       ] GC(525) Desired survivor size 15368192 bytes, new threshold 6 (max threshold 6)
[1551.333s][info ][gc,heap      ] GC(525) ParNew: 242077K->2099K(270336K)
[1551.333s][info ][gc,heap      ] GC(525) CMS: 313942K->314039K(600768K)
[1551.333s][info ][gc,metaspace ] GC(525) Metaspace: 57505K->57505K(1101824K)
[1551.333s][info ][gc           ] GC(525) Pause Young (Allocation Failure) 542M->308M(850M) 3.006ms
[1551.333s][info ][gc,cpu       ] GC(525) User=0.01s Sys=0.01s Real=0.00s
[1551.333s][info ][safepoint    ] Leaving safepoint region
[1551.333s][info ][safepoint    ] Total time for which application threads were stopped: 0.0032042 seconds, Stopping threads took: 0.0000571 seconds
[1552.333s][info ][safepoint    ] Application time: 1.0001009 seconds
[1552.333s][info ][safepoint    ] Entering safepoint region: Cleanup
[1552.333s][info ][safepoint    ] Leaving safepoint region
[1552.333s][info ][safepoint    ] Total time for which application threads were stopped: 0.0001162 seconds, Stopping threads took: 0.0000579 seconds
[1553.333s][info ][safepoint    ] Application time: 1.0000904 seconds
[1553.333s][info ][safepoint    ] Entering safepoint region: Cleanup
[1553.334s][info ][safepoint    ] Leaving safepoint region
[1553.334s][info ][safepoint    ] Total time for which application threads were stopped: 0.0001384 seconds, Stopping threads took: 0.0000613 seconds
[1554.334s][info ][safepoint    ] Application time: 1.0000974 seconds
[1554.334s][info ][safepoint    ] Entering safepoint region: Cleanup
[1554.334s][info ][safepoint    ] Leaving safepoint region
[1554.334s][info ][safepoint    ] Total time for which application threads were stopped: 0.0000832 seconds, Stopping threads took: 0.0000274 seconds
[1554.563s][info ][safepoint    ] Application time: 0.2293013 seconds
[1554.563s][info ][safepoint    ] Entering safepoint region: GenCollectForAllocation
[1554.563s][info ][gc,start     ] GC(526) Pause Young (Allocation Failure)
[1554.563s][info ][gc,task      ] GC(526) Using 4 workers of 4 for evacuation
[1554.566s][debug][gc,ref       ] GC(526) Skipped phase1 of Reference Processing due to unavailable references
[1554.566s][debug][gc,ref       ] GC(526) Skipped phase2 of Reference Processing due to unavailable references
[1554.566s][debug][gc,ref       ] GC(526) Skipped phase3 of Reference Processing due to unavailable references
[1554.566s][debug][gc,ref       ] GC(526) Skipped phase4 of Reference Processing due to unavailable references
[1554.566s][debug][gc,age       ] GC(526) Desired survivor size 15368192 bytes, new threshold 6 (max threshold 6)
[1554.566s][info ][gc,heap      ] GC(526) ParNew: 242419K->1453K(270336K)
[1554.566s][info ][gc,heap      ] GC(526) CMS: 314039K->314062K(600768K)
[1554.566s][info ][gc,metaspace ] GC(526) Metaspace: 57506K->57506K(1101824K)
[1554.566s][info ][gc           ] GC(526) Pause Young (Allocation Failure) 543M->308M(850M) 2.870ms
[1554.566s][info ][gc,cpu       ] GC(526) User=0.01s Sys=0.00s Real=0.01s
[1554.566s][info ][safepoint    ] Leaving safepoint region
[1554.566s][info ][safepoint    ] Total time for which application threads were stopped: 0.0030516 seconds, Stopping threads took: 0.0000474 seconds
[1555.566s][info ][safepoint    ] Application time: 1.0001066 seconds
[1555.566s][info ][safepoint    ] Entering safepoint region: Cleanup
[1555.566s][info ][safepoint    ] Leaving safepoint region
[1555.566s][info ][safepoint    ] Total time for which application threads were stopped: 0.0001470 seconds, Stopping threads took: 0.0000699 seconds
[1556.566s][info ][safepoint    ] Application time: 1.0000542 seconds
[1556.567s][info ][safepoint    ] Entering safepoint region: Cleanup
[1556.567s][info ][safepoint    ] Leaving safepoint region
[1556.567s][info ][safepoint    ] Total time for which application threads were stopped: 0.0001412 seconds, Stopping threads took: 0.0000666 seconds
[1557.567s][info ][safepoint    ] Application time: 1.0000953 seconds
[1557.567s][info ][safepoint    ] Entering safepoint region: Cleanup
[1557.567s][info ][safepoint    ] Leaving safepoint region
[1557.567s][info ][safepoint    ] Total time for which application threads were stopped: 0.0001810 seconds, Stopping threads took: 0.0000907 seconds
[1557.819s][info ][safepoint    ] Application time: 0.2518169 seconds
[1557.819s][info ][safepoint    ] Entering safepoint region: GenCollectForAllocation
[1557.819s][info ][gc,start     ] GC(527) Pause Young (Allocation Failure)
[1557.819s][info ][gc,task      ] GC(527) Using 4 workers of 4 for evacuation
[1557.822s][debug][gc,ref       ] GC(527) Skipped phase1 of Reference Processing due to unavailable references
[1557.822s][debug][gc,ref       ] GC(527) Skipped phase2 of Reference Processing due to unavailable references
[1557.822s][debug][gc,ref       ] GC(527) Skipped phase3 of Reference Processing due to unavailable references
[1557.822s][debug][gc,ref       ] GC(527) Skipped phase4 of Reference Processing due to unavailable references
[1557.822s][debug][gc,age       ] GC(527) Desired survivor size 15368192 bytes, new threshold 6 (max threshold 6)
[1557.822s][info ][gc,heap      ] GC(527) ParNew: 241773K->1720K(270336K)
[1557.822s][info ][gc,heap      ] GC(527) CMS: 314062K->314258K(600768K)
[1557.822s][info ][gc,metaspace ] GC(527) Metaspace: 57506K->57506K(1101824K)
[1557.822s][info ][gc           ] GC(527) Pause Young (Allocation Failure) 542M->308M(850M) 3.167ms
[1557.822s][info ][gc,cpu       ] GC(527) User=0.01s Sys=0.00s Real=0.00s
[1557.822s][info ][safepoint    ] Leaving safepoint region
[1557.822s][info ][safepoint    ] Total time for which application threads were stopped: 0.0033283 seconds, Stopping threads took: 0.0000161 seconds
[1558.822s][info ][safepoint    ] Application time: 1.0001120 seconds
[1558.822s][info ][safepoint    ] Entering safepoint region: Cleanup
[1558.822s][info ][safepoint    ] Leaving safepoint region
[1558.822s][info ][safepoint    ] Total time for which application threads were stopped: 0.0001382 seconds, Stopping threads took: 0.0000763 seconds
[1559.823s][info ][safepoint    ] Application time: 1.0000878 seconds
[1559.823s][info ][safepoint    ] Entering safepoint region: Cleanup
[1559.823s][info ][safepoint    ] Leaving safepoint region
[1559.823s][info ][safepoint    ] Total time for which application threads were stopped: 0.0001287 seconds, Stopping threads took: 0.0000605 seconds
[1560.823s][info ][safepoint    ] Application time: 1.0000774 seconds
[1560.823s][info ][safepoint    ] Entering safepoint region: Cleanup
[1560.823s][info ][safepoint    ] Leaving safepoint region
[1560.823s][info ][safepoint    ] Total time for which application threads were stopped: 0.0001360 seconds, Stopping threads took: 0.0000730 seconds
[1561.215s][info ][safepoint    ] Application time: 0.3925322 seconds
[1561.216s][info ][safepoint    ] Entering safepoint region: GenCollectForAllocation
[1561.216s][info ][gc,start     ] GC(528) Pause Young (Allocation Failure)
[1561.216s][info ][gc,task      ] GC(528) Using 4 workers of 4 for evacuation
[1561.218s][debug][gc,ref       ] GC(528) Skipped phase1 of Reference Processing due to unavailable references
[1561.219s][debug][gc,ref       ] GC(528) Skipped phase2 of Reference Processing due to unavailable references
[1561.219s][debug][gc,ref       ] GC(528) Skipped phase3 of Reference Processing due to unavailable references
[1561.219s][debug][gc,ref       ] GC(528) Skipped phase4 of Reference Processing due to unavailable references
[1561.219s][debug][gc,age       ] GC(528) Desired survivor size 15368192 bytes, new threshold 6 (max threshold 6)
[1561.219s][info ][gc,heap      ] GC(528) ParNew: 242040K->1771K(270336K)
[1561.219s][info ][gc,heap      ] GC(528) CMS: 314258K->314275K(600768K)
[1561.219s][info ][gc,metaspace ] GC(528) Metaspace: 57508K->57508K(1101824K)
[1561.219s][info ][gc           ] GC(528) Pause Young (Allocation Failure) 543M->308M(850M) 3.025ms
[1561.219s][info ][gc,cpu       ] GC(528) User=0.02s Sys=0.00s Real=0.00s
[1561.219s][info ][safepoint    ] Leaving safepoint region
[1561.219s][info ][safepoint    ] Total time for which application threads were stopped: 0.0032350 seconds, Stopping threads took: 0.0000761 seconds
[1562.219s][info ][safepoint    ] Application time: 1.0001092 seconds
[1562.219s][info ][safepoint    ] Entering safepoint region: Cleanup
[1562.219s][info ][safepoint    ] Leaving safepoint region
[1562.219s][info ][safepoint    ] Total time for which application threads were stopped: 0.0001161 seconds, Stopping threads took: 0.0000554 seconds
[1563.219s][info ][safepoint    ] Application time: 1.0001017 seconds
[1563.219s][info ][safepoint    ] Entering safepoint region: Cleanup
[1563.219s][info ][safepoint    ] Leaving safepoint region
[1563.219s][info ][safepoint    ] Total time for which application threads were stopped: 0.0002759 seconds, Stopping threads took: 0.0001137 seconds
[1564.220s][info ][safepoint    ] Application time: 1.0000907 seconds
[1564.220s][info ][safepoint    ] Entering safepoint region: Cleanup
[1564.220s][info ][safepoint    ] Leaving safepoint region
[1564.220s][info ][safepoint    ] Total time for which application threads were stopped: 0.0001378 seconds, Stopping threads took: 0.0000591 seconds
[1564.473s][info ][safepoint    ] Application time: 0.2529882 seconds
[1564.473s][info ][safepoint    ] Entering safepoint region: GenCollectForAllocation
[1564.473s][info ][gc,start     ] GC(529) Pause Young (Allocation Failure)
[1564.473s][info ][gc,task      ] GC(529) Using 4 workers of 4 for evacuation
[1564.476s][debug][gc,ref       ] GC(529) Skipped phase1 of Reference Processing due to unavailable references
[1564.476s][debug][gc,ref       ] GC(529) Skipped phase2 of Reference Processing due to unavailable references
[1564.476s][debug][gc,ref       ] GC(529) Skipped phase3 of Reference Processing due to unavailable references
[1564.476s][debug][gc,ref       ] GC(529) Skipped phase4 of Reference Processing due to unavailable references
[1564.476s][debug][gc,age       ] GC(529) Desired survivor size 15368192 bytes, new threshold 6 (max threshold 6)
[1564.476s][info ][gc,heap      ] GC(529) ParNew: 242091K->1829K(270336K)
[1564.476s][info ][gc,heap      ] GC(529) CMS: 314275K->314387K(600768K)
[1564.476s][info ][gc,metaspace ] GC(529) Metaspace: 57508K->57508K(1101824K)
[1564.476s][info ][gc           ] GC(529) Pause Young (Allocation Failure) 543M->308M(850M) 3.160ms
[1564.476s][info ][gc,cpu       ] GC(529) User=0.01s Sys=0.00s Real=0.01s
[1564.476s][info ][safepoint    ] Leaving safepoint region
[1564.476s][info ][safepoint    ] Total time for which application threads were stopped: 0.0033100 seconds, Stopping threads took: 0.0000147 seconds
[1565.476s][info ][safepoint    ] Application time: 1.0001852 seconds
[1565.476s][info ][safepoint    ] Entering safepoint region: Cleanup
[1565.476s][info ][safepoint    ] Leaving safepoint region
[1565.476s][info ][safepoint    ] Total time for which application threads were stopped: 0.0001058 seconds, Stopping threads took: 0.0000334 seconds
[1566.476s][info ][safepoint    ] Application time: 1.0001006 seconds
[1566.477s][info ][safepoint    ] Entering safepoint region: Cleanup
[1566.477s][info ][safepoint    ] Leaving safepoint region
[1566.477s][info ][safepoint    ] Total time for which application threads were stopped: 0.0000833 seconds, Stopping threads took: 0.0000160 seconds
[1567.477s][info ][safepoint    ] Application time: 1.0000854 seconds
[1567.477s][info ][safepoint    ] Entering safepoint region: Cleanup
[1567.477s][info ][safepoint    ] Leaving safepoint region
[1567.477s][info ][safepoint    ] Total time for which application threads were stopped: 0.0000726 seconds, Stopping threads took: 0.0000187 seconds
[1567.568s][info ][safepoint    ] Application time: 0.0908509 seconds
[1567.568s][info ][safepoint    ] Entering safepoint region: GenCollectForAllocation
[1567.568s][info ][gc,start     ] GC(530) Pause Young (Allocation Failure)
[1567.568s][info ][gc,task      ] GC(530) Using 4 workers of 4 for evacuation
[1567.571s][debug][gc,ref       ] GC(530) Skipped phase1 of Reference Processing due to unavailable references
[1567.571s][debug][gc,ref       ] GC(530) Skipped phase2 of Reference Processing due to unavailable references
[1567.571s][debug][gc,ref       ] GC(530) Skipped phase3 of Reference Processing due to unavailable references
[1567.571s][debug][gc,ref       ] GC(530) Skipped phase4 of Reference Processing due to unavailable references
[1567.571s][debug][gc,age       ] GC(530) Desired survivor size 15368192 bytes, new threshold 6 (max threshold 6)
[1567.571s][info ][gc,heap      ] GC(530) ParNew: 242149K->2009K(270336K)
[1567.571s][info ][gc,heap      ] GC(530) CMS: 314387K->314446K(600768K)
[1567.571s][info ][gc,metaspace ] GC(530) Metaspace: 57509K->57509K(1101824K)
[1567.571s][info ][gc           ] GC(530) Pause Young (Allocation Failure) 543M->309M(850M) 3.403ms
[1567.571s][info ][gc,cpu       ] GC(530) User=0.01s Sys=0.00s Real=0.00s
[1567.571s][info ][safepoint    ] Leaving safepoint region
[1567.571s][info ][safepoint    ] Total time for which application threads were stopped: 0.0035517 seconds, Stopping threads took: 0.0000156 seconds
[1568.571s][info ][safepoint    ] Application time: 1.0000910 seconds
[1568.571s][info ][safepoint    ] Entering safepoint region: Cleanup
[1568.572s][info ][safepoint    ] Leaving safepoint region
[1568.572s][info ][safepoint    ] Total time for which application threads were stopped: 0.0001184 seconds, Stopping threads took: 0.0000559 seconds
[1569.572s][info ][safepoint    ] Application time: 1.0000961 seconds
[1569.572s][info ][safepoint    ] Entering safepoint region: Cleanup
[1569.572s][info ][safepoint    ] Leaving safepoint region
[1569.572s][info ][safepoint    ] Total time for which application threads were stopped: 0.0001821 seconds, Stopping threads took: 0.0001040 seconds
[1570.572s][info ][safepoint    ] Application time: 1.0000964 seconds
[1570.573s][info ][safepoint    ] Entering safepoint region: Cleanup
[1570.573s][info ][safepoint    ] Leaving safepoint region
[1570.573s][info ][safepoint    ] Total time for which application threads were stopped: 0.0006320 seconds, Stopping threads took: 0.0005718 seconds
[1570.762s][info ][safepoint    ] Application time: 0.1891157 seconds
[1570.762s][info ][safepoint    ] Entering safepoint region: GenCollectForAllocation
[1570.762s][info ][gc,start     ] GC(531) Pause Young (Allocation Failure)
[1570.762s][info ][gc,task      ] GC(531) Using 4 workers of 4 for evacuation
[1570.765s][debug][gc,ref       ] GC(531) Skipped phase1 of Reference Processing due to unavailable references
[1570.765s][debug][gc,ref       ] GC(531) Skipped phase2 of Reference Processing due to unavailable references
[1570.765s][debug][gc,ref       ] GC(531) Skipped phase3 of Reference Processing due to unavailable references
[1570.765s][debug][gc,ref       ] GC(531) Skipped phase4 of Reference Processing due to unavailable references
[1570.766s][debug][gc,age       ] GC(531) Desired survivor size 15368192 bytes, new threshold 6 (max threshold 6)
[1570.766s][info ][gc,heap      ] GC(531) ParNew: 242329K->2284K(270336K)
[1570.766s][info ][gc,heap      ] GC(531) CMS: 314446K->314459K(600768K)
[1570.766s][info ][gc,metaspace ] GC(531) Metaspace: 57512K->57512K(1101824K)
[1570.766s][info ][gc           ] GC(531) Pause Young (Allocation Failure) 543M->309M(850M) 3.650ms
[1570.766s][info ][gc,cpu       ] GC(531) User=0.01s Sys=0.01s Real=0.00s
[1570.766s][info ][safepoint    ] Leaving safepoint region
[1570.766s][info ][safepoint    ] Total time for which application threads were stopped: 0.0038229 seconds, Stopping threads took: 0.0000147 seconds
[1571.766s][info ][safepoint    ] Application time: 1.0001089 seconds
[1571.766s][info ][safepoint    ] Entering safepoint region: Cleanup
[1571.766s][info ][safepoint    ] Leaving safepoint region
[1571.766s][info ][safepoint    ] Total time for which application threads were stopped: 0.0001518 seconds, Stopping threads took: 0.0000616 seconds
[1572.766s][info ][safepoint    ] Application time: 1.0001223 seconds
[1572.766s][info ][safepoint    ] Entering safepoint region: Cleanup
[1572.767s][info ][safepoint    ] Leaving safepoint region
[1572.767s][info ][safepoint    ] Total time for which application threads were stopped: 0.0010848 seconds, Stopping threads took: 0.0000473 seconds
[1573.767s][info ][safepoint    ] Application time: 1.0000934 seconds
[1573.767s][info ][safepoint    ] Entering safepoint region: Cleanup
[1573.767s][info ][safepoint    ] Leaving safepoint region
[1573.767s][info ][safepoint    ] Total time for which application threads were stopped: 0.0001302 seconds, Stopping threads took: 0.0000676 seconds
[1574.215s][info ][safepoint    ] Application time: 0.4476114 seconds
[1574.215s][info ][safepoint    ] Entering safepoint region: GenCollectForAllocation
[1574.215s][info ][gc,start     ] GC(532) Pause Young (Allocation Failure)
[1574.215s][info ][gc,task      ] GC(532) Using 4 workers of 4 for evacuation
[1574.218s][debug][gc,ref       ] GC(532) Skipped phase1 of Reference Processing due to unavailable references
[1574.218s][debug][gc,ref       ] GC(532) Skipped phase2 of Reference Processing due to unavailable references
[1574.218s][debug][gc,ref       ] GC(532) Skipped phase3 of Reference Processing due to unavailable references
[1574.218s][debug][gc,ref       ] GC(532) Skipped phase4 of Reference Processing due to unavailable references
[1574.218s][debug][gc,age       ] GC(532) Desired survivor size 15368192 bytes, new threshold 6 (max threshold 6)
[1574.218s][info ][gc,heap      ] GC(532) ParNew: 242604K->1822K(270336K)
[1574.218s][info ][gc,heap      ] GC(532) CMS: 314459K->314670K(600768K)
[1574.218s][info ][gc,metaspace ] GC(532) Metaspace: 57513K->57513K(1101824K)
[1574.218s][info ][gc           ] GC(532) Pause Young (Allocation Failure) 544M->309M(850M) 3.067ms
[1574.218s][info ][gc,cpu       ] GC(532) User=0.01s Sys=0.00s Real=0.00s
[1574.218s][info ][safepoint    ] Leaving safepoint region
[1574.218s][info ][safepoint    ] Total time for which application threads were stopped: 0.0032356 seconds, Stopping threads took: 0.0000368 seconds
[1575.218s][info ][safepoint    ] Application time: 1.0001139 seconds
[1575.219s][info ][safepoint    ] Entering safepoint region: Cleanup
[1575.219s][info ][safepoint    ] Leaving safepoint region
[1575.219s][info ][safepoint    ] Total time for which application threads were stopped: 0.0001301 seconds, Stopping threads took: 0.0000631 seconds
[1576.219s][info ][safepoint    ] Application time: 1.0001008 seconds
[1576.219s][info ][safepoint    ] Entering safepoint region: Cleanup
[1576.219s][info ][safepoint    ] Leaving safepoint region
[1576.219s][info ][safepoint    ] Total time for which application threads were stopped: 0.0001341 seconds, Stopping threads took: 0.0000664 seconds
[1577.219s][info ][safepoint    ] Application time: 1.0000932 seconds
[1577.219s][info ][safepoint    ] Entering safepoint region: Cleanup
[1577.219s][info ][safepoint    ] Leaving safepoint region
[1577.219s][info ][safepoint    ] Total time for which application threads were stopped: 0.0001983 seconds, Stopping threads took: 0.0001365 seconds
[1577.717s][info ][safepoint    ] Application time: 0.4981909 seconds
[1577.717s][info ][safepoint    ] Entering safepoint region: GenCollectForAllocation
[1577.718s][info ][gc,start     ] GC(533) Pause Young (Allocation Failure)
[1577.718s][info ][gc,task      ] GC(533) Using 4 workers of 4 for evacuation
[1577.720s][debug][gc,ref       ] GC(533) Skipped phase1 of Reference Processing due to unavailable references
[1577.720s][debug][gc,ref       ] GC(533) Skipped phase2 of Reference Processing due to unavailable references
[1577.720s][debug][gc,ref       ] GC(533) Skipped phase3 of Reference Processing due to unavailable references
[1577.720s][debug][gc,ref       ] GC(533) Skipped phase4 of Reference Processing due to unavailable references
[1577.720s][debug][gc,age       ] GC(533) Desired survivor size 15368192 bytes, new threshold 6 (max threshold 6)
[1577.720s][info ][gc,heap      ] GC(533) ParNew: 242142K->1688K(270336K)
[1577.720s][info ][gc,heap      ] GC(533) CMS: 314670K->315080K(600768K)
[1577.720s][info ][gc,metaspace ] GC(533) Metaspace: 57513K->57513K(1101824K)
[1577.720s][info ][gc           ] GC(533) Pause Young (Allocation Failure) 543M->309M(850M) 2.915ms
[1577.720s][info ][gc,cpu       ] GC(533) User=0.01s Sys=0.00s Real=0.00s
[1577.721s][info ][safepoint    ] Leaving safepoint region
[1577.721s][info ][safepoint    ] Total time for which application threads were stopped: 0.0030721 seconds, Stopping threads took: 0.0000159 seconds
[1578.721s][info ][safepoint    ] Application time: 1.0001164 seconds
[1578.721s][info ][safepoint    ] Entering safepoint region: Cleanup
[1578.721s][info ][safepoint    ] Leaving safepoint region
[1578.721s][info ][safepoint    ] Total time for which application threads were stopped: 0.0001259 seconds, Stopping threads took: 0.0000556 seconds
[1579.721s][info ][safepoint    ] Application time: 1.0000880 seconds
[1579.721s][info ][safepoint    ] Entering safepoint region: Cleanup
[1579.721s][info ][safepoint    ] Leaving safepoint region
[1579.721s][info ][safepoint    ] Total time for which application threads were stopped: 0.0001436 seconds, Stopping threads took: 0.0000796 seconds
[1580.721s][info ][safepoint    ] Application time: 1.0002696 seconds
[1580.721s][info ][safepoint    ] Entering safepoint region: Cleanup
[1580.722s][info ][safepoint    ] Leaving safepoint region
[1580.722s][info ][safepoint    ] Total time for which application threads were stopped: 0.0001365 seconds, Stopping threads took: 0.0000721 seconds
[1580.923s][info ][safepoint    ] Application time: 0.2014200 seconds
[1580.923s][info ][safepoint    ] Entering safepoint region: GenCollectForAllocation
[1580.923s][info ][gc,start     ] GC(534) Pause Young (Allocation Failure)
[1580.923s][info ][gc,task      ] GC(534) Using 4 workers of 4 for evacuation
[1580.926s][debug][gc,ref       ] GC(534) Skipped phase1 of Reference Processing due to unavailable references
[1580.926s][debug][gc,ref       ] GC(534) Skipped phase2 of Reference Processing due to unavailable references
[1580.926s][debug][gc,ref       ] GC(534) Skipped phase3 of Reference Processing due to unavailable references
[1580.926s][debug][gc,ref       ] GC(534) Skipped phase4 of Reference Processing due to unavailable references
[1580.926s][debug][gc,age       ] GC(534) Desired survivor size 15368192 bytes, new threshold 6 (max threshold 6)
[1580.926s][info ][gc,heap      ] GC(534) ParNew: 242008K->1151K(270336K)
[1580.926s][info ][gc,heap      ] GC(534) CMS: 315080K->315563K(600768K)
[1580.926s][info ][gc,metaspace ] GC(534) Metaspace: 57513K->57513K(1101824K)
[1580.926s][info ][gc           ] GC(534) Pause Young (Allocation Failure) 544M->309M(850M) 3.082ms
[1580.926s][info ][gc,cpu       ] GC(534) User=0.01s Sys=0.00s Real=0.01s
[1580.926s][info ][safepoint    ] Leaving safepoint region
[1580.926s][info ][safepoint    ] Total time for which application threads were stopped: 0.0032435 seconds, Stopping threads took: 0.0000309 seconds
[1581.926s][info ][safepoint    ] Application time: 1.0001302 seconds
[1581.926s][info ][safepoint    ] Entering safepoint region: Cleanup
[1581.926s][info ][safepoint    ] Leaving safepoint region
[1581.926s][info ][safepoint    ] Total time for which application threads were stopped: 0.0001002 seconds, Stopping threads took: 0.0000158 seconds
[1582.927s][info ][safepoint    ] Application time: 1.0000851 seconds
[1582.927s][info ][safepoint    ] Entering safepoint region: Cleanup
[1582.927s][info ][safepoint    ] Leaving safepoint region
[1582.927s][info ][safepoint    ] Total time for which application threads were stopped: 0.0000759 seconds, Stopping threads took: 0.0000160 seconds
[1583.927s][info ][safepoint    ] Application time: 1.0001553 seconds
[1583.927s][info ][safepoint    ] Entering safepoint region: Cleanup
[1583.927s][info ][safepoint    ] Leaving safepoint region
[1583.927s][info ][safepoint    ] Total time for which application threads were stopped: 0.0000721 seconds, Stopping threads took: 0.0000157 seconds
[1584.170s][info ][safepoint    ] Application time: 0.2428763 seconds
[1584.170s][info ][safepoint    ] Entering safepoint region: GenCollectForAllocation
[1584.170s][info ][gc,start     ] GC(535) Pause Young (Allocation Failure)
[1584.170s][info ][gc,task      ] GC(535) Using 4 workers of 4 for evacuation
[1584.172s][debug][gc,ref       ] GC(535) Skipped phase1 of Reference Processing due to unavailable references
[1584.172s][debug][gc,ref       ] GC(535) Skipped phase2 of Reference Processing due to unavailable references
[1584.172s][debug][gc,ref       ] GC(535) Skipped phase3 of Reference Processing due to unavailable references
[1584.172s][debug][gc,ref       ] GC(535) Skipped phase4 of Reference Processing due to unavailable references
[1584.172s][debug][gc,age       ] GC(535) Desired survivor size 15368192 bytes, new threshold 6 (max threshold 6)
[1584.172s][info ][gc,heap      ] GC(535) ParNew: 241471K->1362K(270336K)
[1584.172s][info ][gc,heap      ] GC(535) CMS: 315563K->315605K(600768K)
[1584.172s][info ][gc,metaspace ] GC(535) Metaspace: 57513K->57513K(1101824K)
[1584.172s][info ][gc           ] GC(535) Pause Young (Allocation Failure) 543M->309M(850M) 2.383ms
[1584.172s][info ][gc,cpu       ] GC(535) User=0.01s Sys=0.00s Real=0.00s
[1584.172s][info ][safepoint    ] Leaving safepoint region
[1584.172s][info ][safepoint    ] Total time for which application threads were stopped: 0.0025237 seconds, Stopping threads took: 0.0000163 seconds
[1585.173s][info ][safepoint    ] Application time: 1.0000963 seconds
[1585.173s][info ][safepoint    ] Entering safepoint region: Cleanup
[1585.173s][info ][safepoint    ] Leaving safepoint region
[1585.173s][info ][safepoint    ] Total time for which application threads were stopped: 0.0001274 seconds, Stopping threads took: 0.0000536 seconds
[1586.173s][info ][safepoint    ] Application time: 1.0000986 seconds
[1586.173s][info ][safepoint    ] Entering safepoint region: Cleanup
[1586.173s][info ][safepoint    ] Leaving safepoint region
[1586.173s][info ][safepoint    ] Total time for which application threads were stopped: 0.0001844 seconds, Stopping threads took: 0.0001128 seconds
[1587.173s][info ][safepoint    ] Application time: 1.0000941 seconds
[1587.173s][info ][safepoint    ] Entering safepoint region: Cleanup
[1587.173s][info ][safepoint    ] Leaving safepoint region
[1587.173s][info ][safepoint    ] Total time for which application threads were stopped: 0.0001436 seconds, Stopping threads took: 0.0000756 seconds
[1587.620s][info ][safepoint    ] Application time: 0.4467144 seconds
[1587.620s][info ][safepoint    ] Entering safepoint region: GenCollectForAllocation
[1587.620s][info ][gc,start     ] GC(536) Pause Young (Allocation Failure)
[1587.620s][info ][gc,task      ] GC(536) Using 4 workers of 4 for evacuation
[1587.623s][debug][gc,ref       ] GC(536) Skipped phase1 of Reference Processing due to unavailable references
[1587.623s][debug][gc,ref       ] GC(536) Skipped phase2 of Reference Processing due to unavailable references
[1587.623s][debug][gc,ref       ] GC(536) Skipped phase3 of Reference Processing due to unavailable references
[1587.623s][debug][gc,ref       ] GC(536) Skipped phase4 of Reference Processing due to unavailable references
[1587.623s][debug][gc,age       ] GC(536) Desired survivor size 15368192 bytes, new threshold 6 (max threshold 6)
[1587.623s][info ][gc,heap      ] GC(536) ParNew: 241682K->1150K(270336K)
[1587.623s][info ][gc,heap      ] GC(536) CMS: 315605K->315739K(600768K)
[1587.623s][info ][gc,metaspace ] GC(536) Metaspace: 57517K->57517K(1101824K)
[1587.623s][info ][gc           ] GC(536) Pause Young (Allocation Failure) 544M->309M(850M) 2.997ms
[1587.623s][info ][gc,cpu       ] GC(536) User=0.01s Sys=0.00s Real=0.00s
[1587.623s][info ][safepoint    ] Leaving safepoint region
[1587.623s][info ][safepoint    ] Total time for which application threads were stopped: 0.0031334 seconds, Stopping threads took: 0.0000148 seconds
[1588.623s][info ][safepoint    ] Application time: 1.0001194 seconds
[1588.624s][info ][safepoint    ] Entering safepoint region: Cleanup
[1588.624s][info ][safepoint    ] Leaving safepoint region
[1588.624s][info ][safepoint    ] Total time for which application threads were stopped: 0.0002635 seconds, Stopping threads took: 0.0001903 seconds
[1589.624s][info ][safepoint    ] Application time: 1.0001093 seconds
[1589.624s][info ][safepoint    ] Entering safepoint region: Cleanup
[1589.624s][info ][safepoint    ] Leaving safepoint region
[1589.624s][info ][safepoint    ] Total time for which application threads were stopped: 0.0000694 seconds, Stopping threads took: 0.0000150 seconds
[1590.624s][info ][safepoint    ] Application time: 1.0000983 seconds
[1590.624s][info ][safepoint    ] Entering safepoint region: Cleanup
[1590.624s][info ][safepoint    ] Leaving safepoint region
[1590.624s][info ][safepoint    ] Total time for which application threads were stopped: 0.0000677 seconds, Stopping threads took: 0.0000150 seconds
[1591.222s][info ][safepoint    ] Application time: 0.5981086 seconds
[1591.222s][info ][safepoint    ] Entering safepoint region: GenCollectForAllocation
[1591.222s][info ][gc,start     ] GC(537) Pause Young (Allocation Failure)
[1591.222s][info ][gc,task      ] GC(537) Using 4 workers of 4 for evacuation
[1591.225s][debug][gc,ref       ] GC(537) Skipped phase1 of Reference Processing due to unavailable references
[1591.225s][debug][gc,ref       ] GC(537) Skipped phase2 of Reference Processing due to unavailable references
[1591.225s][debug][gc,ref       ] GC(537) Skipped phase3 of Reference Processing due to unavailable references
[1591.225s][debug][gc,ref       ] GC(537) Skipped phase4 of Reference Processing due to unavailable references
[1591.225s][debug][gc,age       ] GC(537) Desired survivor size 15368192 bytes, new threshold 6 (max threshold 6)
[1591.225s][info ][gc,heap      ] GC(537) ParNew: 241470K->996K(270336K)
[1591.225s][info ][gc,heap      ] GC(537) CMS: 315739K->315848K(600768K)
[1591.225s][info ][gc,metaspace ] GC(537) Metaspace: 57517K->57517K(1101824K)
[1591.225s][info ][gc           ] GC(537) Pause Young (Allocation Failure) 544M->309M(850M) 2.514ms
[1591.225s][info ][gc,cpu       ] GC(537) User=0.01s Sys=0.00s Real=0.00s
[1591.225s][info ][safepoint    ] Leaving safepoint region
[1591.225s][info ][safepoint    ] Total time for which application threads were stopped: 0.0026665 seconds, Stopping threads took: 0.0000159 seconds
[1592.225s][info ][safepoint    ] Application time: 1.0001851 seconds
[1592.225s][info ][safepoint    ] Entering safepoint region: Cleanup
[1592.225s][info ][safepoint    ] Leaving safepoint region
[1592.225s][info ][safepoint    ] Total time for which application threads were stopped: 0.0000777 seconds, Stopping threads took: 0.0000185 seconds
[1593.225s][info ][safepoint    ] Application time: 1.0001014 seconds
[1593.225s][info ][safepoint    ] Entering safepoint region: Cleanup
[1593.225s][info ][safepoint    ] Leaving safepoint region
[1593.225s][info ][safepoint    ] Total time for which application threads were stopped: 0.0000721 seconds, Stopping threads took: 0.0000166 seconds
[1594.225s][info ][safepoint    ] Application time: 1.0000855 seconds
[1594.225s][info ][safepoint    ] Entering safepoint region: Cleanup
[1594.226s][info ][safepoint    ] Leaving safepoint region
[1594.226s][info ][safepoint    ] Total time for which application threads were stopped: 0.0000839 seconds, Stopping threads took: 0.0000163 seconds
[1594.870s][info ][safepoint    ] Application time: 0.6442835 seconds
[1594.870s][info ][safepoint    ] Entering safepoint region: GenCollectForAllocation
[1594.870s][info ][gc,start     ] GC(538) Pause Young (Allocation Failure)
[1594.870s][info ][gc,task      ] GC(538) Using 4 workers of 4 for evacuation
[1594.872s][debug][gc,ref       ] GC(538) Skipped phase1 of Reference Processing due to unavailable references
[1594.872s][debug][gc,ref       ] GC(538) Skipped phase2 of Reference Processing due to unavailable references
[1594.872s][debug][gc,ref       ] GC(538) Skipped phase3 of Reference Processing due to unavailable references
[1594.872s][debug][gc,ref       ] GC(538) Skipped phase4 of Reference Processing due to unavailable references
[1594.873s][debug][gc,age       ] GC(538) Desired survivor size 15368192 bytes, new threshold 6 (max threshold 6)
[1594.873s][info ][gc,heap      ] GC(538) ParNew: 241316K->1196K(270336K)
[1594.873s][info ][gc,heap      ] GC(538) CMS: 315848K->315857K(600768K)
[1594.873s][info ][gc,metaspace ] GC(538) Metaspace: 57517K->57517K(1101824K)
[1594.873s][info ][gc           ] GC(538) Pause Young (Allocation Failure) 544M->309M(850M) 2.577ms
[1594.873s][info ][gc,cpu       ] GC(538) User=0.01s Sys=0.00s Real=0.00s
[1594.873s][info ][safepoint    ] Leaving safepoint region
[1594.873s][info ][safepoint    ] Total time for which application threads were stopped: 0.0027200 seconds, Stopping threads took: 0.0000168 seconds
[1595.873s][info ][safepoint    ] Application time: 1.0001116 seconds
[1595.873s][info ][safepoint    ] Entering safepoint region: Cleanup
[1595.873s][info ][safepoint    ] Leaving safepoint region
[1595.873s][info ][safepoint    ] Total time for which application threads were stopped: 0.0001416 seconds, Stopping threads took: 0.0000713 seconds
[1596.873s][info ][safepoint    ] Application time: 1.0001038 seconds
[1596.873s][info ][safepoint    ] Entering safepoint region: Cleanup
[1596.873s][info ][safepoint    ] Leaving safepoint region
[1596.873s][info ][safepoint    ] Total time for which application threads were stopped: 0.0001373 seconds, Stopping threads took: 0.0000754 seconds
[1597.873s][info ][safepoint    ] Application time: 1.0001041 seconds
[1597.873s][info ][safepoint    ] Entering safepoint region: Cleanup
[1597.873s][info ][safepoint    ] Leaving safepoint region
[1597.874s][info ][safepoint    ] Total time for which application threads were stopped: 0.0001578 seconds, Stopping threads took: 0.0000711 seconds
[1598.371s][info ][safepoint    ] Application time: 0.4978573 seconds
[1598.371s][info ][safepoint    ] Entering safepoint region: GenCollectForAllocation
[1598.372s][info ][gc,start     ] GC(539) Pause Young (Allocation Failure)
[1598.372s][info ][gc,task      ] GC(539) Using 4 workers of 4 for evacuation
[1598.374s][debug][gc,ref       ] GC(539) Skipped phase1 of Reference Processing due to unavailable references
[1598.374s][debug][gc,ref       ] GC(539) Skipped phase2 of Reference Processing due to unavailable references
[1598.374s][debug][gc,ref       ] GC(539) Skipped phase3 of Reference Processing due to unavailable references
[1598.374s][debug][gc,ref       ] GC(539) Skipped phase4 of Reference Processing due to unavailable references
[1598.374s][debug][gc,age       ] GC(539) Desired survivor size 15368192 bytes, new threshold 6 (max threshold 6)
[1598.374s][info ][gc,heap      ] GC(539) ParNew: 241516K->1126K(270336K)
[1598.374s][info ][gc,heap      ] GC(539) CMS: 315857K->315961K(600768K)
[1598.374s][info ][gc,metaspace ] GC(539) Metaspace: 57520K->57520K(1101824K)
[1598.374s][info ][gc           ] GC(539) Pause Young (Allocation Failure) 544M->309M(850M) 2.727ms
[1598.374s][info ][gc,cpu       ] GC(539) User=0.01s Sys=0.00s Real=0.01s
[1598.374s][info ][safepoint    ] Leaving safepoint region
[1598.374s][info ][safepoint    ] Total time for which application threads were stopped: 0.0028772 seconds, Stopping threads took: 0.0000151 seconds
[1599.374s][info ][safepoint    ] Application time: 1.0001033 seconds
[1599.374s][info ][safepoint    ] Entering safepoint region: Cleanup
[1599.375s][info ][safepoint    ] Leaving safepoint region
[1599.375s][info ][safepoint    ] Total time for which application threads were stopped: 0.0000742 seconds, Stopping threads took: 0.0000144 seconds
[1600.375s][info ][safepoint    ] Application time: 1.0000963 seconds
[1600.375s][info ][safepoint    ] Entering safepoint region: Cleanup
[1600.375s][info ][safepoint    ] Leaving safepoint region
[1600.375s][info ][safepoint    ] Total time for which application threads were stopped: 0.0001509 seconds, Stopping threads took: 0.0000706 seconds
[1601.375s][info ][safepoint    ] Application time: 1.0000933 seconds
[1601.375s][info ][safepoint    ] Entering safepoint region: Cleanup
[1601.375s][info ][safepoint    ] Leaving safepoint region
[1601.375s][info ][safepoint    ] Total time for which application threads were stopped: 0.0000906 seconds, Stopping threads took: 0.0000161 seconds
[1601.615s][info ][safepoint    ] Application time: 0.2402616 seconds
[1601.615s][info ][safepoint    ] Entering safepoint region: GenCollectForAllocation
[1601.615s][info ][gc,start     ] GC(540) Pause Young (Allocation Failure)
[1601.616s][info ][gc,task      ] GC(540) Using 4 workers of 4 for evacuation
[1601.619s][debug][gc,ref       ] GC(540) Skipped phase1 of Reference Processing due to unavailable references
[1601.619s][debug][gc,ref       ] GC(540) Skipped phase2 of Reference Processing due to unavailable references
[1601.619s][debug][gc,ref       ] GC(540) Skipped phase3 of Reference Processing due to unavailable references
[1601.619s][debug][gc,ref       ] GC(540) Skipped phase4 of Reference Processing due to unavailable references
[1601.619s][debug][gc,age       ] GC(540) Desired survivor size 15368192 bytes, new threshold 6 (max threshold 6)
[1601.619s][info ][gc,heap      ] GC(540) ParNew: 241446K->1309K(270336K)
[1601.619s][info ][gc,heap      ] GC(540) CMS: 315961K->316138K(600768K)
[1601.619s][info ][gc,metaspace ] GC(540) Metaspace: 57520K->57520K(1101824K)
[1601.619s][info ][gc           ] GC(540) Pause Young (Allocation Failure) 544M->310M(850M) 3.963ms
[1601.619s][info ][gc,cpu       ] GC(540) User=0.01s Sys=0.00s Real=0.00s
[1601.619s][info ][safepoint    ] Leaving safepoint region
[1601.619s][info ][safepoint    ] Total time for which application threads were stopped: 0.0041712 seconds, Stopping threads took: 0.0000612 seconds
[1602.620s][info ][safepoint    ] Application time: 1.0001036 seconds
[1602.634s][info ][safepoint    ] Entering safepoint region: Cleanup
[1602.634s][info ][safepoint    ] Leaving safepoint region
[1602.634s][info ][safepoint    ] Total time for which application threads were stopped: 0.0144283 seconds, Stopping threads took: 0.0143199 seconds
[1603.634s][info ][safepoint    ] Application time: 1.0000952 seconds
[1603.634s][info ][safepoint    ] Entering safepoint region: Cleanup
[1603.634s][info ][safepoint    ] Leaving safepoint region
[1603.634s][info ][safepoint    ] Total time for which application threads were stopped: 0.0000724 seconds, Stopping threads took: 0.0000160 seconds
[1604.634s][info ][safepoint    ] Application time: 1.0000990 seconds
[1604.634s][info ][safepoint    ] Entering safepoint region: Cleanup
[1604.634s][info ][safepoint    ] Leaving safepoint region
[1604.635s][info ][safepoint    ] Total time for which application threads were stopped: 0.0000711 seconds, Stopping threads took: 0.0000159 seconds
[1604.916s][info ][safepoint    ] Application time: 0.2810759 seconds
[1604.916s][info ][safepoint    ] Entering safepoint region: GenCollectForAllocation
[1604.916s][info ][gc,start     ] GC(541) Pause Young (Allocation Failure)
[1604.916s][info ][gc,task      ] GC(541) Using 4 workers of 4 for evacuation
[1604.918s][debug][gc,ref       ] GC(541) Skipped phase1 of Reference Processing due to unavailable references
[1604.918s][debug][gc,ref       ] GC(541) Skipped phase2 of Reference Processing due to unavailable references
[1604.918s][debug][gc,ref       ] GC(541) Skipped phase3 of Reference Processing due to unavailable references
[1604.918s][debug][gc,ref       ] GC(541) Skipped phase4 of Reference Processing due to unavailable references
[1604.918s][debug][gc,age       ] GC(541) Desired survivor size 15368192 bytes, new threshold 6 (max threshold 6)
[1604.918s][info ][gc,heap      ] GC(541) ParNew: 241629K->1089K(270336K)
[1604.918s][info ][gc,heap      ] GC(541) CMS: 316138K->316188K(600768K)
[1604.918s][info ][gc,metaspace ] GC(541) Metaspace: 57520K->57520K(1101824K)
[1604.918s][info ][gc           ] GC(541) Pause Young (Allocation Failure) 544M->309M(850M) 2.576ms
[1604.918s][info ][gc,cpu       ] GC(541) User=0.01s Sys=0.00s Real=0.00s
[1604.918s][info ][safepoint    ] Leaving safepoint region
[1604.918s][info ][safepoint    ] Total time for which application threads were stopped: 0.0027585 seconds, Stopping threads took: 0.0000494 seconds
[1605.918s][info ][safepoint    ] Application time: 1.0001065 seconds
[1605.923s][info ][safepoint    ] Entering safepoint region: Cleanup
[1605.923s][info ][safepoint    ] Leaving safepoint region
[1605.923s][info ][safepoint    ] Total time for which application threads were stopped: 0.0049107 seconds, Stopping threads took: 0.0048344 seconds
[1606.924s][info ][safepoint    ] Application time: 1.0000997 seconds
[1606.924s][info ][safepoint    ] Entering safepoint region: Cleanup
[1606.924s][info ][safepoint    ] Leaving safepoint region
[1606.924s][info ][safepoint    ] Total time for which application threads were stopped: 0.0001145 seconds, Stopping threads took: 0.0000451 seconds
[1607.924s][info ][safepoint    ] Application time: 1.0000923 seconds
[1607.924s][info ][safepoint    ] Entering safepoint region: Cleanup
[1607.924s][info ][safepoint    ] Leaving safepoint region
[1607.924s][info ][safepoint    ] Total time for which application threads were stopped: 0.0000708 seconds, Stopping threads took: 0.0000155 seconds
[1608.315s][info ][safepoint    ] Application time: 0.3910136 seconds
[1608.315s][info ][safepoint    ] Entering safepoint region: GenCollectForAllocation
[1608.315s][info ][gc,start     ] GC(542) Pause Young (Allocation Failure)
[1608.315s][info ][gc,task      ] GC(542) Using 4 workers of 4 for evacuation
[1608.318s][debug][gc,ref       ] GC(542) Skipped phase1 of Reference Processing due to unavailable references
[1608.318s][debug][gc,ref       ] GC(542) Skipped phase2 of Reference Processing due to unavailable references
[1608.318s][debug][gc,ref       ] GC(542) Skipped phase3 of Reference Processing due to unavailable references
[1608.318s][debug][gc,ref       ] GC(542) Skipped phase4 of Reference Processing due to unavailable references
[1608.318s][debug][gc,age       ] GC(542) Desired survivor size 15368192 bytes, new threshold 6 (max threshold 6)
[1608.318s][info ][gc,heap      ] GC(542) ParNew: 241409K->1104K(270336K)
[1608.318s][info ][gc,heap      ] GC(542) CMS: 316188K->316253K(600768K)
[1608.318s][info ][gc,metaspace ] GC(542) Metaspace: 57523K->57523K(1101824K)
[1608.318s][info ][gc           ] GC(542) Pause Young (Allocation Failure) 544M->309M(850M) 2.728ms
[1608.318s][info ][gc,cpu       ] GC(542) User=0.01s Sys=0.00s Real=0.00s
[1608.318s][info ][safepoint    ] Leaving safepoint region
[1608.318s][info ][safepoint    ] Total time for which application threads were stopped: 0.0028824 seconds, Stopping threads took: 0.0000151 seconds
[1609.318s][info ][safepoint    ] Application time: 1.0002118 seconds
[1609.318s][info ][safepoint    ] Entering safepoint region: Cleanup
[1609.318s][info ][safepoint    ] Leaving safepoint region
[1609.318s][info ][safepoint    ] Total time for which application threads were stopped: 0.0001189 seconds, Stopping threads took: 0.0000412 seconds
[1610.318s][info ][safepoint    ] Application time: 1.0001022 seconds
[1610.318s][info ][safepoint    ] Entering safepoint region: Cleanup
[1610.318s][info ][safepoint    ] Leaving safepoint region
[1610.318s][info ][safepoint    ] Total time for which application threads were stopped: 0.0001133 seconds, Stopping threads took: 0.0000478 seconds
[1611.319s][info ][safepoint    ] Application time: 1.0001601 seconds
[1611.319s][info ][safepoint    ] Entering safepoint region: Cleanup
[1611.319s][info ][safepoint    ] Leaving safepoint region
[1611.319s][info ][safepoint    ] Total time for which application threads were stopped: 0.0001083 seconds, Stopping threads took: 0.0000383 seconds
[1611.821s][info ][safepoint    ] Application time: 0.5020071 seconds
[1611.821s][info ][safepoint    ] Entering safepoint region: GenCollectForAllocation
[1611.821s][info ][gc,start     ] GC(543) Pause Young (Allocation Failure)
[1611.821s][info ][gc,task      ] GC(543) Using 4 workers of 4 for evacuation
[1611.823s][debug][gc,ref       ] GC(543) Skipped phase1 of Reference Processing due to unavailable references
[1611.823s][debug][gc,ref       ] GC(543) Skipped phase2 of Reference Processing due to unavailable references
[1611.823s][debug][gc,ref       ] GC(543) Skipped phase3 of Reference Processing due to unavailable references
[1611.824s][debug][gc,ref       ] GC(543) Skipped phase4 of Reference Processing due to unavailable references
[1611.824s][debug][gc,age       ] GC(543) Desired survivor size 15368192 bytes, new threshold 6 (max threshold 6)
[1611.824s][info ][gc,heap      ] GC(543) ParNew: 241424K->1260K(270336K)
[1611.824s][info ][gc,heap      ] GC(543) CMS: 316253K->316283K(600768K)
[1611.824s][info ][gc,metaspace ] GC(543) Metaspace: 57524K->57524K(1101824K)
[1611.824s][info ][gc           ] GC(543) Pause Young (Allocation Failure) 544M->310M(850M) 2.751ms
[1611.824s][info ][gc,cpu       ] GC(543) User=0.01s Sys=0.00s Real=0.00s
[1611.824s][info ][safepoint    ] Leaving safepoint region
[1611.824s][info ][safepoint    ] Total time for which application threads were stopped: 0.0029006 seconds, Stopping threads took: 0.0000162 seconds
[1612.824s][info ][safepoint    ] Application time: 1.0001019 seconds
[1612.824s][info ][safepoint    ] Entering safepoint region: Cleanup
[1612.824s][info ][safepoint    ] Leaving safepoint region
[1612.824s][info ][safepoint    ] Total time for which application threads were stopped: 0.0001283 seconds, Stopping threads took: 0.0000656 seconds
[1613.824s][info ][safepoint    ] Application time: 1.0000917 seconds
[1613.824s][info ][safepoint    ] Entering safepoint region: Cleanup
[1613.824s][info ][safepoint    ] Leaving safepoint region
[1613.824s][info ][safepoint    ] Total time for which application threads were stopped: 0.0001035 seconds, Stopping threads took: 0.0000369 seconds
[1614.824s][info ][safepoint    ] Application time: 1.0000896 seconds
[1614.824s][info ][safepoint    ] Entering safepoint region: Cleanup
[1614.824s][info ][safepoint    ] Leaving safepoint region
[1614.825s][info ][safepoint    ] Total time for which application threads were stopped: 0.0001461 seconds, Stopping threads took: 0.0000815 seconds
[1615.024s][info ][safepoint    ] Application time: 0.1994806 seconds
[1615.024s][info ][safepoint    ] Entering safepoint region: GenCollectForAllocation
[1615.024s][info ][gc,start     ] GC(544) Pause Young (Allocation Failure)
[1615.024s][info ][gc,task      ] GC(544) Using 4 workers of 4 for evacuation
[1615.027s][debug][gc,ref       ] GC(544) Skipped phase1 of Reference Processing due to unavailable references
[1615.027s][debug][gc,ref       ] GC(544) Skipped phase2 of Reference Processing due to unavailable references
[1615.027s][debug][gc,ref       ] GC(544) Skipped phase3 of Reference Processing due to unavailable references
[1615.027s][debug][gc,ref       ] GC(544) Skipped phase4 of Reference Processing due to unavailable references
[1615.027s][debug][gc,age       ] GC(544) Desired survivor size 15368192 bytes, new threshold 6 (max threshold 6)
[1615.027s][info ][gc,heap      ] GC(544) ParNew: 241580K->1272K(270336K)
[1615.027s][info ][gc,heap      ] GC(544) CMS: 316283K->316420K(600768K)
[1615.027s][info ][gc,metaspace ] GC(544) Metaspace: 57524K->57524K(1101824K)
[1615.027s][info ][gc           ] GC(544) Pause Young (Allocation Failure) 544M->310M(850M) 2.818ms
[1615.027s][info ][gc,cpu       ] GC(544) User=0.01s Sys=0.00s Real=0.01s
[1615.027s][info ][safepoint    ] Leaving safepoint region
[1615.027s][info ][safepoint    ] Total time for which application threads were stopped: 0.0029867 seconds, Stopping threads took: 0.0000385 seconds
[1616.027s][info ][safepoint    ] Application time: 1.0001234 seconds
[1616.027s][info ][safepoint    ] Entering safepoint region: Cleanup
[1616.027s][info ][safepoint    ] Leaving safepoint region
[1616.027s][info ][safepoint    ] Total time for which application threads were stopped: 0.0000829 seconds, Stopping threads took: 0.0000162 seconds
[1618.372s][info ][safepoint    ] Application time: 2.3452104 seconds
[1618.373s][info ][safepoint    ] Entering safepoint region: GenCollectForAllocation
[1618.373s][info ][gc,start     ] GC(545) Pause Young (Allocation Failure)
[1618.373s][info ][gc,task      ] GC(545) Using 4 workers of 4 for evacuation
[1618.375s][debug][gc,ref       ] GC(545) Skipped phase1 of Reference Processing due to unavailable references
[1618.375s][debug][gc,ref       ] GC(545) Skipped phase2 of Reference Processing due to unavailable references
[1618.375s][debug][gc,ref       ] GC(545) Skipped phase3 of Reference Processing due to unavailable references
[1618.375s][debug][gc,ref       ] GC(545) Skipped phase4 of Reference Processing due to unavailable references
[1618.375s][debug][gc,age       ] GC(545) Desired survivor size 15368192 bytes, new threshold 6 (max threshold 6)
[1618.375s][info ][gc,heap      ] GC(545) ParNew: 241592K->1335K(270336K)
[1618.375s][info ][gc,heap      ] GC(545) CMS: 316420K->316498K(600768K)
[1618.375s][info ][gc,metaspace ] GC(545) Metaspace: 57525K->57525K(1101824K)
[1618.375s][info ][gc           ] GC(545) Pause Young (Allocation Failure) 544M->310M(850M) 2.790ms
[1618.375s][info ][gc,cpu       ] GC(545) User=0.01s Sys=0.00s Real=0.01s
[1618.375s][info ][safepoint    ] Leaving safepoint region
[1618.375s][info ][safepoint    ] Total time for which application threads were stopped: 0.0029502 seconds, Stopping threads took: 0.0000153 seconds
[1621.865s][info ][safepoint    ] Application time: 3.4891069 seconds
[1621.865s][info ][safepoint    ] Entering safepoint region: GenCollectForAllocation
[1621.865s][info ][gc,start     ] GC(546) Pause Young (Allocation Failure)
[1621.865s][info ][gc,task      ] GC(546) Using 4 workers of 4 for evacuation
[1621.867s][debug][gc,ref       ] GC(546) Skipped phase1 of Reference Processing due to unavailable references
[1621.867s][debug][gc,ref       ] GC(546) Skipped phase2 of Reference Processing due to unavailable references
[1621.867s][debug][gc,ref       ] GC(546) Skipped phase3 of Reference Processing due to unavailable references
[1621.867s][debug][gc,ref       ] GC(546) Skipped phase4 of Reference Processing due to unavailable references
[1621.867s][debug][gc,age       ] GC(546) Desired survivor size 15368192 bytes, new threshold 6 (max threshold 6)
[1621.867s][info ][gc,heap      ] GC(546) ParNew: 241655K->1136K(270336K)
[1621.867s][info ][gc,heap      ] GC(546) CMS: 316498K->316578K(600768K)
[1621.867s][info ][gc,metaspace ] GC(546) Metaspace: 57527K->57527K(1101824K)
[1621.867s][info ][gc           ] GC(546) Pause Young (Allocation Failure) 545M->310M(850M) 2.574ms
[1621.867s][info ][gc,cpu       ] GC(546) User=0.01s Sys=0.00s Real=0.01s
[1621.867s][info ][safepoint    ] Leaving safepoint region
[1621.867s][info ][safepoint    ] Total time for which application threads were stopped: 0.0027179 seconds, Stopping threads took: 0.0000152 seconds
[1625.322s][info ][safepoint    ] Application time: 3.4549168 seconds
[1625.322s][info ][safepoint    ] Entering safepoint region: GenCollectForAllocation
[1625.322s][info ][gc,start     ] GC(547) Pause Young (Allocation Failure)
[1625.322s][info ][gc,task      ] GC(547) Using 4 workers of 4 for evacuation
[1625.325s][debug][gc,ref       ] GC(547) Skipped phase1 of Reference Processing due to unavailable references
[1625.325s][debug][gc,ref       ] GC(547) Skipped phase2 of Reference Processing due to unavailable references
[1625.325s][debug][gc,ref       ] GC(547) Skipped phase3 of Reference Processing due to unavailable references
[1625.325s][debug][gc,ref       ] GC(547) Skipped phase4 of Reference Processing due to unavailable references
[1625.325s][debug][gc,age       ] GC(547) Desired survivor size 15368192 bytes, new threshold 6 (max threshold 6)
[1625.325s][info ][gc,heap      ] GC(547) ParNew: 241456K->1288K(270336K)
[1625.325s][info ][gc,heap      ] GC(547) CMS: 316578K->316893K(600768K)
[1625.325s][info ][gc,metaspace ] GC(547) Metaspace: 57528K->57528K(1101824K)
[1625.325s][info ][gc           ] GC(547) Pause Young (Allocation Failure) 544M->310M(850M) 2.680ms
[1625.325s][info ][gc,cpu       ] GC(547) User=0.01s Sys=0.00s Real=0.00s
[1625.325s][info ][safepoint    ] Leaving safepoint region
[1625.325s][info ][safepoint    ] Total time for which application threads were stopped: 0.0028163 seconds, Stopping threads took: 0.0000147 seconds
[1626.325s][info ][safepoint    ] Application time: 1.0001036 seconds
[1626.325s][info ][safepoint    ] Entering safepoint region: Cleanup
[1626.325s][info ][safepoint    ] Leaving safepoint region
[1626.325s][info ][safepoint    ] Total time for which application threads were stopped: 0.0000860 seconds, Stopping threads took: 0.0000150 seconds
[1628.326s][info ][safepoint    ] Application time: 2.0004303 seconds
[1628.326s][info ][safepoint    ] Entering safepoint region: Cleanup
[1628.326s][info ][safepoint    ] Leaving safepoint region
[1628.326s][info ][safepoint    ] Total time for which application threads were stopped: 0.0000874 seconds, Stopping threads took: 0.0000157 seconds
[1628.474s][info ][safepoint    ] Application time: 0.1478914 seconds
[1628.474s][info ][safepoint    ] Entering safepoint region: GenCollectForAllocation
[1628.474s][info ][gc,start     ] GC(548) Pause Young (Allocation Failure)
[1628.474s][info ][gc,task      ] GC(548) Using 4 workers of 4 for evacuation
[1628.476s][debug][gc,ref       ] GC(548) Skipped phase1 of Reference Processing due to unavailable references
[1628.476s][debug][gc,ref       ] GC(548) Skipped phase2 of Reference Processing due to unavailable references
[1628.476s][debug][gc,ref       ] GC(548) Skipped phase3 of Reference Processing due to unavailable references
[1628.476s][debug][gc,ref       ] GC(548) Skipped phase4 of Reference Processing due to unavailable references
[1628.476s][debug][gc,age       ] GC(548) Desired survivor size 15368192 bytes, new threshold 6 (max threshold 6)
[1628.476s][info ][gc,heap      ] GC(548) ParNew: 241608K->1342K(270336K)
[1628.476s][info ][gc,heap      ] GC(548) CMS: 316893K->316969K(600768K)
[1628.476s][info ][gc,metaspace ] GC(548) Metaspace: 57528K->57528K(1101824K)
[1628.476s][info ][gc           ] GC(548) Pause Young (Allocation Failure) 545M->310M(850M) 2.542ms
[1628.476s][info ][gc,cpu       ] GC(548) User=0.01s Sys=0.00s Real=0.00s
[1628.477s][info ][safepoint    ] Leaving safepoint region
[1628.477s][info ][safepoint    ] Total time for which application threads were stopped: 0.0027058 seconds, Stopping threads took: 0.0000153 seconds
[1631.865s][info ][safepoint    ] Application time: 3.3887203 seconds
[1631.865s][info ][safepoint    ] Entering safepoint region: GenCollectForAllocation
[1631.865s][info ][gc,start     ] GC(549) Pause Young (Allocation Failure)
[1631.865s][info ][gc,task      ] GC(549) Using 4 workers of 4 for evacuation
[1631.869s][debug][gc,ref       ] GC(549) Skipped phase1 of Reference Processing due to unavailable references
[1631.869s][debug][gc,ref       ] GC(549) Skipped phase2 of Reference Processing due to unavailable references
[1631.869s][debug][gc,ref       ] GC(549) Skipped phase3 of Reference Processing due to unavailable references
[1631.869s][debug][gc,ref       ] GC(549) Skipped phase4 of Reference Processing due to unavailable references
[1631.869s][debug][gc,age       ] GC(549) Desired survivor size 15368192 bytes, new threshold 6 (max threshold 6)
[1631.869s][info ][gc,heap      ] GC(549) ParNew: 241662K->1072K(270336K)
[1631.869s][info ][gc,heap      ] GC(549) CMS: 316969K->317063K(600768K)
[1631.869s][info ][gc,metaspace ] GC(549) Metaspace: 57528K->57528K(1101824K)
[1631.869s][info ][gc           ] GC(549) Pause Young (Allocation Failure) 545M->310M(850M) 3.894ms
[1631.869s][info ][gc,cpu       ] GC(549) User=0.02s Sys=0.00s Real=0.01s
[1631.869s][info ][safepoint    ] Leaving safepoint region
[1631.869s][info ][safepoint    ] Total time for which application threads were stopped: 0.0041088 seconds, Stopping threads took: 0.0000772 seconds
[1635.221s][info ][safepoint    ] Application time: 3.3520169 seconds
[1635.221s][info ][safepoint    ] Entering safepoint region: GenCollectForAllocation
[1635.222s][info ][gc,start     ] GC(550) Pause Young (Allocation Failure)
[1635.222s][info ][gc,task      ] GC(550) Using 4 workers of 4 for evacuation
[1635.224s][debug][gc,ref       ] GC(550) Skipped phase1 of Reference Processing due to unavailable references
[1635.224s][debug][gc,ref       ] GC(550) Skipped phase2 of Reference Processing due to unavailable references
[1635.224s][debug][gc,ref       ] GC(550) Skipped phase3 of Reference Processing due to unavailable references
[1635.224s][debug][gc,ref       ] GC(550) Skipped phase4 of Reference Processing due to unavailable references
[1635.224s][debug][gc,age       ] GC(550) Desired survivor size 15368192 bytes, new threshold 6 (max threshold 6)
[1635.224s][info ][gc,heap      ] GC(550) ParNew: 241392K->1060K(270336K)
[1635.224s][info ][gc,heap      ] GC(550) CMS: 317063K->317131K(600768K)
[1635.224s][info ][gc,metaspace ] GC(550) Metaspace: 57528K->57528K(1101824K)
[1635.224s][info ][gc           ] GC(550) Pause Young (Allocation Failure) 545M->310M(850M) 2.717ms
[1635.224s][info ][gc,cpu       ] GC(550) User=0.01s Sys=0.00s Real=0.00s
[1635.224s][info ][safepoint    ] Leaving safepoint region
[1635.224s][info ][safepoint    ] Total time for which application threads were stopped: 0.0028658 seconds, Stopping threads took: 0.0000151 seconds
[1638.771s][info ][safepoint    ] Application time: 3.5470747 seconds
[1638.771s][info ][safepoint    ] Entering safepoint region: GenCollectForAllocation
[1638.772s][info ][gc,start     ] GC(551) Pause Young (Allocation Failure)
[1638.772s][info ][gc,task      ] GC(551) Using 4 workers of 4 for evacuation
[1638.774s][debug][gc,ref       ] GC(551) Skipped phase1 of Reference Processing due to unavailable references
[1638.774s][debug][gc,ref       ] GC(551) Skipped phase2 of Reference Processing due to unavailable references
[1638.774s][debug][gc,ref       ] GC(551) Skipped phase3 of Reference Processing due to unavailable references
[1638.774s][debug][gc,ref       ] GC(551) Skipped phase4 of Reference Processing due to unavailable references
[1638.774s][debug][gc,age       ] GC(551) Desired survivor size 15368192 bytes, new threshold 6 (max threshold 6)
[1638.774s][info ][gc,heap      ] GC(551) ParNew: 241380K->1266K(270336K)
[1638.774s][info ][gc,heap      ] GC(551) CMS: 317131K->317220K(600768K)
[1638.774s][info ][gc,metaspace ] GC(551) Metaspace: 57528K->57528K(1101824K)
[1638.775s][info ][gc           ] GC(551) Pause Young (Allocation Failure) 545M->311M(850M) 2.981ms
[1638.775s][info ][gc,cpu       ] GC(551) User=0.01s Sys=0.00s Real=0.01s
[1638.775s][info ][safepoint    ] Leaving safepoint region
[1638.775s][info ][safepoint    ] Total time for which application threads were stopped: 0.0031419 seconds, Stopping threads took: 0.0000334 seconds
[1641.974s][info ][safepoint    ] Application time: 3.1998437 seconds
[1641.974s][info ][safepoint    ] Entering safepoint region: GenCollectForAllocation
[1641.975s][info ][gc,start     ] GC(552) Pause Young (Allocation Failure)
[1641.975s][info ][gc,task      ] GC(552) Using 4 workers of 4 for evacuation
[1641.978s][debug][gc,ref       ] GC(552) Skipped phase1 of Reference Processing due to unavailable references
[1641.978s][debug][gc,ref       ] GC(552) Skipped phase2 of Reference Processing due to unavailable references
[1641.978s][debug][gc,ref       ] GC(552) Skipped phase3 of Reference Processing due to unavailable references
[1641.978s][debug][gc,ref       ] GC(552) Skipped phase4 of Reference Processing due to unavailable references
[1641.978s][debug][gc,age       ] GC(552) Desired survivor size 15368192 bytes, new threshold 6 (max threshold 6)
[1641.978s][info ][gc,heap      ] GC(552) ParNew: 241586K->1140K(270336K)
[1641.978s][info ][gc,heap      ] GC(552) CMS: 317220K->317325K(600768K)
[1641.978s][info ][gc,metaspace ] GC(552) Metaspace: 57530K->57530K(1101824K)
[1641.978s][info ][gc           ] GC(552) Pause Young (Allocation Failure) 545M->311M(850M) 3.489ms
[1641.978s][info ][gc,cpu       ] GC(552) User=0.02s Sys=0.00s Real=0.00s
[1641.978s][info ][safepoint    ] Leaving safepoint region
[1641.978s][info ][safepoint    ] Total time for which application threads were stopped: 0.0036346 seconds, Stopping threads took: 0.0000145 seconds
[1642.978s][info ][safepoint    ] Application time: 1.0000950 seconds
[1642.978s][info ][safepoint    ] Entering safepoint region: Cleanup
[1642.978s][info ][safepoint    ] Leaving safepoint region
[1642.978s][info ][safepoint    ] Total time for which application threads were stopped: 0.0000886 seconds, Stopping threads took: 0.0000155 seconds
[1644.978s][info ][safepoint    ] Application time: 2.0001700 seconds
[1644.979s][info ][safepoint    ] Entering safepoint region: Cleanup
[1644.979s][info ][safepoint    ] Leaving safepoint region
[1644.979s][info ][safepoint    ] Total time for which application threads were stopped: 0.0001383 seconds, Stopping threads took: 0.0000761 seconds
[1645.371s][info ][safepoint    ] Application time: 0.3924475 seconds
[1645.371s][info ][safepoint    ] Entering safepoint region: GenCollectForAllocation
[1645.371s][info ][gc,start     ] GC(553) Pause Young (Allocation Failure)
[1645.371s][info ][gc,task      ] GC(553) Using 4 workers of 4 for evacuation
[1645.374s][debug][gc,ref       ] GC(553) Skipped phase1 of Reference Processing due to unavailable references
[1645.374s][debug][gc,ref       ] GC(553) Skipped phase2 of Reference Processing due to unavailable references
[1645.374s][debug][gc,ref       ] GC(553) Skipped phase3 of Reference Processing due to unavailable references
[1645.374s][debug][gc,ref       ] GC(553) Skipped phase4 of Reference Processing due to unavailable references
[1645.374s][debug][gc,age       ] GC(553) Desired survivor size 15368192 bytes, new threshold 6 (max threshold 6)
[1645.374s][info ][gc,heap      ] GC(553) ParNew: 241460K->1106K(270336K)
[1645.374s][info ][gc,heap      ] GC(553) CMS: 317325K->317546K(600768K)
[1645.374s][info ][gc,metaspace ] GC(553) Metaspace: 57530K->57530K(1101824K)
[1645.374s][info ][gc           ] GC(553) Pause Young (Allocation Failure) 545M->311M(850M) 2.820ms
[1645.374s][info ][gc,cpu       ] GC(553) User=0.00s Sys=0.01s Real=0.01s
[1645.374s][info ][safepoint    ] Leaving safepoint region
[1645.374s][info ][safepoint    ] Total time for which application threads were stopped: 0.0029698 seconds, Stopping threads took: 0.0000151 seconds
[1648.801s][info ][safepoint    ] Application time: 3.4266271 seconds
[1648.801s][info ][safepoint    ] Entering safepoint region: GenCollectForAllocation
[1648.801s][info ][gc,start     ] GC(554) Pause Young (Allocation Failure)
[1648.801s][info ][gc,task      ] GC(554) Using 4 workers of 4 for evacuation
[1648.803s][debug][gc,ref       ] GC(554) Skipped phase1 of Reference Processing due to unavailable references
[1648.803s][debug][gc,ref       ] GC(554) Skipped phase2 of Reference Processing due to unavailable references
[1648.803s][debug][gc,ref       ] GC(554) Skipped phase3 of Reference Processing due to unavailable references
[1648.803s][debug][gc,ref       ] GC(554) Skipped phase4 of Reference Processing due to unavailable references
[1648.803s][debug][gc,age       ] GC(554) Desired survivor size 15368192 bytes, new threshold 6 (max threshold 6)
[1648.803s][info ][gc,heap      ] GC(554) ParNew: 241426K->970K(270336K)
[1648.803s][info ][gc,heap      ] GC(554) CMS: 317546K->317646K(600768K)
[1648.803s][info ][gc,metaspace ] GC(554) Metaspace: 57531K->57531K(1101824K)
[1648.803s][info ][gc           ] GC(554) Pause Young (Allocation Failure) 545M->311M(850M) 2.530ms
[1648.803s][info ][gc,cpu       ] GC(554) User=0.01s Sys=0.00s Real=0.00s
[1648.803s][info ][safepoint    ] Leaving safepoint region
[1648.803s][info ][safepoint    ] Total time for which application threads were stopped: 0.0026648 seconds, Stopping threads took: 0.0000153 seconds
[1652.422s][info ][safepoint    ] Application time: 3.6185094 seconds
[1652.422s][info ][safepoint    ] Entering safepoint region: GenCollectForAllocation
[1652.422s][info ][gc,start     ] GC(555) Pause Young (Allocation Failure)
[1652.422s][info ][gc,task      ] GC(555) Using 4 workers of 4 for evacuation
[1652.424s][debug][gc,ref       ] GC(555) Skipped phase1 of Reference Processing due to unavailable references
[1652.424s][debug][gc,ref       ] GC(555) Skipped phase2 of Reference Processing due to unavailable references
[1652.424s][debug][gc,ref       ] GC(555) Skipped phase3 of Reference Processing due to unavailable references
[1652.424s][debug][gc,ref       ] GC(555) Skipped phase4 of Reference Processing due to unavailable references
[1652.425s][debug][gc,age       ] GC(555) Desired survivor size 15368192 bytes, new threshold 6 (max threshold 6)
[1652.425s][info ][gc,heap      ] GC(555) ParNew: 241290K->1352K(270336K)
[1652.425s][info ][gc,heap      ] GC(555) CMS: 317646K->317651K(600768K)
[1652.425s][info ][gc,metaspace ] GC(555) Metaspace: 57532K->57532K(1101824K)
[1652.425s][info ][gc           ] GC(555) Pause Young (Allocation Failure) 545M->311M(850M) 2.589ms
[1652.425s][info ][gc,cpu       ] GC(555) User=0.01s Sys=0.00s Real=0.00s
[1652.425s][info ][safepoint    ] Leaving safepoint region
[1652.425s][info ][safepoint    ] Total time for which application threads were stopped: 0.0027360 seconds, Stopping threads took: 0.0000146 seconds
[1654.429s][info ][safepoint    ] Application time: 2.0038364 seconds
[1654.429s][info ][safepoint    ] Entering safepoint region: Cleanup
[1654.429s][info ][safepoint    ] Leaving safepoint region
[1654.429s][info ][safepoint    ] Total time for which application threads were stopped: 0.0001034 seconds, Stopping threads took: 0.0000152 seconds
[1655.918s][info ][safepoint    ] Application time: 1.4896423 seconds
[1655.918s][info ][safepoint    ] Entering safepoint region: GenCollectForAllocation
[1655.919s][info ][gc,start     ] GC(556) Pause Young (Allocation Failure)
[1655.919s][info ][gc,task      ] GC(556) Using 4 workers of 4 for evacuation
[1655.921s][debug][gc,ref       ] GC(556) Skipped phase1 of Reference Processing due to unavailable references
[1655.921s][debug][gc,ref       ] GC(556) Skipped phase2 of Reference Processing due to unavailable references
[1655.921s][debug][gc,ref       ] GC(556) Skipped phase3 of Reference Processing due to unavailable references
[1655.921s][debug][gc,ref       ] GC(556) Skipped phase4 of Reference Processing due to unavailable references
[1655.921s][debug][gc,age       ] GC(556) Desired survivor size 15368192 bytes, new threshold 6 (max threshold 6)
[1655.922s][info ][gc,heap      ] GC(556) ParNew: 241672K->1504K(270336K)
[1655.922s][info ][gc,heap      ] GC(556) CMS: 317651K->317778K(600768K)
[1655.922s][info ][gc,metaspace ] GC(556) Metaspace: 57532K->57532K(1101824K)
[1655.922s][info ][gc           ] GC(556) Pause Young (Allocation Failure) 546M->311M(850M) 3.004ms
[1655.922s][info ][gc,cpu       ] GC(556) User=0.01s Sys=0.00s Real=0.00s
[1655.922s][info ][safepoint    ] Leaving safepoint region
[1655.922s][info ][safepoint    ] Total time for which application threads were stopped: 0.0031507 seconds, Stopping threads took: 0.0000145 seconds
[1656.922s][info ][safepoint    ] Application time: 1.0001071 seconds
[1656.922s][info ][safepoint    ] Entering safepoint region: Cleanup
[1656.922s][info ][safepoint    ] Leaving safepoint region
[1656.922s][info ][safepoint    ] Total time for which application threads were stopped: 0.0001620 seconds, Stopping threads took: 0.0000724 seconds
[1658.922s][info ][safepoint    ] Application time: 2.0001744 seconds
[1658.927s][info ][safepoint    ] Entering safepoint region: Cleanup
[1658.927s][info ][safepoint    ] Leaving safepoint region
[1658.927s][info ][safepoint    ] Total time for which application threads were stopped: 0.0050499 seconds, Stopping threads took: 0.0049595 seconds
[1659.281s][info ][safepoint    ] Application time: 0.3538403 seconds
[1659.281s][info ][safepoint    ] Entering safepoint region: GenCollectForAllocation
[1659.281s][info ][gc,start     ] GC(557) Pause Young (Allocation Failure)
[1659.282s][info ][gc,task      ] GC(557) Using 4 workers of 4 for evacuation
[1659.286s][debug][gc,ref       ] GC(557) Skipped phase1 of Reference Processing due to unavailable references
[1659.286s][debug][gc,ref       ] GC(557) Skipped phase2 of Reference Processing due to unavailable references
[1659.286s][debug][gc,ref       ] GC(557) Skipped phase3 of Reference Processing due to unavailable references
[1659.286s][debug][gc,ref       ] GC(557) Skipped phase4 of Reference Processing due to unavailable references
[1659.286s][debug][gc,age       ] GC(557) Desired survivor size 15368192 bytes, new threshold 6 (max threshold 6)
[1659.286s][info ][gc,heap      ] GC(557) ParNew: 241824K->1880K(270336K)
[1659.286s][info ][gc,heap      ] GC(557) CMS: 317778K->317852K(600768K)
[1659.286s][info ][gc,metaspace ] GC(557) Metaspace: 57533K->57533K(1101824K)
[1659.286s][info ][gc           ] GC(557) Pause Young (Allocation Failure) 546M->312M(850M) 4.558ms
[1659.286s][info ][gc,cpu       ] GC(557) User=0.02s Sys=0.00s Real=0.01s
[1659.286s][info ][safepoint    ] Leaving safepoint region
[1659.286s][info ][safepoint    ] Total time for which application threads were stopped: 0.0050368 seconds, Stopping threads took: 0.0003390 seconds
[1662.774s][info ][safepoint    ] Application time: 3.4883751 seconds
[1662.774s][info ][safepoint    ] Entering safepoint region: GenCollectForAllocation
[1662.775s][info ][gc,start     ] GC(558) Pause Young (Allocation Failure)
[1662.775s][info ][gc,task      ] GC(558) Using 4 workers of 4 for evacuation
[1662.777s][debug][gc,ref       ] GC(558) Skipped phase1 of Reference Processing due to unavailable references
[1662.777s][debug][gc,ref       ] GC(558) Skipped phase2 of Reference Processing due to unavailable references
[1662.777s][debug][gc,ref       ] GC(558) Skipped phase3 of Reference Processing due to unavailable references
[1662.777s][debug][gc,ref       ] GC(558) Skipped phase4 of Reference Processing due to unavailable references
[1662.777s][debug][gc,age       ] GC(558) Desired survivor size 15368192 bytes, new threshold 6 (max threshold 6)
[1662.777s][info ][gc,heap      ] GC(558) ParNew: 242200K->2458K(270336K)
[1662.777s][info ][gc,heap      ] GC(558) CMS: 317852K->317903K(600768K)
[1662.777s][info ][gc,metaspace ] GC(558) Metaspace: 57533K->57533K(1101824K)
[1662.778s][info ][gc           ] GC(558) Pause Young (Allocation Failure) 546M->312M(850M) 2.934ms
[1662.778s][info ][gc,cpu       ] GC(558) User=0.01s Sys=0.00s Real=0.00s
[1662.778s][info ][safepoint    ] Leaving safepoint region
[1662.778s][info ][safepoint    ] Total time for which application threads were stopped: 0.0030832 seconds, Stopping threads took: 0.0000143 seconds
[1666.515s][info ][safepoint    ] Application time: 3.7377002 seconds
[1666.515s][info ][safepoint    ] Entering safepoint region: GenCollectForAllocation
[1666.515s][info ][gc,start     ] GC(559) Pause Young (Allocation Failure)
[1666.515s][info ][gc,task      ] GC(559) Using 4 workers of 4 for evacuation
[1666.518s][debug][gc,ref       ] GC(559) Skipped phase1 of Reference Processing due to unavailable references
[1666.518s][debug][gc,ref       ] GC(559) Skipped phase2 of Reference Processing due to unavailable references
[1666.518s][debug][gc,ref       ] GC(559) Skipped phase3 of Reference Processing due to unavailable references
[1666.518s][debug][gc,ref       ] GC(559) Skipped phase4 of Reference Processing due to unavailable references
[1666.519s][debug][gc,age       ] GC(559) Desired survivor size 15368192 bytes, new threshold 6 (max threshold 6)
[1666.519s][info ][gc,heap      ] GC(559) ParNew: 242778K->1879K(270336K)
[1666.519s][info ][gc,heap      ] GC(559) CMS: 317903K->317998K(600768K)
[1666.519s][info ][gc,metaspace ] GC(559) Metaspace: 57533K->57533K(1101824K)
[1666.519s][info ][gc           ] GC(559) Pause Young (Allocation Failure) 547M->312M(850M) 3.137ms
[1666.519s][info ][gc,cpu       ] GC(559) User=0.01s Sys=0.00s Real=0.00s
[1666.519s][info ][safepoint    ] Leaving safepoint region
[1666.519s][info ][safepoint    ] Total time for which application threads were stopped: 0.0033483 seconds, Stopping threads took: 0.0000777 seconds
[1670.067s][info ][safepoint    ] Application time: 3.5482964 seconds
[1670.067s][info ][safepoint    ] Entering safepoint region: GenCollectForAllocation
[1670.067s][info ][gc,start     ] GC(560) Pause Young (Allocation Failure)
[1670.067s][info ][gc,task      ] GC(560) Using 4 workers of 4 for evacuation
[1670.070s][debug][gc,ref       ] GC(560) Skipped phase1 of Reference Processing due to unavailable references
[1670.070s][debug][gc,ref       ] GC(560) Skipped phase2 of Reference Processing due to unavailable references
[1670.070s][debug][gc,ref       ] GC(560) Skipped phase3 of Reference Processing due to unavailable references
[1670.070s][debug][gc,ref       ] GC(560) Skipped phase4 of Reference Processing due to unavailable references
[1670.070s][debug][gc,age       ] GC(560) Desired survivor size 15368192 bytes, new threshold 6 (max threshold 6)
[1670.070s][info ][gc,heap      ] GC(560) ParNew: 242199K->1891K(270336K)
[1670.070s][info ][gc,heap      ] GC(560) CMS: 317998K->318070K(600768K)
[1670.070s][info ][gc,metaspace ] GC(560) Metaspace: 57533K->57533K(1101824K)
[1670.070s][info ][gc           ] GC(560) Pause Young (Allocation Failure) 547M->312M(850M) 3.250ms
[1670.070s][info ][gc,cpu       ] GC(560) User=0.01s Sys=0.00s Real=0.00s
[1670.070s][info ][safepoint    ] Leaving safepoint region
[1670.070s][info ][safepoint    ] Total time for which application threads were stopped: 0.0033984 seconds, Stopping threads took: 0.0000156 seconds
[1671.071s][info ][safepoint    ] Application time: 1.0008643 seconds
[1671.071s][info ][safepoint    ] Entering safepoint region: Cleanup
[1671.071s][info ][safepoint    ] Leaving safepoint region
[1671.071s][info ][safepoint    ] Total time for which application threads were stopped: 0.0001810 seconds, Stopping threads took: 0.0001096 seconds
[1673.667s][info ][safepoint    ] Application time: 2.5951500 seconds
[1673.667s][info ][safepoint    ] Entering safepoint region: GenCollectForAllocation
[1673.667s][info ][gc,start     ] GC(561) Pause Young (Allocation Failure)
[1673.667s][info ][gc,task      ] GC(561) Using 4 workers of 4 for evacuation
[1673.670s][debug][gc,ref       ] GC(561) Skipped phase1 of Reference Processing due to unavailable references
[1673.670s][debug][gc,ref       ] GC(561) Skipped phase2 of Reference Processing due to unavailable references
[1673.670s][debug][gc,ref       ] GC(561) Skipped phase3 of Reference Processing due to unavailable references
[1673.670s][debug][gc,ref       ] GC(561) Skipped phase4 of Reference Processing due to unavailable references
[1673.670s][debug][gc,age       ] GC(561) Desired survivor size 15368192 bytes, new threshold 6 (max threshold 6)
[1673.670s][info ][gc,heap      ] GC(561) ParNew: 242211K->2110K(270336K)
[1673.670s][info ][gc,heap      ] GC(561) CMS: 318070K->318402K(600768K)
[1673.670s][info ][gc,metaspace ] GC(561) Metaspace: 57535K->57535K(1101824K)
[1673.670s][info ][gc           ] GC(561) Pause Young (Allocation Failure) 547M->313M(850M) 2.944ms
[1673.670s][info ][gc,cpu       ] GC(561) User=0.01s Sys=0.01s Real=0.00s
[1673.670s][info ][safepoint    ] Leaving safepoint region
[1673.670s][info ][safepoint    ] Total time for which application threads were stopped: 0.0031111 seconds, Stopping threads took: 0.0000149 seconds
[1677.223s][info ][safepoint    ] Application time: 3.5534382 seconds
[1677.223s][info ][safepoint    ] Entering safepoint region: GenCollectForAllocation
[1677.223s][info ][gc,start     ] GC(562) Pause Young (Allocation Failure)
[1677.223s][info ][gc,task      ] GC(562) Using 4 workers of 4 for evacuation
[1677.226s][debug][gc,ref       ] GC(562) Skipped phase1 of Reference Processing due to unavailable references
[1677.226s][debug][gc,ref       ] GC(562) Skipped phase2 of Reference Processing due to unavailable references
[1677.226s][debug][gc,ref       ] GC(562) Skipped phase3 of Reference Processing due to unavailable references
[1677.226s][debug][gc,ref       ] GC(562) Skipped phase4 of Reference Processing due to unavailable references
[1677.226s][debug][gc,age       ] GC(562) Desired survivor size 15368192 bytes, new threshold 6 (max threshold 6)
[1677.226s][info ][gc,heap      ] GC(562) ParNew: 242430K->1843K(270336K)
[1677.226s][info ][gc,heap      ] GC(562) CMS: 318402K->318697K(600768K)
[1677.226s][info ][gc,metaspace ] GC(562) Metaspace: 57535K->57535K(1101824K)
[1677.227s][info ][gc           ] GC(562) Pause Young (Allocation Failure) 547M->313M(850M) 3.130ms
[1677.227s][info ][gc,cpu       ] GC(562) User=0.01s Sys=0.00s Real=0.01s
[1677.227s][info ][safepoint    ] Leaving safepoint region
[1677.227s][info ][safepoint    ] Total time for which application threads were stopped: 0.0032875 seconds, Stopping threads took: 0.0000144 seconds
[1680.625s][info ][safepoint    ] Application time: 3.3981727 seconds
[1680.625s][info ][safepoint    ] Entering safepoint region: GenCollectForAllocation
[1680.625s][info ][gc,start     ] GC(563) Pause Young (Allocation Failure)
[1680.625s][info ][gc,task      ] GC(563) Using 4 workers of 4 for evacuation
[1680.628s][debug][gc,ref       ] GC(563) Skipped phase1 of Reference Processing due to unavailable references
[1680.628s][debug][gc,ref       ] GC(563) Skipped phase2 of Reference Processing due to unavailable references
[1680.628s][debug][gc,ref       ] GC(563) Skipped phase3 of Reference Processing due to unavailable references
[1680.628s][debug][gc,ref       ] GC(563) Skipped phase4 of Reference Processing due to unavailable references
[1680.628s][debug][gc,age       ] GC(563) Desired survivor size 15368192 bytes, new threshold 6 (max threshold 6)
[1680.628s][info ][gc,heap      ] GC(563) ParNew: 242163K->1344K(270336K)
[1680.628s][info ][gc,heap      ] GC(563) CMS: 318697K->319071K(600768K)
[1680.628s][info ][gc,metaspace ] GC(563) Metaspace: 57537K->57537K(1101824K)
[1680.628s][info ][gc           ] GC(563) Pause Young (Allocation Failure) 547M->312M(850M) 2.960ms
[1680.628s][info ][gc,cpu       ] GC(563) User=0.01s Sys=0.00s Real=0.01s
[1680.628s][info ][safepoint    ] Leaving safepoint region
[1680.628s][info ][safepoint    ] Total time for which application threads were stopped: 0.0031304 seconds, Stopping threads took: 0.0000275 seconds
[1684.316s][info ][safepoint    ] Application time: 3.6880917 seconds
[1684.316s][info ][safepoint    ] Entering safepoint region: GenCollectForAllocation
[1684.316s][info ][gc,start     ] GC(564) Pause Young (Allocation Failure)
[1684.316s][info ][gc,task      ] GC(564) Using 4 workers of 4 for evacuation
[1684.319s][debug][gc,ref       ] GC(564) Skipped phase1 of Reference Processing due to unavailable references
[1684.319s][debug][gc,ref       ] GC(564) Skipped phase2 of Reference Processing due to unavailable references
[1684.319s][debug][gc,ref       ] GC(564) Skipped phase3 of Reference Processing due to unavailable references
[1684.319s][debug][gc,ref       ] GC(564) Skipped phase4 of Reference Processing due to unavailable references
[1684.319s][debug][gc,age       ] GC(564) Desired survivor size 15368192 bytes, new threshold 6 (max threshold 6)
[1684.319s][info ][gc,heap      ] GC(564) ParNew: 241664K->915K(270336K)
[1684.319s][info ][gc,heap      ] GC(564) CMS: 319071K->319420K(600768K)
[1684.319s][info ][gc,metaspace ] GC(564) Metaspace: 57541K->57541K(1101824K)
[1684.319s][info ][gc           ] GC(564) Pause Young (Allocation Failure) 547M->312M(850M) 3.040ms
[1684.319s][info ][gc,cpu       ] GC(564) User=0.01s Sys=0.00s Real=0.00s
[1684.319s][info ][safepoint    ] Leaving safepoint region
[1684.319s][info ][safepoint    ] Total time for which application threads were stopped: 0.0031940 seconds, Stopping threads took: 0.0000147 seconds
[1685.319s][info ][safepoint    ] Application time: 1.0001729 seconds
[1685.319s][info ][safepoint    ] Entering safepoint region: Cleanup
[1685.320s][info ][safepoint    ] Leaving safepoint region
[1685.320s][info ][safepoint    ] Total time for which application threads were stopped: 0.0001134 seconds, Stopping threads took: 0.0000411 seconds
[1687.870s][info ][safepoint    ] Application time: 2.5501309 seconds
[1687.870s][info ][safepoint    ] Entering safepoint region: GenCollectForAllocation
[1687.870s][info ][gc,start     ] GC(565) Pause Young (Allocation Failure)
[1687.870s][info ][gc,task      ] GC(565) Using 4 workers of 4 for evacuation
[1687.872s][debug][gc,ref       ] GC(565) Skipped phase1 of Reference Processing due to unavailable references
[1687.872s][debug][gc,ref       ] GC(565) Skipped phase2 of Reference Processing due to unavailable references
[1687.872s][debug][gc,ref       ] GC(565) Skipped phase3 of Reference Processing due to unavailable references
[1687.872s][debug][gc,ref       ] GC(565) Skipped phase4 of Reference Processing due to unavailable references
[1687.872s][debug][gc,age       ] GC(565) Desired survivor size 15368192 bytes, new threshold 6 (max threshold 6)
[1687.872s][info ][gc,heap      ] GC(565) ParNew: 241235K->741K(270336K)
[1687.872s][info ][gc,heap      ] GC(565) CMS: 319420K->319444K(600768K)
[1687.872s][info ][gc,metaspace ] GC(565) Metaspace: 57541K->57541K(1101824K)
[1687.872s][info ][gc           ] GC(565) Pause Young (Allocation Failure) 547M->312M(850M) 2.170ms
[1687.872s][info ][gc,cpu       ] GC(565) User=0.01s Sys=0.00s Real=0.00s
[1687.872s][info ][safepoint    ] Leaving safepoint region
[1687.872s][info ][safepoint    ] Total time for which application threads were stopped: 0.0023220 seconds, Stopping threads took: 0.0000152 seconds
[1690.872s][info ][safepoint    ] Application time: 3.0002582 seconds
[1690.872s][info ][safepoint    ] Entering safepoint region: Cleanup
[1690.872s][info ][safepoint    ] Leaving safepoint region
[1690.872s][info ][safepoint    ] Total time for which application threads were stopped: 0.0001394 seconds, Stopping threads took: 0.0000606 seconds
[1691.415s][info ][safepoint    ] Application time: 0.5430158 seconds
[1691.416s][info ][safepoint    ] Entering safepoint region: GenCollectForAllocation
[1691.416s][info ][gc,start     ] GC(566) Pause Young (Allocation Failure)
[1691.416s][info ][gc,task      ] GC(566) Using 4 workers of 4 for evacuation
[1691.418s][debug][gc,ref       ] GC(566) Skipped phase1 of Reference Processing due to unavailable references
[1691.419s][debug][gc,ref       ] GC(566) Skipped phase2 of Reference Processing due to unavailable references
[1691.419s][debug][gc,ref       ] GC(566) Skipped phase3 of Reference Processing due to unavailable references
[1691.419s][debug][gc,ref       ] GC(566) Skipped phase4 of Reference Processing due to unavailable references
[1691.419s][debug][gc,age       ] GC(566) Desired survivor size 15368192 bytes, new threshold 6 (max threshold 6)
[1691.419s][info ][gc,heap      ] GC(566) ParNew: 241061K->718K(270336K)
[1691.419s][info ][gc,heap      ] GC(566) CMS: 319444K->319763K(600768K)
[1691.419s][info ][gc,metaspace ] GC(566) Metaspace: 57541K->57541K(1101824K)
[1691.419s][info ][gc           ] GC(566) Pause Young (Allocation Failure) 547M->312M(850M) 3.009ms
[1691.419s][info ][gc,cpu       ] GC(566) User=0.00s Sys=0.01s Real=0.00s
[1691.419s][info ][safepoint    ] Leaving safepoint region
[1691.419s][info ][safepoint    ] Total time for which application threads were stopped: 0.0032164 seconds, Stopping threads took: 0.0000649 seconds
[1692.419s][info ][safepoint    ] Application time: 1.0000982 seconds
[1692.419s][info ][safepoint    ] Entering safepoint region: Cleanup
[1692.419s][info ][safepoint    ] Leaving safepoint region
[1692.419s][info ][safepoint    ] Total time for which application threads were stopped: 0.0001375 seconds, Stopping threads took: 0.0000705 seconds
[1693.419s][info ][safepoint    ] Application time: 1.0000912 seconds
[1693.419s][info ][safepoint    ] Entering safepoint region: Cleanup
[1693.419s][info ][safepoint    ] Leaving safepoint region
[1693.419s][info ][safepoint    ] Total time for which application threads were stopped: 0.0002072 seconds, Stopping threads took: 0.0000613 seconds
[1694.419s][info ][safepoint    ] Application time: 1.0001055 seconds
[1694.423s][info ][safepoint    ] Entering safepoint region: Cleanup
[1694.423s][info ][safepoint    ] Leaving safepoint region
[1694.423s][info ][safepoint    ] Total time for which application threads were stopped: 0.0031775 seconds, Stopping threads took: 0.0030454 seconds
[1694.765s][info ][safepoint    ] Application time: 0.3426733 seconds
[1694.765s][info ][safepoint    ] Entering safepoint region: GenCollectForAllocation
[1694.766s][info ][gc,start     ] GC(567) Pause Young (Allocation Failure)
[1694.766s][info ][gc,task      ] GC(567) Using 4 workers of 4 for evacuation
[1694.774s][debug][gc,ref       ] GC(567) Skipped phase1 of Reference Processing due to unavailable references
[1694.774s][debug][gc,ref       ] GC(567) Skipped phase2 of Reference Processing due to unavailable references
[1694.774s][debug][gc,ref       ] GC(567) Skipped phase3 of Reference Processing due to unavailable references
[1694.774s][debug][gc,ref       ] GC(567) Skipped phase4 of Reference Processing due to unavailable references
[1694.774s][debug][gc,age       ] GC(567) Desired survivor size 15368192 bytes, new threshold 6 (max threshold 6)
[1694.774s][info ][gc,heap      ] GC(567) ParNew: 241038K->1016K(270336K)
[1694.774s][info ][gc,heap      ] GC(567) CMS: 319763K->319777K(600768K)
[1694.774s][info ][gc,metaspace ] GC(567) Metaspace: 57541K->57541K(1101824K)
[1694.774s][info ][gc           ] GC(567) Pause Young (Allocation Failure) 547M->313M(850M) 8.579ms
[1694.774s][info ][gc,cpu       ] GC(567) User=0.01s Sys=0.00s Real=0.02s
[1694.774s][info ][safepoint    ] Leaving safepoint region
[1694.774s][info ][safepoint    ] Total time for which application threads were stopped: 0.0088391 seconds, Stopping threads took: 0.0000598 seconds
[1695.774s][info ][safepoint    ] Application time: 1.0001065 seconds
[1695.774s][info ][safepoint    ] Entering safepoint region: Cleanup
[1695.774s][info ][safepoint    ] Leaving safepoint region
[1695.774s][info ][safepoint    ] Total time for which application threads were stopped: 0.0001193 seconds, Stopping threads took: 0.0000355 seconds
[1696.775s][info ][safepoint    ] Application time: 1.0000814 seconds
[1696.785s][info ][safepoint    ] Entering safepoint region: Cleanup
[1696.785s][info ][safepoint    ] Leaving safepoint region
[1696.785s][info ][safepoint    ] Total time for which application threads were stopped: 0.0100386 seconds, Stopping threads took: 0.0099628 seconds
[1697.785s][info ][safepoint    ] Application time: 1.0000924 seconds
[1697.785s][info ][safepoint    ] Entering safepoint region: Cleanup
[1697.785s][info ][safepoint    ] Leaving safepoint region
[1697.785s][info ][safepoint    ] Total time for which application threads were stopped: 0.0000727 seconds, Stopping threads took: 0.0000165 seconds
[1698.215s][info ][safepoint    ] Application time: 0.4298224 seconds
[1698.215s][info ][safepoint    ] Entering safepoint region: GenCollectForAllocation
[1698.215s][info ][gc,start     ] GC(568) Pause Young (Allocation Failure)
[1698.215s][info ][gc,task      ] GC(568) Using 4 workers of 4 for evacuation
[1698.218s][debug][gc,ref       ] GC(568) Skipped phase1 of Reference Processing due to unavailable references
[1698.218s][debug][gc,ref       ] GC(568) Skipped phase2 of Reference Processing due to unavailable references
[1698.218s][debug][gc,ref       ] GC(568) Skipped phase3 of Reference Processing due to unavailable references
[1698.218s][debug][gc,ref       ] GC(568) Skipped phase4 of Reference Processing due to unavailable references
[1698.218s][debug][gc,age       ] GC(568) Desired survivor size 15368192 bytes, new threshold 6 (max threshold 6)
[1698.218s][info ][gc,heap      ] GC(568) ParNew: 241336K->1296K(270336K)
[1698.218s][info ][gc,heap      ] GC(568) CMS: 319777K->319853K(600768K)
[1698.218s][info ][gc,metaspace ] GC(568) Metaspace: 57541K->57541K(1101824K)
[1698.218s][info ][gc           ] GC(568) Pause Young (Allocation Failure) 547M->313M(850M) 2.820ms
[1698.218s][info ][gc,cpu       ] GC(568) User=0.01s Sys=0.00s Real=0.00s
[1698.218s][info ][safepoint    ] Leaving safepoint region
[1698.218s][info ][safepoint    ] Total time for which application threads were stopped: 0.0030372 seconds, Stopping threads took: 0.0000815 seconds
[1699.218s][info ][safepoint    ] Application time: 1.0001127 seconds
[1699.218s][info ][safepoint    ] Entering safepoint region: Cleanup
[1699.218s][info ][safepoint    ] Leaving safepoint region
[1699.218s][info ][safepoint    ] Total time for which application threads were stopped: 0.0001675 seconds, Stopping threads took: 0.0000812 seconds
[1700.218s][info ][safepoint    ] Application time: 1.0000972 seconds
[1700.218s][info ][safepoint    ] Entering safepoint region: Cleanup
[1700.218s][info ][safepoint    ] Leaving safepoint region
[1700.218s][info ][safepoint    ] Total time for which application threads were stopped: 0.0001740 seconds, Stopping threads took: 0.0001007 seconds
[1701.219s][info ][safepoint    ] Application time: 1.0001223 seconds
[1701.219s][info ][safepoint    ] Entering safepoint region: Cleanup
[1701.219s][info ][safepoint    ] Leaving safepoint region
[1701.219s][info ][safepoint    ] Total time for which application threads were stopped: 0.0001185 seconds, Stopping threads took: 0.0000506 seconds
[1701.315s][info ][safepoint    ] Application time: 0.0966258 seconds
[1701.315s][info ][safepoint    ] Entering safepoint region: GenCollectForAllocation
[1701.316s][info ][gc,start     ] GC(569) Pause Young (Allocation Failure)
[1701.316s][info ][gc,task      ] GC(569) Using 4 workers of 4 for evacuation
[1701.318s][debug][gc,ref       ] GC(569) Skipped phase1 of Reference Processing due to unavailable references
[1701.318s][debug][gc,ref       ] GC(569) Skipped phase2 of Reference Processing due to unavailable references
[1701.318s][debug][gc,ref       ] GC(569) Skipped phase3 of Reference Processing due to unavailable references
[1701.318s][debug][gc,ref       ] GC(569) Skipped phase4 of Reference Processing due to unavailable references
[1701.318s][debug][gc,age       ] GC(569) Desired survivor size 15368192 bytes, new threshold 6 (max threshold 6)
[1701.318s][info ][gc,heap      ] GC(569) ParNew: 241616K->1739K(270336K)
[1701.318s][info ][gc,heap      ] GC(569) CMS: 319853K->319868K(600768K)
[1701.318s][info ][gc,metaspace ] GC(569) Metaspace: 57544K->57544K(1101824K)
[1701.318s][info ][gc           ] GC(569) Pause Young (Allocation Failure) 548M->314M(850M) 2.856ms
[1701.318s][info ][gc,cpu       ] GC(569) User=0.01s Sys=0.00s Real=0.00s
[1701.318s][info ][safepoint    ] Leaving safepoint region
[1701.318s][info ][safepoint    ] Total time for which application threads were stopped: 0.0030532 seconds, Stopping threads took: 0.0000530 seconds
[1702.319s][info ][safepoint    ] Application time: 1.0001043 seconds
[1702.319s][info ][safepoint    ] Entering safepoint region: Cleanup
[1702.319s][info ][safepoint    ] Leaving safepoint region
[1702.319s][info ][safepoint    ] Total time for which application threads were stopped: 0.0001752 seconds, Stopping threads took: 0.0001155 seconds
[1703.319s][info ][safepoint    ] Application time: 1.0001069 seconds
[1703.319s][info ][safepoint    ] Entering safepoint region: Cleanup
[1703.319s][info ][safepoint    ] Leaving safepoint region
[1703.319s][info ][safepoint    ] Total time for which application threads were stopped: 0.0001331 seconds, Stopping threads took: 0.0000747 seconds
[1704.319s][info ][safepoint    ] Application time: 1.0001534 seconds
[1704.319s][info ][safepoint    ] Entering safepoint region: Cleanup
[1704.319s][info ][safepoint    ] Leaving safepoint region
[1704.319s][info ][safepoint    ] Total time for which application threads were stopped: 0.0001561 seconds, Stopping threads took: 0.0000940 seconds
[1704.418s][info ][safepoint    ] Application time: 0.0981798 seconds
[1704.419s][info ][safepoint    ] Entering safepoint region: GenCollectForAllocation
[1704.419s][info ][gc,start     ] GC(570) Pause Young (Allocation Failure)
[1704.419s][info ][gc,task      ] GC(570) Using 4 workers of 4 for evacuation
[1704.421s][debug][gc,ref       ] GC(570) Skipped phase1 of Reference Processing due to unavailable references
[1704.421s][debug][gc,ref       ] GC(570) Skipped phase2 of Reference Processing due to unavailable references
[1704.421s][debug][gc,ref       ] GC(570) Skipped phase3 of Reference Processing due to unavailable references
[1704.421s][debug][gc,ref       ] GC(570) Skipped phase4 of Reference Processing due to unavailable references
[1704.421s][debug][gc,age       ] GC(570) Desired survivor size 15368192 bytes, new threshold 6 (max threshold 6)
[1704.421s][info ][gc,heap      ] GC(570) ParNew: 242059K->1798K(270336K)
[1704.421s][info ][gc,heap      ] GC(570) CMS: 319868K->319869K(600768K)
[1704.421s][info ][gc,metaspace ] GC(570) Metaspace: 57544K->57544K(1101824K)
[1704.421s][info ][gc           ] GC(570) Pause Young (Allocation Failure) 548M->314M(850M) 2.877ms
[1704.422s][info ][gc,cpu       ] GC(570) User=0.01s Sys=0.00s Real=0.00s
[1704.422s][info ][safepoint    ] Leaving safepoint region
[1704.422s][info ][safepoint    ] Total time for which application threads were stopped: 0.0039642 seconds, Stopping threads took: 0.0009530 seconds
[1705.422s][info ][safepoint    ] Application time: 1.0000874 seconds
[1705.422s][info ][safepoint    ] Entering safepoint region: Cleanup
[1705.422s][info ][safepoint    ] Leaving safepoint region
[1705.422s][info ][safepoint    ] Total time for which application threads were stopped: 0.0001315 seconds, Stopping threads took: 0.0000630 seconds
[1706.422s][info ][safepoint    ] Application time: 1.0000997 seconds
[1706.422s][info ][safepoint    ] Entering safepoint region: Cleanup
[1706.422s][info ][safepoint    ] Leaving safepoint region
[1706.422s][info ][safepoint    ] Total time for which application threads were stopped: 0.0002655 seconds, Stopping threads took: 0.0001998 seconds
[1707.422s][info ][safepoint    ] Application time: 1.0000945 seconds
[1707.422s][info ][safepoint    ] Entering safepoint region: Cleanup
[1707.422s][info ][safepoint    ] Leaving safepoint region
[1707.422s][info ][safepoint    ] Total time for which application threads were stopped: 0.0001575 seconds, Stopping threads took: 0.0000855 seconds
[1707.773s][info ][safepoint    ] Application time: 0.3508599 seconds
[1707.773s][info ][safepoint    ] Entering safepoint region: GenCollectForAllocation
[1707.774s][info ][gc,start     ] GC(571) Pause Young (Allocation Failure)
[1707.774s][info ][gc,task      ] GC(571) Using 4 workers of 4 for evacuation
[1707.776s][debug][gc,ref       ] GC(571) Skipped phase1 of Reference Processing due to unavailable references
[1707.776s][debug][gc,ref       ] GC(571) Skipped phase2 of Reference Processing due to unavailable references
[1707.776s][debug][gc,ref       ] GC(571) Skipped phase3 of Reference Processing due to unavailable references
[1707.776s][debug][gc,ref       ] GC(571) Skipped phase4 of Reference Processing due to unavailable references
[1707.776s][debug][gc,age       ] GC(571) Desired survivor size 15368192 bytes, new threshold 6 (max threshold 6)
[1707.776s][info ][gc,heap      ] GC(571) ParNew: 242118K->1726K(270336K)
[1707.776s][info ][gc,heap      ] GC(571) CMS: 319869K->319872K(600768K)
[1707.776s][info ][gc,metaspace ] GC(571) Metaspace: 57544K->57544K(1101824K)
[1707.776s][info ][gc           ] GC(571) Pause Young (Allocation Failure) 548M->314M(850M) 2.901ms
[1707.776s][info ][gc,cpu       ] GC(571) User=0.01s Sys=0.00s Real=0.01s
[1707.776s][info ][safepoint    ] Leaving safepoint region
[1707.776s][info ][safepoint    ] Total time for which application threads were stopped: 0.0030425 seconds, Stopping threads took: 0.0000152 seconds
[1708.777s][info ][safepoint    ] Application time: 1.0000630 seconds
[1708.777s][info ][safepoint    ] Entering safepoint region: Cleanup
[1708.777s][info ][safepoint    ] Leaving safepoint region
[1708.777s][info ][safepoint    ] Total time for which application threads were stopped: 0.0000689 seconds, Stopping threads took: 0.0000153 seconds
[1709.777s][info ][safepoint    ] Application time: 1.0001066 seconds
[1709.777s][info ][safepoint    ] Entering safepoint region: Cleanup
[1709.777s][info ][safepoint    ] Leaving safepoint region
[1709.777s][info ][safepoint    ] Total time for which application threads were stopped: 0.0001834 seconds, Stopping threads took: 0.0000951 seconds
[1710.777s][info ][safepoint    ] Application time: 1.0000876 seconds
[1710.777s][info ][safepoint    ] Entering safepoint region: Cleanup
[1710.777s][info ][safepoint    ] Leaving safepoint region
[1710.777s][info ][safepoint    ] Total time for which application threads were stopped: 0.0000699 seconds, Stopping threads took: 0.0000156 seconds
[1711.164s][info ][safepoint    ] Application time: 0.3870910 seconds
[1711.164s][info ][safepoint    ] Entering safepoint region: GenCollectForAllocation
[1711.164s][info ][gc,start     ] GC(572) Pause Young (Allocation Failure)
[1711.164s][info ][gc,task      ] GC(572) Using 4 workers of 4 for evacuation
[1711.169s][debug][gc,ref       ] GC(572) Skipped phase1 of Reference Processing due to unavailable references
[1711.169s][debug][gc,ref       ] GC(572) Skipped phase2 of Reference Processing due to unavailable references
[1711.169s][debug][gc,ref       ] GC(572) Skipped phase3 of Reference Processing due to unavailable references
[1711.169s][debug][gc,ref       ] GC(572) Skipped phase4 of Reference Processing due to unavailable references
[1711.169s][debug][gc,age       ] GC(572) Desired survivor size 15368192 bytes, new threshold 6 (max threshold 6)
[1711.169s][info ][gc,heap      ] GC(572) ParNew: 242046K->1821K(270336K)
[1711.169s][info ][gc,heap      ] GC(572) CMS: 319872K->320128K(600768K)
[1711.169s][info ][gc,metaspace ] GC(572) Metaspace: 57544K->57544K(1101824K)
[1711.169s][info ][gc           ] GC(572) Pause Young (Allocation Failure) 548M->314M(850M) 4.623ms
[1711.169s][info ][gc,cpu       ] GC(572) User=0.01s Sys=0.00s Real=0.01s
[1711.169s][info ][safepoint    ] Leaving safepoint region
[1711.169s][info ][safepoint    ] Total time for which application threads were stopped: 0.0047866 seconds, Stopping threads took: 0.0000179 seconds
[1712.172s][info ][safepoint    ] Application time: 1.0026517 seconds
[1712.172s][info ][safepoint    ] Entering safepoint region: Cleanup
[1712.172s][info ][safepoint    ] Leaving safepoint region
[1712.172s][info ][safepoint    ] Total time for which application threads were stopped: 0.0001338 seconds, Stopping threads took: 0.0000624 seconds
[1713.172s][info ][safepoint    ] Application time: 1.0000992 seconds
[1713.172s][info ][safepoint    ] Entering safepoint region: Cleanup
[1713.172s][info ][safepoint    ] Leaving safepoint region
[1713.172s][info ][safepoint    ] Total time for which application threads were stopped: 0.0001474 seconds, Stopping threads took: 0.0000873 seconds
[1714.172s][info ][safepoint    ] Application time: 1.0001016 seconds
[1714.172s][info ][safepoint    ] Entering safepoint region: Cleanup
[1714.173s][info ][safepoint    ] Leaving safepoint region
[1714.173s][info ][safepoint    ] Total time for which application threads were stopped: 0.0002093 seconds, Stopping threads took: 0.0001345 seconds
[1714.273s][info ][safepoint    ] Application time: 0.1005614 seconds
[1714.273s][info ][safepoint    ] Entering safepoint region: GenCollectForAllocation
[1714.273s][info ][gc,start     ] GC(573) Pause Young (Allocation Failure)
[1714.273s][info ][gc,task      ] GC(573) Using 4 workers of 4 for evacuation
[1714.276s][debug][gc,ref       ] GC(573) Skipped phase1 of Reference Processing due to unavailable references
[1714.276s][debug][gc,ref       ] GC(573) Skipped phase2 of Reference Processing due to unavailable references
[1714.276s][debug][gc,ref       ] GC(573) Skipped phase3 of Reference Processing due to unavailable references
[1714.276s][debug][gc,ref       ] GC(573) Skipped phase4 of Reference Processing due to unavailable references
[1714.276s][debug][gc,age       ] GC(573) Desired survivor size 15368192 bytes, new threshold 6 (max threshold 6)
[1714.277s][info ][gc,heap      ] GC(573) ParNew: 242141K->1482K(270336K)
[1714.277s][info ][gc,heap      ] GC(573) CMS: 320128K->320306K(600768K)
[1714.277s][info ][gc,metaspace ] GC(573) Metaspace: 57544K->57544K(1101824K)
[1714.277s][info ][gc           ] GC(573) Pause Young (Allocation Failure) 549M->314M(850M) 3.254ms
[1714.277s][info ][gc,cpu       ] GC(573) User=0.01s Sys=0.00s Real=0.01s
[1714.277s][info ][safepoint    ] Leaving safepoint region
[1714.277s][info ][safepoint    ] Total time for which application threads were stopped: 0.0034157 seconds, Stopping threads took: 0.0000201 seconds
[1715.277s][info ][safepoint    ] Application time: 1.0000885 seconds
[1715.277s][info ][safepoint    ] Entering safepoint region: Cleanup
[1715.277s][info ][safepoint    ] Leaving safepoint region
[1715.277s][info ][safepoint    ] Total time for which application threads were stopped: 0.0000793 seconds, Stopping threads took: 0.0000147 seconds
[1716.277s][info ][safepoint    ] Application time: 1.0001414 seconds
[1716.277s][info ][safepoint    ] Entering safepoint region: Cleanup
[1716.277s][info ][safepoint    ] Leaving safepoint region
[1716.277s][info ][safepoint    ] Total time for which application threads were stopped: 0.0001393 seconds, Stopping threads took: 0.0000716 seconds
[1717.277s][info ][safepoint    ] Application time: 1.0000866 seconds
[1717.277s][info ][safepoint    ] Entering safepoint region: Cleanup
[1717.277s][info ][safepoint    ] Leaving safepoint region
[1717.277s][info ][safepoint    ] Total time for which application threads were stopped: 0.0000633 seconds, Stopping threads took: 0.0000136 seconds
[1717.470s][info ][safepoint    ] Application time: 0.1929014 seconds
[1717.470s][info ][safepoint    ] Entering safepoint region: GenCollectForAllocation
[1717.470s][info ][gc,start     ] GC(574) Pause Young (Allocation Failure)
[1717.470s][info ][gc,task      ] GC(574) Using 4 workers of 4 for evacuation
[1717.473s][debug][gc,ref       ] GC(574) Skipped phase1 of Reference Processing due to unavailable references
[1717.473s][debug][gc,ref       ] GC(574) Skipped phase2 of Reference Processing due to unavailable references
[1717.473s][debug][gc,ref       ] GC(574) Skipped phase3 of Reference Processing due to unavailable references
[1717.473s][debug][gc,ref       ] GC(574) Skipped phase4 of Reference Processing due to unavailable references
[1717.473s][debug][gc,age       ] GC(574) Desired survivor size 15368192 bytes, new threshold 6 (max threshold 6)
[1717.473s][info ][gc,heap      ] GC(574) ParNew: 241802K->1366K(270336K)
[1717.473s][info ][gc,heap      ] GC(574) CMS: 320306K->320558K(600768K)
[1717.473s][info ][gc,metaspace ] GC(574) Metaspace: 57545K->57545K(1101824K)
[1717.473s][info ][gc           ] GC(574) Pause Young (Allocation Failure) 548M->314M(850M) 3.008ms
[1717.473s][info ][gc,cpu       ] GC(574) User=0.01s Sys=0.00s Real=0.00s
[1717.473s][info ][safepoint    ] Leaving safepoint region
[1717.473s][info ][safepoint    ] Total time for which application threads were stopped: 0.0031510 seconds, Stopping threads took: 0.0000127 seconds
[1718.474s][info ][safepoint    ] Application time: 1.0001008 seconds
[1718.474s][info ][safepoint    ] Entering safepoint region: Cleanup
[1718.474s][info ][safepoint    ] Leaving safepoint region
[1718.474s][info ][safepoint    ] Total time for which application threads were stopped: 0.0001244 seconds, Stopping threads took: 0.0000640 seconds
[1719.474s][info ][safepoint    ] Application time: 1.0000950 seconds
[1719.474s][info ][safepoint    ] Entering safepoint region: Cleanup
[1719.474s][info ][safepoint    ] Leaving safepoint region
[1719.474s][info ][safepoint    ] Total time for which application threads were stopped: 0.0001483 seconds, Stopping threads took: 0.0000791 seconds
[1720.474s][info ][safepoint    ] Application time: 1.0000844 seconds
[1720.474s][info ][safepoint    ] Entering safepoint region: Cleanup
[1720.474s][info ][safepoint    ] Leaving safepoint region
[1720.474s][info ][safepoint    ] Total time for which application threads were stopped: 0.0001252 seconds, Stopping threads took: 0.0000586 seconds
[1720.921s][info ][safepoint    ] Application time: 0.4466474 seconds
[1720.921s][info ][safepoint    ] Entering safepoint region: GenCollectForAllocation
[1720.921s][info ][gc,start     ] GC(575) Pause Young (Allocation Failure)
[1720.921s][info ][gc,task      ] GC(575) Using 4 workers of 4 for evacuation
[1720.924s][debug][gc,ref       ] GC(575) Skipped phase1 of Reference Processing due to unavailable references
[1720.924s][debug][gc,ref       ] GC(575) Skipped phase2 of Reference Processing due to unavailable references
[1720.924s][debug][gc,ref       ] GC(575) Skipped phase3 of Reference Processing due to unavailable references
[1720.924s][debug][gc,ref       ] GC(575) Skipped phase4 of Reference Processing due to unavailable references
[1720.924s][debug][gc,age       ] GC(575) Desired survivor size 15368192 bytes, new threshold 6 (max threshold 6)
[1720.924s][info ][gc,heap      ] GC(575) ParNew: 241686K->870K(270336K)
[1720.924s][info ][gc,heap      ] GC(575) CMS: 320558K->320723K(600768K)
[1720.924s][info ][gc,metaspace ] GC(575) Metaspace: 57545K->57545K(1101824K)
[1720.924s][info ][gc           ] GC(575) Pause Young (Allocation Failure) 549M->314M(850M) 2.718ms
[1720.924s][info ][gc,cpu       ] GC(575) User=0.01s Sys=0.00s Real=0.00s
[1720.924s][info ][safepoint    ] Leaving safepoint region
[1720.924s][info ][safepoint    ] Total time for which application threads were stopped: 0.0028679 seconds, Stopping threads took: 0.0000149 seconds
[1721.924s][info ][safepoint    ] Application time: 1.0001016 seconds
[1721.924s][info ][safepoint    ] Entering safepoint region: Cleanup
[1721.924s][info ][safepoint    ] Leaving safepoint region
[1721.924s][info ][safepoint    ] Total time for which application threads were stopped: 0.0001326 seconds, Stopping threads took: 0.0000662 seconds
[1724.419s][info ][safepoint    ] Application time: 2.4951498 seconds
[1724.419s][info ][safepoint    ] Entering safepoint region: GenCollectForAllocation
[1724.419s][info ][gc,start     ] GC(576) Pause Young (Allocation Failure)
[1724.419s][info ][gc,task      ] GC(576) Using 4 workers of 4 for evacuation
[1724.421s][debug][gc,ref       ] GC(576) Skipped phase1 of Reference Processing due to unavailable references
[1724.422s][debug][gc,ref       ] GC(576) Skipped phase2 of Reference Processing due to unavailable references
[1724.422s][debug][gc,ref       ] GC(576) Skipped phase3 of Reference Processing due to unavailable references
[1724.422s][debug][gc,ref       ] GC(576) Skipped phase4 of Reference Processing due to unavailable references
[1724.422s][debug][gc,age       ] GC(576) Desired survivor size 15368192 bytes, new threshold 6 (max threshold 6)
[1724.422s][info ][gc,heap      ] GC(576) ParNew: 241190K->850K(270336K)
[1724.422s][info ][gc,heap      ] GC(576) CMS: 320723K->320818K(600768K)
[1724.422s][info ][gc,metaspace ] GC(576) Metaspace: 57545K->57545K(1101824K)
[1724.422s][info ][gc           ] GC(576) Pause Young (Allocation Failure) 548M->314M(850M) 2.408ms
[1724.422s][info ][gc,cpu       ] GC(576) User=0.01s Sys=0.00s Real=0.00s
[1724.422s][info ][safepoint    ] Leaving safepoint region
[1724.422s][info ][safepoint    ] Total time for which application threads were stopped: 0.0025477 seconds, Stopping threads took: 0.0000149 seconds
[1727.615s][info ][safepoint    ] Application time: 3.1934770 seconds
[1727.615s][info ][safepoint    ] Entering safepoint region: GenCollectForAllocation
[1727.615s][info ][gc,start     ] GC(577) Pause Young (Allocation Failure)
[1727.615s][info ][gc,task      ] GC(577) Using 4 workers of 4 for evacuation
[1727.617s][debug][gc,ref       ] GC(577) Skipped phase1 of Reference Processing due to unavailable references
[1727.617s][debug][gc,ref       ] GC(577) Skipped phase2 of Reference Processing due to unavailable references
[1727.617s][debug][gc,ref       ] GC(577) Skipped phase3 of Reference Processing due to unavailable references
[1727.617s][debug][gc,ref       ] GC(577) Skipped phase4 of Reference Processing due to unavailable references
[1727.618s][debug][gc,age       ] GC(577) Desired survivor size 15368192 bytes, new threshold 6 (max threshold 6)
[1727.618s][info ][gc,heap      ] GC(577) ParNew: 241170K->832K(270336K)
[1727.618s][info ][gc,heap      ] GC(577) CMS: 320818K->320867K(600768K)
[1727.618s][info ][gc,metaspace ] GC(577) Metaspace: 57545K->57545K(1101824K)
[1727.618s][info ][gc           ] GC(577) Pause Young (Allocation Failure) 548M->314M(850M) 2.254ms
[1727.618s][info ][gc,cpu       ] GC(577) User=0.01s Sys=0.00s Real=0.00s
[1727.618s][info ][safepoint    ] Leaving safepoint region
[1727.618s][info ][safepoint    ] Total time for which application threads were stopped: 0.0024478 seconds, Stopping threads took: 0.0000507 seconds
[1730.618s][info ][safepoint    ] Application time: 3.0002628 seconds
[1730.618s][info ][safepoint    ] Entering safepoint region: Cleanup
[1730.618s][info ][safepoint    ] Leaving safepoint region
[1730.618s][info ][safepoint    ] Total time for which application threads were stopped: 0.0001346 seconds, Stopping threads took: 0.0000647 seconds
[1730.867s][info ][safepoint    ] Application time: 0.2487748 seconds
[1730.867s][info ][safepoint    ] Entering safepoint region: GenCollectForAllocation
[1730.867s][info ][gc,start     ] GC(578) Pause Young (Allocation Failure)
[1730.867s][info ][gc,task      ] GC(578) Using 4 workers of 4 for evacuation
[1730.870s][debug][gc,ref       ] GC(578) Skipped phase1 of Reference Processing due to unavailable references
[1730.871s][debug][gc,ref       ] GC(578) Skipped phase2 of Reference Processing due to unavailable references
[1730.871s][debug][gc,ref       ] GC(578) Skipped phase3 of Reference Processing due to unavailable references
[1730.871s][debug][gc,ref       ] GC(578) Skipped phase4 of Reference Processing due to unavailable references
[1730.871s][debug][gc,age       ] GC(578) Desired survivor size 15368192 bytes, new threshold 6 (max threshold 6)
[1730.871s][info ][gc,heap      ] GC(578) ParNew: 241152K->1065K(270336K)
[1730.871s][info ][gc,heap      ] GC(578) CMS: 320867K->321069K(600768K)
[1730.871s][info ][gc,metaspace ] GC(578) Metaspace: 57545K->57545K(1101824K)
[1730.871s][info ][gc           ] GC(578) Pause Young (Allocation Failure) 548M->314M(850M) 3.636ms
[1730.871s][info ][gc,cpu       ] GC(578) User=0.01s Sys=0.00s Real=0.00s
[1730.871s][info ][safepoint    ] Leaving safepoint region
[1730.871s][info ][safepoint    ] Total time for which application threads were stopped: 0.0037945 seconds, Stopping threads took: 0.0000149 seconds
[1734.223s][info ][safepoint    ] Application time: 3.3527056 seconds
[1734.224s][info ][safepoint    ] Entering safepoint region: GenCollectForAllocation
[1734.224s][info ][gc,start     ] GC(579) Pause Young (Allocation Failure)
[1734.224s][info ][gc,task      ] GC(579) Using 4 workers of 4 for evacuation
[1734.226s][debug][gc,ref       ] GC(579) Skipped phase1 of Reference Processing due to unavailable references
[1734.226s][debug][gc,ref       ] GC(579) Skipped phase2 of Reference Processing due to unavailable references
[1734.226s][debug][gc,ref       ] GC(579) Skipped phase3 of Reference Processing due to unavailable references
[1734.226s][debug][gc,ref       ] GC(579) Skipped phase4 of Reference Processing due to unavailable references
[1734.226s][debug][gc,age       ] GC(579) Desired survivor size 15368192 bytes, new threshold 6 (max threshold 6)
[1734.226s][info ][gc,heap      ] GC(579) ParNew: 241385K->971K(270336K)
[1734.226s][info ][gc,heap      ] GC(579) CMS: 321069K->321112K(600768K)
[1734.226s][info ][gc,metaspace ] GC(579) Metaspace: 57545K->57545K(1101824K)
[1734.226s][info ][gc           ] GC(579) Pause Young (Allocation Failure) 549M->314M(850M) 2.498ms
[1734.226s][info ][gc,cpu       ] GC(579) User=0.01s Sys=0.00s Real=0.01s
[1734.226s][info ][safepoint    ] Leaving safepoint region
[1734.226s][info ][safepoint    ] Total time for which application threads were stopped: 0.0026360 seconds, Stopping threads took: 0.0000138 seconds
[1737.765s][info ][safepoint    ] Application time: 3.5392269 seconds
[1737.765s][info ][safepoint    ] Entering safepoint region: GenCollectForAllocation
[1737.766s][info ][gc,start     ] GC(580) Pause Young (Allocation Failure)
[1737.766s][info ][gc,task      ] GC(580) Using 4 workers of 4 for evacuation
[1737.768s][debug][gc,ref       ] GC(580) Skipped phase1 of Reference Processing due to unavailable references
[1737.768s][debug][gc,ref       ] GC(580) Skipped phase2 of Reference Processing due to unavailable references
[1737.768s][debug][gc,ref       ] GC(580) Skipped phase3 of Reference Processing due to unavailable references
[1737.768s][debug][gc,ref       ] GC(580) Skipped phase4 of Reference Processing due to unavailable references
[1737.768s][debug][gc,age       ] GC(580) Desired survivor size 15368192 bytes, new threshold 6 (max threshold 6)
[1737.768s][info ][gc,heap      ] GC(580) ParNew: 241291K->1047K(270336K)
[1737.768s][info ][gc,heap      ] GC(580) CMS: 321112K->321128K(600768K)
[1737.768s][info ][gc,metaspace ] GC(580) Metaspace: 57545K->57545K(1101824K)
[1737.768s][info ][gc           ] GC(580) Pause Young (Allocation Failure) 549M->314M(850M) 2.443ms
[1737.768s][info ][gc,cpu       ] GC(580) User=0.01s Sys=0.00s Real=0.01s
[1737.768s][info ][safepoint    ] Leaving safepoint region
[1737.768s][info ][safepoint    ] Total time for which application threads were stopped: 0.0026421 seconds, Stopping threads took: 0.0000550 seconds
[1740.825s][info ][safepoint    ] Application time: 3.0565970 seconds
[1740.825s][info ][safepoint    ] Entering safepoint region: GenCollectForAllocation
[1740.825s][info ][gc,start     ] GC(581) Pause Young (Allocation Failure)
[1740.825s][info ][gc,task      ] GC(581) Using 4 workers of 4 for evacuation
[1740.827s][debug][gc,ref       ] GC(581) Skipped phase1 of Reference Processing due to unavailable references
[1740.827s][debug][gc,ref       ] GC(581) Skipped phase2 of Reference Processing due to unavailable references
[1740.827s][debug][gc,ref       ] GC(581) Skipped phase3 of Reference Processing due to unavailable references
[1740.827s][debug][gc,ref       ] GC(581) Skipped phase4 of Reference Processing due to unavailable references
[1740.828s][debug][gc,age       ] GC(581) Desired survivor size 15368192 bytes, new threshold 6 (max threshold 6)
[1740.828s][info ][gc,heap      ] GC(581) ParNew: 241367K->1336K(270336K)
[1740.828s][info ][gc,heap      ] GC(581) CMS: 321128K->321185K(600768K)
[1740.828s][info ][gc,metaspace ] GC(581) Metaspace: 57545K->57545K(1101824K)
[1740.828s][info ][gc           ] GC(581) Pause Young (Allocation Failure) 549M->314M(850M) 2.852ms
[1740.828s][info ][gc,cpu       ] GC(581) User=0.01s Sys=0.00s Real=0.01s
[1740.828s][info ][safepoint    ] Leaving safepoint region
[1740.828s][info ][safepoint    ] Total time for which application threads were stopped: 0.0030277 seconds, Stopping threads took: 0.0000276 seconds
[1744.215s][info ][safepoint    ] Application time: 3.3875917 seconds
[1744.215s][info ][safepoint    ] Entering safepoint region: GenCollectForAllocation
[1744.215s][info ][gc,start     ] GC(582) Pause Young (Allocation Failure)
[1744.216s][info ][gc,task      ] GC(582) Using 4 workers of 4 for evacuation
[1744.218s][debug][gc,ref       ] GC(582) Skipped phase1 of Reference Processing due to unavailable references
[1744.218s][debug][gc,ref       ] GC(582) Skipped phase2 of Reference Processing due to unavailable references
[1744.218s][debug][gc,ref       ] GC(582) Skipped phase3 of Reference Processing due to unavailable references
[1744.218s][debug][gc,ref       ] GC(582) Skipped phase4 of Reference Processing due to unavailable references
[1744.218s][debug][gc,age       ] GC(582) Desired survivor size 15368192 bytes, new threshold 6 (max threshold 6)
[1744.218s][info ][gc,heap      ] GC(582) ParNew: 241656K->1585K(270336K)
[1744.218s][info ][gc,heap      ] GC(582) CMS: 321185K->321206K(600768K)
[1744.218s][info ][gc,metaspace ] GC(582) Metaspace: 57545K->57545K(1101824K)
[1744.218s][info ][gc           ] GC(582) Pause Young (Allocation Failure) 549M->315M(850M) 2.833ms
[1744.218s][info ][gc,cpu       ] GC(582) User=0.01s Sys=0.00s Real=0.00s
[1744.218s][info ][safepoint    ] Leaving safepoint region
[1744.218s][info ][safepoint    ] Total time for which application threads were stopped: 0.0030030 seconds, Stopping threads took: 0.0000380 seconds
[1747.661s][info ][safepoint    ] Application time: 3.4430046 seconds
[1747.661s][info ][safepoint    ] Entering safepoint region: GenCollectForAllocation
[1747.661s][info ][gc,start     ] GC(583) Pause Young (Allocation Failure)
[1747.662s][info ][gc,task      ] GC(583) Using 4 workers of 4 for evacuation
[1747.664s][debug][gc,ref       ] GC(583) Skipped phase1 of Reference Processing due to unavailable references
[1747.664s][debug][gc,ref       ] GC(583) Skipped phase2 of Reference Processing due to unavailable references
[1747.664s][debug][gc,ref       ] GC(583) Skipped phase3 of Reference Processing due to unavailable references
[1747.664s][debug][gc,ref       ] GC(583) Skipped phase4 of Reference Processing due to unavailable references
[1747.664s][debug][gc,age       ] GC(583) Desired survivor size 15368192 bytes, new threshold 6 (max threshold 6)
[1747.664s][info ][gc,heap      ] GC(583) ParNew: 241905K->1542K(270336K)
[1747.664s][info ][gc,heap      ] GC(583) CMS: 321206K->321223K(600768K)
[1747.664s][info ][gc,metaspace ] GC(583) Metaspace: 57545K->57545K(1101824K)
[1747.664s][info ][gc           ] GC(583) Pause Young (Allocation Failure) 549M->315M(850M) 2.735ms
[1747.664s][info ][gc,cpu       ] GC(583) User=0.01s Sys=0.00s Real=0.00s
[1747.664s][info ][safepoint    ] Leaving safepoint region
[1747.664s][info ][safepoint    ] Total time for which application threads were stopped: 0.0028716 seconds, Stopping threads took: 0.0000148 seconds
[1751.086s][info ][safepoint    ] Application time: 3.4214492 seconds
[1751.086s][info ][safepoint    ] Entering safepoint region: GenCollectForAllocation
[1751.086s][info ][gc,start     ] GC(584) Pause Young (Allocation Failure)
[1751.086s][info ][gc,task      ] GC(584) Using 4 workers of 4 for evacuation
[1751.089s][debug][gc,ref       ] GC(584) Skipped phase1 of Reference Processing due to unavailable references
[1751.089s][debug][gc,ref       ] GC(584) Skipped phase2 of Reference Processing due to unavailable references
[1751.089s][debug][gc,ref       ] GC(584) Skipped phase3 of Reference Processing due to unavailable references
[1751.089s][debug][gc,ref       ] GC(584) Skipped phase4 of Reference Processing due to unavailable references
[1751.089s][debug][gc,age       ] GC(584) Desired survivor size 15368192 bytes, new threshold 6 (max threshold 6)
[1751.089s][info ][gc,heap      ] GC(584) ParNew: 241862K->1315K(270336K)
[1751.089s][info ][gc,heap      ] GC(584) CMS: 321223K->321380K(600768K)
[1751.089s][info ][gc,metaspace ] GC(584) Metaspace: 57545K->57545K(1101824K)
[1751.089s][info ][gc           ] GC(584) Pause Young (Allocation Failure) 549M->315M(850M) 3.316ms
[1751.089s][info ][gc,cpu       ] GC(584) User=0.01s Sys=0.00s Real=0.00s
[1751.089s][info ][safepoint    ] Leaving safepoint region
[1751.089s][info ][safepoint    ] Total time for which application threads were stopped: 0.0035197 seconds, Stopping threads took: 0.0000202 seconds
[1753.089s][info ][safepoint    ] Application time: 2.0001858 seconds
[1753.089s][info ][safepoint    ] Entering safepoint region: Cleanup
[1753.090s][info ][safepoint    ] Leaving safepoint region
[1753.090s][info ][safepoint    ] Total time for which application threads were stopped: 0.0000878 seconds, Stopping threads took: 0.0000189 seconds
[1754.570s][info ][safepoint    ] Application time: 1.4806904 seconds
[1754.570s][info ][safepoint    ] Entering safepoint region: GenCollectForAllocation
[1754.570s][info ][gc,start     ] GC(585) Pause Young (Allocation Failure)
[1754.570s][info ][gc,task      ] GC(585) Using 4 workers of 4 for evacuation
[1754.574s][debug][gc,ref       ] GC(585) Skipped phase1 of Reference Processing due to unavailable references
[1754.574s][debug][gc,ref       ] GC(585) Skipped phase2 of Reference Processing due to unavailable references
[1754.574s][debug][gc,ref       ] GC(585) Skipped phase3 of Reference Processing due to unavailable references
[1754.574s][debug][gc,ref       ] GC(585) Skipped phase4 of Reference Processing due to unavailable references
[1754.574s][debug][gc,age       ] GC(585) Desired survivor size 15368192 bytes, new threshold 6 (max threshold 6)
[1754.574s][info ][gc,heap      ] GC(585) ParNew: 241635K->2045K(270336K)
[1754.574s][info ][gc,heap      ] GC(585) CMS: 321380K->321523K(600768K)
[1754.574s][info ][gc,metaspace ] GC(585) Metaspace: 57545K->57545K(1101824K)
[1754.574s][info ][gc           ] GC(585) Pause Young (Allocation Failure) 549M->315M(850M) 3.312ms
[1754.574s][info ][gc,cpu       ] GC(585) User=0.01s Sys=0.00s Real=0.01s
[1754.574s][info ][safepoint    ] Leaving safepoint region
[1754.574s][info ][safepoint    ] Total time for which application threads were stopped: 0.0036329 seconds, Stopping threads took: 0.0000152 seconds
[1757.771s][info ][safepoint    ] Application time: 3.1967462 seconds
[1757.771s][info ][safepoint    ] Entering safepoint region: GenCollectForAllocation
[1757.771s][info ][gc,start     ] GC(586) Pause Young (Allocation Failure)
[1757.771s][info ][gc,task      ] GC(586) Using 4 workers of 4 for evacuation
[1757.774s][debug][gc,ref       ] GC(586) Skipped phase1 of Reference Processing due to unavailable references
[1757.774s][debug][gc,ref       ] GC(586) Skipped phase2 of Reference Processing due to unavailable references
[1757.774s][debug][gc,ref       ] GC(586) Skipped phase3 of Reference Processing due to unavailable references
[1757.774s][debug][gc,ref       ] GC(586) Skipped phase4 of Reference Processing due to unavailable references
[1757.774s][debug][gc,age       ] GC(586) Desired survivor size 15368192 bytes, new threshold 6 (max threshold 6)
[1757.774s][info ][gc,heap      ] GC(586) ParNew: 242365K->2184K(270336K)
[1757.774s][info ][gc,heap      ] GC(586) CMS: 321523K->321658K(600768K)
[1757.774s][info ][gc,metaspace ] GC(586) Metaspace: 57545K->57545K(1101824K)
[1757.774s][info ][gc           ] GC(586) Pause Young (Allocation Failure) 550M->316M(850M) 3.056ms
[1757.774s][info ][gc,cpu       ] GC(586) User=0.01s Sys=0.00s Real=0.01s
[1757.774s][info ][safepoint    ] Leaving safepoint region
[1757.774s][info ][safepoint    ] Total time for which application threads were stopped: 0.0032177 seconds, Stopping threads took: 0.0000149 seconds
[1758.774s][info ][safepoint    ] Application time: 1.0001007 seconds
[1758.774s][info ][safepoint    ] Entering safepoint region: Cleanup
[1758.774s][info ][safepoint    ] Leaving safepoint region
[1758.774s][info ][safepoint    ] Total time for which application threads were stopped: 0.0001539 seconds, Stopping threads took: 0.0000821 seconds
[1759.774s][info ][safepoint    ] Application time: 1.0000944 seconds
[1759.774s][info ][safepoint    ] Entering safepoint region: Cleanup
[1759.775s][info ][safepoint    ] Leaving safepoint region
[1759.775s][info ][safepoint    ] Total time for which application threads were stopped: 0.0003633 seconds, Stopping threads took: 0.0002940 seconds
[1760.965s][info ][safepoint    ] Application time: 1.1905378 seconds
[1760.965s][info ][safepoint    ] Entering safepoint region: GenCollectForAllocation
[1760.965s][info ][gc,start     ] GC(587) Pause Young (Allocation Failure)
[1760.965s][info ][gc,task      ] GC(587) Using 4 workers of 4 for evacuation
[1760.969s][debug][gc,ref       ] GC(587) Skipped phase1 of Reference Processing due to unavailable references
[1760.969s][debug][gc,ref       ] GC(587) Skipped phase2 of Reference Processing due to unavailable references
[1760.969s][debug][gc,ref       ] GC(587) Skipped phase3 of Reference Processing due to unavailable references
[1760.969s][debug][gc,ref       ] GC(587) Skipped phase4 of Reference Processing due to unavailable references
[1760.969s][debug][gc,age       ] GC(587) Desired survivor size 15368192 bytes, new threshold 6 (max threshold 6)
[1760.969s][info ][gc,heap      ] GC(587) ParNew: 242504K->2104K(270336K)
[1760.969s][info ][gc,heap      ] GC(587) CMS: 321658K->321887K(600768K)
[1760.969s][info ][gc,metaspace ] GC(587) Metaspace: 57545K->57545K(1101824K)
[1760.969s][info ][gc           ] GC(587) Pause Young (Allocation Failure) 550M->316M(850M) 3.739ms
[1760.969s][info ][gc,cpu       ] GC(587) User=0.01s Sys=0.00s Real=0.01s
[1760.969s][info ][safepoint    ] Leaving safepoint region
[1760.969s][info ][safepoint    ] Total time for which application threads were stopped: 0.0039292 seconds, Stopping threads took: 0.0000473 seconds
[1764.331s][info ][safepoint    ] Application time: 3.3615412 seconds
[1764.331s][info ][safepoint    ] Entering safepoint region: GenCollectForAllocation
[1764.331s][info ][gc,start     ] GC(588) Pause Young (Allocation Failure)
[1764.331s][info ][gc,task      ] GC(588) Using 4 workers of 4 for evacuation
[1764.334s][debug][gc,ref       ] GC(588) Skipped phase1 of Reference Processing due to unavailable references
[1764.334s][debug][gc,ref       ] GC(588) Skipped phase2 of Reference Processing due to unavailable references
[1764.334s][debug][gc,ref       ] GC(588) Skipped phase3 of Reference Processing due to unavailable references
[1764.334s][debug][gc,ref       ] GC(588) Skipped phase4 of Reference Processing due to unavailable references
[1764.334s][debug][gc,age       ] GC(588) Desired survivor size 15368192 bytes, new threshold 6 (max threshold 6)
[1764.334s][info ][gc,heap      ] GC(588) ParNew: 242424K->1844K(270336K)
[1764.334s][info ][gc,heap      ] GC(588) CMS: 321887K->322015K(600768K)
[1764.334s][info ][gc,metaspace ] GC(588) Metaspace: 57545K->57545K(1101824K)
[1764.334s][info ][gc           ] GC(588) Pause Young (Allocation Failure) 551M->316M(850M) 2.797ms
[1764.334s][info ][gc,cpu       ] GC(588) User=0.01s Sys=0.00s Real=0.00s
[1764.334s][info ][safepoint    ] Leaving safepoint region
[1764.334s][info ][safepoint    ] Total time for which application threads were stopped: 0.0029440 seconds, Stopping threads took: 0.0000149 seconds
[1767.773s][info ][safepoint    ] Application time: 3.4395714 seconds
[1767.773s][info ][safepoint    ] Entering safepoint region: GenCollectForAllocation
[1767.773s][info ][gc,start     ] GC(589) Pause Young (Allocation Failure)
[1767.774s][info ][gc,task      ] GC(589) Using 4 workers of 4 for evacuation
[1767.776s][debug][gc,ref       ] GC(589) Skipped phase1 of Reference Processing due to unavailable references
[1767.776s][debug][gc,ref       ] GC(589) Skipped phase2 of Reference Processing due to unavailable references
[1767.776s][debug][gc,ref       ] GC(589) Skipped phase3 of Reference Processing due to unavailable references
[1767.776s][debug][gc,ref       ] GC(589) Skipped phase4 of Reference Processing due to unavailable references
[1767.776s][debug][gc,age       ] GC(589) Desired survivor size 15368192 bytes, new threshold 6 (max threshold 6)
[1767.776s][info ][gc,heap      ] GC(589) ParNew: 242164K->1834K(270336K)
[1767.776s][info ][gc,heap      ] GC(589) CMS: 322015K->322058K(600768K)
[1767.776s][info ][gc,metaspace ] GC(589) Metaspace: 57545K->57545K(1101824K)
[1767.776s][info ][gc           ] GC(589) Pause Young (Allocation Failure) 550M->316M(850M) 2.647ms
[1767.776s][info ][gc,cpu       ] GC(589) User=0.01s Sys=0.00s Real=0.01s
[1767.776s][info ][safepoint    ] Leaving safepoint region
[1767.776s][info ][safepoint    ] Total time for which application threads were stopped: 0.0027915 seconds, Stopping threads took: 0.0000145 seconds
[1771.068s][info ][safepoint    ] Application time: 3.2921073 seconds
[1771.068s][info ][safepoint    ] Entering safepoint region: GenCollectForAllocation
[1771.068s][info ][gc,start     ] GC(590) Pause Young (Allocation Failure)
[1771.068s][info ][gc,task      ] GC(590) Using 4 workers of 4 for evacuation
[1771.071s][debug][gc,ref       ] GC(590) Skipped phase1 of Reference Processing due to unavailable references
[1771.071s][debug][gc,ref       ] GC(590) Skipped phase2 of Reference Processing due to unavailable references
[1771.071s][debug][gc,ref       ] GC(590) Skipped phase3 of Reference Processing due to unavailable references
[1771.071s][debug][gc,ref       ] GC(590) Skipped phase4 of Reference Processing due to unavailable references
[1771.071s][debug][gc,age       ] GC(590) Desired survivor size 15368192 bytes, new threshold 6 (max threshold 6)
[1771.071s][info ][gc,heap      ] GC(590) ParNew: 242154K->1940K(270336K)
[1771.071s][info ][gc,heap      ] GC(590) CMS: 322058K->322147K(600768K)
[1771.071s][info ][gc,metaspace ] GC(590) Metaspace: 57545K->57545K(1101824K)
[1771.071s][info ][gc           ] GC(590) Pause Young (Allocation Failure) 550M->316M(850M) 2.728ms
[1771.071s][info ][gc,cpu       ] GC(590) User=0.01s Sys=0.00s Real=0.00s
[1771.071s][info ][safepoint    ] Leaving safepoint region
[1771.071s][info ][safepoint    ] Total time for which application threads were stopped: 0.0028938 seconds, Stopping threads took: 0.0000307 seconds
[1774.272s][info ][safepoint    ] Application time: 3.2005274 seconds
[1774.272s][info ][safepoint    ] Entering safepoint region: GenCollectForAllocation
[1774.272s][info ][gc,start     ] GC(591) Pause Young (Allocation Failure)
[1774.272s][info ][gc,task      ] GC(591) Using 4 workers of 4 for evacuation
[1774.275s][debug][gc,ref       ] GC(591) Skipped phase1 of Reference Processing due to unavailable references
[1774.275s][debug][gc,ref       ] GC(591) Skipped phase2 of Reference Processing due to unavailable references
[1774.275s][debug][gc,ref       ] GC(591) Skipped phase3 of Reference Processing due to unavailable references
[1774.275s][debug][gc,ref       ] GC(591) Skipped phase4 of Reference Processing due to unavailable references
[1774.275s][debug][gc,age       ] GC(591) Desired survivor size 15368192 bytes, new threshold 6 (max threshold 6)
[1774.275s][info ][gc,heap      ] GC(591) ParNew: 242260K->1866K(270336K)
[1774.275s][info ][gc,heap      ] GC(591) CMS: 322147K->322524K(600768K)
[1774.275s][info ][gc,metaspace ] GC(591) Metaspace: 57545K->57545K(1101824K)
[1774.275s][info ][gc           ] GC(591) Pause Young (Allocation Failure) 551M->316M(850M) 3.145ms
[1774.275s][info ][gc,cpu       ] GC(591) User=0.01s Sys=0.00s Real=0.01s
[1774.275s][info ][safepoint    ] Leaving safepoint region
[1774.275s][info ][safepoint    ] Total time for which application threads were stopped: 0.0033316 seconds, Stopping threads took: 0.0000619 seconds
[1777.770s][info ][safepoint    ] Application time: 3.4953376 seconds
[1777.771s][info ][safepoint    ] Entering safepoint region: GenCollectForAllocation
[1777.771s][info ][gc,start     ] GC(592) Pause Young (Allocation Failure)
[1777.771s][info ][gc,task      ] GC(592) Using 4 workers of 4 for evacuation
[1777.773s][debug][gc,ref       ] GC(592) Skipped phase1 of Reference Processing due to unavailable references
[1777.773s][debug][gc,ref       ] GC(592) Skipped phase2 of Reference Processing due to unavailable references
[1777.773s][debug][gc,ref       ] GC(592) Skipped phase3 of Reference Processing due to unavailable references
[1777.773s][debug][gc,ref       ] GC(592) Skipped phase4 of Reference Processing due to unavailable references
[1777.773s][debug][gc,age       ] GC(592) Desired survivor size 15368192 bytes, new threshold 6 (max threshold 6)
[1777.773s][info ][gc,heap      ] GC(592) ParNew: 242186K->1502K(270336K)
[1777.773s][info ][gc,heap      ] GC(592) CMS: 322524K->322653K(600768K)
[1777.773s][info ][gc,metaspace ] GC(592) Metaspace: 57545K->57545K(1101824K)
[1777.773s][info ][gc           ] GC(592) Pause Young (Allocation Failure) 551M->316M(850M) 2.649ms
[1777.773s][info ][gc,cpu       ] GC(592) User=0.01s Sys=0.00s Real=0.00s
[1777.773s][info ][safepoint    ] Leaving safepoint region
[1777.773s][info ][safepoint    ] Total time for which application threads were stopped: 0.0027954 seconds, Stopping threads took: 0.0000147 seconds
[1781.223s][info ][safepoint    ] Application time: 3.4498217 seconds
[1781.223s][info ][safepoint    ] Entering safepoint region: GenCollectForAllocation
[1781.223s][info ][gc,start     ] GC(593) Pause Young (Allocation Failure)
[1781.223s][info ][gc,task      ] GC(593) Using 4 workers of 4 for evacuation
[1781.226s][debug][gc,ref       ] GC(593) Skipped phase1 of Reference Processing due to unavailable references
[1781.226s][debug][gc,ref       ] GC(593) Skipped phase2 of Reference Processing due to unavailable references
[1781.226s][debug][gc,ref       ] GC(593) Skipped phase3 of Reference Processing due to unavailable references
[1781.226s][debug][gc,ref       ] GC(593) Skipped phase4 of Reference Processing due to unavailable references
[1781.226s][debug][gc,age       ] GC(593) Desired survivor size 15368192 bytes, new threshold 6 (max threshold 6)
[1781.226s][info ][gc,heap      ] GC(593) ParNew: 241822K->1096K(270336K)
[1781.226s][info ][gc,heap      ] GC(593) CMS: 322653K->323229K(600768K)
[1781.226s][info ][gc,metaspace ] GC(593) Metaspace: 57545K->57545K(1101824K)
[1781.226s][info ][gc           ] GC(593) Pause Young (Allocation Failure) 551M->316M(850M) 3.050ms
[1781.226s][info ][gc,cpu       ] GC(593) User=0.01s Sys=0.00s Real=0.01s
[1781.226s][info ][safepoint    ] Leaving safepoint region
[1781.226s][info ][safepoint    ] Total time for which application threads were stopped: 0.0032627 seconds, Stopping threads took: 0.0000152 seconds
[1784.825s][info ][safepoint    ] Application time: 3.5988925 seconds
[1784.825s][info ][safepoint    ] Entering safepoint region: GenCollectForAllocation
[1784.825s][info ][gc,start     ] GC(594) Pause Young (Allocation Failure)
[1784.825s][info ][gc,task      ] GC(594) Using 4 workers of 4 for evacuation
[1784.828s][debug][gc,ref       ] GC(594) Skipped phase1 of Reference Processing due to unavailable references
[1784.828s][debug][gc,ref       ] GC(594) Skipped phase2 of Reference Processing due to unavailable references
[1784.828s][debug][gc,ref       ] GC(594) Skipped phase3 of Reference Processing due to unavailable references
[1784.828s][debug][gc,ref       ] GC(594) Skipped phase4 of Reference Processing due to unavailable references
[1784.828s][debug][gc,age       ] GC(594) Desired survivor size 15368192 bytes, new threshold 6 (max threshold 6)
[1784.828s][info ][gc,heap      ] GC(594) ParNew: 241416K->801K(270336K)
[1784.828s][info ][gc,heap      ] GC(594) CMS: 323229K->323309K(600768K)
[1784.828s][info ][gc,metaspace ] GC(594) Metaspace: 57545K->57545K(1101824K)
[1784.828s][info ][gc           ] GC(594) Pause Young (Allocation Failure) 551M->316M(850M) 2.417ms
[1784.828s][info ][gc,cpu       ] GC(594) User=0.00s Sys=0.00s Real=0.01s
[1784.828s][info ][safepoint    ] Leaving safepoint region
[1784.828s][info ][safepoint    ] Total time for which application threads were stopped: 0.0025746 seconds, Stopping threads took: 0.0000150 seconds
[1786.828s][info ][safepoint    ] Application time: 2.0001845 seconds
[1786.828s][info ][safepoint    ] Entering safepoint region: Cleanup
[1786.828s][info ][safepoint    ] Leaving safepoint region
[1786.828s][info ][safepoint    ] Total time for which application threads were stopped: 0.0000794 seconds, Stopping threads took: 0.0000152 seconds
[1787.974s][info ][safepoint    ] Application time: 1.1460196 seconds
[1787.974s][info ][safepoint    ] Entering safepoint region: GenCollectForAllocation
[1787.974s][info ][gc,start     ] GC(595) Pause Young (Allocation Failure)
[1787.974s][info ][gc,task      ] GC(595) Using 4 workers of 4 for evacuation
[1787.977s][debug][gc,ref       ] GC(595) Skipped phase1 of Reference Processing due to unavailable references
[1787.977s][debug][gc,ref       ] GC(595) Skipped phase2 of Reference Processing due to unavailable references
[1787.977s][debug][gc,ref       ] GC(595) Skipped phase3 of Reference Processing due to unavailable references
[1787.977s][debug][gc,ref       ] GC(595) Skipped phase4 of Reference Processing due to unavailable references
[1787.977s][debug][gc,age       ] GC(595) Desired survivor size 15368192 bytes, new threshold 6 (max threshold 6)
[1787.977s][info ][gc,heap      ] GC(595) ParNew: 241121K->765K(270336K)
[1787.977s][info ][gc,heap      ] GC(595) CMS: 323309K->323375K(600768K)
[1787.977s][info ][gc,metaspace ] GC(595) Metaspace: 57545K->57545K(1101824K)
[1787.977s][info ][gc           ] GC(595) Pause Young (Allocation Failure) 551M->316M(850M) 2.722ms
[1787.977s][info ][gc,cpu       ] GC(595) User=0.00s Sys=0.00s Real=0.00s
[1787.977s][info ][safepoint    ] Leaving safepoint region
[1787.977s][info ][safepoint    ] Total time for which application threads were stopped: 0.0029414 seconds, Stopping threads took: 0.0000160 seconds
[1788.977s][info ][safepoint    ] Application time: 1.0000908 seconds
[1788.977s][info ][safepoint    ] Entering safepoint region: Cleanup
[1788.977s][info ][safepoint    ] Leaving safepoint region
[1788.977s][info ][safepoint    ] Total time for which application threads were stopped: 0.0000915 seconds, Stopping threads took: 0.0000282 seconds
[1791.266s][info ][safepoint    ] Application time: 2.2880782 seconds
[1791.266s][info ][safepoint    ] Entering safepoint region: GenCollectForAllocation
[1791.266s][info ][gc,start     ] GC(596) Pause Young (Allocation Failure)
[1791.266s][info ][gc,task      ] GC(596) Using 4 workers of 4 for evacuation
[1791.269s][debug][gc,ref       ] GC(596) Skipped phase1 of Reference Processing due to unavailable references
[1791.269s][debug][gc,ref       ] GC(596) Skipped phase2 of Reference Processing due to unavailable references
[1791.269s][debug][gc,ref       ] GC(596) Skipped phase3 of Reference Processing due to unavailable references
[1791.269s][debug][gc,ref       ] GC(596) Skipped phase4 of Reference Processing due to unavailable references
[1791.269s][debug][gc,age       ] GC(596) Desired survivor size 15368192 bytes, new threshold 6 (max threshold 6)
[1791.269s][info ][gc,heap      ] GC(596) ParNew: 241085K->911K(270336K)
[1791.269s][info ][gc,heap      ] GC(596) CMS: 323375K->323464K(600768K)
[1791.269s][info ][gc,metaspace ] GC(596) Metaspace: 57545K->57545K(1101824K)
[1791.269s][info ][gc           ] GC(596) Pause Young (Allocation Failure) 551M->316M(850M) 3.107ms
[1791.269s][info ][gc,cpu       ] GC(596) User=0.02s Sys=0.00s Real=0.01s
[1791.269s][info ][safepoint    ] Leaving safepoint region
[1791.269s][info ][safepoint    ] Total time for which application threads were stopped: 0.0033064 seconds, Stopping threads took: 0.0000582 seconds
[1793.269s][info ][safepoint    ] Application time: 2.0001711 seconds
[1793.269s][info ][safepoint    ] Entering safepoint region: Cleanup
[1793.269s][info ][safepoint    ] Leaving safepoint region
[1793.269s][info ][safepoint    ] Total time for which application threads were stopped: 0.0001682 seconds, Stopping threads took: 0.0000706 seconds
[1794.269s][info ][safepoint    ] Application time: 1.0001796 seconds
[1794.270s][info ][safepoint    ] Entering safepoint region: Cleanup
[1794.270s][info ][safepoint    ] Leaving safepoint region
[1794.270s][info ][safepoint    ] Total time for which application threads were stopped: 0.0001391 seconds, Stopping threads took: 0.0000688 seconds
[1794.619s][info ][safepoint    ] Application time: 0.3497957 seconds
[1794.619s][info ][safepoint    ] Entering safepoint region: GenCollectForAllocation
[1794.620s][info ][gc,start     ] GC(597) Pause Young (Allocation Failure)
[1794.620s][info ][gc,task      ] GC(597) Using 4 workers of 4 for evacuation
[1794.622s][debug][gc,ref       ] GC(597) Skipped phase1 of Reference Processing due to unavailable references
[1794.622s][debug][gc,ref       ] GC(597) Skipped phase2 of Reference Processing due to unavailable references
[1794.622s][debug][gc,ref       ] GC(597) Skipped phase3 of Reference Processing due to unavailable references
[1794.622s][debug][gc,ref       ] GC(597) Skipped phase4 of Reference Processing due to unavailable references
[1794.622s][debug][gc,age       ] GC(597) Desired survivor size 15368192 bytes, new threshold 6 (max threshold 6)
[1794.622s][info ][gc,heap      ] GC(597) ParNew: 241231K->818K(270336K)
[1794.622s][info ][gc,heap      ] GC(597) CMS: 323464K->323539K(600768K)
[1794.622s][info ][gc,metaspace ] GC(597) Metaspace: 57545K->57545K(1101824K)
[1794.622s][info ][gc           ] GC(597) Pause Young (Allocation Failure) 551M->316M(850M) 2.614ms
[1794.622s][info ][gc,cpu       ] GC(597) User=0.00s Sys=0.01s Real=0.00s
[1794.622s][info ][safepoint    ] Leaving safepoint region
[1794.622s][info ][safepoint    ] Total time for which application threads were stopped: 0.0027939 seconds, Stopping threads took: 0.0000149 seconds
[1795.622s][info ][safepoint    ] Application time: 1.0001189 seconds
[1795.622s][info ][safepoint    ] Entering safepoint region: Cleanup
[1795.623s][info ][safepoint    ] Leaving safepoint region
[1795.623s][info ][safepoint    ] Total time for which application threads were stopped: 0.0001364 seconds, Stopping threads took: 0.0000653 seconds
[1798.021s][info ][safepoint    ] Application time: 2.3985219 seconds
[1798.021s][info ][safepoint    ] Entering safepoint region: GenCollectForAllocation
[1798.021s][info ][gc,start     ] GC(598) Pause Young (Allocation Failure)
[1798.021s][info ][gc,task      ] GC(598) Using 4 workers of 4 for evacuation
[1798.023s][debug][gc,ref       ] GC(598) Skipped phase1 of Reference Processing due to unavailable references
[1798.023s][debug][gc,ref       ] GC(598) Skipped phase2 of Reference Processing due to unavailable references
[1798.023s][debug][gc,ref       ] GC(598) Skipped phase3 of Reference Processing due to unavailable references
[1798.023s][debug][gc,ref       ] GC(598) Skipped phase4 of Reference Processing due to unavailable references
[1798.024s][debug][gc,age       ] GC(598) Desired survivor size 15368192 bytes, new threshold 6 (max threshold 6)
[1798.024s][info ][gc,heap      ] GC(598) ParNew: 241138K->1107K(270336K)
[1798.024s][info ][gc,heap      ] GC(598) CMS: 323539K->323554K(600768K)
[1798.024s][info ][gc,metaspace ] GC(598) Metaspace: 57545K->57545K(1101824K)
[1798.024s][info ][gc           ] GC(598) Pause Young (Allocation Failure) 551M->317M(850M) 2.348ms
[1798.024s][info ][gc,cpu       ] GC(598) User=0.01s Sys=0.00s Real=0.00s
[1798.024s][info ][safepoint    ] Leaving safepoint region
[1798.024s][info ][safepoint    ] Total time for which application threads were stopped: 0.0025036 seconds, Stopping threads took: 0.0000155 seconds
[1801.024s][info ][safepoint    ] Application time: 3.0002512 seconds
[1801.024s][info ][safepoint    ] Entering safepoint region: Cleanup
[1801.024s][info ][safepoint    ] Leaving safepoint region
[1801.024s][info ][safepoint    ] Total time for which application threads were stopped: 0.0001477 seconds, Stopping threads took: 0.0000632 seconds
[1801.123s][info ][safepoint    ] Application time: 0.0989957 seconds
[1801.123s][info ][safepoint    ] Entering safepoint region: GenCollectForAllocation
[1801.123s][info ][gc,start     ] GC(599) Pause Young (Allocation Failure)
[1801.123s][info ][gc,task      ] GC(599) Using 4 workers of 4 for evacuation
[1801.126s][debug][gc,ref       ] GC(599) Skipped phase1 of Reference Processing due to unavailable references
[1801.126s][debug][gc,ref       ] GC(599) Skipped phase2 of Reference Processing due to unavailable references
[1801.126s][debug][gc,ref       ] GC(599) Skipped phase3 of Reference Processing due to unavailable references
[1801.126s][debug][gc,ref       ] GC(599) Skipped phase4 of Reference Processing due to unavailable references
[1801.126s][debug][gc,age       ] GC(599) Desired survivor size 15368192 bytes, new threshold 6 (max threshold 6)
[1801.126s][info ][gc,heap      ] GC(599) ParNew: 241427K->1375K(270336K)
[1801.126s][info ][gc,heap      ] GC(599) CMS: 323554K->323656K(600768K)
[1801.126s][info ][gc,metaspace ] GC(599) Metaspace: 57545K->57545K(1101824K)
[1801.126s][info ][gc           ] GC(599) Pause Young (Allocation Failure) 551M->317M(850M) 2.736ms
[1801.126s][info ][gc,cpu       ] GC(599) User=0.01s Sys=0.00s Real=0.01s
[1801.126s][info ][safepoint    ] Leaving safepoint region
[1801.126s][info ][safepoint    ] Total time for which application threads were stopped: 0.0028797 seconds, Stopping threads took: 0.0000149 seconds
[1804.420s][info ][safepoint    ] Application time: 3.2938681 seconds
[1804.420s][info ][safepoint    ] Entering safepoint region: GenCollectForAllocation
[1804.420s][info ][gc,start     ] GC(600) Pause Young (Allocation Failure)
[1804.420s][info ][gc,task      ] GC(600) Using 4 workers of 4 for evacuation
[1804.422s][debug][gc,ref       ] GC(600) Skipped phase1 of Reference Processing due to unavailable references
[1804.422s][debug][gc,ref       ] GC(600) Skipped phase2 of Reference Processing due to unavailable references
[1804.422s][debug][gc,ref       ] GC(600) Skipped phase3 of Reference Processing due to unavailable references
[1804.422s][debug][gc,ref       ] GC(600) Skipped phase4 of Reference Processing due to unavailable references
[1804.423s][debug][gc,age       ] GC(600) Desired survivor size 15368192 bytes, new threshold 6 (max threshold 6)
[1804.423s][info ][gc,heap      ] GC(600) ParNew: 241695K->1376K(270336K)
[1804.423s][info ][gc,heap      ] GC(600) CMS: 323656K->323703K(600768K)
[1804.423s][info ][gc,metaspace ] GC(600) Metaspace: 57546K->57546K(1101824K)
[1804.423s][info ][gc           ] GC(600) Pause Young (Allocation Failure) 552M->317M(850M) 2.615ms
[1804.423s][info ][gc,cpu       ] GC(600) User=0.01s Sys=0.00s Real=0.00s
[1804.423s][info ][safepoint    ] Leaving safepoint region
[1804.423s][info ][safepoint    ] Total time for which application threads were stopped: 0.0027487 seconds, Stopping threads took: 0.0000145 seconds
[1807.815s][info ][safepoint    ] Application time: 3.3921353 seconds
[1807.815s][info ][safepoint    ] Entering safepoint region: GenCollectForAllocation
[1807.815s][info ][gc,start     ] GC(601) Pause Young (Allocation Failure)
[1807.815s][info ][gc,task      ] GC(601) Using 4 workers of 4 for evacuation
[1807.818s][debug][gc,ref       ] GC(601) Skipped phase1 of Reference Processing due to unavailable references
[1807.818s][debug][gc,ref       ] GC(601) Skipped phase2 of Reference Processing due to unavailable references
[1807.818s][debug][gc,ref       ] GC(601) Skipped phase3 of Reference Processing due to unavailable references
[1807.818s][debug][gc,ref       ] GC(601) Skipped phase4 of Reference Processing due to unavailable references
[1807.818s][debug][gc,age       ] GC(601) Desired survivor size 15368192 bytes, new threshold 6 (max threshold 6)
[1807.818s][info ][gc,heap      ] GC(601) ParNew: 241696K->1646K(270336K)
[1807.818s][info ][gc,heap      ] GC(601) CMS: 323703K->323787K(600768K)
[1807.818s][info ][gc,metaspace ] GC(601) Metaspace: 57547K->57547K(1101824K)
[1807.818s][info ][gc           ] GC(601) Pause Young (Allocation Failure) 552M->317M(850M) 3.333ms
[1807.818s][info ][gc,cpu       ] GC(601) User=0.01s Sys=0.00s Real=0.00s
[1807.818s][info ][safepoint    ] Leaving safepoint region
[1807.818s][info ][safepoint    ] Total time for which application threads were stopped: 0.0034725 seconds, Stopping threads took: 0.0000160 seconds
[1808.818s][info ][safepoint    ] Application time: 1.0001181 seconds
[1808.818s][info ][safepoint    ] Entering safepoint region: Cleanup
[1808.819s][info ][safepoint    ] Leaving safepoint region
[1808.819s][info ][safepoint    ] Total time for which application threads were stopped: 0.0001481 seconds, Stopping threads took: 0.0000813 seconds
[1809.819s][info ][safepoint    ] Application time: 1.0000959 seconds
[1809.819s][info ][safepoint    ] Entering safepoint region: Cleanup
[1809.819s][info ][safepoint    ] Leaving safepoint region
[1809.819s][info ][safepoint    ] Total time for which application threads were stopped: 0.0001190 seconds, Stopping threads took: 0.0000524 seconds
[1810.819s][info ][safepoint    ] Application time: 1.0000941 seconds
[1810.819s][info ][safepoint    ] Entering safepoint region: Cleanup
[1810.819s][info ][safepoint    ] Leaving safepoint region
[1810.819s][info ][safepoint    ] Total time for which application threads were stopped: 0.0001550 seconds, Stopping threads took: 0.0000866 seconds
[1811.212s][info ][safepoint    ] Application time: 0.3932987 seconds
[1811.212s][info ][safepoint    ] Entering safepoint region: GenCollectForAllocation
[1811.213s][info ][gc,start     ] GC(602) Pause Young (Allocation Failure)
[1811.213s][info ][gc,task      ] GC(602) Using 4 workers of 4 for evacuation
[1811.215s][debug][gc,ref       ] GC(602) Skipped phase1 of Reference Processing due to unavailable references
[1811.215s][debug][gc,ref       ] GC(602) Skipped phase2 of Reference Processing due to unavailable references
[1811.215s][debug][gc,ref       ] GC(602) Skipped phase3 of Reference Processing due to unavailable references
[1811.215s][debug][gc,ref       ] GC(602) Skipped phase4 of Reference Processing due to unavailable references
[1811.215s][debug][gc,age       ] GC(602) Desired survivor size 15368192 bytes, new threshold 6 (max threshold 6)
[1811.215s][info ][gc,heap      ] GC(602) ParNew: 241966K->1688K(270336K)
[1811.215s][info ][gc,heap      ] GC(602) CMS: 323787K->323843K(600768K)
[1811.215s][info ][gc,metaspace ] GC(602) Metaspace: 57547K->57547K(1101824K)
[1811.215s][info ][gc           ] GC(602) Pause Young (Allocation Failure) 552M->317M(850M) 2.661ms
[1811.215s][info ][gc,cpu       ] GC(602) User=0.01s Sys=0.00s Real=0.01s
[1811.215s][info ][safepoint    ] Leaving safepoint region
[1811.215s][info ][safepoint    ] Total time for which application threads were stopped: 0.0028179 seconds, Stopping threads took: 0.0000174 seconds
[1812.215s][info ][safepoint    ] Application time: 1.0001119 seconds
[1812.215s][info ][safepoint    ] Entering safepoint region: Cleanup
[1812.216s][info ][safepoint    ] Leaving safepoint region
[1812.216s][info ][safepoint    ] Total time for which application threads were stopped: 0.0001436 seconds, Stopping threads took: 0.0000731 seconds
[1813.216s][info ][safepoint    ] Application time: 1.0003761 seconds
[1813.216s][info ][safepoint    ] Entering safepoint region: Cleanup
[1813.216s][info ][safepoint    ] Leaving safepoint region
[1813.216s][info ][safepoint    ] Total time for which application threads were stopped: 0.0002562 seconds, Stopping threads took: 0.0000598 seconds
[1813.516s][info ][safepoint    ] Application time: 0.2996054 seconds
[1813.516s][info ][safepoint    ] Entering safepoint region: GenCollectForAllocation
[1813.516s][info ][gc,start     ] GC(603) Pause Young (Allocation Failure)
[1813.516s][info ][gc,task      ] GC(603) Using 4 workers of 4 for evacuation
[1813.519s][debug][gc,ref       ] GC(603) Skipped phase1 of Reference Processing due to unavailable references
[1813.519s][debug][gc,ref       ] GC(603) Skipped phase2 of Reference Processing due to unavailable references
[1813.519s][debug][gc,ref       ] GC(603) Skipped phase3 of Reference Processing due to unavailable references
[1813.519s][debug][gc,ref       ] GC(603) Skipped phase4 of Reference Processing due to unavailable references
[1813.519s][debug][gc,age       ] GC(603) Desired survivor size 15368192 bytes, new threshold 6 (max threshold 6)
[1813.519s][info ][gc,heap      ] GC(603) ParNew: 242008K->1471K(270336K)
[1813.519s][info ][gc,heap      ] GC(603) CMS: 323843K->323899K(600768K)
[1813.519s][info ][gc,metaspace ] GC(603) Metaspace: 57549K->57549K(1101824K)
[1813.519s][info ][gc           ] GC(603) Pause Young (Allocation Failure) 552M->317M(850M) 2.988ms
[1813.519s][info ][gc,cpu       ] GC(603) User=0.01s Sys=0.00s Real=0.00s
[1813.519s][info ][safepoint    ] Leaving safepoint region
[1813.519s][info ][safepoint    ] Total time for which application threads were stopped: 0.0031859 seconds, Stopping threads took: 0.0000651 seconds
[1814.519s][info ][safepoint    ] Application time: 1.0001061 seconds
[1814.519s][info ][safepoint    ] Entering safepoint region: Cleanup
[1814.519s][info ][safepoint    ] Leaving safepoint region
[1814.519s][info ][safepoint    ] Total time for which application threads were stopped: 0.0002650 seconds, Stopping threads took: 0.0002077 seconds
[1815.520s][info ][safepoint    ] Application time: 1.0000863 seconds
[1815.520s][info ][safepoint    ] Entering safepoint region: Cleanup
[1815.520s][info ][safepoint    ] Leaving safepoint region
[1815.520s][info ][safepoint    ] Total time for which application threads were stopped: 0.0003912 seconds, Stopping threads took: 0.0003278 seconds
[1816.520s][info ][safepoint    ] Application time: 1.0000956 seconds
[1816.520s][info ][safepoint    ] Entering safepoint region: Cleanup
[1816.520s][info ][safepoint    ] Leaving safepoint region
[1816.520s][info ][safepoint    ] Total time for which application threads were stopped: 0.0002541 seconds, Stopping threads took: 0.0000709 seconds
[1816.816s][info ][safepoint    ] Application time: 0.2953480 seconds
[1816.816s][info ][safepoint    ] Entering safepoint region: GenCollectForAllocation
[1816.816s][info ][gc,start     ] GC(604) Pause Young (Allocation Failure)
[1816.816s][info ][gc,task      ] GC(604) Using 4 workers of 4 for evacuation
[1816.819s][debug][gc,ref       ] GC(604) Skipped phase1 of Reference Processing due to unavailable references
[1816.819s][debug][gc,ref       ] GC(604) Skipped phase2 of Reference Processing due to unavailable references
[1816.819s][debug][gc,ref       ] GC(604) Skipped phase3 of Reference Processing due to unavailable references
[1816.819s][debug][gc,ref       ] GC(604) Skipped phase4 of Reference Processing due to unavailable references
[1816.819s][debug][gc,age       ] GC(604) Desired survivor size 15368192 bytes, new threshold 6 (max threshold 6)
[1816.819s][info ][gc,heap      ] GC(604) ParNew: 241791K->1556K(270336K)
[1816.819s][info ][gc,heap      ] GC(604) CMS: 323899K->324177K(600768K)
[1816.819s][info ][gc,metaspace ] GC(604) Metaspace: 57549K->57549K(1101824K)
[1816.819s][info ][gc           ] GC(604) Pause Young (Allocation Failure) 552M->318M(850M) 3.383ms
[1816.819s][info ][gc,cpu       ] GC(604) User=0.01s Sys=0.01s Real=0.00s
[1816.819s][info ][safepoint    ] Leaving safepoint region
[1816.819s][info ][safepoint    ] Total time for which application threads were stopped: 0.0035421 seconds, Stopping threads took: 0.0000285 seconds
[1817.819s][info ][safepoint    ] Application time: 1.0001071 seconds
[1817.819s][info ][safepoint    ] Entering safepoint region: Cleanup
[1817.820s][info ][safepoint    ] Leaving safepoint region
[1817.820s][info ][safepoint    ] Total time for which application threads were stopped: 0.0001420 seconds, Stopping threads took: 0.0000595 seconds
[1818.820s][info ][safepoint    ] Application time: 1.0000961 seconds
[1818.820s][info ][safepoint    ] Entering safepoint region: Cleanup
[1818.820s][info ][safepoint    ] Leaving safepoint region
[1818.820s][info ][safepoint    ] Total time for which application threads were stopped: 0.0001435 seconds, Stopping threads took: 0.0000717 seconds
[1819.820s][info ][safepoint    ] Application time: 1.0000913 seconds
[1819.820s][info ][safepoint    ] Entering safepoint region: Cleanup
[1819.820s][info ][safepoint    ] Leaving safepoint region
[1819.820s][info ][safepoint    ] Total time for which application threads were stopped: 0.0001241 seconds, Stopping threads took: 0.0000626 seconds
[1820.067s][info ][safepoint    ] Application time: 0.2468988 seconds
[1820.067s][info ][safepoint    ] Entering safepoint region: GenCollectForAllocation
[1820.067s][info ][gc,start     ] GC(605) Pause Young (Allocation Failure)
[1820.067s][info ][gc,task      ] GC(605) Using 4 workers of 4 for evacuation
[1820.070s][debug][gc,ref       ] GC(605) Skipped phase1 of Reference Processing due to unavailable references
[1820.070s][debug][gc,ref       ] GC(605) Skipped phase2 of Reference Processing due to unavailable references
[1820.070s][debug][gc,ref       ] GC(605) Skipped phase3 of Reference Processing due to unavailable references
[1820.070s][debug][gc,ref       ] GC(605) Skipped phase4 of Reference Processing due to unavailable references
[1820.070s][debug][gc,age       ] GC(605) Desired survivor size 15368192 bytes, new threshold 6 (max threshold 6)
[1820.070s][info ][gc,heap      ] GC(605) ParNew: 241767K->1633K(270336K)
[1820.070s][info ][gc,heap      ] GC(605) CMS: 324177K->324218K(600768K)
[1820.070s][info ][gc,metaspace ] GC(605) Metaspace: 57549K->57549K(1101824K)
[1820.070s][info ][gc           ] GC(605) Pause Young (Allocation Failure) 552M->318M(850M) 3.106ms
[1820.070s][info ][gc,cpu       ] GC(605) User=0.01s Sys=0.00s Real=0.00s
[1820.070s][info ][safepoint    ] Leaving safepoint region
[1820.070s][info ][safepoint    ] Total time for which application threads were stopped: 0.0034632 seconds, Stopping threads took: 0.0002121 seconds
[1821.071s][info ][safepoint    ] Application time: 1.0001097 seconds
[1821.071s][info ][safepoint    ] Entering safepoint region: Cleanup
[1821.071s][info ][safepoint    ] Leaving safepoint region
[1821.071s][info ][safepoint    ] Total time for which application threads were stopped: 0.0001218 seconds, Stopping threads took: 0.0000457 seconds
[1822.071s][info ][safepoint    ] Application time: 1.0001001 seconds
[1822.071s][info ][safepoint    ] Entering safepoint region: Cleanup
[1822.071s][info ][safepoint    ] Leaving safepoint region
[1822.071s][info ][safepoint    ] Total time for which application threads were stopped: 0.0001412 seconds, Stopping threads took: 0.0000742 seconds
[1823.071s][info ][safepoint    ] Application time: 1.0000974 seconds
[1823.071s][info ][safepoint    ] Entering safepoint region: Cleanup
[1823.071s][info ][safepoint    ] Leaving safepoint region
[1823.071s][info ][safepoint    ] Total time for which application threads were stopped: 0.0001210 seconds, Stopping threads took: 0.0000586 seconds
[1823.516s][info ][safepoint    ] Application time: 0.4451158 seconds
[1823.517s][info ][safepoint    ] Entering safepoint region: GenCollectForAllocation
[1823.517s][info ][gc,start     ] GC(606) Pause Young (Allocation Failure)
[1823.517s][info ][gc,task      ] GC(606) Using 4 workers of 4 for evacuation
[1823.519s][debug][gc,ref       ] GC(606) Skipped phase1 of Reference Processing due to unavailable references
[1823.519s][debug][gc,ref       ] GC(606) Skipped phase2 of Reference Processing due to unavailable references
[1823.519s][debug][gc,ref       ] GC(606) Skipped phase3 of Reference Processing due to unavailable references
[1823.519s][debug][gc,ref       ] GC(606) Skipped phase4 of Reference Processing due to unavailable references
[1823.520s][debug][gc,age       ] GC(606) Desired survivor size 15368192 bytes, new threshold 6 (max threshold 6)
[1823.520s][info ][gc,heap      ] GC(606) ParNew: 241953K->1427K(270336K)
[1823.520s][info ][gc,heap      ] GC(606) CMS: 324218K->324324K(600768K)
[1823.520s][info ][gc,metaspace ] GC(606) Metaspace: 57549K->57549K(1101824K)
[1823.520s][info ][gc           ] GC(606) Pause Young (Allocation Failure) 552M->318M(850M) 3.021ms
[1823.520s][info ][gc,cpu       ] GC(606) User=0.01s Sys=0.00s Real=0.00s
[1823.520s][info ][safepoint    ] Leaving safepoint region
[1823.520s][info ][safepoint    ] Total time for which application threads were stopped: 0.0031639 seconds, Stopping threads took: 0.0000156 seconds
[1824.520s][info ][safepoint    ] Application time: 1.0000896 seconds
[1824.520s][info ][safepoint    ] Entering safepoint region: Cleanup
[1824.520s][info ][safepoint    ] Leaving safepoint region
[1824.520s][info ][safepoint    ] Total time for which application threads were stopped: 0.0001355 seconds, Stopping threads took: 0.0000677 seconds
[1825.520s][info ][safepoint    ] Application time: 1.0000628 seconds
[1825.520s][info ][safepoint    ] Entering safepoint region: Cleanup
[1825.520s][info ][safepoint    ] Leaving safepoint region
[1825.520s][info ][safepoint    ] Total time for which application threads were stopped: 0.0001232 seconds, Stopping threads took: 0.0000638 seconds
[1826.520s][info ][safepoint    ] Application time: 1.0000620 seconds
[1826.520s][info ][safepoint    ] Entering safepoint region: Cleanup
[1826.520s][info ][safepoint    ] Leaving safepoint region
[1826.520s][info ][safepoint    ] Total time for which application threads were stopped: 0.0001499 seconds, Stopping threads took: 0.0000781 seconds
[1826.868s][info ][safepoint    ] Application time: 0.3476496 seconds
[1826.868s][info ][safepoint    ] Entering safepoint region: GenCollectForAllocation
[1826.868s][info ][gc,start     ] GC(607) Pause Young (Allocation Failure)
[1826.868s][info ][gc,task      ] GC(607) Using 4 workers of 4 for evacuation
[1826.871s][debug][gc,ref       ] GC(607) Skipped phase1 of Reference Processing due to unavailable references
[1826.871s][debug][gc,ref       ] GC(607) Skipped phase2 of Reference Processing due to unavailable references
[1826.871s][debug][gc,ref       ] GC(607) Skipped phase3 of Reference Processing due to unavailable references
[1826.871s][debug][gc,ref       ] GC(607) Skipped phase4 of Reference Processing due to unavailable references
[1826.871s][debug][gc,age       ] GC(607) Desired survivor size 15368192 bytes, new threshold 6 (max threshold 6)
[1826.871s][info ][gc,heap      ] GC(607) ParNew: 241747K->2042K(270336K)
[1826.871s][info ][gc,heap      ] GC(607) CMS: 324324K->324396K(600768K)
[1826.871s][info ][gc,metaspace ] GC(607) Metaspace: 57549K->57549K(1101824K)
[1826.871s][info ][gc           ] GC(607) Pause Young (Allocation Failure) 552M->318M(850M) 2.861ms
[1826.871s][info ][gc,cpu       ] GC(607) User=0.01s Sys=0.00s Real=0.00s
[1826.871s][info ][safepoint    ] Leaving safepoint region
[1826.871s][info ][safepoint    ] Total time for which application threads were stopped: 0.0030672 seconds, Stopping threads took: 0.0000693 seconds
[1827.871s][info ][safepoint    ] Application time: 1.0001028 seconds
[1827.871s][info ][safepoint    ] Entering safepoint region: Cleanup
[1827.871s][info ][safepoint    ] Leaving safepoint region
[1827.871s][info ][safepoint    ] Total time for which application threads were stopped: 0.0001324 seconds, Stopping threads took: 0.0000742 seconds
[1828.872s][info ][safepoint    ] Application time: 1.0001810 seconds
[1828.872s][info ][safepoint    ] Entering safepoint region: Cleanup
[1828.872s][info ][safepoint    ] Leaving safepoint region
[1828.872s][info ][safepoint    ] Total time for which application threads were stopped: 0.0001231 seconds, Stopping threads took: 0.0000588 seconds
[1829.865s][info ][safepoint    ] Application time: 0.9935788 seconds
[1829.865s][info ][safepoint    ] Entering safepoint region: GenCollectForAllocation
[1829.866s][info ][gc,start     ] GC(608) Pause Young (Allocation Failure)
[1829.866s][info ][gc,task      ] GC(608) Using 4 workers of 4 for evacuation
[1829.869s][debug][gc,ref       ] GC(608) Skipped phase1 of Reference Processing due to unavailable references
[1829.869s][debug][gc,ref       ] GC(608) Skipped phase2 of Reference Processing due to unavailable references
[1829.869s][debug][gc,ref       ] GC(608) Skipped phase3 of Reference Processing due to unavailable references
[1829.869s][debug][gc,ref       ] GC(608) Skipped phase4 of Reference Processing due to unavailable references
[1829.869s][debug][gc,age       ] GC(608) Desired survivor size 15368192 bytes, new threshold 6 (max threshold 6)
[1829.869s][info ][gc,heap      ] GC(608) ParNew: 242362K->1759K(270336K)
[1829.869s][info ][gc,heap      ] GC(608) CMS: 324396K->324496K(600768K)
[1829.869s][info ][gc,metaspace ] GC(608) Metaspace: 57558K->57558K(1101824K)
[1829.869s][info ][gc           ] GC(608) Pause Young (Allocation Failure) 553M->318M(850M) 3.148ms
[1829.869s][info ][gc,cpu       ] GC(608) User=0.02s Sys=0.00s Real=0.01s
[1829.869s][info ][safepoint    ] Leaving safepoint region
[1829.869s][info ][safepoint    ] Total time for which application threads were stopped: 0.0033436 seconds, Stopping threads took: 0.0000562 seconds
[1830.869s][info ][safepoint    ] Application time: 1.0001008 seconds
[1830.869s][info ][safepoint    ] Entering safepoint region: Cleanup
[1830.869s][info ][safepoint    ] Leaving safepoint region
[1830.869s][info ][safepoint    ] Total time for which application threads were stopped: 0.0001595 seconds, Stopping threads took: 0.0000963 seconds
[1831.869s][info ][safepoint    ] Application time: 1.0001035 seconds
[1831.869s][info ][safepoint    ] Entering safepoint region: Cleanup
[1831.869s][info ][safepoint    ] Leaving safepoint region
[1831.869s][info ][safepoint    ] Total time for which application threads were stopped: 0.0001398 seconds, Stopping threads took: 0.0000751 seconds
[1832.869s][info ][safepoint    ] Application time: 1.0000873 seconds
[1832.870s][info ][safepoint    ] Entering safepoint region: Cleanup
[1832.870s][info ][safepoint    ] Leaving safepoint region
[1832.870s][info ][safepoint    ] Total time for which application threads were stopped: 0.0001601 seconds, Stopping threads took: 0.0000919 seconds
[1833.223s][info ][safepoint    ] Application time: 0.3535972 seconds
[1833.223s][info ][safepoint    ] Entering safepoint region: GenCollectForAllocation
[1833.223s][info ][gc,start     ] GC(609) Pause Young (Allocation Failure)
[1833.223s][info ][gc,task      ] GC(609) Using 4 workers of 4 for evacuation
[1833.226s][debug][gc,ref       ] GC(609) Skipped phase1 of Reference Processing due to unavailable references
[1833.226s][debug][gc,ref       ] GC(609) Skipped phase2 of Reference Processing due to unavailable references
[1833.226s][debug][gc,ref       ] GC(609) Skipped phase3 of Reference Processing due to unavailable references
[1833.226s][debug][gc,ref       ] GC(609) Skipped phase4 of Reference Processing due to unavailable references
[1833.226s][debug][gc,age       ] GC(609) Desired survivor size 15368192 bytes, new threshold 6 (max threshold 6)
[1833.226s][info ][gc,heap      ] GC(609) ParNew: 242079K->1648K(270336K)
[1833.226s][info ][gc,heap      ] GC(609) CMS: 324496K->324548K(600768K)
[1833.226s][info ][gc,metaspace ] GC(609) Metaspace: 57558K->57558K(1101824K)
[1833.226s][info ][gc           ] GC(609) Pause Young (Allocation Failure) 553M->318M(850M) 2.656ms
[1833.226s][info ][gc,cpu       ] GC(609) User=0.01s Sys=0.00s Real=0.01s
[1833.226s][info ][safepoint    ] Leaving safepoint region
[1833.226s][info ][safepoint    ] Total time for which application threads were stopped: 0.0028026 seconds, Stopping threads took: 0.0000154 seconds
[1834.226s][info ][safepoint    ] Application time: 1.0001012 seconds
[1834.226s][info ][safepoint    ] Entering safepoint region: Cleanup
[1834.226s][info ][safepoint    ] Leaving safepoint region
[1834.226s][info ][safepoint    ] Total time for which application threads were stopped: 0.0000892 seconds, Stopping threads took: 0.0000144 seconds
[1835.226s][info ][safepoint    ] Application time: 1.0000938 seconds
[1835.226s][info ][safepoint    ] Entering safepoint region: Cleanup
[1835.226s][info ][safepoint    ] Leaving safepoint region
[1835.226s][info ][safepoint    ] Total time for which application threads were stopped: 0.0000704 seconds, Stopping threads took: 0.0000157 seconds
[1836.227s][info ][safepoint    ] Application time: 1.0000903 seconds
[1836.227s][info ][safepoint    ] Entering safepoint region: Cleanup
[1836.227s][info ][safepoint    ] Leaving safepoint region
[1836.227s][info ][safepoint    ] Total time for which application threads were stopped: 0.0000748 seconds, Stopping threads took: 0.0000161 seconds
[1836.626s][info ][safepoint    ] Application time: 0.3991708 seconds
[1836.626s][info ][safepoint    ] Entering safepoint region: GenCollectForAllocation
[1836.626s][info ][gc,start     ] GC(610) Pause Young (Allocation Failure)
[1836.626s][info ][gc,task      ] GC(610) Using 4 workers of 4 for evacuation
[1836.629s][debug][gc,ref       ] GC(610) Skipped phase1 of Reference Processing due to unavailable references
[1836.629s][debug][gc,ref       ] GC(610) Skipped phase2 of Reference Processing due to unavailable references
[1836.629s][debug][gc,ref       ] GC(610) Skipped phase3 of Reference Processing due to unavailable references
[1836.629s][debug][gc,ref       ] GC(610) Skipped phase4 of Reference Processing due to unavailable references
[1836.629s][debug][gc,age       ] GC(610) Desired survivor size 15368192 bytes, new threshold 6 (max threshold 6)
[1836.629s][info ][gc,heap      ] GC(610) ParNew: 241968K->1560K(270336K)
[1836.629s][info ][gc,heap      ] GC(610) CMS: 324548K->324632K(600768K)
[1836.629s][info ][gc,metaspace ] GC(610) Metaspace: 57558K->57558K(1101824K)
[1836.629s][info ][gc           ] GC(610) Pause Young (Allocation Failure) 553M->318M(850M) 2.758ms
[1836.629s][info ][gc,cpu       ] GC(610) User=0.01s Sys=0.00s Real=0.00s
[1836.629s][info ][safepoint    ] Leaving safepoint region
[1836.629s][info ][safepoint    ] Total time for which application threads were stopped: 0.0029031 seconds, Stopping threads took: 0.0000171 seconds
[1837.629s][info ][safepoint    ] Application time: 1.0000888 seconds
[1837.629s][info ][safepoint    ] Entering safepoint region: Cleanup
[1837.629s][info ][safepoint    ] Leaving safepoint region
[1837.629s][info ][safepoint    ] Total time for which application threads were stopped: 0.0000893 seconds, Stopping threads took: 0.0000162 seconds
[1838.629s][info ][safepoint    ] Application time: 1.0000931 seconds
[1838.630s][info ][safepoint    ] Entering safepoint region: Cleanup
[1838.630s][info ][safepoint    ] Leaving safepoint region
[1838.630s][info ][safepoint    ] Total time for which application threads were stopped: 0.0012345 seconds, Stopping threads took: 0.0011624 seconds
[1839.631s][info ][safepoint    ] Application time: 1.0001682 seconds
[1839.631s][info ][safepoint    ] Entering safepoint region: Cleanup
[1839.631s][info ][safepoint    ] Leaving safepoint region
[1839.631s][info ][safepoint    ] Total time for which application threads were stopped: 0.0000751 seconds, Stopping threads took: 0.0000174 seconds
[1840.215s][info ][safepoint    ] Application time: 0.5843429 seconds
[1840.215s][info ][safepoint    ] Entering safepoint region: GenCollectForAllocation
[1840.215s][info ][gc,start     ] GC(611) Pause Young (Allocation Failure)
[1840.215s][info ][gc,task      ] GC(611) Using 4 workers of 4 for evacuation
[1840.218s][debug][gc,ref       ] GC(611) Skipped phase1 of Reference Processing due to unavailable references
[1840.218s][debug][gc,ref       ] GC(611) Skipped phase2 of Reference Processing due to unavailable references
[1840.218s][debug][gc,ref       ] GC(611) Skipped phase3 of Reference Processing due to unavailable references
[1840.218s][debug][gc,ref       ] GC(611) Skipped phase4 of Reference Processing due to unavailable references
[1840.218s][debug][gc,age       ] GC(611) Desired survivor size 15368192 bytes, new threshold 6 (max threshold 6)
[1840.218s][info ][gc,heap      ] GC(611) ParNew: 241880K->1560K(270336K)
[1840.218s][info ][gc,heap      ] GC(611) CMS: 324632K->324745K(600768K)
[1840.218s][info ][gc,metaspace ] GC(611) Metaspace: 57558K->57558K(1101824K)
[1840.218s][info ][gc           ] GC(611) Pause Young (Allocation Failure) 553M->318M(850M) 2.660ms
[1840.218s][info ][gc,cpu       ] GC(611) User=0.01s Sys=0.00s Real=0.00s
[1840.218s][info ][safepoint    ] Leaving safepoint region
[1840.218s][info ][safepoint    ] Total time for which application threads were stopped: 0.0028475 seconds, Stopping threads took: 0.0000514 seconds
[1841.218s][info ][safepoint    ] Application time: 1.0001040 seconds
[1841.218s][info ][safepoint    ] Entering safepoint region: Cleanup
[1841.218s][info ][safepoint    ] Leaving safepoint region
[1841.218s][info ][safepoint    ] Total time for which application threads were stopped: 0.0001274 seconds, Stopping threads took: 0.0000602 seconds
[1842.218s][info ][safepoint    ] Application time: 1.0000881 seconds
[1842.218s][info ][safepoint    ] Entering safepoint region: Cleanup
[1842.218s][info ][safepoint    ] Leaving safepoint region
[1842.218s][info ][safepoint    ] Total time for which application threads were stopped: 0.0001315 seconds, Stopping threads took: 0.0000625 seconds
[1843.219s][info ][safepoint    ] Application time: 1.0000926 seconds
[1843.219s][info ][safepoint    ] Entering safepoint region: Cleanup
[1843.219s][info ][safepoint    ] Leaving safepoint region
[1843.219s][info ][safepoint    ] Total time for which application threads were stopped: 0.0001383 seconds, Stopping threads took: 0.0000728 seconds
[1843.769s][info ][safepoint    ] Application time: 0.5502277 seconds
[1843.769s][info ][safepoint    ] Entering safepoint region: GenCollectForAllocation
[1843.769s][info ][gc,start     ] GC(612) Pause Young (Allocation Failure)
[1843.769s][info ][gc,task      ] GC(612) Using 4 workers of 4 for evacuation
[1843.772s][debug][gc,ref       ] GC(612) Skipped phase1 of Reference Processing due to unavailable references
[1843.772s][debug][gc,ref       ] GC(612) Skipped phase2 of Reference Processing due to unavailable references
[1843.772s][debug][gc,ref       ] GC(612) Skipped phase3 of Reference Processing due to unavailable references
[1843.772s][debug][gc,ref       ] GC(612) Skipped phase4 of Reference Processing due to unavailable references
[1843.772s][debug][gc,age       ] GC(612) Desired survivor size 15368192 bytes, new threshold 6 (max threshold 6)
[1843.772s][info ][gc,heap      ] GC(612) ParNew: 241880K->1804K(270336K)
[1843.772s][info ][gc,heap      ] GC(612) CMS: 324745K->324890K(600768K)
[1843.772s][info ][gc,metaspace ] GC(612) Metaspace: 57558K->57558K(1101824K)
[1843.772s][info ][gc           ] GC(612) Pause Young (Allocation Failure) 553M->319M(850M) 3.171ms
[1843.772s][info ][gc,cpu       ] GC(612) User=0.01s Sys=0.00s Real=0.00s
[1843.772s][info ][safepoint    ] Leaving safepoint region
[1843.772s][info ][safepoint    ] Total time for which application threads were stopped: 0.0033249 seconds, Stopping threads took: 0.0000140 seconds
[1844.772s][info ][safepoint    ] Application time: 1.0000517 seconds
[1844.772s][info ][safepoint    ] Entering safepoint region: Cleanup
[1844.773s][info ][safepoint    ] Leaving safepoint region
[1844.773s][info ][safepoint    ] Total time for which application threads were stopped: 0.0001330 seconds, Stopping threads took: 0.0000682 seconds
[1845.773s][info ][safepoint    ] Application time: 1.0001073 seconds
[1845.773s][info ][safepoint    ] Entering safepoint region: Cleanup
[1845.773s][info ][safepoint    ] Leaving safepoint region
[1845.773s][info ][safepoint    ] Total time for which application threads were stopped: 0.0001377 seconds, Stopping threads took: 0.0000754 seconds
[1846.773s][info ][safepoint    ] Application time: 1.0000888 seconds
[1846.773s][info ][safepoint    ] Entering safepoint region: Cleanup
[1846.773s][info ][safepoint    ] Leaving safepoint region
[1846.773s][info ][safepoint    ] Total time for which application threads were stopped: 0.0001385 seconds, Stopping threads took: 0.0000685 seconds
[1846.926s][info ][safepoint    ] Application time: 0.1526373 seconds
[1846.926s][info ][safepoint    ] Entering safepoint region: GenCollectForAllocation
[1846.926s][info ][gc,start     ] GC(613) Pause Young (Allocation Failure)
[1846.926s][info ][gc,task      ] GC(613) Using 4 workers of 4 for evacuation
[1846.929s][debug][gc,ref       ] GC(613) Skipped phase1 of Reference Processing due to unavailable references
[1846.929s][debug][gc,ref       ] GC(613) Skipped phase2 of Reference Processing due to unavailable references
[1846.929s][debug][gc,ref       ] GC(613) Skipped phase3 of Reference Processing due to unavailable references
[1846.929s][debug][gc,ref       ] GC(613) Skipped phase4 of Reference Processing due to unavailable references
[1846.929s][debug][gc,age       ] GC(613) Desired survivor size 15368192 bytes, new threshold 6 (max threshold 6)
[1846.929s][info ][gc,heap      ] GC(613) ParNew: 242124K->1611K(270336K)
[1846.929s][info ][gc,heap      ] GC(613) CMS: 324890K->325143K(600768K)
[1846.929s][info ][gc,metaspace ] GC(613) Metaspace: 57558K->57558K(1101824K)
[1846.929s][info ][gc           ] GC(613) Pause Young (Allocation Failure) 553M->319M(850M) 2.907ms
[1846.929s][info ][gc,cpu       ] GC(613) User=0.01s Sys=0.00s Real=0.00s
[1846.929s][info ][safepoint    ] Leaving safepoint region
[1846.929s][info ][safepoint    ] Total time for which application threads were stopped: 0.0030674 seconds, Stopping threads took: 0.0000150 seconds
[1847.929s][info ][safepoint    ] Application time: 1.0001064 seconds
[1847.929s][info ][safepoint    ] Entering safepoint region: Cleanup
[1847.929s][info ][safepoint    ] Leaving safepoint region
[1847.929s][info ][safepoint    ] Total time for which application threads were stopped: 0.0000693 seconds, Stopping threads took: 0.0000152 seconds
[1848.929s][info ][safepoint    ] Application time: 1.0000611 seconds
[1848.929s][info ][safepoint    ] Entering safepoint region: Cleanup
[1848.929s][info ][safepoint    ] Leaving safepoint region
[1848.929s][info ][safepoint    ] Total time for which application threads were stopped: 0.0000825 seconds, Stopping threads took: 0.0000148 seconds
[1849.929s][info ][safepoint    ] Application time: 1.0001207 seconds
[1849.929s][info ][safepoint    ] Entering safepoint region: Cleanup
[1849.929s][info ][safepoint    ] Leaving safepoint region
[1849.929s][info ][safepoint    ] Total time for which application threads were stopped: 0.0000702 seconds, Stopping threads took: 0.0000174 seconds
[1850.115s][info ][safepoint    ] Application time: 0.1858379 seconds
[1850.115s][info ][safepoint    ] Entering safepoint region: GenCollectForAllocation
[1850.116s][info ][gc,start     ] GC(614) Pause Young (Allocation Failure)
[1850.116s][info ][gc,task      ] GC(614) Using 4 workers of 4 for evacuation
[1850.118s][debug][gc,ref       ] GC(614) Skipped phase1 of Reference Processing due to unavailable references
[1850.118s][debug][gc,ref       ] GC(614) Skipped phase2 of Reference Processing due to unavailable references
[1850.118s][debug][gc,ref       ] GC(614) Skipped phase3 of Reference Processing due to unavailable references
[1850.118s][debug][gc,ref       ] GC(614) Skipped phase4 of Reference Processing due to unavailable references
[1850.118s][debug][gc,age       ] GC(614) Desired survivor size 15368192 bytes, new threshold 6 (max threshold 6)
[1850.118s][info ][gc,heap      ] GC(614) ParNew: 241931K->1389K(270336K)
[1850.118s][info ][gc,heap      ] GC(614) CMS: 325143K->325250K(600768K)
[1850.118s][info ][gc,metaspace ] GC(614) Metaspace: 57558K->57558K(1101824K)
[1850.118s][info ][gc           ] GC(614) Pause Young (Allocation Failure) 553M->318M(850M) 2.697ms
[1850.118s][info ][gc,cpu       ] GC(614) User=0.01s Sys=0.01s Real=0.00s
[1850.118s][info ][safepoint    ] Leaving safepoint region
[1850.118s][info ][safepoint    ] Total time for which application threads were stopped: 0.0029274 seconds, Stopping threads took: 0.0000823 seconds
[1851.118s][info ][safepoint    ] Application time: 1.0001055 seconds
[1851.118s][info ][safepoint    ] Entering safepoint region: Cleanup
[1851.119s][info ][safepoint    ] Leaving safepoint region
[1851.119s][info ][safepoint    ] Total time for which application threads were stopped: 0.0001392 seconds, Stopping threads took: 0.0000709 seconds
[1852.119s][info ][safepoint    ] Application time: 1.0000882 seconds
[1852.119s][info ][safepoint    ] Entering safepoint region: Cleanup
[1852.119s][info ][safepoint    ] Leaving safepoint region
[1852.119s][info ][safepoint    ] Total time for which application threads were stopped: 0.0001710 seconds, Stopping threads took: 0.0001063 seconds
[1853.119s][info ][safepoint    ] Application time: 1.0000839 seconds
[1853.119s][info ][safepoint    ] Entering safepoint region: Cleanup
[1853.119s][info ][safepoint    ] Leaving safepoint region
[1853.119s][info ][safepoint    ] Total time for which application threads were stopped: 0.0001422 seconds, Stopping threads took: 0.0000741 seconds
[1853.420s][info ][safepoint    ] Application time: 0.3004518 seconds
[1853.420s][info ][safepoint    ] Entering safepoint region: GenCollectForAllocation
[1853.420s][info ][gc,start     ] GC(615) Pause Young (Allocation Failure)
[1853.420s][info ][gc,task      ] GC(615) Using 4 workers of 4 for evacuation
[1853.422s][debug][gc,ref       ] GC(615) Skipped phase1 of Reference Processing due to unavailable references
[1853.422s][debug][gc,ref       ] GC(615) Skipped phase2 of Reference Processing due to unavailable references
[1853.422s][debug][gc,ref       ] GC(615) Skipped phase3 of Reference Processing due to unavailable references
[1853.422s][debug][gc,ref       ] GC(615) Skipped phase4 of Reference Processing due to unavailable references
[1853.422s][debug][gc,age       ] GC(615) Desired survivor size 15368192 bytes, new threshold 6 (max threshold 6)
[1853.422s][info ][gc,heap      ] GC(615) ParNew: 241709K->1278K(270336K)
[1853.422s][info ][gc,heap      ] GC(615) CMS: 325250K->325318K(600768K)
[1853.422s][info ][gc,metaspace ] GC(615) Metaspace: 57561K->57561K(1101824K)
[1853.422s][info ][gc           ] GC(615) Pause Young (Allocation Failure) 553M->318M(850M) 2.696ms
[1853.422s][info ][gc,cpu       ] GC(615) User=0.01s Sys=0.00s Real=0.00s
[1853.422s][info ][safepoint    ] Leaving safepoint region
[1853.422s][info ][safepoint    ] Total time for which application threads were stopped: 0.0028512 seconds, Stopping threads took: 0.0000143 seconds
[1854.423s][info ][safepoint    ] Application time: 1.0000671 seconds
[1854.423s][info ][safepoint    ] Entering safepoint region: Cleanup
[1854.423s][info ][safepoint    ] Leaving safepoint region
[1854.423s][info ][safepoint    ] Total time for which application threads were stopped: 0.0001761 seconds, Stopping threads took: 0.0001170 seconds
[1855.423s][info ][safepoint    ] Application time: 1.0001712 seconds
[1855.423s][info ][safepoint    ] Entering safepoint region: Cleanup
[1855.423s][info ][safepoint    ] Leaving safepoint region
[1855.423s][info ][safepoint    ] Total time for which application threads were stopped: 0.0001084 seconds, Stopping threads took: 0.0000381 seconds
[1856.423s][info ][safepoint    ] Application time: 1.0001047 seconds
[1856.423s][info ][safepoint    ] Entering safepoint region: Cleanup
[1856.423s][info ][safepoint    ] Leaving safepoint region
[1856.423s][info ][safepoint    ] Total time for which application threads were stopped: 0.0001256 seconds, Stopping threads took: 0.0000567 seconds
[1856.617s][info ][safepoint    ] Application time: 0.1934249 seconds
[1856.617s][info ][safepoint    ] Entering safepoint region: GenCollectForAllocation
[1856.617s][info ][gc,start     ] GC(616) Pause Young (Allocation Failure)
[1856.617s][info ][gc,task      ] GC(616) Using 4 workers of 4 for evacuation
[1856.620s][debug][gc,ref       ] GC(616) Skipped phase1 of Reference Processing due to unavailable references
[1856.620s][debug][gc,ref       ] GC(616) Skipped phase2 of Reference Processing due to unavailable references
[1856.620s][debug][gc,ref       ] GC(616) Skipped phase3 of Reference Processing due to unavailable references
[1856.620s][debug][gc,ref       ] GC(616) Skipped phase4 of Reference Processing due to unavailable references
[1856.620s][debug][gc,age       ] GC(616) Desired survivor size 15368192 bytes, new threshold 6 (max threshold 6)
[1856.620s][info ][gc,heap      ] GC(616) ParNew: 241598K->1626K(270336K)
[1856.620s][info ][gc,heap      ] GC(616) CMS: 325318K->325414K(600768K)
[1856.620s][info ][gc,metaspace ] GC(616) Metaspace: 57561K->57561K(1101824K)
[1856.620s][info ][gc           ] GC(616) Pause Young (Allocation Failure) 553M->319M(850M) 2.976ms
[1856.620s][info ][gc,cpu       ] GC(616) User=0.01s Sys=0.00s Real=0.00s
[1856.620s][info ][safepoint    ] Leaving safepoint region
[1856.620s][info ][safepoint    ] Total time for which application threads were stopped: 0.0031220 seconds, Stopping threads took: 0.0000145 seconds
[1857.620s][info ][safepoint    ] Application time: 1.0000897 seconds
[1857.620s][info ][safepoint    ] Entering safepoint region: Cleanup
[1857.620s][info ][safepoint    ] Leaving safepoint region
[1857.620s][info ][safepoint    ] Total time for which application threads were stopped: 0.0001421 seconds, Stopping threads took: 0.0000765 seconds
[1858.620s][info ][safepoint    ] Application time: 1.0000916 seconds
[1858.621s][info ][safepoint    ] Entering safepoint region: Cleanup
[1858.621s][info ][safepoint    ] Leaving safepoint region
[1858.621s][info ][safepoint    ] Total time for which application threads were stopped: 0.0002922 seconds, Stopping threads took: 0.0002221 seconds
[1859.621s][info ][safepoint    ] Application time: 1.0000993 seconds
[1859.621s][info ][safepoint    ] Entering safepoint region: Cleanup
[1859.621s][info ][safepoint    ] Leaving safepoint region
[1859.621s][info ][safepoint    ] Total time for which application threads were stopped: 0.0002485 seconds, Stopping threads took: 0.0001830 seconds
[1859.717s][info ][safepoint    ] Application time: 0.0964114 seconds
[1859.718s][info ][safepoint    ] Entering safepoint region: GenCollectForAllocation
[1859.718s][info ][gc,start     ] GC(617) Pause Young (Allocation Failure)
[1859.718s][info ][gc,task      ] GC(617) Using 4 workers of 4 for evacuation
[1859.720s][debug][gc,ref       ] GC(617) Skipped phase1 of Reference Processing due to unavailable references
[1859.720s][debug][gc,ref       ] GC(617) Skipped phase2 of Reference Processing due to unavailable references
[1859.720s][debug][gc,ref       ] GC(617) Skipped phase3 of Reference Processing due to unavailable references
[1859.720s][debug][gc,ref       ] GC(617) Skipped phase4 of Reference Processing due to unavailable references
[1859.720s][debug][gc,age       ] GC(617) Desired survivor size 15368192 bytes, new threshold 6 (max threshold 6)
[1859.720s][info ][gc,heap      ] GC(617) ParNew: 241946K->1735K(270336K)
[1859.720s][info ][gc,heap      ] GC(617) CMS: 325414K->325481K(600768K)
[1859.720s][info ][gc,metaspace ] GC(617) Metaspace: 57561K->57561K(1101824K)
[1859.720s][info ][gc           ] GC(617) Pause Young (Allocation Failure) 554M->319M(850M) 2.875ms
[1859.720s][info ][gc,cpu       ] GC(617) User=0.01s Sys=0.00s Real=0.00s
[1859.721s][info ][safepoint    ] Leaving safepoint region
[1859.721s][info ][safepoint    ] Total time for which application threads were stopped: 0.0030223 seconds, Stopping threads took: 0.0000151 seconds
[1860.721s][info ][safepoint    ] Application time: 1.0001043 seconds
[1860.721s][info ][safepoint    ] Entering safepoint region: Cleanup
[1860.721s][info ][safepoint    ] Leaving safepoint region
[1860.721s][info ][safepoint    ] Total time for which application threads were stopped: 0.0002939 seconds, Stopping threads took: 0.0002162 seconds
[1861.721s][info ][safepoint    ] Application time: 1.0000841 seconds
[1861.721s][info ][safepoint    ] Entering safepoint region: Cleanup
[1861.721s][info ][safepoint    ] Leaving safepoint region
[1861.721s][info ][safepoint    ] Total time for which application threads were stopped: 0.0001091 seconds, Stopping threads took: 0.0000452 seconds
[1862.721s][info ][safepoint    ] Application time: 1.0001568 seconds
[1862.721s][info ][safepoint    ] Entering safepoint region: Cleanup
[1862.722s][info ][safepoint    ] Leaving safepoint region
[1862.722s][info ][safepoint    ] Total time for which application threads were stopped: 0.0001029 seconds, Stopping threads took: 0.0000374 seconds
[1862.772s][info ][safepoint    ] Application time: 0.0499869 seconds
[1862.772s][info ][safepoint    ] Entering safepoint region: GenCollectForAllocation
[1862.772s][info ][gc,start     ] GC(618) Pause Young (Allocation Failure)
[1862.772s][info ][gc,task      ] GC(618) Using 4 workers of 4 for evacuation
[1862.774s][debug][gc,ref       ] GC(618) Skipped phase1 of Reference Processing due to unavailable references
[1862.775s][debug][gc,ref       ] GC(618) Skipped phase2 of Reference Processing due to unavailable references
[1862.775s][debug][gc,ref       ] GC(618) Skipped phase3 of Reference Processing due to unavailable references
[1862.775s][debug][gc,ref       ] GC(618) Skipped phase4 of Reference Processing due to unavailable references
[1862.775s][debug][gc,age       ] GC(618) Desired survivor size 15368192 bytes, new threshold 6 (max threshold 6)
[1862.775s][info ][gc,heap      ] GC(618) ParNew: 242055K->1417K(270336K)
[1862.775s][info ][gc,heap      ] GC(618) CMS: 325481K->325859K(600768K)
[1862.775s][info ][gc,metaspace ] GC(618) Metaspace: 57561K->57561K(1101824K)
[1862.775s][info ][gc           ] GC(618) Pause Young (Allocation Failure) 554M->319M(850M) 3.017ms
[1862.775s][info ][gc,cpu       ] GC(618) User=0.01s Sys=0.00s Real=0.01s
[1862.775s][info ][safepoint    ] Leaving safepoint region
[1862.775s][info ][safepoint    ] Total time for which application threads were stopped: 0.0031606 seconds, Stopping threads took: 0.0000155 seconds
[1863.775s][info ][safepoint    ] Application time: 1.0000911 seconds
[1863.775s][info ][safepoint    ] Entering safepoint region: Cleanup
[1863.775s][info ][safepoint    ] Leaving safepoint region
[1863.775s][info ][safepoint    ] Total time for which application threads were stopped: 0.0000845 seconds, Stopping threads took: 0.0000277 seconds
[1864.775s][info ][safepoint    ] Application time: 1.0001057 seconds
[1864.775s][info ][safepoint    ] Entering safepoint region: Cleanup
[1864.775s][info ][safepoint    ] Leaving safepoint region
[1864.775s][info ][safepoint    ] Total time for which application threads were stopped: 0.0000731 seconds, Stopping threads took: 0.0000151 seconds
[1865.775s][info ][safepoint    ] Application time: 1.0000789 seconds
[1865.775s][info ][safepoint    ] Entering safepoint region: Cleanup
[1865.775s][info ][safepoint    ] Leaving safepoint region
[1865.775s][info ][safepoint    ] Total time for which application threads were stopped: 0.0000671 seconds, Stopping threads took: 0.0000153 seconds
[1866.071s][info ][safepoint    ] Application time: 0.2952335 seconds
[1866.071s][info ][safepoint    ] Entering safepoint region: GenCollectForAllocation
[1866.071s][info ][gc,start     ] GC(619) Pause Young (Allocation Failure)
[1866.071s][info ][gc,task      ] GC(619) Using 4 workers of 4 for evacuation
[1866.073s][debug][gc,ref       ] GC(619) Skipped phase1 of Reference Processing due to unavailable references
[1866.073s][debug][gc,ref       ] GC(619) Skipped phase2 of Reference Processing due to unavailable references
[1866.073s][debug][gc,ref       ] GC(619) Skipped phase3 of Reference Processing due to unavailable references
[1866.073s][debug][gc,ref       ] GC(619) Skipped phase4 of Reference Processing due to unavailable references
[1866.073s][debug][gc,age       ] GC(619) Desired survivor size 15368192 bytes, new threshold 6 (max threshold 6)
[1866.073s][info ][gc,heap      ] GC(619) ParNew: 241737K->1196K(270336K)
[1866.073s][info ][gc,heap      ] GC(619) CMS: 325859K->325871K(600768K)
[1866.073s][info ][gc,metaspace ] GC(619) Metaspace: 57561K->57561K(1101824K)
[1866.073s][info ][gc           ] GC(619) Pause Young (Allocation Failure) 554M->319M(850M) 2.507ms
[1866.073s][info ][gc,cpu       ] GC(619) User=0.01s Sys=0.01s Real=0.00s
[1866.073s][info ][safepoint    ] Leaving safepoint region
[1866.073s][info ][safepoint    ] Total time for which application threads were stopped: 0.0027406 seconds, Stopping threads took: 0.0000167 seconds
[1867.073s][info ][safepoint    ] Application time: 1.0001028 seconds
[1867.074s][info ][safepoint    ] Entering safepoint region: Cleanup
[1867.074s][info ][safepoint    ] Leaving safepoint region
[1867.074s][info ][safepoint    ] Total time for which application threads were stopped: 0.0001868 seconds, Stopping threads took: 0.0001186 seconds
[1868.075s][info ][safepoint    ] Application time: 1.0009468 seconds
[1868.080s][info ][safepoint    ] Entering safepoint region: Cleanup
[1868.080s][info ][safepoint    ] Leaving safepoint region
[1868.080s][info ][safepoint    ] Total time for which application threads were stopped: 0.0049082 seconds, Stopping threads took: 0.0048367 seconds
[1869.080s][info ][safepoint    ] Application time: 1.0001080 seconds
[1869.080s][info ][safepoint    ] Entering safepoint region: Cleanup
[1869.080s][info ][safepoint    ] Leaving safepoint region
[1869.080s][info ][safepoint    ] Total time for which application threads were stopped: 0.0000821 seconds, Stopping threads took: 0.0000149 seconds
[1869.465s][info ][safepoint    ] Application time: 0.3856259 seconds
[1869.466s][info ][safepoint    ] Entering safepoint region: GenCollectForAllocation
[1869.466s][info ][gc,start     ] GC(620) Pause Young (Allocation Failure)
[1869.466s][info ][gc,task      ] GC(620) Using 4 workers of 4 for evacuation
[1869.468s][debug][gc,ref       ] GC(620) Skipped phase1 of Reference Processing due to unavailable references
[1869.468s][debug][gc,ref       ] GC(620) Skipped phase2 of Reference Processing due to unavailable references
[1869.468s][debug][gc,ref       ] GC(620) Skipped phase3 of Reference Processing due to unavailable references
[1869.468s][debug][gc,ref       ] GC(620) Skipped phase4 of Reference Processing due to unavailable references
[1869.468s][debug][gc,age       ] GC(620) Desired survivor size 15368192 bytes, new threshold 6 (max threshold 6)
[1869.468s][info ][gc,heap      ] GC(620) ParNew: 241516K->1135K(270336K)
[1869.468s][info ][gc,heap      ] GC(620) CMS: 325871K->325953K(600768K)
[1869.468s][info ][gc,metaspace ] GC(620) Metaspace: 57561K->57561K(1101824K)
[1869.468s][info ][gc           ] GC(620) Pause Young (Allocation Failure) 554M->319M(850M) 2.775ms
[1869.468s][info ][gc,cpu       ] GC(620) User=0.01s Sys=0.00s Real=0.01s
[1869.469s][info ][safepoint    ] Leaving safepoint region
[1869.469s][info ][safepoint    ] Total time for which application threads were stopped: 0.0029948 seconds, Stopping threads took: 0.0000749 seconds
[1870.469s][info ][safepoint    ] Application time: 1.0001758 seconds
[1870.469s][info ][safepoint    ] Entering safepoint region: Cleanup
[1870.469s][info ][safepoint    ] Leaving safepoint region
[1870.469s][info ][safepoint    ] Total time for which application threads were stopped: 0.0001226 seconds, Stopping threads took: 0.0000536 seconds
[1871.469s][info ][safepoint    ] Application time: 1.0001097 seconds
[1871.469s][info ][safepoint    ] Entering safepoint region: Cleanup
[1871.469s][info ][safepoint    ] Leaving safepoint region
[1871.469s][info ][safepoint    ] Total time for which application threads were stopped: 0.0001266 seconds, Stopping threads took: 0.0000671 seconds
[1872.469s][info ][safepoint    ] Application time: 1.0000946 seconds
[1872.469s][info ][safepoint    ] Entering safepoint region: Cleanup
[1872.469s][info ][safepoint    ] Leaving safepoint region
[1872.469s][info ][safepoint    ] Total time for which application threads were stopped: 0.0001288 seconds, Stopping threads took: 0.0000658 seconds
[1872.817s][info ][safepoint    ] Application time: 0.3472243 seconds
[1872.817s][info ][safepoint    ] Entering safepoint region: GenCollectForAllocation
[1872.817s][info ][gc,start     ] GC(621) Pause Young (Allocation Failure)
[1872.817s][info ][gc,task      ] GC(621) Using 4 workers of 4 for evacuation
[1872.820s][debug][gc,ref       ] GC(621) Skipped phase1 of Reference Processing due to unavailable references
[1872.820s][debug][gc,ref       ] GC(621) Skipped phase2 of Reference Processing due to unavailable references
[1872.820s][debug][gc,ref       ] GC(621) Skipped phase3 of Reference Processing due to unavailable references
[1872.820s][debug][gc,ref       ] GC(621) Skipped phase4 of Reference Processing due to unavailable references
[1872.820s][debug][gc,age       ] GC(621) Desired survivor size 15368192 bytes, new threshold 6 (max threshold 6)
[1872.820s][info ][gc,heap      ] GC(621) ParNew: 241455K->1102K(270336K)
[1872.820s][info ][gc,heap      ] GC(621) CMS: 325953K->326056K(600768K)
[1872.820s][info ][gc,metaspace ] GC(621) Metaspace: 57561K->57561K(1101824K)
[1872.820s][info ][gc           ] GC(621) Pause Young (Allocation Failure) 554M->319M(850M) 3.641ms
[1872.820s][info ][gc,cpu       ] GC(621) User=0.02s Sys=0.00s Real=0.00s
[1872.820s][info ][safepoint    ] Leaving safepoint region
[1872.820s][info ][safepoint    ] Total time for which application threads were stopped: 0.0037890 seconds, Stopping threads took: 0.0000147 seconds
[1873.821s][info ][safepoint    ] Application time: 1.0001041 seconds
[1873.821s][info ][safepoint    ] Entering safepoint region: Cleanup
[1873.821s][info ][safepoint    ] Leaving safepoint region
[1873.821s][info ][safepoint    ] Total time for which application threads were stopped: 0.0001427 seconds, Stopping threads took: 0.0000849 seconds
[1874.821s][info ][safepoint    ] Application time: 1.0000984 seconds
[1874.821s][info ][safepoint    ] Entering safepoint region: Cleanup
[1874.821s][info ][safepoint    ] Leaving safepoint region
[1874.821s][info ][safepoint    ] Total time for which application threads were stopped: 0.0001428 seconds, Stopping threads took: 0.0000698 seconds
[1875.718s][info ][safepoint    ] Application time: 0.8969627 seconds
[1875.718s][info ][safepoint    ] Entering safepoint region: GenCollectForAllocation
[1875.718s][info ][gc,start     ] GC(622) Pause Young (Allocation Failure)
[1875.718s][info ][gc,task      ] GC(622) Using 4 workers of 4 for evacuation
[1875.722s][debug][gc,ref       ] GC(622) Skipped phase1 of Reference Processing due to unavailable references
[1875.722s][debug][gc,ref       ] GC(622) Skipped phase2 of Reference Processing due to unavailable references
[1875.722s][debug][gc,ref       ] GC(622) Skipped phase3 of Reference Processing due to unavailable references
[1875.722s][debug][gc,ref       ] GC(622) Skipped phase4 of Reference Processing due to unavailable references
[1875.722s][debug][gc,age       ] GC(622) Desired survivor size 15368192 bytes, new threshold 6 (max threshold 6)
[1875.722s][info ][gc,heap      ] GC(622) ParNew: 241422K->1648K(270336K)
[1875.722s][info ][gc,heap      ] GC(622) CMS: 326056K->326306K(600768K)
[1875.722s][info ][gc,metaspace ] GC(622) Metaspace: 57563K->57563K(1101824K)
[1875.722s][info ][gc           ] GC(622) Pause Young (Allocation Failure) 554M->320M(850M) 3.954ms
[1875.722s][info ][gc,cpu       ] GC(622) User=0.01s Sys=0.00s Real=0.00s
[1875.722s][info ][safepoint    ] Leaving safepoint region
[1875.722s][info ][safepoint    ] Total time for which application threads were stopped: 0.0041180 seconds, Stopping threads took: 0.0000245 seconds
[1876.722s][info ][safepoint    ] Application time: 1.0000816 seconds
[1876.730s][info ][safepoint    ] Entering safepoint region: Cleanup
[1876.730s][info ][safepoint    ] Leaving safepoint region
[1876.730s][info ][safepoint    ] Total time for which application threads were stopped: 0.0077441 seconds, Stopping threads took: 0.0076815 seconds
[1877.730s][info ][safepoint    ] Application time: 1.0001663 seconds
[1877.730s][info ][safepoint    ] Entering safepoint region: Cleanup
[1877.730s][info ][safepoint    ] Leaving safepoint region
[1877.730s][info ][safepoint    ] Total time for which application threads were stopped: 0.0001458 seconds, Stopping threads took: 0.0000773 seconds
[1878.730s][info ][safepoint    ] Application time: 1.0000998 seconds
[1878.730s][info ][safepoint    ] Entering safepoint region: Cleanup
[1878.731s][info ][safepoint    ] Leaving safepoint region
[1878.731s][info ][safepoint    ] Total time for which application threads were stopped: 0.0000751 seconds, Stopping threads took: 0.0000198 seconds
[1878.763s][info ][safepoint    ] Application time: 0.0323152 seconds
[1878.763s][info ][safepoint    ] Entering safepoint region: GenCollectForAllocation
[1878.763s][info ][gc,start     ] GC(623) Pause Young (Allocation Failure)
[1878.763s][info ][gc,task      ] GC(623) Using 4 workers of 4 for evacuation
[1878.765s][debug][gc,ref       ] GC(623) Skipped phase1 of Reference Processing due to unavailable references
[1878.766s][debug][gc,ref       ] GC(623) Skipped phase2 of Reference Processing due to unavailable references
[1878.766s][debug][gc,ref       ] GC(623) Skipped phase3 of Reference Processing due to unavailable references
[1878.766s][debug][gc,ref       ] GC(623) Skipped phase4 of Reference Processing due to unavailable references
[1878.766s][debug][gc,age       ] GC(623) Desired survivor size 15368192 bytes, new threshold 6 (max threshold 6)
[1878.766s][info ][gc,heap      ] GC(623) ParNew: 241968K->1730K(270336K)
[1878.766s][info ][gc,heap      ] GC(623) CMS: 326306K->326407K(600768K)
[1878.766s][info ][gc,metaspace ] GC(623) Metaspace: 57563K->57563K(1101824K)
[1878.766s][info ][gc           ] GC(623) Pause Young (Allocation Failure) 554M->320M(850M) 2.679ms
[1878.766s][info ][gc,cpu       ] GC(623) User=0.01s Sys=0.00s Real=0.00s
[1878.766s][info ][safepoint    ] Leaving safepoint region
[1878.766s][info ][safepoint    ] Total time for which application threads were stopped: 0.0028262 seconds, Stopping threads took: 0.0000266 seconds
[1879.766s][info ][safepoint    ] Application time: 1.0000929 seconds
[1879.766s][info ][safepoint    ] Entering safepoint region: Cleanup
[1879.766s][info ][safepoint    ] Leaving safepoint region
[1879.766s][info ][safepoint    ] Total time for which application threads were stopped: 0.0001741 seconds, Stopping threads took: 0.0001048 seconds
[1880.766s][info ][safepoint    ] Application time: 1.0000675 seconds
[1880.766s][info ][safepoint    ] Entering safepoint region: Cleanup
[1880.766s][info ][safepoint    ] Leaving safepoint region
[1880.766s][info ][safepoint    ] Total time for which application threads were stopped: 0.0001384 seconds, Stopping threads took: 0.0000528 seconds
[1881.766s][info ][safepoint    ] Application time: 1.0001007 seconds
[1881.766s][info ][safepoint    ] Entering safepoint region: Cleanup
[1881.767s][info ][safepoint    ] Leaving safepoint region
[1881.767s][info ][safepoint    ] Total time for which application threads were stopped: 0.0001312 seconds, Stopping threads took: 0.0000673 seconds
[1882.006s][info ][safepoint    ] Application time: 0.2395677 seconds
[1882.006s][info ][safepoint    ] Entering safepoint region: GenCollectForAllocation
[1882.006s][info ][gc,start     ] GC(624) Pause Young (Allocation Failure)
[1882.006s][info ][gc,task      ] GC(624) Using 4 workers of 4 for evacuation
[1882.010s][debug][gc,ref       ] GC(624) Skipped phase1 of Reference Processing due to unavailable references
[1882.010s][debug][gc,ref       ] GC(624) Skipped phase2 of Reference Processing due to unavailable references
[1882.010s][debug][gc,ref       ] GC(624) Skipped phase3 of Reference Processing due to unavailable references
[1882.010s][debug][gc,ref       ] GC(624) Skipped phase4 of Reference Processing due to unavailable references
[1882.010s][debug][gc,age       ] GC(624) Desired survivor size 15368192 bytes, new threshold 6 (max threshold 6)
[1882.010s][info ][gc,heap      ] GC(624) ParNew: 242050K->1866K(270336K)
[1882.010s][info ][gc,heap      ] GC(624) CMS: 326407K->326414K(600768K)
[1882.010s][info ][gc,metaspace ] GC(624) Metaspace: 57563K->57563K(1101824K)
[1882.010s][info ][gc           ] GC(624) Pause Young (Allocation Failure) 555M->320M(850M) 3.785ms
[1882.010s][info ][gc,cpu       ] GC(624) User=0.01s Sys=0.00s Real=0.00s
[1882.010s][info ][safepoint    ] Leaving safepoint region
[1882.010s][info ][safepoint    ] Total time for which application threads were stopped: 0.0039246 seconds, Stopping threads took: 0.0000126 seconds
[1883.010s][info ][safepoint    ] Application time: 1.0000447 seconds
[1883.010s][info ][safepoint    ] Entering safepoint region: Cleanup
[1883.010s][info ][safepoint    ] Leaving safepoint region
[1883.010s][info ][safepoint    ] Total time for which application threads were stopped: 0.0000931 seconds, Stopping threads took: 0.0000278 seconds
[1884.010s][info ][safepoint    ] Application time: 1.0000705 seconds
[1884.010s][info ][safepoint    ] Entering safepoint region: Cleanup
[1884.010s][info ][safepoint    ] Leaving safepoint region
[1884.010s][info ][safepoint    ] Total time for which application threads were stopped: 0.0000679 seconds, Stopping threads took: 0.0000155 seconds
[1885.011s][info ][safepoint    ] Application time: 1.0000913 seconds
[1885.011s][info ][safepoint    ] Entering safepoint region: Cleanup
[1885.011s][info ][safepoint    ] Leaving safepoint region
[1885.011s][info ][safepoint    ] Total time for which application threads were stopped: 0.0000709 seconds, Stopping threads took: 0.0000165 seconds
[1885.316s][info ][safepoint    ] Application time: 0.3055500 seconds
[1885.316s][info ][safepoint    ] Entering safepoint region: GenCollectForAllocation
[1885.316s][info ][gc,start     ] GC(625) Pause Young (Allocation Failure)
[1885.316s][info ][gc,task      ] GC(625) Using 4 workers of 4 for evacuation
[1885.319s][debug][gc,ref       ] GC(625) Skipped phase1 of Reference Processing due to unavailable references
[1885.319s][debug][gc,ref       ] GC(625) Skipped phase2 of Reference Processing due to unavailable references
[1885.319s][debug][gc,ref       ] GC(625) Skipped phase3 of Reference Processing due to unavailable references
[1885.319s][debug][gc,ref       ] GC(625) Skipped phase4 of Reference Processing due to unavailable references
[1885.319s][debug][gc,age       ] GC(625) Desired survivor size 15368192 bytes, new threshold 6 (max threshold 6)
[1885.319s][info ][gc,heap      ] GC(625) ParNew: 242186K->2294K(270336K)
[1885.319s][info ][gc,heap      ] GC(625) CMS: 326414K->326431K(600768K)
[1885.319s][info ][gc,metaspace ] GC(625) Metaspace: 57563K->57563K(1101824K)
[1885.319s][info ][gc           ] GC(625) Pause Young (Allocation Failure) 555M->321M(850M) 2.560ms
[1885.319s][info ][gc,cpu       ] GC(625) User=0.01s Sys=0.00s Real=0.00s
[1885.319s][info ][safepoint    ] Leaving safepoint region
[1885.319s][info ][safepoint    ] Total time for which application threads were stopped: 0.0027115 seconds, Stopping threads took: 0.0000141 seconds
[1886.319s][info ][safepoint    ] Application time: 1.0000876 seconds
[1886.319s][info ][safepoint    ] Entering safepoint region: Cleanup
[1886.319s][info ][safepoint    ] Leaving safepoint region
[1886.319s][info ][safepoint    ] Total time for which application threads were stopped: 0.0001211 seconds, Stopping threads took: 0.0000601 seconds
[1887.319s][info ][safepoint    ] Application time: 1.0001085 seconds
[1887.319s][info ][safepoint    ] Entering safepoint region: Cleanup
[1887.319s][info ][safepoint    ] Leaving safepoint region
[1887.319s][info ][safepoint    ] Total time for which application threads were stopped: 0.0001074 seconds, Stopping threads took: 0.0000507 seconds
[1888.320s][info ][safepoint    ] Application time: 1.0000991 seconds
[1888.320s][info ][safepoint    ] Entering safepoint region: Cleanup
[1888.320s][info ][safepoint    ] Leaving safepoint region
[1888.320s][info ][safepoint    ] Total time for which application threads were stopped: 0.0001401 seconds, Stopping threads took: 0.0000560 seconds
[1888.617s][info ][safepoint    ] Application time: 0.2974156 seconds
[1888.617s][info ][safepoint    ] Entering safepoint region: GenCollectForAllocation
[1888.617s][info ][gc,start     ] GC(626) Pause Young (Allocation Failure)
[1888.617s][info ][gc,task      ] GC(626) Using 4 workers of 4 for evacuation
[1888.620s][debug][gc,ref       ] GC(626) Skipped phase1 of Reference Processing due to unavailable references
[1888.620s][debug][gc,ref       ] GC(626) Skipped phase2 of Reference Processing due to unavailable references
[1888.620s][debug][gc,ref       ] GC(626) Skipped phase3 of Reference Processing due to unavailable references
[1888.620s][debug][gc,ref       ] GC(626) Skipped phase4 of Reference Processing due to unavailable references
[1888.620s][debug][gc,age       ] GC(626) Desired survivor size 15368192 bytes, new threshold 6 (max threshold 6)
[1888.620s][info ][gc,heap      ] GC(626) ParNew: 242614K->2147K(270336K)
[1888.620s][info ][gc,heap      ] GC(626) CMS: 326431K->326461K(600768K)
[1888.620s][info ][gc,metaspace ] GC(626) Metaspace: 57563K->57563K(1101824K)
[1888.620s][info ][gc           ] GC(626) Pause Young (Allocation Failure) 555M->320M(850M) 2.861ms
[1888.620s][info ][gc,cpu       ] GC(626) User=0.01s Sys=0.00s Real=0.00s
[1888.620s][info ][safepoint    ] Leaving safepoint region
[1888.620s][info ][safepoint    ] Total time for which application threads were stopped: 0.0030127 seconds, Stopping threads took: 0.0000140 seconds
[1889.620s][info ][safepoint    ] Application time: 1.0001050 seconds
[1889.620s][info ][safepoint    ] Entering safepoint region: Cleanup
[1889.620s][info ][safepoint    ] Leaving safepoint region
[1889.620s][info ][safepoint    ] Total time for which application threads were stopped: 0.0001436 seconds, Stopping threads took: 0.0000771 seconds
[1890.621s][info ][safepoint    ] Application time: 1.0001051 seconds
[1890.621s][info ][safepoint    ] Entering safepoint region: Cleanup
[1890.621s][info ][safepoint    ] Leaving safepoint region
[1890.621s][info ][safepoint    ] Total time for which application threads were stopped: 0.0001723 seconds, Stopping threads took: 0.0000976 seconds
[1891.621s][info ][safepoint    ] Application time: 1.0000958 seconds
[1891.621s][info ][safepoint    ] Entering safepoint region: Cleanup
[1891.621s][info ][safepoint    ] Leaving safepoint region
[1891.621s][info ][safepoint    ] Total time for which application threads were stopped: 0.0001982 seconds, Stopping threads took: 0.0001304 seconds
[1892.119s][info ][safepoint    ] Application time: 0.4982467 seconds
[1892.119s][info ][safepoint    ] Entering safepoint region: GenCollectForAllocation
[1892.120s][info ][gc,start     ] GC(627) Pause Young (Allocation Failure)
[1892.120s][info ][gc,task      ] GC(627) Using 4 workers of 4 for evacuation
[1892.122s][debug][gc,ref       ] GC(627) Skipped phase1 of Reference Processing due to unavailable references
[1892.122s][debug][gc,ref       ] GC(627) Skipped phase2 of Reference Processing due to unavailable references
[1892.122s][debug][gc,ref       ] GC(627) Skipped phase3 of Reference Processing due to unavailable references
[1892.122s][debug][gc,ref       ] GC(627) Skipped phase4 of Reference Processing due to unavailable references
[1892.122s][debug][gc,age       ] GC(627) Desired survivor size 15368192 bytes, new threshold 6 (max threshold 6)
[1892.122s][info ][gc,heap      ] GC(627) ParNew: 242467K->1865K(270336K)
[1892.122s][info ][gc,heap      ] GC(627) CMS: 326461K->326571K(600768K)
[1892.123s][info ][gc,metaspace ] GC(627) Metaspace: 57563K->57563K(1101824K)
[1892.123s][info ][gc           ] GC(627) Pause Young (Allocation Failure) 555M->320M(850M) 2.980ms
[1892.123s][info ][gc,cpu       ] GC(627) User=0.02s Sys=0.00s Real=0.00s
[1892.123s][info ][safepoint    ] Leaving safepoint region
[1892.123s][info ][safepoint    ] Total time for which application threads were stopped: 0.0031334 seconds, Stopping threads took: 0.0000148 seconds
[1893.123s][info ][safepoint    ] Application time: 1.0000978 seconds
[1893.123s][info ][safepoint    ] Entering safepoint region: Cleanup
[1893.123s][info ][safepoint    ] Leaving safepoint region
[1893.123s][info ][safepoint    ] Total time for which application threads were stopped: 0.0001287 seconds, Stopping threads took: 0.0000634 seconds
[1894.123s][info ][safepoint    ] Application time: 1.0001631 seconds
[1894.123s][info ][safepoint    ] Entering safepoint region: Cleanup
[1894.123s][info ][safepoint    ] Leaving safepoint region
[1894.123s][info ][safepoint    ] Total time for which application threads were stopped: 0.0001481 seconds, Stopping threads took: 0.0000706 seconds
[1895.665s][info ][safepoint    ] Application time: 1.5422867 seconds
[1895.666s][info ][safepoint    ] Entering safepoint region: GenCollectForAllocation
[1895.666s][info ][gc,start     ] GC(628) Pause Young (Allocation Failure)
[1895.666s][info ][gc,task      ] GC(628) Using 4 workers of 4 for evacuation
[1895.669s][debug][gc,ref       ] GC(628) Skipped phase1 of Reference Processing due to unavailable references
[1895.669s][debug][gc,ref       ] GC(628) Skipped phase2 of Reference Processing due to unavailable references
[1895.669s][debug][gc,ref       ] GC(628) Skipped phase3 of Reference Processing due to unavailable references
[1895.669s][debug][gc,ref       ] GC(628) Skipped phase4 of Reference Processing due to unavailable references
[1895.669s][debug][gc,age       ] GC(628) Desired survivor size 15368192 bytes, new threshold 6 (max threshold 6)
[1895.669s][info ][gc,heap      ] GC(628) ParNew: 242185K->1904K(270336K)
[1895.669s][info ][gc,heap      ] GC(628) CMS: 326571K->326894K(600768K)
[1895.669s][info ][gc,metaspace ] GC(628) Metaspace: 57563K->57563K(1101824K)
[1895.669s][info ][gc           ] GC(628) Pause Young (Allocation Failure) 555M->321M(850M) 3.063ms
[1895.669s][info ][gc,cpu       ] GC(628) User=0.00s Sys=0.01s Real=0.01s
[1895.669s][info ][safepoint    ] Leaving safepoint region
[1895.669s][info ][safepoint    ] Total time for which application threads were stopped: 0.0032789 seconds, Stopping threads took: 0.0000612 seconds
[1898.873s][info ][safepoint    ] Application time: 3.2046975 seconds
[1898.874s][info ][safepoint    ] Entering safepoint region: GenCollectForAllocation
[1898.874s][info ][gc,start     ] GC(629) Pause Young (Allocation Failure)
[1898.874s][info ][gc,task      ] GC(629) Using 4 workers of 4 for evacuation
[1898.876s][debug][gc,ref       ] GC(629) Skipped phase1 of Reference Processing due to unavailable references
[1898.876s][debug][gc,ref       ] GC(629) Skipped phase2 of Reference Processing due to unavailable references
[1898.876s][debug][gc,ref       ] GC(629) Skipped phase3 of Reference Processing due to unavailable references
[1898.876s][debug][gc,ref       ] GC(629) Skipped phase4 of Reference Processing due to unavailable references
[1898.876s][debug][gc,age       ] GC(629) Desired survivor size 15368192 bytes, new threshold 6 (max threshold 6)
[1898.876s][info ][gc,heap      ] GC(629) ParNew: 242224K->1704K(270336K)
[1898.876s][info ][gc,heap      ] GC(629) CMS: 326894K->327021K(600768K)
[1898.876s][info ][gc,metaspace ] GC(629) Metaspace: 57563K->57563K(1101824K)
[1898.876s][info ][gc           ] GC(629) Pause Young (Allocation Failure) 555M->321M(850M) 2.787ms
[1898.876s][info ][gc,cpu       ] GC(629) User=0.01s Sys=0.00s Real=0.01s
[1898.876s][info ][safepoint    ] Leaving safepoint region
[1898.876s][info ][safepoint    ] Total time for which application threads were stopped: 0.0029384 seconds, Stopping threads took: 0.0000167 seconds
[1902.168s][info ][safepoint    ] Application time: 3.2915785 seconds
[1902.168s][info ][safepoint    ] Entering safepoint region: GenCollectForAllocation
[1902.168s][info ][gc,start     ] GC(630) Pause Young (Allocation Failure)
[1902.168s][info ][gc,task      ] GC(630) Using 4 workers of 4 for evacuation
[1902.171s][debug][gc,ref       ] GC(630) Skipped phase1 of Reference Processing due to unavailable references
[1902.171s][debug][gc,ref       ] GC(630) Skipped phase2 of Reference Processing due to unavailable references
[1902.171s][debug][gc,ref       ] GC(630) Skipped phase3 of Reference Processing due to unavailable references
[1902.171s][debug][gc,ref       ] GC(630) Skipped phase4 of Reference Processing due to unavailable references
[1902.171s][debug][gc,age       ] GC(630) Desired survivor size 15368192 bytes, new threshold 6 (max threshold 6)
[1902.171s][info ][gc,heap      ] GC(630) ParNew: 242024K->1099K(270336K)
[1902.171s][info ][gc,heap      ] GC(630) CMS: 327021K->327616K(600768K)
[1902.171s][info ][gc,metaspace ] GC(630) Metaspace: 57563K->57563K(1101824K)
[1902.171s][info ][gc           ] GC(630) Pause Young (Allocation Failure) 555M->321M(850M) 2.918ms
[1902.171s][info ][gc,cpu       ] GC(630) User=0.01s Sys=0.00s Real=0.00s
[1902.171s][info ][safepoint    ] Leaving safepoint region
[1902.171s][info ][safepoint    ] Total time for which application threads were stopped: 0.0030824 seconds, Stopping threads took: 0.0000159 seconds
[1905.567s][info ][safepoint    ] Application time: 3.3959754 seconds
[1905.567s][info ][safepoint    ] Entering safepoint region: GenCollectForAllocation
[1905.567s][info ][gc,start     ] GC(631) Pause Young (Allocation Failure)
[1905.567s][info ][gc,task      ] GC(631) Using 4 workers of 4 for evacuation
[1905.570s][debug][gc,ref       ] GC(631) Skipped phase1 of Reference Processing due to unavailable references
[1905.570s][debug][gc,ref       ] GC(631) Skipped phase2 of Reference Processing due to unavailable references
[1905.570s][debug][gc,ref       ] GC(631) Skipped phase3 of Reference Processing due to unavailable references
[1905.570s][debug][gc,ref       ] GC(631) Skipped phase4 of Reference Processing due to unavailable references
[1905.570s][debug][gc,age       ] GC(631) Desired survivor size 15368192 bytes, new threshold 6 (max threshold 6)
[1905.570s][info ][gc,heap      ] GC(631) ParNew: 241419K->818K(270336K)
[1905.570s][info ][gc,heap      ] GC(631) CMS: 327616K->327700K(600768K)
[1905.570s][info ][gc,metaspace ] GC(631) Metaspace: 57563K->57563K(1101824K)
[1905.570s][info ][gc           ] GC(631) Pause Young (Allocation Failure) 555M->320M(850M) 2.456ms
[1905.570s][info ][gc,cpu       ] GC(631) User=0.01s Sys=0.00s Real=0.00s
[1905.570s][info ][safepoint    ] Leaving safepoint region
[1905.570s][info ][safepoint    ] Total time for which application threads were stopped: 0.0026116 seconds, Stopping threads took: 0.0000148 seconds
[1909.022s][info ][safepoint    ] Application time: 3.4522223 seconds
[1909.022s][info ][safepoint    ] Entering safepoint region: GenCollectForAllocation
[1909.022s][info ][gc,start     ] GC(632) Pause Young (Allocation Failure)
[1909.022s][info ][gc,task      ] GC(632) Using 4 workers of 4 for evacuation
[1909.025s][debug][gc,ref       ] GC(632) Skipped phase1 of Reference Processing due to unavailable references
[1909.025s][debug][gc,ref       ] GC(632) Skipped phase2 of Reference Processing due to unavailable references
[1909.025s][debug][gc,ref       ] GC(632) Skipped phase3 of Reference Processing due to unavailable references
[1909.025s][debug][gc,ref       ] GC(632) Skipped phase4 of Reference Processing due to unavailable references
[1909.025s][debug][gc,age       ] GC(632) Desired survivor size 15368192 bytes, new threshold 6 (max threshold 6)
[1909.025s][info ][gc,heap      ] GC(632) ParNew: 241138K->776K(270336K)
[1909.025s][info ][gc,heap      ] GC(632) CMS: 327700K->327847K(600768K)
[1909.025s][info ][gc,metaspace ] GC(632) Metaspace: 57563K->57563K(1101824K)
[1909.025s][info ][gc           ] GC(632) Pause Young (Allocation Failure) 555M->320M(850M) 2.662ms
[1909.025s][info ][gc,cpu       ] GC(632) User=0.01s Sys=0.00s Real=0.00s
[1909.025s][info ][safepoint    ] Leaving safepoint region
[1909.025s][info ][safepoint    ] Total time for which application threads were stopped: 0.0028190 seconds, Stopping threads took: 0.0000156 seconds
[1912.517s][info ][safepoint    ] Application time: 3.4917163 seconds
[1912.517s][info ][safepoint    ] Entering safepoint region: GenCollectForAllocation
[1912.517s][info ][gc,start     ] GC(633) Pause Young (Allocation Failure)
[1912.517s][info ][gc,task      ] GC(633) Using 4 workers of 4 for evacuation
[1912.519s][debug][gc,ref       ] GC(633) Skipped phase1 of Reference Processing due to unavailable references
[1912.519s][debug][gc,ref       ] GC(633) Skipped phase2 of Reference Processing due to unavailable references
[1912.519s][debug][gc,ref       ] GC(633) Skipped phase3 of Reference Processing due to unavailable references
[1912.519s][debug][gc,ref       ] GC(633) Skipped phase4 of Reference Processing due to unavailable references
[1912.519s][debug][gc,age       ] GC(633) Desired survivor size 15368192 bytes, new threshold 6 (max threshold 6)
[1912.519s][info ][gc,heap      ] GC(633) ParNew: 241096K->838K(270336K)
[1912.519s][info ][gc,heap      ] GC(633) CMS: 327847K->327899K(600768K)
[1912.519s][info ][gc,metaspace ] GC(633) Metaspace: 57563K->57563K(1101824K)
[1912.519s][info ][gc           ] GC(633) Pause Young (Allocation Failure) 555M->321M(850M) 2.435ms
[1912.519s][info ][gc,cpu       ] GC(633) User=0.01s Sys=0.00s Real=0.00s
[1912.519s][info ][safepoint    ] Leaving safepoint region
[1912.519s][info ][safepoint    ] Total time for which application threads were stopped: 0.0026339 seconds, Stopping threads took: 0.0000619 seconds
[1916.170s][info ][safepoint    ] Application time: 3.6509750 seconds
[1916.170s][info ][safepoint    ] Entering safepoint region: GenCollectForAllocation
[1916.170s][info ][gc,start     ] GC(634) Pause Young (Allocation Failure)
[1916.170s][info ][gc,task      ] GC(634) Using 4 workers of 4 for evacuation
[1916.173s][debug][gc,ref       ] GC(634) Skipped phase1 of Reference Processing due to unavailable references
[1916.173s][debug][gc,ref       ] GC(634) Skipped phase2 of Reference Processing due to unavailable references
[1916.173s][debug][gc,ref       ] GC(634) Skipped phase3 of Reference Processing due to unavailable references
[1916.173s][debug][gc,ref       ] GC(634) Skipped phase4 of Reference Processing due to unavailable references
[1916.173s][debug][gc,age       ] GC(634) Desired survivor size 15368192 bytes, new threshold 6 (max threshold 6)
[1916.173s][info ][gc,heap      ] GC(634) ParNew: 241158K->1128K(270336K)
[1916.173s][info ][gc,heap      ] GC(634) CMS: 327899K->327921K(600768K)
[1916.173s][info ][gc,metaspace ] GC(634) Metaspace: 57563K->57563K(1101824K)
[1916.173s][info ][gc           ] GC(634) Pause Young (Allocation Failure) 555M->321M(850M) 2.391ms
[1916.173s][info ][gc,cpu       ] GC(634) User=0.01s Sys=0.00s Real=0.00s
[1916.173s][info ][safepoint    ] Leaving safepoint region
[1916.173s][info ][safepoint    ] Total time for which application threads were stopped: 0.0025495 seconds, Stopping threads took: 0.0000270 seconds
[1919.766s][info ][safepoint    ] Application time: 3.5936661 seconds
[1919.767s][info ][safepoint    ] Entering safepoint region: GenCollectForAllocation
[1919.767s][info ][gc,start     ] GC(635) Pause Young (Allocation Failure)
[1919.767s][info ][gc,task      ] GC(635) Using 4 workers of 4 for evacuation
[1919.769s][debug][gc,ref       ] GC(635) Skipped phase1 of Reference Processing due to unavailable references
[1919.769s][debug][gc,ref       ] GC(635) Skipped phase2 of Reference Processing due to unavailable references
[1919.769s][debug][gc,ref       ] GC(635) Skipped phase3 of Reference Processing due to unavailable references
[1919.769s][debug][gc,ref       ] GC(635) Skipped phase4 of Reference Processing due to unavailable references
[1919.769s][debug][gc,age       ] GC(635) Desired survivor size 15368192 bytes, new threshold 6 (max threshold 6)
[1919.769s][info ][gc,heap      ] GC(635) ParNew: 241448K->1271K(270336K)
[1919.769s][info ][gc,heap      ] GC(635) CMS: 327921K->327938K(600768K)
[1919.769s][info ][gc,metaspace ] GC(635) Metaspace: 57563K->57563K(1101824K)
[1919.769s][info ][gc           ] GC(635) Pause Young (Allocation Failure) 556M->321M(850M) 2.377ms
[1919.769s][info ][gc,cpu       ] GC(635) User=0.01s Sys=0.00s Real=0.00s
[1919.769s][info ][safepoint    ] Leaving safepoint region
[1919.769s][info ][safepoint    ] Total time for which application threads were stopped: 0.0025202 seconds, Stopping threads took: 0.0000141 seconds
[1923.422s][info ][safepoint    ] Application time: 3.6528228 seconds
[1923.422s][info ][safepoint    ] Entering safepoint region: GenCollectForAllocation
[1923.422s][info ][gc,start     ] GC(636) Pause Young (Allocation Failure)
[1923.422s][info ][gc,task      ] GC(636) Using 4 workers of 4 for evacuation
[1923.425s][debug][gc,ref       ] GC(636) Skipped phase1 of Reference Processing due to unavailable references
[1923.425s][debug][gc,ref       ] GC(636) Skipped phase2 of Reference Processing due to unavailable references
[1923.425s][debug][gc,ref       ] GC(636) Skipped phase3 of Reference Processing due to unavailable references
[1923.425s][debug][gc,ref       ] GC(636) Skipped phase4 of Reference Processing due to unavailable references
[1923.425s][debug][gc,age       ] GC(636) Desired survivor size 15368192 bytes, new threshold 6 (max threshold 6)
[1923.425s][info ][gc,heap      ] GC(636) ParNew: 241591K->1000K(270336K)
[1923.425s][info ][gc,heap      ] GC(636) CMS: 327938K->328075K(600768K)
[1923.425s][info ][gc,metaspace ] GC(636) Metaspace: 57563K->57563K(1101824K)
[1923.425s][info ][gc           ] GC(636) Pause Young (Allocation Failure) 556M->321M(850M) 3.223ms
[1923.425s][info ][gc,cpu       ] GC(636) User=0.01s Sys=0.00s Real=0.00s
[1923.425s][info ][safepoint    ] Leaving safepoint region
[1923.425s][info ][safepoint    ] Total time for which application threads were stopped: 0.0033711 seconds, Stopping threads took: 0.0000151 seconds
[1927.073s][info ][safepoint    ] Application time: 3.6479779 seconds
[1927.073s][info ][safepoint    ] Entering safepoint region: GenCollectForAllocation
[1927.073s][info ][gc,start     ] GC(637) Pause Young (Allocation Failure)
[1927.073s][info ][gc,task      ] GC(637) Using 4 workers of 4 for evacuation
[1927.076s][debug][gc,ref       ] GC(637) Skipped phase1 of Reference Processing due to unavailable references
[1927.076s][debug][gc,ref       ] GC(637) Skipped phase2 of Reference Processing due to unavailable references
[1927.076s][debug][gc,ref       ] GC(637) Skipped phase3 of Reference Processing due to unavailable references
[1927.076s][debug][gc,ref       ] GC(637) Skipped phase4 of Reference Processing due to unavailable references
[1927.076s][debug][gc,age       ] GC(637) Desired survivor size 15368192 bytes, new threshold 6 (max threshold 6)
[1927.076s][info ][gc,heap      ] GC(637) ParNew: 241320K->1041K(270336K)
[1927.076s][info ][gc,heap      ] GC(637) CMS: 328075K->328110K(600768K)
[1927.076s][info ][gc,metaspace ] GC(637) Metaspace: 57563K->57563K(1101824K)
[1927.076s][info ][gc           ] GC(637) Pause Young (Allocation Failure) 556M->321M(850M) 2.911ms
[1927.076s][info ][gc,cpu       ] GC(637) User=0.02s Sys=0.00s Real=0.01s
[1927.076s][info ][safepoint    ] Leaving safepoint region
[1927.076s][info ][safepoint    ] Total time for which application threads were stopped: 0.0030933 seconds, Stopping threads took: 0.0000357 seconds
[1928.076s][info ][safepoint    ] Application time: 1.0000966 seconds
[1928.077s][info ][safepoint    ] Entering safepoint region: Cleanup
[1928.077s][info ][safepoint    ] Leaving safepoint region
[1928.077s][info ][safepoint    ] Total time for which application threads were stopped: 0.0000745 seconds, Stopping threads took: 0.0000153 seconds
[1930.867s][info ][safepoint    ] Application time: 2.7901852 seconds
[1930.867s][info ][safepoint    ] Entering safepoint region: GenCollectForAllocation
[1930.867s][info ][gc,start     ] GC(638) Pause Young (Allocation Failure)
[1930.867s][info ][gc,task      ] GC(638) Using 4 workers of 4 for evacuation
[1930.869s][debug][gc,ref       ] GC(638) Skipped phase1 of Reference Processing due to unavailable references
[1930.869s][debug][gc,ref       ] GC(638) Skipped phase2 of Reference Processing due to unavailable references
[1930.869s][debug][gc,ref       ] GC(638) Skipped phase3 of Reference Processing due to unavailable references
[1930.869s][debug][gc,ref       ] GC(638) Skipped phase4 of Reference Processing due to unavailable references
[1930.870s][debug][gc,age       ] GC(638) Desired survivor size 15368192 bytes, new threshold 6 (max threshold 6)
[1930.870s][info ][gc,heap      ] GC(638) ParNew: 241361K->813K(270336K)
[1930.870s][info ][gc,heap      ] GC(638) CMS: 328110K->328206K(600768K)
[1930.870s][info ][gc,metaspace ] GC(638) Metaspace: 57582K->57582K(1101824K)
[1930.870s][info ][gc           ] GC(638) Pause Young (Allocation Failure) 556M->321M(850M) 2.649ms
[1930.870s][info ][gc,cpu       ] GC(638) User=0.01s Sys=0.00s Real=0.00s
[1930.870s][info ][safepoint    ] Leaving safepoint region
[1930.870s][info ][safepoint    ] Total time for which application threads were stopped: 0.0028029 seconds, Stopping threads took: 0.0000146 seconds
[1934.360s][info ][safepoint    ] Application time: 3.4900021 seconds
[1934.360s][info ][safepoint    ] Entering safepoint region: GenCollectForAllocation
[1934.360s][info ][gc,start     ] GC(639) Pause Young (Allocation Failure)
[1934.360s][info ][gc,task      ] GC(639) Using 4 workers of 4 for evacuation
[1934.363s][debug][gc,ref       ] GC(639) Skipped phase1 of Reference Processing due to unavailable references
[1934.363s][debug][gc,ref       ] GC(639) Skipped phase2 of Reference Processing due to unavailable references
[1934.363s][debug][gc,ref       ] GC(639) Skipped phase3 of Reference Processing due to unavailable references
[1934.363s][debug][gc,ref       ] GC(639) Skipped phase4 of Reference Processing due to unavailable references
[1934.363s][debug][gc,age       ] GC(639) Desired survivor size 15368192 bytes, new threshold 6 (max threshold 6)
[1934.363s][info ][gc,heap      ] GC(639) ParNew: 241133K->957K(270336K)
[1934.363s][info ][gc,heap      ] GC(639) CMS: 328206K->328317K(600768K)
[1934.363s][info ][gc,metaspace ] GC(639) Metaspace: 57582K->57582K(1101824K)
[1934.363s][info ][gc           ] GC(639) Pause Young (Allocation Failure) 555M->321M(850M) 3.392ms
[1934.363s][info ][gc,cpu       ] GC(639) User=0.02s Sys=0.00s Real=0.00s
[1934.363s][info ][safepoint    ] Leaving safepoint region
[1934.363s][info ][safepoint    ] Total time for which application threads were stopped: 0.0035645 seconds, Stopping threads took: 0.0000452 seconds
[1935.363s][info ][safepoint    ] Application time: 1.0000943 seconds
[1935.363s][info ][safepoint    ] Entering safepoint region: Cleanup
[1935.363s][info ][safepoint    ] Leaving safepoint region
[1935.363s][info ][safepoint    ] Total time for which application threads were stopped: 0.0000905 seconds, Stopping threads took: 0.0000299 seconds
[1937.816s][info ][safepoint    ] Application time: 2.4527530 seconds
[1937.816s][info ][safepoint    ] Entering safepoint region: GenCollectForAllocation
[1937.816s][info ][gc,start     ] GC(640) Pause Young (Allocation Failure)
[1937.816s][info ][gc,task      ] GC(640) Using 4 workers of 4 for evacuation
[1937.819s][debug][gc,ref       ] GC(640) Skipped phase1 of Reference Processing due to unavailable references
[1937.819s][debug][gc,ref       ] GC(640) Skipped phase2 of Reference Processing due to unavailable references
[1937.819s][debug][gc,ref       ] GC(640) Skipped phase3 of Reference Processing due to unavailable references
[1937.819s][debug][gc,ref       ] GC(640) Skipped phase4 of Reference Processing due to unavailable references
[1937.819s][debug][gc,age       ] GC(640) Desired survivor size 15368192 bytes, new threshold 6 (max threshold 6)
[1937.819s][info ][gc,heap      ] GC(640) ParNew: 241277K->1141K(270336K)
[1937.819s][info ][gc,heap      ] GC(640) CMS: 328317K->328423K(600768K)
[1937.819s][info ][gc,metaspace ] GC(640) Metaspace: 57582K->57582K(1101824K)
[1937.819s][info ][gc           ] GC(640) Pause Young (Allocation Failure) 556M->321M(850M) 3.001ms
[1937.819s][info ][gc,cpu       ] GC(640) User=0.01s Sys=0.00s Real=0.00s
[1937.819s][info ][safepoint    ] Leaving safepoint region
[1937.819s][info ][safepoint    ] Total time for which application threads were stopped: 0.0032186 seconds, Stopping threads took: 0.0000866 seconds
[1941.315s][info ][safepoint    ] Application time: 3.4953890 seconds
[1941.315s][info ][safepoint    ] Entering safepoint region: GenCollectForAllocation
[1941.315s][info ][gc,start     ] GC(641) Pause Young (Allocation Failure)
[1941.315s][info ][gc,task      ] GC(641) Using 4 workers of 4 for evacuation
[1941.317s][debug][gc,ref       ] GC(641) Skipped phase1 of Reference Processing due to unavailable references
[1941.317s][debug][gc,ref       ] GC(641) Skipped phase2 of Reference Processing due to unavailable references
[1941.317s][debug][gc,ref       ] GC(641) Skipped phase3 of Reference Processing due to unavailable references
[1941.317s][debug][gc,ref       ] GC(641) Skipped phase4 of Reference Processing due to unavailable references
[1941.318s][debug][gc,age       ] GC(641) Desired survivor size 15368192 bytes, new threshold 6 (max threshold 6)
[1941.318s][info ][gc,heap      ] GC(641) ParNew: 241461K->1306K(270336K)
[1941.318s][info ][gc,heap      ] GC(641) CMS: 328423K->328443K(600768K)
[1941.318s][info ][gc,metaspace ] GC(641) Metaspace: 57582K->57582K(1101824K)
[1941.318s][info ][gc           ] GC(641) Pause Young (Allocation Failure) 556M->322M(850M) 2.653ms
[1941.318s][info ][gc,cpu       ] GC(641) User=0.01s Sys=0.00s Real=0.00s
[1941.318s][info ][safepoint    ] Leaving safepoint region
[1941.318s][info ][safepoint    ] Total time for which application threads were stopped: 0.0027857 seconds, Stopping threads took: 0.0000151 seconds
[1944.318s][info ][safepoint    ] Application time: 3.0002403 seconds
[1944.318s][info ][safepoint    ] Entering safepoint region: Cleanup
[1944.318s][info ][safepoint    ] Leaving safepoint region
[1944.318s][info ][safepoint    ] Total time for which application threads were stopped: 0.0001636 seconds, Stopping threads took: 0.0000919 seconds
[1944.969s][info ][safepoint    ] Application time: 0.6510371 seconds
[1944.969s][info ][safepoint    ] Entering safepoint region: GenCollectForAllocation
[1944.969s][info ][gc,start     ] GC(642) Pause Young (Allocation Failure)
[1944.969s][info ][gc,task      ] GC(642) Using 4 workers of 4 for evacuation
[1944.972s][debug][gc,ref       ] GC(642) Skipped phase1 of Reference Processing due to unavailable references
[1944.972s][debug][gc,ref       ] GC(642) Skipped phase2 of Reference Processing due to unavailable references
[1944.972s][debug][gc,ref       ] GC(642) Skipped phase3 of Reference Processing due to unavailable references
[1944.972s][debug][gc,ref       ] GC(642) Skipped phase4 of Reference Processing due to unavailable references
[1944.972s][debug][gc,age       ] GC(642) Desired survivor size 15368192 bytes, new threshold 6 (max threshold 6)
[1944.972s][info ][gc,heap      ] GC(642) ParNew: 241626K->1591K(270336K)
[1944.972s][info ][gc,heap      ] GC(642) CMS: 328443K->328455K(600768K)
[1944.972s][info ][gc,metaspace ] GC(642) Metaspace: 57583K->57583K(1101824K)
[1944.972s][info ][gc           ] GC(642) Pause Young (Allocation Failure) 556M->322M(850M) 2.835ms
[1944.972s][info ][gc,cpu       ] GC(642) User=0.01s Sys=0.00s Real=0.00s
[1944.972s][info ][safepoint    ] Leaving safepoint region
[1944.972s][info ][safepoint    ] Total time for which application threads were stopped: 0.0029755 seconds, Stopping threads took: 0.0000143 seconds
[1945.972s][info ][safepoint    ] Application time: 1.0000959 seconds
[1945.972s][info ][safepoint    ] Entering safepoint region: Cleanup
[1945.972s][info ][safepoint    ] Leaving safepoint region
[1945.972s][info ][safepoint    ] Total time for which application threads were stopped: 0.0001976 seconds, Stopping threads took: 0.0001232 seconds
[1948.474s][info ][safepoint    ] Application time: 2.5011115 seconds
[1948.474s][info ][safepoint    ] Entering safepoint region: GenCollectForAllocation
[1948.474s][info ][gc,start     ] GC(643) Pause Young (Allocation Failure)
[1948.474s][info ][gc,task      ] GC(643) Using 4 workers of 4 for evacuation
[1948.476s][debug][gc,ref       ] GC(643) Skipped phase1 of Reference Processing due to unavailable references
[1948.476s][debug][gc,ref       ] GC(643) Skipped phase2 of Reference Processing due to unavailable references
[1948.476s][debug][gc,ref       ] GC(643) Skipped phase3 of Reference Processing due to unavailable references
[1948.476s][debug][gc,ref       ] GC(643) Skipped phase4 of Reference Processing due to unavailable references
[1948.476s][debug][gc,age       ] GC(643) Desired survivor size 15368192 bytes, new threshold 6 (max threshold 6)
[1948.477s][info ][gc,heap      ] GC(643) ParNew: 241911K->1596K(270336K)
[1948.477s][info ][gc,heap      ] GC(643) CMS: 328455K->328488K(600768K)
[1948.477s][info ][gc,metaspace ] GC(643) Metaspace: 57583K->57583K(1101824K)
[1948.477s][info ][gc           ] GC(643) Pause Young (Allocation Failure) 556M->322M(850M) 2.777ms
[1948.477s][info ][gc,cpu       ] GC(643) User=0.01s Sys=0.00s Real=0.01s
[1948.477s][info ][safepoint    ] Leaving safepoint region
[1948.477s][info ][safepoint    ] Total time for which application threads were stopped: 0.0029613 seconds, Stopping threads took: 0.0000271 seconds
[1951.868s][info ][safepoint    ] Application time: 3.3916259 seconds
[1951.868s][info ][safepoint    ] Entering safepoint region: GenCollectForAllocation
[1951.868s][info ][gc,start     ] GC(644) Pause Young (Allocation Failure)
[1951.868s][info ][gc,task      ] GC(644) Using 4 workers of 4 for evacuation
[1951.873s][debug][gc,ref       ] GC(644) Skipped phase1 of Reference Processing due to unavailable references
[1951.873s][debug][gc,ref       ] GC(644) Skipped phase2 of Reference Processing due to unavailable references
[1951.873s][debug][gc,ref       ] GC(644) Skipped phase3 of Reference Processing due to unavailable references
[1951.873s][debug][gc,ref       ] GC(644) Skipped phase4 of Reference Processing due to unavailable references
[1951.873s][debug][gc,age       ] GC(644) Desired survivor size 15368192 bytes, new threshold 6 (max threshold 6)
[1951.873s][info ][gc,heap      ] GC(644) ParNew: 241916K->1920K(270336K)
[1951.873s][info ][gc,heap      ] GC(644) CMS: 328488K->328506K(600768K)
[1951.873s][info ][gc,metaspace ] GC(644) Metaspace: 57583K->57583K(1101824K)
[1951.873s][info ][gc           ] GC(644) Pause Young (Allocation Failure) 557M->322M(850M) 4.849ms
[1951.873s][info ][gc,cpu       ] GC(644) User=0.02s Sys=0.00s Real=0.00s
[1951.873s][info ][safepoint    ] Leaving safepoint region
[1951.873s][info ][safepoint    ] Total time for which application threads were stopped: 0.0050405 seconds, Stopping threads took: 0.0000152 seconds
[1954.874s][info ][safepoint    ] Application time: 3.0002814 seconds
[1954.874s][info ][safepoint    ] Entering safepoint region: Cleanup
[1954.874s][info ][safepoint    ] Leaving safepoint region
[1954.874s][info ][safepoint    ] Total time for which application threads were stopped: 0.0001525 seconds, Stopping threads took: 0.0000723 seconds
[1955.319s][info ][safepoint    ] Application time: 0.4454382 seconds
[1955.319s][info ][safepoint    ] Entering safepoint region: GenCollectForAllocation
[1955.319s][info ][gc,start     ] GC(645) Pause Young (Allocation Failure)
[1955.319s][info ][gc,task      ] GC(645) Using 4 workers of 4 for evacuation
[1955.322s][debug][gc,ref       ] GC(645) Skipped phase1 of Reference Processing due to unavailable references
[1955.322s][debug][gc,ref       ] GC(645) Skipped phase2 of Reference Processing due to unavailable references
[1955.322s][debug][gc,ref       ] GC(645) Skipped phase3 of Reference Processing due to unavailable references
[1955.322s][debug][gc,ref       ] GC(645) Skipped phase4 of Reference Processing due to unavailable references
[1955.322s][debug][gc,age       ] GC(645) Desired survivor size 15368192 bytes, new threshold 6 (max threshold 6)
[1955.322s][info ][gc,heap      ] GC(645) ParNew: 242240K->2350K(270336K)
[1955.322s][info ][gc,heap      ] GC(645) CMS: 328506K->328609K(600768K)
[1955.322s][info ][gc,metaspace ] GC(645) Metaspace: 57583K->57583K(1101824K)
[1955.323s][info ][gc           ] GC(645) Pause Young (Allocation Failure) 557M->323M(850M) 3.152ms
[1955.323s][info ][gc,cpu       ] GC(645) User=0.01s Sys=0.00s Real=0.00s
[1955.323s][info ][safepoint    ] Leaving safepoint region
[1955.323s][info ][safepoint    ] Total time for which application threads were stopped: 0.0033032 seconds, Stopping threads took: 0.0000151 seconds
[1957.323s][info ][safepoint    ] Application time: 2.0001956 seconds
[1957.323s][info ][safepoint    ] Entering safepoint region: Cleanup
[1957.323s][info ][safepoint    ] Leaving safepoint region
[1957.323s][info ][safepoint    ] Total time for which application threads were stopped: 0.0001220 seconds, Stopping threads took: 0.0000506 seconds
[1958.575s][info ][safepoint    ] Application time: 1.2522590 seconds
[1958.575s][info ][safepoint    ] Entering safepoint region: GenCollectForAllocation
[1958.575s][info ][gc,start     ] GC(646) Pause Young (Allocation Failure)
[1958.575s][info ][gc,task      ] GC(646) Using 4 workers of 4 for evacuation
[1958.579s][debug][gc,ref       ] GC(646) Skipped phase1 of Reference Processing due to unavailable references
[1958.579s][debug][gc,ref       ] GC(646) Skipped phase2 of Reference Processing due to unavailable references
[1958.579s][debug][gc,ref       ] GC(646) Skipped phase3 of Reference Processing due to unavailable references
[1958.579s][debug][gc,ref       ] GC(646) Skipped phase4 of Reference Processing due to unavailable references
[1958.579s][debug][gc,age       ] GC(646) Desired survivor size 15368192 bytes, new threshold 6 (max threshold 6)
[1958.579s][info ][gc,heap      ] GC(646) ParNew: 242670K->2952K(270336K)
[1958.579s][info ][gc,heap      ] GC(646) CMS: 328609K->328777K(600768K)
[1958.579s][info ][gc,metaspace ] GC(646) Metaspace: 57583K->57583K(1101824K)
[1958.579s][info ][gc           ] GC(646) Pause Young (Allocation Failure) 557M->323M(850M) 3.725ms
[1958.579s][info ][gc,cpu       ] GC(646) User=0.02s Sys=0.00s Real=0.00s
[1958.579s][info ][safepoint    ] Leaving safepoint region
[1958.579s][info ][safepoint    ] Total time for which application threads were stopped: 0.0038944 seconds, Stopping threads took: 0.0000398 seconds
[1961.819s][info ][safepoint    ] Application time: 3.2396957 seconds
[1961.819s][info ][safepoint    ] Entering safepoint region: GenCollectForAllocation
[1961.819s][info ][gc,start     ] GC(647) Pause Young (Allocation Failure)
[1961.819s][info ][gc,task      ] GC(647) Using 4 workers of 4 for evacuation
[1961.822s][debug][gc,ref       ] GC(647) Skipped phase1 of Reference Processing due to unavailable references
[1961.822s][debug][gc,ref       ] GC(647) Skipped phase2 of Reference Processing due to unavailable references
[1961.822s][debug][gc,ref       ] GC(647) Skipped phase3 of Reference Processing due to unavailable references
[1961.822s][debug][gc,ref       ] GC(647) Skipped phase4 of Reference Processing due to unavailable references
[1961.823s][debug][gc,age       ] GC(647) Desired survivor size 15368192 bytes, new threshold 6 (max threshold 6)
[1961.823s][info ][gc,heap      ] GC(647) ParNew: 243272K->2708K(270336K)
[1961.823s][info ][gc,heap      ] GC(647) CMS: 328777K->328912K(600768K)
[1961.823s][info ][gc,metaspace ] GC(647) Metaspace: 57583K->57583K(1101824K)
[1961.823s][info ][gc           ] GC(647) Pause Young (Allocation Failure) 558M->323M(850M) 3.604ms
[1961.823s][info ][gc,cpu       ] GC(647) User=0.01s Sys=0.01s Real=0.00s
[1961.823s][info ][safepoint    ] Leaving safepoint region
[1961.823s][info ][safepoint    ] Total time for which application threads were stopped: 0.0037696 seconds, Stopping threads took: 0.0000157 seconds
[1965.121s][info ][safepoint    ] Application time: 3.2981190 seconds
[1965.121s][info ][safepoint    ] Entering safepoint region: GenCollectForAllocation
[1965.121s][info ][gc,start     ] GC(648) Pause Young (Allocation Failure)
[1965.121s][info ][gc,task      ] GC(648) Using 4 workers of 4 for evacuation
[1965.124s][debug][gc,ref       ] GC(648) Skipped phase1 of Reference Processing due to unavailable references
[1965.124s][debug][gc,ref       ] GC(648) Skipped phase2 of Reference Processing due to unavailable references
[1965.124s][debug][gc,ref       ] GC(648) Skipped phase3 of Reference Processing due to unavailable references
[1965.124s][debug][gc,ref       ] GC(648) Skipped phase4 of Reference Processing due to unavailable references
[1965.124s][debug][gc,age       ] GC(648) Desired survivor size 15368192 bytes, new threshold 6 (max threshold 6)
[1965.124s][info ][gc,heap      ] GC(648) ParNew: 243028K->2954K(270336K)
[1965.124s][info ][gc,heap      ] GC(648) CMS: 328912K->329012K(600768K)
[1965.124s][info ][gc,metaspace ] GC(648) Metaspace: 57583K->57583K(1101824K)
[1965.124s][info ][gc           ] GC(648) Pause Young (Allocation Failure) 558M->324M(850M) 3.605ms
[1965.124s][info ][gc,cpu       ] GC(648) User=0.01s Sys=0.00s Real=0.00s
[1965.125s][info ][safepoint    ] Leaving safepoint region
[1965.125s][info ][safepoint    ] Total time for which application threads were stopped: 0.0037751 seconds, Stopping threads took: 0.0000148 seconds
[1968.565s][info ][safepoint    ] Application time: 3.4404664 seconds
[1968.565s][info ][safepoint    ] Entering safepoint region: GenCollectForAllocation
[1968.565s][info ][gc,start     ] GC(649) Pause Young (Allocation Failure)
[1968.565s][info ][gc,task      ] GC(649) Using 4 workers of 4 for evacuation
[1968.568s][debug][gc,ref       ] GC(649) Skipped phase1 of Reference Processing due to unavailable references
[1968.568s][debug][gc,ref       ] GC(649) Skipped phase2 of Reference Processing due to unavailable references
[1968.568s][debug][gc,ref       ] GC(649) Skipped phase3 of Reference Processing due to unavailable references
[1968.568s][debug][gc,ref       ] GC(649) Skipped phase4 of Reference Processing due to unavailable references
[1968.568s][debug][gc,age       ] GC(649) Desired survivor size 15368192 bytes, new threshold 6 (max threshold 6)
[1968.568s][info ][gc,heap      ] GC(649) ParNew: 243274K->2550K(270336K)
[1968.568s][info ][gc,heap      ] GC(649) CMS: 329012K->329027K(600768K)
[1968.568s][info ][gc,metaspace ] GC(649) Metaspace: 57583K->57583K(1101824K)
[1968.568s][info ][gc           ] GC(649) Pause Young (Allocation Failure) 558M->323M(850M) 3.125ms
[1968.568s][info ][gc,cpu       ] GC(649) User=0.02s Sys=0.00s Real=0.01s
[1968.568s][info ][safepoint    ] Leaving safepoint region
[1968.568s][info ][safepoint    ] Total time for which application threads were stopped: 0.0032830 seconds, Stopping threads took: 0.0000364 seconds
[1971.917s][info ][safepoint    ] Application time: 3.3489903 seconds
[1971.917s][info ][safepoint    ] Entering safepoint region: GenCollectForAllocation
[1971.917s][info ][gc,start     ] GC(650) Pause Young (Allocation Failure)
[1971.917s][info ][gc,task      ] GC(650) Using 4 workers of 4 for evacuation
[1971.921s][debug][gc,ref       ] GC(650) Skipped phase1 of Reference Processing due to unavailable references
[1971.921s][debug][gc,ref       ] GC(650) Skipped phase2 of Reference Processing due to unavailable references
[1971.921s][debug][gc,ref       ] GC(650) Skipped phase3 of Reference Processing due to unavailable references
[1971.921s][debug][gc,ref       ] GC(650) Skipped phase4 of Reference Processing due to unavailable references
[1971.921s][debug][gc,age       ] GC(650) Desired survivor size 15368192 bytes, new threshold 6 (max threshold 6)
[1971.921s][info ][gc,heap      ] GC(650) ParNew: 242870K->3640K(270336K)
[1971.921s][info ][gc,heap      ] GC(650) CMS: 329027K->329183K(600768K)
[1971.921s][info ][gc,metaspace ] GC(650) Metaspace: 57583K->57583K(1101824K)
[1971.921s][info ][gc           ] GC(650) Pause Young (Allocation Failure) 558M->325M(850M) 3.694ms
[1971.921s][info ][gc,cpu       ] GC(650) User=0.01s Sys=0.00s Real=0.00s
[1971.921s][info ][safepoint    ] Leaving safepoint region
[1971.921s][info ][safepoint    ] Total time for which application threads were stopped: 0.0038362 seconds, Stopping threads took: 0.0000147 seconds
[1974.970s][info ][safepoint    ] Application time: 3.0489493 seconds
[1974.970s][info ][safepoint    ] Entering safepoint region: GenCollectForAllocation
[1974.970s][info ][gc,start     ] GC(651) Pause Young (Allocation Failure)
[1974.970s][info ][gc,task      ] GC(651) Using 4 workers of 4 for evacuation
[1974.974s][debug][gc,ref       ] GC(651) Skipped phase1 of Reference Processing due to unavailable references
[1974.975s][debug][gc,ref       ] GC(651) Skipped phase2 of Reference Processing due to unavailable references
[1974.975s][debug][gc,ref       ] GC(651) Skipped phase3 of Reference Processing due to unavailable references
[1974.975s][debug][gc,ref       ] GC(651) Skipped phase4 of Reference Processing due to unavailable references
[1974.975s][debug][gc,age       ] GC(651) Desired survivor size 15368192 bytes, new threshold 6 (max threshold 6)
[1974.975s][info ][gc,heap      ] GC(651) ParNew: 243960K->5926K(270336K)
[1974.975s][info ][gc,heap      ] GC(651) CMS: 329183K->329349K(600768K)
[1974.975s][info ][gc,metaspace ] GC(651) Metaspace: 57584K->57584K(1101824K)
[1974.975s][info ][gc           ] GC(651) Pause Young (Allocation Failure) 559M->327M(850M) 4.420ms
[1974.975s][info ][gc,cpu       ] GC(651) User=0.01s Sys=0.00s Real=0.01s
[1974.975s][info ][safepoint    ] Leaving safepoint region
[1974.975s][info ][safepoint    ] Total time for which application threads were stopped: 0.0045845 seconds, Stopping threads took: 0.0000147 seconds
[1978.560s][info ][safepoint    ] Application time: 3.5855849 seconds
[1978.560s][info ][safepoint    ] Entering safepoint region: GenCollectForAllocation
[1978.560s][info ][gc,start     ] GC(652) Pause Young (Allocation Failure)
[1978.561s][info ][gc,task      ] GC(652) Using 4 workers of 4 for evacuation
[1978.565s][debug][gc,ref       ] GC(652) Skipped phase1 of Reference Processing due to unavailable references
[1978.565s][debug][gc,ref       ] GC(652) Skipped phase2 of Reference Processing due to unavailable references
[1978.565s][debug][gc,ref       ] GC(652) Skipped phase3 of Reference Processing due to unavailable references
[1978.565s][debug][gc,ref       ] GC(652) Skipped phase4 of Reference Processing due to unavailable references
[1978.565s][debug][gc,age       ] GC(652) Desired survivor size 15368192 bytes, new threshold 6 (max threshold 6)
[1978.565s][info ][gc,heap      ] GC(652) ParNew: 246246K->6458K(270336K)
[1978.565s][info ][gc,heap      ] GC(652) CMS: 329349K->329655K(600768K)
[1978.565s][info ][gc,metaspace ] GC(652) Metaspace: 57584K->57584K(1101824K)
[1978.565s][info ][gc           ] GC(652) Pause Young (Allocation Failure) 562M->328M(850M) 4.845ms
[1978.565s][info ][gc,cpu       ] GC(652) User=0.02s Sys=0.00s Real=0.00s
[1978.565s][info ][safepoint    ] Leaving safepoint region
[1978.565s][info ][safepoint    ] Total time for which application threads were stopped: 0.0049964 seconds, Stopping threads took: 0.0000149 seconds
[1979.566s][info ][safepoint    ] Application time: 1.0001249 seconds
[1979.566s][info ][safepoint    ] Entering safepoint region: Cleanup
[1979.566s][info ][safepoint    ] Leaving safepoint region
[1979.566s][info ][safepoint    ] Total time for which application threads were stopped: 0.0001379 seconds, Stopping threads took: 0.0000721 seconds
[1982.222s][info ][safepoint    ] Application time: 2.6565472 seconds
[1982.222s][info ][safepoint    ] Entering safepoint region: GenCollectForAllocation
[1982.222s][info ][gc,start     ] GC(653) Pause Young (Allocation Failure)
[1982.222s][info ][gc,task      ] GC(653) Using 4 workers of 4 for evacuation
[1982.226s][debug][gc,ref       ] GC(653) Skipped phase1 of Reference Processing due to unavailable references
[1982.226s][debug][gc,ref       ] GC(653) Skipped phase2 of Reference Processing due to unavailable references
[1982.226s][debug][gc,ref       ] GC(653) Skipped phase3 of Reference Processing due to unavailable references
[1982.226s][debug][gc,ref       ] GC(653) Skipped phase4 of Reference Processing due to unavailable references
[1982.226s][debug][gc,age       ] GC(653) Desired survivor size 15368192 bytes, new threshold 6 (max threshold 6)
[1982.226s][info ][gc,heap      ] GC(653) ParNew: 246778K->5954K(270336K)
[1982.226s][info ][gc,heap      ] GC(653) CMS: 329655K->330040K(600768K)
[1982.226s][info ][gc,metaspace ] GC(653) Metaspace: 57584K->57584K(1101824K)
[1982.226s][info ][gc           ] GC(653) Pause Young (Allocation Failure) 562M->328M(850M) 4.112ms
[1982.226s][info ][gc,cpu       ] GC(653) User=0.01s Sys=0.00s Real=0.01s
[1982.227s][info ][safepoint    ] Leaving safepoint region
[1982.227s][info ][safepoint    ] Total time for which application threads were stopped: 0.0042514 seconds, Stopping threads took: 0.0000147 seconds
[1984.227s][info ][safepoint    ] Application time: 2.0001864 seconds
[1984.227s][info ][safepoint    ] Entering safepoint region: Cleanup
[1984.227s][info ][safepoint    ] Leaving safepoint region
[1984.227s][info ][safepoint    ] Total time for which application threads were stopped: 0.0000736 seconds, Stopping threads took: 0.0000151 seconds
[1985.773s][info ][safepoint    ] Application time: 1.5457386 seconds
[1985.773s][info ][safepoint    ] Entering safepoint region: GenCollectForAllocation
[1985.773s][info ][gc,start     ] GC(654) Pause Young (Allocation Failure)
[1985.773s][info ][gc,task      ] GC(654) Using 4 workers of 4 for evacuation
[1985.778s][debug][gc,ref       ] GC(654) Skipped phase1 of Reference Processing due to unavailable references
[1985.778s][debug][gc,ref       ] GC(654) Skipped phase2 of Reference Processing due to unavailable references
[1985.778s][debug][gc,ref       ] GC(654) Skipped phase3 of Reference Processing due to unavailable references
[1985.778s][debug][gc,ref       ] GC(654) Skipped phase4 of Reference Processing due to unavailable references
[1985.778s][debug][gc,age       ] GC(654) Desired survivor size 15368192 bytes, new threshold 6 (max threshold 6)
[1985.778s][info ][gc,heap      ] GC(654) ParNew: 246274K->5755K(270336K)
[1985.778s][info ][gc,heap      ] GC(654) CMS: 330040K->330432K(600768K)
[1985.778s][info ][gc,metaspace ] GC(654) Metaspace: 57584K->57584K(1101824K)
[1985.778s][info ][gc           ] GC(654) Pause Young (Allocation Failure) 562M->328M(850M) 5.106ms
[1985.778s][info ][gc,cpu       ] GC(654) User=0.02s Sys=0.01s Real=0.01s
[1985.778s][info ][safepoint    ] Leaving safepoint region
[1985.778s][info ][safepoint    ] Total time for which application threads were stopped: 0.0052712 seconds, Stopping threads took: 0.0000159 seconds
[1989.274s][info ][safepoint    ] Application time: 3.4956458 seconds
[1989.274s][info ][safepoint    ] Entering safepoint region: GenCollectForAllocation
[1989.274s][info ][gc,start     ] GC(655) Pause Young (Allocation Failure)
[1989.274s][info ][gc,task      ] GC(655) Using 4 workers of 4 for evacuation
[1989.280s][debug][gc,ref       ] GC(655) Skipped phase1 of Reference Processing due to unavailable references
[1989.280s][debug][gc,ref       ] GC(655) Skipped phase2 of Reference Processing due to unavailable references
[1989.280s][debug][gc,ref       ] GC(655) Skipped phase3 of Reference Processing due to unavailable references
[1989.280s][debug][gc,ref       ] GC(655) Skipped phase4 of Reference Processing due to unavailable references
[1989.281s][debug][gc,age       ] GC(655) Desired survivor size 15368192 bytes, new threshold 6 (max threshold 6)
[1989.281s][info ][gc,heap      ] GC(655) ParNew: 246075K->6784K(270336K)
[1989.281s][info ][gc,heap      ] GC(655) CMS: 330432K->330559K(600768K)
[1989.281s][info ][gc,metaspace ] GC(655) Metaspace: 57584K->57584K(1101824K)
[1989.281s][info ][gc           ] GC(655) Pause Young (Allocation Failure) 562M->329M(850M) 6.993ms
[1989.281s][info ][gc,cpu       ] GC(655) User=0.01s Sys=0.00s Real=0.01s
[1989.281s][info ][safepoint    ] Leaving safepoint region
[1989.281s][info ][safepoint    ] Total time for which application threads were stopped: 0.0071690 seconds, Stopping threads took: 0.0000276 seconds
[1992.872s][info ][safepoint    ] Application time: 3.5912833 seconds
[1992.872s][info ][safepoint    ] Entering safepoint region: GenCollectForAllocation
[1992.872s][info ][gc,start     ] GC(656) Pause Young (Allocation Failure)
[1992.872s][info ][gc,task      ] GC(656) Using 4 workers of 4 for evacuation
[1992.876s][debug][gc,ref       ] GC(656) Skipped phase1 of Reference Processing due to unavailable references
[1992.876s][debug][gc,ref       ] GC(656) Skipped phase2 of Reference Processing due to unavailable references
[1992.876s][debug][gc,ref       ] GC(656) Skipped phase3 of Reference Processing due to unavailable references
[1992.876s][debug][gc,ref       ] GC(656) Skipped phase4 of Reference Processing due to unavailable references
[1992.876s][debug][gc,age       ] GC(656) Desired survivor size 15368192 bytes, new threshold 6 (max threshold 6)
[1992.876s][info ][gc,heap      ] GC(656) ParNew: 247104K->6793K(270336K)
[1992.876s][info ][gc,heap      ] GC(656) CMS: 330559K->330904K(600768K)
[1992.876s][info ][gc,metaspace ] GC(656) Metaspace: 57584K->57584K(1101824K)
[1992.876s][info ][gc           ] GC(656) Pause Young (Allocation Failure) 564M->329M(850M) 4.029ms
[1992.876s][info ][gc,cpu       ] GC(656) User=0.02s Sys=0.00s Real=0.01s
[1992.876s][info ][safepoint    ] Leaving safepoint region
[1992.876s][info ][safepoint    ] Total time for which application threads were stopped: 0.0042643 seconds, Stopping threads took: 0.0000151 seconds
[1995.877s][info ][safepoint    ] Application time: 3.0002453 seconds
[1995.877s][info ][safepoint    ] Entering safepoint region: Cleanup
[1995.877s][info ][safepoint    ] Leaving safepoint region
[1995.877s][info ][safepoint    ] Total time for which application threads were stopped: 0.0000930 seconds, Stopping threads took: 0.0000323 seconds
[1996.515s][info ][safepoint    ] Application time: 0.6385406 seconds
[1996.515s][info ][safepoint    ] Entering safepoint region: GenCollectForAllocation
[1996.515s][info ][gc,start     ] GC(657) Pause Young (Allocation Failure)
[1996.515s][info ][gc,task      ] GC(657) Using 4 workers of 4 for evacuation
[1996.521s][debug][gc,ref       ] GC(657) Skipped phase1 of Reference Processing due to unavailable references
[1996.521s][debug][gc,ref       ] GC(657) Skipped phase2 of Reference Processing due to unavailable references
[1996.521s][debug][gc,ref       ] GC(657) Skipped phase3 of Reference Processing due to unavailable references
[1996.521s][debug][gc,ref       ] GC(657) Skipped phase4 of Reference Processing due to unavailable references
[1996.521s][debug][gc,age       ] GC(657) Desired survivor size 15368192 bytes, new threshold 6 (max threshold 6)
[1996.521s][info ][gc,heap      ] GC(657) ParNew: 247113K->4338K(270336K)
[1996.521s][info ][gc,heap      ] GC(657) CMS: 330904K->333919K(600768K)
[1996.521s][info ][gc,metaspace ] GC(657) Metaspace: 57584K->57584K(1101824K)
[1996.521s][info ][gc           ] GC(657) Pause Young (Allocation Failure) 564M->330M(850M) 5.996ms
[1996.521s][info ][gc,cpu       ] GC(657) User=0.01s Sys=0.01s Real=0.00s
[1996.521s][info ][safepoint    ] Leaving safepoint region
[1996.521s][info ][safepoint    ] Total time for which application threads were stopped: 0.0062111 seconds, Stopping threads took: 0.0000529 seconds
[2000.120s][info ][safepoint    ] Application time: 3.5986763 seconds
[2000.120s][info ][safepoint    ] Entering safepoint region: GenCollectForAllocation
[2000.120s][info ][gc,start     ] GC(658) Pause Young (Allocation Failure)
[2000.120s][info ][gc,task      ] GC(658) Using 4 workers of 4 for evacuation
[2000.123s][debug][gc,ref       ] GC(658) Skipped phase1 of Reference Processing due to unavailable references
[2000.123s][debug][gc,ref       ] GC(658) Skipped phase2 of Reference Processing due to unavailable references
[2000.123s][debug][gc,ref       ] GC(658) Skipped phase3 of Reference Processing due to unavailable references
[2000.123s][debug][gc,ref       ] GC(658) Skipped phase4 of Reference Processing due to unavailable references
[2000.123s][debug][gc,age       ] GC(658) Desired survivor size 15368192 bytes, new threshold 6 (max threshold 6)
[2000.123s][info ][gc,heap      ] GC(658) ParNew: 244658K->2063K(270336K)
[2000.123s][info ][gc,heap      ] GC(658) CMS: 333919K->333926K(600768K)
[2000.123s][info ][gc,metaspace ] GC(658) Metaspace: 57584K->57584K(1101824K)
[2000.123s][info ][gc           ] GC(658) Pause Young (Allocation Failure) 565M->328M(850M) 2.840ms
[2000.123s][info ][gc,cpu       ] GC(658) User=0.01s Sys=0.00s Real=0.00s
[2000.123s][info ][safepoint    ] Leaving safepoint region
[2000.123s][info ][safepoint    ] Total time for which application threads were stopped: 0.0029994 seconds, Stopping threads took: 0.0000149 seconds
[2003.574s][info ][safepoint    ] Application time: 3.4508167 seconds
[2003.574s][info ][safepoint    ] Entering safepoint region: GenCollectForAllocation
[2003.574s][info ][gc,start     ] GC(659) Pause Young (Allocation Failure)
[2003.574s][info ][gc,task      ] GC(659) Using 4 workers of 4 for evacuation
[2003.577s][debug][gc,ref       ] GC(659) Skipped phase1 of Reference Processing due to unavailable references
[2003.577s][debug][gc,ref       ] GC(659) Skipped phase2 of Reference Processing due to unavailable references
[2003.577s][debug][gc,ref       ] GC(659) Skipped phase3 of Reference Processing due to unavailable references
[2003.577s][debug][gc,ref       ] GC(659) Skipped phase4 of Reference Processing due to unavailable references
[2003.577s][debug][gc,age       ] GC(659) Desired survivor size 15368192 bytes, new threshold 6 (max threshold 6)
[2003.577s][info ][gc,heap      ] GC(659) ParNew: 242383K->2411K(270336K)
[2003.577s][info ][gc,heap      ] GC(659) CMS: 333926K->333943K(600768K)
[2003.577s][info ][gc,metaspace ] GC(659) Metaspace: 57584K->57584K(1101824K)
[2003.577s][info ][gc           ] GC(659) Pause Young (Allocation Failure) 562M->328M(850M) 2.871ms
[2003.577s][info ][gc,cpu       ] GC(659) User=0.01s Sys=0.00s Real=0.00s
[2003.577s][info ][safepoint    ] Leaving safepoint region
[2003.577s][info ][safepoint    ] Total time for which application threads were stopped: 0.0030912 seconds, Stopping threads took: 0.0000181 seconds
[2007.072s][info ][safepoint    ] Application time: 3.4953283 seconds
[2007.073s][info ][safepoint    ] Entering safepoint region: GenCollectForAllocation
[2007.073s][info ][gc,start     ] GC(660) Pause Young (Allocation Failure)
[2007.073s][info ][gc,task      ] GC(660) Using 4 workers of 4 for evacuation
[2007.076s][debug][gc,ref       ] GC(660) Skipped phase1 of Reference Processing due to unavailable references
[2007.076s][debug][gc,ref       ] GC(660) Skipped phase2 of Reference Processing due to unavailable references
[2007.076s][debug][gc,ref       ] GC(660) Skipped phase3 of Reference Processing due to unavailable references
[2007.076s][debug][gc,ref       ] GC(660) Skipped phase4 of Reference Processing due to unavailable references
[2007.076s][debug][gc,age       ] GC(660) Desired survivor size 15368192 bytes, new threshold 6 (max threshold 6)
[2007.076s][info ][gc,heap      ] GC(660) ParNew: 242731K->1677K(270336K)
[2007.076s][info ][gc,heap      ] GC(660) CMS: 333943K->334831K(600768K)
[2007.076s][info ][gc,metaspace ] GC(660) Metaspace: 57584K->57584K(1101824K)
[2007.076s][info ][gc           ] GC(660) Pause Young (Allocation Failure) 563M->328M(850M) 3.740ms
[2007.076s][info ][gc,cpu       ] GC(660) User=0.00s Sys=0.01s Real=0.01s
[2007.076s][info ][safepoint    ] Leaving safepoint region
[2007.076s][info ][safepoint    ] Total time for which application threads were stopped: 0.0038959 seconds, Stopping threads took: 0.0000157 seconds
[2010.617s][info ][safepoint    ] Application time: 3.5402553 seconds
[2010.617s][info ][safepoint    ] Entering safepoint region: GenCollectForAllocation
[2010.617s][info ][gc,start     ] GC(661) Pause Young (Allocation Failure)
[2010.617s][info ][gc,task      ] GC(661) Using 4 workers of 4 for evacuation
[2010.619s][debug][gc,ref       ] GC(661) Skipped phase1 of Reference Processing due to unavailable references
[2010.619s][debug][gc,ref       ] GC(661) Skipped phase2 of Reference Processing due to unavailable references
[2010.619s][debug][gc,ref       ] GC(661) Skipped phase3 of Reference Processing due to unavailable references
[2010.619s][debug][gc,ref       ] GC(661) Skipped phase4 of Reference Processing due to unavailable references
[2010.619s][debug][gc,age       ] GC(661) Desired survivor size 15368192 bytes, new threshold 6 (max threshold 6)
[2010.619s][info ][gc,heap      ] GC(661) ParNew: 241997K->1523K(270336K)
[2010.619s][info ][gc,heap      ] GC(661) CMS: 334831K->334954K(600768K)
[2010.619s][info ][gc,metaspace ] GC(661) Metaspace: 57584K->57584K(1101824K)
[2010.619s][info ][gc           ] GC(661) Pause Young (Allocation Failure) 563M->328M(850M) 2.675ms
[2010.619s][info ][gc,cpu       ] GC(661) User=0.00s Sys=0.01s Real=0.00s
[2010.620s][info ][safepoint    ] Leaving safepoint region
[2010.620s][info ][safepoint    ] Total time for which application threads were stopped: 0.0028243 seconds, Stopping threads took: 0.0000143 seconds
[2014.019s][info ][safepoint    ] Application time: 3.3993603 seconds
[2014.019s][info ][safepoint    ] Entering safepoint region: GenCollectForAllocation
[2014.019s][info ][gc,start     ] GC(662) Pause Young (Allocation Failure)
[2014.019s][info ][gc,task      ] GC(662) Using 4 workers of 4 for evacuation
[2014.021s][debug][gc,ref       ] GC(662) Skipped phase1 of Reference Processing due to unavailable references
[2014.022s][debug][gc,ref       ] GC(662) Skipped phase2 of Reference Processing due to unavailable references
[2014.022s][debug][gc,ref       ] GC(662) Skipped phase3 of Reference Processing due to unavailable references
[2014.022s][debug][gc,ref       ] GC(662) Skipped phase4 of Reference Processing due to unavailable references
[2014.022s][debug][gc,age       ] GC(662) Desired survivor size 15368192 bytes, new threshold 6 (max threshold 6)
[2014.022s][info ][gc,heap      ] GC(662) ParNew: 241843K->1939K(270336K)
[2014.022s][info ][gc,heap      ] GC(662) CMS: 334954K->335021K(600768K)
[2014.022s][info ][gc,metaspace ] GC(662) Metaspace: 57584K->57584K(1101824K)
[2014.022s][info ][gc           ] GC(662) Pause Young (Allocation Failure) 563M->329M(850M) 2.666ms
[2014.022s][info ][gc,cpu       ] GC(662) User=0.01s Sys=0.00s Real=0.00s
[2014.022s][info ][safepoint    ] Leaving safepoint region
[2014.022s][info ][safepoint    ] Total time for which application threads were stopped: 0.0028108 seconds, Stopping threads took: 0.0000272 seconds
[2017.569s][info ][safepoint    ] Application time: 3.5472719 seconds
[2017.569s][info ][safepoint    ] Entering safepoint region: GenCollectForAllocation
[2017.569s][info ][gc,start     ] GC(663) Pause Young (Allocation Failure)
[2017.569s][info ][gc,task      ] GC(663) Using 4 workers of 4 for evacuation
[2017.572s][debug][gc,ref       ] GC(663) Skipped phase1 of Reference Processing due to unavailable references
[2017.572s][debug][gc,ref       ] GC(663) Skipped phase2 of Reference Processing due to unavailable references
[2017.572s][debug][gc,ref       ] GC(663) Skipped phase3 of Reference Processing due to unavailable references
[2017.572s][debug][gc,ref       ] GC(663) Skipped phase4 of Reference Processing due to unavailable references
[2017.572s][debug][gc,age       ] GC(663) Desired survivor size 15368192 bytes, new threshold 6 (max threshold 6)
[2017.572s][info ][gc,heap      ] GC(663) ParNew: 242259K->1960K(270336K)
[2017.572s][info ][gc,heap      ] GC(663) CMS: 335021K->335145K(600768K)
[2017.572s][info ][gc,metaspace ] GC(663) Metaspace: 57584K->57584K(1101824K)
[2017.572s][info ][gc           ] GC(663) Pause Young (Allocation Failure) 563M->329M(850M) 2.750ms
[2017.572s][info ][gc,cpu       ] GC(663) User=0.01s Sys=0.00s Real=0.00s
[2017.572s][info ][safepoint    ] Leaving safepoint region
[2017.572s][info ][safepoint    ] Total time for which application threads were stopped: 0.0029306 seconds, Stopping threads took: 0.0000443 seconds
[2021.117s][info ][safepoint    ] Application time: 3.5445506 seconds
[2021.117s][info ][safepoint    ] Entering safepoint region: GenCollectForAllocation
[2021.117s][info ][gc,start     ] GC(664) Pause Young (Allocation Failure)
[2021.117s][info ][gc,task      ] GC(664) Using 4 workers of 4 for evacuation
[2021.119s][debug][gc,ref       ] GC(664) Skipped phase1 of Reference Processing due to unavailable references
[2021.119s][debug][gc,ref       ] GC(664) Skipped phase2 of Reference Processing due to unavailable references
[2021.119s][debug][gc,ref       ] GC(664) Skipped phase3 of Reference Processing due to unavailable references
[2021.119s][debug][gc,ref       ] GC(664) Skipped phase4 of Reference Processing due to unavailable references
[2021.120s][debug][gc,age       ] GC(664) Desired survivor size 15368192 bytes, new threshold 6 (max threshold 6)
[2021.120s][info ][gc,heap      ] GC(664) ParNew: 242280K->1703K(270336K)
[2021.120s][info ][gc,heap      ] GC(664) CMS: 335145K->335305K(600768K)
[2021.120s][info ][gc,metaspace ] GC(664) Metaspace: 57584K->57584K(1101824K)
[2021.120s][info ][gc           ] GC(664) Pause Young (Allocation Failure) 563M->329M(850M) 2.931ms
[2021.120s][info ][gc,cpu       ] GC(664) User=0.01s Sys=0.00s Real=0.00s
[2021.120s][info ][safepoint    ] Leaving safepoint region
[2021.120s][info ][safepoint    ] Total time for which application threads were stopped: 0.0031147 seconds, Stopping threads took: 0.0000143 seconds
[2024.621s][info ][safepoint    ] Application time: 3.5009429 seconds
[2024.621s][info ][safepoint    ] Entering safepoint region: GenCollectForAllocation
[2024.621s][info ][gc,start     ] GC(665) Pause Young (Allocation Failure)
[2024.621s][info ][gc,task      ] GC(665) Using 4 workers of 4 for evacuation
[2024.624s][debug][gc,ref       ] GC(665) Skipped phase1 of Reference Processing due to unavailable references
[2024.624s][debug][gc,ref       ] GC(665) Skipped phase2 of Reference Processing due to unavailable references
[2024.624s][debug][gc,ref       ] GC(665) Skipped phase3 of Reference Processing due to unavailable references
[2024.624s][debug][gc,ref       ] GC(665) Skipped phase4 of Reference Processing due to unavailable references
[2024.624s][debug][gc,age       ] GC(665) Desired survivor size 15368192 bytes, new threshold 6 (max threshold 6)
[2024.624s][info ][gc,heap      ] GC(665) ParNew: 242023K->1648K(270336K)
[2024.624s][info ][gc,heap      ] GC(665) CMS: 335305K->335490K(600768K)
[2024.624s][info ][gc,metaspace ] GC(665) Metaspace: 57584K->57584K(1101824K)
[2024.624s][info ][gc           ] GC(665) Pause Young (Allocation Failure) 563M->329M(850M) 3.139ms
[2024.624s][info ][gc,cpu       ] GC(665) User=0.02s Sys=0.00s Real=0.00s
[2024.624s][info ][safepoint    ] Leaving safepoint region
[2024.624s][info ][safepoint    ] Total time for which application threads were stopped: 0.0032852 seconds, Stopping threads took: 0.0000145 seconds
[2028.124s][info ][safepoint    ] Application time: 3.5003056 seconds
[2028.124s][info ][safepoint    ] Entering safepoint region: GenCollectForAllocation
[2028.124s][info ][gc,start     ] GC(666) Pause Young (Allocation Failure)
[2028.124s][info ][gc,task      ] GC(666) Using 4 workers of 4 for evacuation
[2028.127s][debug][gc,ref       ] GC(666) Skipped phase1 of Reference Processing due to unavailable references
[2028.127s][debug][gc,ref       ] GC(666) Skipped phase2 of Reference Processing due to unavailable references
[2028.127s][debug][gc,ref       ] GC(666) Skipped phase3 of Reference Processing due to unavailable references
[2028.127s][debug][gc,ref       ] GC(666) Skipped phase4 of Reference Processing due to unavailable references
[2028.127s][debug][gc,age       ] GC(666) Desired survivor size 15368192 bytes, new threshold 6 (max threshold 6)
[2028.127s][info ][gc,heap      ] GC(666) ParNew: 241968K->1682K(270336K)
[2028.127s][info ][gc,heap      ] GC(666) CMS: 335490K->335583K(600768K)
[2028.127s][info ][gc,metaspace ] GC(666) Metaspace: 57584K->57584K(1101824K)
[2028.127s][info ][gc           ] GC(666) Pause Young (Allocation Failure) 563M->329M(850M) 3.088ms
[2028.128s][info ][gc,cpu       ] GC(666) User=0.01s Sys=0.00s Real=0.01s
[2028.128s][info ][safepoint    ] Leaving safepoint region
[2028.128s][info ][safepoint    ] Total time for which application threads were stopped: 0.0032464 seconds, Stopping threads took: 0.0000168 seconds
[2031.572s][info ][safepoint    ] Application time: 3.4448316 seconds
[2031.572s][info ][safepoint    ] Entering safepoint region: GenCollectForAllocation
[2031.573s][info ][gc,start     ] GC(667) Pause Young (Allocation Failure)
[2031.573s][info ][gc,task      ] GC(667) Using 4 workers of 4 for evacuation
[2031.575s][debug][gc,ref       ] GC(667) Skipped phase1 of Reference Processing due to unavailable references
[2031.575s][debug][gc,ref       ] GC(667) Skipped phase2 of Reference Processing due to unavailable references
[2031.575s][debug][gc,ref       ] GC(667) Skipped phase3 of Reference Processing due to unavailable references
[2031.575s][debug][gc,ref       ] GC(667) Skipped phase4 of Reference Processing due to unavailable references
[2031.576s][debug][gc,age       ] GC(667) Desired survivor size 15368192 bytes, new threshold 6 (max threshold 6)
[2031.576s][info ][gc,heap      ] GC(667) ParNew: 242002K->1517K(270336K)
[2031.576s][info ][gc,heap      ] GC(667) CMS: 335583K->335802K(600768K)
[2031.576s][info ][gc,metaspace ] GC(667) Metaspace: 57584K->57584K(1101824K)
[2031.576s][info ][gc           ] GC(667) Pause Young (Allocation Failure) 564M->329M(850M) 3.129ms
[2031.576s][info ][gc,cpu       ] GC(667) User=0.01s Sys=0.00s Real=0.01s
[2031.576s][info ][safepoint    ] Leaving safepoint region
[2031.576s][info ][safepoint    ] Total time for which application threads were stopped: 0.0033594 seconds, Stopping threads took: 0.0000156 seconds
[2035.021s][info ][safepoint    ] Application time: 3.4453255 seconds
[2035.021s][info ][safepoint    ] Entering safepoint region: GenCollectForAllocation
[2035.021s][info ][gc,start     ] GC(668) Pause Young (Allocation Failure)
[2035.021s][info ][gc,task      ] GC(668) Using 4 workers of 4 for evacuation
[2035.025s][debug][gc,ref       ] GC(668) Skipped phase1 of Reference Processing due to unavailable references
[2035.025s][debug][gc,ref       ] GC(668) Skipped phase2 of Reference Processing due to unavailable references
[2035.025s][debug][gc,ref       ] GC(668) Skipped phase3 of Reference Processing due to unavailable references
[2035.025s][debug][gc,ref       ] GC(668) Skipped phase4 of Reference Processing due to unavailable references
[2035.025s][debug][gc,age       ] GC(668) Desired survivor size 15368192 bytes, new threshold 6 (max threshold 6)
[2035.025s][info ][gc,heap      ] GC(668) ParNew: 241837K->1374K(270336K)
[2035.025s][info ][gc,heap      ] GC(668) CMS: 335802K->336407K(600768K)
[2035.025s][info ][gc,metaspace ] GC(668) Metaspace: 57584K->57584K(1101824K)
[2035.025s][info ][gc           ] GC(668) Pause Young (Allocation Failure) 564M->329M(850M) 3.485ms
[2035.025s][info ][gc,cpu       ] GC(668) User=0.01s Sys=0.00s Real=0.00s
[2035.025s][info ][safepoint    ] Leaving safepoint region
[2035.025s][info ][safepoint    ] Total time for which application threads were stopped: 0.0036436 seconds, Stopping threads took: 0.0000155 seconds
[2038.467s][info ][safepoint    ] Application time: 3.4426355 seconds
[2038.467s][info ][safepoint    ] Entering safepoint region: GenCollectForAllocation
[2038.468s][info ][gc,start     ] GC(669) Pause Young (Allocation Failure)
[2038.468s][info ][gc,task      ] GC(669) Using 4 workers of 4 for evacuation
[2038.470s][debug][gc,ref       ] GC(669) Skipped phase1 of Reference Processing due to unavailable references
[2038.470s][debug][gc,ref       ] GC(669) Skipped phase2 of Reference Processing due to unavailable references
[2038.470s][debug][gc,ref       ] GC(669) Skipped phase3 of Reference Processing due to unavailable references
[2038.470s][debug][gc,ref       ] GC(669) Skipped phase4 of Reference Processing due to unavailable references
[2038.470s][debug][gc,age       ] GC(669) Desired survivor size 15368192 bytes, new threshold 6 (max threshold 6)
[2038.470s][info ][gc,heap      ] GC(669) ParNew: 241694K->1255K(270336K)
[2038.470s][info ][gc,heap      ] GC(669) CMS: 336407K->336437K(600768K)
[2038.470s][info ][gc,metaspace ] GC(669) Metaspace: 57586K->57586K(1101824K)
[2038.470s][info ][gc           ] GC(669) Pause Young (Allocation Failure) 564M->329M(850M) 2.902ms
[2038.470s][info ][gc,cpu       ] GC(669) User=0.01s Sys=0.00s Real=0.00s
[2038.470s][info ][safepoint    ] Leaving safepoint region
[2038.470s][info ][safepoint    ] Total time for which application threads were stopped: 0.0030448 seconds, Stopping threads took: 0.0000143 seconds
[2041.865s][info ][safepoint    ] Application time: 3.3946791 seconds
[2041.865s][info ][safepoint    ] Entering safepoint region: GenCollectForAllocation
[2041.865s][info ][gc,start     ] GC(670) Pause Young (Allocation Failure)
[2041.865s][info ][gc,task      ] GC(670) Using 4 workers of 4 for evacuation
[2041.868s][debug][gc,ref       ] GC(670) Skipped phase1 of Reference Processing due to unavailable references
[2041.868s][debug][gc,ref       ] GC(670) Skipped phase2 of Reference Processing due to unavailable references
[2041.868s][debug][gc,ref       ] GC(670) Skipped phase3 of Reference Processing due to unavailable references
[2041.868s][debug][gc,ref       ] GC(670) Skipped phase4 of Reference Processing due to unavailable references
[2041.868s][debug][gc,age       ] GC(670) Desired survivor size 15368192 bytes, new threshold 6 (max threshold 6)
[2041.868s][info ][gc,heap      ] GC(670) ParNew: 241575K->1366K(270336K)
[2041.868s][info ][gc,heap      ] GC(670) CMS: 336437K->336543K(600768K)
[2041.868s][info ][gc,metaspace ] GC(670) Metaspace: 57586K->57586K(1101824K)
[2041.868s][info ][gc           ] GC(670) Pause Young (Allocation Failure) 564M->329M(850M) 2.792ms
[2041.868s][info ][gc,cpu       ] GC(670) User=0.01s Sys=0.00s Real=0.01s
[2041.868s][info ][safepoint    ] Leaving safepoint region
[2041.868s][info ][safepoint    ] Total time for which application threads were stopped: 0.0029740 seconds, Stopping threads took: 0.0000461 seconds
[2044.869s][info ][safepoint    ] Application time: 3.0004728 seconds
[2044.869s][info ][safepoint    ] Entering safepoint region: Cleanup
[2044.869s][info ][safepoint    ] Leaving safepoint region
[2044.869s][info ][safepoint    ] Total time for which application threads were stopped: 0.0001383 seconds, Stopping threads took: 0.0000658 seconds
[2045.422s][info ][safepoint    ] Application time: 0.5532103 seconds
[2045.422s][info ][safepoint    ] Entering safepoint region: GenCollectForAllocation
[2045.422s][info ][gc,start     ] GC(671) Pause Young (Allocation Failure)
[2045.422s][info ][gc,task      ] GC(671) Using 4 workers of 4 for evacuation
[2045.425s][debug][gc,ref       ] GC(671) Skipped phase1 of Reference Processing due to unavailable references
[2045.425s][debug][gc,ref       ] GC(671) Skipped phase2 of Reference Processing due to unavailable references
[2045.425s][debug][gc,ref       ] GC(671) Skipped phase3 of Reference Processing due to unavailable references
[2045.425s][debug][gc,ref       ] GC(671) Skipped phase4 of Reference Processing due to unavailable references
[2045.425s][debug][gc,age       ] GC(671) Desired survivor size 15368192 bytes, new threshold 6 (max threshold 6)
[2045.425s][info ][gc,heap      ] GC(671) ParNew: 241686K->1414K(270336K)
[2045.425s][info ][gc,heap      ] GC(671) CMS: 336543K->336634K(600768K)
[2045.425s][info ][gc,metaspace ] GC(671) Metaspace: 57586K->57586K(1101824K)
[2045.425s][info ][gc           ] GC(671) Pause Young (Allocation Failure) 564M->330M(850M) 2.664ms
[2045.425s][info ][gc,cpu       ] GC(671) User=0.01s Sys=0.00s Real=0.00s
[2045.425s][info ][safepoint    ] Leaving safepoint region
[2045.425s][info ][safepoint    ] Total time for which application threads were stopped: 0.0028108 seconds, Stopping threads took: 0.0000144 seconds
[2049.022s][info ][safepoint    ] Application time: 3.5971067 seconds
[2049.022s][info ][safepoint    ] Entering safepoint region: GenCollectForAllocation
[2049.022s][info ][gc,start     ] GC(672) Pause Young (Allocation Failure)
[2049.022s][info ][gc,task      ] GC(672) Using 4 workers of 4 for evacuation
[2049.025s][debug][gc,ref       ] GC(672) Skipped phase1 of Reference Processing due to unavailable references
[2049.025s][debug][gc,ref       ] GC(672) Skipped phase2 of Reference Processing due to unavailable references
[2049.025s][debug][gc,ref       ] GC(672) Skipped phase3 of Reference Processing due to unavailable references
[2049.025s][debug][gc,ref       ] GC(672) Skipped phase4 of Reference Processing due to unavailable references
[2049.025s][debug][gc,age       ] GC(672) Desired survivor size 15368192 bytes, new threshold 6 (max threshold 6)
[2049.025s][info ][gc,heap      ] GC(672) ParNew: 241734K->1753K(270336K)
[2049.025s][info ][gc,heap      ] GC(672) CMS: 336634K->336637K(600768K)
[2049.025s][info ][gc,metaspace ] GC(672) Metaspace: 57586K->57586K(1101824K)
[2049.025s][info ][gc           ] GC(672) Pause Young (Allocation Failure) 564M->330M(850M) 2.711ms
[2049.025s][info ][gc,cpu       ] GC(672) User=0.01s Sys=0.00s Real=0.00s
[2049.025s][info ][safepoint    ] Leaving safepoint region
[2049.025s][info ][safepoint    ] Total time for which application threads were stopped: 0.0028666 seconds, Stopping threads took: 0.0000271 seconds
[2052.570s][info ][safepoint    ] Application time: 3.5446193 seconds
[2052.570s][info ][safepoint    ] Entering safepoint region: GenCollectForAllocation
[2052.570s][info ][gc,start     ] GC(673) Pause Young (Allocation Failure)
[2052.570s][info ][gc,task      ] GC(673) Using 4 workers of 4 for evacuation
[2052.573s][debug][gc,ref       ] GC(673) Skipped phase1 of Reference Processing due to unavailable references
[2052.573s][debug][gc,ref       ] GC(673) Skipped phase2 of Reference Processing due to unavailable references
[2052.573s][debug][gc,ref       ] GC(673) Skipped phase3 of Reference Processing due to unavailable references
[2052.573s][debug][gc,ref       ] GC(673) Skipped phase4 of Reference Processing due to unavailable references
[2052.573s][debug][gc,age       ] GC(673) Desired survivor size 15368192 bytes, new threshold 6 (max threshold 6)
[2052.573s][info ][gc,heap      ] GC(673) ParNew: 242073K->1333K(270336K)
[2052.573s][info ][gc,heap      ] GC(673) CMS: 336637K->336825K(600768K)
[2052.573s][info ][gc,metaspace ] GC(673) Metaspace: 57586K->57586K(1101824K)
[2052.573s][info ][gc           ] GC(673) Pause Young (Allocation Failure) 565M->330M(850M) 3.230ms
[2052.573s][info ][gc,cpu       ] GC(673) User=0.01s Sys=0.01s Real=0.00s
[2052.573s][info ][safepoint    ] Leaving safepoint region
[2052.573s][info ][safepoint    ] Total time for which application threads were stopped: 0.0034251 seconds, Stopping threads took: 0.0000603 seconds
[2054.573s][info ][safepoint    ] Application time: 2.0001969 seconds
[2054.573s][info ][safepoint    ] Entering safepoint region: Cleanup
[2054.573s][info ][safepoint    ] Leaving safepoint region
[2054.573s][info ][safepoint    ] Total time for which application threads were stopped: 0.0001536 seconds, Stopping threads took: 0.0000822 seconds
[2056.216s][info ][safepoint    ] Application time: 1.6424662 seconds
[2056.216s][info ][safepoint    ] Entering safepoint region: GenCollectForAllocation
[2056.216s][info ][gc,start     ] GC(674) Pause Young (Allocation Failure)
[2056.216s][info ][gc,task      ] GC(674) Using 4 workers of 4 for evacuation
[2056.219s][debug][gc,ref       ] GC(674) Skipped phase1 of Reference Processing due to unavailable references
[2056.219s][debug][gc,ref       ] GC(674) Skipped phase2 of Reference Processing due to unavailable references
[2056.219s][debug][gc,ref       ] GC(674) Skipped phase3 of Reference Processing due to unavailable references
[2056.219s][debug][gc,ref       ] GC(674) Skipped phase4 of Reference Processing due to unavailable references
[2056.219s][debug][gc,age       ] GC(674) Desired survivor size 15368192 bytes, new threshold 6 (max threshold 6)
[2056.219s][info ][gc,heap      ] GC(674) ParNew: 241653K->1297K(270336K)
[2056.219s][info ][gc,heap      ] GC(674) CMS: 336825K->337022K(600768K)
[2056.219s][info ][gc,metaspace ] GC(674) Metaspace: 57587K->57587K(1101824K)
[2056.219s][info ][gc           ] GC(674) Pause Young (Allocation Failure) 564M->330M(850M) 3.043ms
[2056.219s][info ][gc,cpu       ] GC(674) User=0.01s Sys=0.00s Real=0.00s
[2056.219s][info ][safepoint    ] Leaving safepoint region
[2056.219s][info ][safepoint    ] Total time for which application threads were stopped: 0.0031977 seconds, Stopping threads took: 0.0000150 seconds
[2059.916s][info ][safepoint    ] Application time: 3.6968008 seconds
[2059.916s][info ][safepoint    ] Entering safepoint region: GenCollectForAllocation
[2059.916s][info ][gc,start     ] GC(675) Pause Young (Allocation Failure)
[2059.916s][info ][gc,task      ] GC(675) Using 4 workers of 4 for evacuation
[2059.919s][debug][gc,ref       ] GC(675) Skipped phase1 of Reference Processing due to unavailable references
[2059.919s][debug][gc,ref       ] GC(675) Skipped phase2 of Reference Processing due to unavailable references
[2059.919s][debug][gc,ref       ] GC(675) Skipped phase3 of Reference Processing due to unavailable references
[2059.919s][debug][gc,ref       ] GC(675) Skipped phase4 of Reference Processing due to unavailable references
[2059.919s][debug][gc,age       ] GC(675) Desired survivor size 15368192 bytes, new threshold 6 (max threshold 6)
[2059.919s][info ][gc,heap      ] GC(675) ParNew: 241617K->1194K(270336K)
[2059.919s][info ][gc,heap      ] GC(675) CMS: 337022K->337234K(600768K)
[2059.919s][info ][gc,metaspace ] GC(675) Metaspace: 57587K->57587K(1101824K)
[2059.919s][info ][gc           ] GC(675) Pause Young (Allocation Failure) 565M->330M(850M) 2.845ms
[2059.919s][info ][gc,cpu       ] GC(675) User=0.01s Sys=0.00s Real=0.00s
[2059.919s][info ][safepoint    ] Leaving safepoint region
[2059.919s][info ][safepoint    ] Total time for which application threads were stopped: 0.0029964 seconds, Stopping threads took: 0.0000163 seconds
[2063.465s][info ][safepoint    ] Application time: 3.5463941 seconds
[2063.465s][info ][safepoint    ] Entering safepoint region: GenCollectForAllocation
[2063.466s][info ][gc,start     ] GC(676) Pause Young (Allocation Failure)
[2063.466s][info ][gc,task      ] GC(676) Using 4 workers of 4 for evacuation
[2063.468s][debug][gc,ref       ] GC(676) Skipped phase1 of Reference Processing due to unavailable references
[2063.468s][debug][gc,ref       ] GC(676) Skipped phase3 of Reference Processing due to unavailable references
[2063.468s][debug][gc,age       ] GC(676) Desired survivor size 15368192 bytes, new threshold 6 (max threshold 6)
[2063.468s][info ][gc,heap      ] GC(676) ParNew: 241514K->1408K(270336K)
[2063.468s][info ][gc,heap      ] GC(676) CMS: 337234K->337246K(600768K)
[2063.468s][info ][gc,metaspace ] GC(676) Metaspace: 57603K->57603K(1101824K)
[2063.468s][info ][gc           ] GC(676) Pause Young (Allocation Failure) 565M->330M(850M) 2.984ms
[2063.469s][info ][gc,cpu       ] GC(676) User=0.01s Sys=0.00s Real=0.01s
[2063.469s][info ][safepoint    ] Leaving safepoint region
[2063.469s][info ][safepoint    ] Total time for which application threads were stopped: 0.0031722 seconds, Stopping threads took: 0.0000458 seconds
[2067.016s][info ][safepoint    ] Application time: 3.5474344 seconds
[2067.016s][info ][safepoint    ] Entering safepoint region: GenCollectForAllocation
[2067.016s][info ][gc,start     ] GC(677) Pause Young (Allocation Failure)
[2067.016s][info ][gc,task      ] GC(677) Using 4 workers of 4 for evacuation
[2067.019s][debug][gc,ref       ] GC(677) Skipped phase1 of Reference Processing due to unavailable references
[2067.019s][debug][gc,ref       ] GC(677) Skipped phase3 of Reference Processing due to unavailable references
[2067.019s][debug][gc,age       ] GC(677) Desired survivor size 15368192 bytes, new threshold 6 (max threshold 6)
[2067.019s][info ][gc,heap      ] GC(677) ParNew: 241728K->1256K(270336K)
[2067.019s][info ][gc,heap      ] GC(677) CMS: 337246K->337359K(600768K)
[2067.019s][info ][gc,metaspace ] GC(677) Metaspace: 57609K->57609K(1101824K)
[2067.019s][info ][gc           ] GC(677) Pause Young (Allocation Failure) 565M->330M(850M) 3.051ms
[2067.019s][info ][gc,cpu       ] GC(677) User=0.01s Sys=0.00s Real=0.00s
[2067.019s][info ][safepoint    ] Leaving safepoint region
[2067.019s][info ][safepoint    ] Total time for which application threads were stopped: 0.0032432 seconds, Stopping threads took: 0.0000154 seconds
[2068.019s][info ][safepoint    ] Application time: 1.0001122 seconds
[2068.019s][info ][safepoint    ] Entering safepoint region: Cleanup
[2068.020s][info ][safepoint    ] Leaving safepoint region
[2068.020s][info ][safepoint    ] Total time for which application threads were stopped: 0.0001418 seconds, Stopping threads took: 0.0000593 seconds
[2070.020s][info ][safepoint    ] Application time: 2.0001891 seconds
[2070.020s][info ][safepoint    ] Entering safepoint region: Cleanup
[2070.020s][info ][safepoint    ] Leaving safepoint region
[2070.020s][info ][safepoint    ] Total time for which application threads were stopped: 0.0001289 seconds, Stopping threads took: 0.0000495 seconds
[2070.519s][info ][safepoint    ] Application time: 0.4986807 seconds
[2070.519s][info ][safepoint    ] Entering safepoint region: GenCollectForAllocation
[2070.519s][info ][gc,start     ] GC(678) Pause Young (Allocation Failure)
[2070.519s][info ][gc,task      ] GC(678) Using 4 workers of 4 for evacuation
[2070.522s][debug][gc,ref       ] GC(678) Skipped phase1 of Reference Processing due to unavailable references
[2070.522s][debug][gc,ref       ] GC(678) Skipped phase3 of Reference Processing due to unavailable references
[2070.522s][debug][gc,age       ] GC(678) Desired survivor size 15368192 bytes, new threshold 6 (max threshold 6)
[2070.522s][info ][gc,heap      ] GC(678) ParNew: 241576K->1468K(270336K)
[2070.522s][info ][gc,heap      ] GC(678) CMS: 337359K->337684K(600768K)
[2070.522s][info ][gc,metaspace ] GC(678) Metaspace: 57623K->57623K(1101824K)
[2070.522s][info ][gc           ] GC(678) Pause Young (Allocation Failure) 565M->331M(850M) 3.057ms
[2070.522s][info ][gc,cpu       ] GC(678) User=0.01s Sys=0.00s Real=0.00s
[2070.522s][info ][safepoint    ] Leaving safepoint region
[2070.522s][info ][safepoint    ] Total time for which application threads were stopped: 0.0032221 seconds, Stopping threads took: 0.0000425 seconds
[2071.522s][info ][safepoint    ] Application time: 1.0000776 seconds
[2071.522s][info ][safepoint    ] Entering safepoint region: Cleanup
[2071.522s][info ][safepoint    ] Leaving safepoint region
[2071.522s][info ][safepoint    ] Total time for which application threads were stopped: 0.0001213 seconds, Stopping threads took: 0.0000504 seconds
[2072.522s][info ][safepoint    ] Application time: 1.0000990 seconds
[2072.522s][info ][safepoint    ] Entering safepoint region: Cleanup
[2072.522s][info ][safepoint    ] Leaving safepoint region
[2072.522s][info ][safepoint    ] Total time for which application threads were stopped: 0.0001355 seconds, Stopping threads took: 0.0000528 seconds
[2073.522s][info ][safepoint    ] Application time: 1.0000866 seconds
[2073.523s][info ][safepoint    ] Entering safepoint region: Cleanup
[2073.523s][info ][safepoint    ] Leaving safepoint region
[2073.523s][info ][safepoint    ] Total time for which application threads were stopped: 0.0001454 seconds, Stopping threads took: 0.0000600 seconds
[2074.028s][info ][safepoint    ] Application time: 0.5056400 seconds
[2074.028s][info ][safepoint    ] Entering safepoint region: GenCollectForAllocation
[2074.028s][info ][gc,start     ] GC(679) Pause Young (Allocation Failure)
[2074.028s][info ][gc,task      ] GC(679) Using 4 workers of 4 for evacuation
[2074.031s][debug][gc,ref       ] GC(679) Skipped phase1 of Reference Processing due to unavailable references
[2074.031s][debug][gc,ref       ] GC(679) Skipped phase3 of Reference Processing due to unavailable references
[2074.031s][debug][gc,ref       ] GC(679) Skipped phase4 of Reference Processing due to unavailable references
[2074.031s][debug][gc,age       ] GC(679) Desired survivor size 15368192 bytes, new threshold 6 (max threshold 6)
[2074.031s][info ][gc,heap      ] GC(679) ParNew: 241788K->1166K(270336K)
[2074.031s][info ][gc,heap      ] GC(679) CMS: 337684K->337736K(600768K)
[2074.031s][info ][gc,metaspace ] GC(679) Metaspace: 57625K->57625K(1101824K)
[2074.031s][info ][gc           ] GC(679) Pause Young (Allocation Failure) 565M->330M(850M) 2.993ms
[2074.031s][info ][gc,cpu       ] GC(679) User=0.02s Sys=0.00s Real=0.00s
[2074.031s][info ][safepoint    ] Leaving safepoint region
[2074.031s][info ][safepoint    ] Total time for which application threads were stopped: 0.0031539 seconds, Stopping threads took: 0.0000169 seconds
[2077.717s][info ][safepoint    ] Application time: 3.6854398 seconds
[2077.717s][info ][safepoint    ] Entering safepoint region: GenCollectForAllocation
[2077.717s][info ][gc,start     ] GC(680) Pause Young (Allocation Failure)
[2077.717s][info ][gc,task      ] GC(680) Using 4 workers of 4 for evacuation
[2077.720s][debug][gc,ref       ] GC(680) Skipped phase1 of Reference Processing due to unavailable references
[2077.720s][debug][gc,ref       ] GC(680) Skipped phase3 of Reference Processing due to unavailable references
[2077.720s][debug][gc,age       ] GC(680) Desired survivor size 15368192 bytes, new threshold 6 (max threshold 6)
[2077.720s][info ][gc,heap      ] GC(680) ParNew: 241486K->1355K(270336K)
[2077.720s][info ][gc,heap      ] GC(680) CMS: 337736K->337847K(600768K)
[2077.720s][info ][gc,metaspace ] GC(680) Metaspace: 57634K->57634K(1101824K)
[2077.720s][info ][gc           ] GC(680) Pause Young (Allocation Failure) 565M->331M(850M) 3.094ms
[2077.720s][info ][gc,cpu       ] GC(680) User=0.01s Sys=0.00s Real=0.00s
[2077.720s][info ][safepoint    ] Leaving safepoint region
[2077.720s][info ][safepoint    ] Total time for which application threads were stopped: 0.0032414 seconds, Stopping threads took: 0.0000149 seconds
[2081.265s][info ][safepoint    ] Application time: 3.5447195 seconds
[2081.265s][info ][safepoint    ] Entering safepoint region: GenCollectForAllocation
[2081.265s][info ][gc,start     ] GC(681) Pause Young (Allocation Failure)
[2081.265s][info ][gc,task      ] GC(681) Using 4 workers of 4 for evacuation
[2081.268s][debug][gc,ref       ] GC(681) Skipped phase1 of Reference Processing due to unavailable references
[2081.268s][debug][gc,ref       ] GC(681) Skipped phase3 of Reference Processing due to unavailable references
[2081.268s][debug][gc,age       ] GC(681) Desired survivor size 15368192 bytes, new threshold 6 (max threshold 6)
[2081.268s][info ][gc,heap      ] GC(681) ParNew: 241675K->1107K(270336K)
[2081.268s][info ][gc,heap      ] GC(681) CMS: 337847K->337933K(600768K)
[2081.268s][info ][gc,metaspace ] GC(681) Metaspace: 57652K->57652K(1101824K)
[2081.268s][info ][gc           ] GC(681) Pause Young (Allocation Failure) 565M->331M(850M) 2.938ms
[2081.268s][info ][gc,cpu       ] GC(681) User=0.01s Sys=0.00s Real=0.01s
[2081.268s][info ][safepoint    ] Leaving safepoint region
[2081.268s][info ][safepoint    ] Total time for which application threads were stopped: 0.0031077 seconds, Stopping threads took: 0.0000294 seconds
[2083.268s][info ][safepoint    ] Application time: 2.0001822 seconds
[2083.268s][info ][safepoint    ] Entering safepoint region: Cleanup
[2083.268s][info ][safepoint    ] Leaving safepoint region
[2083.268s][info ][safepoint    ] Total time for which application threads were stopped: 0.0001286 seconds, Stopping threads took: 0.0000575 seconds
[2084.822s][info ][safepoint    ] Application time: 1.5532702 seconds
[2084.822s][info ][safepoint    ] Entering safepoint region: GenCollectForAllocation
[2084.822s][info ][gc,start     ] GC(682) Pause Young (Allocation Failure)
[2084.822s][info ][gc,task      ] GC(682) Using 4 workers of 4 for evacuation
[2084.825s][debug][gc,ref       ] GC(682) Skipped phase1 of Reference Processing due to unavailable references
[2084.825s][debug][gc,ref       ] GC(682) Skipped phase3 of Reference Processing due to unavailable references
[2084.825s][debug][gc,ref       ] GC(682) Skipped phase4 of Reference Processing due to unavailable references
[2084.826s][debug][gc,age       ] GC(682) Desired survivor size 15368192 bytes, new threshold 6 (max threshold 6)
[2084.826s][info ][gc,heap      ] GC(682) ParNew: 241427K->1468K(270336K)
[2084.826s][info ][gc,heap      ] GC(682) CMS: 337933K->338128K(600768K)
[2084.826s][info ][gc,metaspace ] GC(682) Metaspace: 57653K->57653K(1101824K)
[2084.826s][info ][gc           ] GC(682) Pause Young (Allocation Failure) 565M->331M(850M) 3.806ms
[2084.826s][info ][gc,cpu       ] GC(682) User=0.02s Sys=0.00s Real=0.00s
[2084.826s][info ][safepoint    ] Leaving safepoint region
[2084.826s][info ][safepoint    ] Total time for which application threads were stopped: 0.0039749 seconds, Stopping threads took: 0.0000144 seconds
[2088.323s][info ][safepoint    ] Application time: 3.4972826 seconds
[2088.323s][info ][safepoint    ] Entering safepoint region: GenCollectForAllocation
[2088.323s][info ][gc,start     ] GC(683) Pause Young (Allocation Failure)
[2088.323s][info ][gc,task      ] GC(683) Using 4 workers of 4 for evacuation
[2088.327s][debug][gc,ref       ] GC(683) Skipped phase1 of Reference Processing due to unavailable references
[2088.327s][debug][gc,ref       ] GC(683) Skipped phase3 of Reference Processing due to unavailable references
[2088.327s][debug][gc,ref       ] GC(683) Skipped phase4 of Reference Processing due to unavailable references
[2088.327s][debug][gc,age       ] GC(683) Desired survivor size 15368192 bytes, new threshold 6 (max threshold 6)
[2088.327s][info ][gc,heap      ] GC(683) ParNew: 241788K->1403K(270336K)
[2088.327s][info ][gc,heap      ] GC(683) CMS: 338128K->338365K(600768K)
[2088.327s][info ][gc,metaspace ] GC(683) Metaspace: 57655K->57655K(1101824K)
[2088.327s][info ][gc           ] GC(683) Pause Young (Allocation Failure) 566M->331M(850M) 3.880ms
[2088.327s][info ][gc,cpu       ] GC(683) User=0.02s Sys=0.00s Real=0.01s
[2088.327s][info ][safepoint    ] Leaving safepoint region
[2088.327s][info ][safepoint    ] Total time for which application threads were stopped: 0.0040450 seconds, Stopping threads took: 0.0000153 seconds
[2091.823s][info ][safepoint    ] Application time: 3.4954610 seconds
[2091.823s][info ][safepoint    ] Entering safepoint region: GenCollectForAllocation
[2091.823s][info ][gc,start     ] GC(684) Pause Young (Allocation Failure)
[2091.823s][info ][gc,task      ] GC(684) Using 4 workers of 4 for evacuation
[2091.825s][debug][gc,ref       ] GC(684) Skipped phase1 of Reference Processing due to unavailable references
[2091.825s][debug][gc,ref       ] GC(684) Skipped phase3 of Reference Processing due to unavailable references
[2091.825s][debug][gc,age       ] GC(684) Desired survivor size 15368192 bytes, new threshold 6 (max threshold 6)
[2091.825s][info ][gc,heap      ] GC(684) ParNew: 241723K->1136K(270336K)
[2091.826s][info ][gc,heap      ] GC(684) CMS: 338365K->338559K(600768K)
[2091.826s][info ][gc,metaspace ] GC(684) Metaspace: 57657K->57657K(1101824K)
[2091.826s][info ][gc           ] GC(684) Pause Young (Allocation Failure) 566M->331M(850M) 2.852ms
[2091.826s][info ][gc,cpu       ] GC(684) User=0.01s Sys=0.00s Real=0.00s
[2091.826s][info ][safepoint    ] Leaving safepoint region
[2091.826s][info ][safepoint    ] Total time for which application threads were stopped: 0.0030071 seconds, Stopping threads took: 0.0000149 seconds
[2095.415s][info ][safepoint    ] Application time: 3.5896801 seconds
[2095.415s][info ][safepoint    ] Entering safepoint region: GenCollectForAllocation
[2095.416s][info ][gc,start     ] GC(685) Pause Young (Allocation Failure)
[2095.416s][info ][gc,task      ] GC(685) Using 4 workers of 4 for evacuation
[2095.418s][debug][gc,ref       ] GC(685) Skipped phase1 of Reference Processing due to unavailable references
[2095.418s][debug][gc,ref       ] GC(685) Skipped phase3 of Reference Processing due to unavailable references
[2095.418s][debug][gc,ref       ] GC(685) Skipped phase4 of Reference Processing due to unavailable references
[2095.418s][debug][gc,age       ] GC(685) Desired survivor size 15368192 bytes, new threshold 6 (max threshold 6)
[2095.418s][info ][gc,heap      ] GC(685) ParNew: 241456K->1360K(270336K)
[2095.418s][info ][gc,heap      ] GC(685) CMS: 338559K->338582K(600768K)
[2095.418s][info ][gc,metaspace ] GC(685) Metaspace: 57657K->57657K(1101824K)
[2095.418s][info ][gc           ] GC(685) Pause Young (Allocation Failure) 566M->331M(850M) 2.718ms
[2095.418s][info ][gc,cpu       ] GC(685) User=0.01s Sys=0.00s Real=0.00s
[2095.418s][info ][safepoint    ] Leaving safepoint region
[2095.418s][info ][safepoint    ] Total time for which application threads were stopped: 0.0029610 seconds, Stopping threads took: 0.0000988 seconds
[2099.020s][info ][safepoint    ] Application time: 3.6019562 seconds
[2099.020s][info ][safepoint    ] Entering safepoint region: GenCollectForAllocation
[2099.020s][info ][gc,start     ] GC(686) Pause Young (Allocation Failure)
[2099.020s][info ][gc,task      ] GC(686) Using 4 workers of 4 for evacuation
[2099.023s][debug][gc,ref       ] GC(686) Skipped phase1 of Reference Processing due to unavailable references
[2099.023s][debug][gc,ref       ] GC(686) Skipped phase3 of Reference Processing due to unavailable references
[2099.023s][debug][gc,ref       ] GC(686) Skipped phase4 of Reference Processing due to unavailable references
[2099.023s][debug][gc,age       ] GC(686) Desired survivor size 15368192 bytes, new threshold 6 (max threshold 6)
[2099.023s][info ][gc,heap      ] GC(686) ParNew: 241680K->1485K(270336K)
[2099.023s][info ][gc,heap      ] GC(686) CMS: 338582K->338610K(600768K)
[2099.023s][info ][gc,metaspace ] GC(686) Metaspace: 57657K->57657K(1101824K)
[2099.023s][info ][gc           ] GC(686) Pause Young (Allocation Failure) 566M->332M(850M) 2.591ms
[2099.023s][info ][gc,cpu       ] GC(686) User=0.01s Sys=0.00s Real=0.00s
[2099.023s][info ][safepoint    ] Leaving safepoint region
[2099.023s][info ][safepoint    ] Total time for which application threads were stopped: 0.0027342 seconds, Stopping threads took: 0.0000157 seconds
[2102.568s][info ][safepoint    ] Application time: 3.5450273 seconds
[2102.568s][info ][safepoint    ] Entering safepoint region: GenCollectForAllocation
[2102.568s][info ][gc,start     ] GC(687) Pause Young (Allocation Failure)
[2102.568s][info ][gc,task      ] GC(687) Using 4 workers of 4 for evacuation
[2102.571s][debug][gc,ref       ] GC(687) Skipped phase1 of Reference Processing due to unavailable references
[2102.571s][debug][gc,ref       ] GC(687) Skipped phase3 of Reference Processing due to unavailable references
[2102.571s][debug][gc,ref       ] GC(687) Skipped phase4 of Reference Processing due to unavailable references
[2102.571s][debug][gc,age       ] GC(687) Desired survivor size 15368192 bytes, new threshold 6 (max threshold 6)
[2102.571s][info ][gc,heap      ] GC(687) ParNew: 241805K->1323K(270336K)
[2102.571s][info ][gc,heap      ] GC(687) CMS: 338610K->338835K(600768K)
[2102.571s][info ][gc,metaspace ] GC(687) Metaspace: 57657K->57657K(1101824K)
[2102.571s][info ][gc           ] GC(687) Pause Young (Allocation Failure) 566M->332M(850M) 3.290ms
[2102.571s][info ][gc,cpu       ] GC(687) User=0.01s Sys=0.00s Real=0.00s
[2102.571s][info ][safepoint    ] Leaving safepoint region
[2102.571s][info ][safepoint    ] Total time for which application threads were stopped: 0.0034430 seconds, Stopping threads took: 0.0000154 seconds
[2106.125s][info ][safepoint    ] Application time: 3.5530653 seconds
[2106.125s][info ][safepoint    ] Entering safepoint region: GenCollectForAllocation
[2106.125s][info ][gc,start     ] GC(688) Pause Young (Allocation Failure)
[2106.125s][info ][gc,task      ] GC(688) Using 4 workers of 4 for evacuation
[2106.127s][debug][gc,ref       ] GC(688) Skipped phase1 of Reference Processing due to unavailable references
[2106.127s][debug][gc,ref       ] GC(688) Skipped phase3 of Reference Processing due to unavailable references
[2106.127s][debug][gc,ref       ] GC(688) Skipped phase4 of Reference Processing due to unavailable references
[2106.127s][debug][gc,age       ] GC(688) Desired survivor size 15368192 bytes, new threshold 6 (max threshold 6)
[2106.127s][info ][gc,heap      ] GC(688) ParNew: 241643K->1261K(270336K)
[2106.127s][info ][gc,heap      ] GC(688) CMS: 338835K->339015K(600768K)
[2106.128s][info ][gc,metaspace ] GC(688) Metaspace: 57658K->57658K(1101824K)
[2106.128s][info ][gc           ] GC(688) Pause Young (Allocation Failure) 566M->332M(850M) 2.814ms
[2106.128s][info ][gc,cpu       ] GC(688) User=0.01s Sys=0.00s Real=0.01s
[2106.128s][info ][safepoint    ] Leaving safepoint region
[2106.128s][info ][safepoint    ] Total time for which application threads were stopped: 0.0029591 seconds, Stopping threads took: 0.0000153 seconds
[2109.685s][info ][safepoint    ] Application time: 3.5573654 seconds
[2109.685s][info ][safepoint    ] Entering safepoint region: GenCollectForAllocation
[2109.685s][info ][gc,start     ] GC(689) Pause Young (Allocation Failure)
[2109.685s][info ][gc,task      ] GC(689) Using 4 workers of 4 for evacuation
[2109.688s][debug][gc,ref       ] GC(689) Skipped phase1 of Reference Processing due to unavailable references
[2109.688s][debug][gc,ref       ] GC(689) Skipped phase3 of Reference Processing due to unavailable references
[2109.688s][debug][gc,ref       ] GC(689) Skipped phase4 of Reference Processing due to unavailable references
[2109.688s][debug][gc,age       ] GC(689) Desired survivor size 15368192 bytes, new threshold 6 (max threshold 6)
[2109.688s][info ][gc,heap      ] GC(689) ParNew: 241581K->1073K(270336K)
[2109.688s][info ][gc,heap      ] GC(689) CMS: 339015K->339172K(600768K)
[2109.688s][info ][gc,metaspace ] GC(689) Metaspace: 57658K->57658K(1101824K)
[2109.688s][info ][gc           ] GC(689) Pause Young (Allocation Failure) 566M->332M(850M) 2.840ms
[2109.688s][info ][gc,cpu       ] GC(689) User=0.01s Sys=0.00s Real=0.01s
[2109.688s][info ][safepoint    ] Leaving safepoint region
[2109.688s][info ][safepoint    ] Total time for which application threads were stopped: 0.0030048 seconds, Stopping threads took: 0.0000362 seconds
[2112.679s][info ][safepoint    ] Application time: 2.9906429 seconds
[2112.679s][info ][safepoint    ] Entering safepoint region: GenCollectForAllocation
[2112.679s][info ][gc,start     ] GC(690) Pause Young (Allocation Failure)
[2112.679s][info ][gc,task      ] GC(690) Using 4 workers of 4 for evacuation
[2112.684s][debug][gc,ref       ] GC(690) Skipped phase1 of Reference Processing due to unavailable references
[2112.684s][debug][gc,ref       ] GC(690) Skipped phase2 of Reference Processing due to unavailable references
[2112.684s][debug][gc,ref       ] GC(690) Skipped phase3 of Reference Processing due to unavailable references
[2112.684s][debug][gc,ref       ] GC(690) Skipped phase4 of Reference Processing due to unavailable references
[2112.684s][debug][gc,age       ] GC(690) Desired survivor size 15368192 bytes, new threshold 6 (max threshold 6)
[2112.684s][info ][gc,heap      ] GC(690) ParNew: 241393K->7706K(270336K)
[2112.684s][info ][gc,heap      ] GC(690) CMS: 339172K->339201K(600768K)
[2112.684s][info ][gc,metaspace ] GC(690) Metaspace: 57658K->57658K(1101824K)
[2112.684s][info ][gc           ] GC(690) Pause Young (Allocation Failure) 566M->338M(850M) 5.369ms
[2112.684s][info ][gc,cpu       ] GC(690) User=0.02s Sys=0.00s Real=0.00s
[2112.684s][info ][safepoint    ] Leaving safepoint region
[2112.684s][info ][safepoint    ] Total time for which application threads were stopped: 0.0055748 seconds, Stopping threads took: 0.0000588 seconds
[2115.685s][info ][safepoint    ] Application time: 3.0002644 seconds
[2115.685s][info ][safepoint    ] Entering safepoint region: Cleanup
[2115.685s][info ][safepoint    ] Leaving safepoint region
[2115.685s][info ][safepoint    ] Total time for which application threads were stopped: 0.0000908 seconds, Stopping threads took: 0.0000152 seconds
[2115.769s][info ][safepoint    ] Application time: 0.0840927 seconds
[2115.769s][info ][safepoint    ] Entering safepoint region: GenCollectForAllocation
[2115.769s][info ][gc,start     ] GC(691) Pause Young (Allocation Failure)
[2115.769s][info ][gc,task      ] GC(691) Using 4 workers of 4 for evacuation
[2115.771s][debug][gc,ref       ] GC(691) Skipped phase1 of Reference Processing due to unavailable references
[2115.772s][debug][gc,ref       ] GC(691) Skipped phase2 of Reference Processing due to unavailable references
[2115.772s][debug][gc,ref       ] GC(691) Skipped phase3 of Reference Processing due to unavailable references
[2115.772s][debug][gc,ref       ] GC(691) Skipped phase4 of Reference Processing due to unavailable references
[2115.772s][debug][gc,age       ] GC(691) Desired survivor size 15368192 bytes, new threshold 6 (max threshold 6)
[2115.772s][info ][gc,heap      ] GC(691) ParNew: 248026K->5681K(270336K)
[2115.772s][info ][gc,heap      ] GC(691) CMS: 339201K->339227K(600768K)
[2115.772s][info ][gc,metaspace ] GC(691) Metaspace: 57660K->57660K(1101824K)
[2115.772s][info ][gc           ] GC(691) Pause Young (Allocation Failure) 573M->336M(850M) 2.757ms
[2115.772s][info ][gc,cpu       ] GC(691) User=0.01s Sys=0.00s Real=0.00s
[2115.772s][info ][safepoint    ] Leaving safepoint region
[2115.772s][info ][safepoint    ] Total time for which application threads were stopped: 0.0028981 seconds, Stopping threads took: 0.0000144 seconds
[2117.772s][info ][safepoint    ] Application time: 2.0002402 seconds
[2117.772s][info ][safepoint    ] Entering safepoint region: Cleanup
[2117.772s][info ][safepoint    ] Leaving safepoint region
[2117.772s][info ][safepoint    ] Total time for which application threads were stopped: 0.0001563 seconds, Stopping threads took: 0.0000830 seconds
[2118.772s][info ][safepoint    ] Application time: 1.0000896 seconds
[2118.772s][info ][safepoint    ] Entering safepoint region: Cleanup
[2118.772s][info ][safepoint    ] Leaving safepoint region
[2118.772s][info ][safepoint    ] Total time for which application threads were stopped: 0.0001507 seconds, Stopping threads took: 0.0000797 seconds
[2119.472s][info ][safepoint    ] Application time: 0.6996793 seconds
[2119.472s][info ][safepoint    ] Entering safepoint region: GenCollectForAllocation
[2119.472s][info ][gc,start     ] GC(692) Pause Young (Allocation Failure)
[2119.472s][info ][gc,task      ] GC(692) Using 4 workers of 4 for evacuation
[2119.475s][debug][gc,ref       ] GC(692) Skipped phase1 of Reference Processing due to unavailable references
[2119.475s][debug][gc,ref       ] GC(692) Skipped phase3 of Reference Processing due to unavailable references
[2119.475s][debug][gc,age       ] GC(692) Desired survivor size 15368192 bytes, new threshold 6 (max threshold 6)
[2119.475s][info ][gc,heap      ] GC(692) ParNew: 246001K->1553K(270336K)
[2119.475s][info ][gc,heap      ] GC(692) CMS: 339227K->339376K(600768K)
[2119.475s][info ][gc,metaspace ] GC(692) Metaspace: 57673K->57673K(1101824K)
[2119.475s][info ][gc           ] GC(692) Pause Young (Allocation Failure) 571M->332M(850M) 3.063ms
[2119.475s][info ][gc,cpu       ] GC(692) User=0.01s Sys=0.00s Real=0.01s
[2119.475s][info ][safepoint    ] Leaving safepoint region
[2119.475s][info ][safepoint    ] Total time for which application threads were stopped: 0.0032568 seconds, Stopping threads took: 0.0000409 seconds
[2122.476s][info ][safepoint    ] Application time: 3.0002107 seconds
[2122.476s][info ][safepoint    ] Entering safepoint region: Cleanup
[2122.476s][info ][safepoint    ] Leaving safepoint region
[2122.476s][info ][safepoint    ] Total time for which application threads were stopped: 0.0001386 seconds, Stopping threads took: 0.0000605 seconds
[2123.169s][info ][safepoint    ] Application time: 0.6935481 seconds
[2123.169s][info ][safepoint    ] Entering safepoint region: GenCollectForAllocation
[2123.170s][info ][gc,start     ] GC(693) Pause Young (Allocation Failure)
[2123.170s][info ][gc,task      ] GC(693) Using 4 workers of 4 for evacuation
[2123.172s][debug][gc,ref       ] GC(693) Skipped phase1 of Reference Processing due to unavailable references
[2123.172s][debug][gc,ref       ] GC(693) Skipped phase3 of Reference Processing due to unavailable references
[2123.172s][debug][gc,ref       ] GC(693) Skipped phase4 of Reference Processing due to unavailable references
[2123.172s][debug][gc,age       ] GC(693) Desired survivor size 15368192 bytes, new threshold 6 (max threshold 6)
[2123.173s][info ][gc,heap      ] GC(693) ParNew: 241873K->992K(270336K)
[2123.173s][info ][gc,heap      ] GC(693) CMS: 339376K->339498K(600768K)
[2123.173s][info ][gc,metaspace ] GC(693) Metaspace: 57674K->57674K(1101824K)
[2123.173s][info ][gc           ] GC(693) Pause Young (Allocation Failure) 567M->332M(850M) 3.041ms
[2123.173s][info ][gc,cpu       ] GC(693) User=0.01s Sys=0.00s Real=0.00s
[2123.173s][info ][safepoint    ] Leaving safepoint region
[2123.173s][info ][safepoint    ] Total time for which application threads were stopped: 0.0031858 seconds, Stopping threads took: 0.0000150 seconds
[2126.173s][info ][safepoint    ] Application time: 3.0002622 seconds
[2126.173s][info ][safepoint    ] Entering safepoint region: Cleanup
[2126.173s][info ][safepoint    ] Leaving safepoint region
[2126.173s][info ][safepoint    ] Total time for which application threads were stopped: 0.0001706 seconds, Stopping threads took: 0.0000836 seconds
[2126.723s][info ][safepoint    ] Application time: 0.5504313 seconds
[2126.724s][info ][safepoint    ] Entering safepoint region: GenCollectForAllocation
[2126.724s][info ][gc,start     ] GC(694) Pause Young (Allocation Failure)
[2126.724s][info ][gc,task      ] GC(694) Using 4 workers of 4 for evacuation
[2126.726s][debug][gc,ref       ] GC(694) Skipped phase1 of Reference Processing due to unavailable references
[2126.726s][debug][gc,ref       ] GC(694) Skipped phase3 of Reference Processing due to unavailable references
[2126.726s][debug][gc,ref       ] GC(694) Skipped phase4 of Reference Processing due to unavailable references
[2126.726s][debug][gc,age       ] GC(694) Desired survivor size 15368192 bytes, new threshold 6 (max threshold 6)
[2126.726s][info ][gc,heap      ] GC(694) ParNew: 241312K->1086K(270336K)
[2126.726s][info ][gc,heap      ] GC(694) CMS: 339498K->339558K(600768K)
[2126.726s][info ][gc,metaspace ] GC(694) Metaspace: 57674K->57674K(1101824K)
[2126.726s][info ][gc           ] GC(694) Pause Young (Allocation Failure) 567M->332M(850M) 2.734ms
[2126.726s][info ][gc,cpu       ] GC(694) User=0.01s Sys=0.00s Real=0.01s
[2126.726s][info ][safepoint    ] Leaving safepoint region
[2126.726s][info ][safepoint    ] Total time for which application threads were stopped: 0.0028929 seconds, Stopping threads took: 0.0000282 seconds
[2129.727s][info ][safepoint    ] Application time: 3.0002540 seconds
[2129.727s][info ][safepoint    ] Entering safepoint region: Cleanup
[2129.727s][info ][safepoint    ] Leaving safepoint region
[2129.727s][info ][safepoint    ] Total time for which application threads were stopped: 0.0000715 seconds, Stopping threads took: 0.0000138 seconds
[2130.306s][info ][safepoint    ] Application time: 0.5789522 seconds
[2130.306s][info ][safepoint    ] Entering safepoint region: GenCollectForAllocation
[2130.306s][info ][gc,start     ] GC(695) Pause Young (Allocation Failure)
[2130.306s][info ][gc,task      ] GC(695) Using 4 workers of 4 for evacuation
[2130.309s][debug][gc,ref       ] GC(695) Skipped phase1 of Reference Processing due to unavailable references
[2130.309s][debug][gc,ref       ] GC(695) Skipped phase3 of Reference Processing due to unavailable references
[2130.309s][debug][gc,ref       ] GC(695) Skipped phase4 of Reference Processing due to unavailable references
[2130.309s][debug][gc,age       ] GC(695) Desired survivor size 15368192 bytes, new threshold 6 (max threshold 6)
[2130.309s][info ][gc,heap      ] GC(695) ParNew: 241406K->1074K(270336K)
[2130.309s][info ][gc,heap      ] GC(695) CMS: 339558K->339673K(600768K)
[2130.309s][info ][gc,metaspace ] GC(695) Metaspace: 57675K->57675K(1101824K)
[2130.309s][info ][gc           ] GC(695) Pause Young (Allocation Failure) 567M->332M(850M) 3.337ms
[2130.309s][info ][gc,cpu       ] GC(695) User=0.02s Sys=0.00s Real=0.00s
[2130.309s][info ][safepoint    ] Leaving safepoint region
[2130.309s][info ][safepoint    ] Total time for which application threads were stopped: 0.0035035 seconds, Stopping threads took: 0.0000144 seconds
[2133.821s][info ][safepoint    ] Application time: 3.5121519 seconds
[2133.821s][info ][safepoint    ] Entering safepoint region: GenCollectForAllocation
[2133.822s][info ][gc,start     ] GC(696) Pause Young (Allocation Failure)
[2133.822s][info ][gc,task      ] GC(696) Using 4 workers of 4 for evacuation
[2133.824s][debug][gc,ref       ] GC(696) Skipped phase1 of Reference Processing due to unavailable references
[2133.824s][debug][gc,ref       ] GC(696) Skipped phase3 of Reference Processing due to unavailable references
[2133.824s][debug][gc,ref       ] GC(696) Skipped phase4 of Reference Processing due to unavailable references
[2133.824s][debug][gc,age       ] GC(696) Desired survivor size 15368192 bytes, new threshold 6 (max threshold 6)
[2133.824s][info ][gc,heap      ] GC(696) ParNew: 241394K->1082K(270336K)
[2133.824s][info ][gc,heap      ] GC(696) CMS: 339673K->339707K(600768K)
[2133.824s][info ][gc,metaspace ] GC(696) Metaspace: 57675K->57675K(1101824K)
[2133.824s][info ][gc           ] GC(696) Pause Young (Allocation Failure) 567M->332M(850M) 2.718ms
[2133.824s][info ][gc,cpu       ] GC(696) User=0.01s Sys=0.00s Real=0.00s
[2133.824s][info ][safepoint    ] Leaving safepoint region
[2133.824s][info ][safepoint    ] Total time for which application threads were stopped: 0.0028817 seconds, Stopping threads took: 0.0000172 seconds
[2134.824s][info ][safepoint    ] Application time: 1.0001056 seconds
[2134.824s][info ][safepoint    ] Entering safepoint region: Cleanup
[2134.825s][info ][safepoint    ] Leaving safepoint region
[2134.825s][info ][safepoint    ] Total time for which application threads were stopped: 0.0000761 seconds, Stopping threads took: 0.0000158 seconds
[2137.372s][info ][safepoint    ] Application time: 2.5475323 seconds
[2137.372s][info ][safepoint    ] Entering safepoint region: GenCollectForAllocation
[2137.372s][info ][gc,start     ] GC(697) Pause Young (Allocation Failure)
[2137.372s][info ][gc,task      ] GC(697) Using 4 workers of 4 for evacuation
[2137.375s][debug][gc,ref       ] GC(697) Skipped phase1 of Reference Processing due to unavailable references
[2137.375s][debug][gc,ref       ] GC(697) Skipped phase3 of Reference Processing due to unavailable references
[2137.375s][debug][gc,ref       ] GC(697) Skipped phase4 of Reference Processing due to unavailable references
[2137.375s][debug][gc,age       ] GC(697) Desired survivor size 15368192 bytes, new threshold 6 (max threshold 6)
[2137.375s][info ][gc,heap      ] GC(697) ParNew: 241402K->1167K(270336K)
[2137.375s][info ][gc,heap      ] GC(697) CMS: 339707K->339788K(600768K)
[2137.375s][info ][gc,metaspace ] GC(697) Metaspace: 57675K->57675K(1101824K)
[2137.375s][info ][gc           ] GC(697) Pause Young (Allocation Failure) 567M->332M(850M) 2.921ms
[2137.375s][info ][gc,cpu       ] GC(697) User=0.01s Sys=0.00s Real=0.01s
[2137.375s][info ][safepoint    ] Leaving safepoint region
[2137.375s][info ][safepoint    ] Total time for which application threads were stopped: 0.0030715 seconds, Stopping threads took: 0.0000182 seconds
[2140.721s][info ][safepoint    ] Application time: 3.3460349 seconds
[2140.721s][info ][safepoint    ] Entering safepoint region: GenCollectForAllocation
[2140.721s][info ][gc,start     ] GC(698) Pause Young (Allocation Failure)
[2140.721s][info ][gc,task      ] GC(698) Using 4 workers of 4 for evacuation
[2140.725s][debug][gc,ref       ] GC(698) Skipped phase1 of Reference Processing due to unavailable references
[2140.725s][debug][gc,ref       ] GC(698) Skipped phase2 of Reference Processing due to unavailable references
[2140.725s][debug][gc,ref       ] GC(698) Skipped phase3 of Reference Processing due to unavailable references
[2140.725s][debug][gc,ref       ] GC(698) Skipped phase4 of Reference Processing due to unavailable references
[2140.725s][debug][gc,age       ] GC(698) Desired survivor size 15368192 bytes, new threshold 6 (max threshold 6)
[2140.725s][info ][gc,heap      ] GC(698) ParNew: 241487K->1224K(270336K)
[2140.725s][info ][gc,heap      ] GC(698) CMS: 339788K->339885K(600768K)
[2140.725s][info ][gc,metaspace ] GC(698) Metaspace: 57676K->57676K(1101824K)
[2140.725s][info ][gc           ] GC(698) Pause Young (Allocation Failure) 567M->333M(850M) 3.374ms
[2140.725s][info ][gc,cpu       ] GC(698) User=0.01s Sys=0.00s Real=0.00s
[2140.725s][info ][safepoint    ] Leaving safepoint region
[2140.725s][info ][safepoint    ] Total time for which application threads were stopped: 0.0035392 seconds, Stopping threads took: 0.0000297 seconds
[2142.725s][info ][safepoint    ] Application time: 2.0001654 seconds
[2142.725s][info ][safepoint    ] Entering safepoint region: Cleanup
[2142.725s][info ][safepoint    ] Leaving safepoint region
[2142.725s][info ][safepoint    ] Total time for which application threads were stopped: 0.0001555 seconds, Stopping threads took: 0.0000630 seconds
[2144.223s][info ][safepoint    ] Application time: 1.4977637 seconds
[2144.223s][info ][safepoint    ] Entering safepoint region: GenCollectForAllocation
[2144.223s][info ][gc,start     ] GC(699) Pause Young (Allocation Failure)
[2144.223s][info ][gc,task      ] GC(699) Using 4 workers of 4 for evacuation
[2144.226s][debug][gc,ref       ] GC(699) Skipped phase1 of Reference Processing due to unavailable references
[2144.226s][debug][gc,ref       ] GC(699) Skipped phase2 of Reference Processing due to unavailable references
[2144.226s][debug][gc,ref       ] GC(699) Skipped phase3 of Reference Processing due to unavailable references
[2144.226s][debug][gc,ref       ] GC(699) Skipped phase4 of Reference Processing due to unavailable references
[2144.226s][debug][gc,age       ] GC(699) Desired survivor size 15368192 bytes, new threshold 6 (max threshold 6)
[2144.226s][info ][gc,heap      ] GC(699) ParNew: 241544K->1189K(270336K)
[2144.226s][info ][gc,heap      ] GC(699) CMS: 339885K->340075K(600768K)
[2144.226s][info ][gc,metaspace ] GC(699) Metaspace: 57676K->57676K(1101824K)
[2144.226s][info ][gc           ] GC(699) Pause Young (Allocation Failure) 567M->333M(850M) 2.957ms
[2144.226s][info ][gc,cpu       ] GC(699) User=0.01s Sys=0.01s Real=0.01s
[2144.226s][info ][safepoint    ] Leaving safepoint region
[2144.226s][info ][safepoint    ] Total time for which application threads were stopped: 0.0031241 seconds, Stopping threads took: 0.0000142 seconds
[2147.824s][info ][safepoint    ] Application time: 3.5975857 seconds
[2147.824s][info ][safepoint    ] Entering safepoint region: GenCollectForAllocation
[2147.824s][info ][gc,start     ] GC(700) Pause Young (Allocation Failure)
[2147.824s][info ][gc,task      ] GC(700) Using 4 workers of 4 for evacuation
[2147.827s][debug][gc,ref       ] GC(700) Skipped phase1 of Reference Processing due to unavailable references
[2147.827s][debug][gc,ref       ] GC(700) Skipped phase2 of Reference Processing due to unavailable references
[2147.827s][debug][gc,ref       ] GC(700) Skipped phase3 of Reference Processing due to unavailable references
[2147.827s][debug][gc,ref       ] GC(700) Skipped phase4 of Reference Processing due to unavailable references
[2147.827s][debug][gc,age       ] GC(700) Desired survivor size 15368192 bytes, new threshold 6 (max threshold 6)
[2147.827s][info ][gc,heap      ] GC(700) ParNew: 241509K->1201K(270336K)
[2147.827s][info ][gc,heap      ] GC(700) CMS: 340075K->340141K(600768K)
[2147.827s][info ][gc,metaspace ] GC(700) Metaspace: 57676K->57676K(1101824K)
[2147.827s][info ][gc           ] GC(700) Pause Young (Allocation Failure) 567M->333M(850M) 3.135ms
[2147.827s][info ][gc,cpu       ] GC(700) User=0.01s Sys=0.00s Real=0.01s
[2147.827s][info ][safepoint    ] Leaving safepoint region
[2147.827s][info ][safepoint    ] Total time for which application threads were stopped: 0.0032862 seconds, Stopping threads took: 0.0000152 seconds
[2151.465s][info ][safepoint    ] Application time: 3.6380811 seconds
[2151.465s][info ][safepoint    ] Entering safepoint region: GenCollectForAllocation
[2151.465s][info ][gc,start     ] GC(701) Pause Young (Allocation Failure)
[2151.465s][info ][gc,task      ] GC(701) Using 4 workers of 4 for evacuation
[2151.468s][debug][gc,ref       ] GC(701) Skipped phase1 of Reference Processing due to unavailable references
[2151.468s][debug][gc,ref       ] GC(701) Skipped phase2 of Reference Processing due to unavailable references
[2151.468s][debug][gc,ref       ] GC(701) Skipped phase3 of Reference Processing due to unavailable references
[2151.468s][debug][gc,ref       ] GC(701) Skipped phase4 of Reference Processing due to unavailable references
[2151.468s][debug][gc,age       ] GC(701) Desired survivor size 15368192 bytes, new threshold 6 (max threshold 6)
[2151.468s][info ][gc,heap      ] GC(701) ParNew: 241521K->1207K(270336K)
[2151.468s][info ][gc,heap      ] GC(701) CMS: 340141K->340211K(600768K)
[2151.468s][info ][gc,metaspace ] GC(701) Metaspace: 57676K->57676K(1101824K)
[2151.468s][info ][gc           ] GC(701) Pause Young (Allocation Failure) 568M->333M(850M) 2.832ms
[2151.468s][info ][gc,cpu       ] GC(701) User=0.01s Sys=0.00s Real=0.01s
[2151.468s][info ][safepoint    ] Leaving safepoint region
[2151.468s][info ][safepoint    ] Total time for which application threads were stopped: 0.0030487 seconds, Stopping threads took: 0.0000553 seconds
[2155.019s][info ][safepoint    ] Application time: 3.5505756 seconds
[2155.019s][info ][safepoint    ] Entering safepoint region: GenCollectForAllocation
[2155.019s][info ][gc,start     ] GC(702) Pause Young (Allocation Failure)
[2155.019s][info ][gc,task      ] GC(702) Using 4 workers of 4 for evacuation
[2155.022s][debug][gc,ref       ] GC(702) Skipped phase1 of Reference Processing due to unavailable references
[2155.022s][debug][gc,ref       ] GC(702) Skipped phase2 of Reference Processing due to unavailable references
[2155.022s][debug][gc,ref       ] GC(702) Skipped phase3 of Reference Processing due to unavailable references
[2155.022s][debug][gc,ref       ] GC(702) Skipped phase4 of Reference Processing due to unavailable references
[2155.022s][debug][gc,age       ] GC(702) Desired survivor size 15368192 bytes, new threshold 6 (max threshold 6)
[2155.022s][info ][gc,heap      ] GC(702) ParNew: 241527K->1152K(270336K)
[2155.022s][info ][gc,heap      ] GC(702) CMS: 340211K->340333K(600768K)
[2155.022s][info ][gc,metaspace ] GC(702) Metaspace: 57676K->57676K(1101824K)
[2155.022s][info ][gc           ] GC(702) Pause Young (Allocation Failure) 568M->333M(850M) 3.254ms
[2155.022s][info ][gc,cpu       ] GC(702) User=0.01s Sys=0.00s Real=0.00s
[2155.022s][info ][safepoint    ] Leaving safepoint region
[2155.022s][info ][safepoint    ] Total time for which application threads were stopped: 0.0034140 seconds, Stopping threads took: 0.0000271 seconds
[2156.022s][info ][safepoint    ] Application time: 1.0001096 seconds
[2156.022s][info ][safepoint    ] Entering safepoint region: Cleanup
[2156.023s][info ][safepoint    ] Leaving safepoint region
[2156.023s][info ][safepoint    ] Total time for which application threads were stopped: 0.0001322 seconds, Stopping threads took: 0.0000603 seconds
[2158.575s][info ][safepoint    ] Application time: 2.5525898 seconds
[2158.575s][info ][safepoint    ] Entering safepoint region: GenCollectForAllocation
[2158.575s][info ][gc,start     ] GC(703) Pause Young (Allocation Failure)
[2158.575s][info ][gc,task      ] GC(703) Using 4 workers of 4 for evacuation
[2158.578s][debug][gc,ref       ] GC(703) Skipped phase1 of Reference Processing due to unavailable references
[2158.578s][debug][gc,ref       ] GC(703) Skipped phase2 of Reference Processing due to unavailable references
[2158.578s][debug][gc,ref       ] GC(703) Skipped phase3 of Reference Processing due to unavailable references
[2158.578s][debug][gc,ref       ] GC(703) Skipped phase4 of Reference Processing due to unavailable references
[2158.579s][debug][gc,age       ] GC(703) Desired survivor size 15368192 bytes, new threshold 6 (max threshold 6)
[2158.579s][info ][gc,heap      ] GC(703) ParNew: 241472K->1403K(270336K)
[2158.579s][info ][gc,heap      ] GC(703) CMS: 340333K->340454K(600768K)
[2158.579s][info ][gc,metaspace ] GC(703) Metaspace: 57676K->57676K(1101824K)
[2158.579s][info ][gc           ] GC(703) Pause Young (Allocation Failure) 568M->333M(850M) 3.531ms
[2158.579s][info ][gc,cpu       ] GC(703) User=0.01s Sys=0.00s Real=0.00s
[2158.579s][info ][safepoint    ] Leaving safepoint region
[2158.579s][info ][safepoint    ] Total time for which application threads were stopped: 0.0036858 seconds, Stopping threads took: 0.0000144 seconds
[2162.218s][info ][safepoint    ] Application time: 3.6392772 seconds
[2162.218s][info ][safepoint    ] Entering safepoint region: GenCollectForAllocation
[2162.218s][info ][gc,start     ] GC(704) Pause Young (Allocation Failure)
[2162.218s][info ][gc,task      ] GC(704) Using 4 workers of 4 for evacuation
[2162.221s][debug][gc,ref       ] GC(704) Skipped phase1 of Reference Processing due to unavailable references
[2162.221s][debug][gc,ref       ] GC(704) Skipped phase2 of Reference Processing due to unavailable references
[2162.221s][debug][gc,ref       ] GC(704) Skipped phase3 of Reference Processing due to unavailable references
[2162.221s][debug][gc,ref       ] GC(704) Skipped phase4 of Reference Processing due to unavailable references
[2162.221s][debug][gc,age       ] GC(704) Desired survivor size 15368192 bytes, new threshold 6 (max threshold 6)
[2162.221s][info ][gc,heap      ] GC(704) ParNew: 241723K->940K(270336K)
[2162.221s][info ][gc,heap      ] GC(704) CMS: 340454K->340702K(600768K)
[2162.221s][info ][gc,metaspace ] GC(704) Metaspace: 57676K->57676K(1101824K)
[2162.221s][info ][gc           ] GC(704) Pause Young (Allocation Failure) 568M->333M(850M) 2.577ms
[2162.221s][info ][gc,cpu       ] GC(704) User=0.01s Sys=0.00s Real=0.00s
[2162.221s][info ][safepoint    ] Leaving safepoint region
[2162.221s][info ][safepoint    ] Total time for which application threads were stopped: 0.0027213 seconds, Stopping threads took: 0.0000165 seconds
[2165.915s][info ][safepoint    ] Application time: 3.6942996 seconds
[2165.915s][info ][safepoint    ] Entering safepoint region: GenCollectForAllocation
[2165.915s][info ][gc,start     ] GC(705) Pause Young (Allocation Failure)
[2165.915s][info ][gc,task      ] GC(705) Using 4 workers of 4 for evacuation
[2165.918s][debug][gc,ref       ] GC(705) Skipped phase1 of Reference Processing due to unavailable references
[2165.918s][debug][gc,ref       ] GC(705) Skipped phase2 of Reference Processing due to unavailable references
[2165.918s][debug][gc,ref       ] GC(705) Skipped phase3 of Reference Processing due to unavailable references
[2165.918s][debug][gc,ref       ] GC(705) Skipped phase4 of Reference Processing due to unavailable references
[2165.918s][debug][gc,age       ] GC(705) Desired survivor size 15368192 bytes, new threshold 6 (max threshold 6)
[2165.918s][info ][gc,heap      ] GC(705) ParNew: 241260K->958K(270336K)
[2165.918s][info ][gc,heap      ] GC(705) CMS: 340702K->340773K(600768K)
[2165.918s][info ][gc,metaspace ] GC(705) Metaspace: 57676K->57676K(1101824K)
[2165.918s][info ][gc           ] GC(705) Pause Young (Allocation Failure) 568M->333M(850M) 2.445ms
[2165.918s][info ][gc,cpu       ] GC(705) User=0.01s Sys=0.00s Real=0.00s
[2165.918s][info ][safepoint    ] Leaving safepoint region
[2165.918s][info ][safepoint    ] Total time for which application threads were stopped: 0.0026256 seconds, Stopping threads took: 0.0000484 seconds
[2167.918s][info ][safepoint    ] Application time: 2.0003039 seconds
[2167.918s][info ][safepoint    ] Entering safepoint region: Cleanup
[2167.918s][info ][safepoint    ] Leaving safepoint region
[2167.918s][info ][safepoint    ] Total time for which application threads were stopped: 0.0002635 seconds, Stopping threads took: 0.0001626 seconds
[2169.522s][info ][safepoint    ] Application time: 1.6034008 seconds
[2169.522s][info ][safepoint    ] Entering safepoint region: GenCollectForAllocation
[2169.522s][info ][gc,start     ] GC(706) Pause Young (Allocation Failure)
[2169.522s][info ][gc,task      ] GC(706) Using 4 workers of 4 for evacuation
[2169.524s][debug][gc,ref       ] GC(706) Skipped phase1 of Reference Processing due to unavailable references
[2169.524s][debug][gc,ref       ] GC(706) Skipped phase2 of Reference Processing due to unavailable references
[2169.524s][debug][gc,ref       ] GC(706) Skipped phase3 of Reference Processing due to unavailable references
[2169.524s][debug][gc,ref       ] GC(706) Skipped phase4 of Reference Processing due to unavailable references
[2169.525s][debug][gc,age       ] GC(706) Desired survivor size 15368192 bytes, new threshold 6 (max threshold 6)
[2169.525s][info ][gc,heap      ] GC(706) ParNew: 241278K->870K(270336K)
[2169.525s][info ][gc,heap      ] GC(706) CMS: 340773K->340851K(600768K)
[2169.525s][info ][gc,metaspace ] GC(706) Metaspace: 57676K->57676K(1101824K)
[2169.525s][info ][gc           ] GC(706) Pause Young (Allocation Failure) 568M->333M(850M) 2.552ms
[2169.525s][info ][gc,cpu       ] GC(706) User=0.01s Sys=0.00s Real=0.00s
[2169.525s][info ][safepoint    ] Leaving safepoint region
[2169.525s][info ][safepoint    ] Total time for which application threads were stopped: 0.0027109 seconds, Stopping threads took: 0.0000165 seconds
[2170.525s][info ][safepoint    ] Application time: 1.0001709 seconds
[2170.525s][info ][safepoint    ] Entering safepoint region: Cleanup
[2170.525s][info ][safepoint    ] Leaving safepoint region
[2170.525s][info ][safepoint    ] Total time for which application threads were stopped: 0.0001362 seconds, Stopping threads took: 0.0000524 seconds
[2171.525s][info ][safepoint    ] Application time: 1.0001525 seconds
[2171.525s][info ][safepoint    ] Entering safepoint region: Cleanup
[2171.525s][info ][safepoint    ] Leaving safepoint region
[2171.525s][info ][safepoint    ] Total time for which application threads were stopped: 0.0001870 seconds, Stopping threads took: 0.0001129 seconds
[2172.525s][info ][safepoint    ] Application time: 1.0000984 seconds
[2172.526s][info ][safepoint    ] Entering safepoint region: Cleanup
[2172.526s][info ][safepoint    ] Leaving safepoint region
[2172.526s][info ][safepoint    ] Total time for which application threads were stopped: 0.0000917 seconds, Stopping threads took: 0.0000155 seconds
[2173.071s][info ][safepoint    ] Application time: 0.5458812 seconds
[2173.072s][info ][safepoint    ] Entering safepoint region: GenCollectForAllocation
[2173.072s][info ][gc,start     ] GC(707) Pause Young (Allocation Failure)
[2173.072s][info ][gc,task      ] GC(707) Using 4 workers of 4 for evacuation
[2173.074s][debug][gc,ref       ] GC(707) Skipped phase1 of Reference Processing due to unavailable references
[2173.074s][debug][gc,ref       ] GC(707) Skipped phase2 of Reference Processing due to unavailable references
[2173.074s][debug][gc,ref       ] GC(707) Skipped phase3 of Reference Processing due to unavailable references
[2173.074s][debug][gc,ref       ] GC(707) Skipped phase4 of Reference Processing due to unavailable references
[2173.074s][debug][gc,age       ] GC(707) Desired survivor size 15368192 bytes, new threshold 6 (max threshold 6)
[2173.074s][info ][gc,heap      ] GC(707) ParNew: 241190K->956K(270336K)
[2173.074s][info ][gc,heap      ] GC(707) CMS: 340851K->340953K(600768K)
[2173.074s][info ][gc,metaspace ] GC(707) Metaspace: 57676K->57676K(1101824K)
[2173.074s][info ][gc           ] GC(707) Pause Young (Allocation Failure) 568M->333M(850M) 2.597ms
[2173.074s][info ][gc,cpu       ] GC(707) User=0.01s Sys=0.00s Real=0.01s
[2173.074s][info ][safepoint    ] Leaving safepoint region
[2173.074s][info ][safepoint    ] Total time for which application threads were stopped: 0.0027714 seconds, Stopping threads took: 0.0000237 seconds
[2176.671s][info ][safepoint    ] Application time: 3.5971788 seconds
[2176.671s][info ][safepoint    ] Entering safepoint region: GenCollectForAllocation
[2176.672s][info ][gc,start     ] GC(708) Pause Young (Allocation Failure)
[2176.672s][info ][gc,task      ] GC(708) Using 4 workers of 4 for evacuation
[2176.674s][debug][gc,ref       ] GC(708) Skipped phase1 of Reference Processing due to unavailable references
[2176.674s][debug][gc,ref       ] GC(708) Skipped phase2 of Reference Processing due to unavailable references
[2176.674s][debug][gc,ref       ] GC(708) Skipped phase3 of Reference Processing due to unavailable references
[2176.674s][debug][gc,ref       ] GC(708) Skipped phase4 of Reference Processing due to unavailable references
[2176.674s][debug][gc,age       ] GC(708) Desired survivor size 15368192 bytes, new threshold 6 (max threshold 6)
[2176.674s][info ][gc,heap      ] GC(708) ParNew: 241276K->1085K(270336K)
[2176.674s][info ][gc,heap      ] GC(708) CMS: 340953K->340967K(600768K)
[2176.674s][info ][gc,metaspace ] GC(708) Metaspace: 57676K->57676K(1101824K)
[2176.674s][info ][gc           ] GC(708) Pause Young (Allocation Failure) 568M->334M(850M) 2.508ms
[2176.674s][info ][gc,cpu       ] GC(708) User=0.01s Sys=0.00s Real=0.01s
[2176.674s][info ][safepoint    ] Leaving safepoint region
[2176.674s][info ][safepoint    ] Total time for which application threads were stopped: 0.0026563 seconds, Stopping threads took: 0.0000149 seconds
[2178.674s][info ][safepoint    ] Application time: 2.0001875 seconds
[2178.674s][info ][safepoint    ] Entering safepoint region: Cleanup
[2178.675s][info ][safepoint    ] Leaving safepoint region
[2178.675s][info ][safepoint    ] Total time for which application threads were stopped: 0.0001563 seconds, Stopping threads took: 0.0000724 seconds
[2180.323s][info ][safepoint    ] Application time: 1.6483648 seconds
[2180.323s][info ][safepoint    ] Entering safepoint region: GenCollectForAllocation
[2180.323s][info ][gc,start     ] GC(709) Pause Young (Allocation Failure)
[2180.323s][info ][gc,task      ] GC(709) Using 4 workers of 4 for evacuation
[2180.326s][debug][gc,ref       ] GC(709) Skipped phase1 of Reference Processing due to unavailable references
[2180.326s][debug][gc,ref       ] GC(709) Skipped phase2 of Reference Processing due to unavailable references
[2180.326s][debug][gc,ref       ] GC(709) Skipped phase3 of Reference Processing due to unavailable references
[2180.326s][debug][gc,ref       ] GC(709) Skipped phase4 of Reference Processing due to unavailable references
[2180.326s][debug][gc,age       ] GC(709) Desired survivor size 15368192 bytes, new threshold 6 (max threshold 6)
[2180.326s][info ][gc,heap      ] GC(709) ParNew: 241405K->1072K(270336K)
[2180.326s][info ][gc,heap      ] GC(709) CMS: 340967K->341111K(600768K)
[2180.326s][info ][gc,metaspace ] GC(709) Metaspace: 57676K->57676K(1101824K)
[2180.326s][info ][gc           ] GC(709) Pause Young (Allocation Failure) 568M->334M(850M) 3.144ms
[2180.326s][info ][gc,cpu       ] GC(709) User=0.01s Sys=0.00s Real=0.01s
[2180.326s][info ][safepoint    ] Leaving safepoint region
[2180.326s][info ][safepoint    ] Total time for which application threads were stopped: 0.0034217 seconds, Stopping threads took: 0.0000145 seconds
[2183.969s][info ][safepoint    ] Application time: 3.6422864 seconds
[2183.969s][info ][safepoint    ] Entering safepoint region: GenCollectForAllocation
[2183.969s][info ][gc,start     ] GC(710) Pause Young (Allocation Failure)
[2183.969s][info ][gc,task      ] GC(710) Using 4 workers of 4 for evacuation
[2183.971s][debug][gc,ref       ] GC(710) Skipped phase1 of Reference Processing due to unavailable references
[2183.971s][debug][gc,ref       ] GC(710) Skipped phase2 of Reference Processing due to unavailable references
[2183.971s][debug][gc,ref       ] GC(710) Skipped phase3 of Reference Processing due to unavailable references
[2183.971s][debug][gc,ref       ] GC(710) Skipped phase4 of Reference Processing due to unavailable references
[2183.971s][debug][gc,age       ] GC(710) Desired survivor size 15368192 bytes, new threshold 6 (max threshold 6)
[2183.971s][info ][gc,heap      ] GC(710) ParNew: 241392K->1144K(270336K)
[2183.971s][info ][gc,heap      ] GC(710) CMS: 341111K->341132K(600768K)
[2183.971s][info ][gc,metaspace ] GC(710) Metaspace: 57676K->57676K(1101824K)
[2183.971s][info ][gc           ] GC(710) Pause Young (Allocation Failure) 568M->334M(850M) 2.239ms
[2183.971s][info ][gc,cpu       ] GC(710) User=0.01s Sys=0.00s Real=0.00s
[2183.971s][info ][safepoint    ] Leaving safepoint region
[2183.971s][info ][safepoint    ] Total time for which application threads were stopped: 0.0023815 seconds, Stopping threads took: 0.0000142 seconds
[2187.618s][info ][safepoint    ] Application time: 3.6465816 seconds
[2187.618s][info ][safepoint    ] Entering safepoint region: GenCollectForAllocation
[2187.618s][info ][gc,start     ] GC(711) Pause Young (Allocation Failure)
[2187.618s][info ][gc,task      ] GC(711) Using 4 workers of 4 for evacuation
[2187.620s][debug][gc,ref       ] GC(711) Skipped phase1 of Reference Processing due to unavailable references
[2187.620s][debug][gc,ref       ] GC(711) Skipped phase2 of Reference Processing due to unavailable references
[2187.620s][debug][gc,ref       ] GC(711) Skipped phase3 of Reference Processing due to unavailable references
[2187.620s][debug][gc,ref       ] GC(711) Skipped phase4 of Reference Processing due to unavailable references
[2187.620s][debug][gc,age       ] GC(711) Desired survivor size 15368192 bytes, new threshold 6 (max threshold 6)
[2187.620s][info ][gc,heap      ] GC(711) ParNew: 241464K->980K(270336K)
[2187.620s][info ][gc,heap      ] GC(711) CMS: 341132K->341168K(600768K)
[2187.620s][info ][gc,metaspace ] GC(711) Metaspace: 57676K->57676K(1101824K)
[2187.620s][info ][gc           ] GC(711) Pause Young (Allocation Failure) 568M->334M(850M) 2.253ms
[2187.620s][info ][gc,cpu       ] GC(711) User=0.01s Sys=0.01s Real=0.00s
[2187.620s][info ][safepoint    ] Leaving safepoint region
[2187.620s][info ][safepoint    ] Total time for which application threads were stopped: 0.0024664 seconds, Stopping threads took: 0.0000144 seconds
[2191.315s][info ][safepoint    ] Application time: 3.6946751 seconds
[2191.315s][info ][safepoint    ] Entering safepoint region: GenCollectForAllocation
[2191.315s][info ][gc,start     ] GC(712) Pause Young (Allocation Failure)
[2191.315s][info ][gc,task      ] GC(712) Using 4 workers of 4 for evacuation
[2191.318s][debug][gc,ref       ] GC(712) Skipped phase1 of Reference Processing due to unavailable references
[2191.318s][debug][gc,ref       ] GC(712) Skipped phase2 of Reference Processing due to unavailable references
[2191.318s][debug][gc,ref       ] GC(712) Skipped phase3 of Reference Processing due to unavailable references
[2191.318s][debug][gc,ref       ] GC(712) Skipped phase4 of Reference Processing due to unavailable references
[2191.318s][debug][gc,age       ] GC(712) Desired survivor size 15368192 bytes, new threshold 6 (max threshold 6)
[2191.318s][info ][gc,heap      ] GC(712) ParNew: 241300K->1060K(270336K)
[2191.318s][info ][gc,heap      ] GC(712) CMS: 341168K->341263K(600768K)
[2191.318s][info ][gc,metaspace ] GC(712) Metaspace: 57676K->57676K(1101824K)
[2191.318s][info ][gc           ] GC(712) Pause Young (Allocation Failure) 568M->334M(850M) 2.532ms
[2191.318s][info ][gc,cpu       ] GC(712) User=0.01s Sys=0.00s Real=0.00s
[2191.318s][info ][safepoint    ] Leaving safepoint region
[2191.318s][info ][safepoint    ] Total time for which application threads were stopped: 0.0027167 seconds, Stopping threads took: 0.0000489 seconds
[2192.318s][info ][safepoint    ] Application time: 1.0001912 seconds
[2192.318s][info ][safepoint    ] Entering safepoint region: Cleanup
[2192.318s][info ][safepoint    ] Leaving safepoint region
[2192.318s][info ][safepoint    ] Total time for which application threads were stopped: 0.0002101 seconds, Stopping threads took: 0.0001252 seconds
[2195.020s][info ][safepoint    ] Application time: 2.7019584 seconds
[2195.021s][info ][safepoint    ] Entering safepoint region: GenCollectForAllocation
[2195.021s][info ][gc,start     ] GC(713) Pause Young (Allocation Failure)
[2195.021s][info ][gc,task      ] GC(713) Using 4 workers of 4 for evacuation
[2195.023s][debug][gc,ref       ] GC(713) Skipped phase1 of Reference Processing due to unavailable references
[2195.023s][debug][gc,ref       ] GC(713) Skipped phase2 of Reference Processing due to unavailable references
[2195.023s][debug][gc,ref       ] GC(713) Skipped phase3 of Reference Processing due to unavailable references
[2195.023s][debug][gc,ref       ] GC(713) Skipped phase4 of Reference Processing due to unavailable references
[2195.023s][debug][gc,age       ] GC(713) Desired survivor size 15368192 bytes, new threshold 6 (max threshold 6)
[2195.023s][info ][gc,heap      ] GC(713) ParNew: 241380K->1027K(270336K)
[2195.023s][info ][gc,heap      ] GC(713) CMS: 341263K->341418K(600768K)
[2195.023s][info ][gc,metaspace ] GC(713) Metaspace: 57676K->57676K(1101824K)
[2195.023s][info ][gc           ] GC(713) Pause Young (Allocation Failure) 568M->334M(850M) 2.581ms
[2195.023s][info ][gc,cpu       ] GC(713) User=0.01s Sys=0.00s Real=0.00s
[2195.023s][info ][safepoint    ] Leaving safepoint region
[2195.023s][info ][safepoint    ] Total time for which application threads were stopped: 0.0027294 seconds, Stopping threads took: 0.0000191 seconds
[2196.023s][info ][safepoint    ] Application time: 1.0001057 seconds
[2196.024s][info ][safepoint    ] Entering safepoint region: Cleanup
[2196.024s][info ][safepoint    ] Leaving safepoint region
[2196.024s][info ][safepoint    ] Total time for which application threads were stopped: 0.0001451 seconds, Stopping threads took: 0.0000666 seconds
[2198.675s][info ][safepoint    ] Application time: 2.6515447 seconds
[2198.675s][info ][safepoint    ] Entering safepoint region: GenCollectForAllocation
[2198.675s][info ][gc,start     ] GC(714) Pause Young (Allocation Failure)
[2198.675s][info ][gc,task      ] GC(714) Using 4 workers of 4 for evacuation
[2198.678s][debug][gc,ref       ] GC(714) Skipped phase1 of Reference Processing due to unavailable references
[2198.678s][debug][gc,ref       ] GC(714) Skipped phase2 of Reference Processing due to unavailable references
[2198.678s][debug][gc,ref       ] GC(714) Skipped phase3 of Reference Processing due to unavailable references
[2198.678s][debug][gc,ref       ] GC(714) Skipped phase4 of Reference Processing due to unavailable references
[2198.678s][debug][gc,age       ] GC(714) Desired survivor size 15368192 bytes, new threshold 6 (max threshold 6)
[2198.678s][info ][gc,heap      ] GC(714) ParNew: 241347K->1127K(270336K)
[2198.678s][info ][gc,heap      ] GC(714) CMS: 341418K->341477K(600768K)
[2198.678s][info ][gc,metaspace ] GC(714) Metaspace: 57676K->57676K(1101824K)
[2198.678s][info ][gc           ] GC(714) Pause Young (Allocation Failure) 569M->334M(850M) 2.748ms
[2198.678s][info ][gc,cpu       ] GC(714) User=0.01s Sys=0.00s Real=0.00s
[2198.678s][info ][safepoint    ] Leaving safepoint region
[2198.678s][info ][safepoint    ] Total time for which application threads were stopped: 0.0029300 seconds, Stopping threads took: 0.0000290 seconds
[2202.169s][info ][safepoint    ] Application time: 3.4909829 seconds
[2202.169s][info ][safepoint    ] Entering safepoint region: GenCollectForAllocation
[2202.169s][info ][gc,start     ] GC(715) Pause Young (Allocation Failure)
[2202.169s][info ][gc,task      ] GC(715) Using 4 workers of 4 for evacuation
[2202.172s][debug][gc,ref       ] GC(715) Skipped phase1 of Reference Processing due to unavailable references
[2202.172s][debug][gc,ref       ] GC(715) Skipped phase2 of Reference Processing due to unavailable references
[2202.172s][debug][gc,ref       ] GC(715) Skipped phase3 of Reference Processing due to unavailable references
[2202.172s][debug][gc,ref       ] GC(715) Skipped phase4 of Reference Processing due to unavailable references
[2202.172s][debug][gc,age       ] GC(715) Desired survivor size 15368192 bytes, new threshold 6 (max threshold 6)
[2202.172s][info ][gc,heap      ] GC(715) ParNew: 241447K->1330K(270336K)
[2202.172s][info ][gc,heap      ] GC(715) CMS: 341477K->341647K(600768K)
[2202.172s][info ][gc,metaspace ] GC(715) Metaspace: 57676K->57676K(1101824K)
[2202.172s][info ][gc           ] GC(715) Pause Young (Allocation Failure) 569M->334M(850M) 3.075ms
[2202.172s][info ][gc,cpu       ] GC(715) User=0.01s Sys=0.00s Real=0.00s
[2202.172s][info ][safepoint    ] Leaving safepoint region
[2202.172s][info ][safepoint    ] Total time for which application threads were stopped: 0.0032371 seconds, Stopping threads took: 0.0000304 seconds
[2205.666s][info ][safepoint    ] Application time: 3.4938060 seconds
[2205.666s][info ][safepoint    ] Entering safepoint region: GenCollectForAllocation
[2205.666s][info ][gc,start     ] GC(716) Pause Young (Allocation Failure)
[2205.666s][info ][gc,task      ] GC(716) Using 4 workers of 4 for evacuation
[2205.669s][debug][gc,ref       ] GC(716) Skipped phase1 of Reference Processing due to unavailable references
[2205.669s][debug][gc,ref       ] GC(716) Skipped phase2 of Reference Processing due to unavailable references
[2205.669s][debug][gc,ref       ] GC(716) Skipped phase3 of Reference Processing due to unavailable references
[2205.669s][debug][gc,ref       ] GC(716) Skipped phase4 of Reference Processing due to unavailable references
[2205.669s][debug][gc,age       ] GC(716) Desired survivor size 15368192 bytes, new threshold 6 (max threshold 6)
[2205.669s][info ][gc,heap      ] GC(716) ParNew: 241650K->1219K(270336K)
[2205.669s][info ][gc,heap      ] GC(716) CMS: 341647K->341734K(600768K)
[2205.669s][info ][gc,metaspace ] GC(716) Metaspace: 57676K->57676K(1101824K)
[2205.669s][info ][gc           ] GC(716) Pause Young (Allocation Failure) 569M->334M(850M) 2.776ms
[2205.669s][info ][gc,cpu       ] GC(716) User=0.01s Sys=0.00s Real=0.00s
[2205.669s][info ][safepoint    ] Leaving safepoint region
[2205.669s][info ][safepoint    ] Total time for which application threads were stopped: 0.0029964 seconds, Stopping threads took: 0.0000138 seconds
[2208.669s][info ][safepoint    ] Application time: 3.0002760 seconds
[2208.670s][info ][safepoint    ] Entering safepoint region: Cleanup
[2208.670s][info ][safepoint    ] Leaving safepoint region
[2208.670s][info ][safepoint    ] Total time for which application threads were stopped: 0.0001339 seconds, Stopping threads took: 0.0000708 seconds
[2209.161s][info ][safepoint    ] Application time: 0.4908877 seconds
[2209.161s][info ][safepoint    ] Entering safepoint region: GenCollectForAllocation
[2209.161s][info ][gc,start     ] GC(717) Pause Young (Allocation Failure)
[2209.161s][info ][gc,task      ] GC(717) Using 4 workers of 4 for evacuation
[2209.163s][debug][gc,ref       ] GC(717) Skipped phase1 of Reference Processing due to unavailable references
[2209.163s][debug][gc,ref       ] GC(717) Skipped phase2 of Reference Processing due to unavailable references
[2209.163s][debug][gc,ref       ] GC(717) Skipped phase3 of Reference Processing due to unavailable references
[2209.163s][debug][gc,ref       ] GC(717) Skipped phase4 of Reference Processing due to unavailable references
[2209.163s][debug][gc,age       ] GC(717) Desired survivor size 15368192 bytes, new threshold 6 (max threshold 6)
[2209.163s][info ][gc,heap      ] GC(717) ParNew: 241539K->1607K(270336K)
[2209.163s][info ][gc,heap      ] GC(717) CMS: 341734K->341747K(600768K)
[2209.163s][info ][gc,metaspace ] GC(717) Metaspace: 57679K->57679K(1101824K)
[2209.163s][info ][gc           ] GC(717) Pause Young (Allocation Failure) 569M->335M(850M) 2.726ms
[2209.163s][info ][gc,cpu       ] GC(717) User=0.01s Sys=0.00s Real=0.00s
[2209.163s][info ][safepoint    ] Leaving safepoint region
[2209.163s][info ][safepoint    ] Total time for which application threads were stopped: 0.0028719 seconds, Stopping threads took: 0.0000264 seconds
[2210.164s][info ][safepoint    ] Application time: 1.0001039 seconds
[2210.164s][info ][safepoint    ] Entering safepoint region: Cleanup
[2210.164s][info ][safepoint    ] Leaving safepoint region
[2210.164s][info ][safepoint    ] Total time for which application threads were stopped: 0.0000740 seconds, Stopping threads took: 0.0000160 seconds
[2211.164s][info ][safepoint    ] Application time: 1.0000829 seconds
[2211.164s][info ][safepoint    ] Entering safepoint region: Cleanup
[2211.164s][info ][safepoint    ] Leaving safepoint region
[2211.164s][info ][safepoint    ] Total time for which application threads were stopped: 0.0000723 seconds, Stopping threads took: 0.0000170 seconds
[2212.164s][info ][safepoint    ] Application time: 1.0000996 seconds
[2212.164s][info ][safepoint    ] Entering safepoint region: Cleanup
[2212.164s][info ][safepoint    ] Leaving safepoint region
[2212.164s][info ][safepoint    ] Total time for which application threads were stopped: 0.0001630 seconds, Stopping threads took: 0.0000809 seconds
[2212.626s][info ][safepoint    ] Application time: 0.4613616 seconds
[2212.626s][info ][safepoint    ] Entering safepoint region: GenCollectForAllocation
[2212.626s][info ][gc,start     ] GC(718) Pause Young (Allocation Failure)
[2212.626s][info ][gc,task      ] GC(718) Using 4 workers of 4 for evacuation
[2212.628s][debug][gc,ref       ] GC(718) Skipped phase1 of Reference Processing due to unavailable references
[2212.628s][debug][gc,ref       ] GC(718) Skipped phase2 of Reference Processing due to unavailable references
[2212.628s][debug][gc,ref       ] GC(718) Skipped phase3 of Reference Processing due to unavailable references
[2212.628s][debug][gc,ref       ] GC(718) Skipped phase4 of Reference Processing due to unavailable references
[2212.628s][debug][gc,age       ] GC(718) Desired survivor size 15368192 bytes, new threshold 6 (max threshold 6)
[2212.629s][info ][gc,heap      ] GC(718) ParNew: 241927K->1615K(270336K)
[2212.629s][info ][gc,heap      ] GC(718) CMS: 341747K->341794K(600768K)
[2212.629s][info ][gc,metaspace ] GC(718) Metaspace: 57679K->57679K(1101824K)
[2212.629s][info ][gc           ] GC(718) Pause Young (Allocation Failure) 569M->335M(850M) 2.883ms
[2212.629s][info ][gc,cpu       ] GC(718) User=0.01s Sys=0.00s Real=0.01s
[2212.629s][info ][safepoint    ] Leaving safepoint region
[2212.629s][info ][safepoint    ] Total time for which application threads were stopped: 0.0030619 seconds, Stopping threads took: 0.0000441 seconds
[2213.629s][info ][safepoint    ] Application time: 1.0001101 seconds
[2213.629s][info ][safepoint    ] Entering safepoint region: Cleanup
[2213.629s][info ][safepoint    ] Leaving safepoint region
[2213.629s][info ][safepoint    ] Total time for which application threads were stopped: 0.0000768 seconds, Stopping threads took: 0.0000171 seconds
[2214.629s][info ][safepoint    ] Application time: 1.0000824 seconds
[2214.629s][info ][safepoint    ] Entering safepoint region: Cleanup
[2214.629s][info ][safepoint    ] Leaving safepoint region
[2214.629s][info ][safepoint    ] Total time for which application threads were stopped: 0.0000810 seconds, Stopping threads took: 0.0000270 seconds
[2215.629s][info ][safepoint    ] Application time: 1.0000864 seconds
[2215.629s][info ][safepoint    ] Entering safepoint region: Cleanup
[2215.629s][info ][safepoint    ] Leaving safepoint region
[2215.629s][info ][safepoint    ] Total time for which application threads were stopped: 0.0000752 seconds, Stopping threads took: 0.0000178 seconds
[2216.269s][info ][safepoint    ] Application time: 0.6400932 seconds
[2216.269s][info ][safepoint    ] Entering safepoint region: GenCollectForAllocation
[2216.270s][info ][gc,start     ] GC(719) Pause Young (Allocation Failure)
[2216.270s][info ][gc,task      ] GC(719) Using 4 workers of 4 for evacuation
[2216.272s][debug][gc,ref       ] GC(719) Skipped phase1 of Reference Processing due to unavailable references
[2216.272s][debug][gc,ref       ] GC(719) Skipped phase2 of Reference Processing due to unavailable references
[2216.272s][debug][gc,ref       ] GC(719) Skipped phase3 of Reference Processing due to unavailable references
[2216.272s][debug][gc,ref       ] GC(719) Skipped phase4 of Reference Processing due to unavailable references
[2216.272s][debug][gc,age       ] GC(719) Desired survivor size 15368192 bytes, new threshold 6 (max threshold 6)
[2216.273s][info ][gc,heap      ] GC(719) ParNew: 241935K->1648K(270336K)
[2216.273s][info ][gc,heap      ] GC(719) CMS: 341794K->341913K(600768K)
[2216.273s][info ][gc,metaspace ] GC(719) Metaspace: 57679K->57679K(1101824K)
[2216.273s][info ][gc           ] GC(719) Pause Young (Allocation Failure) 570M->335M(850M) 2.979ms
[2216.273s][info ][gc,cpu       ] GC(719) User=0.01s Sys=0.00s Real=0.00s
[2216.273s][info ][safepoint    ] Leaving safepoint region
[2216.273s][info ][safepoint    ] Total time for which application threads were stopped: 0.0031422 seconds, Stopping threads took: 0.0000161 seconds
[2217.273s][info ][safepoint    ] Application time: 1.0001014 seconds
[2217.273s][info ][safepoint    ] Entering safepoint region: Cleanup
[2217.273s][info ][safepoint    ] Leaving safepoint region
[2217.273s][info ][safepoint    ] Total time for which application threads were stopped: 0.0001270 seconds, Stopping threads took: 0.0000664 seconds
[2218.273s][info ][safepoint    ] Application time: 1.0000977 seconds
[2218.273s][info ][safepoint    ] Entering safepoint region: Cleanup
[2218.273s][info ][safepoint    ] Leaving safepoint region
[2218.273s][info ][safepoint    ] Total time for which application threads were stopped: 0.0001312 seconds, Stopping threads took: 0.0000638 seconds
[2219.273s][info ][safepoint    ] Application time: 1.0001197 seconds
[2219.273s][info ][safepoint    ] Entering safepoint region: Cleanup
[2219.273s][info ][safepoint    ] Leaving safepoint region
[2219.273s][info ][safepoint    ] Total time for which application threads were stopped: 0.0001411 seconds, Stopping threads took: 0.0000810 seconds
[2219.922s][info ][safepoint    ] Application time: 0.6483373 seconds
[2219.922s][info ][safepoint    ] Entering safepoint region: GenCollectForAllocation
[2219.922s][info ][gc,start     ] GC(720) Pause Young (Allocation Failure)
[2219.922s][info ][gc,task      ] GC(720) Using 4 workers of 4 for evacuation
[2219.925s][debug][gc,ref       ] GC(720) Skipped phase1 of Reference Processing due to unavailable references
[2219.925s][debug][gc,ref       ] GC(720) Skipped phase2 of Reference Processing due to unavailable references
[2219.925s][debug][gc,ref       ] GC(720) Skipped phase3 of Reference Processing due to unavailable references
[2219.925s][debug][gc,ref       ] GC(720) Skipped phase4 of Reference Processing due to unavailable references
[2219.925s][debug][gc,age       ] GC(720) Desired survivor size 15368192 bytes, new threshold 6 (max threshold 6)
[2219.925s][info ][gc,heap      ] GC(720) ParNew: 241968K->1507K(270336K)
[2219.925s][info ][gc,heap      ] GC(720) CMS: 341913K->342080K(600768K)
[2219.925s][info ][gc,metaspace ] GC(720) Metaspace: 57679K->57679K(1101824K)
[2219.925s][info ][gc           ] GC(720) Pause Young (Allocation Failure) 570M->335M(850M) 3.161ms
[2219.925s][info ][gc,cpu       ] GC(720) User=0.01s Sys=0.01s Real=0.00s
[2219.925s][info ][safepoint    ] Leaving safepoint region
[2219.925s][info ][safepoint    ] Total time for which application threads were stopped: 0.0033544 seconds, Stopping threads took: 0.0000130 seconds
[2220.925s][info ][safepoint    ] Application time: 1.0001186 seconds
[2220.925s][info ][safepoint    ] Entering safepoint region: Cleanup
[2220.925s][info ][safepoint    ] Leaving safepoint region
[2220.925s][info ][safepoint    ] Total time for which application threads were stopped: 0.0001313 seconds, Stopping threads took: 0.0000726 seconds
[2221.926s][info ][safepoint    ] Application time: 1.0001221 seconds
[2221.926s][info ][safepoint    ] Entering safepoint region: Cleanup
[2221.926s][info ][safepoint    ] Leaving safepoint region
[2221.926s][info ][safepoint    ] Total time for which application threads were stopped: 0.0000908 seconds, Stopping threads took: 0.0000156 seconds
[2222.926s][info ][safepoint    ] Application time: 1.0001535 seconds
[2222.926s][info ][safepoint    ] Entering safepoint region: Cleanup
[2222.926s][info ][safepoint    ] Leaving safepoint region
[2222.926s][info ][safepoint    ] Total time for which application threads were stopped: 0.0000748 seconds, Stopping threads took: 0.0000154 seconds
[2223.521s][info ][safepoint    ] Application time: 0.5950446 seconds
[2223.521s][info ][safepoint    ] Entering safepoint region: GenCollectForAllocation
[2223.521s][info ][gc,start     ] GC(721) Pause Young (Allocation Failure)
[2223.521s][info ][gc,task      ] GC(721) Using 4 workers of 4 for evacuation
[2223.524s][debug][gc,ref       ] GC(721) Skipped phase1 of Reference Processing due to unavailable references
[2223.524s][debug][gc,ref       ] GC(721) Skipped phase2 of Reference Processing due to unavailable references
[2223.524s][debug][gc,ref       ] GC(721) Skipped phase3 of Reference Processing due to unavailable references
[2223.524s][debug][gc,ref       ] GC(721) Skipped phase4 of Reference Processing due to unavailable references
[2223.525s][debug][gc,age       ] GC(721) Desired survivor size 15368192 bytes, new threshold 6 (max threshold 6)
[2223.525s][info ][gc,heap      ] GC(721) ParNew: 241827K->1291K(270336K)
[2223.525s][info ][gc,heap      ] GC(721) CMS: 342080K->342415K(600768K)
[2223.525s][info ][gc,metaspace ] GC(721) Metaspace: 57679K->57679K(1101824K)
[2223.525s][info ][gc           ] GC(721) Pause Young (Allocation Failure) 570M->335M(850M) 3.391ms
[2223.525s][info ][gc,cpu       ] GC(721) User=0.01s Sys=0.00s Real=0.00s
[2223.525s][info ][safepoint    ] Leaving safepoint region
[2223.525s][info ][safepoint    ] Total time for which application threads were stopped: 0.0035490 seconds, Stopping threads took: 0.0000142 seconds
[2224.525s][info ][safepoint    ] Application time: 1.0000892 seconds
[2224.525s][info ][safepoint    ] Entering safepoint region: Cleanup
[2224.525s][info ][safepoint    ] Leaving safepoint region
[2224.525s][info ][safepoint    ] Total time for which application threads were stopped: 0.0001611 seconds, Stopping threads took: 0.0000845 seconds
[2225.525s][info ][safepoint    ] Application time: 1.0000685 seconds
[2225.525s][info ][safepoint    ] Entering safepoint region: Cleanup
[2225.525s][info ][safepoint    ] Leaving safepoint region
[2225.525s][info ][safepoint    ] Total time for which application threads were stopped: 0.0001310 seconds, Stopping threads took: 0.0000641 seconds
[2226.525s][info ][safepoint    ] Application time: 1.0000870 seconds
[2226.525s][info ][safepoint    ] Entering safepoint region: Cleanup
[2226.525s][info ][safepoint    ] Leaving safepoint region
[2226.525s][info ][safepoint    ] Total time for which application threads were stopped: 0.0000841 seconds, Stopping threads took: 0.0000160 seconds
[2226.974s][info ][safepoint    ] Application time: 0.4486475 seconds
[2226.974s][info ][safepoint    ] Entering safepoint region: GenCollectForAllocation
[2226.974s][info ][gc,start     ] GC(722) Pause Young (Allocation Failure)
[2226.974s][info ][gc,task      ] GC(722) Using 4 workers of 4 for evacuation
[2226.977s][debug][gc,ref       ] GC(722) Skipped phase1 of Reference Processing due to unavailable references
[2226.977s][debug][gc,ref       ] GC(722) Skipped phase2 of Reference Processing due to unavailable references
[2226.977s][debug][gc,ref       ] GC(722) Skipped phase3 of Reference Processing due to unavailable references
[2226.977s][debug][gc,ref       ] GC(722) Skipped phase4 of Reference Processing due to unavailable references
[2226.977s][debug][gc,age       ] GC(722) Desired survivor size 15368192 bytes, new threshold 6 (max threshold 6)
[2226.977s][info ][gc,heap      ] GC(722) ParNew: 241611K->1048K(270336K)
[2226.977s][info ][gc,heap      ] GC(722) CMS: 342415K->342675K(600768K)
[2226.977s][info ][gc,metaspace ] GC(722) Metaspace: 57680K->57680K(1101824K)
[2226.977s][info ][gc           ] GC(722) Pause Young (Allocation Failure) 570M->335M(850M) 2.768ms
[2226.977s][info ][gc,cpu       ] GC(722) User=0.01s Sys=0.00s Real=0.00s
[2226.977s][info ][safepoint    ] Leaving safepoint region
[2226.977s][info ][safepoint    ] Total time for which application threads were stopped: 0.0029661 seconds, Stopping threads took: 0.0000184 seconds
[2227.977s][info ][safepoint    ] Application time: 1.0000988 seconds
[2227.977s][info ][safepoint    ] Entering safepoint region: Cleanup
[2227.977s][info ][safepoint    ] Leaving safepoint region
[2227.977s][info ][safepoint    ] Total time for which application threads were stopped: 0.0000700 seconds, Stopping threads took: 0.0000151 seconds
[2228.977s][info ][safepoint    ] Application time: 1.0000876 seconds
[2228.977s][info ][safepoint    ] Entering safepoint region: Cleanup
[2228.977s][info ][safepoint    ] Leaving safepoint region
[2228.977s][info ][safepoint    ] Total time for which application threads were stopped: 0.0000711 seconds, Stopping threads took: 0.0000160 seconds
[2229.978s][info ][safepoint    ] Application time: 1.0001025 seconds
[2229.978s][info ][safepoint    ] Entering safepoint region: Cleanup
[2229.978s][info ][safepoint    ] Leaving safepoint region
[2229.978s][info ][safepoint    ] Total time for which application threads were stopped: 0.0001134 seconds, Stopping threads took: 0.0000399 seconds
[2230.466s][info ][safepoint    ] Application time: 0.4885538 seconds
[2230.466s][info ][safepoint    ] Entering safepoint region: GenCollectForAllocation
[2230.466s][info ][gc,start     ] GC(723) Pause Young (Allocation Failure)
[2230.466s][info ][gc,task      ] GC(723) Using 4 workers of 4 for evacuation
[2230.470s][debug][gc,ref       ] GC(723) Skipped phase1 of Reference Processing due to unavailable references
[2230.470s][debug][gc,ref       ] GC(723) Skipped phase2 of Reference Processing due to unavailable references
[2230.470s][debug][gc,ref       ] GC(723) Skipped phase3 of Reference Processing due to unavailable references
[2230.470s][debug][gc,ref       ] GC(723) Skipped phase4 of Reference Processing due to unavailable references
[2230.470s][debug][gc,age       ] GC(723) Desired survivor size 15368192 bytes, new threshold 6 (max threshold 6)
[2230.470s][info ][gc,heap      ] GC(723) ParNew: 241368K->1361K(270336K)
[2230.470s][info ][gc,heap      ] GC(723) CMS: 342675K->342782K(600768K)
[2230.470s][info ][gc,metaspace ] GC(723) Metaspace: 57680K->57680K(1101824K)
[2230.470s][info ][gc           ] GC(723) Pause Young (Allocation Failure) 570M->336M(850M) 3.687ms
[2230.470s][info ][gc,cpu       ] GC(723) User=0.00s Sys=0.00s Real=0.00s
[2230.470s][info ][safepoint    ] Leaving safepoint region
[2230.470s][info ][safepoint    ] Total time for which application threads were stopped: 0.0038295 seconds, Stopping threads took: 0.0000155 seconds
[2231.470s][info ][safepoint    ] Application time: 1.0000952 seconds
[2231.470s][info ][safepoint    ] Entering safepoint region: Cleanup
[2231.470s][info ][safepoint    ] Leaving safepoint region
[2231.470s][info ][safepoint    ] Total time for which application threads were stopped: 0.0001500 seconds, Stopping threads took: 0.0000830 seconds
[2232.471s][info ][safepoint    ] Application time: 1.0000915 seconds
[2232.471s][info ][safepoint    ] Entering safepoint region: Cleanup
[2232.471s][info ][safepoint    ] Leaving safepoint region
[2232.471s][info ][safepoint    ] Total time for which application threads were stopped: 0.0001491 seconds, Stopping threads took: 0.0000888 seconds
[2233.471s][info ][safepoint    ] Application time: 1.0000484 seconds
[2233.471s][info ][safepoint    ] Entering safepoint region: Cleanup
[2233.471s][info ][safepoint    ] Leaving safepoint region
[2233.471s][info ][safepoint    ] Total time for which application threads were stopped: 0.0001289 seconds, Stopping threads took: 0.0000571 seconds
[2233.972s][info ][safepoint    ] Application time: 0.5013462 seconds
[2233.972s][info ][safepoint    ] Entering safepoint region: GenCollectForAllocation
[2233.972s][info ][gc,start     ] GC(724) Pause Young (Allocation Failure)
[2233.972s][info ][gc,task      ] GC(724) Using 4 workers of 4 for evacuation
[2233.976s][debug][gc,ref       ] GC(724) Skipped phase1 of Reference Processing due to unavailable references
[2233.976s][debug][gc,ref       ] GC(724) Skipped phase2 of Reference Processing due to unavailable references
[2233.976s][debug][gc,ref       ] GC(724) Skipped phase3 of Reference Processing due to unavailable references
[2233.976s][debug][gc,ref       ] GC(724) Skipped phase4 of Reference Processing due to unavailable references
[2233.976s][debug][gc,age       ] GC(724) Desired survivor size 15368192 bytes, new threshold 6 (max threshold 6)
[2233.976s][info ][gc,heap      ] GC(724) ParNew: 241681K->1480K(270336K)
[2233.976s][info ][gc,heap      ] GC(724) CMS: 342782K->342817K(600768K)
[2233.976s][info ][gc,metaspace ] GC(724) Metaspace: 57680K->57680K(1101824K)
[2233.976s][info ][gc           ] GC(724) Pause Young (Allocation Failure) 570M->336M(850M) 3.654ms
[2233.976s][info ][gc,cpu       ] GC(724) User=0.01s Sys=0.01s Real=0.01s
[2233.976s][info ][safepoint    ] Leaving safepoint region
[2233.976s][info ][safepoint    ] Total time for which application threads were stopped: 0.0038093 seconds, Stopping threads took: 0.0000153 seconds
[2234.976s][info ][safepoint    ] Application time: 1.0000617 seconds
[2234.976s][info ][safepoint    ] Entering safepoint region: Cleanup
[2234.976s][info ][safepoint    ] Leaving safepoint region
[2234.976s][info ][safepoint    ] Total time for which application threads were stopped: 0.0000683 seconds, Stopping threads took: 0.0000145 seconds
[2235.976s][info ][safepoint    ] Application time: 1.0001134 seconds
[2235.976s][info ][safepoint    ] Entering safepoint region: Cleanup
[2235.977s][info ][safepoint    ] Leaving safepoint region
[2235.977s][info ][safepoint    ] Total time for which application threads were stopped: 0.0000935 seconds, Stopping threads took: 0.0000154 seconds
[2236.977s][info ][safepoint    ] Application time: 1.0000915 seconds
[2236.977s][info ][safepoint    ] Entering safepoint region: Cleanup
[2236.977s][info ][safepoint    ] Leaving safepoint region
[2236.977s][info ][safepoint    ] Total time for which application threads were stopped: 0.0000924 seconds, Stopping threads took: 0.0000377 seconds
[2237.416s][info ][safepoint    ] Application time: 0.4388026 seconds
[2237.416s][info ][safepoint    ] Entering safepoint region: GenCollectForAllocation
[2237.416s][info ][gc,start     ] GC(725) Pause Young (Allocation Failure)
[2237.416s][info ][gc,task      ] GC(725) Using 4 workers of 4 for evacuation
[2237.418s][debug][gc,ref       ] GC(725) Skipped phase1 of Reference Processing due to unavailable references
[2237.418s][debug][gc,ref       ] GC(725) Skipped phase2 of Reference Processing due to unavailable references
[2237.418s][debug][gc,ref       ] GC(725) Skipped phase3 of Reference Processing due to unavailable references
[2237.418s][debug][gc,ref       ] GC(725) Skipped phase4 of Reference Processing due to unavailable references
[2237.419s][debug][gc,age       ] GC(725) Desired survivor size 15368192 bytes, new threshold 6 (max threshold 6)
[2237.419s][info ][gc,heap      ] GC(725) ParNew: 241800K->1511K(270336K)
[2237.419s][info ][gc,heap      ] GC(725) CMS: 342817K->342860K(600768K)
[2237.419s][info ][gc,metaspace ] GC(725) Metaspace: 57680K->57680K(1101824K)
[2237.419s][info ][gc           ] GC(725) Pause Young (Allocation Failure) 570M->336M(850M) 2.858ms
[2237.419s][info ][gc,cpu       ] GC(725) User=0.01s Sys=0.00s Real=0.00s
[2237.419s][info ][safepoint    ] Leaving safepoint region
[2237.419s][info ][safepoint    ] Total time for which application threads were stopped: 0.0030704 seconds, Stopping threads took: 0.0000757 seconds
[2238.419s][info ][safepoint    ] Application time: 1.0001025 seconds
[2238.419s][info ][safepoint    ] Entering safepoint region: Cleanup
[2238.419s][info ][safepoint    ] Leaving safepoint region
[2238.419s][info ][safepoint    ] Total time for which application threads were stopped: 0.0001278 seconds, Stopping threads took: 0.0000618 seconds
[2239.419s][info ][safepoint    ] Application time: 1.0000986 seconds
[2239.419s][info ][safepoint    ] Entering safepoint region: Cleanup
[2239.419s][info ][safepoint    ] Leaving safepoint region
[2239.419s][info ][safepoint    ] Total time for which application threads were stopped: 0.0003226 seconds, Stopping threads took: 0.0000621 seconds
[2240.420s][info ][safepoint    ] Application time: 1.0001031 seconds
[2240.420s][info ][safepoint    ] Entering safepoint region: Cleanup
[2240.420s][info ][safepoint    ] Leaving safepoint region
[2240.420s][info ][safepoint    ] Total time for which application threads were stopped: 0.0001140 seconds, Stopping threads took: 0.0000489 seconds
[2240.923s][info ][safepoint    ] Application time: 0.5032451 seconds
[2240.923s][info ][safepoint    ] Entering safepoint region: GenCollectForAllocation
[2240.923s][info ][gc,start     ] GC(726) Pause Young (Allocation Failure)
[2240.923s][info ][gc,task      ] GC(726) Using 4 workers of 4 for evacuation
[2240.926s][debug][gc,ref       ] GC(726) Skipped phase1 of Reference Processing due to unavailable references
[2240.926s][debug][gc,ref       ] GC(726) Skipped phase2 of Reference Processing due to unavailable references
[2240.926s][debug][gc,ref       ] GC(726) Skipped phase3 of Reference Processing due to unavailable references
[2240.926s][debug][gc,ref       ] GC(726) Skipped phase4 of Reference Processing due to unavailable references
[2240.926s][debug][gc,age       ] GC(726) Desired survivor size 15368192 bytes, new threshold 6 (max threshold 6)
[2240.926s][info ][gc,heap      ] GC(726) ParNew: 241831K->1616K(270336K)
[2240.926s][info ][gc,heap      ] GC(726) CMS: 342860K->343001K(600768K)
[2240.926s][info ][gc,metaspace ] GC(726) Metaspace: 57680K->57680K(1101824K)
[2240.926s][info ][gc           ] GC(726) Pause Young (Allocation Failure) 570M->336M(850M) 3.195ms
[2240.926s][info ][gc,cpu       ] GC(726) User=0.01s Sys=0.01s Real=0.01s
[2240.926s][info ][safepoint    ] Leaving safepoint region
[2240.926s][info ][safepoint    ] Total time for which application threads were stopped: 0.0033327 seconds, Stopping threads took: 0.0000144 seconds
[2241.926s][info ][safepoint    ] Application time: 1.0000953 seconds
[2241.926s][info ][safepoint    ] Entering safepoint region: Cleanup
[2241.926s][info ][safepoint    ] Leaving safepoint region
[2241.926s][info ][safepoint    ] Total time for which application threads were stopped: 0.0000692 seconds, Stopping threads took: 0.0000150 seconds
[2242.927s][info ][safepoint    ] Application time: 1.0004368 seconds
[2242.927s][info ][safepoint    ] Entering safepoint region: Cleanup
[2242.927s][info ][safepoint    ] Leaving safepoint region
[2242.927s][info ][safepoint    ] Total time for which application threads were stopped: 0.0000714 seconds, Stopping threads took: 0.0000168 seconds
[2243.927s][info ][safepoint    ] Application time: 1.0000839 seconds
[2243.927s][info ][safepoint    ] Entering safepoint region: Cleanup
[2243.927s][info ][safepoint    ] Leaving safepoint region
[2243.927s][info ][safepoint    ] Total time for which application threads were stopped: 0.0000974 seconds, Stopping threads took: 0.0000150 seconds
[2244.269s][info ][safepoint    ] Application time: 0.3412361 seconds
[2244.269s][info ][safepoint    ] Entering safepoint region: GenCollectForAllocation
[2244.269s][info ][gc,start     ] GC(727) Pause Young (Allocation Failure)
[2244.269s][info ][gc,task      ] GC(727) Using 4 workers of 4 for evacuation
[2244.272s][debug][gc,ref       ] GC(727) Skipped phase1 of Reference Processing due to unavailable references
[2244.272s][debug][gc,ref       ] GC(727) Skipped phase2 of Reference Processing due to unavailable references
[2244.272s][debug][gc,ref       ] GC(727) Skipped phase3 of Reference Processing due to unavailable references
[2244.272s][debug][gc,ref       ] GC(727) Skipped phase4 of Reference Processing due to unavailable references
[2244.272s][debug][gc,age       ] GC(727) Desired survivor size 15368192 bytes, new threshold 6 (max threshold 6)
[2244.272s][info ][gc,heap      ] GC(727) ParNew: 241936K->3691K(270336K)
[2244.272s][info ][gc,heap      ] GC(727) CMS: 343001K->343149K(600768K)
[2244.272s][info ][gc,metaspace ] GC(727) Metaspace: 57680K->57680K(1101824K)
[2244.272s][info ][gc           ] GC(727) Pause Young (Allocation Failure) 571M->338M(850M) 3.655ms
[2244.272s][info ][gc,cpu       ] GC(727) User=0.02s Sys=0.00s Real=0.00s
[2244.272s][info ][safepoint    ] Leaving safepoint region
[2244.272s][info ][safepoint    ] Total time for which application threads were stopped: 0.0038105 seconds, Stopping threads took: 0.0000158 seconds
[2245.272s][info ][safepoint    ] Application time: 1.0000997 seconds
[2245.273s][info ][safepoint    ] Entering safepoint region: Cleanup
[2245.273s][info ][safepoint    ] Leaving safepoint region
[2245.273s][info ][safepoint    ] Total time for which application threads were stopped: 0.0001056 seconds, Stopping threads took: 0.0000362 seconds
[2246.273s][info ][safepoint    ] Application time: 1.0000953 seconds
[2246.273s][info ][safepoint    ] Entering safepoint region: Cleanup
[2246.273s][info ][safepoint    ] Leaving safepoint region
[2246.273s][info ][safepoint    ] Total time for which application threads were stopped: 0.0001544 seconds, Stopping threads took: 0.0000892 seconds
[2247.273s][info ][safepoint    ] Application time: 1.0000963 seconds
[2247.273s][info ][safepoint    ] Entering safepoint region: Cleanup
[2247.273s][info ][safepoint    ] Leaving safepoint region
[2247.273s][info ][safepoint    ] Total time for which application threads were stopped: 0.0001191 seconds, Stopping threads took: 0.0000515 seconds
[2247.767s][info ][safepoint    ] Application time: 0.4938342 seconds
[2247.767s][info ][safepoint    ] Entering safepoint region: GenCollectForAllocation
[2247.767s][info ][gc,start     ] GC(728) Pause Young (Allocation Failure)
[2247.767s][info ][gc,task      ] GC(728) Using 4 workers of 4 for evacuation
[2247.771s][debug][gc,ref       ] GC(728) Skipped phase1 of Reference Processing due to unavailable references
[2247.771s][debug][gc,ref       ] GC(728) Skipped phase2 of Reference Processing due to unavailable references
[2247.771s][debug][gc,ref       ] GC(728) Skipped phase3 of Reference Processing due to unavailable references
[2247.771s][debug][gc,ref       ] GC(728) Skipped phase4 of Reference Processing due to unavailable references
[2247.771s][debug][gc,age       ] GC(728) Desired survivor size 15368192 bytes, new threshold 6 (max threshold 6)
[2247.771s][info ][gc,heap      ] GC(728) ParNew: 244011K->4139K(270336K)
[2247.771s][info ][gc,heap      ] GC(728) CMS: 343149K->343416K(600768K)
[2247.771s][info ][gc,metaspace ] GC(728) Metaspace: 57680K->57680K(1101824K)
[2247.771s][info ][gc           ] GC(728) Pause Young (Allocation Failure) 573M->339M(850M) 3.976ms
[2247.771s][info ][gc,cpu       ] GC(728) User=0.01s Sys=0.00s Real=0.00s
[2247.771s][info ][safepoint    ] Leaving safepoint region
[2247.771s][info ][safepoint    ] Total time for which application threads were stopped: 0.0041325 seconds, Stopping threads took: 0.0000153 seconds
[2248.771s][info ][safepoint    ] Application time: 1.0001036 seconds
[2248.771s][info ][safepoint    ] Entering safepoint region: Cleanup
[2248.771s][info ][safepoint    ] Leaving safepoint region
[2248.771s][info ][safepoint    ] Total time for which application threads were stopped: 0.0001586 seconds, Stopping threads took: 0.0000833 seconds
[2249.772s][info ][safepoint    ] Application time: 1.0001022 seconds
[2249.772s][info ][safepoint    ] Entering safepoint region: Cleanup
[2249.772s][info ][safepoint    ] Leaving safepoint region
[2249.772s][info ][safepoint    ] Total time for which application threads were stopped: 0.0001162 seconds, Stopping threads took: 0.0000493 seconds
[2250.772s][info ][safepoint    ] Application time: 1.0001010 seconds
[2250.772s][info ][safepoint    ] Entering safepoint region: Cleanup
[2250.772s][info ][safepoint    ] Leaving safepoint region
[2250.772s][info ][safepoint    ] Total time for which application threads were stopped: 0.0001296 seconds, Stopping threads took: 0.0000624 seconds
[2251.316s][info ][safepoint    ] Application time: 0.5435739 seconds
[2251.316s][info ][safepoint    ] Entering safepoint region: GenCollectForAllocation
[2251.316s][info ][gc,start     ] GC(729) Pause Young (Allocation Failure)
[2251.316s][info ][gc,task      ] GC(729) Using 4 workers of 4 for evacuation
[2251.319s][debug][gc,ref       ] GC(729) Skipped phase1 of Reference Processing due to unavailable references
[2251.319s][debug][gc,ref       ] GC(729) Skipped phase2 of Reference Processing due to unavailable references
[2251.319s][debug][gc,ref       ] GC(729) Skipped phase3 of Reference Processing due to unavailable references
[2251.319s][debug][gc,ref       ] GC(729) Skipped phase4 of Reference Processing due to unavailable references
[2251.319s][debug][gc,age       ] GC(729) Desired survivor size 15368192 bytes, new threshold 6 (max threshold 6)
[2251.319s][info ][gc,heap      ] GC(729) ParNew: 244459K->4684K(270336K)
[2251.319s][info ][gc,heap      ] GC(729) CMS: 343416K->343595K(600768K)
[2251.319s][info ][gc,metaspace ] GC(729) Metaspace: 57681K->57681K(1101824K)
[2251.319s][info ][gc           ] GC(729) Pause Young (Allocation Failure) 574M->340M(850M) 3.323ms
[2251.319s][info ][gc,cpu       ] GC(729) User=0.01s Sys=0.00s Real=0.00s
[2251.319s][info ][safepoint    ] Leaving safepoint region
[2251.319s][info ][safepoint    ] Total time for which application threads were stopped: 0.0035098 seconds, Stopping threads took: 0.0000603 seconds
[2252.319s][info ][safepoint    ] Application time: 1.0001057 seconds
[2252.319s][info ][safepoint    ] Entering safepoint region: Cleanup
[2252.319s][info ][safepoint    ] Leaving safepoint region
[2252.319s][info ][safepoint    ] Total time for which application threads were stopped: 0.0001057 seconds, Stopping threads took: 0.0000473 seconds
[2253.319s][info ][safepoint    ] Application time: 1.0000959 seconds
[2253.320s][info ][safepoint    ] Entering safepoint region: Cleanup
[2253.320s][info ][safepoint    ] Leaving safepoint region
[2253.320s][info ][safepoint    ] Total time for which application threads were stopped: 0.0001468 seconds, Stopping threads took: 0.0000702 seconds
[2254.320s][info ][safepoint    ] Application time: 1.0000896 seconds
[2254.320s][info ][safepoint    ] Entering safepoint region: Cleanup
[2254.320s][info ][safepoint    ] Leaving safepoint region
[2254.320s][info ][safepoint    ] Total time for which application threads were stopped: 0.0001363 seconds, Stopping threads took: 0.0000644 seconds
[2254.819s][info ][safepoint    ] Application time: 0.4994389 seconds
[2254.819s][info ][safepoint    ] Entering safepoint region: GenCollectForAllocation
[2254.820s][info ][gc,start     ] GC(730) Pause Young (Allocation Failure)
[2254.820s][info ][gc,task      ] GC(730) Using 4 workers of 4 for evacuation
[2254.823s][debug][gc,ref       ] GC(730) Skipped phase1 of Reference Processing due to unavailable references
[2254.823s][debug][gc,ref       ] GC(730) Skipped phase2 of Reference Processing due to unavailable references
[2254.823s][debug][gc,ref       ] GC(730) Skipped phase3 of Reference Processing due to unavailable references
[2254.823s][debug][gc,ref       ] GC(730) Skipped phase4 of Reference Processing due to unavailable references
[2254.823s][debug][gc,age       ] GC(730) Desired survivor size 15368192 bytes, new threshold 6 (max threshold 6)
[2254.823s][info ][gc,heap      ] GC(730) ParNew: 245004K->5127K(270336K)
[2254.823s][info ][gc,heap      ] GC(730) CMS: 343595K->343630K(600768K)
[2254.823s][info ][gc,metaspace ] GC(730) Metaspace: 57681K->57681K(1101824K)
[2254.823s][info ][gc           ] GC(730) Pause Young (Allocation Failure) 574M->340M(850M) 3.388ms
[2254.823s][info ][gc,cpu       ] GC(730) User=0.01s Sys=0.00s Real=0.00s
[2254.823s][info ][safepoint    ] Leaving safepoint region
[2254.823s][info ][safepoint    ] Total time for which application threads were stopped: 0.0035321 seconds, Stopping threads took: 0.0000148 seconds
[2255.823s][info ][safepoint    ] Application time: 1.0000958 seconds
[2255.823s][info ][safepoint    ] Entering safepoint region: Cleanup
[2255.823s][info ][safepoint    ] Leaving safepoint region
[2255.823s][info ][safepoint    ] Total time for which application threads were stopped: 0.0001809 seconds, Stopping threads took: 0.0000870 seconds
[2256.823s][info ][safepoint    ] Application time: 1.0000982 seconds
[2256.823s][info ][safepoint    ] Entering safepoint region: Cleanup
[2256.824s][info ][safepoint    ] Leaving safepoint region
[2256.824s][info ][safepoint    ] Total time for which application threads were stopped: 0.0001723 seconds, Stopping threads took: 0.0000972 seconds
[2257.824s][info ][safepoint    ] Application time: 1.0001078 seconds
[2257.824s][info ][safepoint    ] Entering safepoint region: Cleanup
[2257.824s][info ][safepoint    ] Leaving safepoint region
[2257.824s][info ][safepoint    ] Total time for which application threads were stopped: 0.0001086 seconds, Stopping threads took: 0.0000406 seconds
[2258.351s][info ][safepoint    ] Application time: 0.5276157 seconds
[2258.351s][info ][safepoint    ] Entering safepoint region: GenCollectForAllocation
[2258.352s][info ][gc,start     ] GC(731) Pause Young (Allocation Failure)
[2258.352s][info ][gc,task      ] GC(731) Using 4 workers of 4 for evacuation
[2258.355s][debug][gc,ref       ] GC(731) Skipped phase1 of Reference Processing due to unavailable references
[2258.355s][debug][gc,ref       ] GC(731) Skipped phase2 of Reference Processing due to unavailable references
[2258.355s][debug][gc,ref       ] GC(731) Skipped phase3 of Reference Processing due to unavailable references
[2258.355s][debug][gc,ref       ] GC(731) Skipped phase4 of Reference Processing due to unavailable references
[2258.355s][debug][gc,age       ] GC(731) Desired survivor size 15368192 bytes, new threshold 6 (max threshold 6)
[2258.355s][info ][gc,heap      ] GC(731) ParNew: 245447K->5491K(270336K)
[2258.355s][info ][gc,heap      ] GC(731) CMS: 343630K->343814K(600768K)
[2258.355s][info ][gc,metaspace ] GC(731) Metaspace: 57681K->57681K(1101824K)
[2258.355s][info ][gc           ] GC(731) Pause Young (Allocation Failure) 575M->341M(850M) 3.896ms
[2258.355s][info ][gc,cpu       ] GC(731) User=0.01s Sys=0.01s Real=0.01s
[2258.356s][info ][safepoint    ] Leaving safepoint region
[2258.356s][info ][safepoint    ] Total time for which application threads were stopped: 0.0040352 seconds, Stopping threads took: 0.0000148 seconds
[2259.356s][info ][safepoint    ] Application time: 1.0003323 seconds
[2259.356s][info ][safepoint    ] Entering safepoint region: Cleanup
[2259.356s][info ][safepoint    ] Leaving safepoint region
[2259.356s][info ][safepoint    ] Total time for which application threads were stopped: 0.0000693 seconds, Stopping threads took: 0.0000149 seconds
[2260.356s][info ][safepoint    ] Application time: 1.0000893 seconds
[2260.356s][info ][safepoint    ] Entering safepoint region: Cleanup
[2260.356s][info ][safepoint    ] Leaving safepoint region
[2260.356s][info ][safepoint    ] Total time for which application threads were stopped: 0.0000728 seconds, Stopping threads took: 0.0000175 seconds
[2261.356s][info ][safepoint    ] Application time: 1.0000576 seconds
[2261.356s][info ][safepoint    ] Entering safepoint region: Cleanup
[2261.356s][info ][safepoint    ] Leaving safepoint region
[2261.356s][info ][safepoint    ] Total time for which application threads were stopped: 0.0000686 seconds, Stopping threads took: 0.0000156 seconds
[2261.818s][info ][safepoint    ] Application time: 0.4619438 seconds
[2261.818s][info ][safepoint    ] Entering safepoint region: GenCollectForAllocation
[2261.818s][info ][gc,start     ] GC(732) Pause Young (Allocation Failure)
[2261.818s][info ][gc,task      ] GC(732) Using 4 workers of 4 for evacuation
[2261.822s][debug][gc,ref       ] GC(732) Skipped phase1 of Reference Processing due to unavailable references
[2261.822s][debug][gc,ref       ] GC(732) Skipped phase2 of Reference Processing due to unavailable references
[2261.822s][debug][gc,ref       ] GC(732) Skipped phase3 of Reference Processing due to unavailable references
[2261.822s][debug][gc,ref       ] GC(732) Skipped phase4 of Reference Processing due to unavailable references
[2261.822s][debug][gc,age       ] GC(732) Desired survivor size 15368192 bytes, new threshold 6 (max threshold 6)
[2261.822s][info ][gc,heap      ] GC(732) ParNew: 245811K->4512K(270336K)
[2261.822s][info ][gc,heap      ] GC(732) CMS: 343814K->343916K(600768K)
[2261.822s][info ][gc,metaspace ] GC(732) Metaspace: 57681K->57681K(1101824K)
[2261.822s][info ][gc           ] GC(732) Pause Young (Allocation Failure) 575M->340M(850M) 3.483ms
[2261.822s][info ][gc,cpu       ] GC(732) User=0.01s Sys=0.00s Real=0.00s
[2261.822s][info ][safepoint    ] Leaving safepoint region
[2261.822s][info ][safepoint    ] Total time for which application threads were stopped: 0.0036292 seconds, Stopping threads took: 0.0000149 seconds
[2262.822s][info ][safepoint    ] Application time: 1.0001026 seconds
[2262.822s][info ][safepoint    ] Entering safepoint region: Cleanup
[2262.822s][info ][safepoint    ] Leaving safepoint region
[2262.822s][info ][safepoint    ] Total time for which application threads were stopped: 0.0001353 seconds, Stopping threads took: 0.0000636 seconds
[2263.822s][info ][safepoint    ] Application time: 1.0000943 seconds
[2263.822s][info ][safepoint    ] Entering safepoint region: Cleanup
[2263.823s][info ][safepoint    ] Leaving safepoint region
[2263.823s][info ][safepoint    ] Total time for which application threads were stopped: 0.0001240 seconds, Stopping threads took: 0.0000580 seconds
[2264.823s][info ][safepoint    ] Application time: 1.0000985 seconds
[2264.823s][info ][safepoint    ] Entering safepoint region: Cleanup
[2264.823s][info ][safepoint    ] Leaving safepoint region
[2264.823s][info ][safepoint    ] Total time for which application threads were stopped: 0.0001331 seconds, Stopping threads took: 0.0000672 seconds
[2265.368s][info ][safepoint    ] Application time: 0.5451941 seconds
[2265.368s][info ][safepoint    ] Entering safepoint region: GenCollectForAllocation
[2265.368s][info ][gc,start     ] GC(733) Pause Young (Allocation Failure)
[2265.368s][info ][gc,task      ] GC(733) Using 4 workers of 4 for evacuation
[2265.374s][debug][gc,ref       ] GC(733) Skipped phase1 of Reference Processing due to unavailable references
[2265.374s][debug][gc,ref       ] GC(733) Skipped phase2 of Reference Processing due to unavailable references
[2265.374s][debug][gc,ref       ] GC(733) Skipped phase3 of Reference Processing due to unavailable references
[2265.374s][debug][gc,ref       ] GC(733) Skipped phase4 of Reference Processing due to unavailable references
[2265.374s][debug][gc,age       ] GC(733) Desired survivor size 15368192 bytes, new threshold 6 (max threshold 6)
[2265.374s][info ][gc,heap      ] GC(733) ParNew: 244832K->2775K(270336K)
[2265.374s][info ][gc,heap      ] GC(733) CMS: 343916K->346458K(600768K)
[2265.374s][info ][gc,metaspace ] GC(733) Metaspace: 57681K->57681K(1101824K)
[2265.374s][info ][gc           ] GC(733) Pause Young (Allocation Failure) 574M->341M(850M) 6.051ms
[2265.374s][info ][gc,cpu       ] GC(733) User=0.02s Sys=0.00s Real=0.01s
[2265.374s][info ][safepoint    ] Leaving safepoint region
[2265.374s][info ][safepoint    ] Total time for which application threads were stopped: 0.0062255 seconds, Stopping threads took: 0.0000277 seconds
[2266.374s][info ][safepoint    ] Application time: 1.0001469 seconds
[2266.374s][info ][safepoint    ] Entering safepoint region: Cleanup
[2266.375s][info ][safepoint    ] Leaving safepoint region
[2266.375s][info ][safepoint    ] Total time for which application threads were stopped: 0.0001059 seconds, Stopping threads took: 0.0000400 seconds
[2267.375s][info ][safepoint    ] Application time: 1.0000705 seconds
[2267.375s][info ][safepoint    ] Entering safepoint region: Cleanup
[2267.375s][info ][safepoint    ] Leaving safepoint region
[2267.375s][info ][safepoint    ] Total time for which application threads were stopped: 0.0000764 seconds, Stopping threads took: 0.0000147 seconds
[2268.375s][info ][safepoint    ] Application time: 1.0000957 seconds
[2268.375s][info ][safepoint    ] Entering safepoint region: Cleanup
[2268.375s][info ][safepoint    ] Leaving safepoint region
[2268.375s][info ][safepoint    ] Total time for which application threads were stopped: 0.0004214 seconds, Stopping threads took: 0.0003586 seconds
[2268.874s][info ][safepoint    ] Application time: 0.4988343 seconds
[2268.874s][info ][safepoint    ] Entering safepoint region: GenCollectForAllocation
[2268.874s][info ][gc,start     ] GC(734) Pause Young (Allocation Failure)
[2268.874s][info ][gc,task      ] GC(734) Using 4 workers of 4 for evacuation
[2268.881s][debug][gc,ref       ] GC(734) Skipped phase1 of Reference Processing due to unavailable references
[2268.881s][debug][gc,ref       ] GC(734) Skipped phase2 of Reference Processing due to unavailable references
[2268.881s][debug][gc,ref       ] GC(734) Skipped phase3 of Reference Processing due to unavailable references
[2268.881s][debug][gc,ref       ] GC(734) Skipped phase4 of Reference Processing due to unavailable references
[2268.881s][debug][gc,age       ] GC(734) Desired survivor size 15368192 bytes, new threshold 6 (max threshold 6)
[2268.881s][info ][gc,heap      ] GC(734) ParNew: 243095K->1430K(270336K)
[2268.881s][info ][gc,heap      ] GC(734) CMS: 346458K->346481K(600768K)
[2268.881s][info ][gc,metaspace ] GC(734) Metaspace: 57681K->57681K(1101824K)
[2268.881s][info ][gc           ] GC(734) Pause Young (Allocation Failure) 575M->339M(850M) 6.598ms
[2268.881s][info ][gc,cpu       ] GC(734) User=0.01s Sys=0.00s Real=0.00s
[2268.881s][info ][safepoint    ] Leaving safepoint region
[2268.881s][info ][safepoint    ] Total time for which application threads were stopped: 0.0067632 seconds, Stopping threads took: 0.0000144 seconds
[2269.881s][info ][safepoint    ] Application time: 1.0000974 seconds
[2269.881s][info ][safepoint    ] Entering safepoint region: Cleanup
[2269.881s][info ][safepoint    ] Leaving safepoint region
[2269.881s][info ][safepoint    ] Total time for which application threads were stopped: 0.0000834 seconds, Stopping threads took: 0.0000175 seconds
[2270.881s][info ][safepoint    ] Application time: 1.0000866 seconds
[2270.881s][info ][safepoint    ] Entering safepoint region: Cleanup
[2270.881s][info ][safepoint    ] Leaving safepoint region
[2270.881s][info ][safepoint    ] Total time for which application threads were stopped: 0.0000689 seconds, Stopping threads took: 0.0000150 seconds
[2271.881s][info ][safepoint    ] Application time: 1.0000997 seconds
[2271.882s][info ][safepoint    ] Entering safepoint region: Cleanup
[2271.882s][info ][safepoint    ] Leaving safepoint region
[2271.882s][info ][safepoint    ] Total time for which application threads were stopped: 0.0000826 seconds, Stopping threads took: 0.0000152 seconds
[2272.370s][info ][safepoint    ] Application time: 0.4879914 seconds
[2272.370s][info ][safepoint    ] Entering safepoint region: GenCollectForAllocation
[2272.370s][info ][gc,start     ] GC(735) Pause Young (Allocation Failure)
[2272.370s][info ][gc,task      ] GC(735) Using 4 workers of 4 for evacuation
[2272.374s][debug][gc,ref       ] GC(735) Skipped phase1 of Reference Processing due to unavailable references
[2272.374s][debug][gc,ref       ] GC(735) Skipped phase2 of Reference Processing due to unavailable references
[2272.374s][debug][gc,ref       ] GC(735) Skipped phase3 of Reference Processing due to unavailable references
[2272.374s][debug][gc,ref       ] GC(735) Skipped phase4 of Reference Processing due to unavailable references
[2272.374s][debug][gc,age       ] GC(735) Desired survivor size 15368192 bytes, new threshold 6 (max threshold 6)
[2272.374s][info ][gc,heap      ] GC(735) ParNew: 241750K->1359K(270336K)
[2272.374s][info ][gc,heap      ] GC(735) CMS: 346481K->346576K(600768K)
[2272.374s][info ][gc,metaspace ] GC(735) Metaspace: 57681K->57681K(1101824K)
[2272.374s][info ][gc           ] GC(735) Pause Young (Allocation Failure) 574M->339M(850M) 4.699ms
[2272.374s][info ][gc,cpu       ] GC(735) User=0.01s Sys=0.00s Real=0.01s
[2272.374s][info ][safepoint    ] Leaving safepoint region
[2272.374s][info ][safepoint    ] Total time for which application threads were stopped: 0.0048638 seconds, Stopping threads took: 0.0000142 seconds
[2273.375s][info ][safepoint    ] Application time: 1.0000901 seconds
[2273.375s][info ][safepoint    ] Entering safepoint region: Cleanup
[2273.375s][info ][safepoint    ] Leaving safepoint region
[2273.375s][info ][safepoint    ] Total time for which application threads were stopped: 0.0000824 seconds, Stopping threads took: 0.0000139 seconds
[2274.375s][info ][safepoint    ] Application time: 1.0000779 seconds
[2274.375s][info ][safepoint    ] Entering safepoint region: Cleanup
[2274.375s][info ][safepoint    ] Leaving safepoint region
[2274.375s][info ][safepoint    ] Total time for which application threads were stopped: 0.0000935 seconds, Stopping threads took: 0.0000152 seconds
[2275.375s][info ][safepoint    ] Application time: 1.0000859 seconds
[2275.375s][info ][safepoint    ] Entering safepoint region: Cleanup
[2275.375s][info ][safepoint    ] Leaving safepoint region
[2275.375s][info ][safepoint    ] Total time for which application threads were stopped: 0.0001094 seconds, Stopping threads took: 0.0000482 seconds
[2275.867s][info ][safepoint    ] Application time: 0.4918835 seconds
[2275.867s][info ][safepoint    ] Entering safepoint region: GenCollectForAllocation
[2275.867s][info ][gc,start     ] GC(736) Pause Young (Allocation Failure)
[2275.867s][info ][gc,task      ] GC(736) Using 4 workers of 4 for evacuation
[2275.870s][debug][gc,ref       ] GC(736) Skipped phase1 of Reference Processing due to unavailable references
[2275.870s][debug][gc,ref       ] GC(736) Skipped phase2 of Reference Processing due to unavailable references
[2275.870s][debug][gc,ref       ] GC(736) Skipped phase3 of Reference Processing due to unavailable references
[2275.870s][debug][gc,ref       ] GC(736) Skipped phase4 of Reference Processing due to unavailable references
[2275.870s][debug][gc,age       ] GC(736) Desired survivor size 15368192 bytes, new threshold 6 (max threshold 6)
[2275.870s][info ][gc,heap      ] GC(736) ParNew: 241679K->1331K(270336K)
[2275.870s][info ][gc,heap      ] GC(736) CMS: 346576K->346739K(600768K)
[2275.870s][info ][gc,metaspace ] GC(736) Metaspace: 57681K->57681K(1101824K)
[2275.870s][info ][gc           ] GC(736) Pause Young (Allocation Failure) 574M->339M(850M) 2.954ms
[2275.870s][info ][gc,cpu       ] GC(736) User=0.01s Sys=0.00s Real=0.00s
[2275.870s][info ][safepoint    ] Leaving safepoint region
[2275.870s][info ][safepoint    ] Total time for which application threads were stopped: 0.0031094 seconds, Stopping threads took: 0.0000149 seconds
[2276.870s][info ][safepoint    ] Application time: 1.0000957 seconds
[2276.870s][info ][safepoint    ] Entering safepoint region: Cleanup
[2276.871s][info ][safepoint    ] Leaving safepoint region
[2276.871s][info ][safepoint    ] Total time for which application threads were stopped: 0.0002014 seconds, Stopping threads took: 0.0001372 seconds
[2277.871s][info ][safepoint    ] Application time: 1.0000883 seconds
[2277.871s][info ][safepoint    ] Entering safepoint region: Cleanup
[2277.871s][info ][safepoint    ] Leaving safepoint region
[2277.871s][info ][safepoint    ] Total time for which application threads were stopped: 0.0003039 seconds, Stopping threads took: 0.0002420 seconds
[2278.871s][info ][safepoint    ] Application time: 1.0001922 seconds
[2278.871s][info ][safepoint    ] Entering safepoint region: Cleanup
[2278.871s][info ][safepoint    ] Leaving safepoint region
[2278.871s][info ][safepoint    ] Total time for which application threads were stopped: 0.0001427 seconds, Stopping threads took: 0.0000772 seconds
[2279.421s][info ][safepoint    ] Application time: 0.5498807 seconds
[2279.421s][info ][safepoint    ] Entering safepoint region: GenCollectForAllocation
[2279.421s][info ][gc,start     ] GC(737) Pause Young (Allocation Failure)
[2279.421s][info ][gc,task      ] GC(737) Using 4 workers of 4 for evacuation
[2279.424s][debug][gc,ref       ] GC(737) Skipped phase1 of Reference Processing due to unavailable references
[2279.424s][debug][gc,ref       ] GC(737) Skipped phase2 of Reference Processing due to unavailable references
[2279.424s][debug][gc,ref       ] GC(737) Skipped phase3 of Reference Processing due to unavailable references
[2279.424s][debug][gc,ref       ] GC(737) Skipped phase4 of Reference Processing due to unavailable references
[2279.424s][debug][gc,age       ] GC(737) Desired survivor size 15368192 bytes, new threshold 6 (max threshold 6)
[2279.424s][info ][gc,heap      ] GC(737) ParNew: 241651K->1158K(270336K)
[2279.424s][info ][gc,heap      ] GC(737) CMS: 346739K->346839K(600768K)
[2279.424s][info ][gc,metaspace ] GC(737) Metaspace: 57681K->57681K(1101824K)
[2279.424s][info ][gc           ] GC(737) Pause Young (Allocation Failure) 574M->339M(850M) 3.118ms
[2279.424s][info ][gc,cpu       ] GC(737) User=0.01s Sys=0.00s Real=0.00s
[2279.425s][info ][safepoint    ] Leaving safepoint region
[2279.425s][info ][safepoint    ] Total time for which application threads were stopped: 0.0032758 seconds, Stopping threads took: 0.0000155 seconds
[2280.425s][info ][safepoint    ] Application time: 1.0001357 seconds
[2280.425s][info ][safepoint    ] Entering safepoint region: Cleanup
[2280.425s][info ][safepoint    ] Leaving safepoint region
[2280.425s][info ][safepoint    ] Total time for which application threads were stopped: 0.0001161 seconds, Stopping threads took: 0.0000497 seconds
[2281.425s][info ][safepoint    ] Application time: 1.0000882 seconds
[2281.425s][info ][safepoint    ] Entering safepoint region: Cleanup
[2281.425s][info ][safepoint    ] Leaving safepoint region
[2281.425s][info ][safepoint    ] Total time for which application threads were stopped: 0.0000820 seconds, Stopping threads took: 0.0000154 seconds
[2282.425s][info ][safepoint    ] Application time: 1.0000530 seconds
[2282.425s][info ][safepoint    ] Entering safepoint region: Cleanup
[2282.425s][info ][safepoint    ] Leaving safepoint region
[2282.425s][info ][safepoint    ] Total time for which application threads were stopped: 0.0000693 seconds, Stopping threads took: 0.0000149 seconds
[2282.971s][info ][safepoint    ] Application time: 0.5461643 seconds
[2282.971s][info ][safepoint    ] Entering safepoint region: GenCollectForAllocation
[2282.972s][info ][gc,start     ] GC(738) Pause Young (Allocation Failure)
[2282.972s][info ][gc,task      ] GC(738) Using 4 workers of 4 for evacuation
[2282.974s][debug][gc,ref       ] GC(738) Skipped phase1 of Reference Processing due to unavailable references
[2282.974s][debug][gc,ref       ] GC(738) Skipped phase2 of Reference Processing due to unavailable references
[2282.974s][debug][gc,ref       ] GC(738) Skipped phase3 of Reference Processing due to unavailable references
[2282.974s][debug][gc,ref       ] GC(738) Skipped phase4 of Reference Processing due to unavailable references
[2282.974s][debug][gc,age       ] GC(738) Desired survivor size 15368192 bytes, new threshold 6 (max threshold 6)
[2282.974s][info ][gc,heap      ] GC(738) ParNew: 241478K->1359K(270336K)
[2282.974s][info ][gc,heap      ] GC(738) CMS: 346839K->347177K(600768K)
[2282.974s][info ][gc,metaspace ] GC(738) Metaspace: 57682K->57682K(1101824K)
[2282.974s][info ][gc           ] GC(738) Pause Young (Allocation Failure) 574M->340M(850M) 2.761ms
[2282.974s][info ][gc,cpu       ] GC(738) User=0.01s Sys=0.00s Real=0.01s
[2282.974s][info ][safepoint    ] Leaving safepoint region
[2282.974s][info ][safepoint    ] Total time for which application threads were stopped: 0.0029050 seconds, Stopping threads took: 0.0000144 seconds
[2283.974s][info ][safepoint    ] Application time: 1.0000951 seconds
[2283.975s][info ][safepoint    ] Entering safepoint region: Cleanup
[2283.975s][info ][safepoint    ] Leaving safepoint region
[2283.975s][info ][safepoint    ] Total time for which application threads were stopped: 0.0001297 seconds, Stopping threads took: 0.0000616 seconds
[2284.975s][info ][safepoint    ] Application time: 1.0001355 seconds
[2284.975s][info ][safepoint    ] Entering safepoint region: Cleanup
[2284.975s][info ][safepoint    ] Leaving safepoint region
[2284.975s][info ][safepoint    ] Total time for which application threads were stopped: 0.0001603 seconds, Stopping threads took: 0.0000621 seconds
[2285.975s][info ][safepoint    ] Application time: 1.0000972 seconds
[2285.975s][info ][safepoint    ] Entering safepoint region: Cleanup
[2285.975s][info ][safepoint    ] Leaving safepoint region
[2285.975s][info ][safepoint    ] Total time for which application threads were stopped: 0.0000770 seconds, Stopping threads took: 0.0000153 seconds
[2286.517s][info ][safepoint    ] Application time: 0.5415834 seconds
[2286.517s][info ][safepoint    ] Entering safepoint region: GenCollectForAllocation
[2286.517s][info ][gc,start     ] GC(739) Pause Young (Allocation Failure)
[2286.517s][info ][gc,task      ] GC(739) Using 4 workers of 4 for evacuation
[2286.520s][debug][gc,ref       ] GC(739) Skipped phase1 of Reference Processing due to unavailable references
[2286.520s][debug][gc,ref       ] GC(739) Skipped phase2 of Reference Processing due to unavailable references
[2286.520s][debug][gc,ref       ] GC(739) Skipped phase3 of Reference Processing due to unavailable references
[2286.520s][debug][gc,ref       ] GC(739) Skipped phase4 of Reference Processing due to unavailable references
[2286.520s][debug][gc,age       ] GC(739) Desired survivor size 15368192 bytes, new threshold 6 (max threshold 6)
[2286.520s][info ][gc,heap      ] GC(739) ParNew: 241679K->965K(270336K)
[2286.520s][info ][gc,heap      ] GC(739) CMS: 347177K->347373K(600768K)
[2286.520s][info ][gc,metaspace ] GC(739) Metaspace: 57682K->57682K(1101824K)
[2286.520s][info ][gc           ] GC(739) Pause Young (Allocation Failure) 575M->340M(850M) 2.900ms
[2286.520s][info ][gc,cpu       ] GC(739) User=0.01s Sys=0.00s Real=0.00s
[2286.520s][info ][safepoint    ] Leaving safepoint region
[2286.520s][info ][safepoint    ] Total time for which application threads were stopped: 0.0030579 seconds, Stopping threads took: 0.0000278 seconds
[2287.520s][info ][safepoint    ] Application time: 1.0001671 seconds
[2287.520s][info ][safepoint    ] Entering safepoint region: Cleanup
[2287.520s][info ][safepoint    ] Leaving safepoint region
[2287.520s][info ][safepoint    ] Total time for which application threads were stopped: 0.0001360 seconds, Stopping threads took: 0.0000672 seconds
[2288.520s][info ][safepoint    ] Application time: 1.0001049 seconds
[2288.520s][info ][safepoint    ] Entering safepoint region: Cleanup
[2288.520s][info ][safepoint    ] Leaving safepoint region
[2288.520s][info ][safepoint    ] Total time for which application threads were stopped: 0.0001517 seconds, Stopping threads took: 0.0000789 seconds
[2289.521s][info ][safepoint    ] Application time: 1.0000992 seconds
[2289.521s][info ][safepoint    ] Entering safepoint region: Cleanup
[2289.521s][info ][safepoint    ] Leaving safepoint region
[2289.521s][info ][safepoint    ] Total time for which application threads were stopped: 0.0002735 seconds, Stopping threads took: 0.0001979 seconds
[2289.765s][info ][safepoint    ] Application time: 0.2441997 seconds
[2289.765s][info ][safepoint    ] Entering safepoint region: GenCollectForAllocation
[2289.765s][info ][gc,start     ] GC(740) Pause Young (Allocation Failure)
[2289.765s][info ][gc,task      ] GC(740) Using 4 workers of 4 for evacuation
[2289.768s][debug][gc,ref       ] GC(740) Skipped phase1 of Reference Processing due to unavailable references
[2289.768s][debug][gc,ref       ] GC(740) Skipped phase2 of Reference Processing due to unavailable references
[2289.768s][debug][gc,ref       ] GC(740) Skipped phase3 of Reference Processing due to unavailable references
[2289.768s][debug][gc,ref       ] GC(740) Skipped phase4 of Reference Processing due to unavailable references
[2289.768s][debug][gc,age       ] GC(740) Desired survivor size 15368192 bytes, new threshold 6 (max threshold 6)
[2289.768s][info ][gc,heap      ] GC(740) ParNew: 241285K->1002K(270336K)
[2289.768s][info ][gc,heap      ] GC(740) CMS: 347373K->347548K(600768K)
[2289.768s][info ][gc,metaspace ] GC(740) Metaspace: 57682K->57682K(1101824K)
[2289.768s][info ][gc           ] GC(740) Pause Young (Allocation Failure) 574M->340M(850M) 2.819ms
[2289.768s][info ][gc,cpu       ] GC(740) User=0.01s Sys=0.00s Real=0.01s
[2289.768s][info ][safepoint    ] Leaving safepoint region
[2289.768s][info ][safepoint    ] Total time for which application threads were stopped: 0.0030088 seconds, Stopping threads took: 0.0000452 seconds
[2290.768s][info ][safepoint    ] Application time: 1.0000501 seconds
[2290.768s][info ][safepoint    ] Entering safepoint region: Cleanup
[2290.769s][info ][safepoint    ] Leaving safepoint region
[2290.769s][info ][safepoint    ] Total time for which application threads were stopped: 0.0001430 seconds, Stopping threads took: 0.0000730 seconds
[2291.774s][info ][safepoint    ] Application time: 1.0054391 seconds
[2291.774s][info ][safepoint    ] Entering safepoint region: Cleanup
[2291.774s][info ][safepoint    ] Leaving safepoint region
[2291.774s][info ][safepoint    ] Total time for which application threads were stopped: 0.0001343 seconds, Stopping threads took: 0.0000579 seconds
[2292.774s][info ][safepoint    ] Application time: 1.0000851 seconds
[2292.774s][info ][safepoint    ] Entering safepoint region: Cleanup
[2292.774s][info ][safepoint    ] Leaving safepoint region
[2292.774s][info ][safepoint    ] Total time for which application threads were stopped: 0.0001392 seconds, Stopping threads took: 0.0000770 seconds
[2293.270s][info ][safepoint    ] Application time: 0.4951237 seconds
[2293.270s][info ][safepoint    ] Entering safepoint region: GenCollectForAllocation
[2293.270s][info ][gc,start     ] GC(741) Pause Young (Allocation Failure)
[2293.270s][info ][gc,task      ] GC(741) Using 4 workers of 4 for evacuation
[2293.272s][debug][gc,ref       ] GC(741) Skipped phase1 of Reference Processing due to unavailable references
[2293.272s][debug][gc,ref       ] GC(741) Skipped phase2 of Reference Processing due to unavailable references
[2293.272s][debug][gc,ref       ] GC(741) Skipped phase3 of Reference Processing due to unavailable references
[2293.272s][debug][gc,ref       ] GC(741) Skipped phase4 of Reference Processing due to unavailable references
[2293.272s][debug][gc,age       ] GC(741) Desired survivor size 15368192 bytes, new threshold 6 (max threshold 6)
[2293.272s][info ][gc,heap      ] GC(741) ParNew: 241322K->1241K(270336K)
[2293.272s][info ][gc,heap      ] GC(741) CMS: 347548K->347612K(600768K)
[2293.272s][info ][gc,metaspace ] GC(741) Metaspace: 57682K->57682K(1101824K)
[2293.272s][info ][gc           ] GC(741) Pause Young (Allocation Failure) 575M->340M(850M) 2.608ms
[2293.272s][info ][gc,cpu       ] GC(741) User=0.01s Sys=0.00s Real=0.00s
[2293.272s][info ][safepoint    ] Leaving safepoint region
[2293.272s][info ][safepoint    ] Total time for which application threads were stopped: 0.0027478 seconds, Stopping threads took: 0.0000151 seconds
[2294.272s][info ][safepoint    ] Application time: 1.0001019 seconds
[2294.273s][info ][safepoint    ] Entering safepoint region: Cleanup
[2294.273s][info ][safepoint    ] Leaving safepoint region
[2294.273s][info ][safepoint    ] Total time for which application threads were stopped: 0.0002047 seconds, Stopping threads took: 0.0001417 seconds
[2295.273s][info ][safepoint    ] Application time: 1.0001691 seconds
[2295.273s][info ][safepoint    ] Entering safepoint region: Cleanup
[2295.273s][info ][safepoint    ] Leaving safepoint region
[2295.273s][info ][safepoint    ] Total time for which application threads were stopped: 0.0001214 seconds, Stopping threads took: 0.0000552 seconds
[2296.273s][info ][safepoint    ] Application time: 1.0000879 seconds
[2296.273s][info ][safepoint    ] Entering safepoint region: Cleanup
[2296.273s][info ][safepoint    ] Leaving safepoint region
[2296.273s][info ][safepoint    ] Total time for which application threads were stopped: 0.0001250 seconds, Stopping threads took: 0.0000621 seconds
[2296.772s][info ][safepoint    ] Application time: 0.4984165 seconds
[2296.772s][info ][safepoint    ] Entering safepoint region: GenCollectForAllocation
[2296.772s][info ][gc,start     ] GC(742) Pause Young (Allocation Failure)
[2296.772s][info ][gc,task      ] GC(742) Using 4 workers of 4 for evacuation
[2296.774s][debug][gc,ref       ] GC(742) Skipped phase1 of Reference Processing due to unavailable references
[2296.774s][debug][gc,ref       ] GC(742) Skipped phase2 of Reference Processing due to unavailable references
[2296.774s][debug][gc,ref       ] GC(742) Skipped phase3 of Reference Processing due to unavailable references
[2296.774s][debug][gc,ref       ] GC(742) Skipped phase4 of Reference Processing due to unavailable references
[2296.774s][debug][gc,age       ] GC(742) Desired survivor size 15368192 bytes, new threshold 6 (max threshold 6)
[2296.774s][info ][gc,heap      ] GC(742) ParNew: 241561K->1001K(270336K)
[2296.774s][info ][gc,heap      ] GC(742) CMS: 347612K->347659K(600768K)
[2296.774s][info ][gc,metaspace ] GC(742) Metaspace: 57682K->57682K(1101824K)
[2296.774s][info ][gc           ] GC(742) Pause Young (Allocation Failure) 575M->340M(850M) 2.346ms
[2296.774s][info ][gc,cpu       ] GC(742) User=0.01s Sys=0.00s Real=0.01s
[2296.774s][info ][safepoint    ] Leaving safepoint region
[2296.774s][info ][safepoint    ] Total time for which application threads were stopped: 0.0025030 seconds, Stopping threads took: 0.0000146 seconds
[2297.774s][info ][safepoint    ] Application time: 1.0000897 seconds
[2297.774s][info ][safepoint    ] Entering safepoint region: Cleanup
[2297.774s][info ][safepoint    ] Leaving safepoint region
[2297.774s][info ][safepoint    ] Total time for which application threads were stopped: 0.0001602 seconds, Stopping threads took: 0.0000890 seconds
[2298.775s][info ][safepoint    ] Application time: 1.0000863 seconds
[2298.775s][info ][safepoint    ] Entering safepoint region: Cleanup
[2298.775s][info ][safepoint    ] Leaving safepoint region
[2298.775s][info ][safepoint    ] Total time for which application threads were stopped: 0.0001658 seconds, Stopping threads took: 0.0000941 seconds
[2299.775s][info ][safepoint    ] Application time: 1.0000679 seconds
[2299.775s][info ][safepoint    ] Entering safepoint region: Cleanup
[2299.775s][info ][safepoint    ] Leaving safepoint region
[2299.775s][info ][safepoint    ] Total time for which application threads were stopped: 0.0000710 seconds, Stopping threads took: 0.0000155 seconds
[2300.318s][info ][safepoint    ] Application time: 0.5427777 seconds
[2300.318s][info ][safepoint    ] Entering safepoint region: GenCollectForAllocation
[2300.318s][info ][gc,start     ] GC(743) Pause Young (Allocation Failure)
[2300.318s][info ][gc,task      ] GC(743) Using 4 workers of 4 for evacuation
[2300.320s][debug][gc,ref       ] GC(743) Skipped phase1 of Reference Processing due to unavailable references
[2300.320s][debug][gc,ref       ] GC(743) Skipped phase2 of Reference Processing due to unavailable references
[2300.320s][debug][gc,ref       ] GC(743) Skipped phase3 of Reference Processing due to unavailable references
[2300.320s][debug][gc,ref       ] GC(743) Skipped phase4 of Reference Processing due to unavailable references
[2300.320s][debug][gc,age       ] GC(743) Desired survivor size 15368192 bytes, new threshold 6 (max threshold 6)
[2300.320s][info ][gc,heap      ] GC(743) ParNew: 241321K->1374K(270336K)
[2300.320s][info ][gc,heap      ] GC(743) CMS: 347659K->347697K(600768K)
[2300.320s][info ][gc,metaspace ] GC(743) Metaspace: 57682K->57682K(1101824K)
[2300.320s][info ][gc           ] GC(743) Pause Young (Allocation Failure) 575M->340M(850M) 2.409ms
[2300.320s][info ][gc,cpu       ] GC(743) User=0.01s Sys=0.00s Real=0.00s
[2300.320s][info ][safepoint    ] Leaving safepoint region
[2300.320s][info ][safepoint    ] Total time for which application threads were stopped: 0.0026275 seconds, Stopping threads took: 0.0000135 seconds
[2301.321s][info ][safepoint    ] Application time: 1.0001443 seconds
[2301.321s][info ][safepoint    ] Entering safepoint region: Cleanup
[2301.321s][info ][safepoint    ] Leaving safepoint region
[2301.321s][info ][safepoint    ] Total time for which application threads were stopped: 0.0001218 seconds, Stopping threads took: 0.0000610 seconds
[2302.321s][info ][safepoint    ] Application time: 1.0000910 seconds
[2302.321s][info ][safepoint    ] Entering safepoint region: Cleanup
[2302.321s][info ][safepoint    ] Leaving safepoint region
[2302.321s][info ][safepoint    ] Total time for which application threads were stopped: 0.0001295 seconds, Stopping threads took: 0.0000609 seconds
[2303.321s][info ][safepoint    ] Application time: 1.0000829 seconds
[2303.321s][info ][safepoint    ] Entering safepoint region: Cleanup
[2303.321s][info ][safepoint    ] Leaving safepoint region
[2303.321s][info ][safepoint    ] Total time for which application threads were stopped: 0.0001494 seconds, Stopping threads took: 0.0000810 seconds
[2303.871s][info ][safepoint    ] Application time: 0.5497479 seconds
[2303.871s][info ][safepoint    ] Entering safepoint region: GenCollectForAllocation
[2303.871s][info ][gc,start     ] GC(744) Pause Young (Allocation Failure)
[2303.871s][info ][gc,task      ] GC(744) Using 4 workers of 4 for evacuation
[2303.874s][debug][gc,ref       ] GC(744) Skipped phase1 of Reference Processing due to unavailable references
[2303.874s][debug][gc,ref       ] GC(744) Skipped phase2 of Reference Processing due to unavailable references
[2303.874s][debug][gc,ref       ] GC(744) Skipped phase3 of Reference Processing due to unavailable references
[2303.874s][debug][gc,ref       ] GC(744) Skipped phase4 of Reference Processing due to unavailable references
[2303.874s][debug][gc,age       ] GC(744) Desired survivor size 15368192 bytes, new threshold 6 (max threshold 6)
[2303.874s][info ][gc,heap      ] GC(744) ParNew: 241694K->1412K(270336K)
[2303.874s][info ][gc,heap      ] GC(744) CMS: 347697K->347816K(600768K)
[2303.874s][info ][gc,metaspace ] GC(744) Metaspace: 57682K->57682K(1101824K)
[2303.874s][info ][gc           ] GC(744) Pause Young (Allocation Failure) 575M->341M(850M) 2.879ms
[2303.874s][info ][gc,cpu       ] GC(744) User=0.01s Sys=0.00s Real=0.01s
[2303.874s][info ][safepoint    ] Leaving safepoint region
[2303.874s][info ][safepoint    ] Total time for which application threads were stopped: 0.0030322 seconds, Stopping threads took: 0.0000143 seconds
[2304.874s][info ][safepoint    ] Application time: 1.0001250 seconds
[2304.874s][info ][safepoint    ] Entering safepoint region: Cleanup
[2304.874s][info ][safepoint    ] Leaving safepoint region
[2304.874s][info ][safepoint    ] Total time for which application threads were stopped: 0.0000693 seconds, Stopping threads took: 0.0000157 seconds
[2305.874s][info ][safepoint    ] Application time: 1.0000926 seconds
[2305.874s][info ][safepoint    ] Entering safepoint region: Cleanup
[2305.875s][info ][safepoint    ] Leaving safepoint region
[2305.875s][info ][safepoint    ] Total time for which application threads were stopped: 0.0000943 seconds, Stopping threads took: 0.0000153 seconds
[2306.875s][info ][safepoint    ] Application time: 1.0000918 seconds
[2306.875s][info ][safepoint    ] Entering safepoint region: Cleanup
[2306.875s][info ][safepoint    ] Leaving safepoint region
[2306.875s][info ][safepoint    ] Total time for which application threads were stopped: 0.0001322 seconds, Stopping threads took: 0.0000653 seconds
[2307.165s][info ][safepoint    ] Application time: 0.2904803 seconds
[2307.165s][info ][safepoint    ] Entering safepoint region: GenCollectForAllocation
[2307.165s][info ][gc,start     ] GC(745) Pause Young (Allocation Failure)
[2307.165s][info ][gc,task      ] GC(745) Using 4 workers of 4 for evacuation
[2307.168s][debug][gc,ref       ] GC(745) Skipped phase1 of Reference Processing due to unavailable references
[2307.168s][debug][gc,ref       ] GC(745) Skipped phase2 of Reference Processing due to unavailable references
[2307.168s][debug][gc,ref       ] GC(745) Skipped phase3 of Reference Processing due to unavailable references
[2307.168s][debug][gc,ref       ] GC(745) Skipped phase4 of Reference Processing due to unavailable references
[2307.168s][debug][gc,age       ] GC(745) Desired survivor size 15368192 bytes, new threshold 6 (max threshold 6)
[2307.168s][info ][gc,heap      ] GC(745) ParNew: 241732K->1499K(270336K)
[2307.168s][info ][gc,heap      ] GC(745) CMS: 347816K->347997K(600768K)
[2307.168s][info ][gc,metaspace ] GC(745) Metaspace: 57682K->57682K(1101824K)
[2307.168s][info ][gc           ] GC(745) Pause Young (Allocation Failure) 575M->341M(850M) 3.019ms
[2307.168s][info ][gc,cpu       ] GC(745) User=0.01s Sys=0.00s Real=0.01s
[2307.169s][info ][safepoint    ] Leaving safepoint region
[2307.169s][info ][safepoint    ] Total time for which application threads were stopped: 0.0032058 seconds, Stopping threads took: 0.0000529 seconds
[2308.169s][info ][safepoint    ] Application time: 1.0001294 seconds
[2308.169s][info ][safepoint    ] Entering safepoint region: Cleanup
[2308.169s][info ][safepoint    ] Leaving safepoint region
[2308.169s][info ][safepoint    ] Total time for which application threads were stopped: 0.0001827 seconds, Stopping threads took: 0.0001174 seconds
[2309.169s][info ][safepoint    ] Application time: 1.0000958 seconds
[2309.169s][info ][safepoint    ] Entering safepoint region: Cleanup
[2309.169s][info ][safepoint    ] Leaving safepoint region
[2309.169s][info ][safepoint    ] Total time for which application threads were stopped: 0.0002311 seconds, Stopping threads took: 0.0001591 seconds
[2310.169s][info ][safepoint    ] Application time: 1.0001067 seconds
[2310.169s][info ][safepoint    ] Entering safepoint region: Cleanup
[2310.170s][info ][safepoint    ] Leaving safepoint region
[2310.170s][info ][safepoint    ] Total time for which application threads were stopped: 0.0001323 seconds, Stopping threads took: 0.0000691 seconds
[2310.422s][info ][safepoint    ] Application time: 0.2529566 seconds
[2310.423s][info ][safepoint    ] Entering safepoint region: GenCollectForAllocation
[2310.423s][info ][gc,start     ] GC(746) Pause Young (Allocation Failure)
[2310.423s][info ][gc,task      ] GC(746) Using 4 workers of 4 for evacuation
[2310.425s][debug][gc,ref       ] GC(746) Skipped phase1 of Reference Processing due to unavailable references
[2310.425s][debug][gc,ref       ] GC(746) Skipped phase2 of Reference Processing due to unavailable references
[2310.425s][debug][gc,ref       ] GC(746) Skipped phase3 of Reference Processing due to unavailable references
[2310.425s][debug][gc,ref       ] GC(746) Skipped phase4 of Reference Processing due to unavailable references
[2310.425s][debug][gc,age       ] GC(746) Desired survivor size 15368192 bytes, new threshold 6 (max threshold 6)
[2310.425s][info ][gc,heap      ] GC(746) ParNew: 241819K->1343K(270336K)
[2310.425s][info ][gc,heap      ] GC(746) CMS: 347997K->348033K(600768K)
[2310.425s][info ][gc,metaspace ] GC(746) Metaspace: 57682K->57682K(1101824K)
[2310.425s][info ][gc           ] GC(746) Pause Young (Allocation Failure) 575M->341M(850M) 2.683ms
[2310.425s][info ][gc,cpu       ] GC(746) User=0.01s Sys=0.00s Real=0.00s
[2310.425s][info ][safepoint    ] Leaving safepoint region
[2310.425s][info ][safepoint    ] Total time for which application threads were stopped: 0.0028457 seconds, Stopping threads took: 0.0000149 seconds
[2311.425s][info ][safepoint    ] Application time: 1.0000976 seconds
[2311.426s][info ][safepoint    ] Entering safepoint region: Cleanup
[2311.426s][info ][safepoint    ] Leaving safepoint region
[2311.426s][info ][safepoint    ] Total time for which application threads were stopped: 0.0000727 seconds, Stopping threads took: 0.0000147 seconds
[2312.426s][info ][safepoint    ] Application time: 1.0002550 seconds
[2312.426s][info ][safepoint    ] Entering safepoint region: Cleanup
[2312.426s][info ][safepoint    ] Leaving safepoint region
[2312.426s][info ][safepoint    ] Total time for which application threads were stopped: 0.0000735 seconds, Stopping threads took: 0.0000164 seconds
[2313.426s][info ][safepoint    ] Application time: 1.0000481 seconds
[2313.426s][info ][safepoint    ] Entering safepoint region: Cleanup
[2313.426s][info ][safepoint    ] Leaving safepoint region
[2313.426s][info ][safepoint    ] Total time for which application threads were stopped: 0.0001526 seconds, Stopping threads took: 0.0000867 seconds
[2313.765s][info ][safepoint    ] Application time: 0.3389101 seconds
[2313.765s][info ][safepoint    ] Entering safepoint region: GenCollectForAllocation
[2313.765s][info ][gc,start     ] GC(747) Pause Young (Allocation Failure)
[2313.765s][info ][gc,task      ] GC(747) Using 4 workers of 4 for evacuation
[2313.768s][debug][gc,ref       ] GC(747) Skipped phase1 of Reference Processing due to unavailable references
[2313.768s][debug][gc,ref       ] GC(747) Skipped phase2 of Reference Processing due to unavailable references
[2313.768s][debug][gc,ref       ] GC(747) Skipped phase3 of Reference Processing due to unavailable references
[2313.768s][debug][gc,ref       ] GC(747) Skipped phase4 of Reference Processing due to unavailable references
[2313.768s][debug][gc,age       ] GC(747) Desired survivor size 15368192 bytes, new threshold 6 (max threshold 6)
[2313.768s][info ][gc,heap      ] GC(747) ParNew: 241663K->1728K(270336K)
[2313.768s][info ][gc,heap      ] GC(747) CMS: 348033K->348228K(600768K)
[2313.768s][info ][gc,metaspace ] GC(747) Metaspace: 57682K->57682K(1101824K)
[2313.768s][info ][gc           ] GC(747) Pause Young (Allocation Failure) 575M->341M(850M) 2.963ms
[2313.768s][info ][gc,cpu       ] GC(747) User=0.01s Sys=0.00s Real=0.01s
[2313.768s][info ][safepoint    ] Leaving safepoint region
[2313.768s][info ][safepoint    ] Total time for which application threads were stopped: 0.0031654 seconds, Stopping threads took: 0.0000683 seconds
[2314.768s][info ][safepoint    ] Application time: 1.0001024 seconds
[2314.769s][info ][safepoint    ] Entering safepoint region: Cleanup
[2314.769s][info ][safepoint    ] Leaving safepoint region
[2314.769s][info ][safepoint    ] Total time for which application threads were stopped: 0.0001246 seconds, Stopping threads took: 0.0000612 seconds
[2315.769s][info ][safepoint    ] Application time: 1.0000476 seconds
[2315.769s][info ][safepoint    ] Entering safepoint region: Cleanup
[2315.769s][info ][safepoint    ] Leaving safepoint region
[2315.769s][info ][safepoint    ] Total time for which application threads were stopped: 0.0001645 seconds, Stopping threads took: 0.0000774 seconds
[2316.769s][info ][safepoint    ] Application time: 1.0000924 seconds
[2316.769s][info ][safepoint    ] Entering safepoint region: Cleanup
[2316.769s][info ][safepoint    ] Leaving safepoint region
[2316.769s][info ][safepoint    ] Total time for which application threads were stopped: 0.0001363 seconds, Stopping threads took: 0.0000655 seconds
[2317.115s][info ][safepoint    ] Application time: 0.3461771 seconds
[2317.115s][info ][safepoint    ] Entering safepoint region: GenCollectForAllocation
[2317.116s][info ][gc,start     ] GC(748) Pause Young (Allocation Failure)
[2317.116s][info ][gc,task      ] GC(748) Using 4 workers of 4 for evacuation
[2317.118s][debug][gc,ref       ] GC(748) Skipped phase1 of Reference Processing due to unavailable references
[2317.118s][debug][gc,ref       ] GC(748) Skipped phase2 of Reference Processing due to unavailable references
[2317.118s][debug][gc,ref       ] GC(748) Skipped phase3 of Reference Processing due to unavailable references
[2317.118s][debug][gc,ref       ] GC(748) Skipped phase4 of Reference Processing due to unavailable references
[2317.118s][debug][gc,age       ] GC(748) Desired survivor size 15368192 bytes, new threshold 6 (max threshold 6)
[2317.118s][info ][gc,heap      ] GC(748) ParNew: 242048K->1709K(270336K)
[2317.118s][info ][gc,heap      ] GC(748) CMS: 348228K->348308K(600768K)
[2317.118s][info ][gc,metaspace ] GC(748) Metaspace: 57682K->57682K(1101824K)
[2317.118s][info ][gc           ] GC(748) Pause Young (Allocation Failure) 576M->341M(850M) 2.911ms
[2317.118s][info ][gc,cpu       ] GC(748) User=0.01s Sys=0.00s Real=0.00s
[2317.118s][info ][safepoint    ] Leaving safepoint region
[2317.118s][info ][safepoint    ] Total time for which application threads were stopped: 0.0031041 seconds, Stopping threads took: 0.0000668 seconds
[2318.119s][info ][safepoint    ] Application time: 1.0001529 seconds
[2318.119s][info ][safepoint    ] Entering safepoint region: Cleanup
[2318.119s][info ][safepoint    ] Leaving safepoint region
[2318.119s][info ][safepoint    ] Total time for which application threads were stopped: 0.0001274 seconds, Stopping threads took: 0.0000579 seconds
[2319.119s][info ][safepoint    ] Application time: 1.0001016 seconds
[2319.119s][info ][safepoint    ] Entering safepoint region: Cleanup
[2319.119s][info ][safepoint    ] Leaving safepoint region
[2319.119s][info ][safepoint    ] Total time for which application threads were stopped: 0.0001375 seconds, Stopping threads took: 0.0000663 seconds
[2320.119s][info ][safepoint    ] Application time: 1.0001583 seconds
[2320.119s][info ][safepoint    ] Entering safepoint region: Cleanup
[2320.119s][info ][safepoint    ] Leaving safepoint region
[2320.119s][info ][safepoint    ] Total time for which application threads were stopped: 0.0001088 seconds, Stopping threads took: 0.0000396 seconds
[2320.575s][info ][safepoint    ] Application time: 0.4551220 seconds
[2320.575s][info ][safepoint    ] Entering safepoint region: GenCollectForAllocation
[2320.575s][info ][gc,start     ] GC(749) Pause Young (Allocation Failure)
[2320.575s][info ][gc,task      ] GC(749) Using 4 workers of 4 for evacuation
[2320.578s][debug][gc,ref       ] GC(749) Skipped phase1 of Reference Processing due to unavailable references
[2320.578s][debug][gc,ref       ] GC(749) Skipped phase2 of Reference Processing due to unavailable references
[2320.578s][debug][gc,ref       ] GC(749) Skipped phase3 of Reference Processing due to unavailable references
[2320.578s][debug][gc,ref       ] GC(749) Skipped phase4 of Reference Processing due to unavailable references
[2320.578s][debug][gc,age       ] GC(749) Desired survivor size 15368192 bytes, new threshold 6 (max threshold 6)
[2320.578s][info ][gc,heap      ] GC(749) ParNew: 242029K->1320K(270336K)
[2320.578s][info ][gc,heap      ] GC(749) CMS: 348308K->348600K(600768K)
[2320.578s][info ][gc,metaspace ] GC(749) Metaspace: 57682K->57682K(1101824K)
[2320.578s][info ][gc           ] GC(749) Pause Young (Allocation Failure) 576M->341M(850M) 3.671ms
[2320.578s][info ][gc,cpu       ] GC(749) User=0.02s Sys=0.00s Real=0.00s
[2320.578s][info ][safepoint    ] Leaving safepoint region
[2320.578s][info ][safepoint    ] Total time for which application threads were stopped: 0.0038379 seconds, Stopping threads took: 0.0000152 seconds
[2321.579s][info ][safepoint    ] Application time: 1.0000965 seconds
[2321.579s][info ][safepoint    ] Entering safepoint region: Cleanup
[2321.579s][info ][safepoint    ] Leaving safepoint region
[2321.579s][info ][safepoint    ] Total time for which application threads were stopped: 0.0000694 seconds, Stopping threads took: 0.0000165 seconds
[2322.579s][info ][safepoint    ] Application time: 1.0001007 seconds
[2322.579s][info ][safepoint    ] Entering safepoint region: Cleanup
[2322.579s][info ][safepoint    ] Leaving safepoint region
[2322.579s][info ][safepoint    ] Total time for which application threads were stopped: 0.0000747 seconds, Stopping threads took: 0.0000164 seconds
[2323.579s][info ][safepoint    ] Application time: 1.0000956 seconds
[2323.579s][info ][safepoint    ] Entering safepoint region: Cleanup
[2323.579s][info ][safepoint    ] Leaving safepoint region
[2323.579s][info ][safepoint    ] Total time for which application threads were stopped: 0.0000752 seconds, Stopping threads took: 0.0000163 seconds
[2324.074s][info ][safepoint    ] Application time: 0.4951314 seconds
[2324.074s][info ][safepoint    ] Entering safepoint region: GenCollectForAllocation
[2324.074s][info ][gc,start     ] GC(750) Pause Young (Allocation Failure)
[2324.074s][info ][gc,task      ] GC(750) Using 4 workers of 4 for evacuation
[2324.078s][debug][gc,ref       ] GC(750) Skipped phase1 of Reference Processing due to unavailable references
[2324.078s][debug][gc,ref       ] GC(750) Skipped phase2 of Reference Processing due to unavailable references
[2324.078s][debug][gc,ref       ] GC(750) Skipped phase3 of Reference Processing due to unavailable references
[2324.078s][debug][gc,ref       ] GC(750) Skipped phase4 of Reference Processing due to unavailable references
[2324.078s][debug][gc,age       ] GC(750) Desired survivor size 15368192 bytes, new threshold 6 (max threshold 6)
[2324.078s][info ][gc,heap      ] GC(750) ParNew: 241640K->1014K(270336K)
[2324.078s][info ][gc,heap      ] GC(750) CMS: 348600K->348710K(600768K)
[2324.078s][info ][gc,metaspace ] GC(750) Metaspace: 57682K->57682K(1101824K)
[2324.078s][info ][gc           ] GC(750) Pause Young (Allocation Failure) 576M->341M(850M) 3.428ms
[2324.078s][info ][gc,cpu       ] GC(750) User=0.01s Sys=0.00s Real=0.00s
[2324.078s][info ][safepoint    ] Leaving safepoint region
[2324.078s][info ][safepoint    ] Total time for which application threads were stopped: 0.0035778 seconds, Stopping threads took: 0.0000158 seconds
[2325.078s][info ][safepoint    ] Application time: 1.0000752 seconds
[2325.078s][info ][safepoint    ] Entering safepoint region: Cleanup
[2325.078s][info ][safepoint    ] Leaving safepoint region
[2325.078s][info ][safepoint    ] Total time for which application threads were stopped: 0.0000847 seconds, Stopping threads took: 0.0000289 seconds
[2326.078s][info ][safepoint    ] Application time: 1.0000972 seconds
[2326.078s][info ][safepoint    ] Entering safepoint region: Cleanup
[2326.078s][info ][safepoint    ] Leaving safepoint region
[2326.078s][info ][safepoint    ] Total time for which application threads were stopped: 0.0000714 seconds, Stopping threads took: 0.0000166 seconds
[2327.078s][info ][safepoint    ] Application time: 1.0001088 seconds
[2327.078s][info ][safepoint    ] Entering safepoint region: Cleanup
[2327.078s][info ][safepoint    ] Leaving safepoint region
[2327.078s][info ][safepoint    ] Total time for which application threads were stopped: 0.0000689 seconds, Stopping threads took: 0.0000154 seconds
[2327.569s][info ][safepoint    ] Application time: 0.4906776 seconds
[2327.569s][info ][safepoint    ] Entering safepoint region: GenCollectForAllocation
[2327.569s][info ][gc,start     ] GC(751) Pause Young (Allocation Failure)
[2327.569s][info ][gc,task      ] GC(751) Using 4 workers of 4 for evacuation
[2327.573s][debug][gc,ref       ] GC(751) Skipped phase1 of Reference Processing due to unavailable references
[2327.573s][debug][gc,ref       ] GC(751) Skipped phase2 of Reference Processing due to unavailable references
[2327.573s][debug][gc,ref       ] GC(751) Skipped phase3 of Reference Processing due to unavailable references
[2327.573s][debug][gc,ref       ] GC(751) Skipped phase4 of Reference Processing due to unavailable references
[2327.573s][debug][gc,age       ] GC(751) Desired survivor size 15368192 bytes, new threshold 6 (max threshold 6)
[2327.573s][info ][gc,heap      ] GC(751) ParNew: 241334K->993K(270336K)
[2327.573s][info ][gc,heap      ] GC(751) CMS: 348710K->348952K(600768K)
[2327.573s][info ][gc,metaspace ] GC(751) Metaspace: 57682K->57682K(1101824K)
[2327.573s][info ][gc           ] GC(751) Pause Young (Allocation Failure) 576M->341M(850M) 3.482ms
[2327.573s][info ][gc,cpu       ] GC(751) User=0.01s Sys=0.00s Real=0.00s
[2327.573s][info ][safepoint    ] Leaving safepoint region
[2327.573s][info ][safepoint    ] Total time for which application threads were stopped: 0.0036301 seconds, Stopping threads took: 0.0000148 seconds
[2328.573s][info ][safepoint    ] Application time: 1.0000966 seconds
[2328.573s][info ][safepoint    ] Entering safepoint region: Cleanup
[2328.573s][info ][safepoint    ] Leaving safepoint region
[2328.573s][info ][safepoint    ] Total time for which application threads were stopped: 0.0001265 seconds, Stopping threads took: 0.0000624 seconds
[2329.573s][info ][safepoint    ] Application time: 1.0000965 seconds
[2329.573s][info ][safepoint    ] Entering safepoint region: Cleanup
[2329.573s][info ][safepoint    ] Leaving safepoint region
[2329.573s][info ][safepoint    ] Total time for which application threads were stopped: 0.0001501 seconds, Stopping threads took: 0.0000744 seconds
[2330.573s][info ][safepoint    ] Application time: 1.0000856 seconds
[2330.574s][info ][safepoint    ] Entering safepoint region: Cleanup
[2330.574s][info ][safepoint    ] Leaving safepoint region
[2330.574s][info ][safepoint    ] Total time for which application threads were stopped: 0.0001566 seconds, Stopping threads took: 0.0000929 seconds
[2331.123s][info ][safepoint    ] Application time: 0.5490045 seconds
[2331.123s][info ][safepoint    ] Entering safepoint region: GenCollectForAllocation
[2331.123s][info ][gc,start     ] GC(752) Pause Young (Allocation Failure)
[2331.123s][info ][gc,task      ] GC(752) Using 4 workers of 4 for evacuation
[2331.126s][debug][gc,ref       ] GC(752) Skipped phase1 of Reference Processing due to unavailable references
[2331.126s][debug][gc,ref       ] GC(752) Skipped phase2 of Reference Processing due to unavailable references
[2331.126s][debug][gc,ref       ] GC(752) Skipped phase3 of Reference Processing due to unavailable references
[2331.126s][debug][gc,ref       ] GC(752) Skipped phase4 of Reference Processing due to unavailable references
[2331.126s][debug][gc,age       ] GC(752) Desired survivor size 15368192 bytes, new threshold 6 (max threshold 6)
[2331.126s][info ][gc,heap      ] GC(752) ParNew: 241313K->1244K(270336K)
[2331.126s][info ][gc,heap      ] GC(752) CMS: 348952K->349048K(600768K)
[2331.126s][info ][gc,metaspace ] GC(752) Metaspace: 57683K->57683K(1101824K)
[2331.126s][info ][gc           ] GC(752) Pause Young (Allocation Failure) 576M->342M(850M) 3.010ms
[2331.126s][info ][gc,cpu       ] GC(752) User=0.01s Sys=0.00s Real=0.00s
[2331.126s][info ][safepoint    ] Leaving safepoint region
[2331.126s][info ][safepoint    ] Total time for which application threads were stopped: 0.0031681 seconds, Stopping threads took: 0.0000142 seconds
[2332.126s][info ][safepoint    ] Application time: 1.0000933 seconds
[2332.126s][info ][safepoint    ] Entering safepoint region: Cleanup
[2332.126s][info ][safepoint    ] Leaving safepoint region
[2332.126s][info ][safepoint    ] Total time for which application threads were stopped: 0.0000720 seconds, Stopping threads took: 0.0000169 seconds
[2333.126s][info ][safepoint    ] Application time: 1.0000878 seconds
[2333.126s][info ][safepoint    ] Entering safepoint region: Cleanup
[2333.126s][info ][safepoint    ] Leaving safepoint region
[2333.126s][info ][safepoint    ] Total time for which application threads were stopped: 0.0000732 seconds, Stopping threads took: 0.0000189 seconds
[2334.126s][info ][safepoint    ] Application time: 1.0001132 seconds
[2334.127s][info ][safepoint    ] Entering safepoint region: Cleanup
[2334.127s][info ][safepoint    ] Leaving safepoint region
[2334.127s][info ][safepoint    ] Total time for which application threads were stopped: 0.0001323 seconds, Stopping threads took: 0.0000735 seconds
[2334.517s][info ][safepoint    ] Application time: 0.3908653 seconds
[2334.518s][info ][safepoint    ] Entering safepoint region: GenCollectForAllocation
[2334.518s][info ][gc,start     ] GC(753) Pause Young (Allocation Failure)
[2334.518s][info ][gc,task      ] GC(753) Using 4 workers of 4 for evacuation
[2334.521s][debug][gc,ref       ] GC(753) Skipped phase1 of Reference Processing due to unavailable references
[2334.521s][debug][gc,ref       ] GC(753) Skipped phase2 of Reference Processing due to unavailable references
[2334.521s][debug][gc,ref       ] GC(753) Skipped phase3 of Reference Processing due to unavailable references
[2334.521s][debug][gc,ref       ] GC(753) Skipped phase4 of Reference Processing due to unavailable references
[2334.521s][debug][gc,age       ] GC(753) Desired survivor size 15368192 bytes, new threshold 6 (max threshold 6)
[2334.521s][info ][gc,heap      ] GC(753) ParNew: 241564K->1439K(270336K)
[2334.521s][info ][gc,heap      ] GC(753) CMS: 349048K->349136K(600768K)
[2334.521s][info ][gc,metaspace ] GC(753) Metaspace: 57683K->57683K(1101824K)
[2334.521s][info ][gc           ] GC(753) Pause Young (Allocation Failure) 576M->342M(850M) 3.351ms
[2334.521s][info ][gc,cpu       ] GC(753) User=0.01s Sys=0.00s Real=0.00s
[2334.521s][info ][safepoint    ] Leaving safepoint region
[2334.521s][info ][safepoint    ] Total time for which application threads were stopped: 0.0035014 seconds, Stopping threads took: 0.0000165 seconds
[2335.523s][info ][safepoint    ] Application time: 1.0022803 seconds
[2335.523s][info ][safepoint    ] Entering safepoint region: Cleanup
[2335.523s][info ][safepoint    ] Leaving safepoint region
[2335.524s][info ][safepoint    ] Total time for which application threads were stopped: 0.0001353 seconds, Stopping threads took: 0.0000681 seconds
[2336.524s][info ][safepoint    ] Application time: 1.0000920 seconds
[2336.524s][info ][safepoint    ] Entering safepoint region: Cleanup
[2336.524s][info ][safepoint    ] Leaving safepoint region
[2336.524s][info ][safepoint    ] Total time for which application threads were stopped: 0.0001369 seconds, Stopping threads took: 0.0000684 seconds
[2337.524s][info ][safepoint    ] Application time: 1.0000978 seconds
[2337.524s][info ][safepoint    ] Entering safepoint region: Cleanup
[2337.524s][info ][safepoint    ] Leaving safepoint region
[2337.524s][info ][safepoint    ] Total time for which application threads were stopped: 0.0001247 seconds, Stopping threads took: 0.0000595 seconds
[2337.865s][info ][safepoint    ] Application time: 0.3409971 seconds
[2337.865s][info ][safepoint    ] Entering safepoint region: GenCollectForAllocation
[2337.865s][info ][gc,start     ] GC(754) Pause Young (Allocation Failure)
[2337.865s][info ][gc,task      ] GC(754) Using 4 workers of 4 for evacuation
[2337.868s][debug][gc,ref       ] GC(754) Skipped phase1 of Reference Processing due to unavailable references
[2337.868s][debug][gc,ref       ] GC(754) Skipped phase2 of Reference Processing due to unavailable references
[2337.868s][debug][gc,ref       ] GC(754) Skipped phase3 of Reference Processing due to unavailable references
[2337.868s][debug][gc,ref       ] GC(754) Skipped phase4 of Reference Processing due to unavailable references
[2337.868s][debug][gc,age       ] GC(754) Desired survivor size 15368192 bytes, new threshold 6 (max threshold 6)
[2337.868s][info ][gc,heap      ] GC(754) ParNew: 241759K->1207K(270336K)
[2337.868s][info ][gc,heap      ] GC(754) CMS: 349136K->349232K(600768K)
[2337.868s][info ][gc,metaspace ] GC(754) Metaspace: 57683K->57683K(1101824K)
[2337.868s][info ][gc           ] GC(754) Pause Young (Allocation Failure) 577M->342M(850M) 2.769ms
[2337.868s][info ][gc,cpu       ] GC(754) User=0.01s Sys=0.00s Real=0.01s
[2337.868s][info ][safepoint    ] Leaving safepoint region
[2337.868s][info ][safepoint    ] Total time for which application threads were stopped: 0.0030477 seconds, Stopping threads took: 0.0000990 seconds
[2338.868s][info ][safepoint    ] Application time: 1.0001000 seconds
[2338.868s][info ][safepoint    ] Entering safepoint region: Cleanup
[2338.869s][info ][safepoint    ] Leaving safepoint region
[2338.869s][info ][safepoint    ] Total time for which application threads were stopped: 0.0003103 seconds, Stopping threads took: 0.0002404 seconds
[2339.869s][info ][safepoint    ] Application time: 1.0001070 seconds
[2339.869s][info ][safepoint    ] Entering safepoint region: Cleanup
[2339.869s][info ][safepoint    ] Leaving safepoint region
[2339.869s][info ][safepoint    ] Total time for which application threads were stopped: 0.0001538 seconds, Stopping threads took: 0.0000850 seconds
[2340.869s][info ][safepoint    ] Application time: 1.0000967 seconds
[2340.869s][info ][safepoint    ] Entering safepoint region: Cleanup
[2340.869s][info ][safepoint    ] Leaving safepoint region
[2340.869s][info ][safepoint    ] Total time for which application threads were stopped: 0.0001237 seconds, Stopping threads took: 0.0000494 seconds
[2341.271s][info ][safepoint    ] Application time: 0.4015791 seconds
[2341.271s][info ][safepoint    ] Entering safepoint region: GenCollectForAllocation
[2341.271s][info ][gc,start     ] GC(755) Pause Young (Allocation Failure)
[2341.271s][info ][gc,task      ] GC(755) Using 4 workers of 4 for evacuation
[2341.273s][debug][gc,ref       ] GC(755) Skipped phase1 of Reference Processing due to unavailable references
[2341.273s][debug][gc,ref       ] GC(755) Skipped phase2 of Reference Processing due to unavailable references
[2341.273s][debug][gc,ref       ] GC(755) Skipped phase3 of Reference Processing due to unavailable references
[2341.273s][debug][gc,ref       ] GC(755) Skipped phase4 of Reference Processing due to unavailable references
[2341.273s][debug][gc,age       ] GC(755) Desired survivor size 15368192 bytes, new threshold 6 (max threshold 6)
[2341.274s][info ][gc,heap      ] GC(755) ParNew: 241527K->1153K(270336K)
[2341.274s][info ][gc,heap      ] GC(755) CMS: 349232K->349273K(600768K)
[2341.274s][info ][gc,metaspace ] GC(755) Metaspace: 57683K->57683K(1101824K)
[2341.274s][info ][gc           ] GC(755) Pause Young (Allocation Failure) 576M->342M(850M) 2.661ms
[2341.274s][info ][gc,cpu       ] GC(755) User=0.00s Sys=0.01s Real=0.00s
[2341.274s][info ][safepoint    ] Leaving safepoint region
[2341.274s][info ][safepoint    ] Total time for which application threads were stopped: 0.0028088 seconds, Stopping threads took: 0.0000163 seconds
[2342.274s][info ][safepoint    ] Application time: 1.0001184 seconds
[2342.274s][info ][safepoint    ] Entering safepoint region: Cleanup
[2342.274s][info ][safepoint    ] Leaving safepoint region
[2342.274s][info ][safepoint    ] Total time for which application threads were stopped: 0.0001842 seconds, Stopping threads took: 0.0001178 seconds
[2343.274s][info ][safepoint    ] Application time: 1.0000981 seconds
[2343.274s][info ][safepoint    ] Entering safepoint region: Cleanup
[2343.274s][info ][safepoint    ] Leaving safepoint region
[2343.274s][info ][safepoint    ] Total time for which application threads were stopped: 0.0001218 seconds, Stopping threads took: 0.0000538 seconds
[2344.274s][info ][safepoint    ] Application time: 1.0000863 seconds
[2344.274s][info ][safepoint    ] Entering safepoint region: Cleanup
[2344.274s][info ][safepoint    ] Leaving safepoint region
[2344.274s][info ][safepoint    ] Total time for which application threads were stopped: 0.0001039 seconds, Stopping threads took: 0.0000481 seconds
[2344.758s][info ][safepoint    ] Application time: 0.4830162 seconds
[2344.758s][info ][safepoint    ] Entering safepoint region: GenCollectForAllocation
[2344.758s][info ][gc,start     ] GC(756) Pause Young (Allocation Failure)
[2344.758s][info ][gc,task      ] GC(756) Using 4 workers of 4 for evacuation
[2344.760s][debug][gc,ref       ] GC(756) Skipped phase1 of Reference Processing due to unavailable references
[2344.760s][debug][gc,ref       ] GC(756) Skipped phase2 of Reference Processing due to unavailable references
[2344.760s][debug][gc,ref       ] GC(756) Skipped phase3 of Reference Processing due to unavailable references
[2344.760s][debug][gc,ref       ] GC(756) Skipped phase4 of Reference Processing due to unavailable references
[2344.760s][debug][gc,age       ] GC(756) Desired survivor size 15368192 bytes, new threshold 6 (max threshold 6)
[2344.760s][info ][gc,heap      ] GC(756) ParNew: 241455K->1233K(270336K)
[2344.760s][info ][gc,heap      ] GC(756) CMS: 349273K->349306K(600768K)
[2344.760s][info ][gc,metaspace ] GC(756) Metaspace: 57683K->57683K(1101824K)
[2344.760s][info ][gc           ] GC(756) Pause Young (Allocation Failure) 576M->342M(850M) 2.588ms
[2344.760s][info ][gc,cpu       ] GC(756) User=0.00s Sys=0.00s Real=0.00s
[2344.760s][info ][safepoint    ] Leaving safepoint region
[2344.760s][info ][safepoint    ] Total time for which application threads were stopped: 0.0028108 seconds, Stopping threads took: 0.0001018 seconds
[2345.760s][info ][safepoint    ] Application time: 1.0001090 seconds
[2345.761s][info ][safepoint    ] Entering safepoint region: Cleanup
[2345.761s][info ][safepoint    ] Leaving safepoint region
[2345.761s][info ][safepoint    ] Total time for which application threads were stopped: 0.0000770 seconds, Stopping threads took: 0.0000173 seconds
[2346.761s][info ][safepoint    ] Application time: 1.0000922 seconds
[2346.761s][info ][safepoint    ] Entering safepoint region: Cleanup
[2346.761s][info ][safepoint    ] Leaving safepoint region
[2346.761s][info ][safepoint    ] Total time for which application threads were stopped: 0.0000812 seconds, Stopping threads took: 0.0000160 seconds
[2347.761s][info ][safepoint    ] Application time: 1.0000948 seconds
[2347.761s][info ][safepoint    ] Entering safepoint region: Cleanup
[2347.761s][info ][safepoint    ] Leaving safepoint region
[2347.761s][info ][safepoint    ] Total time for which application threads were stopped: 0.0000729 seconds, Stopping threads took: 0.0000156 seconds
[2348.118s][info ][safepoint    ] Application time: 0.3565890 seconds
[2348.118s][info ][safepoint    ] Entering safepoint region: GenCollectForAllocation
[2348.118s][info ][gc,start     ] GC(757) Pause Young (Allocation Failure)
[2348.118s][info ][gc,task      ] GC(757) Using 4 workers of 4 for evacuation
[2348.120s][debug][gc,ref       ] GC(757) Skipped phase1 of Reference Processing due to unavailable references
[2348.120s][debug][gc,ref       ] GC(757) Skipped phase2 of Reference Processing due to unavailable references
[2348.120s][debug][gc,ref       ] GC(757) Skipped phase3 of Reference Processing due to unavailable references
[2348.120s][debug][gc,ref       ] GC(757) Skipped phase4 of Reference Processing due to unavailable references
[2348.121s][debug][gc,age       ] GC(757) Desired survivor size 15368192 bytes, new threshold 6 (max threshold 6)
[2348.121s][info ][gc,heap      ] GC(757) ParNew: 241553K->1203K(270336K)
[2348.121s][info ][gc,heap      ] GC(757) CMS: 349306K->349430K(600768K)
[2348.121s][info ][gc,metaspace ] GC(757) Metaspace: 57683K->57683K(1101824K)
[2348.121s][info ][gc           ] GC(757) Pause Young (Allocation Failure) 577M->342M(850M) 2.861ms
[2348.121s][info ][gc,cpu       ] GC(757) User=0.01s Sys=0.00s Real=0.00s
[2348.121s][info ][safepoint    ] Leaving safepoint region
[2348.121s][info ][safepoint    ] Total time for which application threads were stopped: 0.0030158 seconds, Stopping threads took: 0.0000141 seconds
[2349.121s][info ][safepoint    ] Application time: 1.0001025 seconds
[2349.121s][info ][safepoint    ] Entering safepoint region: Cleanup
[2349.121s][info ][safepoint    ] Leaving safepoint region
[2349.121s][info ][safepoint    ] Total time for which application threads were stopped: 0.0001427 seconds, Stopping threads took: 0.0000623 seconds
[2350.121s][info ][safepoint    ] Application time: 1.0000896 seconds
[2350.121s][info ][safepoint    ] Entering safepoint region: Cleanup
[2350.121s][info ][safepoint    ] Leaving safepoint region
[2350.121s][info ][safepoint    ] Total time for which application threads were stopped: 0.0001472 seconds, Stopping threads took: 0.0000849 seconds
[2351.121s][info ][safepoint    ] Application time: 1.0000985 seconds
[2351.121s][info ][safepoint    ] Entering safepoint region: Cleanup
[2351.122s][info ][safepoint    ] Leaving safepoint region
[2351.122s][info ][safepoint    ] Total time for which application threads were stopped: 0.0001562 seconds, Stopping threads took: 0.0000910 seconds
[2351.516s][info ][safepoint    ] Application time: 0.3947124 seconds
[2351.516s][info ][safepoint    ] Entering safepoint region: GenCollectForAllocation
[2351.516s][info ][gc,start     ] GC(758) Pause Young (Allocation Failure)
[2351.516s][info ][gc,task      ] GC(758) Using 4 workers of 4 for evacuation
[2351.519s][debug][gc,ref       ] GC(758) Skipped phase1 of Reference Processing due to unavailable references
[2351.519s][debug][gc,ref       ] GC(758) Skipped phase2 of Reference Processing due to unavailable references
[2351.519s][debug][gc,ref       ] GC(758) Skipped phase3 of Reference Processing due to unavailable references
[2351.519s][debug][gc,ref       ] GC(758) Skipped phase4 of Reference Processing due to unavailable references
[2351.519s][debug][gc,age       ] GC(758) Desired survivor size 15368192 bytes, new threshold 6 (max threshold 6)
[2351.519s][info ][gc,heap      ] GC(758) ParNew: 241523K->1298K(270336K)
[2351.519s][info ][gc,heap      ] GC(758) CMS: 349430K->349434K(600768K)
[2351.519s][info ][gc,metaspace ] GC(758) Metaspace: 57683K->57683K(1101824K)
[2351.519s][info ][gc           ] GC(758) Pause Young (Allocation Failure) 577M->342M(850M) 2.498ms
[2351.519s][info ][gc,cpu       ] GC(758) User=0.01s Sys=0.00s Real=0.00s
[2351.519s][info ][safepoint    ] Leaving safepoint region
[2351.519s][info ][safepoint    ] Total time for which application threads were stopped: 0.0026445 seconds, Stopping threads took: 0.0000146 seconds
[2352.519s][info ][safepoint    ] Application time: 1.0000938 seconds
[2352.519s][info ][safepoint    ] Entering safepoint region: Cleanup
[2352.519s][info ][safepoint    ] Leaving safepoint region
[2352.519s][info ][safepoint    ] Total time for which application threads were stopped: 0.0001206 seconds, Stopping threads took: 0.0000519 seconds
[2353.519s][info ][safepoint    ] Application time: 1.0000919 seconds
[2353.519s][info ][safepoint    ] Entering safepoint region: Cleanup
[2353.519s][info ][safepoint    ] Leaving safepoint region
[2353.519s][info ][safepoint    ] Total time for which application threads were stopped: 0.0001266 seconds, Stopping threads took: 0.0000687 seconds
[2354.520s][info ][safepoint    ] Application time: 1.0000930 seconds
[2354.520s][info ][safepoint    ] Entering safepoint region: Cleanup
[2354.520s][info ][safepoint    ] Leaving safepoint region
[2354.520s][info ][safepoint    ] Total time for which application threads were stopped: 0.0001338 seconds, Stopping threads took: 0.0000673 seconds
[2354.965s][info ][safepoint    ] Application time: 0.4454669 seconds
[2354.965s][info ][safepoint    ] Entering safepoint region: GenCollectForAllocation
[2354.965s][info ][gc,start     ] GC(759) Pause Young (Allocation Failure)
[2354.965s][info ][gc,task      ] GC(759) Using 4 workers of 4 for evacuation
[2354.968s][debug][gc,ref       ] GC(759) Skipped phase1 of Reference Processing due to unavailable references
[2354.968s][debug][gc,ref       ] GC(759) Skipped phase2 of Reference Processing due to unavailable references
[2354.968s][debug][gc,ref       ] GC(759) Skipped phase3 of Reference Processing due to unavailable references
[2354.968s][debug][gc,ref       ] GC(759) Skipped phase4 of Reference Processing due to unavailable references
[2354.968s][debug][gc,age       ] GC(759) Desired survivor size 15368192 bytes, new threshold 6 (max threshold 6)
[2354.968s][info ][gc,heap      ] GC(759) ParNew: 241618K->1089K(270336K)
[2354.968s][info ][gc,heap      ] GC(759) CMS: 349434K->349658K(600768K)
[2354.968s][info ][gc,metaspace ] GC(759) Metaspace: 57683K->57683K(1101824K)
[2354.968s][info ][gc           ] GC(759) Pause Young (Allocation Failure) 577M->342M(850M) 3.094ms
[2354.968s][info ][gc,cpu       ] GC(759) User=0.01s Sys=0.00s Real=0.01s
[2354.969s][info ][safepoint    ] Leaving safepoint region
[2354.969s][info ][safepoint    ] Total time for which application threads were stopped: 0.0032911 seconds, Stopping threads took: 0.0000622 seconds
[2355.969s][info ][safepoint    ] Application time: 1.0000923 seconds
[2355.969s][info ][safepoint    ] Entering safepoint region: Cleanup
[2355.969s][info ][safepoint    ] Leaving safepoint region
[2355.969s][info ][safepoint    ] Total time for which application threads were stopped: 0.0001411 seconds, Stopping threads took: 0.0000591 seconds
[2356.969s][info ][safepoint    ] Application time: 1.0001534 seconds
[2356.969s][info ][safepoint    ] Entering safepoint region: Cleanup
[2356.969s][info ][safepoint    ] Leaving safepoint region
[2356.969s][info ][safepoint    ] Total time for which application threads were stopped: 0.0001448 seconds, Stopping threads took: 0.0000633 seconds
[2357.969s][info ][safepoint    ] Application time: 1.0001006 seconds
[2357.969s][info ][safepoint    ] Entering safepoint region: Cleanup
[2357.969s][info ][safepoint    ] Leaving safepoint region
[2357.969s][info ][safepoint    ] Total time for which application threads were stopped: 0.0001324 seconds, Stopping threads took: 0.0000727 seconds
[2358.410s][info ][safepoint    ] Application time: 0.4410567 seconds
[2358.411s][info ][safepoint    ] Entering safepoint region: GenCollectForAllocation
[2358.411s][info ][gc,start     ] GC(760) Pause Young (Allocation Failure)
[2358.411s][info ][gc,task      ] GC(760) Using 4 workers of 4 for evacuation
[2358.413s][debug][gc,ref       ] GC(760) Skipped phase1 of Reference Processing due to unavailable references
[2358.413s][debug][gc,ref       ] GC(760) Skipped phase2 of Reference Processing due to unavailable references
[2358.413s][debug][gc,ref       ] GC(760) Skipped phase3 of Reference Processing due to unavailable references
[2358.413s][debug][gc,ref       ] GC(760) Skipped phase4 of Reference Processing due to unavailable references
[2358.413s][debug][gc,age       ] GC(760) Desired survivor size 15368192 bytes, new threshold 6 (max threshold 6)
[2358.413s][info ][gc,heap      ] GC(760) ParNew: 241409K->1158K(270336K)
[2358.413s][info ][gc,heap      ] GC(760) CMS: 349658K->349730K(600768K)
[2358.413s][info ][gc,metaspace ] GC(760) Metaspace: 57683K->57683K(1101824K)
[2358.413s][info ][gc           ] GC(760) Pause Young (Allocation Failure) 577M->342M(850M) 2.679ms
[2358.413s][info ][gc,cpu       ] GC(760) User=0.01s Sys=0.00s Real=0.00s
[2358.413s][info ][safepoint    ] Leaving safepoint region
[2358.413s][info ][safepoint    ] Total time for which application threads were stopped: 0.0028795 seconds, Stopping threads took: 0.0000569 seconds
[2359.413s][info ][safepoint    ] Application time: 1.0000964 seconds
[2359.414s][info ][safepoint    ] Entering safepoint region: Cleanup
[2359.414s][info ][safepoint    ] Leaving safepoint region
[2359.414s][info ][safepoint    ] Total time for which application threads were stopped: 0.0000849 seconds, Stopping threads took: 0.0000152 seconds
[2360.414s][info ][safepoint    ] Application time: 1.0000548 seconds
[2360.414s][info ][safepoint    ] Entering safepoint region: Cleanup
[2360.414s][info ][safepoint    ] Leaving safepoint region
[2360.414s][info ][safepoint    ] Total time for which application threads were stopped: 0.0000977 seconds, Stopping threads took: 0.0000426 seconds
[2361.414s][info ][safepoint    ] Application time: 1.0000996 seconds
[2361.414s][info ][safepoint    ] Entering safepoint region: Cleanup
[2361.414s][info ][safepoint    ] Leaving safepoint region
[2361.414s][info ][safepoint    ] Total time for which application threads were stopped: 0.0000771 seconds, Stopping threads took: 0.0000198 seconds
[2361.869s][info ][safepoint    ] Application time: 0.4550593 seconds
[2361.869s][info ][safepoint    ] Entering safepoint region: GenCollectForAllocation
[2361.869s][info ][gc,start     ] GC(761) Pause Young (Allocation Failure)
[2361.869s][info ][gc,task      ] GC(761) Using 4 workers of 4 for evacuation
[2361.872s][debug][gc,ref       ] GC(761) Skipped phase1 of Reference Processing due to unavailable references
[2361.872s][debug][gc,ref       ] GC(761) Skipped phase2 of Reference Processing due to unavailable references
[2361.872s][debug][gc,ref       ] GC(761) Skipped phase3 of Reference Processing due to unavailable references
[2361.872s][debug][gc,ref       ] GC(761) Skipped phase4 of Reference Processing due to unavailable references
[2361.872s][debug][gc,age       ] GC(761) Desired survivor size 15368192 bytes, new threshold 6 (max threshold 6)
[2361.872s][info ][gc,heap      ] GC(761) ParNew: 241478K->950K(270336K)
[2361.872s][info ][gc,heap      ] GC(761) CMS: 349730K->349757K(600768K)
[2361.872s][info ][gc,metaspace ] GC(761) Metaspace: 57683K->57683K(1101824K)
[2361.872s][info ][gc           ] GC(761) Pause Young (Allocation Failure) 577M->342M(850M) 2.511ms
[2361.872s][info ][gc,cpu       ] GC(761) User=0.01s Sys=0.00s Real=0.00s
[2361.872s][info ][safepoint    ] Leaving safepoint region
[2361.872s][info ][safepoint    ] Total time for which application threads were stopped: 0.0026585 seconds, Stopping threads took: 0.0000153 seconds
[2362.872s][info ][safepoint    ] Application time: 1.0000683 seconds
[2362.872s][info ][safepoint    ] Entering safepoint region: Cleanup
[2362.872s][info ][safepoint    ] Leaving safepoint region
[2362.872s][info ][safepoint    ] Total time for which application threads were stopped: 0.0001221 seconds, Stopping threads took: 0.0000591 seconds
[2363.872s][info ][safepoint    ] Application time: 1.0000910 seconds
[2363.872s][info ][safepoint    ] Entering safepoint region: Cleanup
[2363.872s][info ][safepoint    ] Leaving safepoint region
[2363.872s][info ][safepoint    ] Total time for which application threads were stopped: 0.0001391 seconds, Stopping threads took: 0.0000766 seconds
[2364.872s][info ][safepoint    ] Application time: 1.0001053 seconds
[2364.872s][info ][safepoint    ] Entering safepoint region: Cleanup
[2364.873s][info ][safepoint    ] Leaving safepoint region
[2364.873s][info ][safepoint    ] Total time for which application threads were stopped: 0.0001280 seconds, Stopping threads took: 0.0000662 seconds
[2365.416s][info ][safepoint    ] Application time: 0.5433159 seconds
[2365.416s][info ][safepoint    ] Entering safepoint region: GenCollectForAllocation
[2365.416s][info ][gc,start     ] GC(762) Pause Young (Allocation Failure)
[2365.416s][info ][gc,task      ] GC(762) Using 4 workers of 4 for evacuation
[2365.418s][debug][gc,ref       ] GC(762) Skipped phase1 of Reference Processing due to unavailable references
[2365.418s][debug][gc,ref       ] GC(762) Skipped phase2 of Reference Processing due to unavailable references
[2365.418s][debug][gc,ref       ] GC(762) Skipped phase3 of Reference Processing due to unavailable references
[2365.418s][debug][gc,ref       ] GC(762) Skipped phase4 of Reference Processing due to unavailable references
[2365.418s][debug][gc,age       ] GC(762) Desired survivor size 15368192 bytes, new threshold 6 (max threshold 6)
[2365.419s][info ][gc,heap      ] GC(762) ParNew: 241270K->901K(270336K)
[2365.419s][info ][gc,heap      ] GC(762) CMS: 349757K->349785K(600768K)
[2365.419s][info ][gc,metaspace ] GC(762) Metaspace: 57683K->57683K(1101824K)
[2365.419s][info ][gc           ] GC(762) Pause Young (Allocation Failure) 577M->342M(850M) 2.545ms
[2365.419s][info ][gc,cpu       ] GC(762) User=0.01s Sys=0.00s Real=0.00s
[2365.419s][info ][safepoint    ] Leaving safepoint region
[2365.419s][info ][safepoint    ] Total time for which application threads were stopped: 0.0026985 seconds, Stopping threads took: 0.0000149 seconds
[2366.419s][info ][safepoint    ] Application time: 1.0001004 seconds
[2366.419s][info ][safepoint    ] Entering safepoint region: Cleanup
[2366.419s][info ][safepoint    ] Leaving safepoint region
[2366.419s][info ][safepoint    ] Total time for which application threads were stopped: 0.0001233 seconds, Stopping threads took: 0.0000557 seconds
[2367.419s][info ][safepoint    ] Application time: 1.0001012 seconds
[2367.419s][info ][safepoint    ] Entering safepoint region: Cleanup
[2367.419s][info ][safepoint    ] Leaving safepoint region
[2367.419s][info ][safepoint    ] Total time for which application threads were stopped: 0.0001388 seconds, Stopping threads took: 0.0000583 seconds
[2368.419s][info ][safepoint    ] Application time: 1.0001000 seconds
[2368.419s][info ][safepoint    ] Entering safepoint region: Cleanup
[2368.419s][info ][safepoint    ] Leaving safepoint region
[2368.419s][info ][safepoint    ] Total time for which application threads were stopped: 0.0001365 seconds, Stopping threads took: 0.0000651 seconds
[2368.968s][info ][safepoint    ] Application time: 0.5486667 seconds
[2368.968s][info ][safepoint    ] Entering safepoint region: GenCollectForAllocation
[2368.968s][info ][gc,start     ] GC(763) Pause Young (Allocation Failure)
[2368.968s][info ][gc,task      ] GC(763) Using 4 workers of 4 for evacuation
[2368.971s][debug][gc,ref       ] GC(763) Skipped phase1 of Reference Processing due to unavailable references
[2368.971s][debug][gc,ref       ] GC(763) Skipped phase2 of Reference Processing due to unavailable references
[2368.971s][debug][gc,ref       ] GC(763) Skipped phase3 of Reference Processing due to unavailable references
[2368.971s][debug][gc,ref       ] GC(763) Skipped phase4 of Reference Processing due to unavailable references
[2368.971s][debug][gc,age       ] GC(763) Desired survivor size 15368192 bytes, new threshold 6 (max threshold 6)
[2368.971s][info ][gc,heap      ] GC(763) ParNew: 241221K->804K(270336K)
[2368.971s][info ][gc,heap      ] GC(763) CMS: 349785K->350237K(600768K)
[2368.971s][info ][gc,metaspace ] GC(763) Metaspace: 57683K->57683K(1101824K)
[2368.971s][info ][gc           ] GC(763) Pause Young (Allocation Failure) 577M->342M(850M) 3.137ms
[2368.971s][info ][gc,cpu       ] GC(763) User=0.01s Sys=0.00s Real=0.00s
[2368.971s][info ][safepoint    ] Leaving safepoint region
[2368.971s][info ][safepoint    ] Total time for which application threads were stopped: 0.0032940 seconds, Stopping threads took: 0.0000154 seconds
[2369.971s][info ][safepoint    ] Application time: 1.0000728 seconds
[2369.972s][info ][safepoint    ] Entering safepoint region: Cleanup
[2369.972s][info ][safepoint    ] Leaving safepoint region
[2369.972s][info ][safepoint    ] Total time for which application threads were stopped: 0.0001241 seconds, Stopping threads took: 0.0000542 seconds
[2370.973s][info ][safepoint    ] Application time: 1.0012113 seconds
[2370.973s][info ][safepoint    ] Entering safepoint region: Cleanup
[2370.973s][info ][safepoint    ] Leaving safepoint region
[2370.973s][info ][safepoint    ] Total time for which application threads were stopped: 0.0001239 seconds, Stopping threads took: 0.0000565 seconds
[2371.973s][info ][safepoint    ] Application time: 1.0001642 seconds
[2371.973s][info ][safepoint    ] Entering safepoint region: Cleanup
[2371.973s][info ][safepoint    ] Leaving safepoint region
[2371.973s][info ][safepoint    ] Total time for which application threads were stopped: 0.0001339 seconds, Stopping threads took: 0.0000695 seconds
[2372.471s][info ][safepoint    ] Application time: 0.4980972 seconds
[2372.472s][info ][safepoint    ] Entering safepoint region: GenCollectForAllocation
[2372.472s][info ][gc,start     ] GC(764) Pause Young (Allocation Failure)
[2372.472s][info ][gc,task      ] GC(764) Using 4 workers of 4 for evacuation
[2372.474s][debug][gc,ref       ] GC(764) Skipped phase1 of Reference Processing due to unavailable references
[2372.474s][debug][gc,ref       ] GC(764) Skipped phase2 of Reference Processing due to unavailable references
[2372.474s][debug][gc,ref       ] GC(764) Skipped phase3 of Reference Processing due to unavailable references
[2372.474s][debug][gc,ref       ] GC(764) Skipped phase4 of Reference Processing due to unavailable references
[2372.474s][debug][gc,age       ] GC(764) Desired survivor size 15368192 bytes, new threshold 6 (max threshold 6)
[2372.474s][info ][gc,heap      ] GC(764) ParNew: 241124K->579K(270336K)
[2372.474s][info ][gc,heap      ] GC(764) CMS: 350237K->350257K(600768K)
[2372.474s][info ][gc,metaspace ] GC(764) Metaspace: 57686K->57686K(1101824K)
[2372.474s][info ][gc           ] GC(764) Pause Young (Allocation Failure) 577M->342M(850M) 2.341ms
[2372.474s][info ][gc,cpu       ] GC(764) User=0.01s Sys=0.00s Real=0.01s
[2372.474s][info ][safepoint    ] Leaving safepoint region
[2372.474s][info ][safepoint    ] Total time for which application threads were stopped: 0.0025123 seconds, Stopping threads took: 0.0000153 seconds
[2373.474s][info ][safepoint    ] Application time: 1.0000881 seconds
[2373.474s][info ][safepoint    ] Entering safepoint region: Cleanup
[2373.474s][info ][safepoint    ] Leaving safepoint region
[2373.474s][info ][safepoint    ] Total time for which application threads were stopped: 0.0001334 seconds, Stopping threads took: 0.0000649 seconds
[2374.474s][info ][safepoint    ] Application time: 1.0001034 seconds
[2374.475s][info ][safepoint    ] Entering safepoint region: Cleanup
[2374.475s][info ][safepoint    ] Leaving safepoint region
[2374.475s][info ][safepoint    ] Total time for which application threads were stopped: 0.0001420 seconds, Stopping threads took: 0.0000788 seconds
[2375.475s][info ][safepoint    ] Application time: 1.0001044 seconds
[2375.475s][info ][safepoint    ] Entering safepoint region: Cleanup
[2375.475s][info ][safepoint    ] Leaving safepoint region
[2375.475s][info ][safepoint    ] Total time for which application threads were stopped: 0.0000679 seconds, Stopping threads took: 0.0000150 seconds
[2376.072s][info ][safepoint    ] Application time: 0.5970313 seconds
[2376.072s][info ][safepoint    ] Entering safepoint region: GenCollectForAllocation
[2376.072s][info ][gc,start     ] GC(765) Pause Young (Allocation Failure)
[2376.072s][info ][gc,task      ] GC(765) Using 4 workers of 4 for evacuation
[2376.074s][debug][gc,ref       ] GC(765) Skipped phase1 of Reference Processing due to unavailable references
[2376.074s][debug][gc,ref       ] GC(765) Skipped phase2 of Reference Processing due to unavailable references
[2376.074s][debug][gc,ref       ] GC(765) Skipped phase3 of Reference Processing due to unavailable references
[2376.074s][debug][gc,ref       ] GC(765) Skipped phase4 of Reference Processing due to unavailable references
[2376.074s][debug][gc,age       ] GC(765) Desired survivor size 15368192 bytes, new threshold 6 (max threshold 6)
[2376.074s][info ][gc,heap      ] GC(765) ParNew: 240899K->717K(270336K)
[2376.074s][info ][gc,heap      ] GC(765) CMS: 350257K->350271K(600768K)
[2376.074s][info ][gc,metaspace ] GC(765) Metaspace: 57686K->57686K(1101824K)
[2376.074s][info ][gc           ] GC(765) Pause Young (Allocation Failure) 577M->342M(850M) 2.387ms
[2376.074s][info ][gc,cpu       ] GC(765) User=0.01s Sys=0.00s Real=0.01s
[2376.074s][info ][safepoint    ] Leaving safepoint region
[2376.074s][info ][safepoint    ] Total time for which application threads were stopped: 0.0025554 seconds, Stopping threads took: 0.0000162 seconds
[2377.075s][info ][safepoint    ] Application time: 1.0000866 seconds
[2377.075s][info ][safepoint    ] Entering safepoint region: Cleanup
[2377.075s][info ][safepoint    ] Leaving safepoint region
[2377.075s][info ][safepoint    ] Total time for which application threads were stopped: 0.0000839 seconds, Stopping threads took: 0.0000153 seconds
[2378.075s][info ][safepoint    ] Application time: 1.0000827 seconds
[2378.075s][info ][safepoint    ] Entering safepoint region: Cleanup
[2378.075s][info ][safepoint    ] Leaving safepoint region
[2378.075s][info ][safepoint    ] Total time for which application threads were stopped: 0.0001376 seconds, Stopping threads took: 0.0000634 seconds
[2379.075s][info ][safepoint    ] Application time: 1.0001034 seconds
[2379.075s][info ][safepoint    ] Entering safepoint region: Cleanup
[2379.075s][info ][safepoint    ] Leaving safepoint region
[2379.075s][info ][safepoint    ] Total time for which application threads were stopped: 0.0001175 seconds, Stopping threads took: 0.0000601 seconds
[2379.721s][info ][safepoint    ] Application time: 0.6461842 seconds
[2379.721s][info ][safepoint    ] Entering safepoint region: GenCollectForAllocation
[2379.721s][info ][gc,start     ] GC(766) Pause Young (Allocation Failure)
[2379.722s][info ][gc,task      ] GC(766) Using 4 workers of 4 for evacuation
[2379.724s][debug][gc,ref       ] GC(766) Skipped phase1 of Reference Processing due to unavailable references
[2379.724s][debug][gc,ref       ] GC(766) Skipped phase2 of Reference Processing due to unavailable references
[2379.724s][debug][gc,ref       ] GC(766) Skipped phase3 of Reference Processing due to unavailable references
[2379.724s][debug][gc,ref       ] GC(766) Skipped phase4 of Reference Processing due to unavailable references
[2379.724s][debug][gc,age       ] GC(766) Desired survivor size 15368192 bytes, new threshold 6 (max threshold 6)
[2379.724s][info ][gc,heap      ] GC(766) ParNew: 241037K->798K(270336K)
[2379.724s][info ][gc,heap      ] GC(766) CMS: 350271K->350296K(600768K)
[2379.724s][info ][gc,metaspace ] GC(766) Metaspace: 57686K->57686K(1101824K)
[2379.724s][info ][gc           ] GC(766) Pause Young (Allocation Failure) 577M->342M(850M) 2.510ms
[2379.724s][info ][gc,cpu       ] GC(766) User=0.01s Sys=0.00s Real=0.00s
[2379.724s][info ][safepoint    ] Leaving safepoint region
[2379.724s][info ][safepoint    ] Total time for which application threads were stopped: 0.0026575 seconds, Stopping threads took: 0.0000162 seconds
[2380.724s][info ][safepoint    ] Application time: 1.0001167 seconds
[2380.724s][info ][safepoint    ] Entering safepoint region: Cleanup
[2380.724s][info ][safepoint    ] Leaving safepoint region
[2380.724s][info ][safepoint    ] Total time for which application threads were stopped: 0.0000692 seconds, Stopping threads took: 0.0000147 seconds
[2381.724s][info ][safepoint    ] Application time: 1.0000802 seconds
[2381.724s][info ][safepoint    ] Entering safepoint region: Cleanup
[2381.725s][info ][safepoint    ] Leaving safepoint region
[2381.725s][info ][safepoint    ] Total time for which application threads were stopped: 0.0001466 seconds, Stopping threads took: 0.0000805 seconds
[2382.725s][info ][safepoint    ] Application time: 1.0001270 seconds
[2382.725s][info ][safepoint    ] Entering safepoint region: Cleanup
[2382.725s][info ][safepoint    ] Leaving safepoint region
[2382.725s][info ][safepoint    ] Total time for which application threads were stopped: 0.0000699 seconds, Stopping threads took: 0.0000162 seconds
[2383.319s][info ][safepoint    ] Application time: 0.5944712 seconds
[2383.319s][info ][safepoint    ] Entering safepoint region: GenCollectForAllocation
[2383.319s][info ][gc,start     ] GC(767) Pause Young (Allocation Failure)
[2383.319s][info ][gc,task      ] GC(767) Using 4 workers of 4 for evacuation
[2383.322s][debug][gc,ref       ] GC(767) Skipped phase1 of Reference Processing due to unavailable references
[2383.322s][debug][gc,ref       ] GC(767) Skipped phase2 of Reference Processing due to unavailable references
[2383.322s][debug][gc,ref       ] GC(767) Skipped phase3 of Reference Processing due to unavailable references
[2383.322s][debug][gc,ref       ] GC(767) Skipped phase4 of Reference Processing due to unavailable references
[2383.322s][debug][gc,age       ] GC(767) Desired survivor size 15368192 bytes, new threshold 6 (max threshold 6)
[2383.322s][info ][gc,heap      ] GC(767) ParNew: 241118K->1061K(270336K)
[2383.322s][info ][gc,heap      ] GC(767) CMS: 350296K->350323K(600768K)
[2383.322s][info ][gc,metaspace ] GC(767) Metaspace: 57686K->57686K(1101824K)
[2383.322s][info ][gc           ] GC(767) Pause Young (Allocation Failure) 577M->343M(850M) 2.587ms
[2383.322s][info ][gc,cpu       ] GC(767) User=0.01s Sys=0.00s Real=0.00s
[2383.322s][info ][safepoint    ] Leaving safepoint region
[2383.322s][info ][safepoint    ] Total time for which application threads were stopped: 0.0027448 seconds, Stopping threads took: 0.0000160 seconds
[2384.322s][info ][safepoint    ] Application time: 1.0000942 seconds
[2384.322s][info ][safepoint    ] Entering safepoint region: Cleanup
[2384.322s][info ][safepoint    ] Leaving safepoint region
[2384.322s][info ][safepoint    ] Total time for which application threads were stopped: 0.0001355 seconds, Stopping threads took: 0.0000679 seconds
[2385.322s][info ][safepoint    ] Application time: 1.0000983 seconds
[2385.322s][info ][safepoint    ] Entering safepoint region: Cleanup
[2385.323s][info ][safepoint    ] Leaving safepoint region
[2385.323s][info ][safepoint    ] Total time for which application threads were stopped: 0.0001346 seconds, Stopping threads took: 0.0000649 seconds
[2386.323s][info ][safepoint    ] Application time: 1.0000856 seconds
[2386.323s][info ][safepoint    ] Entering safepoint region: Cleanup
[2386.323s][info ][safepoint    ] Leaving safepoint region
[2386.323s][info ][safepoint    ] Total time for which application threads were stopped: 0.0001743 seconds, Stopping threads took: 0.0000983 seconds
[2386.871s][info ][safepoint    ] Application time: 0.5477938 seconds
[2386.871s][info ][safepoint    ] Entering safepoint region: GenCollectForAllocation
[2386.871s][info ][gc,start     ] GC(768) Pause Young (Allocation Failure)
[2386.871s][info ][gc,task      ] GC(768) Using 4 workers of 4 for evacuation
[2386.873s][debug][gc,ref       ] GC(768) Skipped phase1 of Reference Processing due to unavailable references
[2386.873s][debug][gc,ref       ] GC(768) Skipped phase2 of Reference Processing due to unavailable references
[2386.873s][debug][gc,ref       ] GC(768) Skipped phase3 of Reference Processing due to unavailable references
[2386.873s][debug][gc,ref       ] GC(768) Skipped phase4 of Reference Processing due to unavailable references
[2386.873s][debug][gc,age       ] GC(768) Desired survivor size 15368192 bytes, new threshold 6 (max threshold 6)
[2386.873s][info ][gc,heap      ] GC(768) ParNew: 241381K->1305K(270336K)
[2386.874s][info ][gc,heap      ] GC(768) CMS: 350323K->350429K(600768K)
[2386.874s][info ][gc,metaspace ] GC(768) Metaspace: 57686K->57686K(1101824K)
[2386.874s][info ][gc           ] GC(768) Pause Young (Allocation Failure) 577M->343M(850M) 2.708ms
[2386.874s][info ][gc,cpu       ] GC(768) User=0.01s Sys=0.01s Real=0.00s
[2386.874s][info ][safepoint    ] Leaving safepoint region
[2386.874s][info ][safepoint    ] Total time for which application threads were stopped: 0.0028689 seconds, Stopping threads took: 0.0000162 seconds
[2387.874s][info ][safepoint    ] Application time: 1.0001703 seconds
[2387.874s][info ][safepoint    ] Entering safepoint region: Cleanup
[2387.874s][info ][safepoint    ] Leaving safepoint region
[2387.874s][info ][safepoint    ] Total time for which application threads were stopped: 0.0001490 seconds, Stopping threads took: 0.0000672 seconds
[2388.874s][info ][safepoint    ] Application time: 1.0001041 seconds
[2388.874s][info ][safepoint    ] Entering safepoint region: Cleanup
[2388.874s][info ][safepoint    ] Leaving safepoint region
[2388.874s][info ][safepoint    ] Total time for which application threads were stopped: 0.0001372 seconds, Stopping threads took: 0.0000637 seconds
[2389.874s][info ][safepoint    ] Application time: 1.0000937 seconds
[2389.874s][info ][safepoint    ] Entering safepoint region: Cleanup
[2389.874s][info ][safepoint    ] Leaving safepoint region
[2389.874s][info ][safepoint    ] Total time for which application threads were stopped: 0.0001304 seconds, Stopping threads took: 0.0000599 seconds
[2390.528s][info ][safepoint    ] Application time: 0.6531476 seconds
[2390.528s][info ][safepoint    ] Entering safepoint region: GenCollectForAllocation
[2390.528s][info ][gc,start     ] GC(769) Pause Young (Allocation Failure)
[2390.528s][info ][gc,task      ] GC(769) Using 4 workers of 4 for evacuation
[2390.530s][debug][gc,ref       ] GC(769) Skipped phase1 of Reference Processing due to unavailable references
[2390.530s][debug][gc,ref       ] GC(769) Skipped phase2 of Reference Processing due to unavailable references
[2390.530s][debug][gc,ref       ] GC(769) Skipped phase3 of Reference Processing due to unavailable references
[2390.530s][debug][gc,ref       ] GC(769) Skipped phase4 of Reference Processing due to unavailable references
[2390.531s][debug][gc,age       ] GC(769) Desired survivor size 15368192 bytes, new threshold 6 (max threshold 6)
[2390.531s][info ][gc,heap      ] GC(769) ParNew: 241625K->974K(270336K)
[2390.531s][info ][gc,heap      ] GC(769) CMS: 350429K->350510K(600768K)
[2390.531s][info ][gc,metaspace ] GC(769) Metaspace: 57686K->57686K(1101824K)
[2390.531s][info ][gc           ] GC(769) Pause Young (Allocation Failure) 578M->343M(850M) 2.876ms
[2390.531s][info ][gc,cpu       ] GC(769) User=0.01s Sys=0.00s Real=0.00s
[2390.531s][info ][safepoint    ] Leaving safepoint region
[2390.531s][info ][safepoint    ] Total time for which application threads were stopped: 0.0030353 seconds, Stopping threads took: 0.0000338 seconds
[2391.531s][info ][safepoint    ] Application time: 1.0000998 seconds
[2391.531s][info ][safepoint    ] Entering safepoint region: Cleanup
[2391.531s][info ][safepoint    ] Leaving safepoint region
[2391.531s][info ][safepoint    ] Total time for which application threads were stopped: 0.0000836 seconds, Stopping threads took: 0.0000160 seconds
[2392.531s][info ][safepoint    ] Application time: 1.0001188 seconds
[2392.531s][info ][safepoint    ] Entering safepoint region: Cleanup
[2392.531s][info ][safepoint    ] Leaving safepoint region
[2392.531s][info ][safepoint    ] Total time for which application threads were stopped: 0.0000696 seconds, Stopping threads took: 0.0000162 seconds
[2393.532s][info ][safepoint    ] Application time: 1.0007509 seconds
[2393.532s][info ][safepoint    ] Entering safepoint region: Cleanup
[2393.532s][info ][safepoint    ] Leaving safepoint region
[2393.532s][info ][safepoint    ] Total time for which application threads were stopped: 0.0000691 seconds, Stopping threads took: 0.0000157 seconds
[2394.074s][info ][safepoint    ] Application time: 0.5418564 seconds
[2394.074s][info ][safepoint    ] Entering safepoint region: GenCollectForAllocation
[2394.074s][info ][gc,start     ] GC(770) Pause Young (Allocation Failure)
[2394.074s][info ][gc,task      ] GC(770) Using 4 workers of 4 for evacuation
[2394.077s][debug][gc,ref       ] GC(770) Skipped phase1 of Reference Processing due to unavailable references
[2394.077s][debug][gc,ref       ] GC(770) Skipped phase2 of Reference Processing due to unavailable references
[2394.077s][debug][gc,ref       ] GC(770) Skipped phase3 of Reference Processing due to unavailable references
[2394.077s][debug][gc,ref       ] GC(770) Skipped phase4 of Reference Processing due to unavailable references
[2394.077s][debug][gc,age       ] GC(770) Desired survivor size 15368192 bytes, new threshold 6 (max threshold 6)
[2394.077s][info ][gc,heap      ] GC(770) ParNew: 241294K->1391K(270336K)
[2394.077s][info ][gc,heap      ] GC(770) CMS: 350510K->350521K(600768K)
[2394.077s][info ][gc,metaspace ] GC(770) Metaspace: 57686K->57686K(1101824K)
[2394.077s][info ][gc           ] GC(770) Pause Young (Allocation Failure) 577M->343M(850M) 3.132ms
[2394.077s][info ][gc,cpu       ] GC(770) User=0.01s Sys=0.00s Real=0.00s
[2394.077s][info ][safepoint    ] Leaving safepoint region
[2394.077s][info ][safepoint    ] Total time for which application threads were stopped: 0.0032799 seconds, Stopping threads took: 0.0000153 seconds
[2395.077s][info ][safepoint    ] Application time: 1.0000913 seconds
[2395.077s][info ][safepoint    ] Entering safepoint region: Cleanup
[2395.077s][info ][safepoint    ] Leaving safepoint region
[2395.077s][info ][safepoint    ] Total time for which application threads were stopped: 0.0001209 seconds, Stopping threads took: 0.0000641 seconds
[2396.078s][info ][safepoint    ] Application time: 1.0001219 seconds
[2396.078s][info ][safepoint    ] Entering safepoint region: Cleanup
[2396.078s][info ][safepoint    ] Leaving safepoint region
[2396.078s][info ][safepoint    ] Total time for which application threads were stopped: 0.0000825 seconds, Stopping threads took: 0.0000151 seconds
[2397.078s][info ][safepoint    ] Application time: 1.0000947 seconds
[2397.078s][info ][safepoint    ] Entering safepoint region: Cleanup
[2397.078s][info ][safepoint    ] Leaving safepoint region
[2397.078s][info ][safepoint    ] Total time for which application threads were stopped: 0.0000830 seconds, Stopping threads took: 0.0000142 seconds
[2397.521s][info ][safepoint    ] Application time: 0.4431024 seconds
[2397.521s][info ][safepoint    ] Entering safepoint region: GenCollectForAllocation
[2397.521s][info ][gc,start     ] GC(771) Pause Young (Allocation Failure)
[2397.521s][info ][gc,task      ] GC(771) Using 4 workers of 4 for evacuation
[2397.524s][debug][gc,ref       ] GC(771) Skipped phase1 of Reference Processing due to unavailable references
[2397.524s][debug][gc,ref       ] GC(771) Skipped phase2 of Reference Processing due to unavailable references
[2397.524s][debug][gc,ref       ] GC(771) Skipped phase3 of Reference Processing due to unavailable references
[2397.524s][debug][gc,ref       ] GC(771) Skipped phase4 of Reference Processing due to unavailable references
[2397.524s][debug][gc,age       ] GC(771) Desired survivor size 15368192 bytes, new threshold 6 (max threshold 6)
[2397.524s][info ][gc,heap      ] GC(771) ParNew: 241711K->1500K(270336K)
[2397.524s][info ][gc,heap      ] GC(771) CMS: 350521K->350609K(600768K)
[2397.524s][info ][gc,metaspace ] GC(771) Metaspace: 57686K->57686K(1101824K)
[2397.524s][info ][gc           ] GC(771) Pause Young (Allocation Failure) 578M->343M(850M) 2.947ms
[2397.524s][info ][gc,cpu       ] GC(771) User=0.01s Sys=0.00s Real=0.00s
[2397.524s][info ][safepoint    ] Leaving safepoint region
[2397.524s][info ][safepoint    ] Total time for which application threads were stopped: 0.0030933 seconds, Stopping threads took: 0.0000154 seconds
[2398.524s][info ][safepoint    ] Application time: 1.0000879 seconds
[2398.524s][info ][safepoint    ] Entering safepoint region: Cleanup
[2398.524s][info ][safepoint    ] Leaving safepoint region
[2398.524s][info ][safepoint    ] Total time for which application threads were stopped: 0.0001085 seconds, Stopping threads took: 0.0000488 seconds
[2399.524s][info ][safepoint    ] Application time: 1.0000835 seconds
[2399.525s][info ][safepoint    ] Entering safepoint region: Cleanup
[2399.525s][info ][safepoint    ] Leaving safepoint region
[2399.525s][info ][safepoint    ] Total time for which application threads were stopped: 0.0001430 seconds, Stopping threads took: 0.0000643 seconds
[2400.525s][info ][safepoint    ] Application time: 1.0000967 seconds
[2400.525s][info ][safepoint    ] Entering safepoint region: Cleanup
[2400.525s][info ][safepoint    ] Leaving safepoint region
[2400.525s][info ][safepoint    ] Total time for which application threads were stopped: 0.0000691 seconds, Stopping threads took: 0.0000147 seconds
[2401.123s][info ][safepoint    ] Application time: 0.5977074 seconds
[2401.123s][info ][safepoint    ] Entering safepoint region: GenCollectForAllocation
[2401.123s][info ][gc,start     ] GC(772) Pause Young (Allocation Failure)
[2401.123s][info ][gc,task      ] GC(772) Using 4 workers of 4 for evacuation
[2401.126s][debug][gc,ref       ] GC(772) Skipped phase1 of Reference Processing due to unavailable references
[2401.126s][debug][gc,ref       ] GC(772) Skipped phase2 of Reference Processing due to unavailable references
[2401.126s][debug][gc,ref       ] GC(772) Skipped phase3 of Reference Processing due to unavailable references
[2401.126s][debug][gc,ref       ] GC(772) Skipped phase4 of Reference Processing due to unavailable references
[2401.126s][debug][gc,age       ] GC(772) Desired survivor size 15368192 bytes, new threshold 6 (max threshold 6)
[2401.126s][info ][gc,heap      ] GC(772) ParNew: 241820K->1131K(270336K)
[2401.126s][info ][gc,heap      ] GC(772) CMS: 350609K->350722K(600768K)
[2401.126s][info ][gc,metaspace ] GC(772) Metaspace: 57686K->57686K(1101824K)
[2401.126s][info ][gc           ] GC(772) Pause Young (Allocation Failure) 578M->343M(850M) 3.239ms
[2401.126s][info ][gc,cpu       ] GC(772) User=0.01s Sys=0.00s Real=0.01s
[2401.126s][info ][safepoint    ] Leaving safepoint region
[2401.126s][info ][safepoint    ] Total time for which application threads were stopped: 0.0033942 seconds, Stopping threads took: 0.0000259 seconds
[2402.126s][info ][safepoint    ] Application time: 1.0000921 seconds
[2402.126s][info ][safepoint    ] Entering safepoint region: Cleanup
[2402.126s][info ][safepoint    ] Leaving safepoint region
[2402.126s][info ][safepoint    ] Total time for which application threads were stopped: 0.0000745 seconds, Stopping threads took: 0.0000167 seconds
[2403.126s][info ][safepoint    ] Application time: 1.0001192 seconds
[2403.126s][info ][safepoint    ] Entering safepoint region: Cleanup
[2403.126s][info ][safepoint    ] Leaving safepoint region
[2403.126s][info ][safepoint    ] Total time for which application threads were stopped: 0.0000811 seconds, Stopping threads took: 0.0000156 seconds
[2404.127s][info ][safepoint    ] Application time: 1.0000916 seconds
[2404.127s][info ][safepoint    ] Entering safepoint region: Cleanup
[2404.127s][info ][safepoint    ] Leaving safepoint region
[2404.127s][info ][safepoint    ] Total time for which application threads were stopped: 0.0000898 seconds, Stopping threads took: 0.0000153 seconds
[2404.722s][info ][safepoint    ] Application time: 0.5954951 seconds
[2404.722s][info ][safepoint    ] Entering safepoint region: GenCollectForAllocation
[2404.722s][info ][gc,start     ] GC(773) Pause Young (Allocation Failure)
[2404.722s][info ][gc,task      ] GC(773) Using 4 workers of 4 for evacuation
[2404.725s][debug][gc,ref       ] GC(773) Skipped phase1 of Reference Processing due to unavailable references
[2404.725s][debug][gc,ref       ] GC(773) Skipped phase2 of Reference Processing due to unavailable references
[2404.725s][debug][gc,ref       ] GC(773) Skipped phase3 of Reference Processing due to unavailable references
[2404.725s][debug][gc,ref       ] GC(773) Skipped phase4 of Reference Processing due to unavailable references
[2404.725s][debug][gc,age       ] GC(773) Desired survivor size 15368192 bytes, new threshold 6 (max threshold 6)
[2404.725s][info ][gc,heap      ] GC(773) ParNew: 241451K->1114K(270336K)
[2404.725s][info ][gc,heap      ] GC(773) CMS: 350722K->350853K(600768K)
[2404.725s][info ][gc,metaspace ] GC(773) Metaspace: 57686K->57686K(1101824K)
[2404.725s][info ][gc           ] GC(773) Pause Young (Allocation Failure) 578M->343M(850M) 3.125ms
[2404.725s][info ][gc,cpu       ] GC(773) User=0.01s Sys=0.00s Real=0.00s
[2404.725s][info ][safepoint    ] Leaving safepoint region
[2404.725s][info ][safepoint    ] Total time for which application threads were stopped: 0.0032690 seconds, Stopping threads took: 0.0000179 seconds
[2405.726s][info ][safepoint    ] Application time: 1.0001009 seconds
[2405.726s][info ][safepoint    ] Entering safepoint region: Cleanup
[2405.726s][info ][safepoint    ] Leaving safepoint region
[2405.726s][info ][safepoint    ] Total time for which application threads were stopped: 0.0000711 seconds, Stopping threads took: 0.0000146 seconds
[2408.152s][info ][safepoint    ] Application time: 2.4261738 seconds
[2408.152s][info ][safepoint    ] Entering safepoint region: GenCollectForAllocation
[2408.152s][info ][gc,start     ] GC(774) Pause Young (Allocation Failure)
[2408.152s][info ][gc,task      ] GC(774) Using 4 workers of 4 for evacuation
[2408.155s][debug][gc,ref       ] GC(774) Skipped phase1 of Reference Processing due to unavailable references
[2408.155s][debug][gc,ref       ] GC(774) Skipped phase2 of Reference Processing due to unavailable references
[2408.155s][debug][gc,ref       ] GC(774) Skipped phase3 of Reference Processing due to unavailable references
[2408.155s][debug][gc,ref       ] GC(774) Skipped phase4 of Reference Processing due to unavailable references
[2408.155s][debug][gc,age       ] GC(774) Desired survivor size 15368192 bytes, new threshold 6 (max threshold 6)
[2408.155s][info ][gc,heap      ] GC(774) ParNew: 241434K->1001K(270336K)
[2408.155s][info ][gc,heap      ] GC(774) CMS: 350853K->350953K(600768K)
[2408.155s][info ][gc,metaspace ] GC(774) Metaspace: 57686K->57686K(1101824K)
[2408.155s][info ][gc           ] GC(774) Pause Young (Allocation Failure) 578M->343M(850M) 3.076ms
[2408.155s][info ][gc,cpu       ] GC(774) User=0.01s Sys=0.00s Real=0.01s
[2408.155s][info ][safepoint    ] Leaving safepoint region
[2408.155s][info ][safepoint    ] Total time for which application threads were stopped: 0.0032179 seconds, Stopping threads took: 0.0000142 seconds
[2411.719s][info ][safepoint    ] Application time: 3.5638066 seconds
[2411.719s][info ][safepoint    ] Entering safepoint region: GenCollectForAllocation
[2411.719s][info ][gc,start     ] GC(775) Pause Young (Allocation Failure)
[2411.719s][info ][gc,task      ] GC(775) Using 4 workers of 4 for evacuation
[2411.722s][debug][gc,ref       ] GC(775) Skipped phase1 of Reference Processing due to unavailable references
[2411.722s][debug][gc,ref       ] GC(775) Skipped phase2 of Reference Processing due to unavailable references
[2411.722s][debug][gc,ref       ] GC(775) Skipped phase3 of Reference Processing due to unavailable references
[2411.722s][debug][gc,ref       ] GC(775) Skipped phase4 of Reference Processing due to unavailable references
[2411.722s][debug][gc,age       ] GC(775) Desired survivor size 15368192 bytes, new threshold 6 (max threshold 6)
[2411.722s][info ][gc,heap      ] GC(775) ParNew: 241321K->1053K(270336K)
[2411.722s][info ][gc,heap      ] GC(775) CMS: 350953K->351065K(600768K)
[2411.722s][info ][gc,metaspace ] GC(775) Metaspace: 57686K->57686K(1101824K)
[2411.722s][info ][gc           ] GC(775) Pause Young (Allocation Failure) 578M->343M(850M) 2.911ms
[2411.722s][info ][gc,cpu       ] GC(775) User=0.01s Sys=0.00s Real=0.00s
[2411.722s][info ][safepoint    ] Leaving safepoint region
[2411.722s][info ][safepoint    ] Total time for which application threads were stopped: 0.0030564 seconds, Stopping threads took: 0.0000157 seconds
[2412.722s][info ][safepoint    ] Application time: 1.0001045 seconds
[2412.722s][info ][safepoint    ] Entering safepoint region: Cleanup
[2412.722s][info ][safepoint    ] Leaving safepoint region
[2412.722s][info ][safepoint    ] Total time for which application threads were stopped: 0.0001217 seconds, Stopping threads took: 0.0000466 seconds
[2413.722s][info ][safepoint    ] Application time: 1.0001065 seconds
[2413.722s][info ][safepoint    ] Entering safepoint region: Cleanup
[2413.723s][info ][safepoint    ] Leaving safepoint region
[2413.723s][info ][safepoint    ] Total time for which application threads were stopped: 0.0002285 seconds, Stopping threads took: 0.0000848 seconds
[2414.422s][info ][safepoint    ] Application time: 0.6997793 seconds
[2414.422s][info ][safepoint    ] Entering safepoint region: GenCollectForAllocation
[2414.423s][info ][gc,start     ] GC(776) Pause Young (Allocation Failure)
[2414.423s][info ][gc,task      ] GC(776) Using 4 workers of 4 for evacuation
[2414.426s][debug][gc,ref       ] GC(776) Skipped phase1 of Reference Processing due to unavailable references
[2414.426s][debug][gc,ref       ] GC(776) Skipped phase2 of Reference Processing due to unavailable references
[2414.426s][debug][gc,ref       ] GC(776) Skipped phase3 of Reference Processing due to unavailable references
[2414.426s][debug][gc,ref       ] GC(776) Skipped phase4 of Reference Processing due to unavailable references
[2414.426s][debug][gc,age       ] GC(776) Desired survivor size 15368192 bytes, new threshold 6 (max threshold 6)
[2414.426s][info ][gc,heap      ] GC(776) ParNew: 241373K->1084K(270336K)
[2414.426s][info ][gc,heap      ] GC(776) CMS: 351065K->351226K(600768K)
[2414.426s][info ][gc,metaspace ] GC(776) Metaspace: 57692K->57692K(1101824K)
[2414.426s][info ][gc           ] GC(776) Pause Young (Allocation Failure) 578M->344M(850M) 3.327ms
[2414.426s][info ][gc,cpu       ] GC(776) User=0.00s Sys=0.00s Real=0.01s
[2414.426s][info ][safepoint    ] Leaving safepoint region
[2414.426s][info ][safepoint    ] Total time for which application threads were stopped: 0.0034869 seconds, Stopping threads took: 0.0000276 seconds
[2417.426s][info ][safepoint    ] Application time: 3.0002369 seconds
[2417.426s][info ][safepoint    ] Entering safepoint region: Cleanup
[2417.426s][info ][safepoint    ] Leaving safepoint region
[2417.426s][info ][safepoint    ] Total time for which application threads were stopped: 0.0000938 seconds, Stopping threads took: 0.0000284 seconds
[2418.068s][info ][safepoint    ] Application time: 0.6414155 seconds
[2418.068s][info ][safepoint    ] Entering safepoint region: GenCollectForAllocation
[2418.068s][info ][gc,start     ] GC(777) Pause Young (Allocation Failure)
[2418.068s][info ][gc,task      ] GC(777) Using 4 workers of 4 for evacuation
[2418.071s][debug][gc,ref       ] GC(777) Skipped phase1 of Reference Processing due to unavailable references
[2418.071s][debug][gc,ref       ] GC(777) Skipped phase2 of Reference Processing due to unavailable references
[2418.071s][debug][gc,ref       ] GC(777) Skipped phase3 of Reference Processing due to unavailable references
[2418.071s][debug][gc,ref       ] GC(777) Skipped phase4 of Reference Processing due to unavailable references
[2418.071s][debug][gc,age       ] GC(777) Desired survivor size 15368192 bytes, new threshold 6 (max threshold 6)
[2418.071s][info ][gc,heap      ] GC(777) ParNew: 241404K->839K(270336K)
[2418.071s][info ][gc,heap      ] GC(777) CMS: 351226K->351308K(600768K)
[2418.071s][info ][gc,metaspace ] GC(777) Metaspace: 57692K->57692K(1101824K)
[2418.071s][info ][gc           ] GC(777) Pause Young (Allocation Failure) 578M->343M(850M) 3.200ms
[2418.071s][info ][gc,cpu       ] GC(777) User=0.01s Sys=0.00s Real=0.00s
[2418.071s][info ][safepoint    ] Leaving safepoint region
[2418.071s][info ][safepoint    ] Total time for which application threads were stopped: 0.0033428 seconds, Stopping threads took: 0.0000172 seconds
[2421.717s][info ][safepoint    ] Application time: 3.6456304 seconds
[2421.717s][info ][safepoint    ] Entering safepoint region: GenCollectForAllocation
[2421.717s][info ][gc,start     ] GC(778) Pause Young (Allocation Failure)
[2421.717s][info ][gc,task      ] GC(778) Using 4 workers of 4 for evacuation
[2421.719s][debug][gc,ref       ] GC(778) Skipped phase1 of Reference Processing due to unavailable references
[2421.719s][debug][gc,ref       ] GC(778) Skipped phase2 of Reference Processing due to unavailable references
[2421.719s][debug][gc,ref       ] GC(778) Skipped phase3 of Reference Processing due to unavailable references
[2421.719s][debug][gc,ref       ] GC(778) Skipped phase4 of Reference Processing due to unavailable references
[2421.719s][debug][gc,age       ] GC(778) Desired survivor size 15368192 bytes, new threshold 6 (max threshold 6)
[2421.720s][info ][gc,heap      ] GC(778) ParNew: 241159K->1179K(270336K)
[2421.720s][info ][gc,heap      ] GC(778) CMS: 351308K->351346K(600768K)
[2421.720s][info ][gc,metaspace ] GC(778) Metaspace: 57692K->57692K(1101824K)
[2421.720s][info ][gc           ] GC(778) Pause Young (Allocation Failure) 578M->344M(850M) 2.639ms
[2421.720s][info ][gc,cpu       ] GC(778) User=0.01s Sys=0.00s Real=0.00s
[2421.720s][info ][safepoint    ] Leaving safepoint region
[2421.720s][info ][safepoint    ] Total time for which application threads were stopped: 0.0027857 seconds, Stopping threads took: 0.0000148 seconds
[2425.174s][info ][safepoint    ] Application time: 3.4541543 seconds
[2425.174s][info ][safepoint    ] Entering safepoint region: GenCollectForAllocation
[2425.174s][info ][gc,start     ] GC(779) Pause Young (Allocation Failure)
[2425.174s][info ][gc,task      ] GC(779) Using 4 workers of 4 for evacuation
[2425.176s][debug][gc,ref       ] GC(779) Skipped phase1 of Reference Processing due to unavailable references
[2425.176s][debug][gc,ref       ] GC(779) Skipped phase2 of Reference Processing due to unavailable references
[2425.176s][debug][gc,ref       ] GC(779) Skipped phase3 of Reference Processing due to unavailable references
[2425.176s][debug][gc,ref       ] GC(779) Skipped phase4 of Reference Processing due to unavailable references
[2425.177s][debug][gc,age       ] GC(779) Desired survivor size 15368192 bytes, new threshold 6 (max threshold 6)
[2425.177s][info ][gc,heap      ] GC(779) ParNew: 241499K->1218K(270336K)
[2425.177s][info ][gc,heap      ] GC(779) CMS: 351346K->351391K(600768K)
[2425.177s][info ][gc,metaspace ] GC(779) Metaspace: 57692K->57692K(1101824K)
[2425.177s][info ][gc           ] GC(779) Pause Young (Allocation Failure) 578M->344M(850M) 2.685ms
[2425.177s][info ][gc,cpu       ] GC(779) User=0.01s Sys=0.00s Real=0.00s
[2425.177s][info ][safepoint    ] Leaving safepoint region
[2425.177s][info ][safepoint    ] Total time for which application threads were stopped: 0.0029130 seconds, Stopping threads took: 0.0000156 seconds
[2428.768s][info ][safepoint    ] Application time: 3.5914865 seconds
[2428.768s][info ][safepoint    ] Entering safepoint region: GenCollectForAllocation
[2428.768s][info ][gc,start     ] GC(780) Pause Young (Allocation Failure)
[2428.768s][info ][gc,task      ] GC(780) Using 4 workers of 4 for evacuation
[2428.771s][debug][gc,ref       ] GC(780) Skipped phase1 of Reference Processing due to unavailable references
[2428.771s][debug][gc,ref       ] GC(780) Skipped phase2 of Reference Processing due to unavailable references
[2428.771s][debug][gc,ref       ] GC(780) Skipped phase3 of Reference Processing due to unavailable references
[2428.771s][debug][gc,ref       ] GC(780) Skipped phase4 of Reference Processing due to unavailable references
[2428.771s][debug][gc,age       ] GC(780) Desired survivor size 15368192 bytes, new threshold 6 (max threshold 6)
[2428.771s][info ][gc,heap      ] GC(780) ParNew: 241538K->1350K(270336K)
[2428.771s][info ][gc,heap      ] GC(780) CMS: 351391K->351505K(600768K)
[2428.771s][info ][gc,metaspace ] GC(780) Metaspace: 57694K->57694K(1101824K)
[2428.771s][info ][gc           ] GC(780) Pause Young (Allocation Failure) 579M->344M(850M) 3.051ms
[2428.771s][info ][gc,cpu       ] GC(780) User=0.01s Sys=0.00s Real=0.00s
[2428.772s][info ][safepoint    ] Leaving safepoint region
[2428.772s][info ][safepoint    ] Total time for which application threads were stopped: 0.0033075 seconds, Stopping threads took: 0.0000139 seconds
[2432.372s][info ][safepoint    ] Application time: 3.6002642 seconds
[2432.372s][info ][safepoint    ] Entering safepoint region: GenCollectForAllocation
[2432.372s][info ][gc,start     ] GC(781) Pause Young (Allocation Failure)
[2432.372s][info ][gc,task      ] GC(781) Using 4 workers of 4 for evacuation
[2432.375s][debug][gc,ref       ] GC(781) Skipped phase1 of Reference Processing due to unavailable references
[2432.375s][debug][gc,ref       ] GC(781) Skipped phase2 of Reference Processing due to unavailable references
[2432.375s][debug][gc,ref       ] GC(781) Skipped phase3 of Reference Processing due to unavailable references
[2432.375s][debug][gc,ref       ] GC(781) Skipped phase4 of Reference Processing due to unavailable references
[2432.375s][debug][gc,age       ] GC(781) Desired survivor size 15368192 bytes, new threshold 6 (max threshold 6)
[2432.375s][info ][gc,heap      ] GC(781) ParNew: 241670K->1247K(270336K)
[2432.375s][info ][gc,heap      ] GC(781) CMS: 351505K->351611K(600768K)
[2432.375s][info ][gc,metaspace ] GC(781) Metaspace: 57694K->57694K(1101824K)
[2432.375s][info ][gc           ] GC(781) Pause Young (Allocation Failure) 579M->344M(850M) 2.736ms
[2432.375s][info ][gc,cpu       ] GC(781) User=0.01s Sys=0.00s Real=0.01s
[2432.375s][info ][safepoint    ] Leaving safepoint region
[2432.375s][info ][safepoint    ] Total time for which application threads were stopped: 0.0029547 seconds, Stopping threads took: 0.0000145 seconds
[2435.971s][info ][safepoint    ] Application time: 3.5957976 seconds
[2435.971s][info ][safepoint    ] Entering safepoint region: GenCollectForAllocation
[2435.971s][info ][gc,start     ] GC(782) Pause Young (Allocation Failure)
[2435.971s][info ][gc,task      ] GC(782) Using 4 workers of 4 for evacuation
[2435.973s][debug][gc,ref       ] GC(782) Skipped phase1 of Reference Processing due to unavailable references
[2435.973s][debug][gc,ref       ] GC(782) Skipped phase2 of Reference Processing due to unavailable references
[2435.973s][debug][gc,ref       ] GC(782) Skipped phase3 of Reference Processing due to unavailable references
[2435.973s][debug][gc,ref       ] GC(782) Skipped phase4 of Reference Processing due to unavailable references
[2435.973s][debug][gc,age       ] GC(782) Desired survivor size 15368192 bytes, new threshold 6 (max threshold 6)
[2435.973s][info ][gc,heap      ] GC(782) ParNew: 241567K->1256K(270336K)
[2435.973s][info ][gc,heap      ] GC(782) CMS: 351611K->351688K(600768K)
[2435.973s][info ][gc,metaspace ] GC(782) Metaspace: 57694K->57694K(1101824K)
[2435.973s][info ][gc           ] GC(782) Pause Young (Allocation Failure) 579M->344M(850M) 2.720ms
[2435.973s][info ][gc,cpu       ] GC(782) User=0.01s Sys=0.00s Real=0.00s
[2435.973s][info ][safepoint    ] Leaving safepoint region
[2435.973s][info ][safepoint    ] Total time for which application threads were stopped: 0.0028748 seconds, Stopping threads took: 0.0000158 seconds
[2439.565s][info ][safepoint    ] Application time: 3.5918768 seconds
[2439.565s][info ][safepoint    ] Entering safepoint region: GenCollectForAllocation
[2439.566s][info ][gc,start     ] GC(783) Pause Young (Allocation Failure)
[2439.566s][info ][gc,task      ] GC(783) Using 4 workers of 4 for evacuation
[2439.568s][debug][gc,ref       ] GC(783) Skipped phase1 of Reference Processing due to unavailable references
[2439.568s][debug][gc,ref       ] GC(783) Skipped phase2 of Reference Processing due to unavailable references
[2439.568s][debug][gc,ref       ] GC(783) Skipped phase3 of Reference Processing due to unavailable references
[2439.568s][debug][gc,ref       ] GC(783) Skipped phase4 of Reference Processing due to unavailable references
[2439.568s][debug][gc,age       ] GC(783) Desired survivor size 15368192 bytes, new threshold 6 (max threshold 6)
[2439.568s][info ][gc,heap      ] GC(783) ParNew: 241576K->1505K(270336K)
[2439.568s][info ][gc,heap      ] GC(783) CMS: 351688K->351728K(600768K)
[2439.568s][info ][gc,metaspace ] GC(783) Metaspace: 57694K->57694K(1101824K)
[2439.568s][info ][gc           ] GC(783) Pause Young (Allocation Failure) 579M->344M(850M) 2.523ms
[2439.568s][info ][gc,cpu       ] GC(783) User=0.01s Sys=0.00s Real=0.01s
[2439.568s][info ][safepoint    ] Leaving safepoint region
[2439.568s][info ][safepoint    ] Total time for which application threads were stopped: 0.0027112 seconds, Stopping threads took: 0.0000566 seconds
[2442.969s][info ][safepoint    ] Application time: 3.4005095 seconds
[2442.969s][info ][safepoint    ] Entering safepoint region: GenCollectForAllocation
[2442.969s][info ][gc,start     ] GC(784) Pause Young (Allocation Failure)
[2442.969s][info ][gc,task      ] GC(784) Using 4 workers of 4 for evacuation
[2442.976s][debug][gc,ref       ] GC(784) Skipped phase1 of Reference Processing due to unavailable references
[2442.976s][debug][gc,ref       ] GC(784) Skipped phase2 of Reference Processing due to unavailable references
[2442.976s][debug][gc,ref       ] GC(784) Skipped phase3 of Reference Processing due to unavailable references
[2442.976s][debug][gc,ref       ] GC(784) Skipped phase4 of Reference Processing due to unavailable references
[2442.976s][debug][gc,age       ] GC(784) Desired survivor size 15368192 bytes, new threshold 6 (max threshold 6)
[2442.976s][info ][gc,heap      ] GC(784) ParNew: 241825K->1354K(270336K)
[2442.976s][info ][gc,heap      ] GC(784) CMS: 351728K->351972K(600768K)
[2442.976s][info ][gc,metaspace ] GC(784) Metaspace: 57694K->57694K(1101824K)
[2442.976s][info ][gc           ] GC(784) Pause Young (Allocation Failure) 579M->345M(850M) 7.447ms
[2442.976s][info ][gc,cpu       ] GC(784) User=0.01s Sys=0.00s Real=0.01s
[2442.976s][info ][safepoint    ] Leaving safepoint region
[2442.976s][info ][safepoint    ] Total time for which application threads were stopped: 0.0076036 seconds, Stopping threads took: 0.0000183 seconds
[2446.369s][info ][safepoint    ] Application time: 3.3928855 seconds
[2446.369s][info ][safepoint    ] Entering safepoint region: GenCollectForAllocation
[2446.369s][info ][gc,start     ] GC(785) Pause Young (Allocation Failure)
[2446.369s][info ][gc,task      ] GC(785) Using 4 workers of 4 for evacuation
[2446.372s][debug][gc,ref       ] GC(785) Skipped phase1 of Reference Processing due to unavailable references
[2446.372s][debug][gc,ref       ] GC(785) Skipped phase2 of Reference Processing due to unavailable references
[2446.372s][debug][gc,ref       ] GC(785) Skipped phase3 of Reference Processing due to unavailable references
[2446.372s][debug][gc,ref       ] GC(785) Skipped phase4 of Reference Processing due to unavailable references
[2446.372s][debug][gc,age       ] GC(785) Desired survivor size 15368192 bytes, new threshold 6 (max threshold 6)
[2446.372s][info ][gc,heap      ] GC(785) ParNew: 241674K->1308K(270336K)
[2446.372s][info ][gc,heap      ] GC(785) CMS: 351972K->352016K(600768K)
[2446.372s][info ][gc,metaspace ] GC(785) Metaspace: 57694K->57694K(1101824K)
[2446.372s][info ][gc           ] GC(785) Pause Young (Allocation Failure) 579M->345M(850M) 2.526ms
[2446.372s][info ][gc,cpu       ] GC(785) User=0.01s Sys=0.00s Real=0.00s
[2446.372s][info ][safepoint    ] Leaving safepoint region
[2446.372s][info ][safepoint    ] Total time for which application threads were stopped: 0.0026670 seconds, Stopping threads took: 0.0000148 seconds
[2447.372s][info ][safepoint    ] Application time: 1.0001670 seconds
[2447.372s][info ][safepoint    ] Entering safepoint region: Cleanup
[2447.372s][info ][safepoint    ] Leaving safepoint region
[2447.372s][info ][safepoint    ] Total time for which application threads were stopped: 0.0001687 seconds, Stopping threads took: 0.0000979 seconds
[2449.917s][info ][safepoint    ] Application time: 2.5451552 seconds
[2449.917s][info ][safepoint    ] Entering safepoint region: GenCollectForAllocation
[2449.918s][info ][gc,start     ] GC(786) Pause Young (Allocation Failure)
[2449.918s][info ][gc,task      ] GC(786) Using 4 workers of 4 for evacuation
[2449.920s][debug][gc,ref       ] GC(786) Skipped phase1 of Reference Processing due to unavailable references
[2449.920s][debug][gc,ref       ] GC(786) Skipped phase2 of Reference Processing due to unavailable references
[2449.920s][debug][gc,ref       ] GC(786) Skipped phase3 of Reference Processing due to unavailable references
[2449.920s][debug][gc,ref       ] GC(786) Skipped phase4 of Reference Processing due to unavailable references
[2449.920s][debug][gc,age       ] GC(786) Desired survivor size 15368192 bytes, new threshold 6 (max threshold 6)
[2449.920s][info ][gc,heap      ] GC(786) ParNew: 241628K->1543K(270336K)
[2449.920s][info ][gc,heap      ] GC(786) CMS: 352016K->352050K(600768K)
[2449.920s][info ][gc,metaspace ] GC(786) Metaspace: 57700K->57700K(1101824K)
[2449.920s][info ][gc           ] GC(786) Pause Young (Allocation Failure) 579M->345M(850M) 2.765ms
[2449.920s][info ][gc,cpu       ] GC(786) User=0.01s Sys=0.00s Real=0.00s
[2449.920s][info ][safepoint    ] Leaving safepoint region
[2449.920s][info ][safepoint    ] Total time for which application threads were stopped: 0.0029238 seconds, Stopping threads took: 0.0000152 seconds
[2453.416s][info ][safepoint    ] Application time: 3.4953649 seconds
[2453.416s][info ][safepoint    ] Entering safepoint region: GenCollectForAllocation
[2453.416s][info ][gc,start     ] GC(787) Pause Young (Allocation Failure)
[2453.416s][info ][gc,task      ] GC(787) Using 4 workers of 4 for evacuation
[2453.419s][debug][gc,ref       ] GC(787) Skipped phase1 of Reference Processing due to unavailable references
[2453.419s][debug][gc,ref       ] GC(787) Skipped phase2 of Reference Processing due to unavailable references
[2453.419s][debug][gc,ref       ] GC(787) Skipped phase3 of Reference Processing due to unavailable references
[2453.419s][debug][gc,ref       ] GC(787) Skipped phase4 of Reference Processing due to unavailable references
[2453.419s][debug][gc,age       ] GC(787) Desired survivor size 15368192 bytes, new threshold 6 (max threshold 6)
[2453.419s][info ][gc,heap      ] GC(787) ParNew: 241863K->1215K(270336K)
[2453.419s][info ][gc,heap      ] GC(787) CMS: 352050K->352290K(600768K)
[2453.419s][info ][gc,metaspace ] GC(787) Metaspace: 57700K->57700K(1101824K)
[2453.419s][info ][gc           ] GC(787) Pause Young (Allocation Failure) 579M->345M(850M) 2.945ms
[2453.419s][info ][gc,cpu       ] GC(787) User=0.01s Sys=0.00s Real=0.00s
[2453.419s][info ][safepoint    ] Leaving safepoint region
[2453.419s][info ][safepoint    ] Total time for which application threads were stopped: 0.0031024 seconds, Stopping threads took: 0.0000281 seconds
[2457.064s][info ][safepoint    ] Application time: 3.6452973 seconds
[2457.064s][info ][safepoint    ] Entering safepoint region: GenCollectForAllocation
[2457.064s][info ][gc,start     ] GC(788) Pause Young (Allocation Failure)
[2457.064s][info ][gc,task      ] GC(788) Using 4 workers of 4 for evacuation
[2457.067s][debug][gc,ref       ] GC(788) Skipped phase1 of Reference Processing due to unavailable references
[2457.067s][debug][gc,ref       ] GC(788) Skipped phase2 of Reference Processing due to unavailable references
[2457.067s][debug][gc,ref       ] GC(788) Skipped phase3 of Reference Processing due to unavailable references
[2457.067s][debug][gc,ref       ] GC(788) Skipped phase4 of Reference Processing due to unavailable references
[2457.067s][debug][gc,age       ] GC(788) Desired survivor size 15368192 bytes, new threshold 6 (max threshold 6)
[2457.067s][info ][gc,heap      ] GC(788) ParNew: 241535K->1069K(270336K)
[2457.067s][info ][gc,heap      ] GC(788) CMS: 352290K->352326K(600768K)
[2457.067s][info ][gc,metaspace ] GC(788) Metaspace: 57700K->57700K(1101824K)
[2457.067s][info ][gc           ] GC(788) Pause Young (Allocation Failure) 579M->345M(850M) 2.514ms
[2457.067s][info ][gc,cpu       ] GC(788) User=0.01s Sys=0.00s Real=0.01s
[2457.067s][info ][safepoint    ] Leaving safepoint region
[2457.067s][info ][safepoint    ] Total time for which application threads were stopped: 0.0026468 seconds, Stopping threads took: 0.0000153 seconds
[2460.772s][info ][safepoint    ] Application time: 3.7054796 seconds
[2460.772s][info ][safepoint    ] Entering safepoint region: GenCollectForAllocation
[2460.772s][info ][gc,start     ] GC(789) Pause Young (Allocation Failure)
[2460.772s][info ][gc,task      ] GC(789) Using 4 workers of 4 for evacuation
[2460.775s][debug][gc,ref       ] GC(789) Skipped phase1 of Reference Processing due to unavailable references
[2460.775s][debug][gc,ref       ] GC(789) Skipped phase2 of Reference Processing due to unavailable references
[2460.775s][debug][gc,ref       ] GC(789) Skipped phase3 of Reference Processing due to unavailable references
[2460.775s][debug][gc,ref       ] GC(789) Skipped phase4 of Reference Processing due to unavailable references
[2460.775s][debug][gc,age       ] GC(789) Desired survivor size 15368192 bytes, new threshold 6 (max threshold 6)
[2460.775s][info ][gc,heap      ] GC(789) ParNew: 241389K->1034K(270336K)
[2460.775s][info ][gc,heap      ] GC(789) CMS: 352326K->352467K(600768K)
[2460.775s][info ][gc,metaspace ] GC(789) Metaspace: 57700K->57700K(1101824K)
[2460.775s][info ][gc           ] GC(789) Pause Young (Allocation Failure) 579M->345M(850M) 3.031ms
[2460.775s][info ][gc,cpu       ] GC(789) User=0.02s Sys=0.00s Real=0.01s
[2460.776s][info ][safepoint    ] Leaving safepoint region
[2460.776s][info ][safepoint    ] Total time for which application threads were stopped: 0.0031975 seconds, Stopping threads took: 0.0000146 seconds
[2463.785s][info ][safepoint    ] Application time: 3.0090331 seconds
[2463.785s][info ][safepoint    ] Entering safepoint region: Cleanup
[2463.785s][info ][safepoint    ] Leaving safepoint region
[2463.785s][info ][safepoint    ] Total time for which application threads were stopped: 0.0000810 seconds, Stopping threads took: 0.0000169 seconds
[2464.468s][info ][safepoint    ] Application time: 0.6837587 seconds
[2464.469s][info ][safepoint    ] Entering safepoint region: GenCollectForAllocation
[2464.469s][info ][gc,start     ] GC(790) Pause Young (Allocation Failure)
[2464.469s][info ][gc,task      ] GC(790) Using 4 workers of 4 for evacuation
[2464.471s][debug][gc,ref       ] GC(790) Skipped phase1 of Reference Processing due to unavailable references
[2464.471s][debug][gc,ref       ] GC(790) Skipped phase2 of Reference Processing due to unavailable references
[2464.471s][debug][gc,ref       ] GC(790) Skipped phase3 of Reference Processing due to unavailable references
[2464.471s][debug][gc,ref       ] GC(790) Skipped phase4 of Reference Processing due to unavailable references
[2464.471s][debug][gc,age       ] GC(790) Desired survivor size 15368192 bytes, new threshold 6 (max threshold 6)
[2464.471s][info ][gc,heap      ] GC(790) ParNew: 241354K->1038K(270336K)
[2464.471s][info ][gc,heap      ] GC(790) CMS: 352467K->352582K(600768K)
[2464.471s][info ][gc,metaspace ] GC(790) Metaspace: 57700K->57700K(1101824K)
[2464.471s][info ][gc           ] GC(790) Pause Young (Allocation Failure) 579M->345M(850M) 2.534ms
[2464.471s][info ][gc,cpu       ] GC(790) User=0.01s Sys=0.00s Real=0.00s
[2464.471s][info ][safepoint    ] Leaving safepoint region
[2464.471s][info ][safepoint    ] Total time for which application threads were stopped: 0.0026793 seconds, Stopping threads took: 0.0000145 seconds
[2468.073s][info ][safepoint    ] Application time: 3.6013798 seconds
[2468.073s][info ][safepoint    ] Entering safepoint region: GenCollectForAllocation
[2468.073s][info ][gc,start     ] GC(791) Pause Young (Allocation Failure)
[2468.073s][info ][gc,task      ] GC(791) Using 4 workers of 4 for evacuation
[2468.076s][debug][gc,ref       ] GC(791) Skipped phase1 of Reference Processing due to unavailable references
[2468.076s][debug][gc,ref       ] GC(791) Skipped phase2 of Reference Processing due to unavailable references
[2468.076s][debug][gc,ref       ] GC(791) Skipped phase3 of Reference Processing due to unavailable references
[2468.076s][debug][gc,ref       ] GC(791) Skipped phase4 of Reference Processing due to unavailable references
[2468.076s][debug][gc,age       ] GC(791) Desired survivor size 15368192 bytes, new threshold 6 (max threshold 6)
[2468.076s][info ][gc,heap      ] GC(791) ParNew: 241358K->991K(270336K)
[2468.076s][info ][gc,heap      ] GC(791) CMS: 352582K->352769K(600768K)
[2468.076s][info ][gc,metaspace ] GC(791) Metaspace: 57701K->57701K(1101824K)
[2468.076s][info ][gc           ] GC(791) Pause Young (Allocation Failure) 580M->345M(850M) 3.711ms
[2468.076s][info ][gc,cpu       ] GC(791) User=0.00s Sys=0.01s Real=0.01s
[2468.076s][info ][safepoint    ] Leaving safepoint region
[2468.076s][info ][safepoint    ] Total time for which application threads were stopped: 0.0038573 seconds, Stopping threads took: 0.0000145 seconds
[2469.077s][info ][safepoint    ] Application time: 1.0001006 seconds
[2469.077s][info ][safepoint    ] Entering safepoint region: Cleanup
[2469.077s][info ][safepoint    ] Leaving safepoint region
[2469.077s][info ][safepoint    ] Total time for which application threads were stopped: 0.0000774 seconds, Stopping threads took: 0.0000158 seconds
[2471.077s][info ][safepoint    ] Application time: 2.0001763 seconds
[2471.077s][info ][safepoint    ] Entering safepoint region: Cleanup
[2471.077s][info ][safepoint    ] Leaving safepoint region
[2471.077s][info ][safepoint    ] Total time for which application threads were stopped: 0.0000768 seconds, Stopping threads took: 0.0000167 seconds
[2471.673s][info ][safepoint    ] Application time: 0.5959827 seconds
[2471.673s][info ][safepoint    ] Entering safepoint region: GenCollectForAllocation
[2471.673s][info ][gc,start     ] GC(792) Pause Young (Allocation Failure)
[2471.673s][info ][gc,task      ] GC(792) Using 4 workers of 4 for evacuation
[2471.676s][debug][gc,ref       ] GC(792) Skipped phase1 of Reference Processing due to unavailable references
[2471.676s][debug][gc,ref       ] GC(792) Skipped phase2 of Reference Processing due to unavailable references
[2471.676s][debug][gc,ref       ] GC(792) Skipped phase3 of Reference Processing due to unavailable references
[2471.676s][debug][gc,ref       ] GC(792) Skipped phase4 of Reference Processing due to unavailable references
[2471.676s][debug][gc,age       ] GC(792) Desired survivor size 15368192 bytes, new threshold 6 (max threshold 6)
[2471.676s][info ][gc,heap      ] GC(792) ParNew: 241311K->1028K(270336K)
[2471.676s][info ][gc,heap      ] GC(792) CMS: 352769K->352909K(600768K)
[2471.676s][info ][gc,metaspace ] GC(792) Metaspace: 57701K->57701K(1101824K)
[2471.676s][info ][gc           ] GC(792) Pause Young (Allocation Failure) 580M->345M(850M) 2.810ms
[2471.676s][info ][gc,cpu       ] GC(792) User=0.01s Sys=0.00s Real=0.01s
[2471.676s][info ][safepoint    ] Leaving safepoint region
[2471.676s][info ][safepoint    ] Total time for which application threads were stopped: 0.0029519 seconds, Stopping threads took: 0.0000157 seconds
[2472.676s][info ][safepoint    ] Application time: 1.0001024 seconds
[2472.676s][info ][safepoint    ] Entering safepoint region: Cleanup
[2472.676s][info ][safepoint    ] Leaving safepoint region
[2472.676s][info ][safepoint    ] Total time for which application threads were stopped: 0.0000770 seconds, Stopping threads took: 0.0000167 seconds
[2475.266s][info ][safepoint    ] Application time: 2.5894135 seconds
[2475.266s][info ][safepoint    ] Entering safepoint region: GenCollectForAllocation
[2475.266s][info ][gc,start     ] GC(793) Pause Young (Allocation Failure)
[2475.266s][info ][gc,task      ] GC(793) Using 4 workers of 4 for evacuation
[2475.268s][debug][gc,ref       ] GC(793) Skipped phase1 of Reference Processing due to unavailable references
[2475.268s][debug][gc,ref       ] GC(793) Skipped phase2 of Reference Processing due to unavailable references
[2475.268s][debug][gc,ref       ] GC(793) Skipped phase3 of Reference Processing due to unavailable references
[2475.268s][debug][gc,ref       ] GC(793) Skipped phase4 of Reference Processing due to unavailable references
[2475.268s][debug][gc,age       ] GC(793) Desired survivor size 15368192 bytes, new threshold 6 (max threshold 6)
[2475.268s][info ][gc,heap      ] GC(793) ParNew: 241348K->1179K(270336K)
[2475.268s][info ][gc,heap      ] GC(793) CMS: 352909K->352925K(600768K)
[2475.268s][info ][gc,metaspace ] GC(793) Metaspace: 57701K->57701K(1101824K)
[2475.268s][info ][gc           ] GC(793) Pause Young (Allocation Failure) 580M->345M(850M) 2.514ms
[2475.268s][info ][gc,cpu       ] GC(793) User=0.00s Sys=0.00s Real=0.01s
[2475.268s][info ][safepoint    ] Leaving safepoint region
[2475.268s][info ][safepoint    ] Total time for which application threads were stopped: 0.0026633 seconds, Stopping threads took: 0.0000146 seconds
[2478.772s][info ][safepoint    ] Application time: 3.5034012 seconds
[2478.772s][info ][safepoint    ] Entering safepoint region: GenCollectForAllocation
[2478.772s][info ][gc,start     ] GC(794) Pause Young (Allocation Failure)
[2478.772s][info ][gc,task      ] GC(794) Using 4 workers of 4 for evacuation
[2478.774s][debug][gc,ref       ] GC(794) Skipped phase1 of Reference Processing due to unavailable references
[2478.775s][debug][gc,ref       ] GC(794) Skipped phase2 of Reference Processing due to unavailable references
[2478.775s][debug][gc,ref       ] GC(794) Skipped phase3 of Reference Processing due to unavailable references
[2478.775s][debug][gc,ref       ] GC(794) Skipped phase4 of Reference Processing due to unavailable references
[2478.775s][debug][gc,age       ] GC(794) Desired survivor size 15368192 bytes, new threshold 6 (max threshold 6)
[2478.775s][info ][gc,heap      ] GC(794) ParNew: 241499K->1273K(270336K)
[2478.775s][info ][gc,heap      ] GC(794) CMS: 352925K->353044K(600768K)
[2478.775s][info ][gc,metaspace ] GC(794) Metaspace: 57701K->57701K(1101824K)
[2478.775s][info ][gc           ] GC(794) Pause Young (Allocation Failure) 580M->346M(850M) 2.916ms
[2478.775s][info ][gc,cpu       ] GC(794) User=0.01s Sys=0.00s Real=0.01s
[2478.775s][info ][safepoint    ] Leaving safepoint region
[2478.775s][info ][safepoint    ] Total time for which application threads were stopped: 0.0030956 seconds, Stopping threads took: 0.0000241 seconds
[2482.273s][info ][safepoint    ] Application time: 3.4979931 seconds
[2482.273s][info ][safepoint    ] Entering safepoint region: GenCollectForAllocation
[2482.273s][info ][gc,start     ] GC(795) Pause Young (Allocation Failure)
[2482.273s][info ][gc,task      ] GC(795) Using 4 workers of 4 for evacuation
[2482.276s][debug][gc,ref       ] GC(795) Skipped phase1 of Reference Processing due to unavailable references
[2482.276s][debug][gc,ref       ] GC(795) Skipped phase2 of Reference Processing due to unavailable references
[2482.276s][debug][gc,ref       ] GC(795) Skipped phase3 of Reference Processing due to unavailable references
[2482.276s][debug][gc,ref       ] GC(795) Skipped phase4 of Reference Processing due to unavailable references
[2482.276s][debug][gc,age       ] GC(795) Desired survivor size 15368192 bytes, new threshold 6 (max threshold 6)
[2482.276s][info ][gc,heap      ] GC(795) ParNew: 241593K->1125K(270336K)
[2482.276s][info ][gc,heap      ] GC(795) CMS: 353044K->353082K(600768K)
[2482.276s][info ][gc,metaspace ] GC(795) Metaspace: 57701K->57701K(1101824K)
[2482.276s][info ][gc           ] GC(795) Pause Young (Allocation Failure) 580M->345M(850M) 2.759ms
[2482.276s][info ][gc,cpu       ] GC(795) User=0.01s Sys=0.00s Real=0.01s
[2482.276s][info ][safepoint    ] Leaving safepoint region
[2482.276s][info ][safepoint    ] Total time for which application threads were stopped: 0.0029269 seconds, Stopping threads took: 0.0000284 seconds
[2485.825s][info ][safepoint    ] Application time: 3.5494239 seconds
[2485.825s][info ][safepoint    ] Entering safepoint region: GenCollectForAllocation
[2485.825s][info ][gc,start     ] GC(796) Pause Young (Allocation Failure)
[2485.825s][info ][gc,task      ] GC(796) Using 4 workers of 4 for evacuation
[2485.828s][debug][gc,ref       ] GC(796) Skipped phase1 of Reference Processing due to unavailable references
[2485.828s][debug][gc,ref       ] GC(796) Skipped phase2 of Reference Processing due to unavailable references
[2485.828s][debug][gc,ref       ] GC(796) Skipped phase3 of Reference Processing due to unavailable references
[2485.828s][debug][gc,ref       ] GC(796) Skipped phase4 of Reference Processing due to unavailable references
[2485.828s][debug][gc,age       ] GC(796) Desired survivor size 15368192 bytes, new threshold 6 (max threshold 6)
[2485.828s][info ][gc,heap      ] GC(796) ParNew: 241445K->1224K(270336K)
[2485.828s][info ][gc,heap      ] GC(796) CMS: 353082K->353138K(600768K)
[2485.828s][info ][gc,metaspace ] GC(796) Metaspace: 57701K->57701K(1101824K)
[2485.828s][info ][gc           ] GC(796) Pause Young (Allocation Failure) 580M->346M(850M) 2.684ms
[2485.828s][info ][gc,cpu       ] GC(796) User=0.01s Sys=0.00s Real=0.01s
[2485.828s][info ][safepoint    ] Leaving safepoint region
[2485.828s][info ][safepoint    ] Total time for which application threads were stopped: 0.0028168 seconds, Stopping threads took: 0.0000135 seconds
[2489.373s][info ][safepoint    ] Application time: 3.5448174 seconds
[2489.373s][info ][safepoint    ] Entering safepoint region: GenCollectForAllocation
[2489.373s][info ][gc,start     ] GC(797) Pause Young (Allocation Failure)
[2489.373s][info ][gc,task      ] GC(797) Using 4 workers of 4 for evacuation
[2489.376s][debug][gc,ref       ] GC(797) Skipped phase1 of Reference Processing due to unavailable references
[2489.376s][debug][gc,ref       ] GC(797) Skipped phase2 of Reference Processing due to unavailable references
[2489.376s][debug][gc,ref       ] GC(797) Skipped phase3 of Reference Processing due to unavailable references
[2489.376s][debug][gc,ref       ] GC(797) Skipped phase4 of Reference Processing due to unavailable references
[2489.376s][debug][gc,age       ] GC(797) Desired survivor size 15368192 bytes, new threshold 6 (max threshold 6)
[2489.376s][info ][gc,heap      ] GC(797) ParNew: 241544K->1103K(270336K)
[2489.376s][info ][gc,heap      ] GC(797) CMS: 353138K->353227K(600768K)
[2489.376s][info ][gc,metaspace ] GC(797) Metaspace: 57701K->57701K(1101824K)
[2489.376s][info ][gc           ] GC(797) Pause Young (Allocation Failure) 580M->346M(850M) 2.941ms
[2489.376s][info ][gc,cpu       ] GC(797) User=0.01s Sys=0.00s Real=0.01s
[2489.376s][info ][safepoint    ] Leaving safepoint region
[2489.376s][info ][safepoint    ] Total time for which application threads were stopped: 0.0031048 seconds, Stopping threads took: 0.0000273 seconds
[2492.917s][info ][safepoint    ] Application time: 3.5413629 seconds
[2492.917s][info ][safepoint    ] Entering safepoint region: GenCollectForAllocation
[2492.918s][info ][gc,start     ] GC(798) Pause Young (Allocation Failure)
[2492.918s][info ][gc,task      ] GC(798) Using 4 workers of 4 for evacuation
[2492.920s][debug][gc,ref       ] GC(798) Skipped phase1 of Reference Processing due to unavailable references
[2492.920s][debug][gc,ref       ] GC(798) Skipped phase2 of Reference Processing due to unavailable references
[2492.920s][debug][gc,ref       ] GC(798) Skipped phase3 of Reference Processing due to unavailable references
[2492.920s][debug][gc,ref       ] GC(798) Skipped phase4 of Reference Processing due to unavailable references
[2492.920s][debug][gc,age       ] GC(798) Desired survivor size 15368192 bytes, new threshold 6 (max threshold 6)
[2492.920s][info ][gc,heap      ] GC(798) ParNew: 241423K->1230K(270336K)
[2492.920s][info ][gc,heap      ] GC(798) CMS: 353227K->353322K(600768K)
[2492.920s][info ][gc,metaspace ] GC(798) Metaspace: 57701K->57701K(1101824K)
[2492.920s][info ][gc           ] GC(798) Pause Young (Allocation Failure) 580M->346M(850M) 2.899ms
[2492.920s][info ][gc,cpu       ] GC(798) User=0.00s Sys=0.01s Real=0.00s
[2492.920s][info ][safepoint    ] Leaving safepoint region
[2492.920s][info ][safepoint    ] Total time for which application threads were stopped: 0.0030440 seconds, Stopping threads took: 0.0000159 seconds
[2496.416s][info ][safepoint    ] Application time: 3.4951742 seconds
[2496.416s][info ][safepoint    ] Entering safepoint region: GenCollectForAllocation
[2496.416s][info ][gc,start     ] GC(799) Pause Young (Allocation Failure)
[2496.416s][info ][gc,task      ] GC(799) Using 4 workers of 4 for evacuation
[2496.422s][debug][gc,ref       ] GC(799) Skipped phase1 of Reference Processing due to unavailable references
[2496.422s][debug][gc,ref       ] GC(799) Skipped phase2 of Reference Processing due to unavailable references
[2496.422s][debug][gc,ref       ] GC(799) Skipped phase3 of Reference Processing due to unavailable references
[2496.422s][debug][gc,ref       ] GC(799) Skipped phase4 of Reference Processing due to unavailable references
[2496.422s][debug][gc,age       ] GC(799) Desired survivor size 15368192 bytes, new threshold 6 (max threshold 6)
[2496.422s][info ][gc,heap      ] GC(799) ParNew: 241550K->1206K(270336K)
[2496.422s][info ][gc,heap      ] GC(799) CMS: 353322K->353463K(600768K)
[2496.422s][info ][gc,metaspace ] GC(799) Metaspace: 57701K->57701K(1101824K)
[2496.422s][info ][gc           ] GC(799) Pause Young (Allocation Failure) 580M->346M(850M) 6.372ms
[2496.422s][info ][gc,cpu       ] GC(799) User=0.01s Sys=0.00s Real=0.00s
[2496.422s][info ][safepoint    ] Leaving safepoint region
[2496.422s][info ][safepoint    ] Total time for which application threads were stopped: 0.0065832 seconds, Stopping threads took: 0.0000653 seconds
[2499.917s][info ][safepoint    ] Application time: 3.4950034 seconds
[2499.917s][info ][safepoint    ] Entering safepoint region: GenCollectForAllocation
[2499.918s][info ][gc,start     ] GC(800) Pause Young (Allocation Failure)
[2499.918s][info ][gc,task      ] GC(800) Using 4 workers of 4 for evacuation
[2499.920s][debug][gc,ref       ] GC(800) Skipped phase1 of Reference Processing due to unavailable references
[2499.920s][debug][gc,ref       ] GC(800) Skipped phase2 of Reference Processing due to unavailable references
[2499.920s][debug][gc,ref       ] GC(800) Skipped phase3 of Reference Processing due to unavailable references
[2499.920s][debug][gc,ref       ] GC(800) Skipped phase4 of Reference Processing due to unavailable references
[2499.920s][debug][gc,age       ] GC(800) Desired survivor size 15368192 bytes, new threshold 6 (max threshold 6)
[2499.920s][info ][gc,heap      ] GC(800) ParNew: 241526K->1002K(270336K)
[2499.920s][info ][gc,heap      ] GC(800) CMS: 353463K->353631K(600768K)
[2499.920s][info ][gc,metaspace ] GC(800) Metaspace: 57701K->57701K(1101824K)
[2499.920s][info ][gc           ] GC(800) Pause Young (Allocation Failure) 581M->346M(850M) 2.978ms
[2499.920s][info ][gc,cpu       ] GC(800) User=0.01s Sys=0.00s Real=0.00s
[2499.921s][info ][safepoint    ] Leaving safepoint region
[2499.921s][info ][safepoint    ] Total time for which application threads were stopped: 0.0031457 seconds, Stopping threads took: 0.0000158 seconds
[2503.524s][info ][safepoint    ] Application time: 3.6030582 seconds
[2503.524s][info ][safepoint    ] Entering safepoint region: GenCollectForAllocation
[2503.524s][info ][gc,start     ] GC(801) Pause Young (Allocation Failure)
[2503.524s][info ][gc,task      ] GC(801) Using 4 workers of 4 for evacuation
[2503.526s][debug][gc,ref       ] GC(801) Skipped phase1 of Reference Processing due to unavailable references
[2503.526s][debug][gc,ref       ] GC(801) Skipped phase2 of Reference Processing due to unavailable references
[2503.526s][debug][gc,ref       ] GC(801) Skipped phase3 of Reference Processing due to unavailable references
[2503.526s][debug][gc,ref       ] GC(801) Skipped phase4 of Reference Processing due to unavailable references
[2503.526s][debug][gc,age       ] GC(801) Desired survivor size 15368192 bytes, new threshold 6 (max threshold 6)
[2503.526s][info ][gc,heap      ] GC(801) ParNew: 241322K->974K(270336K)
[2503.526s][info ][gc,heap      ] GC(801) CMS: 353631K->353640K(600768K)
[2503.526s][info ][gc,metaspace ] GC(801) Metaspace: 57701K->57701K(1101824K)
[2503.526s][info ][gc           ] GC(801) Pause Young (Allocation Failure) 581M->346M(850M) 2.587ms
[2503.526s][info ][gc,cpu       ] GC(801) User=0.01s Sys=0.00s Real=0.01s
[2503.526s][info ][safepoint    ] Leaving safepoint region
[2503.526s][info ][safepoint    ] Total time for which application threads were stopped: 0.0027409 seconds, Stopping threads took: 0.0000158 seconds
[2507.073s][info ][safepoint    ] Application time: 3.5465674 seconds
[2507.073s][info ][safepoint    ] Entering safepoint region: GenCollectForAllocation
[2507.073s][info ][gc,start     ] GC(802) Pause Young (Allocation Failure)
[2507.073s][info ][gc,task      ] GC(802) Using 4 workers of 4 for evacuation
[2507.076s][debug][gc,ref       ] GC(802) Skipped phase1 of Reference Processing due to unavailable references
[2507.076s][debug][gc,ref       ] GC(802) Skipped phase2 of Reference Processing due to unavailable references
[2507.076s][debug][gc,ref       ] GC(802) Skipped phase3 of Reference Processing due to unavailable references
[2507.076s][debug][gc,ref       ] GC(802) Skipped phase4 of Reference Processing due to unavailable references
[2507.076s][debug][gc,age       ] GC(802) Desired survivor size 15368192 bytes, new threshold 6 (max threshold 6)
[2507.076s][info ][gc,heap      ] GC(802) ParNew: 241294K->893K(270336K)
[2507.076s][info ][gc,heap      ] GC(802) CMS: 353640K->353796K(600768K)
[2507.076s][info ][gc,metaspace ] GC(802) Metaspace: 57701K->57701K(1101824K)
[2507.076s][info ][gc           ] GC(802) Pause Young (Allocation Failure) 580M->346M(850M) 3.170ms
[2507.076s][info ][gc,cpu       ] GC(802) User=0.01s Sys=0.00s Real=0.01s
[2507.076s][info ][safepoint    ] Leaving safepoint region
[2507.076s][info ][safepoint    ] Total time for which application threads were stopped: 0.0033223 seconds, Stopping threads took: 0.0000149 seconds
[2510.622s][info ][safepoint    ] Application time: 3.5461127 seconds
[2510.622s][info ][safepoint    ] Entering safepoint region: GenCollectForAllocation
[2510.623s][info ][gc,start     ] GC(803) Pause Young (Allocation Failure)
[2510.623s][info ][gc,task      ] GC(803) Using 4 workers of 4 for evacuation
[2510.626s][debug][gc,ref       ] GC(803) Skipped phase1 of Reference Processing due to unavailable references
[2510.626s][debug][gc,ref       ] GC(803) Skipped phase2 of Reference Processing due to unavailable references
[2510.626s][debug][gc,ref       ] GC(803) Skipped phase3 of Reference Processing due to unavailable references
[2510.626s][debug][gc,ref       ] GC(803) Skipped phase4 of Reference Processing due to unavailable references
[2510.626s][debug][gc,age       ] GC(803) Desired survivor size 15368192 bytes, new threshold 6 (max threshold 6)
[2510.626s][info ][gc,heap      ] GC(803) ParNew: 241213K->1033K(270336K)
[2510.626s][info ][gc,heap      ] GC(803) CMS: 353796K->353821K(600768K)
[2510.626s][info ][gc,metaspace ] GC(803) Metaspace: 57701K->57701K(1101824K)
[2510.626s][info ][gc           ] GC(803) Pause Young (Allocation Failure) 581M->346M(850M) 3.331ms
[2510.626s][info ][gc,cpu       ] GC(803) User=0.02s Sys=0.00s Real=0.01s
[2510.626s][info ][safepoint    ] Leaving safepoint region
[2510.626s][info ][safepoint    ] Total time for which application threads were stopped: 0.0034909 seconds, Stopping threads took: 0.0000159 seconds
[2514.370s][info ][safepoint    ] Application time: 3.7440163 seconds
[2514.370s][info ][safepoint    ] Entering safepoint region: GenCollectForAllocation
[2514.370s][info ][gc,start     ] GC(804) Pause Young (Allocation Failure)
[2514.370s][info ][gc,task      ] GC(804) Using 4 workers of 4 for evacuation
[2514.373s][debug][gc,ref       ] GC(804) Skipped phase1 of Reference Processing due to unavailable references
[2514.373s][debug][gc,ref       ] GC(804) Skipped phase2 of Reference Processing due to unavailable references
[2514.373s][debug][gc,ref       ] GC(804) Skipped phase3 of Reference Processing due to unavailable references
[2514.373s][debug][gc,ref       ] GC(804) Skipped phase4 of Reference Processing due to unavailable references
[2514.373s][debug][gc,age       ] GC(804) Desired survivor size 15368192 bytes, new threshold 6 (max threshold 6)
[2514.373s][info ][gc,heap      ] GC(804) ParNew: 241353K->1145K(270336K)
[2514.373s][info ][gc,heap      ] GC(804) CMS: 353821K->353891K(600768K)
[2514.373s][info ][gc,metaspace ] GC(804) Metaspace: 57701K->57701K(1101824K)
[2514.373s][info ][gc           ] GC(804) Pause Young (Allocation Failure) 581M->346M(850M) 2.763ms
[2514.373s][info ][gc,cpu       ] GC(804) User=0.01s Sys=0.00s Real=0.00s
[2514.373s][info ][safepoint    ] Leaving safepoint region
[2514.373s][info ][safepoint    ] Total time for which application threads were stopped: 0.0029057 seconds, Stopping threads took: 0.0000151 seconds
[2518.121s][info ][safepoint    ] Application time: 3.7482224 seconds
[2518.121s][info ][safepoint    ] Entering safepoint region: GenCollectForAllocation
[2518.121s][info ][gc,start     ] GC(805) Pause Young (Allocation Failure)
[2518.121s][info ][gc,task      ] GC(805) Using 4 workers of 4 for evacuation
[2518.124s][debug][gc,ref       ] GC(805) Skipped phase1 of Reference Processing due to unavailable references
[2518.124s][debug][gc,ref       ] GC(805) Skipped phase2 of Reference Processing due to unavailable references
[2518.124s][debug][gc,ref       ] GC(805) Skipped phase3 of Reference Processing due to unavailable references
[2518.124s][debug][gc,ref       ] GC(805) Skipped phase4 of Reference Processing due to unavailable references
[2518.124s][debug][gc,age       ] GC(805) Desired survivor size 15368192 bytes, new threshold 6 (max threshold 6)
[2518.124s][info ][gc,heap      ] GC(805) ParNew: 241465K->818K(270336K)
[2518.124s][info ][gc,heap      ] GC(805) CMS: 353891K->354020K(600768K)
[2518.124s][info ][gc,metaspace ] GC(805) Metaspace: 57701K->57701K(1101824K)
[2518.124s][info ][gc           ] GC(805) Pause Young (Allocation Failure) 581M->346M(850M) 2.725ms
[2518.124s][info ][gc,cpu       ] GC(805) User=0.01s Sys=0.00s Real=0.00s
[2518.124s][info ][safepoint    ] Leaving safepoint region
[2518.124s][info ][safepoint    ] Total time for which application threads were stopped: 0.0028765 seconds, Stopping threads took: 0.0000143 seconds
[2521.523s][info ][safepoint    ] Application time: 3.3991613 seconds
[2521.523s][info ][safepoint    ] Entering safepoint region: GenCollectForAllocation
[2521.523s][info ][gc,start     ] GC(806) Pause Young (Allocation Failure)
[2521.523s][info ][gc,task      ] GC(806) Using 4 workers of 4 for evacuation
[2521.532s][debug][gc,ref       ] GC(806) Skipped phase1 of Reference Processing due to unavailable references
[2521.532s][debug][gc,ref       ] GC(806) Skipped phase2 of Reference Processing due to unavailable references
[2521.532s][debug][gc,ref       ] GC(806) Skipped phase3 of Reference Processing due to unavailable references
[2521.532s][debug][gc,ref       ] GC(806) Skipped phase4 of Reference Processing due to unavailable references
[2521.532s][debug][gc,age       ] GC(806) Desired survivor size 15368192 bytes, new threshold 6 (max threshold 6)
[2521.532s][info ][gc,heap      ] GC(806) ParNew: 241138K->1008K(270336K)
[2521.532s][info ][gc,heap      ] GC(806) CMS: 354020K->354108K(600768K)
[2521.532s][info ][gc,metaspace ] GC(806) Metaspace: 57702K->57702K(1101824K)
[2521.532s][info ][gc           ] GC(806) Pause Young (Allocation Failure) 581M->346M(850M) 8.657ms
[2521.532s][info ][gc,cpu       ] GC(806) User=0.03s Sys=0.00s Real=0.01s
[2521.532s][info ][safepoint    ] Leaving safepoint region
[2521.532s][info ][safepoint    ] Total time for which application threads were stopped: 0.0088207 seconds, Stopping threads took: 0.0000257 seconds
[2525.114s][info ][safepoint    ] Application time: 3.5819124 seconds
[2525.114s][info ][safepoint    ] Entering safepoint region: GenCollectForAllocation
[2525.114s][info ][gc,start     ] GC(807) Pause Young (Allocation Failure)
[2525.114s][info ][gc,task      ] GC(807) Using 4 workers of 4 for evacuation
[2525.117s][debug][gc,ref       ] GC(807) Skipped phase1 of Reference Processing due to unavailable references
[2525.117s][debug][gc,ref       ] GC(807) Skipped phase2 of Reference Processing due to unavailable references
[2525.117s][debug][gc,ref       ] GC(807) Skipped phase3 of Reference Processing due to unavailable references
[2525.117s][debug][gc,ref       ] GC(807) Skipped phase4 of Reference Processing due to unavailable references
[2525.117s][debug][gc,age       ] GC(807) Desired survivor size 15368192 bytes, new threshold 6 (max threshold 6)
[2525.117s][info ][gc,heap      ] GC(807) ParNew: 241328K->1198K(270336K)
[2525.117s][info ][gc,heap      ] GC(807) CMS: 354108K->354121K(600768K)
[2525.117s][info ][gc,metaspace ] GC(807) Metaspace: 57702K->57702K(1101824K)
[2525.117s][info ][gc           ] GC(807) Pause Young (Allocation Failure) 581M->346M(850M) 2.657ms
[2525.117s][info ][gc,cpu       ] GC(807) User=0.00s Sys=0.00s Real=0.00s
[2525.117s][info ][safepoint    ] Leaving safepoint region
[2525.117s][info ][safepoint    ] Total time for which application threads were stopped: 0.0028211 seconds, Stopping threads took: 0.0000357 seconds
[2528.671s][info ][safepoint    ] Application time: 3.5539135 seconds
[2528.671s][info ][safepoint    ] Entering safepoint region: GenCollectForAllocation
[2528.671s][info ][gc,start     ] GC(808) Pause Young (Allocation Failure)
[2528.671s][info ][gc,task      ] GC(808) Using 4 workers of 4 for evacuation
[2528.673s][debug][gc,ref       ] GC(808) Skipped phase1 of Reference Processing due to unavailable references
[2528.673s][debug][gc,ref       ] GC(808) Skipped phase2 of Reference Processing due to unavailable references
[2528.674s][debug][gc,ref       ] GC(808) Skipped phase3 of Reference Processing due to unavailable references
[2528.674s][debug][gc,ref       ] GC(808) Skipped phase4 of Reference Processing due to unavailable references
[2528.674s][debug][gc,age       ] GC(808) Desired survivor size 15368192 bytes, new threshold 6 (max threshold 6)
[2528.674s][info ][gc,heap      ] GC(808) ParNew: 241518K->1219K(270336K)
[2528.674s][info ][gc,heap      ] GC(808) CMS: 354121K->354263K(600768K)
[2528.674s][info ][gc,metaspace ] GC(808) Metaspace: 57703K->57703K(1101824K)
[2528.674s][info ][gc           ] GC(808) Pause Young (Allocation Failure) 581M->347M(850M) 2.819ms
[2528.674s][info ][gc,cpu       ] GC(808) User=0.01s Sys=0.00s Real=0.00s
[2528.674s][info ][safepoint    ] Leaving safepoint region
[2528.674s][info ][safepoint    ] Total time for which application threads were stopped: 0.0030057 seconds, Stopping threads took: 0.0000263 seconds
[2532.224s][info ][safepoint    ] Application time: 3.5506302 seconds
[2532.224s][info ][safepoint    ] Entering safepoint region: GenCollectForAllocation
[2532.225s][info ][gc,start     ] GC(809) Pause Young (Allocation Failure)
[2532.225s][info ][gc,task      ] GC(809) Using 4 workers of 4 for evacuation
[2532.228s][debug][gc,ref       ] GC(809) Skipped phase1 of Reference Processing due to unavailable references
[2532.228s][debug][gc,ref       ] GC(809) Skipped phase2 of Reference Processing due to unavailable references
[2532.228s][debug][gc,ref       ] GC(809) Skipped phase3 of Reference Processing due to unavailable references
[2532.228s][debug][gc,ref       ] GC(809) Skipped phase4 of Reference Processing due to unavailable references
[2532.228s][debug][gc,age       ] GC(809) Desired survivor size 15368192 bytes, new threshold 6 (max threshold 6)
[2532.228s][info ][gc,heap      ] GC(809) ParNew: 241539K->993K(270336K)
[2532.228s][info ][gc,heap      ] GC(809) CMS: 354263K->354369K(600768K)
[2532.228s][info ][gc,metaspace ] GC(809) Metaspace: 57703K->57703K(1101824K)
[2532.228s][info ][gc           ] GC(809) Pause Young (Allocation Failure) 581M->347M(850M) 3.257ms
[2532.228s][info ][gc,cpu       ] GC(809) User=0.02s Sys=0.00s Real=0.01s
[2532.228s][info ][safepoint    ] Leaving safepoint region
[2532.228s][info ][safepoint    ] Total time for which application threads were stopped: 0.0033959 seconds, Stopping threads took: 0.0000143 seconds
[2535.769s][info ][safepoint    ] Application time: 3.5411859 seconds
[2535.769s][info ][safepoint    ] Entering safepoint region: GenCollectForAllocation
[2535.769s][info ][gc,start     ] GC(810) Pause Young (Allocation Failure)
[2535.769s][info ][gc,task      ] GC(810) Using 4 workers of 4 for evacuation
[2535.771s][debug][gc,ref       ] GC(810) Skipped phase1 of Reference Processing due to unavailable references
[2535.772s][debug][gc,ref       ] GC(810) Skipped phase2 of Reference Processing due to unavailable references
[2535.772s][debug][gc,ref       ] GC(810) Skipped phase3 of Reference Processing due to unavailable references
[2535.772s][debug][gc,ref       ] GC(810) Skipped phase4 of Reference Processing due to unavailable references
[2535.772s][debug][gc,age       ] GC(810) Desired survivor size 15368192 bytes, new threshold 6 (max threshold 6)
[2535.772s][info ][gc,heap      ] GC(810) ParNew: 241313K->1165K(270336K)
[2535.772s][info ][gc,heap      ] GC(810) CMS: 354369K->354385K(600768K)
[2535.772s][info ][gc,metaspace ] GC(810) Metaspace: 57703K->57703K(1101824K)
[2535.772s][info ][gc           ] GC(810) Pause Young (Allocation Failure) 581M->347M(850M) 2.547ms
[2535.772s][info ][gc,cpu       ] GC(810) User=0.00s Sys=0.00s Real=0.00s
[2535.772s][info ][safepoint    ] Leaving safepoint region
[2535.772s][info ][safepoint    ] Total time for which application threads were stopped: 0.0026916 seconds, Stopping threads took: 0.0000142 seconds
[2539.420s][info ][safepoint    ] Application time: 3.6485563 seconds
[2539.420s][info ][safepoint    ] Entering safepoint region: GenCollectForAllocation
[2539.420s][info ][gc,start     ] GC(811) Pause Young (Allocation Failure)
[2539.420s][info ][gc,task      ] GC(811) Using 4 workers of 4 for evacuation
[2539.423s][debug][gc,ref       ] GC(811) Skipped phase1 of Reference Processing due to unavailable references
[2539.423s][debug][gc,ref       ] GC(811) Skipped phase2 of Reference Processing due to unavailable references
[2539.423s][debug][gc,ref       ] GC(811) Skipped phase3 of Reference Processing due to unavailable references
[2539.423s][debug][gc,ref       ] GC(811) Skipped phase4 of Reference Processing due to unavailable references
[2539.424s][debug][gc,age       ] GC(811) Desired survivor size 15368192 bytes, new threshold 6 (max threshold 6)
[2539.424s][info ][gc,heap      ] GC(811) ParNew: 241485K->1148K(270336K)
[2539.424s][info ][gc,heap      ] GC(811) CMS: 354385K->354496K(600768K)
[2539.424s][info ][gc,metaspace ] GC(811) Metaspace: 57703K->57703K(1101824K)
[2539.424s][info ][gc           ] GC(811) Pause Young (Allocation Failure) 581M->347M(850M) 3.305ms
[2539.424s][info ][gc,cpu       ] GC(811) User=0.01s Sys=0.00s Real=0.00s
[2539.424s][info ][safepoint    ] Leaving safepoint region
[2539.424s][info ][safepoint    ] Total time for which application threads were stopped: 0.0034710 seconds, Stopping threads took: 0.0000394 seconds
[2540.424s][info ][safepoint    ] Application time: 1.0000953 seconds
[2540.424s][info ][safepoint    ] Entering safepoint region: Cleanup
[2540.424s][info ][safepoint    ] Leaving safepoint region
[2540.424s][info ][safepoint    ] Total time for which application threads were stopped: 0.0001647 seconds, Stopping threads took: 0.0000828 seconds
[2541.425s][info ][safepoint    ] Application time: 1.0009214 seconds
[2541.425s][info ][safepoint    ] Entering safepoint region: Cleanup
[2541.425s][info ][safepoint    ] Leaving safepoint region
[2541.425s][info ][safepoint    ] Total time for which application threads were stopped: 0.0000741 seconds, Stopping threads took: 0.0000150 seconds
[2542.425s][info ][safepoint    ] Application time: 1.0001005 seconds
[2542.425s][info ][safepoint    ] Entering safepoint region: Cleanup
[2542.425s][info ][safepoint    ] Leaving safepoint region
[2542.425s][info ][safepoint    ] Total time for which application threads were stopped: 0.0000927 seconds, Stopping threads took: 0.0000149 seconds
[2543.068s][info ][safepoint    ] Application time: 0.6430932 seconds
[2543.069s][info ][safepoint    ] Entering safepoint region: GenCollectForAllocation
[2543.069s][info ][gc,start     ] GC(812) Pause Young (Allocation Failure)
[2543.069s][info ][gc,task      ] GC(812) Using 4 workers of 4 for evacuation
[2543.072s][debug][gc,ref       ] GC(812) Skipped phase1 of Reference Processing due to unavailable references
[2543.072s][debug][gc,ref       ] GC(812) Skipped phase2 of Reference Processing due to unavailable references
[2543.072s][debug][gc,ref       ] GC(812) Skipped phase3 of Reference Processing due to unavailable references
[2543.072s][debug][gc,ref       ] GC(812) Skipped phase4 of Reference Processing due to unavailable references
[2543.072s][debug][gc,age       ] GC(812) Desired survivor size 15368192 bytes, new threshold 6 (max threshold 6)
[2543.072s][info ][gc,heap      ] GC(812) ParNew: 241468K->983K(270336K)
[2543.072s][info ][gc,heap      ] GC(812) CMS: 354496K->354770K(600768K)
[2543.072s][info ][gc,metaspace ] GC(812) Metaspace: 57703K->57703K(1101824K)
[2543.072s][info ][gc           ] GC(812) Pause Young (Allocation Failure) 581M->347M(850M) 3.324ms
[2543.072s][info ][gc,cpu       ] GC(812) User=0.02s Sys=0.00s Real=0.00s
[2543.072s][info ][safepoint    ] Leaving safepoint region
[2543.072s][info ][safepoint    ] Total time for which application threads were stopped: 0.0034637 seconds, Stopping threads took: 0.0000150 seconds
[2546.715s][info ][safepoint    ] Application time: 3.6430783 seconds
[2546.715s][info ][safepoint    ] Entering safepoint region: GenCollectForAllocation
[2546.715s][info ][gc,start     ] GC(813) Pause Young (Allocation Failure)
[2546.715s][info ][gc,task      ] GC(813) Using 4 workers of 4 for evacuation
[2546.718s][debug][gc,ref       ] GC(813) Skipped phase1 of Reference Processing due to unavailable references
[2546.718s][debug][gc,ref       ] GC(813) Skipped phase2 of Reference Processing due to unavailable references
[2546.718s][debug][gc,ref       ] GC(813) Skipped phase3 of Reference Processing due to unavailable references
[2546.718s][debug][gc,ref       ] GC(813) Skipped phase4 of Reference Processing due to unavailable references
[2546.718s][debug][gc,age       ] GC(813) Desired survivor size 15368192 bytes, new threshold 6 (max threshold 6)
[2546.718s][info ][gc,heap      ] GC(813) ParNew: 241303K->606K(270336K)
[2546.718s][info ][gc,heap      ] GC(813) CMS: 354770K->354923K(600768K)
[2546.718s][info ][gc,metaspace ] GC(813) Metaspace: 57703K->57703K(1101824K)
[2546.718s][info ][gc           ] GC(813) Pause Young (Allocation Failure) 582M->347M(850M) 2.696ms
[2546.718s][info ][gc,cpu       ] GC(813) User=0.01s Sys=0.00s Real=0.00s
[2546.718s][info ][safepoint    ] Leaving safepoint region
[2546.718s][info ][safepoint    ] Total time for which application threads were stopped: 0.0028809 seconds, Stopping threads took: 0.0000466 seconds
[2550.317s][info ][safepoint    ] Application time: 3.5986329 seconds
[2550.317s][info ][safepoint    ] Entering safepoint region: GenCollectForAllocation
[2550.317s][info ][gc,start     ] GC(814) Pause Young (Allocation Failure)
[2550.317s][info ][gc,task      ] GC(814) Using 4 workers of 4 for evacuation
[2550.319s][debug][gc,ref       ] GC(814) Skipped phase1 of Reference Processing due to unavailable references
[2550.319s][debug][gc,ref       ] GC(814) Skipped phase2 of Reference Processing due to unavailable references
[2550.319s][debug][gc,ref       ] GC(814) Skipped phase3 of Reference Processing due to unavailable references
[2550.319s][debug][gc,ref       ] GC(814) Skipped phase4 of Reference Processing due to unavailable references
[2550.319s][debug][gc,age       ] GC(814) Desired survivor size 15368192 bytes, new threshold 6 (max threshold 6)
[2550.319s][info ][gc,heap      ] GC(814) ParNew: 240926K->577K(270336K)
[2550.319s][info ][gc,heap      ] GC(814) CMS: 354923K->354958K(600768K)
[2550.319s][info ][gc,metaspace ] GC(814) Metaspace: 57703K->57703K(1101824K)
[2550.319s][info ][gc           ] GC(814) Pause Young (Allocation Failure) 581M->347M(850M) 2.454ms
[2550.319s][info ][gc,cpu       ] GC(814) User=0.01s Sys=0.00s Real=0.00s
[2550.319s][info ][safepoint    ] Leaving safepoint region
[2550.319s][info ][safepoint    ] Total time for which application threads were stopped: 0.0025989 seconds, Stopping threads took: 0.0000157 seconds
[2553.968s][info ][safepoint    ] Application time: 3.6487627 seconds
[2553.968s][info ][safepoint    ] Entering safepoint region: GenCollectForAllocation
[2553.968s][info ][gc,start     ] GC(815) Pause Young (Allocation Failure)
[2553.968s][info ][gc,task      ] GC(815) Using 4 workers of 4 for evacuation
[2553.971s][debug][gc,ref       ] GC(815) Skipped phase1 of Reference Processing due to unavailable references
[2553.971s][debug][gc,ref       ] GC(815) Skipped phase2 of Reference Processing due to unavailable references
[2553.971s][debug][gc,ref       ] GC(815) Skipped phase3 of Reference Processing due to unavailable references
[2553.971s][debug][gc,ref       ] GC(815) Skipped phase4 of Reference Processing due to unavailable references
[2553.971s][debug][gc,age       ] GC(815) Desired survivor size 15368192 bytes, new threshold 6 (max threshold 6)
[2553.971s][info ][gc,heap      ] GC(815) ParNew: 240897K->689K(270336K)
[2553.971s][info ][gc,heap      ] GC(815) CMS: 354958K->355056K(600768K)
[2553.971s][info ][gc,metaspace ] GC(815) Metaspace: 57703K->57703K(1101824K)
[2553.971s][info ][gc           ] GC(815) Pause Young (Allocation Failure) 581M->347M(850M) 2.532ms
[2553.971s][info ][gc,cpu       ] GC(815) User=0.01s Sys=0.00s Real=0.00s
[2553.971s][info ][safepoint    ] Leaving safepoint region
[2553.971s][info ][safepoint    ] Total time for which application threads were stopped: 0.0026959 seconds, Stopping threads took: 0.0000297 seconds
[2557.620s][info ][safepoint    ] Application time: 3.6492569 seconds
[2557.620s][info ][safepoint    ] Entering safepoint region: GenCollectForAllocation
[2557.620s][info ][gc,start     ] GC(816) Pause Young (Allocation Failure)
[2557.620s][info ][gc,task      ] GC(816) Using 4 workers of 4 for evacuation
[2557.623s][debug][gc,ref       ] GC(816) Skipped phase1 of Reference Processing due to unavailable references
[2557.623s][debug][gc,ref       ] GC(816) Skipped phase2 of Reference Processing due to unavailable references
[2557.623s][debug][gc,ref       ] GC(816) Skipped phase3 of Reference Processing due to unavailable references
[2557.623s][debug][gc,ref       ] GC(816) Skipped phase4 of Reference Processing due to unavailable references
[2557.623s][debug][gc,age       ] GC(816) Desired survivor size 15368192 bytes, new threshold 6 (max threshold 6)
[2557.623s][info ][gc,heap      ] GC(816) ParNew: 241009K->536K(270336K)
[2557.623s][info ][gc,heap      ] GC(816) CMS: 355056K->355184K(600768K)
[2557.623s][info ][gc,metaspace ] GC(816) Metaspace: 57703K->57703K(1101824K)
[2557.623s][info ][gc           ] GC(816) Pause Young (Allocation Failure) 582M->347M(850M) 2.496ms
[2557.623s][info ][gc,cpu       ] GC(816) User=0.01s Sys=0.00s Real=0.00s
[2557.623s][info ][safepoint    ] Leaving safepoint region
[2557.623s][info ][safepoint    ] Total time for which application threads were stopped: 0.0026446 seconds, Stopping threads took: 0.0000145 seconds
[2561.120s][info ][safepoint    ] Application time: 3.4974900 seconds
[2561.120s][info ][safepoint    ] Entering safepoint region: GenCollectForAllocation
[2561.120s][info ][gc,start     ] GC(817) Pause Young (Allocation Failure)
[2561.120s][info ][gc,task      ] GC(817) Using 4 workers of 4 for evacuation
[2561.123s][debug][gc,ref       ] GC(817) Skipped phase1 of Reference Processing due to unavailable references
[2561.123s][debug][gc,ref       ] GC(817) Skipped phase2 of Reference Processing due to unavailable references
[2561.123s][debug][gc,ref       ] GC(817) Skipped phase3 of Reference Processing due to unavailable references
[2561.123s][debug][gc,ref       ] GC(817) Skipped phase4 of Reference Processing due to unavailable references
[2561.123s][debug][gc,age       ] GC(817) Desired survivor size 15368192 bytes, new threshold 6 (max threshold 6)
[2561.123s][info ][gc,heap      ] GC(817) ParNew: 240856K->873K(270336K)
[2561.123s][info ][gc,heap      ] GC(817) CMS: 355184K->355248K(600768K)
[2561.123s][info ][gc,metaspace ] GC(817) Metaspace: 57703K->57703K(1101824K)
[2561.123s][info ][gc           ] GC(817) Pause Young (Allocation Failure) 582M->347M(850M) 2.514ms
[2561.123s][info ][gc,cpu       ] GC(817) User=0.01s Sys=0.00s Real=0.00s
[2561.123s][info ][safepoint    ] Leaving safepoint region
[2561.123s][info ][safepoint    ] Total time for which application threads were stopped: 0.0026724 seconds, Stopping threads took: 0.0000152 seconds
[2564.766s][info ][safepoint    ] Application time: 3.6432975 seconds
[2564.766s][info ][safepoint    ] Entering safepoint region: GenCollectForAllocation
[2564.766s][info ][gc,start     ] GC(818) Pause Young (Allocation Failure)
[2564.766s][info ][gc,task      ] GC(818) Using 4 workers of 4 for evacuation
[2564.769s][debug][gc,ref       ] GC(818) Skipped phase1 of Reference Processing due to unavailable references
[2564.769s][debug][gc,ref       ] GC(818) Skipped phase2 of Reference Processing due to unavailable references
[2564.769s][debug][gc,ref       ] GC(818) Skipped phase3 of Reference Processing due to unavailable references
[2564.769s][debug][gc,ref       ] GC(818) Skipped phase4 of Reference Processing due to unavailable references
[2564.769s][debug][gc,age       ] GC(818) Desired survivor size 15368192 bytes, new threshold 6 (max threshold 6)
[2564.769s][info ][gc,heap      ] GC(818) ParNew: 241193K->905K(270336K)
[2564.769s][info ][gc,heap      ] GC(818) CMS: 355248K->355280K(600768K)
[2564.769s][info ][gc,metaspace ] GC(818) Metaspace: 57705K->57705K(1101824K)
[2564.769s][info ][gc           ] GC(818) Pause Young (Allocation Failure) 582M->347M(850M) 2.251ms
[2564.769s][info ][gc,cpu       ] GC(818) User=0.01s Sys=0.00s Real=0.00s
[2564.769s][info ][safepoint    ] Leaving safepoint region
[2564.769s][info ][safepoint    ] Total time for which application threads were stopped: 0.0024129 seconds, Stopping threads took: 0.0000140 seconds
[2566.769s][info ][safepoint    ] Application time: 2.0001577 seconds
[2566.769s][info ][safepoint    ] Entering safepoint region: Cleanup
[2566.769s][info ][safepoint    ] Leaving safepoint region
[2566.769s][info ][safepoint    ] Total time for which application threads were stopped: 0.0001348 seconds, Stopping threads took: 0.0000611 seconds
[2568.422s][info ][safepoint    ] Application time: 1.6530814 seconds
[2568.422s][info ][safepoint    ] Entering safepoint region: GenCollectForAllocation
[2568.422s][info ][gc,start     ] GC(819) Pause Young (Allocation Failure)
[2568.422s][info ][gc,task      ] GC(819) Using 4 workers of 4 for evacuation
[2568.425s][debug][gc,ref       ] GC(819) Skipped phase1 of Reference Processing due to unavailable references
[2568.425s][debug][gc,ref       ] GC(819) Skipped phase2 of Reference Processing due to unavailable references
[2568.425s][debug][gc,ref       ] GC(819) Skipped phase3 of Reference Processing due to unavailable references
[2568.425s][debug][gc,ref       ] GC(819) Skipped phase4 of Reference Processing due to unavailable references
[2568.425s][debug][gc,age       ] GC(819) Desired survivor size 15368192 bytes, new threshold 6 (max threshold 6)
[2568.425s][info ][gc,heap      ] GC(819) ParNew: 241225K->1012K(270336K)
[2568.425s][info ][gc,heap      ] GC(819) CMS: 355280K->355361K(600768K)
[2568.425s][info ][gc,metaspace ] GC(819) Metaspace: 57705K->57705K(1101824K)
[2568.425s][info ][gc           ] GC(819) Pause Young (Allocation Failure) 582M->348M(850M) 2.490ms
[2568.425s][info ][gc,cpu       ] GC(819) User=0.01s Sys=0.00s Real=0.00s
[2568.425s][info ][safepoint    ] Leaving safepoint region
[2568.425s][info ][safepoint    ] Total time for which application threads were stopped: 0.0026371 seconds, Stopping threads took: 0.0000151 seconds
[2572.169s][info ][safepoint    ] Application time: 3.7437673 seconds
[2572.169s][info ][safepoint    ] Entering safepoint region: GenCollectForAllocation
[2572.169s][info ][gc,start     ] GC(820) Pause Young (Allocation Failure)
[2572.169s][info ][gc,task      ] GC(820) Using 4 workers of 4 for evacuation
[2572.171s][debug][gc,ref       ] GC(820) Skipped phase1 of Reference Processing due to unavailable references
[2572.171s][debug][gc,ref       ] GC(820) Skipped phase2 of Reference Processing due to unavailable references
[2572.171s][debug][gc,ref       ] GC(820) Skipped phase3 of Reference Processing due to unavailable references
[2572.171s][debug][gc,ref       ] GC(820) Skipped phase4 of Reference Processing due to unavailable references
[2572.171s][debug][gc,age       ] GC(820) Desired survivor size 15368192 bytes, new threshold 6 (max threshold 6)
[2572.171s][info ][gc,heap      ] GC(820) ParNew: 241332K->1019K(270336K)
[2572.171s][info ][gc,heap      ] GC(820) CMS: 355361K->355368K(600768K)
[2572.171s][info ][gc,metaspace ] GC(820) Metaspace: 57705K->57705K(1101824K)
[2572.171s][info ][gc           ] GC(820) Pause Young (Allocation Failure) 582M->348M(850M) 2.324ms
[2572.171s][info ][gc,cpu       ] GC(820) User=0.01s Sys=0.00s Real=0.00s
[2572.171s][info ][safepoint    ] Leaving safepoint region
[2572.171s][info ][safepoint    ] Total time for which application threads were stopped: 0.0025533 seconds, Stopping threads took: 0.0000289 seconds
[2575.780s][info ][safepoint    ] Application time: 3.6083636 seconds
[2575.780s][info ][safepoint    ] Entering safepoint region: GenCollectForAllocation
[2575.780s][info ][gc,start     ] GC(821) Pause Young (Allocation Failure)
[2575.780s][info ][gc,task      ] GC(821) Using 4 workers of 4 for evacuation
[2575.782s][debug][gc,ref       ] GC(821) Skipped phase1 of Reference Processing due to unavailable references
[2575.782s][debug][gc,ref       ] GC(821) Skipped phase2 of Reference Processing due to unavailable references
[2575.782s][debug][gc,ref       ] GC(821) Skipped phase3 of Reference Processing due to unavailable references
[2575.782s][debug][gc,ref       ] GC(821) Skipped phase4 of Reference Processing due to unavailable references
[2575.782s][debug][gc,age       ] GC(821) Desired survivor size 15368192 bytes, new threshold 6 (max threshold 6)
[2575.782s][info ][gc,heap      ] GC(821) ParNew: 241339K->1087K(270336K)
[2575.782s][info ][gc,heap      ] GC(821) CMS: 355368K->355417K(600768K)
[2575.782s][info ][gc,metaspace ] GC(821) Metaspace: 57705K->57705K(1101824K)
[2575.782s][info ][gc           ] GC(821) Pause Young (Allocation Failure) 582M->348M(850M) 2.751ms
[2575.782s][info ][gc,cpu       ] GC(821) User=0.01s Sys=0.00s Real=0.00s
[2575.783s][info ][safepoint    ] Leaving safepoint region
[2575.783s][info ][safepoint    ] Total time for which application threads were stopped: 0.0029278 seconds, Stopping threads took: 0.0000517 seconds
[2579.468s][info ][safepoint    ] Application time: 3.6857632 seconds
[2579.468s][info ][safepoint    ] Entering safepoint region: GenCollectForAllocation
[2579.468s][info ][gc,start     ] GC(822) Pause Young (Allocation Failure)
[2579.468s][info ][gc,task      ] GC(822) Using 4 workers of 4 for evacuation
[2579.471s][debug][gc,ref       ] GC(822) Skipped phase1 of Reference Processing due to unavailable references
[2579.471s][debug][gc,ref       ] GC(822) Skipped phase2 of Reference Processing due to unavailable references
[2579.471s][debug][gc,ref       ] GC(822) Skipped phase3 of Reference Processing due to unavailable references
[2579.471s][debug][gc,ref       ] GC(822) Skipped phase4 of Reference Processing due to unavailable references
[2579.471s][debug][gc,age       ] GC(822) Desired survivor size 15368192 bytes, new threshold 6 (max threshold 6)
[2579.471s][info ][gc,heap      ] GC(822) ParNew: 241407K->1046K(270336K)
[2579.471s][info ][gc,heap      ] GC(822) CMS: 355417K->355486K(600768K)
[2579.471s][info ][gc,metaspace ] GC(822) Metaspace: 57705K->57705K(1101824K)
[2579.471s][info ][gc           ] GC(822) Pause Young (Allocation Failure) 582M->348M(850M) 2.651ms
[2579.471s][info ][gc,cpu       ] GC(822) User=0.01s Sys=0.00s Real=0.00s
[2579.471s][info ][safepoint    ] Leaving safepoint region
[2579.471s][info ][safepoint    ] Total time for which application threads were stopped: 0.0027967 seconds, Stopping threads took: 0.0000142 seconds
[2583.271s][info ][safepoint    ] Application time: 3.7999694 seconds
[2583.271s][info ][safepoint    ] Entering safepoint region: GenCollectForAllocation
[2583.271s][info ][gc,start     ] GC(823) Pause Young (Allocation Failure)
[2583.271s][info ][gc,task      ] GC(823) Using 4 workers of 4 for evacuation
[2583.274s][debug][gc,ref       ] GC(823) Skipped phase1 of Reference Processing due to unavailable references
[2583.274s][debug][gc,ref       ] GC(823) Skipped phase2 of Reference Processing due to unavailable references
[2583.274s][debug][gc,ref       ] GC(823) Skipped phase3 of Reference Processing due to unavailable references
[2583.274s][debug][gc,ref       ] GC(823) Skipped phase4 of Reference Processing due to unavailable references
[2583.274s][debug][gc,age       ] GC(823) Desired survivor size 15368192 bytes, new threshold 6 (max threshold 6)
[2583.274s][info ][gc,heap      ] GC(823) ParNew: 241366K->1076K(270336K)
[2583.274s][info ][gc,heap      ] GC(823) CMS: 355486K->355681K(600768K)
[2583.274s][info ][gc,metaspace ] GC(823) Metaspace: 57705K->57705K(1101824K)
[2583.274s][info ][gc           ] GC(823) Pause Young (Allocation Failure) 582M->348M(850M) 3.010ms
[2583.274s][info ][gc,cpu       ] GC(823) User=0.01s Sys=0.00s Real=0.01s
[2583.274s][info ][safepoint    ] Leaving safepoint region
[2583.274s][info ][safepoint    ] Total time for which application threads were stopped: 0.0031633 seconds, Stopping threads took: 0.0000145 seconds
[2586.970s][info ][safepoint    ] Application time: 3.6956721 seconds
[2586.970s][info ][safepoint    ] Entering safepoint region: GenCollectForAllocation
[2586.970s][info ][gc,start     ] GC(824) Pause Young (Allocation Failure)
[2586.970s][info ][gc,task      ] GC(824) Using 4 workers of 4 for evacuation
[2586.973s][debug][gc,ref       ] GC(824) Skipped phase1 of Reference Processing due to unavailable references
[2586.973s][debug][gc,ref       ] GC(824) Skipped phase2 of Reference Processing due to unavailable references
[2586.973s][debug][gc,ref       ] GC(824) Skipped phase3 of Reference Processing due to unavailable references
[2586.973s][debug][gc,ref       ] GC(824) Skipped phase4 of Reference Processing due to unavailable references
[2586.973s][debug][gc,age       ] GC(824) Desired survivor size 15368192 bytes, new threshold 6 (max threshold 6)
[2586.973s][info ][gc,heap      ] GC(824) ParNew: 241396K->1162K(270336K)
[2586.973s][info ][gc,heap      ] GC(824) CMS: 355681K->355781K(600768K)
[2586.973s][info ][gc,metaspace ] GC(824) Metaspace: 57705K->57705K(1101824K)
[2586.973s][info ][gc           ] GC(824) Pause Young (Allocation Failure) 583M->348M(850M) 2.633ms
[2586.973s][info ][gc,cpu       ] GC(824) User=0.01s Sys=0.00s Real=0.00s
[2586.973s][info ][safepoint    ] Leaving safepoint region
[2586.973s][info ][safepoint    ] Total time for which application threads were stopped: 0.0027826 seconds, Stopping threads took: 0.0000168 seconds
[2587.973s][info ][safepoint    ] Application time: 1.0001224 seconds
[2587.973s][info ][safepoint    ] Entering safepoint region: Cleanup
[2587.973s][info ][safepoint    ] Leaving safepoint region
[2587.973s][info ][safepoint    ] Total time for which application threads were stopped: 0.0001312 seconds, Stopping threads took: 0.0000554 seconds
[2590.720s][info ][safepoint    ] Application time: 2.7473995 seconds
[2590.721s][info ][safepoint    ] Entering safepoint region: GenCollectForAllocation
[2590.721s][info ][gc,start     ] GC(825) Pause Young (Allocation Failure)
[2590.721s][info ][gc,task      ] GC(825) Using 4 workers of 4 for evacuation
[2590.724s][debug][gc,ref       ] GC(825) Skipped phase1 of Reference Processing due to unavailable references
[2590.724s][debug][gc,ref       ] GC(825) Skipped phase2 of Reference Processing due to unavailable references
[2590.724s][debug][gc,ref       ] GC(825) Skipped phase3 of Reference Processing due to unavailable references
[2590.724s][debug][gc,ref       ] GC(825) Skipped phase4 of Reference Processing due to unavailable references
[2590.724s][debug][gc,age       ] GC(825) Desired survivor size 15368192 bytes, new threshold 6 (max threshold 6)
[2590.724s][info ][gc,heap      ] GC(825) ParNew: 241482K->899K(270336K)
[2590.724s][info ][gc,heap      ] GC(825) CMS: 355781K->355861K(600768K)
[2590.724s][info ][gc,metaspace ] GC(825) Metaspace: 57705K->57705K(1101824K)
[2590.724s][info ][gc           ] GC(825) Pause Young (Allocation Failure) 583M->348M(850M) 3.621ms
[2590.724s][info ][gc,cpu       ] GC(825) User=0.01s Sys=0.00s Real=0.00s
[2590.724s][info ][safepoint    ] Leaving safepoint region
[2590.724s][info ][safepoint    ] Total time for which application threads were stopped: 0.0037661 seconds, Stopping threads took: 0.0000144 seconds
[2594.572s][info ][safepoint    ] Application time: 3.8480480 seconds
[2594.572s][info ][safepoint    ] Entering safepoint region: GenCollectForAllocation
[2594.573s][info ][gc,start     ] GC(826) Pause Young (Allocation Failure)
[2594.573s][info ][gc,task      ] GC(826) Using 4 workers of 4 for evacuation
[2594.575s][debug][gc,ref       ] GC(826) Skipped phase1 of Reference Processing due to unavailable references
[2594.575s][debug][gc,ref       ] GC(826) Skipped phase2 of Reference Processing due to unavailable references
[2594.575s][debug][gc,ref       ] GC(826) Skipped phase3 of Reference Processing due to unavailable references
[2594.575s][debug][gc,ref       ] GC(826) Skipped phase4 of Reference Processing due to unavailable references
[2594.575s][debug][gc,age       ] GC(826) Desired survivor size 15368192 bytes, new threshold 6 (max threshold 6)
[2594.575s][info ][gc,heap      ] GC(826) ParNew: 241219K->1071K(270336K)
[2594.575s][info ][gc,heap      ] GC(826) CMS: 355861K->355914K(600768K)
[2594.575s][info ][gc,metaspace ] GC(826) Metaspace: 57705K->57705K(1101824K)
[2594.575s][info ][gc           ] GC(826) Pause Young (Allocation Failure) 583M->348M(850M) 2.739ms
[2594.575s][info ][gc,cpu       ] GC(826) User=0.01s Sys=0.00s Real=0.01s
[2594.575s][info ][safepoint    ] Leaving safepoint region
[2594.575s][info ][safepoint    ] Total time for which application threads were stopped: 0.0029212 seconds, Stopping threads took: 0.0000182 seconds
[2598.415s][info ][safepoint    ] Application time: 3.8395122 seconds
[2598.415s][info ][safepoint    ] Entering safepoint region: GenCollectForAllocation
[2598.415s][info ][gc,start     ] GC(827) Pause Young (Allocation Failure)
[2598.415s][info ][gc,task      ] GC(827) Using 4 workers of 4 for evacuation
[2598.418s][debug][gc,ref       ] GC(827) Skipped phase1 of Reference Processing due to unavailable references
[2598.418s][debug][gc,ref       ] GC(827) Skipped phase2 of Reference Processing due to unavailable references
[2598.418s][debug][gc,ref       ] GC(827) Skipped phase3 of Reference Processing due to unavailable references
[2598.418s][debug][gc,ref       ] GC(827) Skipped phase4 of Reference Processing due to unavailable references
[2598.418s][debug][gc,age       ] GC(827) Desired survivor size 15368192 bytes, new threshold 6 (max threshold 6)
[2598.418s][info ][gc,heap      ] GC(827) ParNew: 241391K->1112K(270336K)
[2598.418s][info ][gc,heap      ] GC(827) CMS: 355914K->356097K(600768K)
[2598.418s][info ][gc,metaspace ] GC(827) Metaspace: 57705K->57705K(1101824K)
[2598.418s][info ][gc           ] GC(827) Pause Young (Allocation Failure) 583M->348M(850M) 3.163ms
[2598.418s][info ][gc,cpu       ] GC(827) User=0.01s Sys=0.00s Real=0.00s
[2598.418s][info ][safepoint    ] Leaving safepoint region
[2598.418s][info ][safepoint    ] Total time for which application threads were stopped: 0.0033404 seconds, Stopping threads took: 0.0000280 seconds
[2602.169s][info ][safepoint    ] Application time: 3.7506562 seconds
[2602.169s][info ][safepoint    ] Entering safepoint region: GenCollectForAllocation
[2602.169s][info ][gc,start     ] GC(828) Pause Young (Allocation Failure)
[2602.169s][info ][gc,task      ] GC(828) Using 4 workers of 4 for evacuation
[2602.171s][debug][gc,ref       ] GC(828) Skipped phase1 of Reference Processing due to unavailable references
[2602.171s][debug][gc,ref       ] GC(828) Skipped phase2 of Reference Processing due to unavailable references
[2602.171s][debug][gc,ref       ] GC(828) Skipped phase3 of Reference Processing due to unavailable references
[2602.171s][debug][gc,ref       ] GC(828) Skipped phase4 of Reference Processing due to unavailable references
[2602.172s][debug][gc,age       ] GC(828) Desired survivor size 15368192 bytes, new threshold 6 (max threshold 6)
[2602.172s][info ][gc,heap      ] GC(828) ParNew: 241432K->1255K(270336K)
[2602.172s][info ][gc,heap      ] GC(828) CMS: 356097K->356149K(600768K)
[2602.172s][info ][gc,metaspace ] GC(828) Metaspace: 57705K->57705K(1101824K)
[2602.172s][info ][gc           ] GC(828) Pause Young (Allocation Failure) 583M->349M(850M) 2.678ms
[2602.172s][info ][gc,cpu       ] GC(828) User=0.01s Sys=0.00s Real=0.00s
[2602.172s][info ][safepoint    ] Leaving safepoint region
[2602.172s][info ][safepoint    ] Total time for which application threads were stopped: 0.0028343 seconds, Stopping threads took: 0.0000267 seconds
[2605.919s][info ][safepoint    ] Application time: 3.7471874 seconds
[2605.919s][info ][safepoint    ] Entering safepoint region: GenCollectForAllocation
[2605.919s][info ][gc,start     ] GC(829) Pause Young (Allocation Failure)
[2605.919s][info ][gc,task      ] GC(829) Using 4 workers of 4 for evacuation
[2605.922s][debug][gc,ref       ] GC(829) Skipped phase1 of Reference Processing due to unavailable references
[2605.922s][debug][gc,ref       ] GC(829) Skipped phase2 of Reference Processing due to unavailable references
[2605.922s][debug][gc,ref       ] GC(829) Skipped phase3 of Reference Processing due to unavailable references
[2605.922s][debug][gc,ref       ] GC(829) Skipped phase4 of Reference Processing due to unavailable references
[2605.922s][debug][gc,age       ] GC(829) Desired survivor size 15368192 bytes, new threshold 6 (max threshold 6)
[2605.922s][info ][gc,heap      ] GC(829) ParNew: 241575K->1214K(270336K)
[2605.922s][info ][gc,heap      ] GC(829) CMS: 356149K->356240K(600768K)
[2605.922s][info ][gc,metaspace ] GC(829) Metaspace: 57705K->57705K(1101824K)
[2605.922s][info ][gc           ] GC(829) Pause Young (Allocation Failure) 583M->349M(850M) 2.664ms
[2605.922s][info ][gc,cpu       ] GC(829) User=0.01s Sys=0.00s Real=0.00s
[2605.922s][info ][safepoint    ] Leaving safepoint region
[2605.922s][info ][safepoint    ] Total time for which application threads were stopped: 0.0028063 seconds, Stopping threads took: 0.0000147 seconds
[2609.623s][info ][safepoint    ] Application time: 3.7016065 seconds
[2609.623s][info ][safepoint    ] Entering safepoint region: GenCollectForAllocation
[2609.624s][info ][gc,start     ] GC(830) Pause Young (Allocation Failure)
[2609.624s][info ][gc,task      ] GC(830) Using 4 workers of 4 for evacuation
[2609.626s][debug][gc,ref       ] GC(830) Skipped phase1 of Reference Processing due to unavailable references
[2609.626s][debug][gc,ref       ] GC(830) Skipped phase2 of Reference Processing due to unavailable references
[2609.626s][debug][gc,ref       ] GC(830) Skipped phase3 of Reference Processing due to unavailable references
[2609.626s][debug][gc,ref       ] GC(830) Skipped phase4 of Reference Processing due to unavailable references
[2609.626s][debug][gc,age       ] GC(830) Desired survivor size 15368192 bytes, new threshold 6 (max threshold 6)
[2609.626s][info ][gc,heap      ] GC(830) ParNew: 241534K->1138K(270336K)
[2609.626s][info ][gc,heap      ] GC(830) CMS: 356240K->356291K(600768K)
[2609.626s][info ][gc,metaspace ] GC(830) Metaspace: 57723K->57723K(1101824K)
[2609.626s][info ][gc           ] GC(830) Pause Young (Allocation Failure) 583M->349M(850M) 2.778ms
[2609.626s][info ][gc,cpu       ] GC(830) User=0.01s Sys=0.00s Real=0.01s
[2609.626s][info ][safepoint    ] Leaving safepoint region
[2609.626s][info ][safepoint    ] Total time for which application threads were stopped: 0.0029539 seconds, Stopping threads took: 0.0000279 seconds
[2611.627s][info ][safepoint    ] Application time: 2.0002059 seconds
[2611.627s][info ][safepoint    ] Entering safepoint region: Cleanup
[2611.627s][info ][safepoint    ] Leaving safepoint region
[2611.627s][info ][safepoint    ] Total time for which application threads were stopped: 0.0000706 seconds, Stopping threads took: 0.0000148 seconds
[2613.321s][info ][safepoint    ] Application time: 1.6939649 seconds
[2613.321s][info ][safepoint    ] Entering safepoint region: GenCollectForAllocation
[2613.321s][info ][gc,start     ] GC(831) Pause Young (Allocation Failure)
[2613.321s][info ][gc,task      ] GC(831) Using 4 workers of 4 for evacuation
[2613.323s][debug][gc,ref       ] GC(831) Skipped phase1 of Reference Processing due to unavailable references
[2613.323s][debug][gc,ref       ] GC(831) Skipped phase2 of Reference Processing due to unavailable references
[2613.323s][debug][gc,ref       ] GC(831) Skipped phase3 of Reference Processing due to unavailable references
[2613.323s][debug][gc,ref       ] GC(831) Skipped phase4 of Reference Processing due to unavailable references
[2613.324s][debug][gc,age       ] GC(831) Desired survivor size 15368192 bytes, new threshold 6 (max threshold 6)
[2613.324s][info ][gc,heap      ] GC(831) ParNew: 241458K->989K(270336K)
[2613.324s][info ][gc,heap      ] GC(831) CMS: 356291K->356499K(600768K)
[2613.324s][info ][gc,metaspace ] GC(831) Metaspace: 57723K->57723K(1101824K)
[2613.324s][info ][gc           ] GC(831) Pause Young (Allocation Failure) 583M->349M(850M) 2.846ms
[2613.324s][info ][gc,cpu       ] GC(831) User=0.01s Sys=0.00s Real=0.00s
[2613.324s][info ][safepoint    ] Leaving safepoint region
[2613.324s][info ][safepoint    ] Total time for which application threads were stopped: 0.0030813 seconds, Stopping threads took: 0.0000147 seconds
[2616.967s][info ][safepoint    ] Application time: 3.6430846 seconds
[2616.967s][info ][safepoint    ] Entering safepoint region: GenCollectForAllocation
[2616.967s][info ][gc,start     ] GC(832) Pause Young (Allocation Failure)
[2616.967s][info ][gc,task      ] GC(832) Using 4 workers of 4 for evacuation
[2616.970s][debug][gc,ref       ] GC(832) Skipped phase1 of Reference Processing due to unavailable references
[2616.970s][debug][gc,ref       ] GC(832) Skipped phase2 of Reference Processing due to unavailable references
[2616.970s][debug][gc,ref       ] GC(832) Skipped phase3 of Reference Processing due to unavailable references
[2616.970s][debug][gc,ref       ] GC(832) Skipped phase4 of Reference Processing due to unavailable references
[2616.970s][debug][gc,age       ] GC(832) Desired survivor size 15368192 bytes, new threshold 6 (max threshold 6)
[2616.970s][info ][gc,heap      ] GC(832) ParNew: 241309K->971K(270336K)
[2616.970s][info ][gc,heap      ] GC(832) CMS: 356499K->356633K(600768K)
[2616.970s][info ][gc,metaspace ] GC(832) Metaspace: 57726K->57726K(1101824K)
[2616.970s][info ][gc           ] GC(832) Pause Young (Allocation Failure) 583M->349M(850M) 2.825ms
[2616.970s][info ][gc,cpu       ] GC(832) User=0.01s Sys=0.00s Real=0.00s
[2616.970s][info ][safepoint    ] Leaving safepoint region
[2616.970s][info ][safepoint    ] Total time for which application threads were stopped: 0.0029982 seconds, Stopping threads took: 0.0000159 seconds
[2620.673s][info ][safepoint    ] Application time: 3.7030090 seconds
[2620.673s][info ][safepoint    ] Entering safepoint region: GenCollectForAllocation
[2620.673s][info ][gc,start     ] GC(833) Pause Young (Allocation Failure)
[2620.673s][info ][gc,task      ] GC(833) Using 4 workers of 4 for evacuation
[2620.676s][debug][gc,ref       ] GC(833) Skipped phase1 of Reference Processing due to unavailable references
[2620.677s][debug][gc,ref       ] GC(833) Skipped phase2 of Reference Processing due to unavailable references
[2620.677s][debug][gc,ref       ] GC(833) Skipped phase3 of Reference Processing due to unavailable references
[2620.677s][debug][gc,ref       ] GC(833) Skipped phase4 of Reference Processing due to unavailable references
[2620.677s][debug][gc,age       ] GC(833) Desired survivor size 15368192 bytes, new threshold 6 (max threshold 6)
[2620.677s][info ][gc,heap      ] GC(833) ParNew: 241291K->1074K(270336K)
[2620.677s][info ][gc,heap      ] GC(833) CMS: 356633K->356784K(600768K)
[2620.677s][info ][gc,metaspace ] GC(833) Metaspace: 57726K->57726K(1101824K)
[2620.677s][info ][gc           ] GC(833) Pause Young (Allocation Failure) 583M->349M(850M) 3.633ms
[2620.677s][info ][gc,cpu       ] GC(833) User=0.02s Sys=0.00s Real=0.01s
[2620.677s][info ][safepoint    ] Leaving safepoint region
[2620.677s][info ][safepoint    ] Total time for which application threads were stopped: 0.0037884 seconds, Stopping threads took: 0.0000169 seconds
[2624.216s][info ][safepoint    ] Application time: 3.5396643 seconds
[2624.216s][info ][safepoint    ] Entering safepoint region: GenCollectForAllocation
[2624.217s][info ][gc,start     ] GC(834) Pause Young (Allocation Failure)
[2624.217s][info ][gc,task      ] GC(834) Using 4 workers of 4 for evacuation
[2624.219s][debug][gc,ref       ] GC(834) Skipped phase1 of Reference Processing due to unavailable references
[2624.219s][debug][gc,ref       ] GC(834) Skipped phase2 of Reference Processing due to unavailable references
[2624.219s][debug][gc,ref       ] GC(834) Skipped phase3 of Reference Processing due to unavailable references
[2624.219s][debug][gc,ref       ] GC(834) Skipped phase4 of Reference Processing due to unavailable references
[2624.219s][debug][gc,age       ] GC(834) Desired survivor size 15368192 bytes, new threshold 6 (max threshold 6)
[2624.219s][info ][gc,heap      ] GC(834) ParNew: 241394K->1420K(270336K)
[2624.219s][info ][gc,heap      ] GC(834) CMS: 356784K->356862K(600768K)
[2624.219s][info ][gc,metaspace ] GC(834) Metaspace: 57726K->57726K(1101824K)
[2624.219s][info ][gc           ] GC(834) Pause Young (Allocation Failure) 584M->349M(850M) 2.777ms
[2624.219s][info ][gc,cpu       ] GC(834) User=0.01s Sys=0.00s Real=0.00s
[2624.219s][info ][safepoint    ] Leaving safepoint region
[2624.219s][info ][safepoint    ] Total time for which application threads were stopped: 0.0029273 seconds, Stopping threads took: 0.0000147 seconds
[2625.219s][info ][safepoint    ] Application time: 1.0001079 seconds
[2625.220s][info ][safepoint    ] Entering safepoint region: Cleanup
[2625.220s][info ][safepoint    ] Leaving safepoint region
[2625.220s][info ][safepoint    ] Total time for which application threads were stopped: 0.0001338 seconds, Stopping threads took: 0.0000648 seconds
[2627.674s][info ][safepoint    ] Application time: 2.4539313 seconds
[2627.674s][info ][safepoint    ] Entering safepoint region: GenCollectForAllocation
[2627.674s][info ][gc,start     ] GC(835) Pause Young (Allocation Failure)
[2627.674s][info ][gc,task      ] GC(835) Using 4 workers of 4 for evacuation
[2627.676s][debug][gc,ref       ] GC(835) Skipped phase1 of Reference Processing due to unavailable references
[2627.676s][debug][gc,ref       ] GC(835) Skipped phase2 of Reference Processing due to unavailable references
[2627.676s][debug][gc,ref       ] GC(835) Skipped phase3 of Reference Processing due to unavailable references
[2627.676s][debug][gc,ref       ] GC(835) Skipped phase4 of Reference Processing due to unavailable references
[2627.677s][debug][gc,age       ] GC(835) Desired survivor size 15368192 bytes, new threshold 6 (max threshold 6)
[2627.677s][info ][gc,heap      ] GC(835) ParNew: 241740K->1582K(270336K)
[2627.677s][info ][gc,heap      ] GC(835) CMS: 356862K->356909K(600768K)
[2627.677s][info ][gc,metaspace ] GC(835) Metaspace: 57726K->57726K(1101824K)
[2627.677s][info ][gc           ] GC(835) Pause Young (Allocation Failure) 584M->350M(850M) 2.823ms
[2627.677s][info ][gc,cpu       ] GC(835) User=0.01s Sys=0.00s Real=0.01s
[2627.677s][info ][safepoint    ] Leaving safepoint region
[2627.677s][info ][safepoint    ] Total time for which application threads were stopped: 0.0029841 seconds, Stopping threads took: 0.0000288 seconds
[2631.021s][info ][safepoint    ] Application time: 3.3441623 seconds
[2631.021s][info ][safepoint    ] Entering safepoint region: GenCollectForAllocation
[2631.021s][info ][gc,start     ] GC(836) Pause Young (Allocation Failure)
[2631.021s][info ][gc,task      ] GC(836) Using 4 workers of 4 for evacuation
[2631.024s][debug][gc,ref       ] GC(836) Skipped phase1 of Reference Processing due to unavailable references
[2631.024s][debug][gc,ref       ] GC(836) Skipped phase2 of Reference Processing due to unavailable references
[2631.024s][debug][gc,ref       ] GC(836) Skipped phase3 of Reference Processing due to unavailable references
[2631.024s][debug][gc,ref       ] GC(836) Skipped phase4 of Reference Processing due to unavailable references
[2631.024s][debug][gc,age       ] GC(836) Desired survivor size 15368192 bytes, new threshold 6 (max threshold 6)
[2631.024s][info ][gc,heap      ] GC(836) ParNew: 241902K->1899K(270336K)
[2631.024s][info ][gc,heap      ] GC(836) CMS: 356909K->357000K(600768K)
[2631.024s][info ][gc,metaspace ] GC(836) Metaspace: 57726K->57726K(1101824K)
[2631.024s][info ][gc           ] GC(836) Pause Young (Allocation Failure) 584M->350M(850M) 3.424ms
[2631.024s][info ][gc,cpu       ] GC(836) User=0.01s Sys=0.00s Real=0.00s
[2631.024s][info ][safepoint    ] Leaving safepoint region
[2631.024s][info ][safepoint    ] Total time for which application threads were stopped: 0.0036242 seconds, Stopping threads took: 0.0000467 seconds
[2634.624s][info ][safepoint    ] Application time: 3.5991675 seconds
[2634.624s][info ][safepoint    ] Entering safepoint region: GenCollectForAllocation
[2634.624s][info ][gc,start     ] GC(837) Pause Young (Allocation Failure)
[2634.624s][info ][gc,task      ] GC(837) Using 4 workers of 4 for evacuation
[2634.627s][debug][gc,ref       ] GC(837) Skipped phase1 of Reference Processing due to unavailable references
[2634.627s][debug][gc,ref       ] GC(837) Skipped phase2 of Reference Processing due to unavailable references
[2634.627s][debug][gc,ref       ] GC(837) Skipped phase3 of Reference Processing due to unavailable references
[2634.627s][debug][gc,ref       ] GC(837) Skipped phase4 of Reference Processing due to unavailable references
[2634.627s][debug][gc,age       ] GC(837) Desired survivor size 15368192 bytes, new threshold 6 (max threshold 6)
[2634.627s][info ][gc,heap      ] GC(837) ParNew: 242219K->1443K(270336K)
[2634.627s][info ][gc,heap      ] GC(837) CMS: 357000K->357191K(600768K)
[2634.627s][info ][gc,metaspace ] GC(837) Metaspace: 57726K->57726K(1101824K)
[2634.627s][info ][gc           ] GC(837) Pause Young (Allocation Failure) 585M->350M(850M) 3.131ms
[2634.627s][info ][gc,cpu       ] GC(837) User=0.01s Sys=0.00s Real=0.01s
[2634.627s][info ][safepoint    ] Leaving safepoint region
[2634.627s][info ][safepoint    ] Total time for which application threads were stopped: 0.0032926 seconds, Stopping threads took: 0.0000140 seconds
[2638.166s][info ][safepoint    ] Application time: 3.5393656 seconds
[2638.166s][info ][safepoint    ] Entering safepoint region: GenCollectForAllocation
[2638.166s][info ][gc,start     ] GC(838) Pause Young (Allocation Failure)
[2638.167s][info ][gc,task      ] GC(838) Using 4 workers of 4 for evacuation
[2638.170s][debug][gc,ref       ] GC(838) Skipped phase1 of Reference Processing due to unavailable references
[2638.170s][debug][gc,ref       ] GC(838) Skipped phase2 of Reference Processing due to unavailable references
[2638.170s][debug][gc,ref       ] GC(838) Skipped phase3 of Reference Processing due to unavailable references
[2638.170s][debug][gc,ref       ] GC(838) Skipped phase4 of Reference Processing due to unavailable references
[2638.170s][debug][gc,age       ] GC(838) Desired survivor size 15368192 bytes, new threshold 6 (max threshold 6)
[2638.170s][info ][gc,heap      ] GC(838) ParNew: 241763K->1546K(270336K)
[2638.170s][info ][gc,heap      ] GC(838) CMS: 357191K->357239K(600768K)
[2638.170s][info ][gc,metaspace ] GC(838) Metaspace: 57726K->57726K(1101824K)
[2638.170s][info ][gc           ] GC(838) Pause Young (Allocation Failure) 584M->350M(850M) 3.245ms
[2638.170s][info ][gc,cpu       ] GC(838) User=0.01s Sys=0.00s Real=0.00s
[2638.170s][info ][safepoint    ] Leaving safepoint region
[2638.170s][info ][safepoint    ] Total time for which application threads were stopped: 0.0034578 seconds, Stopping threads took: 0.0000749 seconds
[2641.765s][info ][safepoint    ] Application time: 3.5954649 seconds
[2641.765s][info ][safepoint    ] Entering safepoint region: GenCollectForAllocation
[2641.765s][info ][gc,start     ] GC(839) Pause Young (Allocation Failure)
[2641.765s][info ][gc,task      ] GC(839) Using 4 workers of 4 for evacuation
[2641.768s][debug][gc,ref       ] GC(839) Skipped phase1 of Reference Processing due to unavailable references
[2641.768s][debug][gc,ref       ] GC(839) Skipped phase2 of Reference Processing due to unavailable references
[2641.768s][debug][gc,ref       ] GC(839) Skipped phase3 of Reference Processing due to unavailable references
[2641.768s][debug][gc,ref       ] GC(839) Skipped phase4 of Reference Processing due to unavailable references
[2641.768s][debug][gc,age       ] GC(839) Desired survivor size 15368192 bytes, new threshold 6 (max threshold 6)
[2641.768s][info ][gc,heap      ] GC(839) ParNew: 241866K->1460K(270336K)
[2641.768s][info ][gc,heap      ] GC(839) CMS: 357239K->357475K(600768K)
[2641.768s][info ][gc,metaspace ] GC(839) Metaspace: 57727K->57727K(1101824K)
[2641.768s][info ][gc           ] GC(839) Pause Young (Allocation Failure) 585M->350M(850M) 2.985ms
[2641.768s][info ][gc,cpu       ] GC(839) User=0.00s Sys=0.00s Real=0.01s
[2641.768s][info ][safepoint    ] Leaving safepoint region
[2641.768s][info ][safepoint    ] Total time for which application threads were stopped: 0.0031756 seconds, Stopping threads took: 0.0000484 seconds
[2644.769s][info ][safepoint    ] Application time: 3.0003809 seconds
[2644.769s][info ][safepoint    ] Entering safepoint region: Cleanup
[2644.769s][info ][safepoint    ] Leaving safepoint region
[2644.769s][info ][safepoint    ] Total time for which application threads were stopped: 0.0001677 seconds, Stopping threads took: 0.0000754 seconds
[2645.270s][info ][safepoint    ] Application time: 0.5008079 seconds
[2645.270s][info ][safepoint    ] Entering safepoint region: GenCollectForAllocation
[2645.270s][info ][gc,start     ] GC(840) Pause Young (Allocation Failure)
[2645.270s][info ][gc,task      ] GC(840) Using 4 workers of 4 for evacuation
[2645.275s][debug][gc,ref       ] GC(840) Skipped phase1 of Reference Processing due to unavailable references
[2645.275s][debug][gc,ref       ] GC(840) Skipped phase2 of Reference Processing due to unavailable references
[2645.275s][debug][gc,ref       ] GC(840) Skipped phase3 of Reference Processing due to unavailable references
[2645.275s][debug][gc,ref       ] GC(840) Skipped phase4 of Reference Processing due to unavailable references
[2645.276s][debug][gc,age       ] GC(840) Desired survivor size 15368192 bytes, new threshold 6 (max threshold 6)
[2645.276s][info ][gc,heap      ] GC(840) ParNew: 241780K->1729K(270336K)
[2645.276s][info ][gc,heap      ] GC(840) CMS: 357475K->357563K(600768K)
[2645.276s][info ][gc,metaspace ] GC(840) Metaspace: 57727K->57727K(1101824K)
[2645.276s][info ][gc           ] GC(840) Pause Young (Allocation Failure) 585M->350M(850M) 5.577ms
[2645.276s][info ][gc,cpu       ] GC(840) User=0.02s Sys=0.00s Real=0.01s
[2645.276s][info ][safepoint    ] Leaving safepoint region
[2645.276s][info ][safepoint    ] Total time for which application threads were stopped: 0.0057546 seconds, Stopping threads took: 0.0000353 seconds
[2646.276s][info ][safepoint    ] Application time: 1.0001141 seconds
[2646.276s][info ][safepoint    ] Entering safepoint region: Cleanup
[2646.276s][info ][safepoint    ] Leaving safepoint region
[2646.276s][info ][safepoint    ] Total time for which application threads were stopped: 0.0000745 seconds, Stopping threads took: 0.0000149 seconds
[2648.276s][info ][safepoint    ] Application time: 2.0001094 seconds
[2648.276s][info ][safepoint    ] Entering safepoint region: Cleanup
[2648.276s][info ][safepoint    ] Leaving safepoint region
[2648.276s][info ][safepoint    ] Total time for which application threads were stopped: 0.0000919 seconds, Stopping threads took: 0.0000142 seconds
[2648.866s][info ][safepoint    ] Application time: 0.5900556 seconds
[2648.866s][info ][safepoint    ] Entering safepoint region: GenCollectForAllocation
[2648.866s][info ][gc,start     ] GC(841) Pause Young (Allocation Failure)
[2648.866s][info ][gc,task      ] GC(841) Using 4 workers of 4 for evacuation
[2648.869s][debug][gc,ref       ] GC(841) Skipped phase1 of Reference Processing due to unavailable references
[2648.869s][debug][gc,ref       ] GC(841) Skipped phase2 of Reference Processing due to unavailable references
[2648.869s][debug][gc,ref       ] GC(841) Skipped phase3 of Reference Processing due to unavailable references
[2648.869s][debug][gc,ref       ] GC(841) Skipped phase4 of Reference Processing due to unavailable references
[2648.869s][debug][gc,age       ] GC(841) Desired survivor size 15368192 bytes, new threshold 6 (max threshold 6)
[2648.869s][info ][gc,heap      ] GC(841) ParNew: 242049K->1597K(270336K)
[2648.869s][info ][gc,heap      ] GC(841) CMS: 357563K->357920K(600768K)
[2648.869s][info ][gc,metaspace ] GC(841) Metaspace: 57727K->57727K(1101824K)
[2648.869s][info ][gc           ] GC(841) Pause Young (Allocation Failure) 585M->351M(850M) 3.065ms
[2648.870s][info ][gc,cpu       ] GC(841) User=0.01s Sys=0.00s Real=0.00s
[2648.870s][info ][safepoint    ] Leaving safepoint region
[2648.870s][info ][safepoint    ] Total time for which application threads were stopped: 0.0032509 seconds, Stopping threads took: 0.0000567 seconds
[2651.870s][info ][safepoint    ] Application time: 3.0002721 seconds
[2651.870s][info ][safepoint    ] Entering safepoint region: Cleanup
[2651.870s][info ][safepoint    ] Leaving safepoint region
[2651.870s][info ][safepoint    ] Total time for which application threads were stopped: 0.0001582 seconds, Stopping threads took: 0.0000776 seconds
[2652.422s][info ][safepoint    ] Application time: 0.5518161 seconds
[2652.422s][info ][safepoint    ] Entering safepoint region: GenCollectForAllocation
[2652.422s][info ][gc,start     ] GC(842) Pause Young (Allocation Failure)
[2652.422s][info ][gc,task      ] GC(842) Using 4 workers of 4 for evacuation
[2652.425s][debug][gc,ref       ] GC(842) Skipped phase1 of Reference Processing due to unavailable references
[2652.425s][debug][gc,ref       ] GC(842) Skipped phase2 of Reference Processing due to unavailable references
[2652.425s][debug][gc,ref       ] GC(842) Skipped phase3 of Reference Processing due to unavailable references
[2652.425s][debug][gc,ref       ] GC(842) Skipped phase4 of Reference Processing due to unavailable references
[2652.425s][debug][gc,age       ] GC(842) Desired survivor size 15368192 bytes, new threshold 6 (max threshold 6)
[2652.425s][info ][gc,heap      ] GC(842) ParNew: 241917K->1880K(270336K)
[2652.425s][info ][gc,heap      ] GC(842) CMS: 357920K->358021K(600768K)
[2652.425s][info ][gc,metaspace ] GC(842) Metaspace: 57727K->57727K(1101824K)
[2652.425s][info ][gc           ] GC(842) Pause Young (Allocation Failure) 585M->351M(850M) 3.060ms
[2652.425s][info ][gc,cpu       ] GC(842) User=0.01s Sys=0.00s Real=0.00s
[2652.425s][info ][safepoint    ] Leaving safepoint region
[2652.425s][info ][safepoint    ] Total time for which application threads were stopped: 0.0032159 seconds, Stopping threads took: 0.0000162 seconds
[2655.874s][info ][safepoint    ] Application time: 3.4492111 seconds
[2655.874s][info ][safepoint    ] Entering safepoint region: GenCollectForAllocation
[2655.874s][info ][gc,start     ] GC(843) Pause Young (Allocation Failure)
[2655.874s][info ][gc,task      ] GC(843) Using 4 workers of 4 for evacuation
[2655.878s][debug][gc,ref       ] GC(843) Skipped phase1 of Reference Processing due to unavailable references
[2655.878s][debug][gc,ref       ] GC(843) Skipped phase2 of Reference Processing due to unavailable references
[2655.878s][debug][gc,ref       ] GC(843) Skipped phase3 of Reference Processing due to unavailable references
[2655.878s][debug][gc,ref       ] GC(843) Skipped phase4 of Reference Processing due to unavailable references
[2655.878s][debug][gc,age       ] GC(843) Desired survivor size 15368192 bytes, new threshold 6 (max threshold 6)
[2655.878s][info ][gc,heap      ] GC(843) ParNew: 242200K->1948K(270336K)
[2655.878s][info ][gc,heap      ] GC(843) CMS: 358021K->358063K(600768K)
[2655.878s][info ][gc,metaspace ] GC(843) Metaspace: 57727K->57727K(1101824K)
[2655.878s][info ][gc           ] GC(843) Pause Young (Allocation Failure) 586M->351M(850M) 3.405ms
[2655.878s][info ][gc,cpu       ] GC(843) User=0.01s Sys=0.00s Real=0.00s
[2655.878s][info ][safepoint    ] Leaving safepoint region
[2655.878s][info ][safepoint    ] Total time for which application threads were stopped: 0.0036313 seconds, Stopping threads took: 0.0000162 seconds
[2659.469s][info ][safepoint    ] Application time: 3.5906738 seconds
[2659.469s][info ][safepoint    ] Entering safepoint region: GenCollectForAllocation
[2659.469s][info ][gc,start     ] GC(844) Pause Young (Allocation Failure)
[2659.469s][info ][gc,task      ] GC(844) Using 4 workers of 4 for evacuation
[2659.472s][debug][gc,ref       ] GC(844) Skipped phase1 of Reference Processing due to unavailable references
[2659.472s][debug][gc,ref       ] GC(844) Skipped phase2 of Reference Processing due to unavailable references
[2659.472s][debug][gc,ref       ] GC(844) Skipped phase3 of Reference Processing due to unavailable references
[2659.472s][debug][gc,ref       ] GC(844) Skipped phase4 of Reference Processing due to unavailable references
[2659.472s][debug][gc,age       ] GC(844) Desired survivor size 15368192 bytes, new threshold 6 (max threshold 6)
[2659.472s][info ][gc,heap      ] GC(844) ParNew: 242268K->1904K(270336K)
[2659.472s][info ][gc,heap      ] GC(844) CMS: 358063K->358173K(600768K)
[2659.472s][info ][gc,metaspace ] GC(844) Metaspace: 57727K->57727K(1101824K)
[2659.472s][info ][gc           ] GC(844) Pause Young (Allocation Failure) 586M->351M(850M) 3.077ms
[2659.472s][info ][gc,cpu       ] GC(844) User=0.01s Sys=0.00s Real=0.00s
[2659.472s][info ][safepoint    ] Leaving safepoint region
[2659.472s][info ][safepoint    ] Total time for which application threads were stopped: 0.0032318 seconds, Stopping threads took: 0.0000265 seconds
[2662.472s][info ][safepoint    ] Application time: 3.0002458 seconds
[2662.472s][info ][safepoint    ] Entering safepoint region: Cleanup
[2662.472s][info ][safepoint    ] Leaving safepoint region
[2662.472s][info ][safepoint    ] Total time for which application threads were stopped: 0.0001567 seconds, Stopping threads took: 0.0000809 seconds
[2663.071s][info ][safepoint    ] Application time: 0.5987622 seconds
[2663.071s][info ][safepoint    ] Entering safepoint region: GenCollectForAllocation
[2663.071s][info ][gc,start     ] GC(845) Pause Young (Allocation Failure)
[2663.071s][info ][gc,task      ] GC(845) Using 4 workers of 4 for evacuation
[2663.074s][debug][gc,ref       ] GC(845) Skipped phase1 of Reference Processing due to unavailable references
[2663.074s][debug][gc,ref       ] GC(845) Skipped phase2 of Reference Processing due to unavailable references
[2663.074s][debug][gc,ref       ] GC(845) Skipped phase3 of Reference Processing due to unavailable references
[2663.074s][debug][gc,ref       ] GC(845) Skipped phase4 of Reference Processing due to unavailable references
[2663.074s][debug][gc,age       ] GC(845) Desired survivor size 15368192 bytes, new threshold 6 (max threshold 6)
[2663.074s][info ][gc,heap      ] GC(845) ParNew: 242224K->2304K(270336K)
[2663.074s][info ][gc,heap      ] GC(845) CMS: 358173K->358285K(600768K)
[2663.074s][info ][gc,metaspace ] GC(845) Metaspace: 57727K->57727K(1101824K)
[2663.075s][info ][gc           ] GC(845) Pause Young (Allocation Failure) 586M->352M(850M) 3.236ms
[2663.075s][info ][gc,cpu       ] GC(845) User=0.02s Sys=0.00s Real=0.01s
[2663.075s][info ][safepoint    ] Leaving safepoint region
[2663.075s][info ][safepoint    ] Total time for which application threads were stopped: 0.0033828 seconds, Stopping threads took: 0.0000153 seconds
[2666.771s][info ][safepoint    ] Application time: 3.6965942 seconds
[2666.771s][info ][safepoint    ] Entering safepoint region: GenCollectForAllocation
[2666.771s][info ][gc,start     ] GC(846) Pause Young (Allocation Failure)
[2666.771s][info ][gc,task      ] GC(846) Using 4 workers of 4 for evacuation
[2666.781s][debug][gc,ref       ] GC(846) Skipped phase1 of Reference Processing due to unavailable references
[2666.781s][debug][gc,ref       ] GC(846) Skipped phase2 of Reference Processing due to unavailable references
[2666.781s][debug][gc,ref       ] GC(846) Skipped phase3 of Reference Processing due to unavailable references
[2666.781s][debug][gc,ref       ] GC(846) Skipped phase4 of Reference Processing due to unavailable references
[2666.781s][debug][gc,age       ] GC(846) Desired survivor size 15368192 bytes, new threshold 6 (max threshold 6)
[2666.781s][info ][gc,heap      ] GC(846) ParNew: 242624K->1907K(270336K)
[2666.781s][info ][gc,heap      ] GC(846) CMS: 358285K->358534K(600768K)
[2666.781s][info ][gc,metaspace ] GC(846) Metaspace: 57727K->57727K(1101824K)
[2666.781s][info ][gc           ] GC(846) Pause Young (Allocation Failure) 586M->351M(850M) 9.614ms
[2666.781s][info ][gc,cpu       ] GC(846) User=0.01s Sys=0.00s Real=0.01s
[2666.781s][info ][safepoint    ] Leaving safepoint region
[2666.781s][info ][safepoint    ] Total time for which application threads were stopped: 0.0098629 seconds, Stopping threads took: 0.0000150 seconds
[2668.781s][info ][safepoint    ] Application time: 2.0001709 seconds
[2668.781s][info ][safepoint    ] Entering safepoint region: Cleanup
[2668.781s][info ][safepoint    ] Leaving safepoint region
[2668.781s][info ][safepoint    ] Total time for which application threads were stopped: 0.0001019 seconds, Stopping threads took: 0.0000289 seconds
[2669.781s][info ][safepoint    ] Application time: 1.0001095 seconds
[2669.782s][info ][safepoint    ] Entering safepoint region: Cleanup
[2669.782s][info ][safepoint    ] Leaving safepoint region
[2669.782s][info ][safepoint    ] Total time for which application threads were stopped: 0.0000797 seconds, Stopping threads took: 0.0000165 seconds
[2670.517s][info ][safepoint    ] Application time: 0.7351036 seconds
[2670.517s][info ][safepoint    ] Entering safepoint region: GenCollectForAllocation
[2670.517s][info ][gc,start     ] GC(847) Pause Young (Allocation Failure)
[2670.517s][info ][gc,task      ] GC(847) Using 4 workers of 4 for evacuation
[2670.520s][debug][gc,ref       ] GC(847) Skipped phase1 of Reference Processing due to unavailable references
[2670.520s][debug][gc,ref       ] GC(847) Skipped phase2 of Reference Processing due to unavailable references
[2670.520s][debug][gc,ref       ] GC(847) Skipped phase3 of Reference Processing due to unavailable references
[2670.520s][debug][gc,ref       ] GC(847) Skipped phase4 of Reference Processing due to unavailable references
[2670.520s][debug][gc,age       ] GC(847) Desired survivor size 15368192 bytes, new threshold 6 (max threshold 6)
[2670.520s][info ][gc,heap      ] GC(847) ParNew: 242227K->2137K(270336K)
[2670.520s][info ][gc,heap      ] GC(847) CMS: 358534K->358612K(600768K)
[2670.520s][info ][gc,metaspace ] GC(847) Metaspace: 57727K->57727K(1101824K)
[2670.520s][info ][gc           ] GC(847) Pause Young (Allocation Failure) 586M->352M(850M) 3.007ms
[2670.520s][info ][gc,cpu       ] GC(847) User=0.02s Sys=0.00s Real=0.00s
[2670.520s][info ][safepoint    ] Leaving safepoint region
[2670.520s][info ][safepoint    ] Total time for which application threads were stopped: 0.0031704 seconds, Stopping threads took: 0.0000152 seconds
[2674.323s][info ][safepoint    ] Application time: 3.8033024 seconds
[2674.323s][info ][safepoint    ] Entering safepoint region: GenCollectForAllocation
[2674.323s][info ][gc,start     ] GC(848) Pause Young (Allocation Failure)
[2674.323s][info ][gc,task      ] GC(848) Using 4 workers of 4 for evacuation
[2674.327s][debug][gc,ref       ] GC(848) Skipped phase1 of Reference Processing due to unavailable references
[2674.327s][debug][gc,ref       ] GC(848) Skipped phase2 of Reference Processing due to unavailable references
[2674.327s][debug][gc,ref       ] GC(848) Skipped phase3 of Reference Processing due to unavailable references
[2674.327s][debug][gc,ref       ] GC(848) Skipped phase4 of Reference Processing due to unavailable references
[2674.327s][debug][gc,age       ] GC(848) Desired survivor size 15368192 bytes, new threshold 6 (max threshold 6)
[2674.327s][info ][gc,heap      ] GC(848) ParNew: 242457K->1786K(270336K)
[2674.327s][info ][gc,heap      ] GC(848) CMS: 358612K->358893K(600768K)
[2674.327s][info ][gc,metaspace ] GC(848) Metaspace: 57728K->57728K(1101824K)
[2674.327s][info ][gc           ] GC(848) Pause Young (Allocation Failure) 586M->352M(850M) 3.668ms
[2674.327s][info ][gc,cpu       ] GC(848) User=0.02s Sys=0.00s Real=0.01s
[2674.327s][info ][safepoint    ] Leaving safepoint region
[2674.327s][info ][safepoint    ] Total time for which application threads were stopped: 0.0038112 seconds, Stopping threads took: 0.0000146 seconds
[2677.873s][info ][safepoint    ] Application time: 3.5458660 seconds
[2677.873s][info ][safepoint    ] Entering safepoint region: GenCollectForAllocation
[2677.873s][info ][gc,start     ] GC(849) Pause Young (Allocation Failure)
[2677.873s][info ][gc,task      ] GC(849) Using 4 workers of 4 for evacuation
[2677.876s][debug][gc,ref       ] GC(849) Skipped phase1 of Reference Processing due to unavailable references
[2677.876s][debug][gc,ref       ] GC(849) Skipped phase2 of Reference Processing due to unavailable references
[2677.876s][debug][gc,ref       ] GC(849) Skipped phase3 of Reference Processing due to unavailable references
[2677.876s][debug][gc,ref       ] GC(849) Skipped phase4 of Reference Processing due to unavailable references
[2677.876s][debug][gc,age       ] GC(849) Desired survivor size 15368192 bytes, new threshold 6 (max threshold 6)
[2677.876s][info ][gc,heap      ] GC(849) ParNew: 242106K->1297K(270336K)
[2677.876s][info ][gc,heap      ] GC(849) CMS: 358893K->359274K(600768K)
[2677.876s][info ][gc,metaspace ] GC(849) Metaspace: 57728K->57728K(1101824K)
[2677.876s][info ][gc           ] GC(849) Pause Young (Allocation Failure) 586M->352M(850M) 2.985ms
[2677.876s][info ][gc,cpu       ] GC(849) User=0.01s Sys=0.00s Real=0.01s
[2677.876s][info ][safepoint    ] Leaving safepoint region
[2677.876s][info ][safepoint    ] Total time for which application threads were stopped: 0.0031777 seconds, Stopping threads took: 0.0000608 seconds
[2681.467s][info ][safepoint    ] Application time: 3.5911559 seconds
[2681.467s][info ][safepoint    ] Entering safepoint region: GenCollectForAllocation
[2681.467s][info ][gc,start     ] GC(850) Pause Young (Allocation Failure)
[2681.467s][info ][gc,task      ] GC(850) Using 4 workers of 4 for evacuation
[2681.475s][debug][gc,ref       ] GC(850) Skipped phase1 of Reference Processing due to unavailable references
[2681.475s][debug][gc,ref       ] GC(850) Skipped phase2 of Reference Processing due to unavailable references
[2681.475s][debug][gc,ref       ] GC(850) Skipped phase3 of Reference Processing due to unavailable references
[2681.475s][debug][gc,ref       ] GC(850) Skipped phase4 of Reference Processing due to unavailable references
[2681.475s][debug][gc,age       ] GC(850) Desired survivor size 15368192 bytes, new threshold 6 (max threshold 6)
[2681.475s][info ][gc,heap      ] GC(850) ParNew: 241617K->1194K(270336K)
[2681.475s][info ][gc,heap      ] GC(850) CMS: 359274K->359414K(600768K)
[2681.475s][info ][gc,metaspace ] GC(850) Metaspace: 57728K->57728K(1101824K)
[2681.475s][info ][gc           ] GC(850) Pause Young (Allocation Failure) 586M->352M(850M) 7.993ms
[2681.475s][info ][gc,cpu       ] GC(850) User=0.02s Sys=0.00s Real=0.01s
[2681.475s][info ][safepoint    ] Leaving safepoint region
[2681.475s][info ][safepoint    ] Total time for which application threads were stopped: 0.0081401 seconds, Stopping threads took: 0.0000140 seconds
[2684.966s][info ][safepoint    ] Application time: 3.4901743 seconds
[2684.966s][info ][safepoint    ] Entering safepoint region: GenCollectForAllocation
[2684.966s][info ][gc,start     ] GC(851) Pause Young (Allocation Failure)
[2684.966s][info ][gc,task      ] GC(851) Using 4 workers of 4 for evacuation
[2684.969s][debug][gc,ref       ] GC(851) Skipped phase1 of Reference Processing due to unavailable references
[2684.969s][debug][gc,ref       ] GC(851) Skipped phase2 of Reference Processing due to unavailable references
[2684.969s][debug][gc,ref       ] GC(851) Skipped phase3 of Reference Processing due to unavailable references
[2684.969s][debug][gc,ref       ] GC(851) Skipped phase4 of Reference Processing due to unavailable references
[2684.969s][debug][gc,age       ] GC(851) Desired survivor size 15368192 bytes, new threshold 6 (max threshold 6)
[2684.969s][info ][gc,heap      ] GC(851) ParNew: 241514K->1773K(270336K)
[2684.969s][info ][gc,heap      ] GC(851) CMS: 359414K->359473K(600768K)
[2684.969s][info ][gc,metaspace ] GC(851) Metaspace: 57728K->57728K(1101824K)
[2684.969s][info ][gc           ] GC(851) Pause Young (Allocation Failure) 586M->352M(850M) 3.058ms
[2684.969s][info ][gc,cpu       ] GC(851) User=0.01s Sys=0.00s Real=0.01s
[2684.969s][info ][safepoint    ] Leaving safepoint region
[2684.969s][info ][safepoint    ] Total time for which application threads were stopped: 0.0032437 seconds, Stopping threads took: 0.0000594 seconds
[2688.269s][info ][safepoint    ] Application time: 3.3002971 seconds
[2688.269s][info ][safepoint    ] Entering safepoint region: GenCollectForAllocation
[2688.269s][info ][gc,start     ] GC(852) Pause Young (Allocation Failure)
[2688.269s][info ][gc,task      ] GC(852) Using 4 workers of 4 for evacuation
[2688.272s][debug][gc,ref       ] GC(852) Skipped phase1 of Reference Processing due to unavailable references
[2688.272s][debug][gc,ref       ] GC(852) Skipped phase2 of Reference Processing due to unavailable references
[2688.272s][debug][gc,ref       ] GC(852) Skipped phase3 of Reference Processing due to unavailable references
[2688.272s][debug][gc,ref       ] GC(852) Skipped phase4 of Reference Processing due to unavailable references
[2688.272s][debug][gc,age       ] GC(852) Desired survivor size 15368192 bytes, new threshold 6 (max threshold 6)
[2688.273s][info ][gc,heap      ] GC(852) ParNew: 242093K->2494K(270336K)
[2688.273s][info ][gc,heap      ] GC(852) CMS: 359473K->359502K(600768K)
[2688.273s][info ][gc,metaspace ] GC(852) Metaspace: 57728K->57728K(1101824K)
[2688.273s][info ][gc           ] GC(852) Pause Young (Allocation Failure) 587M->353M(850M) 3.175ms
[2688.273s][info ][gc,cpu       ] GC(852) User=0.01s Sys=0.00s Real=0.00s
[2688.273s][info ][safepoint    ] Leaving safepoint region
[2688.273s][info ][safepoint    ] Total time for which application threads were stopped: 0.0033198 seconds, Stopping threads took: 0.0000142 seconds
[2691.717s][info ][safepoint    ] Application time: 3.4442739 seconds
[2691.717s][info ][safepoint    ] Entering safepoint region: GenCollectForAllocation
[2691.717s][info ][gc,start     ] GC(853) Pause Young (Allocation Failure)
[2691.717s][info ][gc,task      ] GC(853) Using 4 workers of 4 for evacuation
[2691.720s][debug][gc,ref       ] GC(853) Skipped phase1 of Reference Processing due to unavailable references
[2691.720s][debug][gc,ref       ] GC(853) Skipped phase2 of Reference Processing due to unavailable references
[2691.720s][debug][gc,ref       ] GC(853) Skipped phase3 of Reference Processing due to unavailable references
[2691.720s][debug][gc,ref       ] GC(853) Skipped phase4 of Reference Processing due to unavailable references
[2691.720s][debug][gc,age       ] GC(853) Desired survivor size 15368192 bytes, new threshold 6 (max threshold 6)
[2691.720s][info ][gc,heap      ] GC(853) ParNew: 242814K->2303K(270336K)
[2691.720s][info ][gc,heap      ] GC(853) CMS: 359502K->359574K(600768K)
[2691.720s][info ][gc,metaspace ] GC(853) Metaspace: 57728K->57728K(1101824K)
[2691.720s][info ][gc           ] GC(853) Pause Young (Allocation Failure) 588M->353M(850M) 3.114ms
[2691.720s][info ][gc,cpu       ] GC(853) User=0.01s Sys=0.00s Real=0.00s
[2691.720s][info ][safepoint    ] Leaving safepoint region
[2691.720s][info ][safepoint    ] Total time for which application threads were stopped: 0.0032727 seconds, Stopping threads took: 0.0000163 seconds
[2695.122s][info ][safepoint    ] Application time: 3.4015582 seconds
[2695.122s][info ][safepoint    ] Entering safepoint region: GenCollectForAllocation
[2695.122s][info ][gc,start     ] GC(854) Pause Young (Allocation Failure)
[2695.122s][info ][gc,task      ] GC(854) Using 4 workers of 4 for evacuation
[2695.125s][debug][gc,ref       ] GC(854) Skipped phase1 of Reference Processing due to unavailable references
[2695.125s][debug][gc,ref       ] GC(854) Skipped phase2 of Reference Processing due to unavailable references
[2695.125s][debug][gc,ref       ] GC(854) Skipped phase3 of Reference Processing due to unavailable references
[2695.125s][debug][gc,ref       ] GC(854) Skipped phase4 of Reference Processing due to unavailable references
[2695.125s][debug][gc,age       ] GC(854) Desired survivor size 15368192 bytes, new threshold 6 (max threshold 6)
[2695.125s][info ][gc,heap      ] GC(854) ParNew: 242623K->2882K(270336K)
[2695.125s][info ][gc,heap      ] GC(854) CMS: 359574K->359587K(600768K)
[2695.125s][info ][gc,metaspace ] GC(854) Metaspace: 57728K->57728K(1101824K)
[2695.125s][info ][gc           ] GC(854) Pause Young (Allocation Failure) 588M->353M(850M) 3.013ms
[2695.125s][info ][gc,cpu       ] GC(854) User=0.01s Sys=0.00s Real=0.00s
[2695.125s][info ][safepoint    ] Leaving safepoint region
[2695.125s][info ][safepoint    ] Total time for which application threads were stopped: 0.0031828 seconds, Stopping threads took: 0.0000171 seconds
[2698.774s][info ][safepoint    ] Application time: 3.6487262 seconds
[2698.774s][info ][safepoint    ] Entering safepoint region: GenCollectForAllocation
[2698.774s][info ][gc,start     ] GC(855) Pause Young (Allocation Failure)
[2698.774s][info ][gc,task      ] GC(855) Using 4 workers of 4 for evacuation
[2698.777s][debug][gc,ref       ] GC(855) Skipped phase1 of Reference Processing due to unavailable references
[2698.777s][debug][gc,ref       ] GC(855) Skipped phase2 of Reference Processing due to unavailable references
[2698.777s][debug][gc,ref       ] GC(855) Skipped phase3 of Reference Processing due to unavailable references
[2698.777s][debug][gc,ref       ] GC(855) Skipped phase4 of Reference Processing due to unavailable references
[2698.777s][debug][gc,age       ] GC(855) Desired survivor size 15368192 bytes, new threshold 6 (max threshold 6)
[2698.777s][info ][gc,heap      ] GC(855) ParNew: 243202K->2745K(270336K)
[2698.777s][info ][gc,heap      ] GC(855) CMS: 359587K->359689K(600768K)
[2698.777s][info ][gc,metaspace ] GC(855) Metaspace: 57728K->57728K(1101824K)
[2698.777s][info ][gc           ] GC(855) Pause Young (Allocation Failure) 588M->353M(850M) 3.048ms
[2698.777s][info ][gc,cpu       ] GC(855) User=0.01s Sys=0.00s Real=0.01s
[2698.777s][info ][safepoint    ] Leaving safepoint region
[2698.777s][info ][safepoint    ] Total time for which application threads were stopped: 0.0031861 seconds, Stopping threads took: 0.0000158 seconds
[2702.423s][info ][safepoint    ] Application time: 3.6463487 seconds
[2702.423s][info ][safepoint    ] Entering safepoint region: GenCollectForAllocation
[2702.423s][info ][gc,start     ] GC(856) Pause Young (Allocation Failure)
[2702.423s][info ][gc,task      ] GC(856) Using 4 workers of 4 for evacuation
[2702.426s][debug][gc,ref       ] GC(856) Skipped phase1 of Reference Processing due to unavailable references
[2702.426s][debug][gc,ref       ] GC(856) Skipped phase2 of Reference Processing due to unavailable references
[2702.426s][debug][gc,ref       ] GC(856) Skipped phase3 of Reference Processing due to unavailable references
[2702.426s][debug][gc,ref       ] GC(856) Skipped phase4 of Reference Processing due to unavailable references
[2702.427s][debug][gc,age       ] GC(856) Desired survivor size 15368192 bytes, new threshold 6 (max threshold 6)
[2702.427s][info ][gc,heap      ] GC(856) ParNew: 243065K->2693K(270336K)
[2702.427s][info ][gc,heap      ] GC(856) CMS: 359689K->359817K(600768K)
[2702.427s][info ][gc,metaspace ] GC(856) Metaspace: 57728K->57728K(1101824K)
[2702.427s][info ][gc           ] GC(856) Pause Young (Allocation Failure) 588M->354M(850M) 3.153ms
[2702.427s][info ][gc,cpu       ] GC(856) User=0.01s Sys=0.00s Real=0.01s
[2702.427s][info ][safepoint    ] Leaving safepoint region
[2702.427s][info ][safepoint    ] Total time for which application threads were stopped: 0.0032908 seconds, Stopping threads took: 0.0000146 seconds
[2706.169s][info ][safepoint    ] Application time: 3.7423025 seconds
[2706.169s][info ][safepoint    ] Entering safepoint region: GenCollectForAllocation
[2706.169s][info ][gc,start     ] GC(857) Pause Young (Allocation Failure)
[2706.169s][info ][gc,task      ] GC(857) Using 4 workers of 4 for evacuation
[2706.172s][debug][gc,ref       ] GC(857) Skipped phase1 of Reference Processing due to unavailable references
[2706.172s][debug][gc,ref       ] GC(857) Skipped phase2 of Reference Processing due to unavailable references
[2706.172s][debug][gc,ref       ] GC(857) Skipped phase3 of Reference Processing due to unavailable references
[2706.172s][debug][gc,ref       ] GC(857) Skipped phase4 of Reference Processing due to unavailable references
[2706.172s][debug][gc,age       ] GC(857) Desired survivor size 15368192 bytes, new threshold 6 (max threshold 6)
[2706.172s][info ][gc,heap      ] GC(857) ParNew: 243013K->2145K(270336K)
[2706.172s][info ][gc,heap      ] GC(857) CMS: 359817K->360211K(600768K)
[2706.172s][info ][gc,metaspace ] GC(857) Metaspace: 57728K->57728K(1101824K)
[2706.172s][info ][gc           ] GC(857) Pause Young (Allocation Failure) 588M->353M(850M) 3.367ms
[2706.172s][info ][gc,cpu       ] GC(857) User=0.01s Sys=0.00s Real=0.00s
[2706.172s][info ][safepoint    ] Leaving safepoint region
[2706.172s][info ][safepoint    ] Total time for which application threads were stopped: 0.0035156 seconds, Stopping threads took: 0.0000152 seconds
[2709.872s][info ][safepoint    ] Application time: 3.6996322 seconds
[2709.872s][info ][safepoint    ] Entering safepoint region: GenCollectForAllocation
[2709.872s][info ][gc,start     ] GC(858) Pause Young (Allocation Failure)
[2709.872s][info ][gc,task      ] GC(858) Using 4 workers of 4 for evacuation
[2709.876s][debug][gc,ref       ] GC(858) Skipped phase1 of Reference Processing due to unavailable references
[2709.876s][debug][gc,ref       ] GC(858) Skipped phase2 of Reference Processing due to unavailable references
[2709.876s][debug][gc,ref       ] GC(858) Skipped phase3 of Reference Processing due to unavailable references
[2709.876s][debug][gc,ref       ] GC(858) Skipped phase4 of Reference Processing due to unavailable references
[2709.876s][debug][gc,age       ] GC(858) Desired survivor size 15368192 bytes, new threshold 6 (max threshold 6)
[2709.876s][info ][gc,heap      ] GC(858) ParNew: 242465K->1789K(270336K)
[2709.876s][info ][gc,heap      ] GC(858) CMS: 360211K->360630K(600768K)
[2709.876s][info ][gc,metaspace ] GC(858) Metaspace: 57728K->57728K(1101824K)
[2709.876s][info ][gc           ] GC(858) Pause Young (Allocation Failure) 588M->353M(850M) 3.699ms
[2709.876s][info ][gc,cpu       ] GC(858) User=0.01s Sys=0.00s Real=0.01s
[2709.876s][info ][safepoint    ] Leaving safepoint region
[2709.876s][info ][safepoint    ] Total time for which application threads were stopped: 0.0038634 seconds, Stopping threads took: 0.0000158 seconds
[2712.707s][info ][safepoint    ] Application time: 2.8311943 seconds
[2712.707s][info ][safepoint    ] Entering safepoint region: GenCollectForAllocation
[2712.707s][info ][gc,start     ] GC(859) Pause Young (Allocation Failure)
[2712.707s][info ][gc,task      ] GC(859) Using 4 workers of 4 for evacuation
[2712.714s][debug][gc,ref       ] GC(859) Skipped phase1 of Reference Processing due to unavailable references
[2712.714s][debug][gc,ref       ] GC(859) Skipped phase2 of Reference Processing due to unavailable references
[2712.714s][debug][gc,ref       ] GC(859) Skipped phase3 of Reference Processing due to unavailable references
[2712.714s][debug][gc,ref       ] GC(859) Skipped phase4 of Reference Processing due to unavailable references
[2712.714s][debug][gc,age       ] GC(859) Desired survivor size 15368192 bytes, new threshold 6 (max threshold 6)
[2712.714s][info ][gc,heap      ] GC(859) ParNew: 242109K->10490K(270336K)
[2712.714s][info ][gc,heap      ] GC(859) CMS: 360630K->360940K(600768K)
[2712.715s][info ][gc,metaspace ] GC(859) Metaspace: 57732K->57732K(1101824K)
[2712.715s][info ][gc           ] GC(859) Pause Young (Allocation Failure) 588M->362M(850M) 7.137ms
[2712.715s][info ][gc,cpu       ] GC(859) User=0.03s Sys=0.00s Real=0.01s
[2712.715s][info ][safepoint    ] Leaving safepoint region
[2712.715s][info ][safepoint    ] Total time for which application threads were stopped: 0.0073468 seconds, Stopping threads took: 0.0000611 seconds
[2715.715s][info ][safepoint    ] Application time: 3.0002552 seconds
[2715.715s][info ][safepoint    ] Entering safepoint region: Cleanup
[2715.715s][info ][safepoint    ] Leaving safepoint region
[2715.715s][info ][safepoint    ] Total time for which application threads were stopped: 0.0001413 seconds, Stopping threads took: 0.0000762 seconds
[2715.822s][info ][safepoint    ] Application time: 0.1071783 seconds
[2715.822s][info ][safepoint    ] Entering safepoint region: GenCollectForAllocation
[2715.822s][info ][gc,start     ] GC(860) Pause Young (Allocation Failure)
[2715.822s][info ][gc,task      ] GC(860) Using 4 workers of 4 for evacuation
[2715.826s][debug][gc,ref       ] GC(860) Skipped phase1 of Reference Processing due to unavailable references
[2715.826s][debug][gc,ref       ] GC(860) Skipped phase2 of Reference Processing due to unavailable references
[2715.826s][debug][gc,ref       ] GC(860) Skipped phase3 of Reference Processing due to unavailable references
[2715.826s][debug][gc,ref       ] GC(860) Skipped phase4 of Reference Processing due to unavailable references
[2715.826s][debug][gc,age       ] GC(860) Desired survivor size 15368192 bytes, new threshold 6 (max threshold 6)
[2715.826s][info ][gc,heap      ] GC(860) ParNew: 250810K->7689K(270336K)
[2715.826s][info ][gc,heap      ] GC(860) CMS: 360940K->361200K(600768K)
[2715.826s][info ][gc,metaspace ] GC(860) Metaspace: 57737K->57737K(1101824K)
[2715.826s][info ][gc           ] GC(860) Pause Young (Allocation Failure) 597M->360M(850M) 3.656ms
[2715.826s][info ][gc,cpu       ] GC(860) User=0.01s Sys=0.00s Real=0.01s
[2715.826s][info ][safepoint    ] Leaving safepoint region
[2715.826s][info ][safepoint    ] Total time for which application threads were stopped: 0.0038072 seconds, Stopping threads took: 0.0000139 seconds
[2719.284s][info ][safepoint    ] Application time: 3.4584344 seconds
[2719.285s][info ][safepoint    ] Entering safepoint region: GenCollectForAllocation
[2719.285s][info ][gc,start     ] GC(861) Pause Young (Allocation Failure)
[2719.285s][info ][gc,task      ] GC(861) Using 4 workers of 4 for evacuation
[2719.287s][debug][gc,ref       ] GC(861) Skipped phase1 of Reference Processing due to unavailable references
[2719.287s][debug][gc,ref       ] GC(861) Skipped phase2 of Reference Processing due to unavailable references
[2719.287s][debug][gc,ref       ] GC(861) Skipped phase3 of Reference Processing due to unavailable references
[2719.287s][debug][gc,ref       ] GC(861) Skipped phase4 of Reference Processing due to unavailable references
[2719.287s][debug][gc,age       ] GC(861) Desired survivor size 15368192 bytes, new threshold 6 (max threshold 6)
[2719.287s][info ][gc,heap      ] GC(861) ParNew: 248009K->2047K(270336K)
[2719.287s][info ][gc,heap      ] GC(861) CMS: 361200K->361212K(600768K)
[2719.287s][info ][gc,metaspace ] GC(861) Metaspace: 57737K->57737K(1101824K)
[2719.287s][info ][gc           ] GC(861) Pause Young (Allocation Failure) 594M->354M(850M) 2.443ms
[2719.287s][info ][gc,cpu       ] GC(861) User=0.01s Sys=0.00s Real=0.01s
[2719.287s][info ][safepoint    ] Leaving safepoint region
[2719.287s][info ][safepoint    ] Total time for which application threads were stopped: 0.0025898 seconds, Stopping threads took: 0.0000153 seconds
[2722.871s][info ][safepoint    ] Application time: 3.5843978 seconds
[2722.872s][info ][safepoint    ] Entering safepoint region: GenCollectForAllocation
[2722.872s][info ][gc,start     ] GC(862) Pause Young (Allocation Failure)
[2722.872s][info ][gc,task      ] GC(862) Using 4 workers of 4 for evacuation
[2722.874s][debug][gc,ref       ] GC(862) Skipped phase1 of Reference Processing due to unavailable references
[2722.874s][debug][gc,ref       ] GC(862) Skipped phase2 of Reference Processing due to unavailable references
[2722.874s][debug][gc,ref       ] GC(862) Skipped phase3 of Reference Processing due to unavailable references
[2722.874s][debug][gc,ref       ] GC(862) Skipped phase4 of Reference Processing due to unavailable references
[2722.874s][debug][gc,age       ] GC(862) Desired survivor size 15368192 bytes, new threshold 6 (max threshold 6)
[2722.874s][info ][gc,heap      ] GC(862) ParNew: 242367K->1202K(270336K)
[2722.874s][info ][gc,heap      ] GC(862) CMS: 361212K->361297K(600768K)
[2722.874s][info ][gc,metaspace ] GC(862) Metaspace: 57737K->57737K(1101824K)
[2722.874s][info ][gc           ] GC(862) Pause Young (Allocation Failure) 589M->354M(850M) 2.757ms
[2722.874s][info ][gc,cpu       ] GC(862) User=0.01s Sys=0.00s Real=0.01s
[2722.874s][info ][safepoint    ] Leaving safepoint region
[2722.874s][info ][safepoint    ] Total time for which application threads were stopped: 0.0029186 seconds, Stopping threads took: 0.0000147 seconds
[2726.465s][info ][safepoint    ] Application time: 3.5907742 seconds
[2726.465s][info ][safepoint    ] Entering safepoint region: GenCollectForAllocation
[2726.466s][info ][gc,start     ] GC(863) Pause Young (Allocation Failure)
[2726.466s][info ][gc,task      ] GC(863) Using 4 workers of 4 for evacuation
[2726.468s][debug][gc,ref       ] GC(863) Skipped phase1 of Reference Processing due to unavailable references
[2726.468s][debug][gc,ref       ] GC(863) Skipped phase2 of Reference Processing due to unavailable references
[2726.468s][debug][gc,ref       ] GC(863) Skipped phase3 of Reference Processing due to unavailable references
[2726.468s][debug][gc,ref       ] GC(863) Skipped phase4 of Reference Processing due to unavailable references
[2726.468s][debug][gc,age       ] GC(863) Desired survivor size 15368192 bytes, new threshold 6 (max threshold 6)
[2726.468s][info ][gc,heap      ] GC(863) ParNew: 241522K->1106K(270336K)
[2726.469s][info ][gc,heap      ] GC(863) CMS: 361297K->361337K(600768K)
[2726.469s][info ][gc,metaspace ] GC(863) Metaspace: 57737K->57737K(1101824K)
[2726.469s][info ][gc           ] GC(863) Pause Young (Allocation Failure) 588M->353M(850M) 2.697ms
[2726.469s][info ][gc,cpu       ] GC(863) User=0.01s Sys=0.00s Real=0.01s
[2726.469s][info ][safepoint    ] Leaving safepoint region
[2726.469s][info ][safepoint    ] Total time for which application threads were stopped: 0.0033191 seconds, Stopping threads took: 0.0000665 seconds
[2729.469s][info ][safepoint    ] Application time: 3.0001951 seconds
[2729.469s][info ][safepoint    ] Entering safepoint region: Cleanup
[2729.469s][info ][safepoint    ] Leaving safepoint region
[2729.469s][info ][safepoint    ] Total time for which application threads were stopped: 0.0001133 seconds, Stopping threads took: 0.0000501 seconds
[2730.027s][info ][safepoint    ] Application time: 0.5578108 seconds
[2730.027s][info ][safepoint    ] Entering safepoint region: GenCollectForAllocation
[2730.027s][info ][gc,start     ] GC(864) Pause Young (Allocation Failure)
[2730.027s][info ][gc,task      ] GC(864) Using 4 workers of 4 for evacuation
[2730.030s][debug][gc,ref       ] GC(864) Skipped phase1 of Reference Processing due to unavailable references
[2730.030s][debug][gc,ref       ] GC(864) Skipped phase2 of Reference Processing due to unavailable references
[2730.030s][debug][gc,ref       ] GC(864) Skipped phase3 of Reference Processing due to unavailable references
[2730.030s][debug][gc,ref       ] GC(864) Skipped phase4 of Reference Processing due to unavailable references
[2730.030s][debug][gc,age       ] GC(864) Desired survivor size 15368192 bytes, new threshold 6 (max threshold 6)
[2730.030s][info ][gc,heap      ] GC(864) ParNew: 241426K->1167K(270336K)
[2730.030s][info ][gc,heap      ] GC(864) CMS: 361337K->361469K(600768K)
[2730.030s][info ][gc,metaspace ] GC(864) Metaspace: 57737K->57737K(1101824K)
[2730.030s][info ][gc           ] GC(864) Pause Young (Allocation Failure) 588M->354M(850M) 2.823ms
[2730.030s][info ][gc,cpu       ] GC(864) User=0.01s Sys=0.00s Real=0.00s
[2730.030s][info ][safepoint    ] Leaving safepoint region
[2730.030s][info ][safepoint    ] Total time for which application threads were stopped: 0.0030262 seconds, Stopping threads took: 0.0000649 seconds
[2733.030s][info ][safepoint    ] Application time: 3.0002545 seconds
[2733.030s][info ][safepoint    ] Entering safepoint region: Cleanup
[2733.030s][info ][safepoint    ] Leaving safepoint region
[2733.030s][info ][safepoint    ] Total time for which application threads were stopped: 0.0000773 seconds, Stopping threads took: 0.0000161 seconds
[2733.565s][info ][safepoint    ] Application time: 0.5350924 seconds
[2733.565s][info ][safepoint    ] Entering safepoint region: GenCollectForAllocation
[2733.565s][info ][gc,start     ] GC(865) Pause Young (Allocation Failure)
[2733.565s][info ][gc,task      ] GC(865) Using 4 workers of 4 for evacuation
[2733.570s][debug][gc,ref       ] GC(865) Skipped phase1 of Reference Processing due to unavailable references
[2733.570s][debug][gc,ref       ] GC(865) Skipped phase2 of Reference Processing due to unavailable references
[2733.570s][debug][gc,ref       ] GC(865) Skipped phase3 of Reference Processing due to unavailable references
[2733.570s][debug][gc,ref       ] GC(865) Skipped phase4 of Reference Processing due to unavailable references
[2733.570s][debug][gc,age       ] GC(865) Desired survivor size 15368192 bytes, new threshold 6 (max threshold 6)
[2733.570s][info ][gc,heap      ] GC(865) ParNew: 241487K->1350K(270336K)
[2733.570s][info ][gc,heap      ] GC(865) CMS: 361469K->361605K(600768K)
[2733.570s][info ][gc,metaspace ] GC(865) Metaspace: 57737K->57737K(1101824K)
[2733.570s][info ][gc           ] GC(865) Pause Young (Allocation Failure) 588M->354M(850M) 4.497ms
[2733.570s][info ][gc,cpu       ] GC(865) User=0.02s Sys=0.00s Real=0.01s
[2733.570s][info ][safepoint    ] Leaving safepoint region
[2733.570s][info ][safepoint    ] Total time for which application threads were stopped: 0.0046855 seconds, Stopping threads took: 0.0000485 seconds
[2737.123s][info ][safepoint    ] Application time: 3.5526686 seconds
[2737.123s][info ][safepoint    ] Entering safepoint region: GenCollectForAllocation
[2737.123s][info ][gc,start     ] GC(866) Pause Young (Allocation Failure)
[2737.123s][info ][gc,task      ] GC(866) Using 4 workers of 4 for evacuation
[2737.126s][debug][gc,ref       ] GC(866) Skipped phase1 of Reference Processing due to unavailable references
[2737.126s][debug][gc,ref       ] GC(866) Skipped phase2 of Reference Processing due to unavailable references
[2737.126s][debug][gc,ref       ] GC(866) Skipped phase3 of Reference Processing due to unavailable references
[2737.126s][debug][gc,ref       ] GC(866) Skipped phase4 of Reference Processing due to unavailable references
[2737.126s][debug][gc,age       ] GC(866) Desired survivor size 15368192 bytes, new threshold 6 (max threshold 6)
[2737.126s][info ][gc,heap      ] GC(866) ParNew: 241670K->1284K(270336K)
[2737.126s][info ][gc,heap      ] GC(866) CMS: 361605K->361693K(600768K)
[2737.126s][info ][gc,metaspace ] GC(866) Metaspace: 57737K->57737K(1101824K)
[2737.126s][info ][gc           ] GC(866) Pause Young (Allocation Failure) 589M->354M(850M) 3.137ms
[2737.126s][info ][gc,cpu       ] GC(866) User=0.01s Sys=0.00s Real=0.01s
[2737.126s][info ][safepoint    ] Leaving safepoint region
[2737.126s][info ][safepoint    ] Total time for which application threads were stopped: 0.0032966 seconds, Stopping threads took: 0.0000292 seconds
[2740.629s][info ][safepoint    ] Application time: 3.5033505 seconds
[2740.629s][info ][safepoint    ] Entering safepoint region: GenCollectForAllocation
[2740.630s][info ][gc,start     ] GC(867) Pause Young (Allocation Failure)
[2740.630s][info ][gc,task      ] GC(867) Using 4 workers of 4 for evacuation
[2740.632s][debug][gc,ref       ] GC(867) Skipped phase1 of Reference Processing due to unavailable references
[2740.632s][debug][gc,ref       ] GC(867) Skipped phase2 of Reference Processing due to unavailable references
[2740.632s][debug][gc,ref       ] GC(867) Skipped phase3 of Reference Processing due to unavailable references
[2740.632s][debug][gc,ref       ] GC(867) Skipped phase4 of Reference Processing due to unavailable references
[2740.632s][debug][gc,age       ] GC(867) Desired survivor size 15368192 bytes, new threshold 6 (max threshold 6)
[2740.632s][info ][gc,heap      ] GC(867) ParNew: 241604K->1717K(270336K)
[2740.632s][info ][gc,heap      ] GC(867) CMS: 361693K->361746K(600768K)
[2740.632s][info ][gc,metaspace ] GC(867) Metaspace: 57737K->57737K(1101824K)
[2740.632s][info ][gc           ] GC(867) Pause Young (Allocation Failure) 589M->354M(850M) 2.903ms
[2740.632s][info ][gc,cpu       ] GC(867) User=0.01s Sys=0.00s Real=0.00s
[2740.632s][info ][safepoint    ] Leaving safepoint region
[2740.632s][info ][safepoint    ] Total time for which application threads were stopped: 0.0030760 seconds, Stopping threads took: 0.0000395 seconds
[2741.633s][info ][safepoint    ] Application time: 1.0000727 seconds
[2741.633s][info ][safepoint    ] Entering safepoint region: Cleanup
[2741.633s][info ][safepoint    ] Leaving safepoint region
[2741.633s][info ][safepoint    ] Total time for which application threads were stopped: 0.0000746 seconds, Stopping threads took: 0.0000168 seconds
[2743.633s][info ][safepoint    ] Application time: 2.0001793 seconds
[2743.633s][info ][safepoint    ] Entering safepoint region: Cleanup
[2743.633s][info ][safepoint    ] Leaving safepoint region
[2743.633s][info ][safepoint    ] Total time for which application threads were stopped: 0.0000960 seconds, Stopping threads took: 0.0000165 seconds
[2744.172s][info ][safepoint    ] Application time: 0.5386828 seconds
[2744.172s][info ][safepoint    ] Entering safepoint region: GenCollectForAllocation
[2744.172s][info ][gc,start     ] GC(868) Pause Young (Allocation Failure)
[2744.172s][info ][gc,task      ] GC(868) Using 4 workers of 4 for evacuation
[2744.174s][debug][gc,ref       ] GC(868) Skipped phase1 of Reference Processing due to unavailable references
[2744.174s][debug][gc,ref       ] GC(868) Skipped phase2 of Reference Processing due to unavailable references
[2744.174s][debug][gc,ref       ] GC(868) Skipped phase3 of Reference Processing due to unavailable references
[2744.174s][debug][gc,ref       ] GC(868) Skipped phase4 of Reference Processing due to unavailable references
[2744.174s][debug][gc,age       ] GC(868) Desired survivor size 15368192 bytes, new threshold 6 (max threshold 6)
[2744.174s][info ][gc,heap      ] GC(868) ParNew: 242037K->1500K(270336K)
[2744.174s][info ][gc,heap      ] GC(868) CMS: 361746K->361835K(600768K)
[2744.174s][info ][gc,metaspace ] GC(868) Metaspace: 57737K->57737K(1101824K)
[2744.174s][info ][gc           ] GC(868) Pause Young (Allocation Failure) 589M->354M(850M) 2.614ms
[2744.174s][info ][gc,cpu       ] GC(868) User=0.01s Sys=0.00s Real=0.01s
[2744.174s][info ][safepoint    ] Leaving safepoint region
[2744.174s][info ][safepoint    ] Total time for which application threads were stopped: 0.0027585 seconds, Stopping threads took: 0.0000150 seconds
[2747.175s][info ][safepoint    ] Application time: 3.0002835 seconds
[2747.175s][info ][safepoint    ] Entering safepoint region: Cleanup
[2747.175s][info ][safepoint    ] Leaving safepoint region
[2747.175s][info ][safepoint    ] Total time for which application threads were stopped: 0.0000910 seconds, Stopping threads took: 0.0000149 seconds
[2747.728s][info ][safepoint    ] Application time: 0.5528918 seconds
[2747.728s][info ][safepoint    ] Entering safepoint region: GenCollectForAllocation
[2747.728s][info ][gc,start     ] GC(869) Pause Young (Allocation Failure)
[2747.728s][info ][gc,task      ] GC(869) Using 4 workers of 4 for evacuation
[2747.731s][debug][gc,ref       ] GC(869) Skipped phase1 of Reference Processing due to unavailable references
[2747.731s][debug][gc,ref       ] GC(869) Skipped phase2 of Reference Processing due to unavailable references
[2747.731s][debug][gc,ref       ] GC(869) Skipped phase3 of Reference Processing due to unavailable references
[2747.731s][debug][gc,ref       ] GC(869) Skipped phase4 of Reference Processing due to unavailable references
[2747.731s][debug][gc,age       ] GC(869) Desired survivor size 15368192 bytes, new threshold 6 (max threshold 6)
[2747.731s][info ][gc,heap      ] GC(869) ParNew: 241820K->1274K(270336K)
[2747.731s][info ][gc,heap      ] GC(869) CMS: 361835K->361987K(600768K)
[2747.731s][info ][gc,metaspace ] GC(869) Metaspace: 57737K->57737K(1101824K)
[2747.731s][info ][gc           ] GC(869) Pause Young (Allocation Failure) 589M->354M(850M) 3.130ms
[2747.731s][info ][gc,cpu       ] GC(869) User=0.01s Sys=0.00s Real=0.00s
[2747.731s][info ][safepoint    ] Leaving safepoint region
[2747.731s][info ][safepoint    ] Total time for which application threads were stopped: 0.0032796 seconds, Stopping threads took: 0.0000154 seconds
[2748.731s][info ][safepoint    ] Application time: 1.0001038 seconds
[2748.731s][info ][safepoint    ] Entering safepoint region: Cleanup
[2748.731s][info ][safepoint    ] Leaving safepoint region
[2748.731s][info ][safepoint    ] Total time for which application threads were stopped: 0.0000736 seconds, Stopping threads took: 0.0000170 seconds
[2749.731s][info ][safepoint    ] Application time: 1.0000592 seconds
[2749.731s][info ][safepoint    ] Entering safepoint region: Cleanup
[2749.732s][info ][safepoint    ] Leaving safepoint region
[2749.732s][info ][safepoint    ] Total time for which application threads were stopped: 0.0000837 seconds, Stopping threads took: 0.0000167 seconds
[2750.734s][info ][safepoint    ] Application time: 1.0029311 seconds
[2750.736s][info ][safepoint    ] Entering safepoint region: Cleanup
[2750.736s][info ][safepoint    ] Leaving safepoint region
[2750.736s][info ][safepoint    ] Total time for which application threads were stopped: 0.0013275 seconds, Stopping threads took: 0.0012641 seconds
[2750.977s][info ][safepoint    ] Application time: 0.2413042 seconds
[2750.977s][info ][safepoint    ] Entering safepoint region: GenCollectForAllocation
[2750.977s][info ][gc,start     ] GC(870) Pause Young (Allocation Failure)
[2750.977s][info ][gc,task      ] GC(870) Using 4 workers of 4 for evacuation
[2750.980s][debug][gc,ref       ] GC(870) Skipped phase1 of Reference Processing due to unavailable references
[2750.980s][debug][gc,ref       ] GC(870) Skipped phase2 of Reference Processing due to unavailable references
[2750.980s][debug][gc,ref       ] GC(870) Skipped phase3 of Reference Processing due to unavailable references
[2750.980s][debug][gc,ref       ] GC(870) Skipped phase4 of Reference Processing due to unavailable references
[2750.980s][debug][gc,age       ] GC(870) Desired survivor size 15368192 bytes, new threshold 6 (max threshold 6)
[2750.980s][info ][gc,heap      ] GC(870) ParNew: 241594K->1764K(270336K)
[2750.980s][info ][gc,heap      ] GC(870) CMS: 361987K->362009K(600768K)
[2750.980s][info ][gc,metaspace ] GC(870) Metaspace: 57737K->57737K(1101824K)
[2750.980s][info ][gc           ] GC(870) Pause Young (Allocation Failure) 589M->355M(850M) 2.837ms
[2750.980s][info ][gc,cpu       ] GC(870) User=0.01s Sys=0.00s Real=0.00s
[2750.980s][info ][safepoint    ] Leaving safepoint region
[2750.980s][info ][safepoint    ] Total time for which application threads were stopped: 0.0030186 seconds, Stopping threads took: 0.0000489 seconds
[2751.980s][info ][safepoint    ] Application time: 1.0001132 seconds
[2751.980s][info ][safepoint    ] Entering safepoint region: Cleanup
[2751.980s][info ][safepoint    ] Leaving safepoint region
[2751.980s][info ][safepoint    ] Total time for which application threads were stopped: 0.0000706 seconds, Stopping threads took: 0.0000161 seconds
[2752.981s][info ][safepoint    ] Application time: 1.0000892 seconds
[2752.981s][info ][safepoint    ] Entering safepoint region: Cleanup
[2752.981s][info ][safepoint    ] Leaving safepoint region
[2752.981s][info ][safepoint    ] Total time for which application threads were stopped: 0.0000865 seconds, Stopping threads took: 0.0000165 seconds
[2753.981s][info ][safepoint    ] Application time: 1.0000929 seconds
[2753.981s][info ][safepoint    ] Entering safepoint region: Cleanup
[2753.981s][info ][safepoint    ] Leaving safepoint region
[2753.981s][info ][safepoint    ] Total time for which application threads were stopped: 0.0000716 seconds, Stopping threads took: 0.0000167 seconds
[2754.466s][info ][safepoint    ] Application time: 0.4855846 seconds
[2754.466s][info ][safepoint    ] Entering safepoint region: GenCollectForAllocation
[2754.467s][info ][gc,start     ] GC(871) Pause Young (Allocation Failure)
[2754.467s][info ][gc,task      ] GC(871) Using 4 workers of 4 for evacuation
[2754.473s][debug][gc,ref       ] GC(871) Skipped phase1 of Reference Processing due to unavailable references
[2754.473s][debug][gc,ref       ] GC(871) Skipped phase2 of Reference Processing due to unavailable references
[2754.473s][debug][gc,ref       ] GC(871) Skipped phase3 of Reference Processing due to unavailable references
[2754.473s][debug][gc,ref       ] GC(871) Skipped phase4 of Reference Processing due to unavailable references
[2754.473s][debug][gc,age       ] GC(871) Desired survivor size 15368192 bytes, new threshold 6 (max threshold 6)
[2754.473s][info ][gc,heap      ] GC(871) ParNew: 242084K->1517K(270336K)
[2754.473s][info ][gc,heap      ] GC(871) CMS: 362009K->362086K(600768K)
[2754.473s][info ][gc,metaspace ] GC(871) Metaspace: 57737K->57737K(1101824K)
[2754.473s][info ][gc           ] GC(871) Pause Young (Allocation Failure) 589M->355M(850M) 6.539ms
[2754.473s][info ][gc,cpu       ] GC(871) User=0.02s Sys=0.01s Real=0.00s
[2754.473s][info ][safepoint    ] Leaving safepoint region
[2754.473s][info ][safepoint    ] Total time for which application threads were stopped: 0.0067103 seconds, Stopping threads took: 0.0000153 seconds
[2755.473s][info ][safepoint    ] Application time: 1.0000711 seconds
[2755.473s][info ][safepoint    ] Entering safepoint region: Cleanup
[2755.473s][info ][safepoint    ] Leaving safepoint region
[2755.473s][info ][safepoint    ] Total time for which application threads were stopped: 0.0001385 seconds, Stopping threads took: 0.0000644 seconds
[2756.474s][info ][safepoint    ] Application time: 1.0000908 seconds
[2756.474s][info ][safepoint    ] Entering safepoint region: Cleanup
[2756.474s][info ][safepoint    ] Leaving safepoint region
[2756.474s][info ][safepoint    ] Total time for which application threads were stopped: 0.0001459 seconds, Stopping threads took: 0.0000680 seconds
[2757.474s][info ][safepoint    ] Application time: 1.0000935 seconds
[2757.474s][info ][safepoint    ] Entering safepoint region: Cleanup
[2757.474s][info ][safepoint    ] Leaving safepoint region
[2757.474s][info ][safepoint    ] Total time for which application threads were stopped: 0.0001148 seconds, Stopping threads took: 0.0000583 seconds
[2757.972s][info ][safepoint    ] Application time: 0.4980844 seconds
[2757.972s][info ][safepoint    ] Entering safepoint region: GenCollectForAllocation
[2757.972s][info ][gc,start     ] GC(872) Pause Young (Allocation Failure)
[2757.972s][info ][gc,task      ] GC(872) Using 4 workers of 4 for evacuation
[2757.975s][debug][gc,ref       ] GC(872) Skipped phase1 of Reference Processing due to unavailable references
[2757.975s][debug][gc,ref       ] GC(872) Skipped phase2 of Reference Processing due to unavailable references
[2757.975s][debug][gc,ref       ] GC(872) Skipped phase3 of Reference Processing due to unavailable references
[2757.975s][debug][gc,ref       ] GC(872) Skipped phase4 of Reference Processing due to unavailable references
[2757.975s][debug][gc,age       ] GC(872) Desired survivor size 15368192 bytes, new threshold 6 (max threshold 6)
[2757.975s][info ][gc,heap      ] GC(872) ParNew: 241837K->1359K(270336K)
[2757.975s][info ][gc,heap      ] GC(872) CMS: 362086K->362309K(600768K)
[2757.975s][info ][gc,metaspace ] GC(872) Metaspace: 57737K->57737K(1101824K)
[2757.975s][info ][gc           ] GC(872) Pause Young (Allocation Failure) 589M->355M(850M) 3.297ms
[2757.975s][info ][gc,cpu       ] GC(872) User=0.01s Sys=0.00s Real=0.01s
[2757.976s][info ][safepoint    ] Leaving safepoint region
[2757.976s][info ][safepoint    ] Total time for which application threads were stopped: 0.0034472 seconds, Stopping threads took: 0.0000161 seconds
[2758.976s][info ][safepoint    ] Application time: 1.0002104 seconds
[2758.976s][info ][safepoint    ] Entering safepoint region: Cleanup
[2758.976s][info ][safepoint    ] Leaving safepoint region
[2758.976s][info ][safepoint    ] Total time for which application threads were stopped: 0.0000698 seconds, Stopping threads took: 0.0000148 seconds
[2759.976s][info ][safepoint    ] Application time: 1.0000913 seconds
[2759.976s][info ][safepoint    ] Entering safepoint region: Cleanup
[2759.976s][info ][safepoint    ] Leaving safepoint region
[2759.976s][info ][safepoint    ] Total time for which application threads were stopped: 0.0000727 seconds, Stopping threads took: 0.0000157 seconds
[2760.976s][info ][safepoint    ] Application time: 1.0000879 seconds
[2760.976s][info ][safepoint    ] Entering safepoint region: Cleanup
[2760.976s][info ][safepoint    ] Leaving safepoint region
[2760.976s][info ][safepoint    ] Total time for which application threads were stopped: 0.0000867 seconds, Stopping threads took: 0.0000289 seconds
[2761.521s][info ][safepoint    ] Application time: 0.5442540 seconds
[2761.521s][info ][safepoint    ] Entering safepoint region: GenCollectForAllocation
[2761.521s][info ][gc,start     ] GC(873) Pause Young (Allocation Failure)
[2761.521s][info ][gc,task      ] GC(873) Using 4 workers of 4 for evacuation
[2761.523s][debug][gc,ref       ] GC(873) Skipped phase1 of Reference Processing due to unavailable references
[2761.523s][debug][gc,ref       ] GC(873) Skipped phase2 of Reference Processing due to unavailable references
[2761.523s][debug][gc,ref       ] GC(873) Skipped phase3 of Reference Processing due to unavailable references
[2761.523s][debug][gc,ref       ] GC(873) Skipped phase4 of Reference Processing due to unavailable references
[2761.523s][debug][gc,age       ] GC(873) Desired survivor size 15368192 bytes, new threshold 6 (max threshold 6)
[2761.523s][info ][gc,heap      ] GC(873) ParNew: 241679K->1291K(270336K)
[2761.523s][info ][gc,heap      ] GC(873) CMS: 362309K->362466K(600768K)
[2761.523s][info ][gc,metaspace ] GC(873) Metaspace: 57737K->57737K(1101824K)
[2761.523s][info ][gc           ] GC(873) Pause Young (Allocation Failure) 589M->355M(850M) 2.762ms
[2761.523s][info ][gc,cpu       ] GC(873) User=0.01s Sys=0.00s Real=0.00s
[2761.523s][info ][safepoint    ] Leaving safepoint region
[2761.523s][info ][safepoint    ] Total time for which application threads were stopped: 0.0028998 seconds, Stopping threads took: 0.0000149 seconds
[2762.524s][info ][safepoint    ] Application time: 1.0000532 seconds
[2762.524s][info ][safepoint    ] Entering safepoint region: Cleanup
[2762.524s][info ][safepoint    ] Leaving safepoint region
[2762.524s][info ][safepoint    ] Total time for which application threads were stopped: 0.0001382 seconds, Stopping threads took: 0.0000772 seconds
[2763.524s][info ][safepoint    ] Application time: 1.0001000 seconds
[2763.524s][info ][safepoint    ] Entering safepoint region: Cleanup
[2763.524s][info ][safepoint    ] Leaving safepoint region
[2763.524s][info ][safepoint    ] Total time for which application threads were stopped: 0.0001413 seconds, Stopping threads took: 0.0000751 seconds
[2764.524s][info ][safepoint    ] Application time: 1.0000940 seconds
[2764.524s][info ][safepoint    ] Entering safepoint region: Cleanup
[2764.524s][info ][safepoint    ] Leaving safepoint region
[2764.524s][info ][safepoint    ] Total time for which application threads were stopped: 0.0001507 seconds, Stopping threads took: 0.0000787 seconds
[2765.166s][info ][safepoint    ] Application time: 0.6421679 seconds
[2765.166s][info ][safepoint    ] Entering safepoint region: GenCollectForAllocation
[2765.167s][info ][gc,start     ] GC(874) Pause Young (Allocation Failure)
[2765.167s][info ][gc,task      ] GC(874) Using 4 workers of 4 for evacuation
[2765.169s][debug][gc,ref       ] GC(874) Skipped phase1 of Reference Processing due to unavailable references
[2765.169s][debug][gc,ref       ] GC(874) Skipped phase2 of Reference Processing due to unavailable references
[2765.169s][debug][gc,ref       ] GC(874) Skipped phase3 of Reference Processing due to unavailable references
[2765.169s][debug][gc,ref       ] GC(874) Skipped phase4 of Reference Processing due to unavailable references
[2765.169s][debug][gc,age       ] GC(874) Desired survivor size 15368192 bytes, new threshold 6 (max threshold 6)
[2765.169s][info ][gc,heap      ] GC(874) ParNew: 241611K->999K(270336K)
[2765.169s][info ][gc,heap      ] GC(874) CMS: 362466K->362527K(600768K)
[2765.169s][info ][gc,metaspace ] GC(874) Metaspace: 57737K->57737K(1101824K)
[2765.169s][info ][gc           ] GC(874) Pause Young (Allocation Failure) 589M->355M(850M) 2.407ms
[2765.169s][info ][gc,cpu       ] GC(874) User=0.01s Sys=0.00s Real=0.00s
[2765.169s][info ][safepoint    ] Leaving safepoint region
[2765.169s][info ][safepoint    ] Total time for which application threads were stopped: 0.0025729 seconds, Stopping threads took: 0.0000154 seconds
[2766.169s][info ][safepoint    ] Application time: 1.0001000 seconds
[2766.169s][info ][safepoint    ] Entering safepoint region: Cleanup
[2766.169s][info ][safepoint    ] Leaving safepoint region
[2766.169s][info ][safepoint    ] Total time for which application threads were stopped: 0.0001072 seconds, Stopping threads took: 0.0000387 seconds
[2767.169s][info ][safepoint    ] Application time: 1.0001128 seconds
[2767.169s][info ][safepoint    ] Entering safepoint region: Cleanup
[2767.170s][info ][safepoint    ] Leaving safepoint region
[2767.170s][info ][safepoint    ] Total time for which application threads were stopped: 0.0001221 seconds, Stopping threads took: 0.0000609 seconds
[2768.170s][info ][safepoint    ] Application time: 1.0001064 seconds
[2768.170s][info ][safepoint    ] Entering safepoint region: Cleanup
[2768.170s][info ][safepoint    ] Leaving safepoint region
[2768.170s][info ][safepoint    ] Total time for which application threads were stopped: 0.0000962 seconds, Stopping threads took: 0.0000366 seconds
[2768.761s][info ][safepoint    ] Application time: 0.5916037 seconds
[2768.762s][info ][safepoint    ] Entering safepoint region: GenCollectForAllocation
[2768.762s][info ][gc,start     ] GC(875) Pause Young (Allocation Failure)
[2768.762s][info ][gc,task      ] GC(875) Using 4 workers of 4 for evacuation
[2768.764s][debug][gc,ref       ] GC(875) Skipped phase1 of Reference Processing due to unavailable references
[2768.764s][debug][gc,ref       ] GC(875) Skipped phase2 of Reference Processing due to unavailable references
[2768.764s][debug][gc,ref       ] GC(875) Skipped phase3 of Reference Processing due to unavailable references
[2768.765s][debug][gc,ref       ] GC(875) Skipped phase4 of Reference Processing due to unavailable references
[2768.765s][debug][gc,age       ] GC(875) Desired survivor size 15368192 bytes, new threshold 6 (max threshold 6)
[2768.765s][info ][gc,heap      ] GC(875) ParNew: 241319K->884K(270336K)
[2768.765s][info ][gc,heap      ] GC(875) CMS: 362527K->362764K(600768K)
[2768.765s][info ][gc,metaspace ] GC(875) Metaspace: 57737K->57737K(1101824K)
[2768.765s][info ][gc           ] GC(875) Pause Young (Allocation Failure) 589M->355M(850M) 3.011ms
[2768.765s][info ][gc,cpu       ] GC(875) User=0.01s Sys=0.00s Real=0.00s
[2768.765s][info ][safepoint    ] Leaving safepoint region
[2768.765s][info ][safepoint    ] Total time for which application threads were stopped: 0.0032680 seconds, Stopping threads took: 0.0001253 seconds
[2769.765s][info ][safepoint    ] Application time: 1.0001201 seconds
[2769.765s][info ][safepoint    ] Entering safepoint region: Cleanup
[2769.765s][info ][safepoint    ] Leaving safepoint region
[2769.765s][info ][safepoint    ] Total time for which application threads were stopped: 0.0001090 seconds, Stopping threads took: 0.0000513 seconds
[2770.765s][info ][safepoint    ] Application time: 1.0001042 seconds
[2770.765s][info ][safepoint    ] Entering safepoint region: Cleanup
[2770.765s][info ][safepoint    ] Leaving safepoint region
[2770.765s][info ][safepoint    ] Total time for which application threads were stopped: 0.0001510 seconds, Stopping threads took: 0.0000785 seconds
[2771.765s][info ][safepoint    ] Application time: 1.0001659 seconds
[2771.766s][info ][safepoint    ] Entering safepoint region: Cleanup
[2771.766s][info ][safepoint    ] Leaving safepoint region
[2771.766s][info ][safepoint    ] Total time for which application threads were stopped: 0.0001326 seconds, Stopping threads took: 0.0000583 seconds
[2772.317s][info ][safepoint    ] Application time: 0.5516032 seconds
[2772.317s][info ][safepoint    ] Entering safepoint region: GenCollectForAllocation
[2772.317s][info ][gc,start     ] GC(876) Pause Young (Allocation Failure)
[2772.317s][info ][gc,task      ] GC(876) Using 4 workers of 4 for evacuation
[2772.320s][debug][gc,ref       ] GC(876) Skipped phase1 of Reference Processing due to unavailable references
[2772.320s][debug][gc,ref       ] GC(876) Skipped phase2 of Reference Processing due to unavailable references
[2772.320s][debug][gc,ref       ] GC(876) Skipped phase3 of Reference Processing due to unavailable references
[2772.320s][debug][gc,ref       ] GC(876) Skipped phase4 of Reference Processing due to unavailable references
[2772.320s][debug][gc,age       ] GC(876) Desired survivor size 15368192 bytes, new threshold 6 (max threshold 6)
[2772.320s][info ][gc,heap      ] GC(876) ParNew: 241204K->1256K(270336K)
[2772.320s][info ][gc,heap      ] GC(876) CMS: 362764K->362842K(600768K)
[2772.320s][info ][gc,metaspace ] GC(876) Metaspace: 57737K->57737K(1101824K)
[2772.320s][info ][gc           ] GC(876) Pause Young (Allocation Failure) 589M->355M(850M) 2.788ms
[2772.320s][info ][gc,cpu       ] GC(876) User=0.01s Sys=0.00s Real=0.00s
[2772.320s][info ][safepoint    ] Leaving safepoint region
[2772.320s][info ][safepoint    ] Total time for which application threads were stopped: 0.0029401 seconds, Stopping threads took: 0.0000146 seconds
[2773.320s][info ][safepoint    ] Application time: 1.0001085 seconds
[2773.320s][info ][safepoint    ] Entering safepoint region: Cleanup
[2773.320s][info ][safepoint    ] Leaving safepoint region
[2773.320s][info ][safepoint    ] Total time for which application threads were stopped: 0.0001102 seconds, Stopping threads took: 0.0000449 seconds
[2774.321s][info ][safepoint    ] Application time: 1.0000932 seconds
[2774.321s][info ][safepoint    ] Entering safepoint region: Cleanup
[2774.321s][info ][safepoint    ] Leaving safepoint region
[2774.321s][info ][safepoint    ] Total time for which application threads were stopped: 0.0001322 seconds, Stopping threads took: 0.0000763 seconds
[2775.321s][info ][safepoint    ] Application time: 1.0000765 seconds
[2775.321s][info ][safepoint    ] Entering safepoint region: Cleanup
[2775.321s][info ][safepoint    ] Leaving safepoint region
[2775.321s][info ][safepoint    ] Total time for which application threads were stopped: 0.0001249 seconds, Stopping threads took: 0.0000594 seconds
[2775.821s][info ][safepoint    ] Application time: 0.4999669 seconds
[2775.821s][info ][safepoint    ] Entering safepoint region: GenCollectForAllocation
[2775.821s][info ][gc,start     ] GC(877) Pause Young (Allocation Failure)
[2775.821s][info ][gc,task      ] GC(877) Using 4 workers of 4 for evacuation
[2775.824s][debug][gc,ref       ] GC(877) Skipped phase1 of Reference Processing due to unavailable references
[2775.824s][debug][gc,ref       ] GC(877) Skipped phase2 of Reference Processing due to unavailable references
[2775.824s][debug][gc,ref       ] GC(877) Skipped phase3 of Reference Processing due to unavailable references
[2775.824s][debug][gc,ref       ] GC(877) Skipped phase4 of Reference Processing due to unavailable references
[2775.824s][debug][gc,age       ] GC(877) Desired survivor size 15368192 bytes, new threshold 6 (max threshold 6)
[2775.824s][info ][gc,heap      ] GC(877) ParNew: 241576K->1508K(270336K)
[2775.824s][info ][gc,heap      ] GC(877) CMS: 362842K->362850K(600768K)
[2775.824s][info ][gc,metaspace ] GC(877) Metaspace: 57737K->57737K(1101824K)
[2775.824s][info ][gc           ] GC(877) Pause Young (Allocation Failure) 590M->355M(850M) 2.851ms
[2775.824s][info ][gc,cpu       ] GC(877) User=0.01s Sys=0.00s Real=0.00s
[2775.824s][info ][safepoint    ] Leaving safepoint region
[2775.824s][info ][safepoint    ] Total time for which application threads were stopped: 0.0029860 seconds, Stopping threads took: 0.0000149 seconds
[2776.824s][info ][safepoint    ] Application time: 1.0000884 seconds
[2776.824s][info ][safepoint    ] Entering safepoint region: Cleanup
[2776.824s][info ][safepoint    ] Leaving safepoint region
[2776.824s][info ][safepoint    ] Total time for which application threads were stopped: 0.0001399 seconds, Stopping threads took: 0.0000733 seconds
[2777.824s][info ][safepoint    ] Application time: 1.0000840 seconds
[2777.824s][info ][safepoint    ] Entering safepoint region: Cleanup
[2777.824s][info ][safepoint    ] Leaving safepoint region
[2777.824s][info ][safepoint    ] Total time for which application threads were stopped: 0.0000850 seconds, Stopping threads took: 0.0000148 seconds
[2778.825s][info ][safepoint    ] Application time: 1.0000880 seconds
[2778.825s][info ][safepoint    ] Entering safepoint region: Cleanup
[2778.825s][info ][safepoint    ] Leaving safepoint region
[2778.825s][info ][safepoint    ] Total time for which application threads were stopped: 0.0000870 seconds, Stopping threads took: 0.0000302 seconds
[2779.267s][info ][safepoint    ] Application time: 0.4421069 seconds
[2779.267s][info ][safepoint    ] Entering safepoint region: GenCollectForAllocation
[2779.267s][info ][gc,start     ] GC(878) Pause Young (Allocation Failure)
[2779.267s][info ][gc,task      ] GC(878) Using 4 workers of 4 for evacuation
[2779.270s][debug][gc,ref       ] GC(878) Skipped phase1 of Reference Processing due to unavailable references
[2779.270s][debug][gc,ref       ] GC(878) Skipped phase2 of Reference Processing due to unavailable references
[2779.270s][debug][gc,ref       ] GC(878) Skipped phase3 of Reference Processing due to unavailable references
[2779.270s][debug][gc,ref       ] GC(878) Skipped phase4 of Reference Processing due to unavailable references
[2779.270s][debug][gc,age       ] GC(878) Desired survivor size 15368192 bytes, new threshold 6 (max threshold 6)
[2779.270s][info ][gc,heap      ] GC(878) ParNew: 241828K->1760K(270336K)
[2779.270s][info ][gc,heap      ] GC(878) CMS: 362850K->362880K(600768K)
[2779.270s][info ][gc,metaspace ] GC(878) Metaspace: 57737K->57737K(1101824K)
[2779.270s][info ][gc           ] GC(878) Pause Young (Allocation Failure) 590M->356M(850M) 3.081ms
[2779.270s][info ][gc,cpu       ] GC(878) User=0.01s Sys=0.01s Real=0.00s
[2779.270s][info ][safepoint    ] Leaving safepoint region
[2779.270s][info ][safepoint    ] Total time for which application threads were stopped: 0.0032321 seconds, Stopping threads took: 0.0000199 seconds
[2780.270s][info ][safepoint    ] Application time: 1.0001050 seconds
[2780.270s][info ][safepoint    ] Entering safepoint region: Cleanup
[2780.270s][info ][safepoint    ] Leaving safepoint region
[2780.270s][info ][safepoint    ] Total time for which application threads were stopped: 0.0001769 seconds, Stopping threads took: 0.0001041 seconds
[2781.270s][info ][safepoint    ] Application time: 1.0001024 seconds
[2781.271s][info ][safepoint    ] Entering safepoint region: Cleanup
[2781.271s][info ][safepoint    ] Leaving safepoint region
[2781.271s][info ][safepoint    ] Total time for which application threads were stopped: 0.0001089 seconds, Stopping threads took: 0.0000486 seconds
[2782.271s][info ][safepoint    ] Application time: 1.0000758 seconds
[2782.271s][info ][safepoint    ] Entering safepoint region: Cleanup
[2782.271s][info ][safepoint    ] Leaving safepoint region
[2782.271s][info ][safepoint    ] Total time for which application threads were stopped: 0.0001316 seconds, Stopping threads took: 0.0000661 seconds
[2782.570s][info ][safepoint    ] Application time: 0.2995468 seconds
[2782.570s][info ][safepoint    ] Entering safepoint region: GenCollectForAllocation
[2782.571s][info ][gc,start     ] GC(879) Pause Young (Allocation Failure)
[2782.571s][info ][gc,task      ] GC(879) Using 4 workers of 4 for evacuation
[2782.573s][debug][gc,ref       ] GC(879) Skipped phase1 of Reference Processing due to unavailable references
[2782.573s][debug][gc,ref       ] GC(879) Skipped phase2 of Reference Processing due to unavailable references
[2782.573s][debug][gc,ref       ] GC(879) Skipped phase3 of Reference Processing due to unavailable references
[2782.573s][debug][gc,ref       ] GC(879) Skipped phase4 of Reference Processing due to unavailable references
[2782.573s][debug][gc,age       ] GC(879) Desired survivor size 15368192 bytes, new threshold 6 (max threshold 6)
[2782.573s][info ][gc,heap      ] GC(879) ParNew: 242080K->1754K(270336K)
[2782.573s][info ][gc,heap      ] GC(879) CMS: 362880K->362935K(600768K)
[2782.573s][info ][gc,metaspace ] GC(879) Metaspace: 57737K->57737K(1101824K)
[2782.574s][info ][gc           ] GC(879) Pause Young (Allocation Failure) 590M->356M(850M) 2.945ms
[2782.574s][info ][gc,cpu       ] GC(879) User=0.01s Sys=0.00s Real=0.00s
[2782.574s][info ][safepoint    ] Leaving safepoint region
[2782.574s][info ][safepoint    ] Total time for which application threads were stopped: 0.0030989 seconds, Stopping threads took: 0.0000144 seconds
[2783.574s][info ][safepoint    ] Application time: 1.0000928 seconds
[2783.574s][info ][safepoint    ] Entering safepoint region: Cleanup
[2783.574s][info ][safepoint    ] Leaving safepoint region
[2783.574s][info ][safepoint    ] Total time for which application threads were stopped: 0.0001361 seconds, Stopping threads took: 0.0000791 seconds
[2784.574s][info ][safepoint    ] Application time: 1.0000586 seconds
[2784.574s][info ][safepoint    ] Entering safepoint region: Cleanup
[2784.574s][info ][safepoint    ] Leaving safepoint region
[2784.574s][info ][safepoint    ] Total time for which application threads were stopped: 0.0001357 seconds, Stopping threads took: 0.0000719 seconds
[2785.574s][info ][safepoint    ] Application time: 1.0000981 seconds
[2785.574s][info ][safepoint    ] Entering safepoint region: Cleanup
[2785.574s][info ][safepoint    ] Leaving safepoint region
[2785.574s][info ][safepoint    ] Total time for which application threads were stopped: 0.0001260 seconds, Stopping threads took: 0.0000601 seconds
[2786.023s][info ][safepoint    ] Application time: 0.4487881 seconds
[2786.023s][info ][safepoint    ] Entering safepoint region: GenCollectForAllocation
[2786.023s][info ][gc,start     ] GC(880) Pause Young (Allocation Failure)
[2786.023s][info ][gc,task      ] GC(880) Using 4 workers of 4 for evacuation
[2786.030s][debug][gc,ref       ] GC(880) Skipped phase1 of Reference Processing due to unavailable references
[2786.030s][debug][gc,ref       ] GC(880) Skipped phase2 of Reference Processing due to unavailable references
[2786.030s][debug][gc,ref       ] GC(880) Skipped phase3 of Reference Processing due to unavailable references
[2786.030s][debug][gc,ref       ] GC(880) Skipped phase4 of Reference Processing due to unavailable references
[2786.030s][debug][gc,age       ] GC(880) Desired survivor size 15368192 bytes, new threshold 6 (max threshold 6)
[2786.030s][info ][gc,heap      ] GC(880) ParNew: 242074K->2359K(270336K)
[2786.030s][info ][gc,heap      ] GC(880) CMS: 362935K->363021K(600768K)
[2786.030s][info ][gc,metaspace ] GC(880) Metaspace: 57737K->57737K(1101824K)
[2786.030s][info ][gc           ] GC(880) Pause Young (Allocation Failure) 590M->356M(850M) 7.073ms
[2786.030s][info ][gc,cpu       ] GC(880) User=0.02s Sys=0.00s Real=0.01s
[2786.030s][info ][safepoint    ] Leaving safepoint region
[2786.030s][info ][safepoint    ] Total time for which application threads were stopped: 0.0072311 seconds, Stopping threads took: 0.0000282 seconds
[2787.030s][info ][safepoint    ] Application time: 1.0000986 seconds
[2787.031s][info ][safepoint    ] Entering safepoint region: Cleanup
[2787.031s][info ][safepoint    ] Leaving safepoint region
[2787.031s][info ][safepoint    ] Total time for which application threads were stopped: 0.0000843 seconds, Stopping threads took: 0.0000159 seconds
[2788.031s][info ][safepoint    ] Application time: 1.0000917 seconds
[2788.031s][info ][safepoint    ] Entering safepoint region: Cleanup
[2788.031s][info ][safepoint    ] Leaving safepoint region
[2788.031s][info ][safepoint    ] Total time for which application threads were stopped: 0.0000806 seconds, Stopping threads took: 0.0000156 seconds
[2789.031s][info ][safepoint    ] Application time: 1.0000928 seconds
[2789.031s][info ][safepoint    ] Entering safepoint region: Cleanup
[2789.031s][info ][safepoint    ] Leaving safepoint region
[2789.031s][info ][safepoint    ] Total time for which application threads were stopped: 0.0000941 seconds, Stopping threads took: 0.0000148 seconds
[2789.616s][info ][safepoint    ] Application time: 0.5845260 seconds
[2789.616s][info ][safepoint    ] Entering safepoint region: GenCollectForAllocation
[2789.616s][info ][gc,start     ] GC(881) Pause Young (Allocation Failure)
[2789.616s][info ][gc,task      ] GC(881) Using 4 workers of 4 for evacuation
[2789.619s][debug][gc,ref       ] GC(881) Skipped phase1 of Reference Processing due to unavailable references
[2789.619s][debug][gc,ref       ] GC(881) Skipped phase2 of Reference Processing due to unavailable references
[2789.619s][debug][gc,ref       ] GC(881) Skipped phase3 of Reference Processing due to unavailable references
[2789.619s][debug][gc,ref       ] GC(881) Skipped phase4 of Reference Processing due to unavailable references
[2789.619s][debug][gc,age       ] GC(881) Desired survivor size 15368192 bytes, new threshold 6 (max threshold 6)
[2789.619s][info ][gc,heap      ] GC(881) ParNew: 242679K->1553K(270336K)
[2789.619s][info ][gc,heap      ] GC(881) CMS: 363021K->363206K(600768K)
[2789.619s][info ][gc,metaspace ] GC(881) Metaspace: 57737K->57737K(1101824K)
[2789.619s][info ][gc           ] GC(881) Pause Young (Allocation Failure) 591M->356M(850M) 3.329ms
[2789.619s][info ][gc,cpu       ] GC(881) User=0.01s Sys=0.00s Real=0.00s
[2789.619s][info ][safepoint    ] Leaving safepoint region
[2789.619s][info ][safepoint    ] Total time for which application threads were stopped: 0.0034872 seconds, Stopping threads took: 0.0000140 seconds
[2790.619s][info ][safepoint    ] Application time: 1.0001033 seconds
[2790.619s][info ][safepoint    ] Entering safepoint region: Cleanup
[2790.619s][info ][safepoint    ] Leaving safepoint region
[2790.619s][info ][safepoint    ] Total time for which application threads were stopped: 0.0001138 seconds, Stopping threads took: 0.0000518 seconds
[2791.619s][info ][safepoint    ] Application time: 1.0000922 seconds
[2791.620s][info ][safepoint    ] Entering safepoint region: Cleanup
[2791.620s][info ][safepoint    ] Leaving safepoint region
[2791.620s][info ][safepoint    ] Total time for which application threads were stopped: 0.0002293 seconds, Stopping threads took: 0.0001647 seconds
[2792.620s][info ][safepoint    ] Application time: 1.0000896 seconds
[2792.620s][info ][safepoint    ] Entering safepoint region: Cleanup
[2792.620s][info ][safepoint    ] Leaving safepoint region
[2792.620s][info ][safepoint    ] Total time for which application threads were stopped: 0.0001495 seconds, Stopping threads took: 0.0000920 seconds
[2793.021s][info ][safepoint    ] Application time: 0.4006699 seconds
[2793.021s][info ][safepoint    ] Entering safepoint region: GenCollectForAllocation
[2793.021s][info ][gc,start     ] GC(882) Pause Young (Allocation Failure)
[2793.021s][info ][gc,task      ] GC(882) Using 4 workers of 4 for evacuation
[2793.023s][debug][gc,ref       ] GC(882) Skipped phase1 of Reference Processing due to unavailable references
[2793.023s][debug][gc,ref       ] GC(882) Skipped phase2 of Reference Processing due to unavailable references
[2793.024s][debug][gc,ref       ] GC(882) Skipped phase3 of Reference Processing due to unavailable references
[2793.024s][debug][gc,ref       ] GC(882) Skipped phase4 of Reference Processing due to unavailable references
[2793.024s][debug][gc,age       ] GC(882) Desired survivor size 15368192 bytes, new threshold 6 (max threshold 6)
[2793.024s][info ][gc,heap      ] GC(882) ParNew: 241873K->1787K(270336K)
[2793.024s][info ][gc,heap      ] GC(882) CMS: 363206K->363331K(600768K)
[2793.024s][info ][gc,metaspace ] GC(882) Metaspace: 57737K->57737K(1101824K)
[2793.024s][info ][gc           ] GC(882) Pause Young (Allocation Failure) 590M->356M(850M) 2.900ms
[2793.024s][info ][gc,cpu       ] GC(882) User=0.01s Sys=0.00s Real=0.00s
[2793.024s][info ][safepoint    ] Leaving safepoint region
[2793.024s][info ][safepoint    ] Total time for which application threads were stopped: 0.0030434 seconds, Stopping threads took: 0.0000149 seconds
[2794.024s][info ][safepoint    ] Application time: 1.0001172 seconds
[2794.024s][info ][safepoint    ] Entering safepoint region: Cleanup
[2794.024s][info ][safepoint    ] Leaving safepoint region
[2794.024s][info ][safepoint    ] Total time for which application threads were stopped: 0.0001326 seconds, Stopping threads took: 0.0000403 seconds
[2795.024s][info ][safepoint    ] Application time: 1.0000929 seconds
[2795.024s][info ][safepoint    ] Entering safepoint region: Cleanup
[2795.024s][info ][safepoint    ] Leaving safepoint region
[2795.024s][info ][safepoint    ] Total time for which application threads were stopped: 0.0000977 seconds, Stopping threads took: 0.0000145 seconds
[2796.024s][info ][safepoint    ] Application time: 1.0001077 seconds
[2796.024s][info ][safepoint    ] Entering safepoint region: Cleanup
[2796.025s][info ][safepoint    ] Leaving safepoint region
[2796.025s][info ][safepoint    ] Total time for which application threads were stopped: 0.0001293 seconds, Stopping threads took: 0.0000382 seconds
[2796.669s][info ][safepoint    ] Application time: 0.6448332 seconds
[2796.669s][info ][safepoint    ] Entering safepoint region: GenCollectForAllocation
[2796.670s][info ][gc,start     ] GC(883) Pause Young (Allocation Failure)
[2796.670s][info ][gc,task      ] GC(883) Using 4 workers of 4 for evacuation
[2796.672s][debug][gc,ref       ] GC(883) Skipped phase1 of Reference Processing due to unavailable references
[2796.672s][debug][gc,ref       ] GC(883) Skipped phase2 of Reference Processing due to unavailable references
[2796.672s][debug][gc,ref       ] GC(883) Skipped phase3 of Reference Processing due to unavailable references
[2796.672s][debug][gc,ref       ] GC(883) Skipped phase4 of Reference Processing due to unavailable references
[2796.673s][debug][gc,age       ] GC(883) Desired survivor size 15368192 bytes, new threshold 6 (max threshold 6)
[2796.673s][info ][gc,heap      ] GC(883) ParNew: 242107K->1463K(270336K)
[2796.673s][info ][gc,heap      ] GC(883) CMS: 363331K->363570K(600768K)
[2796.673s][info ][gc,metaspace ] GC(883) Metaspace: 57738K->57738K(1101824K)
[2796.673s][info ][gc           ] GC(883) Pause Young (Allocation Failure) 591M->356M(850M) 3.038ms
[2796.673s][info ][gc,cpu       ] GC(883) User=0.01s Sys=0.00s Real=0.00s
[2796.673s][info ][safepoint    ] Leaving safepoint region
[2796.673s][info ][safepoint    ] Total time for which application threads were stopped: 0.0032008 seconds, Stopping threads took: 0.0000144 seconds
[2797.673s][info ][safepoint    ] Application time: 1.0001801 seconds
[2797.673s][info ][safepoint    ] Entering safepoint region: Cleanup
[2797.673s][info ][safepoint    ] Leaving safepoint region
[2797.673s][info ][safepoint    ] Total time for which application threads were stopped: 0.0001267 seconds, Stopping threads took: 0.0000414 seconds
[2798.673s][info ][safepoint    ] Application time: 1.0000937 seconds
[2798.673s][info ][safepoint    ] Entering safepoint region: Cleanup
[2798.673s][info ][safepoint    ] Leaving safepoint region
[2798.673s][info ][safepoint    ] Total time for which application threads were stopped: 0.0001344 seconds, Stopping threads took: 0.0000598 seconds
[2799.673s][info ][safepoint    ] Application time: 1.0001567 seconds
[2799.673s][info ][safepoint    ] Entering safepoint region: Cleanup
[2799.674s][info ][safepoint    ] Leaving safepoint region
[2799.674s][info ][safepoint    ] Total time for which application threads were stopped: 0.0001158 seconds, Stopping threads took: 0.0000399 seconds
[2800.217s][info ][safepoint    ] Application time: 0.5429789 seconds
[2800.217s][info ][safepoint    ] Entering safepoint region: GenCollectForAllocation
[2800.217s][info ][gc,start     ] GC(884) Pause Young (Allocation Failure)
[2800.217s][info ][gc,task      ] GC(884) Using 4 workers of 4 for evacuation
[2800.219s][debug][gc,ref       ] GC(884) Skipped phase1 of Reference Processing due to unavailable references
[2800.219s][debug][gc,ref       ] GC(884) Skipped phase2 of Reference Processing due to unavailable references
[2800.219s][debug][gc,ref       ] GC(884) Skipped phase3 of Reference Processing due to unavailable references
[2800.219s][debug][gc,ref       ] GC(884) Skipped phase4 of Reference Processing due to unavailable references
[2800.219s][debug][gc,age       ] GC(884) Desired survivor size 15368192 bytes, new threshold 6 (max threshold 6)
[2800.219s][info ][gc,heap      ] GC(884) ParNew: 241783K->1532K(270336K)
[2800.219s][info ][gc,heap      ] GC(884) CMS: 363570K->363859K(600768K)
[2800.219s][info ][gc,metaspace ] GC(884) Metaspace: 57738K->57738K(1101824K)
[2800.219s][info ][gc           ] GC(884) Pause Young (Allocation Failure) 591M->356M(850M) 2.470ms
[2800.219s][info ][gc,cpu       ] GC(884) User=0.01s Sys=0.00s Real=0.00s
[2800.219s][info ][safepoint    ] Leaving safepoint region
[2800.219s][info ][safepoint    ] Total time for which application threads were stopped: 0.0026264 seconds, Stopping threads took: 0.0000146 seconds
[2801.219s][info ][safepoint    ] Application time: 1.0000986 seconds
[2801.219s][info ][safepoint    ] Entering safepoint region: Cleanup
[2801.219s][info ][safepoint    ] Leaving safepoint region
[2801.219s][info ][safepoint    ] Total time for which application threads were stopped: 0.0001451 seconds, Stopping threads took: 0.0000772 seconds
[2802.220s][info ][safepoint    ] Application time: 1.0000939 seconds
[2802.220s][info ][safepoint    ] Entering safepoint region: Cleanup
[2802.220s][info ][safepoint    ] Leaving safepoint region
[2802.220s][info ][safepoint    ] Total time for which application threads were stopped: 0.0001225 seconds, Stopping threads took: 0.0000576 seconds
[2803.220s][info ][safepoint    ] Application time: 1.0000992 seconds
[2803.220s][info ][safepoint    ] Entering safepoint region: Cleanup
[2803.220s][info ][safepoint    ] Leaving safepoint region
[2803.220s][info ][safepoint    ] Total time for which application threads were stopped: 0.0001489 seconds, Stopping threads took: 0.0000842 seconds
[2803.715s][info ][safepoint    ] Application time: 0.4953412 seconds
[2803.715s][info ][safepoint    ] Entering safepoint region: GenCollectForAllocation
[2803.716s][info ][gc,start     ] GC(885) Pause Young (Allocation Failure)
[2803.716s][info ][gc,task      ] GC(885) Using 4 workers of 4 for evacuation
[2803.719s][debug][gc,ref       ] GC(885) Skipped phase1 of Reference Processing due to unavailable references
[2803.719s][debug][gc,ref       ] GC(885) Skipped phase2 of Reference Processing due to unavailable references
[2803.719s][debug][gc,ref       ] GC(885) Skipped phase3 of Reference Processing due to unavailable references
[2803.719s][debug][gc,ref       ] GC(885) Skipped phase4 of Reference Processing due to unavailable references
[2803.719s][debug][gc,age       ] GC(885) Desired survivor size 15368192 bytes, new threshold 6 (max threshold 6)
[2803.719s][info ][gc,heap      ] GC(885) ParNew: 241852K->1039K(270336K)
[2803.719s][info ][gc,heap      ] GC(885) CMS: 363859K->364148K(600768K)
[2803.719s][info ][gc,metaspace ] GC(885) Metaspace: 57738K->57738K(1101824K)
[2803.719s][info ][gc           ] GC(885) Pause Young (Allocation Failure) 591M->356M(850M) 3.417ms
[2803.719s][info ][gc,cpu       ] GC(885) User=0.01s Sys=0.00s Real=0.00s
[2803.719s][info ][safepoint    ] Leaving safepoint region
[2803.719s][info ][safepoint    ] Total time for which application threads were stopped: 0.0035992 seconds, Stopping threads took: 0.0000394 seconds
[2804.719s][info ][safepoint    ] Application time: 1.0001110 seconds
[2804.719s][info ][safepoint    ] Entering safepoint region: Cleanup
[2804.719s][info ][safepoint    ] Leaving safepoint region
[2804.719s][info ][safepoint    ] Total time for which application threads were stopped: 0.0001458 seconds, Stopping threads took: 0.0000797 seconds
[2805.719s][info ][safepoint    ] Application time: 1.0000851 seconds
[2805.719s][info ][safepoint    ] Entering safepoint region: Cleanup
[2805.720s][info ][safepoint    ] Leaving safepoint region
[2805.720s][info ][safepoint    ] Total time for which application threads were stopped: 0.0001495 seconds, Stopping threads took: 0.0000841 seconds
[2806.720s][info ][safepoint    ] Application time: 1.0000869 seconds
[2806.720s][info ][safepoint    ] Entering safepoint region: Cleanup
[2806.720s][info ][safepoint    ] Leaving safepoint region
[2806.720s][info ][safepoint    ] Total time for which application threads were stopped: 0.0001661 seconds, Stopping threads took: 0.0000855 seconds
[2807.223s][info ][safepoint    ] Application time: 0.5033524 seconds
[2807.223s][info ][safepoint    ] Entering safepoint region: GenCollectForAllocation
[2807.223s][info ][gc,start     ] GC(886) Pause Young (Allocation Failure)
[2807.223s][info ][gc,task      ] GC(886) Using 4 workers of 4 for evacuation
[2807.226s][debug][gc,ref       ] GC(886) Skipped phase1 of Reference Processing due to unavailable references
[2807.226s][debug][gc,ref       ] GC(886) Skipped phase2 of Reference Processing due to unavailable references
[2807.226s][debug][gc,ref       ] GC(886) Skipped phase3 of Reference Processing due to unavailable references
[2807.226s][debug][gc,ref       ] GC(886) Skipped phase4 of Reference Processing due to unavailable references
[2807.226s][debug][gc,age       ] GC(886) Desired survivor size 15368192 bytes, new threshold 6 (max threshold 6)
[2807.226s][info ][gc,heap      ] GC(886) ParNew: 241359K->1211K(270336K)
[2807.226s][info ][gc,heap      ] GC(886) CMS: 364148K->364218K(600768K)
[2807.226s][info ][gc,metaspace ] GC(886) Metaspace: 57738K->57738K(1101824K)
[2807.226s][info ][gc           ] GC(886) Pause Young (Allocation Failure) 591M->356M(850M) 2.386ms
[2807.226s][info ][gc,cpu       ] GC(886) User=0.01s Sys=0.01s Real=0.00s
[2807.226s][info ][safepoint    ] Leaving safepoint region
[2807.226s][info ][safepoint    ] Total time for which application threads were stopped: 0.0025337 seconds, Stopping threads took: 0.0000154 seconds
[2808.226s][info ][safepoint    ] Application time: 1.0001008 seconds
[2808.226s][info ][safepoint    ] Entering safepoint region: Cleanup
[2808.226s][info ][safepoint    ] Leaving safepoint region
[2808.226s][info ][safepoint    ] Total time for which application threads were stopped: 0.0000979 seconds, Stopping threads took: 0.0000157 seconds
[2809.226s][info ][safepoint    ] Application time: 1.0001079 seconds
[2809.226s][info ][safepoint    ] Entering safepoint region: Cleanup
[2809.226s][info ][safepoint    ] Leaving safepoint region
[2809.226s][info ][safepoint    ] Total time for which application threads were stopped: 0.0000800 seconds, Stopping threads took: 0.0000153 seconds
[2810.226s][info ][safepoint    ] Application time: 1.0000964 seconds
[2810.226s][info ][safepoint    ] Entering safepoint region: Cleanup
[2810.226s][info ][safepoint    ] Leaving safepoint region
[2810.226s][info ][safepoint    ] Total time for which application threads were stopped: 0.0000718 seconds, Stopping threads took: 0.0000158 seconds
[2810.964s][info ][safepoint    ] Application time: 0.7376044 seconds
[2810.964s][info ][safepoint    ] Entering safepoint region: GenCollectForAllocation
[2810.964s][info ][gc,start     ] GC(887) Pause Young (Allocation Failure)
[2810.964s][info ][gc,task      ] GC(887) Using 4 workers of 4 for evacuation
[2810.967s][debug][gc,ref       ] GC(887) Skipped phase1 of Reference Processing due to unavailable references
[2810.967s][debug][gc,ref       ] GC(887) Skipped phase2 of Reference Processing due to unavailable references
[2810.967s][debug][gc,ref       ] GC(887) Skipped phase3 of Reference Processing due to unavailable references
[2810.967s][debug][gc,ref       ] GC(887) Skipped phase4 of Reference Processing due to unavailable references
[2810.967s][debug][gc,age       ] GC(887) Desired survivor size 15368192 bytes, new threshold 6 (max threshold 6)
[2810.967s][info ][gc,heap      ] GC(887) ParNew: 241531K->837K(270336K)
[2810.967s][info ][gc,heap      ] GC(887) CMS: 364218K->364288K(600768K)
[2810.967s][info ][gc,metaspace ] GC(887) Metaspace: 57738K->57738K(1101824K)
[2810.967s][info ][gc           ] GC(887) Pause Young (Allocation Failure) 591M->356M(850M) 2.529ms
[2810.967s][info ][gc,cpu       ] GC(887) User=0.01s Sys=0.00s Real=0.01s
[2810.967s][info ][safepoint    ] Leaving safepoint region
[2810.967s][info ][safepoint    ] Total time for which application threads were stopped: 0.0026816 seconds, Stopping threads took: 0.0000160 seconds
[2811.967s][info ][safepoint    ] Application time: 1.0001054 seconds
[2811.967s][info ][safepoint    ] Entering safepoint region: Cleanup
[2811.967s][info ][safepoint    ] Leaving safepoint region
[2811.967s][info ][safepoint    ] Total time for which application threads were stopped: 0.0001512 seconds, Stopping threads took: 0.0000821 seconds
[2812.967s][info ][safepoint    ] Application time: 1.0000962 seconds
[2812.967s][info ][safepoint    ] Entering safepoint region: Cleanup
[2812.967s][info ][safepoint    ] Leaving safepoint region
[2812.967s][info ][safepoint    ] Total time for which application threads were stopped: 0.0001582 seconds, Stopping threads took: 0.0000960 seconds
[2813.967s][info ][safepoint    ] Application time: 1.0000538 seconds
[2813.968s][info ][safepoint    ] Entering safepoint region: Cleanup
[2813.968s][info ][safepoint    ] Leaving safepoint region
[2813.968s][info ][safepoint    ] Total time for which application threads were stopped: 0.0001284 seconds, Stopping threads took: 0.0000632 seconds
[2814.566s][info ][safepoint    ] Application time: 0.5985933 seconds
[2814.566s][info ][safepoint    ] Entering safepoint region: GenCollectForAllocation
[2814.566s][info ][gc,start     ] GC(888) Pause Young (Allocation Failure)
[2814.566s][info ][gc,task      ] GC(888) Using 4 workers of 4 for evacuation
[2814.569s][debug][gc,ref       ] GC(888) Skipped phase1 of Reference Processing due to unavailable references
[2814.569s][debug][gc,ref       ] GC(888) Skipped phase2 of Reference Processing due to unavailable references
[2814.569s][debug][gc,ref       ] GC(888) Skipped phase3 of Reference Processing due to unavailable references
[2814.569s][debug][gc,ref       ] GC(888) Skipped phase4 of Reference Processing due to unavailable references
[2814.569s][debug][gc,age       ] GC(888) Desired survivor size 15368192 bytes, new threshold 6 (max threshold 6)
[2814.569s][info ][gc,heap      ] GC(888) ParNew: 241157K->939K(270336K)
[2814.569s][info ][gc,heap      ] GC(888) CMS: 364288K->364348K(600768K)
[2814.569s][info ][gc,metaspace ] GC(888) Metaspace: 57738K->57738K(1101824K)
[2814.569s][info ][gc           ] GC(888) Pause Young (Allocation Failure) 591M->356M(850M) 2.593ms
[2814.569s][info ][gc,cpu       ] GC(888) User=0.00s Sys=0.00s Real=0.00s
[2814.569s][info ][safepoint    ] Leaving safepoint region
[2814.569s][info ][safepoint    ] Total time for which application threads were stopped: 0.0027514 seconds, Stopping threads took: 0.0000154 seconds
[2815.569s][info ][safepoint    ] Application time: 1.0001022 seconds
[2815.569s][info ][safepoint    ] Entering safepoint region: Cleanup
[2815.569s][info ][safepoint    ] Leaving safepoint region
[2815.569s][info ][safepoint    ] Total time for which application threads were stopped: 0.0001477 seconds, Stopping threads took: 0.0000794 seconds
[2816.569s][info ][safepoint    ] Application time: 1.0000909 seconds
[2816.570s][info ][safepoint    ] Entering safepoint region: Cleanup
[2816.570s][info ][safepoint    ] Leaving safepoint region
[2816.570s][info ][safepoint    ] Total time for which application threads were stopped: 0.0002256 seconds, Stopping threads took: 0.0001669 seconds
[2817.570s][info ][safepoint    ] Application time: 1.0000894 seconds
[2817.570s][info ][safepoint    ] Entering safepoint region: Cleanup
[2817.570s][info ][safepoint    ] Leaving safepoint region
[2817.570s][info ][safepoint    ] Total time for which application threads were stopped: 0.0001930 seconds, Stopping threads took: 0.0000583 seconds
[2818.069s][info ][safepoint    ] Application time: 0.4993305 seconds
[2818.069s][info ][safepoint    ] Entering safepoint region: GenCollectForAllocation
[2818.069s][info ][gc,start     ] GC(889) Pause Young (Allocation Failure)
[2818.069s][info ][gc,task      ] GC(889) Using 4 workers of 4 for evacuation
[2818.072s][debug][gc,ref       ] GC(889) Skipped phase1 of Reference Processing due to unavailable references
[2818.072s][debug][gc,ref       ] GC(889) Skipped phase2 of Reference Processing due to unavailable references
[2818.072s][debug][gc,ref       ] GC(889) Skipped phase3 of Reference Processing due to unavailable references
[2818.072s][debug][gc,ref       ] GC(889) Skipped phase4 of Reference Processing due to unavailable references
[2818.072s][debug][gc,age       ] GC(889) Desired survivor size 15368192 bytes, new threshold 6 (max threshold 6)
[2818.072s][info ][gc,heap      ] GC(889) ParNew: 241259K->1216K(270336K)
[2818.072s][info ][gc,heap      ] GC(889) CMS: 364348K->364379K(600768K)
[2818.072s][info ][gc,metaspace ] GC(889) Metaspace: 57739K->57739K(1101824K)
[2818.072s][info ][gc           ] GC(889) Pause Young (Allocation Failure) 591M->357M(850M) 2.705ms
[2818.072s][info ][gc,cpu       ] GC(889) User=0.01s Sys=0.00s Real=0.00s
[2818.072s][info ][safepoint    ] Leaving safepoint region
[2818.072s][info ][safepoint    ] Total time for which application threads were stopped: 0.0028527 seconds, Stopping threads took: 0.0000156 seconds
[2819.072s][info ][safepoint    ] Application time: 1.0000985 seconds
[2819.072s][info ][safepoint    ] Entering safepoint region: Cleanup
[2819.072s][info ][safepoint    ] Leaving safepoint region
[2819.072s][info ][safepoint    ] Total time for which application threads were stopped: 0.0001274 seconds, Stopping threads took: 0.0000635 seconds
[2820.073s][info ][safepoint    ] Application time: 1.0001040 seconds
[2820.073s][info ][safepoint    ] Entering safepoint region: Cleanup
[2820.073s][info ][safepoint    ] Leaving safepoint region
[2820.073s][info ][safepoint    ] Total time for which application threads were stopped: 0.0001209 seconds, Stopping threads took: 0.0000424 seconds
[2821.073s][info ][safepoint    ] Application time: 1.0001022 seconds
[2821.073s][info ][safepoint    ] Entering safepoint region: Cleanup
[2821.073s][info ][safepoint    ] Leaving safepoint region
[2821.073s][info ][safepoint    ] Total time for which application threads were stopped: 0.0001611 seconds, Stopping threads took: 0.0000903 seconds
[2821.724s][info ][safepoint    ] Application time: 0.6514237 seconds
[2821.724s][info ][safepoint    ] Entering safepoint region: GenCollectForAllocation
[2821.725s][info ][gc,start     ] GC(890) Pause Young (Allocation Failure)
[2821.725s][info ][gc,task      ] GC(890) Using 4 workers of 4 for evacuation
[2821.727s][debug][gc,ref       ] GC(890) Skipped phase1 of Reference Processing due to unavailable references
[2821.727s][debug][gc,ref       ] GC(890) Skipped phase2 of Reference Processing due to unavailable references
[2821.727s][debug][gc,ref       ] GC(890) Skipped phase3 of Reference Processing due to unavailable references
[2821.727s][debug][gc,ref       ] GC(890) Skipped phase4 of Reference Processing due to unavailable references
[2821.728s][debug][gc,age       ] GC(890) Desired survivor size 15368192 bytes, new threshold 6 (max threshold 6)
[2821.728s][info ][gc,heap      ] GC(890) ParNew: 241536K->1011K(270336K)
[2821.728s][info ][gc,heap      ] GC(890) CMS: 364379K->364549K(600768K)
[2821.728s][info ][gc,metaspace ] GC(890) Metaspace: 57739K->57739K(1101824K)
[2821.728s][info ][gc           ] GC(890) Pause Young (Allocation Failure) 591M->356M(850M) 3.004ms
[2821.728s][info ][gc,cpu       ] GC(890) User=0.01s Sys=0.00s Real=0.01s
[2821.728s][info ][safepoint    ] Leaving safepoint region
[2821.728s][info ][safepoint    ] Total time for which application threads were stopped: 0.0031406 seconds, Stopping threads took: 0.0000140 seconds
[2822.728s][info ][safepoint    ] Application time: 1.0000894 seconds
[2822.728s][info ][safepoint    ] Entering safepoint region: Cleanup
[2822.728s][info ][safepoint    ] Leaving safepoint region
[2822.728s][info ][safepoint    ] Total time for which application threads were stopped: 0.0000903 seconds, Stopping threads took: 0.0000262 seconds
[2823.728s][info ][safepoint    ] Application time: 1.0001008 seconds
[2823.728s][info ][safepoint    ] Entering safepoint region: Cleanup
[2823.728s][info ][safepoint    ] Leaving safepoint region
[2823.728s][info ][safepoint    ] Total time for which application threads were stopped: 0.0001251 seconds, Stopping threads took: 0.0000713 seconds
[2824.728s][info ][safepoint    ] Application time: 1.0001510 seconds
[2824.728s][info ][safepoint    ] Entering safepoint region: Cleanup
[2824.728s][info ][safepoint    ] Leaving safepoint region
[2824.728s][info ][safepoint    ] Total time for which application threads were stopped: 0.0000708 seconds, Stopping threads took: 0.0000166 seconds
[2825.274s][info ][safepoint    ] Application time: 0.5458872 seconds
[2825.274s][info ][safepoint    ] Entering safepoint region: GenCollectForAllocation
[2825.274s][info ][gc,start     ] GC(891) Pause Young (Allocation Failure)
[2825.274s][info ][gc,task      ] GC(891) Using 4 workers of 4 for evacuation
[2825.277s][debug][gc,ref       ] GC(891) Skipped phase1 of Reference Processing due to unavailable references
[2825.277s][debug][gc,ref       ] GC(891) Skipped phase2 of Reference Processing due to unavailable references
[2825.277s][debug][gc,ref       ] GC(891) Skipped phase3 of Reference Processing due to unavailable references
[2825.277s][debug][gc,ref       ] GC(891) Skipped phase4 of Reference Processing due to unavailable references
[2825.277s][debug][gc,age       ] GC(891) Desired survivor size 15368192 bytes, new threshold 6 (max threshold 6)
[2825.277s][info ][gc,heap      ] GC(891) ParNew: 241331K->1028K(270336K)
[2825.277s][info ][gc,heap      ] GC(891) CMS: 364549K->364697K(600768K)
[2825.277s][info ][gc,metaspace ] GC(891) Metaspace: 57739K->57739K(1101824K)
[2825.277s][info ][gc           ] GC(891) Pause Young (Allocation Failure) 591M->357M(850M) 2.895ms
[2825.277s][info ][gc,cpu       ] GC(891) User=0.01s Sys=0.00s Real=0.00s
[2825.277s][info ][safepoint    ] Leaving safepoint region
[2825.277s][info ][safepoint    ] Total time for which application threads were stopped: 0.0030318 seconds, Stopping threads took: 0.0000139 seconds
[2826.277s][info ][safepoint    ] Application time: 1.0000988 seconds
[2826.278s][info ][safepoint    ] Entering safepoint region: Cleanup
[2826.278s][info ][safepoint    ] Leaving safepoint region
[2826.278s][info ][safepoint    ] Total time for which application threads were stopped: 0.0000717 seconds, Stopping threads took: 0.0000154 seconds
[2827.278s][info ][safepoint    ] Application time: 1.0000931 seconds
[2827.278s][info ][safepoint    ] Entering safepoint region: Cleanup
[2827.278s][info ][safepoint    ] Leaving safepoint region
[2827.278s][info ][safepoint    ] Total time for which application threads were stopped: 0.0000717 seconds, Stopping threads took: 0.0000167 seconds
[2828.278s][info ][safepoint    ] Application time: 1.0001568 seconds
[2828.278s][info ][safepoint    ] Entering safepoint region: Cleanup
[2828.278s][info ][safepoint    ] Leaving safepoint region
[2828.278s][info ][safepoint    ] Total time for which application threads were stopped: 0.0000832 seconds, Stopping threads took: 0.0000149 seconds
[2828.817s][info ][safepoint    ] Application time: 0.5390788 seconds
[2828.817s][info ][safepoint    ] Entering safepoint region: GenCollectForAllocation
[2828.817s][info ][gc,start     ] GC(892) Pause Young (Allocation Failure)
[2828.817s][info ][gc,task      ] GC(892) Using 4 workers of 4 for evacuation
[2828.820s][debug][gc,ref       ] GC(892) Skipped phase1 of Reference Processing due to unavailable references
[2828.820s][debug][gc,ref       ] GC(892) Skipped phase2 of Reference Processing due to unavailable references
[2828.820s][debug][gc,ref       ] GC(892) Skipped phase3 of Reference Processing due to unavailable references
[2828.820s][debug][gc,ref       ] GC(892) Skipped phase4 of Reference Processing due to unavailable references
[2828.820s][debug][gc,age       ] GC(892) Desired survivor size 15368192 bytes, new threshold 6 (max threshold 6)
[2828.820s][info ][gc,heap      ] GC(892) ParNew: 241348K->1193K(270336K)
[2828.820s][info ][gc,heap      ] GC(892) CMS: 364697K->364729K(600768K)
[2828.820s][info ][gc,metaspace ] GC(892) Metaspace: 57739K->57739K(1101824K)
[2828.820s][info ][gc           ] GC(892) Pause Young (Allocation Failure) 591M->357M(850M) 2.407ms
[2828.820s][info ][gc,cpu       ] GC(892) User=0.01s Sys=0.00s Real=0.00s
[2828.820s][info ][safepoint    ] Leaving safepoint region
[2828.820s][info ][safepoint    ] Total time for which application threads were stopped: 0.0025488 seconds, Stopping threads took: 0.0000150 seconds
[2829.820s][info ][safepoint    ] Application time: 1.0000956 seconds
[2829.820s][info ][safepoint    ] Entering safepoint region: Cleanup
[2829.820s][info ][safepoint    ] Leaving safepoint region
[2829.820s][info ][safepoint    ] Total time for which application threads were stopped: 0.0001709 seconds, Stopping threads took: 0.0000595 seconds
[2830.820s][info ][safepoint    ] Application time: 1.0000970 seconds
[2830.820s][info ][safepoint    ] Entering safepoint region: Cleanup
[2830.820s][info ][safepoint    ] Leaving safepoint region
[2830.820s][info ][safepoint    ] Total time for which application threads were stopped: 0.0001200 seconds, Stopping threads took: 0.0000579 seconds
[2831.820s][info ][safepoint    ] Application time: 1.0000864 seconds
[2831.820s][info ][safepoint    ] Entering safepoint region: Cleanup
[2831.821s][info ][safepoint    ] Leaving safepoint region
[2831.821s][info ][safepoint    ] Total time for which application threads were stopped: 0.0001429 seconds, Stopping threads took: 0.0000812 seconds
[2832.347s][info ][safepoint    ] Application time: 0.5261616 seconds
[2832.347s][info ][safepoint    ] Entering safepoint region: GenCollectForAllocation
[2832.347s][info ][gc,start     ] GC(893) Pause Young (Allocation Failure)
[2832.347s][info ][gc,task      ] GC(893) Using 4 workers of 4 for evacuation
[2832.349s][debug][gc,ref       ] GC(893) Skipped phase1 of Reference Processing due to unavailable references
[2832.349s][debug][gc,ref       ] GC(893) Skipped phase2 of Reference Processing due to unavailable references
[2832.349s][debug][gc,ref       ] GC(893) Skipped phase3 of Reference Processing due to unavailable references
[2832.349s][debug][gc,ref       ] GC(893) Skipped phase4 of Reference Processing due to unavailable references
[2832.350s][debug][gc,age       ] GC(893) Desired survivor size 15368192 bytes, new threshold 6 (max threshold 6)
[2832.350s][info ][gc,heap      ] GC(893) ParNew: 241513K->1000K(270336K)
[2832.350s][info ][gc,heap      ] GC(893) CMS: 364729K->364783K(600768K)
[2832.350s][info ][gc,metaspace ] GC(893) Metaspace: 57739K->57739K(1101824K)
[2832.350s][info ][gc           ] GC(893) Pause Young (Allocation Failure) 592M->357M(850M) 2.737ms
[2832.350s][info ][gc,cpu       ] GC(893) User=0.01s Sys=0.00s Real=0.00s
[2832.350s][info ][safepoint    ] Leaving safepoint region
[2832.350s][info ][safepoint    ] Total time for which application threads were stopped: 0.0029085 seconds, Stopping threads took: 0.0000348 seconds
[2833.350s][info ][safepoint    ] Application time: 1.0000726 seconds
[2833.350s][info ][safepoint    ] Entering safepoint region: Cleanup
[2833.350s][info ][safepoint    ] Leaving safepoint region
[2833.350s][info ][safepoint    ] Total time for which application threads were stopped: 0.0000997 seconds, Stopping threads took: 0.0000289 seconds
[2834.350s][info ][safepoint    ] Application time: 1.0000928 seconds
[2834.350s][info ][safepoint    ] Entering safepoint region: Cleanup
[2834.350s][info ][safepoint    ] Leaving safepoint region
[2834.350s][info ][safepoint    ] Total time for which application threads were stopped: 0.0000716 seconds, Stopping threads took: 0.0000151 seconds
[2835.350s][info ][safepoint    ] Application time: 1.0000806 seconds
[2835.350s][info ][safepoint    ] Entering safepoint region: Cleanup
[2835.350s][info ][safepoint    ] Leaving safepoint region
[2835.350s][info ][safepoint    ] Total time for which application threads were stopped: 0.0000699 seconds, Stopping threads took: 0.0000157 seconds
[2835.877s][info ][safepoint    ] Application time: 0.5268810 seconds
[2835.877s][info ][safepoint    ] Entering safepoint region: GenCollectForAllocation
[2835.877s][info ][safepoint    ] Leaving safepoint region
[2835.877s][info ][safepoint    ] Total time for which application threads were stopped: 0.0001002 seconds, Stopping threads took: 0.0000146 seconds
[2835.877s][info ][safepoint    ] Application time: 0.0000460 seconds
[2835.877s][info ][safepoint    ] Entering safepoint region: GenCollectForAllocation
[2835.877s][info ][gc,start     ] GC(894) Pause Young (Allocation Failure)
[2835.877s][info ][gc,task      ] GC(894) Using 4 workers of 4 for evacuation
[2835.881s][debug][gc,ref       ] GC(894) Skipped phase1 of Reference Processing due to unavailable references
[2835.881s][debug][gc,ref       ] GC(894) Skipped phase2 of Reference Processing due to unavailable references
[2835.881s][debug][gc,ref       ] GC(894) Skipped phase3 of Reference Processing due to unavailable references
[2835.881s][debug][gc,ref       ] GC(894) Skipped phase4 of Reference Processing due to unavailable references
[2835.881s][debug][gc,age       ] GC(894) Desired survivor size 15368192 bytes, new threshold 6 (max threshold 6)
[2835.881s][info ][gc,heap      ] GC(894) ParNew: 241320K->1409K(270336K)
[2835.881s][info ][gc,heap      ] GC(894) CMS: 364783K->364941K(600768K)
[2835.881s][info ][gc,metaspace ] GC(894) Metaspace: 57739K->57739K(1101824K)
[2835.881s][info ][gc           ] GC(894) Pause Young (Allocation Failure) 591M->357M(850M) 3.565ms
[2835.881s][info ][gc,cpu       ] GC(894) User=0.01s Sys=0.00s Real=0.00s
[2835.881s][info ][safepoint    ] Leaving safepoint region
[2835.881s][info ][safepoint    ] Total time for which application threads were stopped: 0.0036541 seconds, Stopping threads took: 0.0000053 seconds
[2836.881s][info ][safepoint    ] Application time: 1.0001043 seconds
[2836.881s][info ][safepoint    ] Entering safepoint region: Cleanup
[2836.881s][info ][safepoint    ] Leaving safepoint region
[2836.881s][info ][safepoint    ] Total time for which application threads were stopped: 0.0000874 seconds, Stopping threads took: 0.0000155 seconds
[2837.881s][info ][safepoint    ] Application time: 1.0001217 seconds
[2837.881s][info ][safepoint    ] Entering safepoint region: Cleanup
[2837.881s][info ][safepoint    ] Leaving safepoint region
[2837.881s][info ][safepoint    ] Total time for which application threads were stopped: 0.0000879 seconds, Stopping threads took: 0.0000156 seconds
[2838.882s][info ][safepoint    ] Application time: 1.0000906 seconds
[2838.882s][info ][safepoint    ] Entering safepoint region: Cleanup
[2838.882s][info ][safepoint    ] Leaving safepoint region
[2838.882s][info ][safepoint    ] Total time for which application threads were stopped: 0.0000827 seconds, Stopping threads took: 0.0000277 seconds
[2839.419s][info ][safepoint    ] Application time: 0.5372530 seconds
[2839.419s][info ][safepoint    ] Entering safepoint region: GenCollectForAllocation
[2839.419s][info ][gc,start     ] GC(895) Pause Young (Allocation Failure)
[2839.419s][info ][gc,task      ] GC(895) Using 4 workers of 4 for evacuation
[2839.422s][debug][gc,ref       ] GC(895) Skipped phase1 of Reference Processing due to unavailable references
[2839.422s][debug][gc,ref       ] GC(895) Skipped phase2 of Reference Processing due to unavailable references
[2839.422s][debug][gc,ref       ] GC(895) Skipped phase3 of Reference Processing due to unavailable references
[2839.422s][debug][gc,ref       ] GC(895) Skipped phase4 of Reference Processing due to unavailable references
[2839.422s][debug][gc,age       ] GC(895) Desired survivor size 15368192 bytes, new threshold 6 (max threshold 6)
[2839.422s][info ][gc,heap      ] GC(895) ParNew: 241729K->1332K(270336K)
[2839.422s][info ][gc,heap      ] GC(895) CMS: 364941K->365058K(600768K)
[2839.422s][info ][gc,metaspace ] GC(895) Metaspace: 57739K->57739K(1101824K)
[2839.422s][info ][gc           ] GC(895) Pause Young (Allocation Failure) 592M->357M(850M) 2.875ms
[2839.422s][info ][gc,cpu       ] GC(895) User=0.01s Sys=0.00s Real=0.00s
[2839.422s][info ][safepoint    ] Leaving safepoint region
[2839.422s][info ][safepoint    ] Total time for which application threads were stopped: 0.0030360 seconds, Stopping threads took: 0.0000260 seconds
[2840.422s][info ][safepoint    ] Application time: 1.0000966 seconds
[2840.422s][info ][safepoint    ] Entering safepoint region: Cleanup
[2840.422s][info ][safepoint    ] Leaving safepoint region
[2840.422s][info ][safepoint    ] Total time for which application threads were stopped: 0.0001510 seconds, Stopping threads took: 0.0000664 seconds
[2841.422s][info ][safepoint    ] Application time: 1.0000948 seconds
[2841.423s][info ][safepoint    ] Entering safepoint region: Cleanup
[2841.423s][info ][safepoint    ] Leaving safepoint region
[2841.423s][info ][safepoint    ] Total time for which application threads were stopped: 0.0001538 seconds, Stopping threads took: 0.0000848 seconds
[2842.423s][info ][safepoint    ] Application time: 1.0001015 seconds
[2842.423s][info ][safepoint    ] Entering safepoint region: Cleanup
[2842.423s][info ][safepoint    ] Leaving safepoint region
[2842.423s][info ][safepoint    ] Total time for which application threads were stopped: 0.0001363 seconds, Stopping threads took: 0.0000572 seconds
[2842.969s][info ][safepoint    ] Application time: 0.5456744 seconds
[2842.969s][info ][safepoint    ] Entering safepoint region: GenCollectForAllocation
[2842.969s][info ][gc,start     ] GC(896) Pause Young (Allocation Failure)
[2842.969s][info ][gc,task      ] GC(896) Using 4 workers of 4 for evacuation
[2842.971s][debug][gc,ref       ] GC(896) Skipped phase1 of Reference Processing due to unavailable references
[2842.971s][debug][gc,ref       ] GC(896) Skipped phase2 of Reference Processing due to unavailable references
[2842.971s][debug][gc,ref       ] GC(896) Skipped phase3 of Reference Processing due to unavailable references
[2842.971s][debug][gc,ref       ] GC(896) Skipped phase4 of Reference Processing due to unavailable references
[2842.971s][debug][gc,age       ] GC(896) Desired survivor size 15368192 bytes, new threshold 6 (max threshold 6)
[2842.971s][info ][gc,heap      ] GC(896) ParNew: 241652K->1171K(270336K)
[2842.971s][info ][gc,heap      ] GC(896) CMS: 365058K->365157K(600768K)
[2842.971s][info ][gc,metaspace ] GC(896) Metaspace: 57739K->57739K(1101824K)
[2842.971s][info ][gc           ] GC(896) Pause Young (Allocation Failure) 592M->357M(850M) 2.751ms
[2842.971s][info ][gc,cpu       ] GC(896) User=0.01s Sys=0.00s Real=0.00s
[2842.971s][info ][safepoint    ] Leaving safepoint region
[2842.971s][info ][safepoint    ] Total time for which application threads were stopped: 0.0028918 seconds, Stopping threads took: 0.0000127 seconds
[2843.972s][info ][safepoint    ] Application time: 1.0000945 seconds
[2843.972s][info ][safepoint    ] Entering safepoint region: Cleanup
[2843.972s][info ][safepoint    ] Leaving safepoint region
[2843.972s][info ][safepoint    ] Total time for which application threads were stopped: 0.0001484 seconds, Stopping threads took: 0.0000790 seconds
[2844.972s][info ][safepoint    ] Application time: 1.0001026 seconds
[2844.972s][info ][safepoint    ] Entering safepoint region: Cleanup
[2844.972s][info ][safepoint    ] Leaving safepoint region
[2844.972s][info ][safepoint    ] Total time for which application threads were stopped: 0.0001343 seconds, Stopping threads took: 0.0000550 seconds
[2845.972s][info ][safepoint    ] Application time: 1.0001652 seconds
[2845.972s][info ][safepoint    ] Entering safepoint region: Cleanup
[2845.972s][info ][safepoint    ] Leaving safepoint region
[2845.972s][info ][safepoint    ] Total time for which application threads were stopped: 0.0001085 seconds, Stopping threads took: 0.0000417 seconds
[2846.522s][info ][safepoint    ] Application time: 0.5500139 seconds
[2846.522s][info ][safepoint    ] Entering safepoint region: GenCollectForAllocation
[2846.523s][info ][gc,start     ] GC(897) Pause Young (Allocation Failure)
[2846.523s][info ][gc,task      ] GC(897) Using 4 workers of 4 for evacuation
[2846.525s][debug][gc,ref       ] GC(897) Skipped phase1 of Reference Processing due to unavailable references
[2846.525s][debug][gc,ref       ] GC(897) Skipped phase2 of Reference Processing due to unavailable references
[2846.525s][debug][gc,ref       ] GC(897) Skipped phase3 of Reference Processing due to unavailable references
[2846.525s][debug][gc,ref       ] GC(897) Skipped phase4 of Reference Processing due to unavailable references
[2846.525s][debug][gc,age       ] GC(897) Desired survivor size 15368192 bytes, new threshold 6 (max threshold 6)
[2846.525s][info ][gc,heap      ] GC(897) ParNew: 241491K->1310K(270336K)
[2846.525s][info ][gc,heap      ] GC(897) CMS: 365157K->365299K(600768K)
[2846.525s][info ][gc,metaspace ] GC(897) Metaspace: 57739K->57739K(1101824K)
[2846.525s][info ][gc           ] GC(897) Pause Young (Allocation Failure) 592M->358M(850M) 2.938ms
[2846.525s][info ][gc,cpu       ] GC(897) User=0.01s Sys=0.00s Real=0.00s
[2846.525s][info ][safepoint    ] Leaving safepoint region
[2846.525s][info ][safepoint    ] Total time for which application threads were stopped: 0.0030790 seconds, Stopping threads took: 0.0000135 seconds
[2847.526s][info ][safepoint    ] Application time: 1.0000777 seconds
[2847.526s][info ][safepoint    ] Entering safepoint region: Cleanup
[2847.526s][info ][safepoint    ] Leaving safepoint region
[2847.526s][info ][safepoint    ] Total time for which application threads were stopped: 0.0000867 seconds, Stopping threads took: 0.0000162 seconds
[2848.526s][info ][safepoint    ] Application time: 1.0000908 seconds
[2848.526s][info ][safepoint    ] Entering safepoint region: Cleanup
[2848.526s][info ][safepoint    ] Leaving safepoint region
[2848.526s][info ][safepoint    ] Total time for which application threads were stopped: 0.0000884 seconds, Stopping threads took: 0.0000173 seconds
[2849.526s][info ][safepoint    ] Application time: 1.0001270 seconds
[2849.526s][info ][safepoint    ] Entering safepoint region: Cleanup
[2849.526s][info ][safepoint    ] Leaving safepoint region
[2849.526s][info ][safepoint    ] Total time for which application threads were stopped: 0.0000846 seconds, Stopping threads took: 0.0000161 seconds
[2849.970s][info ][safepoint    ] Application time: 0.4441235 seconds
[2849.970s][info ][safepoint    ] Entering safepoint region: GenCollectForAllocation
[2849.970s][info ][gc,start     ] GC(898) Pause Young (Allocation Failure)
[2849.970s][info ][gc,task      ] GC(898) Using 4 workers of 4 for evacuation
[2849.973s][debug][gc,ref       ] GC(898) Skipped phase1 of Reference Processing due to unavailable references
[2849.973s][debug][gc,ref       ] GC(898) Skipped phase2 of Reference Processing due to unavailable references
[2849.973s][debug][gc,ref       ] GC(898) Skipped phase3 of Reference Processing due to unavailable references
[2849.973s][debug][gc,ref       ] GC(898) Skipped phase4 of Reference Processing due to unavailable references
[2849.973s][debug][gc,age       ] GC(898) Desired survivor size 15368192 bytes, new threshold 6 (max threshold 6)
[2849.973s][info ][gc,heap      ] GC(898) ParNew: 241630K->1429K(270336K)
[2849.973s][info ][gc,heap      ] GC(898) CMS: 365299K->365345K(600768K)
[2849.973s][info ][gc,metaspace ] GC(898) Metaspace: 57739K->57739K(1101824K)
[2849.973s][info ][gc           ] GC(898) Pause Young (Allocation Failure) 592M->358M(850M) 3.027ms
[2849.973s][info ][gc,cpu       ] GC(898) User=0.01s Sys=0.01s Real=0.00s
[2849.973s][info ][safepoint    ] Leaving safepoint region
[2849.973s][info ][safepoint    ] Total time for which application threads were stopped: 0.0031752 seconds, Stopping threads took: 0.0000142 seconds
[2850.974s][info ][safepoint    ] Application time: 1.0000910 seconds
[2850.974s][info ][safepoint    ] Entering safepoint region: Cleanup
[2850.974s][info ][safepoint    ] Leaving safepoint region
[2850.974s][info ][safepoint    ] Total time for which application threads were stopped: 0.0001064 seconds, Stopping threads took: 0.0000384 seconds
[2851.974s][info ][safepoint    ] Application time: 1.0000865 seconds
[2851.974s][info ][safepoint    ] Entering safepoint region: Cleanup
[2851.974s][info ][safepoint    ] Leaving safepoint region
[2851.974s][info ][safepoint    ] Total time for which application threads were stopped: 0.0001148 seconds, Stopping threads took: 0.0000492 seconds
[2852.974s][info ][safepoint    ] Application time: 1.0001283 seconds
[2852.974s][info ][safepoint    ] Entering safepoint region: Cleanup
[2852.974s][info ][safepoint    ] Leaving safepoint region
[2852.974s][info ][safepoint    ] Total time for which application threads were stopped: 0.0001822 seconds, Stopping threads took: 0.0001086 seconds
[2853.421s][info ][safepoint    ] Application time: 0.4467424 seconds
[2853.421s][info ][safepoint    ] Entering safepoint region: GenCollectForAllocation
[2853.421s][info ][gc,start     ] GC(899) Pause Young (Allocation Failure)
[2853.421s][info ][gc,task      ] GC(899) Using 4 workers of 4 for evacuation
[2853.424s][debug][gc,ref       ] GC(899) Skipped phase1 of Reference Processing due to unavailable references
[2853.424s][debug][gc,ref       ] GC(899) Skipped phase2 of Reference Processing due to unavailable references
[2853.424s][debug][gc,ref       ] GC(899) Skipped phase3 of Reference Processing due to unavailable references
[2853.424s][debug][gc,ref       ] GC(899) Skipped phase4 of Reference Processing due to unavailable references
[2853.424s][debug][gc,age       ] GC(899) Desired survivor size 15368192 bytes, new threshold 6 (max threshold 6)
[2853.424s][info ][gc,heap      ] GC(899) ParNew: 241749K->1341K(270336K)
[2853.424s][info ][gc,heap      ] GC(899) CMS: 365345K->365445K(600768K)
[2853.424s][info ][gc,metaspace ] GC(899) Metaspace: 57739K->57739K(1101824K)
[2853.424s][info ][gc           ] GC(899) Pause Young (Allocation Failure) 592M->358M(850M) 2.752ms
[2853.424s][info ][gc,cpu       ] GC(899) User=0.01s Sys=0.00s Real=0.00s
[2853.424s][info ][safepoint    ] Leaving safepoint region
[2853.424s][info ][safepoint    ] Total time for which application threads were stopped: 0.0028967 seconds, Stopping threads took: 0.0000147 seconds
[2854.424s][info ][safepoint    ] Application time: 1.0001018 seconds
[2854.424s][info ][safepoint    ] Entering safepoint region: Cleanup
[2854.424s][info ][safepoint    ] Leaving safepoint region
[2854.424s][info ][safepoint    ] Total time for which application threads were stopped: 0.0002721 seconds, Stopping threads took: 0.0001992 seconds
[2855.425s][info ][safepoint    ] Application time: 1.0000862 seconds
[2855.425s][info ][safepoint    ] Entering safepoint region: Cleanup
[2855.425s][info ][safepoint    ] Leaving safepoint region
[2855.425s][info ][safepoint    ] Total time for which application threads were stopped: 0.0000878 seconds, Stopping threads took: 0.0000159 seconds
[2856.425s][info ][safepoint    ] Application time: 1.0000965 seconds
[2856.425s][info ][safepoint    ] Entering safepoint region: Cleanup
[2856.425s][info ][safepoint    ] Leaving safepoint region
[2856.425s][info ][safepoint    ] Total time for which application threads were stopped: 0.0001308 seconds, Stopping threads took: 0.0000536 seconds
[2856.966s][info ][safepoint    ] Application time: 0.5411343 seconds
[2856.966s][info ][safepoint    ] Entering safepoint region: GenCollectForAllocation
[2856.966s][info ][gc,start     ] GC(900) Pause Young (Allocation Failure)
[2856.966s][info ][gc,task      ] GC(900) Using 4 workers of 4 for evacuation
[2856.969s][debug][gc,ref       ] GC(900) Skipped phase1 of Reference Processing due to unavailable references
[2856.969s][debug][gc,ref       ] GC(900) Skipped phase2 of Reference Processing due to unavailable references
[2856.969s][debug][gc,ref       ] GC(900) Skipped phase3 of Reference Processing due to unavailable references
[2856.969s][debug][gc,ref       ] GC(900) Skipped phase4 of Reference Processing due to unavailable references
[2856.969s][debug][gc,age       ] GC(900) Desired survivor size 15368192 bytes, new threshold 6 (max threshold 6)
[2856.969s][info ][gc,heap      ] GC(900) ParNew: 241661K->1292K(270336K)
[2856.969s][info ][gc,heap      ] GC(900) CMS: 365445K->365611K(600768K)
[2856.969s][info ][gc,metaspace ] GC(900) Metaspace: 57743K->57743K(1101824K)
[2856.969s][info ][gc           ] GC(900) Pause Young (Allocation Failure) 592M->358M(850M) 2.684ms
[2856.969s][info ][gc,cpu       ] GC(900) User=0.00s Sys=0.00s Real=0.00s
[2856.969s][info ][safepoint    ] Leaving safepoint region
[2856.969s][info ][safepoint    ] Total time for which application threads were stopped: 0.0028315 seconds, Stopping threads took: 0.0000143 seconds
[2857.969s][info ][safepoint    ] Application time: 1.0001211 seconds
[2857.969s][info ][safepoint    ] Entering safepoint region: Cleanup
[2857.969s][info ][safepoint    ] Leaving safepoint region
[2857.969s][info ][safepoint    ] Total time for which application threads were stopped: 0.0001636 seconds, Stopping threads took: 0.0000742 seconds
[2858.969s][info ][safepoint    ] Application time: 1.0001249 seconds
[2858.970s][info ][safepoint    ] Entering safepoint region: Cleanup
[2858.970s][info ][safepoint    ] Leaving safepoint region
[2858.970s][info ][safepoint    ] Total time for which application threads were stopped: 0.0001376 seconds, Stopping threads took: 0.0000676 seconds
[2859.970s][info ][safepoint    ] Application time: 1.0000545 seconds
[2859.970s][info ][safepoint    ] Entering safepoint region: Cleanup
[2859.970s][info ][safepoint    ] Leaving safepoint region
[2859.970s][info ][safepoint    ] Total time for which application threads were stopped: 0.0001602 seconds, Stopping threads took: 0.0000753 seconds
[2860.474s][info ][safepoint    ] Application time: 0.5041850 seconds
[2860.474s][info ][safepoint    ] Entering safepoint region: GenCollectForAllocation
[2860.474s][info ][gc,start     ] GC(901) Pause Young (Allocation Failure)
[2860.474s][info ][gc,task      ] GC(901) Using 4 workers of 4 for evacuation
[2860.477s][debug][gc,ref       ] GC(901) Skipped phase1 of Reference Processing due to unavailable references
[2860.477s][debug][gc,ref       ] GC(901) Skipped phase2 of Reference Processing due to unavailable references
[2860.477s][debug][gc,ref       ] GC(901) Skipped phase3 of Reference Processing due to unavailable references
[2860.477s][debug][gc,ref       ] GC(901) Skipped phase4 of Reference Processing due to unavailable references
[2860.477s][debug][gc,age       ] GC(901) Desired survivor size 15368192 bytes, new threshold 6 (max threshold 6)
[2860.477s][info ][gc,heap      ] GC(901) ParNew: 241612K->1290K(270336K)
[2860.477s][info ][gc,heap      ] GC(901) CMS: 365611K->365760K(600768K)
[2860.477s][info ][gc,metaspace ] GC(901) Metaspace: 57745K->57745K(1101824K)
[2860.477s][info ][gc           ] GC(901) Pause Young (Allocation Failure) 592M->358M(850M) 2.937ms
[2860.477s][info ][gc,cpu       ] GC(901) User=0.01s Sys=0.00s Real=0.00s
[2860.477s][info ][safepoint    ] Leaving safepoint region
[2860.477s][info ][safepoint    ] Total time for which application threads were stopped: 0.0030837 seconds, Stopping threads took: 0.0000169 seconds
[2861.477s][info ][safepoint    ] Application time: 1.0000996 seconds
[2861.477s][info ][safepoint    ] Entering safepoint region: Cleanup
[2861.477s][info ][safepoint    ] Leaving safepoint region
[2861.477s][info ][safepoint    ] Total time for which application threads were stopped: 0.0000827 seconds, Stopping threads took: 0.0000289 seconds
[2862.478s][info ][safepoint    ] Application time: 1.0001016 seconds
[2862.478s][info ][safepoint    ] Entering safepoint region: Cleanup
[2862.478s][info ][safepoint    ] Leaving safepoint region
[2862.478s][info ][safepoint    ] Total time for which application threads were stopped: 0.0000746 seconds, Stopping threads took: 0.0000164 seconds
[2863.478s][info ][safepoint    ] Application time: 1.0000994 seconds
[2863.478s][info ][safepoint    ] Entering safepoint region: Cleanup
[2863.478s][info ][safepoint    ] Leaving safepoint region
[2863.478s][info ][safepoint    ] Total time for which application threads were stopped: 0.0000869 seconds, Stopping threads took: 0.0000154 seconds
[2863.971s][info ][safepoint    ] Application time: 0.4929134 seconds
[2863.971s][info ][safepoint    ] Entering safepoint region: GenCollectForAllocation
[2863.971s][info ][gc,start     ] GC(902) Pause Young (Allocation Failure)
[2863.971s][info ][gc,task      ] GC(902) Using 4 workers of 4 for evacuation
[2863.973s][debug][gc,ref       ] GC(902) Skipped phase1 of Reference Processing due to unavailable references
[2863.973s][debug][gc,ref       ] GC(902) Skipped phase2 of Reference Processing due to unavailable references
[2863.973s][debug][gc,ref       ] GC(902) Skipped phase3 of Reference Processing due to unavailable references
[2863.973s][debug][gc,ref       ] GC(902) Skipped phase4 of Reference Processing due to unavailable references
[2863.974s][debug][gc,age       ] GC(902) Desired survivor size 15368192 bytes, new threshold 6 (max threshold 6)
[2863.974s][info ][gc,heap      ] GC(902) ParNew: 241610K->1413K(270336K)
[2863.974s][info ][gc,heap      ] GC(902) CMS: 365760K->365856K(600768K)
[2863.974s][info ][gc,metaspace ] GC(902) Metaspace: 57745K->57745K(1101824K)
[2863.974s][info ][gc           ] GC(902) Pause Young (Allocation Failure) 593M->358M(850M) 2.701ms
[2863.974s][info ][gc,cpu       ] GC(902) User=0.01s Sys=0.00s Real=0.00s
[2863.974s][info ][safepoint    ] Leaving safepoint region
[2863.974s][info ][safepoint    ] Total time for which application threads were stopped: 0.0028514 seconds, Stopping threads took: 0.0000151 seconds
[2864.974s][info ][safepoint    ] Application time: 1.0000922 seconds
[2864.974s][info ][safepoint    ] Entering safepoint region: Cleanup
[2864.974s][info ][safepoint    ] Leaving safepoint region
[2864.974s][info ][safepoint    ] Total time for which application threads were stopped: 0.0001481 seconds, Stopping threads took: 0.0000839 seconds
[2865.974s][info ][safepoint    ] Application time: 1.0001107 seconds
[2865.974s][info ][safepoint    ] Entering safepoint region: Cleanup
[2865.974s][info ][safepoint    ] Leaving safepoint region
[2865.974s][info ][safepoint    ] Total time for which application threads were stopped: 0.0002004 seconds, Stopping threads took: 0.0000542 seconds
[2866.974s][info ][safepoint    ] Application time: 1.0000926 seconds
[2866.975s][info ][safepoint    ] Entering safepoint region: Cleanup
[2866.975s][info ][safepoint    ] Leaving safepoint region
[2866.975s][info ][safepoint    ] Total time for which application threads were stopped: 0.0001507 seconds, Stopping threads took: 0.0000850 seconds
[2867.471s][info ][safepoint    ] Application time: 0.4959060 seconds
[2867.471s][info ][safepoint    ] Entering safepoint region: GenCollectForAllocation
[2867.471s][info ][gc,start     ] GC(903) Pause Young (Allocation Failure)
[2867.471s][info ][gc,task      ] GC(903) Using 4 workers of 4 for evacuation
[2867.474s][debug][gc,ref       ] GC(903) Skipped phase1 of Reference Processing due to unavailable references
[2867.474s][debug][gc,ref       ] GC(903) Skipped phase2 of Reference Processing due to unavailable references
[2867.474s][debug][gc,ref       ] GC(903) Skipped phase3 of Reference Processing due to unavailable references
[2867.474s][debug][gc,ref       ] GC(903) Skipped phase4 of Reference Processing due to unavailable references
[2867.474s][debug][gc,age       ] GC(903) Desired survivor size 15368192 bytes, new threshold 6 (max threshold 6)
[2867.474s][info ][gc,heap      ] GC(903) ParNew: 241733K->1357K(270336K)
[2867.474s][info ][gc,heap      ] GC(903) CMS: 365856K->366002K(600768K)
[2867.474s][info ][gc,metaspace ] GC(903) Metaspace: 57745K->57745K(1101824K)
[2867.474s][info ][gc           ] GC(903) Pause Young (Allocation Failure) 593M->358M(850M) 3.350ms
[2867.474s][info ][gc,cpu       ] GC(903) User=0.01s Sys=0.00s Real=0.01s
[2867.474s][info ][safepoint    ] Leaving safepoint region
[2867.474s][info ][safepoint    ] Total time for which application threads were stopped: 0.0034988 seconds, Stopping threads took: 0.0000159 seconds
[2868.474s][info ][safepoint    ] Application time: 1.0000988 seconds
[2868.474s][info ][safepoint    ] Entering safepoint region: Cleanup
[2868.474s][info ][safepoint    ] Leaving safepoint region
[2868.474s][info ][safepoint    ] Total time for which application threads were stopped: 0.0001225 seconds, Stopping threads took: 0.0000622 seconds
[2869.474s][info ][safepoint    ] Application time: 1.0000973 seconds
[2869.475s][info ][safepoint    ] Entering safepoint region: Cleanup
[2869.475s][info ][safepoint    ] Leaving safepoint region
[2869.475s][info ][safepoint    ] Total time for which application threads were stopped: 0.0001251 seconds, Stopping threads took: 0.0000633 seconds
[2870.475s][info ][safepoint    ] Application time: 1.0000873 seconds
[2870.475s][info ][safepoint    ] Entering safepoint region: Cleanup
[2870.475s][info ][safepoint    ] Leaving safepoint region
[2870.475s][info ][safepoint    ] Total time for which application threads were stopped: 0.0001221 seconds, Stopping threads took: 0.0000607 seconds
[2871.015s][info ][safepoint    ] Application time: 0.5403710 seconds
[2871.015s][info ][safepoint    ] Entering safepoint region: GenCollectForAllocation
[2871.015s][info ][gc,start     ] GC(904) Pause Young (Allocation Failure)
[2871.015s][info ][gc,task      ] GC(904) Using 4 workers of 4 for evacuation
[2871.018s][debug][gc,ref       ] GC(904) Skipped phase1 of Reference Processing due to unavailable references
[2871.018s][debug][gc,ref       ] GC(904) Skipped phase2 of Reference Processing due to unavailable references
[2871.018s][debug][gc,ref       ] GC(904) Skipped phase3 of Reference Processing due to unavailable references
[2871.018s][debug][gc,ref       ] GC(904) Skipped phase4 of Reference Processing due to unavailable references
[2871.018s][debug][gc,age       ] GC(904) Desired survivor size 15368192 bytes, new threshold 6 (max threshold 6)
[2871.018s][info ][gc,heap      ] GC(904) ParNew: 241677K->880K(270336K)
[2871.018s][info ][gc,heap      ] GC(904) CMS: 366002K->366284K(600768K)
[2871.018s][info ][gc,metaspace ] GC(904) Metaspace: 57745K->57745K(1101824K)
[2871.018s][info ][gc           ] GC(904) Pause Young (Allocation Failure) 593M->358M(850M) 3.075ms
[2871.018s][info ][gc,cpu       ] GC(904) User=0.02s Sys=0.00s Real=0.00s
[2871.019s][info ][safepoint    ] Leaving safepoint region
[2871.019s][info ][safepoint    ] Total time for which application threads were stopped: 0.0032572 seconds, Stopping threads took: 0.0000365 seconds
[2872.019s][info ][safepoint    ] Application time: 1.0001061 seconds
[2872.019s][info ][safepoint    ] Entering safepoint region: Cleanup
[2872.019s][info ][safepoint    ] Leaving safepoint region
[2872.019s][info ][safepoint    ] Total time for which application threads were stopped: 0.0001327 seconds, Stopping threads took: 0.0000667 seconds
[2873.019s][info ][safepoint    ] Application time: 1.0001086 seconds
[2873.019s][info ][safepoint    ] Entering safepoint region: Cleanup
[2873.019s][info ][safepoint    ] Leaving safepoint region
[2873.019s][info ][safepoint    ] Total time for which application threads were stopped: 0.0001324 seconds, Stopping threads took: 0.0000593 seconds
[2874.019s][info ][safepoint    ] Application time: 1.0000856 seconds
[2874.019s][info ][safepoint    ] Entering safepoint region: Cleanup
[2874.019s][info ][safepoint    ] Leaving safepoint region
[2874.019s][info ][safepoint    ] Total time for which application threads were stopped: 0.0001322 seconds, Stopping threads took: 0.0000729 seconds
[2874.523s][info ][safepoint    ] Application time: 0.5032054 seconds
[2874.523s][info ][safepoint    ] Entering safepoint region: GenCollectForAllocation
[2874.523s][info ][gc,start     ] GC(905) Pause Young (Allocation Failure)
[2874.523s][info ][gc,task      ] GC(905) Using 4 workers of 4 for evacuation
[2874.525s][debug][gc,ref       ] GC(905) Skipped phase1 of Reference Processing due to unavailable references
[2874.525s][debug][gc,ref       ] GC(905) Skipped phase2 of Reference Processing due to unavailable references
[2874.525s][debug][gc,ref       ] GC(905) Skipped phase3 of Reference Processing due to unavailable references
[2874.525s][debug][gc,ref       ] GC(905) Skipped phase4 of Reference Processing due to unavailable references
[2874.525s][debug][gc,age       ] GC(905) Desired survivor size 15368192 bytes, new threshold 6 (max threshold 6)
[2874.525s][info ][gc,heap      ] GC(905) ParNew: 241200K->1156K(270336K)
[2874.525s][info ][gc,heap      ] GC(905) CMS: 366284K->366298K(600768K)
[2874.525s][info ][gc,metaspace ] GC(905) Metaspace: 57745K->57745K(1101824K)
[2874.525s][info ][gc           ] GC(905) Pause Young (Allocation Failure) 593M->358M(850M) 2.564ms
[2874.525s][info ][gc,cpu       ] GC(905) User=0.01s Sys=0.00s Real=0.00s
[2874.525s][info ][safepoint    ] Leaving safepoint region
[2874.525s][info ][safepoint    ] Total time for which application threads were stopped: 0.0027189 seconds, Stopping threads took: 0.0000152 seconds
[2875.525s][info ][safepoint    ] Application time: 1.0001022 seconds
[2875.526s][info ][safepoint    ] Entering safepoint region: Cleanup
[2875.526s][info ][safepoint    ] Leaving safepoint region
[2875.526s][info ][safepoint    ] Total time for which application threads were stopped: 0.0001514 seconds, Stopping threads took: 0.0000826 seconds
[2876.526s][info ][safepoint    ] Application time: 1.0001101 seconds
[2876.526s][info ][safepoint    ] Entering safepoint region: Cleanup
[2876.526s][info ][safepoint    ] Leaving safepoint region
[2876.526s][info ][safepoint    ] Total time for which application threads were stopped: 0.0000883 seconds, Stopping threads took: 0.0000161 seconds
[2877.526s][info ][safepoint    ] Application time: 1.0000847 seconds
[2877.526s][info ][safepoint    ] Entering safepoint region: Cleanup
[2877.526s][info ][safepoint    ] Leaving safepoint region
[2877.526s][info ][safepoint    ] Total time for which application threads were stopped: 0.0000677 seconds, Stopping threads took: 0.0000150 seconds
[2877.974s][info ][safepoint    ] Application time: 0.4477931 seconds
[2877.974s][info ][safepoint    ] Entering safepoint region: GenCollectForAllocation
[2877.974s][info ][gc,start     ] GC(906) Pause Young (Allocation Failure)
[2877.974s][info ][gc,task      ] GC(906) Using 4 workers of 4 for evacuation
[2877.976s][debug][gc,ref       ] GC(906) Skipped phase1 of Reference Processing due to unavailable references
[2877.976s][debug][gc,ref       ] GC(906) Skipped phase2 of Reference Processing due to unavailable references
[2877.976s][debug][gc,ref       ] GC(906) Skipped phase3 of Reference Processing due to unavailable references
[2877.976s][debug][gc,ref       ] GC(906) Skipped phase4 of Reference Processing due to unavailable references
[2877.976s][debug][gc,age       ] GC(906) Desired survivor size 15368192 bytes, new threshold 6 (max threshold 6)
[2877.976s][info ][gc,heap      ] GC(906) ParNew: 241476K->1439K(270336K)
[2877.976s][info ][gc,heap      ] GC(906) CMS: 366298K->366329K(600768K)
[2877.976s][info ][gc,metaspace ] GC(906) Metaspace: 57745K->57745K(1101824K)
[2877.977s][info ][gc           ] GC(906) Pause Young (Allocation Failure) 593M->359M(850M) 2.483ms
[2877.977s][info ][gc,cpu       ] GC(906) User=0.01s Sys=0.00s Real=0.00s
[2877.977s][info ][safepoint    ] Leaving safepoint region
[2877.977s][info ][safepoint    ] Total time for which application threads were stopped: 0.0026380 seconds, Stopping threads took: 0.0000146 seconds
[2878.977s][info ][safepoint    ] Application time: 1.0001317 seconds
[2878.977s][info ][safepoint    ] Entering safepoint region: Cleanup
[2878.977s][info ][safepoint    ] Leaving safepoint region
[2878.977s][info ][safepoint    ] Total time for which application threads were stopped: 0.0000674 seconds, Stopping threads took: 0.0000151 seconds
[2879.977s][info ][safepoint    ] Application time: 1.0000998 seconds
[2879.977s][info ][safepoint    ] Entering safepoint region: Cleanup
[2879.977s][info ][safepoint    ] Leaving safepoint region
[2879.977s][info ][safepoint    ] Total time for which application threads were stopped: 0.0000697 seconds, Stopping threads took: 0.0000153 seconds
[2880.977s][info ][safepoint    ] Application time: 1.0000898 seconds
[2880.977s][info ][safepoint    ] Entering safepoint region: Cleanup
[2880.977s][info ][safepoint    ] Leaving safepoint region
[2880.977s][info ][safepoint    ] Total time for which application threads were stopped: 0.0000875 seconds, Stopping threads took: 0.0000166 seconds
[2881.567s][info ][safepoint    ] Application time: 0.5899181 seconds
[2881.567s][info ][safepoint    ] Entering safepoint region: GenCollectForAllocation
[2881.567s][info ][gc,start     ] GC(907) Pause Young (Allocation Failure)
[2881.567s][info ][gc,task      ] GC(907) Using 4 workers of 4 for evacuation
[2881.570s][debug][gc,ref       ] GC(907) Skipped phase1 of Reference Processing due to unavailable references
[2881.570s][debug][gc,ref       ] GC(907) Skipped phase2 of Reference Processing due to unavailable references
[2881.570s][debug][gc,ref       ] GC(907) Skipped phase3 of Reference Processing due to unavailable references
[2881.570s][debug][gc,ref       ] GC(907) Skipped phase4 of Reference Processing due to unavailable references
[2881.570s][debug][gc,age       ] GC(907) Desired survivor size 15368192 bytes, new threshold 6 (max threshold 6)
[2881.570s][info ][gc,heap      ] GC(907) ParNew: 241759K->1069K(270336K)
[2881.570s][info ][gc,heap      ] GC(907) CMS: 366329K->366481K(600768K)
[2881.570s][info ][gc,metaspace ] GC(907) Metaspace: 57745K->57745K(1101824K)
[2881.570s][info ][gc           ] GC(907) Pause Young (Allocation Failure) 593M->358M(850M) 2.647ms
[2881.570s][info ][gc,cpu       ] GC(907) User=0.01s Sys=0.00s Real=0.00s
[2881.570s][info ][safepoint    ] Leaving safepoint region
[2881.570s][info ][safepoint    ] Total time for which application threads were stopped: 0.0027941 seconds, Stopping threads took: 0.0000161 seconds
[2882.571s][info ][safepoint    ] Application time: 1.0006078 seconds
[2882.571s][info ][safepoint    ] Entering safepoint region: Cleanup
[2882.571s][info ][safepoint    ] Leaving safepoint region
[2882.571s][info ][safepoint    ] Total time for which application threads were stopped: 0.0001271 seconds, Stopping threads took: 0.0000607 seconds
[2883.571s][info ][safepoint    ] Application time: 1.0001420 seconds
[2883.571s][info ][safepoint    ] Entering safepoint region: Cleanup
[2883.571s][info ][safepoint    ] Leaving safepoint region
[2883.571s][info ][safepoint    ] Total time for which application threads were stopped: 0.0001454 seconds, Stopping threads took: 0.0000803 seconds
[2884.571s][info ][safepoint    ] Application time: 1.0000995 seconds
[2884.571s][info ][safepoint    ] Entering safepoint region: Cleanup
[2884.571s][info ][safepoint    ] Leaving safepoint region
[2884.571s][info ][safepoint    ] Total time for which application threads were stopped: 0.0001381 seconds, Stopping threads took: 0.0000713 seconds
[2885.071s][info ][safepoint    ] Application time: 0.4990909 seconds
[2885.071s][info ][safepoint    ] Entering safepoint region: GenCollectForAllocation
[2885.071s][info ][gc,start     ] GC(908) Pause Young (Allocation Failure)
[2885.071s][info ][gc,task      ] GC(908) Using 4 workers of 4 for evacuation
[2885.074s][debug][gc,ref       ] GC(908) Skipped phase1 of Reference Processing due to unavailable references
[2885.074s][debug][gc,ref       ] GC(908) Skipped phase2 of Reference Processing due to unavailable references
[2885.074s][debug][gc,ref       ] GC(908) Skipped phase3 of Reference Processing due to unavailable references
[2885.074s][debug][gc,ref       ] GC(908) Skipped phase4 of Reference Processing due to unavailable references
[2885.074s][debug][gc,age       ] GC(908) Desired survivor size 15368192 bytes, new threshold 6 (max threshold 6)
[2885.074s][info ][gc,heap      ] GC(908) ParNew: 241389K->1182K(270336K)
[2885.074s][info ][gc,heap      ] GC(908) CMS: 366481K->366648K(600768K)
[2885.074s][info ][gc,metaspace ] GC(908) Metaspace: 57746K->57746K(1101824K)
[2885.074s][info ][gc           ] GC(908) Pause Young (Allocation Failure) 593M->359M(850M) 3.136ms
[2885.074s][info ][gc,cpu       ] GC(908) User=0.00s Sys=0.00s Real=0.01s
[2885.074s][info ][safepoint    ] Leaving safepoint region
[2885.074s][info ][safepoint    ] Total time for which application threads were stopped: 0.0033331 seconds, Stopping threads took: 0.0000557 seconds
[2886.074s][info ][safepoint    ] Application time: 1.0000905 seconds
[2886.074s][info ][safepoint    ] Entering safepoint region: Cleanup
[2886.074s][info ][safepoint    ] Leaving safepoint region
[2886.074s][info ][safepoint    ] Total time for which application threads were stopped: 0.0001350 seconds, Stopping threads took: 0.0000718 seconds
[2887.074s][info ][safepoint    ] Application time: 1.0001019 seconds
[2887.074s][info ][safepoint    ] Entering safepoint region: Cleanup
[2887.074s][info ][safepoint    ] Leaving safepoint region
[2887.074s][info ][safepoint    ] Total time for which application threads were stopped: 0.0001068 seconds, Stopping threads took: 0.0000156 seconds
[2888.075s][info ][safepoint    ] Application time: 1.0000920 seconds
[2888.075s][info ][safepoint    ] Entering safepoint region: Cleanup
[2888.075s][info ][safepoint    ] Leaving safepoint region
[2888.075s][info ][safepoint    ] Total time for which application threads were stopped: 0.0001274 seconds, Stopping threads took: 0.0000591 seconds
[2888.575s][info ][safepoint    ] Application time: 0.4999966 seconds
[2888.575s][info ][safepoint    ] Entering safepoint region: GenCollectForAllocation
[2888.575s][info ][gc,start     ] GC(909) Pause Young (Allocation Failure)
[2888.575s][info ][gc,task      ] GC(909) Using 4 workers of 4 for evacuation
[2888.577s][debug][gc,ref       ] GC(909) Skipped phase1 of Reference Processing due to unavailable references
[2888.577s][debug][gc,ref       ] GC(909) Skipped phase2 of Reference Processing due to unavailable references
[2888.577s][debug][gc,ref       ] GC(909) Skipped phase3 of Reference Processing due to unavailable references
[2888.577s][debug][gc,ref       ] GC(909) Skipped phase4 of Reference Processing due to unavailable references
[2888.578s][debug][gc,age       ] GC(909) Desired survivor size 15368192 bytes, new threshold 6 (max threshold 6)
[2888.578s][info ][gc,heap      ] GC(909) ParNew: 241502K->1095K(270336K)
[2888.578s][info ][gc,heap      ] GC(909) CMS: 366648K->366736K(600768K)
[2888.578s][info ][gc,metaspace ] GC(909) Metaspace: 57746K->57746K(1101824K)
[2888.578s][info ][gc           ] GC(909) Pause Young (Allocation Failure) 593M->359M(850M) 2.711ms
[2888.578s][info ][gc,cpu       ] GC(909) User=0.00s Sys=0.00s Real=0.00s
[2888.578s][info ][safepoint    ] Leaving safepoint region
[2888.578s][info ][safepoint    ] Total time for which application threads were stopped: 0.0028538 seconds, Stopping threads took: 0.0000146 seconds
[2889.578s][info ][safepoint    ] Application time: 1.0001451 seconds
[2889.578s][info ][safepoint    ] Entering safepoint region: Cleanup
[2889.578s][info ][safepoint    ] Leaving safepoint region
[2889.578s][info ][safepoint    ] Total time for which application threads were stopped: 0.0000680 seconds, Stopping threads took: 0.0000151 seconds
[2890.578s][info ][safepoint    ] Application time: 1.0000973 seconds
[2890.578s][info ][safepoint    ] Entering safepoint region: Cleanup
[2890.578s][info ][safepoint    ] Leaving safepoint region
[2890.578s][info ][safepoint    ] Total time for which application threads were stopped: 0.0000996 seconds, Stopping threads took: 0.0000152 seconds
[2891.578s][info ][safepoint    ] Application time: 1.0001120 seconds
[2891.578s][info ][safepoint    ] Entering safepoint region: Cleanup
[2891.578s][info ][safepoint    ] Leaving safepoint region
[2891.578s][info ][safepoint    ] Total time for which application threads were stopped: 0.0000678 seconds, Stopping threads took: 0.0000145 seconds
[2892.072s][info ][safepoint    ] Application time: 0.4935098 seconds
[2892.072s][info ][safepoint    ] Entering safepoint region: GenCollectForAllocation
[2892.072s][info ][gc,start     ] GC(910) Pause Young (Allocation Failure)
[2892.072s][info ][gc,task      ] GC(910) Using 4 workers of 4 for evacuation
[2892.075s][debug][gc,ref       ] GC(910) Skipped phase1 of Reference Processing due to unavailable references
[2892.075s][debug][gc,ref       ] GC(910) Skipped phase2 of Reference Processing due to unavailable references
[2892.075s][debug][gc,ref       ] GC(910) Skipped phase3 of Reference Processing due to unavailable references
[2892.075s][debug][gc,ref       ] GC(910) Skipped phase4 of Reference Processing due to unavailable references
[2892.075s][debug][gc,age       ] GC(910) Desired survivor size 15368192 bytes, new threshold 6 (max threshold 6)
[2892.075s][info ][gc,heap      ] GC(910) ParNew: 241415K->1436K(270336K)
[2892.075s][info ][gc,heap      ] GC(910) CMS: 366736K->366814K(600768K)
[2892.075s][info ][gc,metaspace ] GC(910) Metaspace: 57746K->57746K(1101824K)
[2892.075s][info ][gc           ] GC(910) Pause Young (Allocation Failure) 593M->359M(850M) 2.954ms
[2892.075s][info ][gc,cpu       ] GC(910) User=0.01s Sys=0.00s Real=0.01s
[2892.075s][info ][safepoint    ] Leaving safepoint region
[2892.075s][info ][safepoint    ] Total time for which application threads were stopped: 0.0030970 seconds, Stopping threads took: 0.0000150 seconds
[2893.075s][info ][safepoint    ] Application time: 1.0000923 seconds
[2893.075s][info ][safepoint    ] Entering safepoint region: Cleanup
[2893.075s][info ][safepoint    ] Leaving safepoint region
[2893.075s][info ][safepoint    ] Total time for which application threads were stopped: 0.0000717 seconds, Stopping threads took: 0.0000156 seconds
[2894.075s][info ][safepoint    ] Application time: 1.0001235 seconds
[2894.075s][info ][safepoint    ] Entering safepoint region: Cleanup
[2894.075s][info ][safepoint    ] Leaving safepoint region
[2894.075s][info ][safepoint    ] Total time for which application threads were stopped: 0.0000706 seconds, Stopping threads took: 0.0000152 seconds
[2895.076s][info ][safepoint    ] Application time: 1.0000985 seconds
[2895.076s][info ][safepoint    ] Entering safepoint region: Cleanup
[2895.076s][info ][safepoint    ] Leaving safepoint region
[2895.076s][info ][safepoint    ] Total time for which application threads were stopped: 0.0000686 seconds, Stopping threads took: 0.0000156 seconds
[2895.467s][info ][safepoint    ] Application time: 0.3912139 seconds
[2895.467s][info ][safepoint    ] Entering safepoint region: GenCollectForAllocation
[2895.467s][info ][gc,start     ] GC(911) Pause Young (Allocation Failure)
[2895.467s][info ][gc,task      ] GC(911) Using 4 workers of 4 for evacuation
[2895.470s][debug][gc,ref       ] GC(911) Skipped phase1 of Reference Processing due to unavailable references
[2895.470s][debug][gc,ref       ] GC(911) Skipped phase2 of Reference Processing due to unavailable references
[2895.470s][debug][gc,ref       ] GC(911) Skipped phase3 of Reference Processing due to unavailable references
[2895.470s][debug][gc,ref       ] GC(911) Skipped phase4 of Reference Processing due to unavailable references
[2895.470s][debug][gc,age       ] GC(911) Desired survivor size 15368192 bytes, new threshold 6 (max threshold 6)
[2895.470s][info ][gc,heap      ] GC(911) ParNew: 241756K->1653K(270336K)
[2895.470s][info ][gc,heap      ] GC(911) CMS: 366814K->366928K(600768K)
[2895.470s][info ][gc,metaspace ] GC(911) Metaspace: 57746K->57746K(1101824K)
[2895.470s][info ][gc           ] GC(911) Pause Young (Allocation Failure) 594M->359M(850M) 3.072ms
[2895.470s][info ][gc,cpu       ] GC(911) User=0.02s Sys=0.00s Real=0.00s
[2895.470s][info ][safepoint    ] Leaving safepoint region
[2895.470s][info ][safepoint    ] Total time for which application threads were stopped: 0.0032541 seconds, Stopping threads took: 0.0000458 seconds
[2896.470s][info ][safepoint    ] Application time: 1.0001102 seconds
[2896.470s][info ][safepoint    ] Entering safepoint region: Cleanup
[2896.470s][info ][safepoint    ] Leaving safepoint region
[2896.470s][info ][safepoint    ] Total time for which application threads were stopped: 0.0001497 seconds, Stopping threads took: 0.0000906 seconds
[2897.471s][info ][safepoint    ] Application time: 1.0001015 seconds
[2897.471s][info ][safepoint    ] Entering safepoint region: Cleanup
[2897.471s][info ][safepoint    ] Leaving safepoint region
[2897.471s][info ][safepoint    ] Total time for which application threads were stopped: 0.0001359 seconds, Stopping threads took: 0.0000672 seconds
[2898.471s][info ][safepoint    ] Application time: 1.0001037 seconds
[2898.471s][info ][safepoint    ] Entering safepoint region: Cleanup
[2898.471s][info ][safepoint    ] Leaving safepoint region
[2898.471s][info ][safepoint    ] Total time for which application threads were stopped: 0.0001534 seconds, Stopping threads took: 0.0000782 seconds
[2898.878s][info ][safepoint    ] Application time: 0.4069432 seconds
[2898.878s][info ][safepoint    ] Entering safepoint region: GenCollectForAllocation
[2898.878s][info ][gc,start     ] GC(912) Pause Young (Allocation Failure)
[2898.878s][info ][gc,task      ] GC(912) Using 4 workers of 4 for evacuation
[2898.881s][debug][gc,ref       ] GC(912) Skipped phase1 of Reference Processing due to unavailable references
[2898.881s][debug][gc,ref       ] GC(912) Skipped phase2 of Reference Processing due to unavailable references
[2898.881s][debug][gc,ref       ] GC(912) Skipped phase3 of Reference Processing due to unavailable references
[2898.881s][debug][gc,ref       ] GC(912) Skipped phase4 of Reference Processing due to unavailable references
[2898.882s][debug][gc,age       ] GC(912) Desired survivor size 15368192 bytes, new threshold 6 (max threshold 6)
[2898.882s][info ][gc,heap      ] GC(912) ParNew: 241973K->1578K(270336K)
[2898.882s][info ][gc,heap      ] GC(912) CMS: 366928K->367032K(600768K)
[2898.882s][info ][gc,metaspace ] GC(912) Metaspace: 57746K->57746K(1101824K)
[2898.882s][info ][gc           ] GC(912) Pause Young (Allocation Failure) 594M->359M(850M) 3.465ms
[2898.882s][info ][gc,cpu       ] GC(912) User=0.01s Sys=0.00s Real=0.00s
[2898.882s][info ][safepoint    ] Leaving safepoint region
[2898.882s][info ][safepoint    ] Total time for which application threads were stopped: 0.0036417 seconds, Stopping threads took: 0.0000287 seconds
[2899.882s][info ][safepoint    ] Application time: 1.0000991 seconds
[2899.882s][info ][safepoint    ] Entering safepoint region: Cleanup
[2899.882s][info ][safepoint    ] Leaving safepoint region
[2899.882s][info ][safepoint    ] Total time for which application threads were stopped: 0.0000884 seconds, Stopping threads took: 0.0000246 seconds
[2900.882s][info ][safepoint    ] Application time: 1.0000853 seconds
[2900.882s][info ][safepoint    ] Entering safepoint region: Cleanup
[2900.882s][info ][safepoint    ] Leaving safepoint region
[2900.882s][info ][safepoint    ] Total time for which application threads were stopped: 0.0000712 seconds, Stopping threads took: 0.0000174 seconds
[2901.882s][info ][safepoint    ] Application time: 1.0000870 seconds
[2901.882s][info ][safepoint    ] Entering safepoint region: Cleanup
[2901.882s][info ][safepoint    ] Leaving safepoint region
[2901.882s][info ][safepoint    ] Total time for which application threads were stopped: 0.0000715 seconds, Stopping threads took: 0.0000158 seconds
[2902.365s][info ][safepoint    ] Application time: 0.4830336 seconds
[2902.365s][info ][safepoint    ] Entering safepoint region: GenCollectForAllocation
[2902.366s][info ][gc,start     ] GC(913) Pause Young (Allocation Failure)
[2902.366s][info ][gc,task      ] GC(913) Using 4 workers of 4 for evacuation
[2902.368s][debug][gc,ref       ] GC(913) Skipped phase1 of Reference Processing due to unavailable references
[2902.368s][debug][gc,ref       ] GC(913) Skipped phase2 of Reference Processing due to unavailable references
[2902.368s][debug][gc,ref       ] GC(913) Skipped phase3 of Reference Processing due to unavailable references
[2902.368s][debug][gc,ref       ] GC(913) Skipped phase4 of Reference Processing due to unavailable references
[2902.368s][debug][gc,age       ] GC(913) Desired survivor size 15368192 bytes, new threshold 6 (max threshold 6)
[2902.368s][info ][gc,heap      ] GC(913) ParNew: 241898K->1435K(270336K)
[2902.368s][info ][gc,heap      ] GC(913) CMS: 367032K->367068K(600768K)
[2902.368s][info ][gc,metaspace ] GC(913) Metaspace: 57746K->57746K(1101824K)
[2902.368s][info ][gc           ] GC(913) Pause Young (Allocation Failure) 594M->359M(850M) 2.671ms
[2902.368s][info ][gc,cpu       ] GC(913) User=0.01s Sys=0.00s Real=0.01s
[2902.368s][info ][safepoint    ] Leaving safepoint region
[2902.368s][info ][safepoint    ] Total time for which application threads were stopped: 0.0028507 seconds, Stopping threads took: 0.0000536 seconds
[2903.368s][info ][safepoint    ] Application time: 1.0000991 seconds
[2903.368s][info ][safepoint    ] Entering safepoint region: Cleanup
[2903.369s][info ][safepoint    ] Leaving safepoint region
[2903.369s][info ][safepoint    ] Total time for which application threads were stopped: 0.0002252 seconds, Stopping threads took: 0.0001552 seconds
[2904.369s][info ][safepoint    ] Application time: 1.0000978 seconds
[2904.369s][info ][safepoint    ] Entering safepoint region: Cleanup
[2904.369s][info ][safepoint    ] Leaving safepoint region
[2904.369s][info ][safepoint    ] Total time for which application threads were stopped: 0.0001530 seconds, Stopping threads took: 0.0000830 seconds
[2905.369s][info ][safepoint    ] Application time: 1.0000961 seconds
[2905.369s][info ][safepoint    ] Entering safepoint region: Cleanup
[2905.369s][info ][safepoint    ] Leaving safepoint region
[2905.369s][info ][safepoint    ] Total time for which application threads were stopped: 0.0001576 seconds, Stopping threads took: 0.0000918 seconds
[2906.016s][info ][safepoint    ] Application time: 0.6469562 seconds
[2906.016s][info ][safepoint    ] Entering safepoint region: GenCollectForAllocation
[2906.016s][info ][gc,start     ] GC(914) Pause Young (Allocation Failure)
[2906.016s][info ][gc,task      ] GC(914) Using 4 workers of 4 for evacuation
[2906.019s][debug][gc,ref       ] GC(914) Skipped phase1 of Reference Processing due to unavailable references
[2906.019s][debug][gc,ref       ] GC(914) Skipped phase2 of Reference Processing due to unavailable references
[2906.019s][debug][gc,ref       ] GC(914) Skipped phase3 of Reference Processing due to unavailable references
[2906.019s][debug][gc,ref       ] GC(914) Skipped phase4 of Reference Processing due to unavailable references
[2906.019s][debug][gc,age       ] GC(914) Desired survivor size 15368192 bytes, new threshold 6 (max threshold 6)
[2906.019s][info ][gc,heap      ] GC(914) ParNew: 241755K->1525K(270336K)
[2906.019s][info ][gc,heap      ] GC(914) CMS: 367068K->367245K(600768K)
[2906.019s][info ][gc,metaspace ] GC(914) Metaspace: 57746K->57746K(1101824K)
[2906.019s][info ][gc           ] GC(914) Pause Young (Allocation Failure) 594M->360M(850M) 2.849ms
[2906.019s][info ][gc,cpu       ] GC(914) User=0.01s Sys=0.00s Real=0.00s
[2906.019s][info ][safepoint    ] Leaving safepoint region
[2906.019s][info ][safepoint    ] Total time for which application threads were stopped: 0.0029893 seconds, Stopping threads took: 0.0000147 seconds
[2907.019s][info ][safepoint    ] Application time: 1.0001002 seconds
[2907.019s][info ][safepoint    ] Entering safepoint region: Cleanup
[2907.019s][info ][safepoint    ] Leaving safepoint region
[2907.019s][info ][safepoint    ] Total time for which application threads were stopped: 0.0001352 seconds, Stopping threads took: 0.0000716 seconds
[2908.020s][info ][safepoint    ] Application time: 1.0000977 seconds
[2908.020s][info ][safepoint    ] Entering safepoint region: Cleanup
[2908.020s][info ][safepoint    ] Leaving safepoint region
[2908.020s][info ][safepoint    ] Total time for which application threads were stopped: 0.0001400 seconds, Stopping threads took: 0.0000615 seconds
[2909.020s][info ][safepoint    ] Application time: 1.0002014 seconds
[2909.020s][info ][safepoint    ] Entering safepoint region: Cleanup
[2909.020s][info ][safepoint    ] Leaving safepoint region
[2909.020s][info ][safepoint    ] Total time for which application threads were stopped: 0.0001164 seconds, Stopping threads took: 0.0000424 seconds
[2909.578s][info ][safepoint    ] Application time: 0.5579957 seconds
[2909.578s][info ][safepoint    ] Entering safepoint region: GenCollectForAllocation
[2909.578s][info ][gc,start     ] GC(915) Pause Young (Allocation Failure)
[2909.578s][info ][gc,task      ] GC(915) Using 4 workers of 4 for evacuation
[2909.581s][debug][gc,ref       ] GC(915) Skipped phase1 of Reference Processing due to unavailable references
[2909.581s][debug][gc,ref       ] GC(915) Skipped phase2 of Reference Processing due to unavailable references
[2909.581s][debug][gc,ref       ] GC(915) Skipped phase3 of Reference Processing due to unavailable references
[2909.581s][debug][gc,ref       ] GC(915) Skipped phase4 of Reference Processing due to unavailable references
[2909.581s][debug][gc,age       ] GC(915) Desired survivor size 15368192 bytes, new threshold 6 (max threshold 6)
[2909.581s][info ][gc,heap      ] GC(915) ParNew: 241845K->1473K(270336K)
[2909.581s][info ][gc,heap      ] GC(915) CMS: 367245K->367342K(600768K)
[2909.581s][info ][gc,metaspace ] GC(915) Metaspace: 57746K->57746K(1101824K)
[2909.581s][info ][gc           ] GC(915) Pause Young (Allocation Failure) 594M->360M(850M) 2.829ms
[2909.581s][info ][gc,cpu       ] GC(915) User=0.01s Sys=0.00s Real=0.00s
[2909.581s][info ][safepoint    ] Leaving safepoint region
[2909.581s][info ][safepoint    ] Total time for which application threads were stopped: 0.0029969 seconds, Stopping threads took: 0.0000273 seconds
[2910.582s][info ][safepoint    ] Application time: 1.0007486 seconds
[2910.582s][info ][safepoint    ] Entering safepoint region: Cleanup
[2910.582s][info ][safepoint    ] Leaving safepoint region
[2910.582s][info ][safepoint    ] Total time for which application threads were stopped: 0.0000691 seconds, Stopping threads took: 0.0000152 seconds
[2911.582s][info ][safepoint    ] Application time: 1.0000873 seconds
[2911.582s][info ][safepoint    ] Entering safepoint region: Cleanup
[2911.582s][info ][safepoint    ] Leaving safepoint region
[2911.582s][info ][safepoint    ] Total time for which application threads were stopped: 0.0000689 seconds, Stopping threads took: 0.0000152 seconds
[2912.582s][info ][safepoint    ] Application time: 1.0003080 seconds
[2912.583s][info ][safepoint    ] Entering safepoint region: Cleanup
[2912.583s][info ][safepoint    ] Leaving safepoint region
[2912.583s][info ][safepoint    ] Total time for which application threads were stopped: 0.0001202 seconds, Stopping threads took: 0.0000167 seconds
[2913.222s][info ][safepoint    ] Application time: 0.6395268 seconds
[2913.222s][info ][safepoint    ] Entering safepoint region: GenCollectForAllocation
[2913.222s][info ][gc,start     ] GC(916) Pause Young (Allocation Failure)
[2913.222s][info ][gc,task      ] GC(916) Using 4 workers of 4 for evacuation
[2913.225s][debug][gc,ref       ] GC(916) Skipped phase1 of Reference Processing due to unavailable references
[2913.225s][debug][gc,ref       ] GC(916) Skipped phase2 of Reference Processing due to unavailable references
[2913.225s][debug][gc,ref       ] GC(916) Skipped phase3 of Reference Processing due to unavailable references
[2913.225s][debug][gc,ref       ] GC(916) Skipped phase4 of Reference Processing due to unavailable references
[2913.225s][debug][gc,age       ] GC(916) Desired survivor size 15368192 bytes, new threshold 6 (max threshold 6)
[2913.225s][info ][gc,heap      ] GC(916) ParNew: 241793K->1265K(270336K)
[2913.225s][info ][gc,heap      ] GC(916) CMS: 367342K->367588K(600768K)
[2913.225s][info ][gc,metaspace ] GC(916) Metaspace: 57746K->57746K(1101824K)
[2913.225s][info ][gc           ] GC(916) Pause Young (Allocation Failure) 594M->360M(850M) 2.811ms
[2913.225s][info ][gc,cpu       ] GC(916) User=0.01s Sys=0.00s Real=0.00s
[2913.225s][info ][safepoint    ] Leaving safepoint region
[2913.225s][info ][safepoint    ] Total time for which application threads were stopped: 0.0029603 seconds, Stopping threads took: 0.0000165 seconds
[2914.225s][info ][safepoint    ] Application time: 1.0001818 seconds
[2914.225s][info ][safepoint    ] Entering safepoint region: Cleanup
[2914.226s][info ][safepoint    ] Leaving safepoint region
[2914.226s][info ][safepoint    ] Total time for which application threads were stopped: 0.0001482 seconds, Stopping threads took: 0.0000773 seconds
[2915.226s][info ][safepoint    ] Application time: 1.0001037 seconds
[2915.226s][info ][safepoint    ] Entering safepoint region: Cleanup
[2915.226s][info ][safepoint    ] Leaving safepoint region
[2915.226s][info ][safepoint    ] Total time for which application threads were stopped: 0.0000944 seconds, Stopping threads took: 0.0000232 seconds
[2916.226s][info ][safepoint    ] Application time: 1.0001932 seconds
[2916.226s][info ][safepoint    ] Entering safepoint region: Cleanup
[2916.226s][info ][safepoint    ] Leaving safepoint region
[2916.226s][info ][safepoint    ] Total time for which application threads were stopped: 0.0001707 seconds, Stopping threads took: 0.0000852 seconds
[2916.771s][info ][safepoint    ] Application time: 0.5452288 seconds
[2916.771s][info ][safepoint    ] Entering safepoint region: GenCollectForAllocation
[2916.772s][info ][gc,start     ] GC(917) Pause Young (Allocation Failure)
[2916.772s][info ][gc,task      ] GC(917) Using 4 workers of 4 for evacuation
[2916.774s][debug][gc,ref       ] GC(917) Skipped phase1 of Reference Processing due to unavailable references
[2916.774s][debug][gc,ref       ] GC(917) Skipped phase2 of Reference Processing due to unavailable references
[2916.774s][debug][gc,ref       ] GC(917) Skipped phase3 of Reference Processing due to unavailable references
[2916.774s][debug][gc,ref       ] GC(917) Skipped phase4 of Reference Processing due to unavailable references
[2916.774s][debug][gc,age       ] GC(917) Desired survivor size 15368192 bytes, new threshold 6 (max threshold 6)
[2916.774s][info ][gc,heap      ] GC(917) ParNew: 241585K->1225K(270336K)
[2916.774s][info ][gc,heap      ] GC(917) CMS: 367588K->367841K(600768K)
[2916.774s][info ][gc,metaspace ] GC(917) Metaspace: 57746K->57746K(1101824K)
[2916.774s][info ][gc           ] GC(917) Pause Young (Allocation Failure) 594M->360M(850M) 2.863ms
[2916.774s][info ][gc,cpu       ] GC(917) User=0.01s Sys=0.00s Real=0.01s
[2916.774s][info ][safepoint    ] Leaving safepoint region
[2916.774s][info ][safepoint    ] Total time for which application threads were stopped: 0.0030137 seconds, Stopping threads took: 0.0000161 seconds
[2917.775s][info ][safepoint    ] Application time: 1.0000584 seconds
[2917.775s][info ][safepoint    ] Entering safepoint region: Cleanup
[2917.775s][info ][safepoint    ] Leaving safepoint region
[2917.775s][info ][safepoint    ] Total time for which application threads were stopped: 0.0001774 seconds, Stopping threads took: 0.0000888 seconds
[2918.775s][info ][safepoint    ] Application time: 1.0000928 seconds
[2918.775s][info ][safepoint    ] Entering safepoint region: Cleanup
[2918.775s][info ][safepoint    ] Leaving safepoint region
[2918.775s][info ][safepoint    ] Total time for which application threads were stopped: 0.0000718 seconds, Stopping threads took: 0.0000161 seconds
[2919.775s][info ][safepoint    ] Application time: 1.0000855 seconds
[2919.775s][info ][safepoint    ] Entering safepoint region: Cleanup
[2919.775s][info ][safepoint    ] Leaving safepoint region
[2919.775s][info ][safepoint    ] Total time for which application threads were stopped: 0.0000687 seconds, Stopping threads took: 0.0000141 seconds
[2920.419s][info ][safepoint    ] Application time: 0.6438850 seconds
[2920.419s][info ][safepoint    ] Entering safepoint region: GenCollectForAllocation
[2920.419s][info ][gc,start     ] GC(918) Pause Young (Allocation Failure)
[2920.419s][info ][gc,task      ] GC(918) Using 4 workers of 4 for evacuation
[2920.421s][debug][gc,ref       ] GC(918) Skipped phase1 of Reference Processing due to unavailable references
[2920.421s][debug][gc,ref       ] GC(918) Skipped phase2 of Reference Processing due to unavailable references
[2920.421s][debug][gc,ref       ] GC(918) Skipped phase3 of Reference Processing due to unavailable references
[2920.421s][debug][gc,ref       ] GC(918) Skipped phase4 of Reference Processing due to unavailable references
[2920.422s][debug][gc,age       ] GC(918) Desired survivor size 15368192 bytes, new threshold 6 (max threshold 6)
[2920.422s][info ][gc,heap      ] GC(918) ParNew: 241545K->1382K(270336K)
[2920.422s][info ][gc,heap      ] GC(918) CMS: 367841K->367896K(600768K)
[2920.422s][info ][gc,metaspace ] GC(918) Metaspace: 57746K->57746K(1101824K)
[2920.422s][info ][gc           ] GC(918) Pause Young (Allocation Failure) 595M->360M(850M) 2.453ms
[2920.422s][info ][gc,cpu       ] GC(918) User=0.01s Sys=0.00s Real=0.00s
[2920.422s][info ][safepoint    ] Leaving safepoint region
[2920.422s][info ][safepoint    ] Total time for which application threads were stopped: 0.0026145 seconds, Stopping threads took: 0.0000148 seconds
[2921.422s][info ][safepoint    ] Application time: 1.0001150 seconds
[2921.422s][info ][safepoint    ] Entering safepoint region: Cleanup
[2921.422s][info ][safepoint    ] Leaving safepoint region
[2921.422s][info ][safepoint    ] Total time for which application threads were stopped: 0.0001392 seconds, Stopping threads took: 0.0000760 seconds
[2922.422s][info ][safepoint    ] Application time: 1.0001044 seconds
[2922.422s][info ][safepoint    ] Entering safepoint region: Cleanup
[2922.422s][info ][safepoint    ] Leaving safepoint region
[2922.422s][info ][safepoint    ] Total time for which application threads were stopped: 0.0001564 seconds, Stopping threads took: 0.0000754 seconds
[2923.422s][info ][safepoint    ] Application time: 1.0001136 seconds
[2923.423s][info ][safepoint    ] Entering safepoint region: Cleanup
[2923.423s][info ][safepoint    ] Leaving safepoint region
[2923.423s][info ][safepoint    ] Total time for which application threads were stopped: 0.0001273 seconds, Stopping threads took: 0.0000668 seconds
[2924.218s][info ][safepoint    ] Application time: 0.7950483 seconds
[2924.218s][info ][safepoint    ] Entering safepoint region: GenCollectForAllocation
[2924.218s][info ][gc,start     ] GC(919) Pause Young (Allocation Failure)
[2924.218s][info ][gc,task      ] GC(919) Using 4 workers of 4 for evacuation
[2924.220s][debug][gc,ref       ] GC(919) Skipped phase1 of Reference Processing due to unavailable references
[2924.220s][debug][gc,ref       ] GC(919) Skipped phase2 of Reference Processing due to unavailable references
[2924.220s][debug][gc,ref       ] GC(919) Skipped phase3 of Reference Processing due to unavailable references
[2924.220s][debug][gc,ref       ] GC(919) Skipped phase4 of Reference Processing due to unavailable references
[2924.220s][debug][gc,age       ] GC(919) Desired survivor size 15368192 bytes, new threshold 6 (max threshold 6)
[2924.220s][info ][gc,heap      ] GC(919) ParNew: 241702K->1219K(270336K)
[2924.220s][info ][gc,heap      ] GC(919) CMS: 367896K->367904K(600768K)
[2924.220s][info ][gc,metaspace ] GC(919) Metaspace: 57746K->57746K(1101824K)
[2924.220s][info ][gc           ] GC(919) Pause Young (Allocation Failure) 595M->360M(850M) 2.476ms
[2924.220s][info ][gc,cpu       ] GC(919) User=0.01s Sys=0.00s Real=0.00s
[2924.220s][info ][safepoint    ] Leaving safepoint region
[2924.220s][info ][safepoint    ] Total time for which application threads were stopped: 0.0026303 seconds, Stopping threads took: 0.0000146 seconds
[2925.220s][info ][safepoint    ] Application time: 1.0001083 seconds
[2925.221s][info ][safepoint    ] Entering safepoint region: Cleanup
[2925.221s][info ][safepoint    ] Leaving safepoint region
[2925.221s][info ][safepoint    ] Total time for which application threads were stopped: 0.0001380 seconds, Stopping threads took: 0.0000735 seconds
[2926.221s][info ][safepoint    ] Application time: 1.0000974 seconds
[2926.221s][info ][safepoint    ] Entering safepoint region: Cleanup
[2926.221s][info ][safepoint    ] Leaving safepoint region
[2926.221s][info ][safepoint    ] Total time for which application threads were stopped: 0.0001105 seconds, Stopping threads took: 0.0000472 seconds
[2927.221s][info ][safepoint    ] Application time: 1.0001669 seconds
[2927.221s][info ][safepoint    ] Entering safepoint region: Cleanup
[2927.221s][info ][safepoint    ] Leaving safepoint region
[2927.221s][info ][safepoint    ] Total time for which application threads were stopped: 0.0001126 seconds, Stopping threads took: 0.0000453 seconds
[2928.014s][info ][safepoint    ] Application time: 0.7932667 seconds
[2928.014s][info ][safepoint    ] Entering safepoint region: GenCollectForAllocation
[2928.015s][info ][gc,start     ] GC(920) Pause Young (Allocation Failure)
[2928.015s][info ][gc,task      ] GC(920) Using 4 workers of 4 for evacuation
[2928.017s][debug][gc,ref       ] GC(920) Skipped phase1 of Reference Processing due to unavailable references
[2928.017s][debug][gc,ref       ] GC(920) Skipped phase2 of Reference Processing due to unavailable references
[2928.017s][debug][gc,ref       ] GC(920) Skipped phase3 of Reference Processing due to unavailable references
[2928.017s][debug][gc,ref       ] GC(920) Skipped phase4 of Reference Processing due to unavailable references
[2928.017s][debug][gc,age       ] GC(920) Desired survivor size 15368192 bytes, new threshold 6 (max threshold 6)
[2928.017s][info ][gc,heap      ] GC(920) ParNew: 241539K->998K(270336K)
[2928.017s][info ][gc,heap      ] GC(920) CMS: 367904K->368232K(600768K)
[2928.017s][info ][gc,metaspace ] GC(920) Metaspace: 57746K->57746K(1101824K)
[2928.017s][info ][gc           ] GC(920) Pause Young (Allocation Failure) 595M->360M(850M) 2.740ms
[2928.017s][info ][gc,cpu       ] GC(920) User=0.01s Sys=0.00s Real=0.00s
[2928.017s][info ][safepoint    ] Leaving safepoint region
[2928.017s][info ][safepoint    ] Total time for which application threads were stopped: 0.0028886 seconds, Stopping threads took: 0.0000153 seconds
[2929.017s][info ][safepoint    ] Application time: 1.0001183 seconds
[2929.018s][info ][safepoint    ] Entering safepoint region: Cleanup
[2929.018s][info ][safepoint    ] Leaving safepoint region
[2929.018s][info ][safepoint    ] Total time for which application threads were stopped: 0.0000963 seconds, Stopping threads took: 0.0000386 seconds
[2930.018s][info ][safepoint    ] Application time: 1.0000980 seconds
[2930.018s][info ][safepoint    ] Entering safepoint region: Cleanup
[2930.018s][info ][safepoint    ] Leaving safepoint region
[2930.018s][info ][safepoint    ] Total time for which application threads were stopped: 0.0002450 seconds, Stopping threads took: 0.0001799 seconds
[2931.018s][info ][safepoint    ] Application time: 1.0001064 seconds
[2931.018s][info ][safepoint    ] Entering safepoint region: Cleanup
[2931.018s][info ][safepoint    ] Leaving safepoint region
[2931.018s][info ][safepoint    ] Total time for which application threads were stopped: 0.0001175 seconds, Stopping threads took: 0.0000486 seconds
[2931.770s][info ][safepoint    ] Application time: 0.7522068 seconds
[2931.770s][info ][safepoint    ] Entering safepoint region: GenCollectForAllocation
[2931.771s][info ][gc,start     ] GC(921) Pause Young (Allocation Failure)
[2931.771s][info ][gc,task      ] GC(921) Using 4 workers of 4 for evacuation
[2931.773s][debug][gc,ref       ] GC(921) Skipped phase1 of Reference Processing due to unavailable references
[2931.773s][debug][gc,ref       ] GC(921) Skipped phase2 of Reference Processing due to unavailable references
[2931.773s][debug][gc,ref       ] GC(921) Skipped phase3 of Reference Processing due to unavailable references
[2931.773s][debug][gc,ref       ] GC(921) Skipped phase4 of Reference Processing due to unavailable references
[2931.773s][debug][gc,age       ] GC(921) Desired survivor size 15368192 bytes, new threshold 6 (max threshold 6)
[2931.773s][info ][gc,heap      ] GC(921) ParNew: 241318K->1156K(270336K)
[2931.773s][info ][gc,heap      ] GC(921) CMS: 368232K->368344K(600768K)
[2931.773s][info ][gc,metaspace ] GC(921) Metaspace: 57746K->57746K(1101824K)
[2931.773s][info ][gc           ] GC(921) Pause Young (Allocation Failure) 595M->360M(850M) 2.620ms
[2931.773s][info ][gc,cpu       ] GC(921) User=0.01s Sys=0.00s Real=0.00s
[2931.773s][info ][safepoint    ] Leaving safepoint region
[2931.773s][info ][safepoint    ] Total time for which application threads were stopped: 0.0027668 seconds, Stopping threads took: 0.0000163 seconds
[2932.773s][info ][safepoint    ] Application time: 1.0000809 seconds
[2932.773s][info ][safepoint    ] Entering safepoint region: Cleanup
[2932.774s][info ][safepoint    ] Leaving safepoint region
[2932.774s][info ][safepoint    ] Total time for which application threads were stopped: 0.0001958 seconds, Stopping threads took: 0.0000906 seconds
[2933.776s][info ][safepoint    ] Application time: 1.0022927 seconds
[2933.776s][info ][safepoint    ] Entering safepoint region: Cleanup
[2933.776s][info ][safepoint    ] Leaving safepoint region
[2933.776s][info ][safepoint    ] Total time for which application threads were stopped: 0.0000822 seconds, Stopping threads took: 0.0000158 seconds
[2934.776s][info ][safepoint    ] Application time: 1.0001513 seconds
[2934.776s][info ][safepoint    ] Entering safepoint region: Cleanup
[2934.776s][info ][safepoint    ] Leaving safepoint region
[2934.776s][info ][safepoint    ] Total time for which application threads were stopped: 0.0000708 seconds, Stopping threads took: 0.0000164 seconds
[2935.473s][info ][safepoint    ] Application time: 0.6964312 seconds
[2935.473s][info ][safepoint    ] Entering safepoint region: GenCollectForAllocation
[2935.473s][info ][gc,start     ] GC(922) Pause Young (Allocation Failure)
[2935.473s][info ][gc,task      ] GC(922) Using 4 workers of 4 for evacuation
[2935.475s][debug][gc,ref       ] GC(922) Skipped phase1 of Reference Processing due to unavailable references
[2935.475s][debug][gc,ref       ] GC(922) Skipped phase2 of Reference Processing due to unavailable references
[2935.475s][debug][gc,ref       ] GC(922) Skipped phase3 of Reference Processing due to unavailable references
[2935.475s][debug][gc,ref       ] GC(922) Skipped phase4 of Reference Processing due to unavailable references
[2935.476s][debug][gc,age       ] GC(922) Desired survivor size 15368192 bytes, new threshold 6 (max threshold 6)
[2935.476s][info ][gc,heap      ] GC(922) ParNew: 241476K->1229K(270336K)
[2935.476s][info ][gc,heap      ] GC(922) CMS: 368344K->368460K(600768K)
[2935.476s][info ][gc,metaspace ] GC(922) Metaspace: 57746K->57746K(1101824K)
[2935.476s][info ][gc           ] GC(922) Pause Young (Allocation Failure) 595M->361M(850M) 2.723ms
[2935.476s][info ][gc,cpu       ] GC(922) User=0.01s Sys=0.00s Real=0.01s
[2935.476s][info ][safepoint    ] Leaving safepoint region
[2935.476s][info ][safepoint    ] Total time for which application threads were stopped: 0.0028702 seconds, Stopping threads took: 0.0000148 seconds
[2936.476s][info ][safepoint    ] Application time: 1.0002391 seconds
[2936.476s][info ][safepoint    ] Entering safepoint region: Cleanup
[2936.476s][info ][safepoint    ] Leaving safepoint region
[2936.476s][info ][safepoint    ] Total time for which application threads were stopped: 0.0001030 seconds, Stopping threads took: 0.0000497 seconds
[2937.476s][info ][safepoint    ] Application time: 1.0000959 seconds
[2937.476s][info ][safepoint    ] Entering safepoint region: Cleanup
[2937.476s][info ][safepoint    ] Leaving safepoint region
[2937.476s][info ][safepoint    ] Total time for which application threads were stopped: 0.0000667 seconds, Stopping threads took: 0.0000147 seconds
[2938.476s][info ][safepoint    ] Application time: 1.0000825 seconds
[2938.476s][info ][safepoint    ] Entering safepoint region: Cleanup
[2938.476s][info ][safepoint    ] Leaving safepoint region
[2938.476s][info ][safepoint    ] Total time for which application threads were stopped: 0.0000705 seconds, Stopping threads took: 0.0000160 seconds
[2939.165s][info ][safepoint    ] Application time: 0.6887185 seconds
[2939.165s][info ][safepoint    ] Entering safepoint region: GenCollectForAllocation
[2939.165s][info ][gc,start     ] GC(923) Pause Young (Allocation Failure)
[2939.165s][info ][gc,task      ] GC(923) Using 4 workers of 4 for evacuation
[2939.168s][debug][gc,ref       ] GC(923) Skipped phase1 of Reference Processing due to unavailable references
[2939.168s][debug][gc,ref       ] GC(923) Skipped phase2 of Reference Processing due to unavailable references
[2939.168s][debug][gc,ref       ] GC(923) Skipped phase3 of Reference Processing due to unavailable references
[2939.168s][debug][gc,ref       ] GC(923) Skipped phase4 of Reference Processing due to unavailable references
[2939.168s][debug][gc,age       ] GC(923) Desired survivor size 15368192 bytes, new threshold 6 (max threshold 6)
[2939.168s][info ][gc,heap      ] GC(923) ParNew: 241549K->1201K(270336K)
[2939.168s][info ][gc,heap      ] GC(923) CMS: 368460K->368708K(600768K)
[2939.168s][info ][gc,metaspace ] GC(923) Metaspace: 57746K->57746K(1101824K)
[2939.168s][info ][gc           ] GC(923) Pause Young (Allocation Failure) 595M->361M(850M) 2.852ms
[2939.168s][info ][gc,cpu       ] GC(923) User=0.01s Sys=0.00s Real=0.01s
[2939.168s][info ][safepoint    ] Leaving safepoint region
[2939.168s][info ][safepoint    ] Total time for which application threads were stopped: 0.0030090 seconds, Stopping threads took: 0.0000156 seconds
[2940.168s][info ][safepoint    ] Application time: 1.0000946 seconds
[2940.168s][info ][safepoint    ] Entering safepoint region: Cleanup
[2940.169s][info ][safepoint    ] Leaving safepoint region
[2940.169s][info ][safepoint    ] Total time for which application threads were stopped: 0.0002004 seconds, Stopping threads took: 0.0001321 seconds
[2941.169s][info ][safepoint    ] Application time: 1.0001021 seconds
[2941.169s][info ][safepoint    ] Entering safepoint region: Cleanup
[2941.169s][info ][safepoint    ] Leaving safepoint region
[2941.169s][info ][safepoint    ] Total time for which application threads were stopped: 0.0001293 seconds, Stopping threads took: 0.0000628 seconds
[2942.169s][info ][safepoint    ] Application time: 1.0000914 seconds
[2942.169s][info ][safepoint    ] Entering safepoint region: Cleanup
[2942.169s][info ][safepoint    ] Leaving safepoint region
[2942.169s][info ][safepoint    ] Total time for which application threads were stopped: 0.0001294 seconds, Stopping threads took: 0.0000705 seconds
[2942.819s][info ][safepoint    ] Application time: 0.6502672 seconds
[2942.819s][info ][safepoint    ] Entering safepoint region: GenCollectForAllocation
[2942.820s][info ][gc,start     ] GC(924) Pause Young (Allocation Failure)
[2942.820s][info ][gc,task      ] GC(924) Using 4 workers of 4 for evacuation
[2942.822s][debug][gc,ref       ] GC(924) Skipped phase1 of Reference Processing due to unavailable references
[2942.822s][debug][gc,ref       ] GC(924) Skipped phase2 of Reference Processing due to unavailable references
[2942.822s][debug][gc,ref       ] GC(924) Skipped phase3 of Reference Processing due to unavailable references
[2942.822s][debug][gc,ref       ] GC(924) Skipped phase4 of Reference Processing due to unavailable references
[2942.822s][debug][gc,age       ] GC(924) Desired survivor size 15368192 bytes, new threshold 6 (max threshold 6)
[2942.822s][info ][gc,heap      ] GC(924) ParNew: 241521K->1185K(270336K)
[2942.822s][info ][gc,heap      ] GC(924) CMS: 368708K->368782K(600768K)
[2942.822s][info ][gc,metaspace ] GC(924) Metaspace: 57746K->57746K(1101824K)
[2942.822s][info ][gc           ] GC(924) Pause Young (Allocation Failure) 595M->361M(850M) 2.714ms
[2942.822s][info ][gc,cpu       ] GC(924) User=0.01s Sys=0.00s Real=0.00s
[2942.822s][info ][safepoint    ] Leaving safepoint region
[2942.822s][info ][safepoint    ] Total time for which application threads were stopped: 0.0028770 seconds, Stopping threads took: 0.0000187 seconds
[2943.822s][info ][safepoint    ] Application time: 1.0000945 seconds
[2943.822s][info ][safepoint    ] Entering safepoint region: Cleanup
[2943.823s][info ][safepoint    ] Leaving safepoint region
[2943.823s][info ][safepoint    ] Total time for which application threads were stopped: 0.0001282 seconds, Stopping threads took: 0.0000617 seconds
[2944.823s][info ][safepoint    ] Application time: 1.0001100 seconds
[2944.823s][info ][safepoint    ] Entering safepoint region: Cleanup
[2944.823s][info ][safepoint    ] Leaving safepoint region
[2944.823s][info ][safepoint    ] Total time for which application threads were stopped: 0.0001662 seconds, Stopping threads took: 0.0000970 seconds
[2945.823s][info ][safepoint    ] Application time: 1.0000949 seconds
[2945.823s][info ][safepoint    ] Entering safepoint region: Cleanup
[2945.823s][info ][safepoint    ] Leaving safepoint region
[2945.823s][info ][safepoint    ] Total time for which application threads were stopped: 0.0001715 seconds, Stopping threads took: 0.0000965 seconds
[2946.465s][info ][safepoint    ] Application time: 0.6419124 seconds
[2946.465s][info ][safepoint    ] Entering safepoint region: GenCollectForAllocation
[2946.465s][info ][gc,start     ] GC(925) Pause Young (Allocation Failure)
[2946.465s][info ][gc,task      ] GC(925) Using 4 workers of 4 for evacuation
[2946.468s][debug][gc,ref       ] GC(925) Skipped phase1 of Reference Processing due to unavailable references
[2946.468s][debug][gc,ref       ] GC(925) Skipped phase2 of Reference Processing due to unavailable references
[2946.468s][debug][gc,ref       ] GC(925) Skipped phase3 of Reference Processing due to unavailable references
[2946.468s][debug][gc,ref       ] GC(925) Skipped phase4 of Reference Processing due to unavailable references
[2946.468s][debug][gc,age       ] GC(925) Desired survivor size 15368192 bytes, new threshold 6 (max threshold 6)
[2946.468s][info ][gc,heap      ] GC(925) ParNew: 241505K->1358K(270336K)
[2946.468s][info ][gc,heap      ] GC(925) CMS: 368782K->368794K(600768K)
[2946.468s][info ][gc,metaspace ] GC(925) Metaspace: 57746K->57746K(1101824K)
[2946.468s][info ][gc           ] GC(925) Pause Young (Allocation Failure) 595M->361M(850M) 2.932ms
[2946.468s][info ][gc,cpu       ] GC(925) User=0.01s Sys=0.00s Real=0.01s
[2946.468s][info ][safepoint    ] Leaving safepoint region
[2946.468s][info ][safepoint    ] Total time for which application threads were stopped: 0.0031140 seconds, Stopping threads took: 0.0000448 seconds
[2947.468s][info ][safepoint    ] Application time: 1.0000712 seconds
[2947.468s][info ][safepoint    ] Entering safepoint region: Cleanup
[2947.468s][info ][safepoint    ] Leaving safepoint region
[2947.468s][info ][safepoint    ] Total time for which application threads were stopped: 0.0001338 seconds, Stopping threads took: 0.0000591 seconds
[2948.469s][info ][safepoint    ] Application time: 1.0001022 seconds
[2948.469s][info ][safepoint    ] Entering safepoint region: Cleanup
[2948.469s][info ][safepoint    ] Leaving safepoint region
[2948.469s][info ][safepoint    ] Total time for which application threads were stopped: 0.0001404 seconds, Stopping threads took: 0.0000737 seconds
[2949.469s][info ][safepoint    ] Application time: 1.0001145 seconds
[2949.469s][info ][safepoint    ] Entering safepoint region: Cleanup
[2949.469s][info ][safepoint    ] Leaving safepoint region
[2949.469s][info ][safepoint    ] Total time for which application threads were stopped: 0.0001214 seconds, Stopping threads took: 0.0000617 seconds
[2950.169s][info ][safepoint    ] Application time: 0.7001861 seconds
[2950.169s][info ][safepoint    ] Entering safepoint region: GenCollectForAllocation
[2950.169s][info ][gc,start     ] GC(926) Pause Young (Allocation Failure)
[2950.169s][info ][gc,task      ] GC(926) Using 4 workers of 4 for evacuation
[2950.172s][debug][gc,ref       ] GC(926) Skipped phase1 of Reference Processing due to unavailable references
[2950.172s][debug][gc,ref       ] GC(926) Skipped phase2 of Reference Processing due to unavailable references
[2950.172s][debug][gc,ref       ] GC(926) Skipped phase3 of Reference Processing due to unavailable references
[2950.172s][debug][gc,ref       ] GC(926) Skipped phase4 of Reference Processing due to unavailable references
[2950.172s][debug][gc,age       ] GC(926) Desired survivor size 15368192 bytes, new threshold 6 (max threshold 6)
[2950.172s][info ][gc,heap      ] GC(926) ParNew: 241678K->1497K(270336K)
[2950.172s][info ][gc,heap      ] GC(926) CMS: 368794K->368937K(600768K)
[2950.172s][info ][gc,metaspace ] GC(926) Metaspace: 57746K->57746K(1101824K)
[2950.172s][info ][gc           ] GC(926) Pause Young (Allocation Failure) 596M->361M(850M) 3.050ms
[2950.172s][info ][gc,cpu       ] GC(926) User=0.01s Sys=0.00s Real=0.00s
[2950.173s][info ][safepoint    ] Leaving safepoint region
[2950.173s][info ][safepoint    ] Total time for which application threads were stopped: 0.0032420 seconds, Stopping threads took: 0.0000644 seconds
[2951.173s][info ][safepoint    ] Application time: 1.0001055 seconds
[2951.173s][info ][safepoint    ] Entering safepoint region: Cleanup
[2951.173s][info ][safepoint    ] Leaving safepoint region
[2951.173s][info ][safepoint    ] Total time for which application threads were stopped: 0.0001310 seconds, Stopping threads took: 0.0000609 seconds
[2952.173s][info ][safepoint    ] Application time: 1.0000919 seconds
[2952.173s][info ][safepoint    ] Entering safepoint region: Cleanup
[2952.173s][info ][safepoint    ] Leaving safepoint region
[2952.173s][info ][safepoint    ] Total time for which application threads were stopped: 0.0001324 seconds, Stopping threads took: 0.0000628 seconds
[2953.173s][info ][safepoint    ] Application time: 1.0001559 seconds
[2953.173s][info ][safepoint    ] Entering safepoint region: Cleanup
[2953.173s][info ][safepoint    ] Leaving safepoint region
[2953.173s][info ][safepoint    ] Total time for which application threads were stopped: 0.0001223 seconds, Stopping threads took: 0.0000437 seconds
[2953.823s][info ][safepoint    ] Application time: 0.6495522 seconds
[2953.823s][info ][safepoint    ] Entering safepoint region: GenCollectForAllocation
[2953.823s][info ][gc,start     ] GC(927) Pause Young (Allocation Failure)
[2953.823s][info ][gc,task      ] GC(927) Using 4 workers of 4 for evacuation
[2953.826s][debug][gc,ref       ] GC(927) Skipped phase1 of Reference Processing due to unavailable references
[2953.826s][debug][gc,ref       ] GC(927) Skipped phase2 of Reference Processing due to unavailable references
[2953.826s][debug][gc,ref       ] GC(927) Skipped phase3 of Reference Processing due to unavailable references
[2953.826s][debug][gc,ref       ] GC(927) Skipped phase4 of Reference Processing due to unavailable references
[2953.826s][debug][gc,age       ] GC(927) Desired survivor size 15368192 bytes, new threshold 6 (max threshold 6)
[2953.826s][info ][gc,heap      ] GC(927) ParNew: 241817K->1603K(270336K)
[2953.826s][info ][gc,heap      ] GC(927) CMS: 368937K->369038K(600768K)
[2953.826s][info ][gc,metaspace ] GC(927) Metaspace: 57746K->57746K(1101824K)
[2953.826s][info ][gc           ] GC(927) Pause Young (Allocation Failure) 596M->361M(850M) 3.219ms
[2953.826s][info ][gc,cpu       ] GC(927) User=0.01s Sys=0.00s Real=0.01s
[2953.826s][info ][safepoint    ] Leaving safepoint region
[2953.826s][info ][safepoint    ] Total time for which application threads were stopped: 0.0033753 seconds, Stopping threads took: 0.0000262 seconds
[2954.826s][info ][safepoint    ] Application time: 1.0001024 seconds
[2954.827s][info ][safepoint    ] Entering safepoint region: Cleanup
[2954.827s][info ][safepoint    ] Leaving safepoint region
[2954.827s][info ][safepoint    ] Total time for which application threads were stopped: 0.0000717 seconds, Stopping threads took: 0.0000157 seconds
[2955.827s][info ][safepoint    ] Application time: 1.0000845 seconds
[2955.827s][info ][safepoint    ] Entering safepoint region: Cleanup
[2955.827s][info ][safepoint    ] Leaving safepoint region
[2955.827s][info ][safepoint    ] Total time for which application threads were stopped: 0.0000756 seconds, Stopping threads took: 0.0000159 seconds
[2956.830s][info ][safepoint    ] Application time: 1.0030484 seconds
[2956.830s][info ][safepoint    ] Entering safepoint region: Cleanup
[2956.830s][info ][safepoint    ] Leaving safepoint region
[2956.830s][info ][safepoint    ] Total time for which application threads were stopped: 0.0000692 seconds, Stopping threads took: 0.0000152 seconds
[2957.565s][info ][safepoint    ] Application time: 0.7352822 seconds
[2957.565s][info ][safepoint    ] Entering safepoint region: GenCollectForAllocation
[2957.565s][info ][gc,start     ] GC(928) Pause Young (Allocation Failure)
[2957.566s][info ][gc,task      ] GC(928) Using 4 workers of 4 for evacuation
[2957.568s][debug][gc,ref       ] GC(928) Skipped phase1 of Reference Processing due to unavailable references
[2957.568s][debug][gc,ref       ] GC(928) Skipped phase2 of Reference Processing due to unavailable references
[2957.568s][debug][gc,ref       ] GC(928) Skipped phase3 of Reference Processing due to unavailable references
[2957.568s][debug][gc,ref       ] GC(928) Skipped phase4 of Reference Processing due to unavailable references
[2957.568s][debug][gc,age       ] GC(928) Desired survivor size 15368192 bytes, new threshold 6 (max threshold 6)
[2957.568s][info ][gc,heap      ] GC(928) ParNew: 241923K->1124K(270336K)
[2957.568s][info ][gc,heap      ] GC(928) CMS: 369038K->369273K(600768K)
[2957.568s][info ][gc,metaspace ] GC(928) Metaspace: 57746K->57746K(1101824K)
[2957.568s][info ][gc           ] GC(928) Pause Young (Allocation Failure) 596M->361M(850M) 2.885ms
[2957.568s][info ][gc,cpu       ] GC(928) User=0.01s Sys=0.00s Real=0.01s
[2957.568s][info ][safepoint    ] Leaving safepoint region
[2957.568s][info ][safepoint    ] Total time for which application threads were stopped: 0.0030894 seconds, Stopping threads took: 0.0000574 seconds
[2958.569s][info ][safepoint    ] Application time: 1.0001056 seconds
[2958.569s][info ][safepoint    ] Entering safepoint region: Cleanup
[2958.569s][info ][safepoint    ] Leaving safepoint region
[2958.569s][info ][safepoint    ] Total time for which application threads were stopped: 0.0001377 seconds, Stopping threads took: 0.0000644 seconds
[2959.569s][info ][safepoint    ] Application time: 1.0001108 seconds
[2959.569s][info ][safepoint    ] Entering safepoint region: Cleanup
[2959.569s][info ][safepoint    ] Leaving safepoint region
[2959.569s][info ][safepoint    ] Total time for which application threads were stopped: 0.0001232 seconds, Stopping threads took: 0.0000602 seconds
[2960.569s][info ][safepoint    ] Application time: 1.0000953 seconds
[2960.569s][info ][safepoint    ] Entering safepoint region: Cleanup
[2960.569s][info ][safepoint    ] Leaving safepoint region
[2960.569s][info ][safepoint    ] Total time for which application threads were stopped: 0.0001702 seconds, Stopping threads took: 0.0000795 seconds
[2961.220s][info ][safepoint    ] Application time: 0.6503270 seconds
[2961.220s][info ][safepoint    ] Entering safepoint region: GenCollectForAllocation
[2961.220s][info ][gc,start     ] GC(929) Pause Young (Allocation Failure)
[2961.220s][info ][gc,task      ] GC(929) Using 4 workers of 4 for evacuation
[2961.222s][debug][gc,ref       ] GC(929) Skipped phase1 of Reference Processing due to unavailable references
[2961.222s][debug][gc,ref       ] GC(929) Skipped phase2 of Reference Processing due to unavailable references
[2961.222s][debug][gc,ref       ] GC(929) Skipped phase3 of Reference Processing due to unavailable references
[2961.222s][debug][gc,ref       ] GC(929) Skipped phase4 of Reference Processing due to unavailable references
[2961.222s][debug][gc,age       ] GC(929) Desired survivor size 15368192 bytes, new threshold 6 (max threshold 6)
[2961.222s][info ][gc,heap      ] GC(929) ParNew: 241444K->1170K(270336K)
[2961.222s][info ][gc,heap      ] GC(929) CMS: 369273K->369405K(600768K)
[2961.222s][info ][gc,metaspace ] GC(929) Metaspace: 57746K->57746K(1101824K)
[2961.222s][info ][gc           ] GC(929) Pause Young (Allocation Failure) 596M->361M(850M) 2.548ms
[2961.222s][info ][gc,cpu       ] GC(929) User=0.01s Sys=0.00s Real=0.00s
[2961.222s][info ][safepoint    ] Leaving safepoint region
[2961.222s][info ][safepoint    ] Total time for which application threads were stopped: 0.0027021 seconds, Stopping threads took: 0.0000155 seconds
[2962.222s][info ][safepoint    ] Application time: 1.0000894 seconds
[2962.223s][info ][safepoint    ] Entering safepoint region: Cleanup
[2962.223s][info ][safepoint    ] Leaving safepoint region
[2962.223s][info ][safepoint    ] Total time for which application threads were stopped: 0.0001574 seconds, Stopping threads took: 0.0000895 seconds
[2963.223s][info ][safepoint    ] Application time: 1.0000916 seconds
[2963.223s][info ][safepoint    ] Entering safepoint region: Cleanup
[2963.223s][info ][safepoint    ] Leaving safepoint region
[2963.223s][info ][safepoint    ] Total time for which application threads were stopped: 0.0001178 seconds, Stopping threads took: 0.0000556 seconds
[2964.223s][info ][safepoint    ] Application time: 1.0001603 seconds
[2964.223s][info ][safepoint    ] Entering safepoint region: Cleanup
[2964.223s][info ][safepoint    ] Leaving safepoint region
[2964.223s][info ][safepoint    ] Total time for which application threads were stopped: 0.0001737 seconds, Stopping threads took: 0.0001102 seconds
[2964.970s][info ][safepoint    ] Application time: 0.7463368 seconds
[2964.970s][info ][safepoint    ] Entering safepoint region: GenCollectForAllocation
[2964.970s][info ][gc,start     ] GC(930) Pause Young (Allocation Failure)
[2964.970s][info ][gc,task      ] GC(930) Using 4 workers of 4 for evacuation
[2964.972s][debug][gc,ref       ] GC(930) Skipped phase1 of Reference Processing due to unavailable references
[2964.972s][debug][gc,ref       ] GC(930) Skipped phase2 of Reference Processing due to unavailable references
[2964.972s][debug][gc,ref       ] GC(930) Skipped phase3 of Reference Processing due to unavailable references
[2964.972s][debug][gc,ref       ] GC(930) Skipped phase4 of Reference Processing due to unavailable references
[2964.972s][debug][gc,age       ] GC(930) Desired survivor size 15368192 bytes, new threshold 6 (max threshold 6)
[2964.972s][info ][gc,heap      ] GC(930) ParNew: 241490K->1297K(270336K)
[2964.972s][info ][gc,heap      ] GC(930) CMS: 369405K->369478K(600768K)
[2964.972s][info ][gc,metaspace ] GC(930) Metaspace: 57746K->57746K(1101824K)
[2964.972s][info ][gc           ] GC(930) Pause Young (Allocation Failure) 596M->362M(850M) 2.645ms
[2964.972s][info ][gc,cpu       ] GC(930) User=0.01s Sys=0.01s Real=0.00s
[2964.972s][info ][safepoint    ] Leaving safepoint region
[2964.973s][info ][safepoint    ] Total time for which application threads were stopped: 0.0028508 seconds, Stopping threads took: 0.0000229 seconds
[2965.973s][info ][safepoint    ] Application time: 1.0001112 seconds
[2965.973s][info ][safepoint    ] Entering safepoint region: Cleanup
[2965.973s][info ][safepoint    ] Leaving safepoint region
[2965.973s][info ][safepoint    ] Total time for which application threads were stopped: 0.0001268 seconds, Stopping threads took: 0.0000604 seconds
[2966.973s][info ][safepoint    ] Application time: 1.0000941 seconds
[2966.973s][info ][safepoint    ] Entering safepoint region: Cleanup
[2966.973s][info ][safepoint    ] Leaving safepoint region
[2966.973s][info ][safepoint    ] Total time for which application threads were stopped: 0.0001109 seconds, Stopping threads took: 0.0000425 seconds
[2967.973s][info ][safepoint    ] Application time: 1.0000939 seconds
[2967.973s][info ][safepoint    ] Entering safepoint region: Cleanup
[2967.973s][info ][safepoint    ] Leaving safepoint region
[2967.973s][info ][safepoint    ] Total time for which application threads were stopped: 0.0001200 seconds, Stopping threads took: 0.0000658 seconds
[2968.816s][info ][safepoint    ] Application time: 0.8428480 seconds
[2968.816s][info ][safepoint    ] Entering safepoint region: GenCollectForAllocation
[2968.816s][info ][gc,start     ] GC(931) Pause Young (Allocation Failure)
[2968.816s][info ][gc,task      ] GC(931) Using 4 workers of 4 for evacuation
[2968.819s][debug][gc,ref       ] GC(931) Skipped phase1 of Reference Processing due to unavailable references
[2968.819s][debug][gc,ref       ] GC(931) Skipped phase2 of Reference Processing due to unavailable references
[2968.819s][debug][gc,ref       ] GC(931) Skipped phase3 of Reference Processing due to unavailable references
[2968.819s][debug][gc,ref       ] GC(931) Skipped phase4 of Reference Processing due to unavailable references
[2968.819s][debug][gc,age       ] GC(931) Desired survivor size 15368192 bytes, new threshold 6 (max threshold 6)
[2968.819s][info ][gc,heap      ] GC(931) ParNew: 241617K->846K(270336K)
[2968.819s][info ][gc,heap      ] GC(931) CMS: 369478K->369833K(600768K)
[2968.819s][info ][gc,metaspace ] GC(931) Metaspace: 57746K->57746K(1101824K)
[2968.819s][info ][gc           ] GC(931) Pause Young (Allocation Failure) 596M->361M(850M) 2.698ms
[2968.819s][info ][gc,cpu       ] GC(931) User=0.01s Sys=0.00s Real=0.00s
[2968.819s][info ][safepoint    ] Leaving safepoint region
[2968.819s][info ][safepoint    ] Total time for which application threads were stopped: 0.0028703 seconds, Stopping threads took: 0.0000389 seconds
[2969.819s][info ][safepoint    ] Application time: 1.0001025 seconds
[2969.819s][info ][safepoint    ] Entering safepoint region: Cleanup
[2969.819s][info ][safepoint    ] Leaving safepoint region
[2969.819s][info ][safepoint    ] Total time for which application threads were stopped: 0.0000967 seconds, Stopping threads took: 0.0000379 seconds
[2970.819s][info ][safepoint    ] Application time: 1.0000955 seconds
[2970.820s][info ][safepoint    ] Entering safepoint region: Cleanup
[2970.820s][info ][safepoint    ] Leaving safepoint region
[2970.820s][info ][safepoint    ] Total time for which application threads were stopped: 0.0001401 seconds, Stopping threads took: 0.0000728 seconds
[2971.820s][info ][safepoint    ] Application time: 1.0000643 seconds
[2971.820s][info ][safepoint    ] Entering safepoint region: Cleanup
[2971.820s][info ][safepoint    ] Leaving safepoint region
[2971.820s][info ][safepoint    ] Total time for which application threads were stopped: 0.0001621 seconds, Stopping threads took: 0.0001044 seconds
[2972.571s][info ][safepoint    ] Application time: 0.7508393 seconds
[2972.571s][info ][safepoint    ] Entering safepoint region: GenCollectForAllocation
[2972.571s][info ][gc,start     ] GC(932) Pause Young (Allocation Failure)
[2972.571s][info ][gc,task      ] GC(932) Using 4 workers of 4 for evacuation
[2972.575s][debug][gc,ref       ] GC(932) Skipped phase1 of Reference Processing due to unavailable references
[2972.575s][debug][gc,ref       ] GC(932) Skipped phase2 of Reference Processing due to unavailable references
[2972.575s][debug][gc,ref       ] GC(932) Skipped phase3 of Reference Processing due to unavailable references
[2972.575s][debug][gc,ref       ] GC(932) Skipped phase4 of Reference Processing due to unavailable references
[2972.575s][debug][gc,age       ] GC(932) Desired survivor size 15368192 bytes, new threshold 6 (max threshold 6)
[2972.575s][info ][gc,heap      ] GC(932) ParNew: 241166K->1014K(270336K)
[2972.575s][info ][gc,heap      ] GC(932) CMS: 369833K->369934K(600768K)
[2972.575s][info ][gc,metaspace ] GC(932) Metaspace: 57746K->57746K(1101824K)
[2972.575s][info ][gc           ] GC(932) Pause Young (Allocation Failure) 596M->362M(850M) 4.466ms
[2972.575s][info ][gc,cpu       ] GC(932) User=0.02s Sys=0.00s Real=0.01s
[2972.576s][info ][safepoint    ] Leaving safepoint region
[2972.576s][info ][safepoint    ] Total time for which application threads were stopped: 0.0047987 seconds, Stopping threads took: 0.0000149 seconds
[2973.576s][info ][safepoint    ] Application time: 1.0001066 seconds
[2973.576s][info ][safepoint    ] Entering safepoint region: Cleanup
[2973.576s][info ][safepoint    ] Leaving safepoint region
[2973.576s][info ][safepoint    ] Total time for which application threads were stopped: 0.0000697 seconds, Stopping threads took: 0.0000157 seconds
[2974.576s][info ][safepoint    ] Application time: 1.0000995 seconds
[2974.576s][info ][safepoint    ] Entering safepoint region: Cleanup
[2974.576s][info ][safepoint    ] Leaving safepoint region
[2974.576s][info ][safepoint    ] Total time for which application threads were stopped: 0.0000860 seconds, Stopping threads took: 0.0000168 seconds
[2975.576s][info ][safepoint    ] Application time: 1.0000977 seconds
[2975.576s][info ][safepoint    ] Entering safepoint region: Cleanup
[2975.576s][info ][safepoint    ] Leaving safepoint region
[2975.576s][info ][safepoint    ] Total time for which application threads were stopped: 0.0000699 seconds, Stopping threads took: 0.0000163 seconds
[2976.272s][info ][safepoint    ] Application time: 0.6960136 seconds
[2976.272s][info ][safepoint    ] Entering safepoint region: GenCollectForAllocation
[2976.272s][info ][gc,start     ] GC(933) Pause Young (Allocation Failure)
[2976.272s][info ][gc,task      ] GC(933) Using 4 workers of 4 for evacuation
[2976.275s][debug][gc,ref       ] GC(933) Skipped phase1 of Reference Processing due to unavailable references
[2976.275s][debug][gc,ref       ] GC(933) Skipped phase2 of Reference Processing due to unavailable references
[2976.275s][debug][gc,ref       ] GC(933) Skipped phase3 of Reference Processing due to unavailable references
[2976.275s][debug][gc,ref       ] GC(933) Skipped phase4 of Reference Processing due to unavailable references
[2976.275s][debug][gc,age       ] GC(933) Desired survivor size 15368192 bytes, new threshold 6 (max threshold 6)
[2976.275s][info ][gc,heap      ] GC(933) ParNew: 241334K->1114K(270336K)
[2976.275s][info ][gc,heap      ] GC(933) CMS: 369934K->370011K(600768K)
[2976.275s][info ][gc,metaspace ] GC(933) Metaspace: 57746K->57746K(1101824K)
[2976.275s][info ][gc           ] GC(933) Pause Young (Allocation Failure) 596M->362M(850M) 2.687ms
[2976.275s][info ][gc,cpu       ] GC(933) User=0.01s Sys=0.00s Real=0.01s
[2976.275s][info ][safepoint    ] Leaving safepoint region
[2976.275s][info ][safepoint    ] Total time for which application threads were stopped: 0.0028497 seconds, Stopping threads took: 0.0000289 seconds
[2977.275s][info ][safepoint    ] Application time: 1.0000917 seconds
[2977.275s][info ][safepoint    ] Entering safepoint region: Cleanup
[2977.275s][info ][safepoint    ] Leaving safepoint region
[2977.275s][info ][safepoint    ] Total time for which application threads were stopped: 0.0000686 seconds, Stopping threads took: 0.0000152 seconds
[2978.275s][info ][safepoint    ] Application time: 1.0000879 seconds
[2978.275s][info ][safepoint    ] Entering safepoint region: Cleanup
[2978.276s][info ][safepoint    ] Leaving safepoint region
[2978.276s][info ][safepoint    ] Total time for which application threads were stopped: 0.0001208 seconds, Stopping threads took: 0.0000159 seconds
[2979.276s][info ][safepoint    ] Application time: 1.0000894 seconds
[2979.276s][info ][safepoint    ] Entering safepoint region: Cleanup
[2979.276s][info ][safepoint    ] Leaving safepoint region
[2979.276s][info ][safepoint    ] Total time for which application threads were stopped: 0.0000708 seconds, Stopping threads took: 0.0000155 seconds
[2979.973s][info ][safepoint    ] Application time: 0.6976982 seconds
[2979.973s][info ][safepoint    ] Entering safepoint region: GenCollectForAllocation
[2979.974s][info ][gc,start     ] GC(934) Pause Young (Allocation Failure)
[2979.974s][info ][gc,task      ] GC(934) Using 4 workers of 4 for evacuation
[2979.976s][debug][gc,ref       ] GC(934) Skipped phase1 of Reference Processing due to unavailable references
[2979.976s][debug][gc,ref       ] GC(934) Skipped phase2 of Reference Processing due to unavailable references
[2979.976s][debug][gc,ref       ] GC(934) Skipped phase3 of Reference Processing due to unavailable references
[2979.976s][debug][gc,ref       ] GC(934) Skipped phase4 of Reference Processing due to unavailable references
[2979.976s][debug][gc,age       ] GC(934) Desired survivor size 15368192 bytes, new threshold 6 (max threshold 6)
[2979.976s][info ][gc,heap      ] GC(934) ParNew: 241434K->1020K(270336K)
[2979.976s][info ][gc,heap      ] GC(934) CMS: 370011K->370125K(600768K)
[2979.976s][info ][gc,metaspace ] GC(934) Metaspace: 57746K->57746K(1101824K)
[2979.976s][info ][gc           ] GC(934) Pause Young (Allocation Failure) 597M->362M(850M) 2.654ms
[2979.976s][info ][gc,cpu       ] GC(934) User=0.01s Sys=0.00s Real=0.01s
[2979.976s][info ][safepoint    ] Leaving safepoint region
[2979.976s][info ][safepoint    ] Total time for which application threads were stopped: 0.0028045 seconds, Stopping threads took: 0.0000167 seconds
[2980.976s][info ][safepoint    ] Application time: 1.0000998 seconds
[2980.976s][info ][safepoint    ] Entering safepoint region: Cleanup
[2980.977s][info ][safepoint    ] Leaving safepoint region
[2980.977s][info ][safepoint    ] Total time for which application threads were stopped: 0.0000805 seconds, Stopping threads took: 0.0000143 seconds
[2981.977s][info ][safepoint    ] Application time: 1.0001040 seconds
[2981.977s][info ][safepoint    ] Entering safepoint region: Cleanup
[2981.977s][info ][safepoint    ] Leaving safepoint region
[2981.977s][info ][safepoint    ] Total time for which application threads were stopped: 0.0000691 seconds, Stopping threads took: 0.0000158 seconds
[2982.977s][info ][safepoint    ] Application time: 1.0000888 seconds
[2982.977s][info ][safepoint    ] Entering safepoint region: Cleanup
[2982.977s][info ][safepoint    ] Leaving safepoint region
[2982.977s][info ][safepoint    ] Total time for which application threads were stopped: 0.0000693 seconds, Stopping threads took: 0.0000159 seconds
[2983.675s][info ][safepoint    ] Application time: 0.6982127 seconds
[2983.675s][info ][safepoint    ] Entering safepoint region: GenCollectForAllocation
[2983.675s][info ][gc,start     ] GC(935) Pause Young (Allocation Failure)
[2983.675s][info ][gc,task      ] GC(935) Using 4 workers of 4 for evacuation
[2983.678s][debug][gc,ref       ] GC(935) Skipped phase1 of Reference Processing due to unavailable references
[2983.678s][debug][gc,ref       ] GC(935) Skipped phase2 of Reference Processing due to unavailable references
[2983.678s][debug][gc,ref       ] GC(935) Skipped phase3 of Reference Processing due to unavailable references
[2983.678s][debug][gc,ref       ] GC(935) Skipped phase4 of Reference Processing due to unavailable references
[2983.678s][debug][gc,age       ] GC(935) Desired survivor size 15368192 bytes, new threshold 6 (max threshold 6)
[2983.678s][info ][gc,heap      ] GC(935) ParNew: 241336K->981K(270336K)
[2983.678s][info ][gc,heap      ] GC(935) CMS: 370125K->370240K(600768K)
[2983.678s][info ][gc,metaspace ] GC(935) Metaspace: 57746K->57746K(1101824K)
[2983.678s][info ][gc           ] GC(935) Pause Young (Allocation Failure) 597M->362M(850M) 2.604ms
[2983.678s][info ][gc,cpu       ] GC(935) User=0.01s Sys=0.00s Real=0.00s
[2983.678s][info ][safepoint    ] Leaving safepoint region
[2983.678s][info ][safepoint    ] Total time for which application threads were stopped: 0.0027602 seconds, Stopping threads took: 0.0000147 seconds
[2984.678s][info ][safepoint    ] Application time: 1.0001692 seconds
[2984.678s][info ][safepoint    ] Entering safepoint region: Cleanup
[2984.678s][info ][safepoint    ] Leaving safepoint region
[2984.678s][info ][safepoint    ] Total time for which application threads were stopped: 0.0000675 seconds, Stopping threads took: 0.0000158 seconds
[2985.678s][info ][safepoint    ] Application time: 1.0001061 seconds
[2985.678s][info ][safepoint    ] Entering safepoint region: Cleanup
[2985.678s][info ][safepoint    ] Leaving safepoint region
[2985.678s][info ][safepoint    ] Total time for which application threads were stopped: 0.0000700 seconds, Stopping threads took: 0.0000161 seconds
[2986.679s][info ][safepoint    ] Application time: 1.0000909 seconds
[2986.679s][info ][safepoint    ] Entering safepoint region: Cleanup
[2986.679s][info ][safepoint    ] Leaving safepoint region
[2986.679s][info ][safepoint    ] Total time for which application threads were stopped: 0.0000693 seconds, Stopping threads took: 0.0000150 seconds
[2987.420s][info ][safepoint    ] Application time: 0.7417333 seconds
[2987.420s][info ][safepoint    ] Entering safepoint region: GenCollectForAllocation
[2987.421s][info ][gc,start     ] GC(936) Pause Young (Allocation Failure)
[2987.421s][info ][gc,task      ] GC(936) Using 4 workers of 4 for evacuation
[2987.423s][debug][gc,ref       ] GC(936) Skipped phase1 of Reference Processing due to unavailable references
[2987.423s][debug][gc,ref       ] GC(936) Skipped phase2 of Reference Processing due to unavailable references
[2987.423s][debug][gc,ref       ] GC(936) Skipped phase3 of Reference Processing due to unavailable references
[2987.423s][debug][gc,ref       ] GC(936) Skipped phase4 of Reference Processing due to unavailable references
[2987.423s][debug][gc,age       ] GC(936) Desired survivor size 15368192 bytes, new threshold 6 (max threshold 6)
[2987.423s][info ][gc,heap      ] GC(936) ParNew: 241301K->1081K(270336K)
[2987.423s][info ][gc,heap      ] GC(936) CMS: 370240K->370270K(600768K)
[2987.423s][info ][gc,metaspace ] GC(936) Metaspace: 57746K->57746K(1101824K)
[2987.423s][info ][gc           ] GC(936) Pause Young (Allocation Failure) 597M->362M(850M) 2.468ms
[2987.423s][info ][gc,cpu       ] GC(936) User=0.00s Sys=0.00s Real=0.00s
[2987.423s][info ][safepoint    ] Leaving safepoint region
[2987.423s][info ][safepoint    ] Total time for which application threads were stopped: 0.0026301 seconds, Stopping threads took: 0.0000164 seconds
[2988.423s][info ][safepoint    ] Application time: 1.0001133 seconds
[2988.423s][info ][safepoint    ] Entering safepoint region: Cleanup
[2988.423s][info ][safepoint    ] Leaving safepoint region
[2988.423s][info ][safepoint    ] Total time for which application threads were stopped: 0.0001416 seconds, Stopping threads took: 0.0000746 seconds
[2989.423s][info ][safepoint    ] Application time: 1.0001603 seconds
[2989.424s][info ][safepoint    ] Entering safepoint region: Cleanup
[2989.424s][info ][safepoint    ] Leaving safepoint region
[2989.424s][info ][safepoint    ] Total time for which application threads were stopped: 0.0001373 seconds, Stopping threads took: 0.0000731 seconds
[2990.424s][info ][safepoint    ] Application time: 1.0000946 seconds
[2990.424s][info ][safepoint    ] Entering safepoint region: Cleanup
[2990.424s][info ][safepoint    ] Leaving safepoint region
[2990.424s][info ][safepoint    ] Total time for which application threads were stopped: 0.0001424 seconds, Stopping threads took: 0.0000743 seconds
[2991.224s][info ][safepoint    ] Application time: 0.7995656 seconds
[2991.224s][info ][safepoint    ] Entering safepoint region: GenCollectForAllocation
[2991.224s][info ][gc,start     ] GC(937) Pause Young (Allocation Failure)
[2991.224s][info ][gc,task      ] GC(937) Using 4 workers of 4 for evacuation
[2991.229s][debug][gc,ref       ] GC(937) Skipped phase1 of Reference Processing due to unavailable references
[2991.229s][debug][gc,ref       ] GC(937) Skipped phase2 of Reference Processing due to unavailable references
[2991.229s][debug][gc,ref       ] GC(937) Skipped phase3 of Reference Processing due to unavailable references
[2991.229s][debug][gc,ref       ] GC(937) Skipped phase4 of Reference Processing due to unavailable references
[2991.229s][debug][gc,age       ] GC(937) Desired survivor size 15368192 bytes, new threshold 6 (max threshold 6)
[2991.229s][info ][gc,heap      ] GC(937) ParNew: 241401K->952K(270336K)
[2991.229s][info ][gc,heap      ] GC(937) CMS: 370270K->370433K(600768K)
[2991.229s][info ][gc,metaspace ] GC(937) Metaspace: 57746K->57746K(1101824K)
[2991.229s][info ][gc           ] GC(937) Pause Young (Allocation Failure) 597M->362M(850M) 5.753ms
[2991.229s][info ][gc,cpu       ] GC(937) User=0.01s Sys=0.00s Real=0.01s
[2991.229s][info ][safepoint    ] Leaving safepoint region
[2991.229s][info ][safepoint    ] Total time for which application threads were stopped: 0.0059133 seconds, Stopping threads took: 0.0000161 seconds
[2992.230s][info ][safepoint    ] Application time: 1.0001099 seconds
[2992.230s][info ][safepoint    ] Entering safepoint region: Cleanup
[2992.230s][info ][safepoint    ] Leaving safepoint region
[2992.230s][info ][safepoint    ] Total time for which application threads were stopped: 0.0000736 seconds, Stopping threads took: 0.0000190 seconds
[2993.230s][info ][safepoint    ] Application time: 1.0001118 seconds
[2993.230s][info ][safepoint    ] Entering safepoint region: Cleanup
[2993.230s][info ][safepoint    ] Leaving safepoint region
[2993.230s][info ][safepoint    ] Total time for which application threads were stopped: 0.0000944 seconds, Stopping threads took: 0.0000149 seconds
[2994.230s][info ][safepoint    ] Application time: 1.0000608 seconds
[2994.230s][info ][safepoint    ] Entering safepoint region: Cleanup
[2994.230s][info ][safepoint    ] Leaving safepoint region
[2994.230s][info ][safepoint    ] Total time for which application threads were stopped: 0.0000720 seconds, Stopping threads took: 0.0000161 seconds
[2994.922s][info ][safepoint    ] Application time: 0.6915083 seconds
[2994.922s][info ][safepoint    ] Entering safepoint region: GenCollectForAllocation
[2994.922s][info ][gc,start     ] GC(938) Pause Young (Allocation Failure)
[2994.922s][info ][gc,task      ] GC(938) Using 4 workers of 4 for evacuation
[2994.924s][debug][gc,ref       ] GC(938) Skipped phase1 of Reference Processing due to unavailable references
[2994.924s][debug][gc,ref       ] GC(938) Skipped phase2 of Reference Processing due to unavailable references
[2994.924s][debug][gc,ref       ] GC(938) Skipped phase3 of Reference Processing due to unavailable references
[2994.924s][debug][gc,ref       ] GC(938) Skipped phase4 of Reference Processing due to unavailable references
[2994.924s][debug][gc,age       ] GC(938) Desired survivor size 15368192 bytes, new threshold 6 (max threshold 6)
[2994.924s][info ][gc,heap      ] GC(938) ParNew: 241272K->1180K(270336K)
[2994.924s][info ][gc,heap      ] GC(938) CMS: 370433K->370573K(600768K)
[2994.924s][info ][gc,metaspace ] GC(938) Metaspace: 57746K->57746K(1101824K)
[2994.924s][info ][gc           ] GC(938) Pause Young (Allocation Failure) 597M->363M(850M) 2.597ms
[2994.924s][info ][gc,cpu       ] GC(938) User=0.00s Sys=0.00s Real=0.00s
[2994.924s][info ][safepoint    ] Leaving safepoint region
[2994.924s][info ][safepoint    ] Total time for which application threads were stopped: 0.0027489 seconds, Stopping threads took: 0.0000165 seconds
[2995.925s][info ][safepoint    ] Application time: 1.0000980 seconds
[2995.925s][info ][safepoint    ] Entering safepoint region: Cleanup
[2995.925s][info ][safepoint    ] Leaving safepoint region
[2995.925s][info ][safepoint    ] Total time for which application threads were stopped: 0.0000830 seconds, Stopping threads took: 0.0000156 seconds
[2996.925s][info ][safepoint    ] Application time: 1.0000955 seconds
[2996.925s][info ][safepoint    ] Entering safepoint region: Cleanup
[2996.925s][info ][safepoint    ] Leaving safepoint region
[2996.925s][info ][safepoint    ] Total time for which application threads were stopped: 0.0000666 seconds, Stopping threads took: 0.0000139 seconds
[2997.925s][info ][safepoint    ] Application time: 1.0000766 seconds
[2997.925s][info ][safepoint    ] Entering safepoint region: Cleanup
[2997.925s][info ][safepoint    ] Leaving safepoint region
[2997.925s][info ][safepoint    ] Total time for which application threads were stopped: 0.0000817 seconds, Stopping threads took: 0.0000157 seconds
[2998.718s][info ][safepoint    ] Application time: 0.7932644 seconds
[2998.718s][info ][safepoint    ] Entering safepoint region: GenCollectForAllocation
[2998.718s][info ][gc,start     ] GC(939) Pause Young (Allocation Failure)
[2998.718s][info ][gc,task      ] GC(939) Using 4 workers of 4 for evacuation
[2998.721s][debug][gc,ref       ] GC(939) Skipped phase1 of Reference Processing due to unavailable references
[2998.721s][debug][gc,ref       ] GC(939) Skipped phase2 of Reference Processing due to unavailable references
[2998.721s][debug][gc,ref       ] GC(939) Skipped phase3 of Reference Processing due to unavailable references
[2998.721s][debug][gc,ref       ] GC(939) Skipped phase4 of Reference Processing due to unavailable references
[2998.721s][debug][gc,age       ] GC(939) Desired survivor size 15368192 bytes, new threshold 6 (max threshold 6)
[2998.721s][info ][gc,heap      ] GC(939) ParNew: 241500K->934K(270336K)
[2998.721s][info ][gc,heap      ] GC(939) CMS: 370573K->370678K(600768K)
[2998.721s][info ][gc,metaspace ] GC(939) Metaspace: 57746K->57746K(1101824K)
[2998.721s][info ][gc           ] GC(939) Pause Young (Allocation Failure) 597M->362M(850M) 2.785ms
[2998.721s][info ][gc,cpu       ] GC(939) User=0.01s Sys=0.00s Real=0.00s
[2998.721s][info ][safepoint    ] Leaving safepoint region
[2998.721s][info ][safepoint    ] Total time for which application threads were stopped: 0.0029329 seconds, Stopping threads took: 0.0000158 seconds
[2999.721s][info ][safepoint    ] Application time: 1.0000934 seconds
[2999.721s][info ][safepoint    ] Entering safepoint region: Cleanup
[2999.722s][info ][safepoint    ] Leaving safepoint region
[2999.722s][info ][safepoint    ] Total time for which application threads were stopped: 0.0001730 seconds, Stopping threads took: 0.0000787 seconds
[3000.722s][info ][safepoint    ] Application time: 1.0001006 seconds
[3000.722s][info ][safepoint    ] Entering safepoint region: Cleanup
[3000.722s][info ][safepoint    ] Leaving safepoint region
[3000.722s][info ][safepoint    ] Total time for which application threads were stopped: 0.0001364 seconds, Stopping threads took: 0.0000806 seconds
[3001.722s][info ][safepoint    ] Application time: 1.0000955 seconds
[3001.722s][info ][safepoint    ] Entering safepoint region: Cleanup
[3001.722s][info ][safepoint    ] Leaving safepoint region
[3001.722s][info ][safepoint    ] Total time for which application threads were stopped: 0.0001246 seconds, Stopping threads took: 0.0000609 seconds
[3002.515s][info ][safepoint    ] Application time: 0.7931465 seconds
[3002.515s][info ][safepoint    ] Entering safepoint region: GenCollectForAllocation
[3002.515s][info ][gc,start     ] GC(940) Pause Young (Allocation Failure)
[3002.515s][info ][gc,task      ] GC(940) Using 4 workers of 4 for evacuation
[3002.517s][debug][gc,ref       ] GC(940) Skipped phase1 of Reference Processing due to unavailable references
[3002.517s][debug][gc,ref       ] GC(940) Skipped phase2 of Reference Processing due to unavailable references
[3002.517s][debug][gc,ref       ] GC(940) Skipped phase3 of Reference Processing due to unavailable references
[3002.517s][debug][gc,ref       ] GC(940) Skipped phase4 of Reference Processing due to unavailable references
[3002.518s][debug][gc,age       ] GC(940) Desired survivor size 15368192 bytes, new threshold 6 (max threshold 6)
[3002.518s][info ][gc,heap      ] GC(940) ParNew: 241254K->938K(270336K)
[3002.518s][info ][gc,heap      ] GC(940) CMS: 370678K->370741K(600768K)
[3002.518s][info ][gc,metaspace ] GC(940) Metaspace: 57746K->57746K(1101824K)
[3002.518s][info ][gc           ] GC(940) Pause Young (Allocation Failure) 597M->362M(850M) 2.203ms
[3002.518s][info ][gc,cpu       ] GC(940) User=0.00s Sys=0.00s Real=0.00s
[3002.518s][info ][safepoint    ] Leaving safepoint region
[3002.518s][info ][safepoint    ] Total time for which application threads were stopped: 0.0024127 seconds, Stopping threads took: 0.0000826 seconds
[3003.518s][info ][safepoint    ] Application time: 1.0001139 seconds
[3003.518s][info ][safepoint    ] Entering safepoint region: Cleanup
[3003.518s][info ][safepoint    ] Leaving safepoint region
[3003.518s][info ][safepoint    ] Total time for which application threads were stopped: 0.0001354 seconds, Stopping threads took: 0.0000659 seconds
[3004.518s][info ][safepoint    ] Application time: 1.0001037 seconds
[3004.518s][info ][safepoint    ] Entering safepoint region: Cleanup
[3004.518s][info ][safepoint    ] Leaving safepoint region
[3004.518s][info ][safepoint    ] Total time for which application threads were stopped: 0.0001613 seconds, Stopping threads took: 0.0000806 seconds
[3005.518s][info ][safepoint    ] Application time: 1.0000831 seconds
[3005.518s][info ][safepoint    ] Entering safepoint region: Cleanup
[3005.519s][info ][safepoint    ] Leaving safepoint region
[3005.519s][info ][safepoint    ] Total time for which application threads were stopped: 0.0001463 seconds, Stopping threads took: 0.0000723 seconds
[3006.271s][info ][safepoint    ] Application time: 0.7523751 seconds
[3006.271s][info ][safepoint    ] Entering safepoint region: GenCollectForAllocation
[3006.271s][info ][gc,start     ] GC(941) Pause Young (Allocation Failure)
[3006.271s][info ][gc,task      ] GC(941) Using 4 workers of 4 for evacuation
[3006.274s][debug][gc,ref       ] GC(941) Skipped phase1 of Reference Processing due to unavailable references
[3006.274s][debug][gc,ref       ] GC(941) Skipped phase2 of Reference Processing due to unavailable references
[3006.274s][debug][gc,ref       ] GC(941) Skipped phase3 of Reference Processing due to unavailable references
[3006.274s][debug][gc,ref       ] GC(941) Skipped phase4 of Reference Processing due to unavailable references
[3006.274s][debug][gc,age       ] GC(941) Desired survivor size 15368192 bytes, new threshold 6 (max threshold 6)
[3006.274s][info ][gc,heap      ] GC(941) ParNew: 241258K->1006K(270336K)
[3006.274s][info ][gc,heap      ] GC(941) CMS: 370741K->370838K(600768K)
[3006.274s][info ][gc,metaspace ] GC(941) Metaspace: 57746K->57746K(1101824K)
[3006.274s][info ][gc           ] GC(941) Pause Young (Allocation Failure) 597M->363M(850M) 2.620ms
[3006.274s][info ][gc,cpu       ] GC(941) User=0.01s Sys=0.00s Real=0.00s
[3006.274s][info ][safepoint    ] Leaving safepoint region
[3006.274s][info ][safepoint    ] Total time for which application threads were stopped: 0.0027832 seconds, Stopping threads took: 0.0000157 seconds
[3007.274s][info ][safepoint    ] Application time: 1.0001087 seconds
[3007.274s][info ][safepoint    ] Entering safepoint region: Cleanup
[3007.274s][info ][safepoint    ] Leaving safepoint region
[3007.274s][info ][safepoint    ] Total time for which application threads were stopped: 0.0001231 seconds, Stopping threads took: 0.0000672 seconds
[3008.274s][info ][safepoint    ] Application time: 1.0001068 seconds
[3008.274s][info ][safepoint    ] Entering safepoint region: Cleanup
[3008.274s][info ][safepoint    ] Leaving safepoint region
